pX pY pZ 
1.180497e-13 0.000000e+00 0.000000e+00
2.049496e-13 0.000000e+00 0.000000e+00
-2.777658e-13 0.000000e+00 0.000000e+00
7.989210e-14 0.000000e+00 0.000000e+00
-2.594503e-13 0.000000e+00 0.000000e+00
1.434179e-13 0.000000e+00 0.000000e+00
-1.829213e-13 0.000000e+00 0.000000e+00
-7.818398e-14 0.000000e+00 0.000000e+00
1.080378e-13 0.000000e+00 0.000000e+00
5.883471e-14 0.000000e+00 0.000000e+00
-6.713885e-14 0.000000e+00 0.000000e+00
-7.740237e-14 0.000000e+00 0.000000e+00
3.884219e-14 0.000000e+00 0.000000e+00
3.077392e-13 0.000000e+00 0.000000e+00
-1.849160e-13 0.000000e+00 0.000000e+00
-1.610146e-13 0.000000e+00 0.000000e+00
2.004248e-13 0.000000e+00 0.000000e+00
-1.398211e-13 0.000000e+00 0.000000e+00
9.711378e-14 0.000000e+00 0.000000e+00
-1.384162e-13 0.000000e+00 0.000000e+00
-1.795378e-13 0.000000e+00 0.000000e+00
-4.887914e-13 0.000000e+00 0.000000e+00
-1.775899e-13 0.000000e+00 0.000000e+00
-3.055036e-13 0.000000e+00 0.000000e+00
-1.963780e-13 0.000000e+00 0.000000e+00
-1.604162e-13 0.000000e+00 0.000000e+00
5.197074e-13 0.000000e+00 0.000000e+00
-5.215624e-15 0.000000e+00 0.000000e+00
1.471629e-13 0.000000e+00 0.000000e+00
-8.141734e-14 0.000000e+00 0.000000e+00
1.915950e-13 0.000000e+00 0.000000e+00
-2.629913e-13 0.000000e+00 0.000000e+00
-1.583855e-13 0.000000e+00 0.000000e+00
-3.128624e-15 0.000000e+00 0.000000e+00
9.529975e-14 0.000000e+00 0.000000e+00
7.441480e-14 0.000000e+00 0.000000e+00
7.392696e-14 0.000000e+00 0.000000e+00
7.366422e-14 0.000000e+00 0.000000e+00
1.237006e-14 0.000000e+00 0.000000e+00
1.978493e-14 0.000000e+00 0.000000e+00
-1.954713e-13 0.000000e+00 0.000000e+00
-1.016574e-13 0.000000e+00 0.000000e+00
-1.950078e-13 0.000000e+00 0.000000e+00
1.083480e-13 0.000000e+00 0.000000e+00
9.853255e-14 0.000000e+00 0.000000e+00
-3.031803e-14 0.000000e+00 0.000000e+00
-1.122829e-13 0.000000e+00 0.000000e+00
2.634744e-14 0.000000e+00 0.000000e+00
-1.071558e-13 0.000000e+00 0.000000e+00
1.303753e-13 0.000000e+00 0.000000e+00
1.419930e-13 0.000000e+00 0.000000e+00
2.032063e-13 0.000000e+00 0.000000e+00
-4.528874e-13 0.000000e+00 0.000000e+00
3.408772e-15 0.000000e+00 0.000000e+00
-4.828096e-14 0.000000e+00 0.000000e+00
1.875474e-13 0.000000e+00 0.000000e+00
8.181263e-14 0.000000e+00 0.000000e+00
-2.028483e-14 0.000000e+00 0.000000e+00
-1.432805e-13 0.000000e+00 0.000000e+00
-7.801941e-14 0.000000e+00 0.000000e+00
-2.457951e-13 0.000000e+00 0.000000e+00
-1.043147e-14 0.000000e+00 0.000000e+00
1.979182e-13 0.000000e+00 0.000000e+00
1.903333e-14 0.000000e+00 0.000000e+00
1.813177e-13 0.000000e+00 0.000000e+00
-2.864943e-13 0.000000e+00 0.000000e+00
-1.115533e-13 0.000000e+00 0.000000e+00
3.589817e-13 0.000000e+00 0.000000e+00
6.172754e-14 0.000000e+00 0.000000e+00
-1.376780e-13 0.000000e+00 0.000000e+00
-5.006143e-14 0.000000e+00 0.000000e+00
2.386158e-14 0.000000e+00 0.000000e+00
3.309335e-14 0.000000e+00 0.000000e+00
1.512533e-13 0.000000e+00 0.000000e+00
2.050956e-14 0.000000e+00 0.000000e+00
-1.924291e-13 0.000000e+00 0.000000e+00
-9.249526e-14 0.000000e+00 0.000000e+00
-1.749688e-14 0.000000e+00 0.000000e+00
1.027827e-13 0.000000e+00 0.000000e+00
1.511510e-13 0.000000e+00 0.000000e+00
-1.316486e-14 0.000000e+00 0.000000e+00
1.218256e-13 0.000000e+00 0.000000e+00
-1.915077e-13 0.000000e+00 0.000000e+00
-9.135436e-14 0.000000e+00 0.000000e+00
-4.033457e-15 0.000000e+00 0.000000e+00
3.465635e-14 0.000000e+00 0.000000e+00
8.516695e-14 0.000000e+00 0.000000e+00
2.204366e-13 0.000000e+00 0.000000e+00
-2.821266e-13 0.000000e+00 0.000000e+00
3.757349e-14 0.000000e+00 0.000000e+00
-5.496696e-14 0.000000e+00 0.000000e+00
-1.321835e-13 0.000000e+00 0.000000e+00
-1.288647e-13 0.000000e+00 0.000000e+00
4.428296e-14 0.000000e+00 0.000000e+00
1.052681e-13 0.000000e+00 0.000000e+00
2.874803e-14 0.000000e+00 0.000000e+00
-7.888558e-15 0.000000e+00 0.000000e+00
-5.375606e-14 0.000000e+00 0.000000e+00
-2.693624e-13 0.000000e+00 0.000000e+00
-1.964908e-14 0.000000e+00 0.000000e+00
1.598985e-13 0.000000e+00 0.000000e+00
-3.890774e-14 0.000000e+00 0.000000e+00
1.465447e-13 0.000000e+00 0.000000e+00
-2.695383e-13 0.000000e+00 0.000000e+00
3.563776e-13 0.000000e+00 0.000000e+00
2.056379e-13 0.000000e+00 0.000000e+00
1.439397e-14 0.000000e+00 0.000000e+00
2.092914e-13 0.000000e+00 0.000000e+00
-1.524821e-13 0.000000e+00 0.000000e+00
-2.587165e-13 0.000000e+00 0.000000e+00
5.948778e-14 0.000000e+00 0.000000e+00
1.825814e-13 0.000000e+00 0.000000e+00
-2.543641e-13 0.000000e+00 0.000000e+00
-2.390407e-13 0.000000e+00 0.000000e+00
8.006326e-15 0.000000e+00 0.000000e+00
-8.772334e-14 0.000000e+00 0.000000e+00
-1.056232e-13 0.000000e+00 0.000000e+00
-1.451699e-13 0.000000e+00 0.000000e+00
1.648720e-14 0.000000e+00 0.000000e+00
1.806843e-13 0.000000e+00 0.000000e+00
1.193009e-13 0.000000e+00 0.000000e+00
1.345047e-13 0.000000e+00 0.000000e+00
8.916668e-14 0.000000e+00 0.000000e+00
-1.704724e-14 0.000000e+00 0.000000e+00
-2.148569e-13 0.000000e+00 0.000000e+00
2.854267e-14 0.000000e+00 0.000000e+00
3.369366e-13 0.000000e+00 0.000000e+00
-1.061548e-13 0.000000e+00 0.000000e+00
-2.558912e-13 0.000000e+00 0.000000e+00
2.559391e-13 0.000000e+00 0.000000e+00
-2.667084e-13 0.000000e+00 0.000000e+00
7.570706e-14 0.000000e+00 0.000000e+00
-2.421406e-14 0.000000e+00 0.000000e+00
-7.040917e-14 0.000000e+00 0.000000e+00
1.651436e-13 0.000000e+00 0.000000e+00
-6.226439e-14 0.000000e+00 0.000000e+00
3.179486e-13 0.000000e+00 0.000000e+00
-1.719549e-13 0.000000e+00 0.000000e+00
2.457142e-13 0.000000e+00 0.000000e+00
3.330024e-14 0.000000e+00 0.000000e+00
1.217232e-13 0.000000e+00 0.000000e+00
-1.903325e-13 0.000000e+00 0.000000e+00
-4.514830e-14 0.000000e+00 0.000000e+00
-3.129946e-14 0.000000e+00 0.000000e+00
-4.183314e-13 0.000000e+00 0.000000e+00
3.169408e-13 0.000000e+00 0.000000e+00
-1.038639e-13 0.000000e+00 0.000000e+00
1.934114e-13 0.000000e+00 0.000000e+00
5.862437e-14 0.000000e+00 0.000000e+00
1.236040e-13 0.000000e+00 0.000000e+00
1.438720e-13 0.000000e+00 0.000000e+00
-1.610875e-13 0.000000e+00 0.000000e+00
-1.176457e-13 0.000000e+00 0.000000e+00
4.930587e-14 0.000000e+00 0.000000e+00
-1.834233e-13 0.000000e+00 0.000000e+00
-1.426171e-14 0.000000e+00 0.000000e+00
1.118329e-13 0.000000e+00 0.000000e+00
4.236813e-14 0.000000e+00 0.000000e+00
7.763047e-14 0.000000e+00 0.000000e+00
-2.443796e-13 0.000000e+00 0.000000e+00
-2.025979e-13 0.000000e+00 0.000000e+00
-4.921176e-14 0.000000e+00 0.000000e+00
-2.599334e-13 0.000000e+00 0.000000e+00
5.813852e-15 0.000000e+00 0.000000e+00
-8.819153e-14 0.000000e+00 0.000000e+00
-9.544990e-14 0.000000e+00 0.000000e+00
-2.329500e-14 0.000000e+00 0.000000e+00
-4.954170e-14 0.000000e+00 0.000000e+00
-2.079348e-13 0.000000e+00 0.000000e+00
3.103412e-13 0.000000e+00 0.000000e+00
3.233776e-13 0.000000e+00 0.000000e+00
1.766978e-13 0.000000e+00 0.000000e+00
3.314046e-13 0.000000e+00 0.000000e+00
9.852765e-14 0.000000e+00 0.000000e+00
4.263169e-14 0.000000e+00 0.000000e+00
-1.441614e-13 0.000000e+00 0.000000e+00
-1.741317e-13 0.000000e+00 0.000000e+00
-9.915249e-14 0.000000e+00 0.000000e+00
5.915757e-14 0.000000e+00 0.000000e+00
3.315991e-13 0.000000e+00 0.000000e+00
1.370475e-13 0.000000e+00 0.000000e+00
2.649840e-13 0.000000e+00 0.000000e+00
1.728074e-14 0.000000e+00 0.000000e+00
1.361153e-13 0.000000e+00 0.000000e+00
-2.317908e-14 0.000000e+00 0.000000e+00
2.119297e-13 0.000000e+00 0.000000e+00
-9.481979e-14 0.000000e+00 0.000000e+00
-2.363027e-13 0.000000e+00 0.000000e+00
3.742001e-13 0.000000e+00 0.000000e+00
2.647725e-13 0.000000e+00 0.000000e+00
9.961086e-16 0.000000e+00 0.000000e+00
-1.499984e-13 0.000000e+00 0.000000e+00
9.798944e-14 0.000000e+00 0.000000e+00
-2.358788e-13 0.000000e+00 0.000000e+00
-4.652041e-14 0.000000e+00 0.000000e+00
-1.796375e-13 0.000000e+00 0.000000e+00
1.830509e-13 0.000000e+00 0.000000e+00
1.580179e-13 0.000000e+00 0.000000e+00
3.648826e-13 0.000000e+00 0.000000e+00
-4.815757e-15 0.000000e+00 0.000000e+00
6.943968e-14 0.000000e+00 0.000000e+00
2.781941e-13 0.000000e+00 0.000000e+00
8.681867e-14 0.000000e+00 0.000000e+00
2.659092e-13 0.000000e+00 0.000000e+00
2.981103e-14 0.000000e+00 0.000000e+00
2.440070e-13 0.000000e+00 0.000000e+00
-2.960142e-13 0.000000e+00 0.000000e+00
-1.425763e-13 0.000000e+00 0.000000e+00
-1.772407e-14 0.000000e+00 0.000000e+00
-1.600105e-13 0.000000e+00 0.000000e+00
1.691584e-13 0.000000e+00 0.000000e+00
-1.238951e-13 0.000000e+00 0.000000e+00
1.572219e-13 0.000000e+00 0.000000e+00
6.066129e-16 0.000000e+00 0.000000e+00
-4.815368e-15 0.000000e+00 0.000000e+00
1.999068e-13 0.000000e+00 0.000000e+00
-3.940751e-14 0.000000e+00 0.000000e+00
2.089215e-14 0.000000e+00 0.000000e+00
2.755313e-13 0.000000e+00 0.000000e+00
-1.236049e-15 0.000000e+00 0.000000e+00
-6.408077e-14 0.000000e+00 0.000000e+00
-1.783333e-14 0.000000e+00 0.000000e+00
-3.195378e-13 0.000000e+00 0.000000e+00
-2.777166e-14 0.000000e+00 0.000000e+00
-3.633408e-13 0.000000e+00 0.000000e+00
1.098898e-13 0.000000e+00 0.000000e+00
4.109800e-14 0.000000e+00 0.000000e+00
-3.553067e-13 0.000000e+00 0.000000e+00
-2.325928e-14 0.000000e+00 0.000000e+00
1.718641e-13 0.000000e+00 0.000000e+00
-2.991091e-14 0.000000e+00 0.000000e+00
6.008338e-14 0.000000e+00 0.000000e+00
2.705034e-13 0.000000e+00 0.000000e+00
-2.927960e-13 0.000000e+00 0.000000e+00
-1.397766e-13 0.000000e+00 0.000000e+00
2.013808e-14 0.000000e+00 0.000000e+00
2.312867e-13 0.000000e+00 0.000000e+00
-2.207651e-13 0.000000e+00 0.000000e+00
5.497545e-14 0.000000e+00 0.000000e+00
1.646891e-13 0.000000e+00 0.000000e+00
1.357074e-13 0.000000e+00 0.000000e+00
-6.325674e-15 0.000000e+00 0.000000e+00
1.915475e-13 0.000000e+00 0.000000e+00
3.328813e-14 0.000000e+00 0.000000e+00
-1.452535e-13 0.000000e+00 0.000000e+00
8.032495e-14 0.000000e+00 0.000000e+00
6.280252e-14 0.000000e+00 0.000000e+00
-5.369554e-14 0.000000e+00 0.000000e+00
-1.334117e-13 0.000000e+00 0.000000e+00
-1.458483e-13 0.000000e+00 0.000000e+00
6.069910e-14 0.000000e+00 0.000000e+00
1.559987e-13 0.000000e+00 0.000000e+00
-2.138398e-13 0.000000e+00 0.000000e+00
9.242224e-14 0.000000e+00 0.000000e+00
-2.664947e-13 0.000000e+00 0.000000e+00
3.663314e-13 0.000000e+00 0.000000e+00
-3.746382e-14 0.000000e+00 0.000000e+00
1.696699e-13 0.000000e+00 0.000000e+00
-1.191652e-14 0.000000e+00 0.000000e+00
-7.105932e-14 0.000000e+00 0.000000e+00
-8.500192e-14 0.000000e+00 0.000000e+00
2.824703e-13 0.000000e+00 0.000000e+00
7.091265e-14 0.000000e+00 0.000000e+00
-2.260522e-13 0.000000e+00 0.000000e+00
-2.337582e-13 0.000000e+00 0.000000e+00
1.834539e-13 0.000000e+00 0.000000e+00
-2.294230e-13 0.000000e+00 0.000000e+00
-2.756207e-14 0.000000e+00 0.000000e+00
1.530788e-14 0.000000e+00 0.000000e+00
-1.006828e-13 0.000000e+00 0.000000e+00
3.637721e-13 0.000000e+00 0.000000e+00
3.660218e-13 0.000000e+00 0.000000e+00
8.692393e-14 0.000000e+00 0.000000e+00
7.705742e-14 0.000000e+00 0.000000e+00
-1.187247e-13 0.000000e+00 0.000000e+00
2.972224e-14 0.000000e+00 0.000000e+00
-1.168726e-13 0.000000e+00 0.000000e+00
7.947085e-14 0.000000e+00 0.000000e+00
-1.886033e-13 0.000000e+00 0.000000e+00
8.890934e-14 0.000000e+00 0.000000e+00
9.267343e-14 0.000000e+00 0.000000e+00
1.621543e-13 0.000000e+00 0.000000e+00
-2.865253e-13 0.000000e+00 0.000000e+00
2.729967e-13 0.000000e+00 0.000000e+00
3.088317e-14 0.000000e+00 0.000000e+00
2.229709e-13 0.000000e+00 0.000000e+00
-2.033969e-13 0.000000e+00 0.000000e+00
-3.654823e-14 0.000000e+00 0.000000e+00
-2.991350e-14 0.000000e+00 0.000000e+00
-1.137413e-14 0.000000e+00 0.000000e+00
-1.762894e-13 0.000000e+00 0.000000e+00
-1.195294e-13 0.000000e+00 0.000000e+00
-7.251594e-15 0.000000e+00 0.000000e+00
-9.385171e-14 0.000000e+00 0.000000e+00
-2.286246e-13 0.000000e+00 0.000000e+00
-1.667805e-13 0.000000e+00 0.000000e+00
2.650207e-13 0.000000e+00 0.000000e+00
4.386482e-14 0.000000e+00 0.000000e+00
6.760436e-14 0.000000e+00 0.000000e+00
-3.736890e-13 0.000000e+00 0.000000e+00
-6.930986e-15 0.000000e+00 0.000000e+00
5.107731e-14 0.000000e+00 0.000000e+00
2.494902e-15 0.000000e+00 0.000000e+00
5.686804e-14 0.000000e+00 0.000000e+00
1.338963e-13 0.000000e+00 0.000000e+00
-1.096386e-13 0.000000e+00 0.000000e+00
5.987393e-15 0.000000e+00 0.000000e+00
7.203885e-14 0.000000e+00 0.000000e+00
1.796167e-13 0.000000e+00 0.000000e+00
-1.847510e-13 0.000000e+00 0.000000e+00
1.055882e-13 0.000000e+00 0.000000e+00
4.975017e-14 0.000000e+00 0.000000e+00
2.837972e-14 0.000000e+00 0.000000e+00
-1.918370e-13 0.000000e+00 0.000000e+00
-3.101595e-13 0.000000e+00 0.000000e+00
-8.451480e-14 0.000000e+00 0.000000e+00
-1.351718e-13 0.000000e+00 0.000000e+00
1.205001e-13 0.000000e+00 0.000000e+00
1.405003e-13 0.000000e+00 0.000000e+00
-1.413724e-13 0.000000e+00 0.000000e+00
-1.715587e-13 0.000000e+00 0.000000e+00
-5.200589e-14 0.000000e+00 0.000000e+00
1.213817e-13 0.000000e+00 0.000000e+00
7.170964e-14 0.000000e+00 0.000000e+00
8.103110e-14 0.000000e+00 0.000000e+00
-1.395222e-13 0.000000e+00 0.000000e+00
-5.746191e-14 0.000000e+00 0.000000e+00
-3.183876e-14 0.000000e+00 0.000000e+00
-7.518538e-14 0.000000e+00 0.000000e+00
1.057968e-13 0.000000e+00 0.000000e+00
-8.619246e-14 0.000000e+00 0.000000e+00
9.312849e-14 0.000000e+00 0.000000e+00
1.112575e-13 0.000000e+00 0.000000e+00
1.801350e-13 0.000000e+00 0.000000e+00
-3.568803e-13 0.000000e+00 0.000000e+00
1.154702e-13 0.000000e+00 0.000000e+00
7.379652e-14 0.000000e+00 0.000000e+00
-1.702034e-14 0.000000e+00 0.000000e+00
-2.555318e-14 0.000000e+00 0.000000e+00
1.187827e-13 0.000000e+00 0.000000e+00
1.849017e-13 0.000000e+00 0.000000e+00
9.159877e-14 0.000000e+00 0.000000e+00
4.719886e-14 0.000000e+00 0.000000e+00
-1.959868e-13 0.000000e+00 0.000000e+00
1.055230e-13 0.000000e+00 0.000000e+00
-1.521489e-13 0.000000e+00 0.000000e+00
-1.326773e-13 0.000000e+00 0.000000e+00
-9.914829e-14 0.000000e+00 0.000000e+00
3.275916e-13 0.000000e+00 0.000000e+00
-1.285332e-13 0.000000e+00 0.000000e+00
-7.719397e-14 0.000000e+00 0.000000e+00
3.414318e-14 0.000000e+00 0.000000e+00
-2.053903e-13 0.000000e+00 0.000000e+00
-1.530588e-13 0.000000e+00 0.000000e+00
-1.929952e-16 0.000000e+00 0.000000e+00
3.185578e-13 0.000000e+00 0.000000e+00
2.495743e-13 0.000000e+00 0.000000e+00
-1.835601e-13 0.000000e+00 0.000000e+00
7.655933e-16 0.000000e+00 0.000000e+00
1.968358e-13 0.000000e+00 0.000000e+00
-1.081783e-13 0.000000e+00 0.000000e+00
-7.230470e-14 0.000000e+00 0.000000e+00
-2.422520e-13 0.000000e+00 0.000000e+00
2.081752e-13 0.000000e+00 0.000000e+00
1.183211e-13 0.000000e+00 0.000000e+00
1.119468e-13 0.000000e+00 0.000000e+00
3.374002e-13 0.000000e+00 0.000000e+00
2.765678e-13 0.000000e+00 0.000000e+00
7.069674e-14 0.000000e+00 0.000000e+00
2.232752e-13 0.000000e+00 0.000000e+00
-2.675345e-13 0.000000e+00 0.000000e+00
3.243184e-13 0.000000e+00 0.000000e+00
1.770832e-13 0.000000e+00 0.000000e+00
-1.849043e-13 0.000000e+00 0.000000e+00
4.517535e-13 0.000000e+00 0.000000e+00
-8.029491e-14 0.000000e+00 0.000000e+00
1.702688e-13 0.000000e+00 0.000000e+00
-2.180206e-13 0.000000e+00 0.000000e+00
1.436741e-13 0.000000e+00 0.000000e+00
-1.438122e-13 0.000000e+00 0.000000e+00
2.039188e-13 0.000000e+00 0.000000e+00
-1.019197e-13 0.000000e+00 0.000000e+00
-1.961841e-14 0.000000e+00 0.000000e+00
-1.735848e-14 0.000000e+00 0.000000e+00
-1.441543e-13 0.000000e+00 0.000000e+00
-1.290298e-13 0.000000e+00 0.000000e+00
6.177746e-14 0.000000e+00 0.000000e+00
8.873341e-14 0.000000e+00 0.000000e+00
-1.018592e-13 0.000000e+00 0.000000e+00
3.252718e-13 0.000000e+00 0.000000e+00
3.319922e-15 0.000000e+00 0.000000e+00
1.764495e-14 0.000000e+00 0.000000e+00
-2.970265e-14 0.000000e+00 0.000000e+00
1.118654e-13 0.000000e+00 0.000000e+00
-1.058384e-13 0.000000e+00 0.000000e+00
-1.318147e-13 0.000000e+00 0.000000e+00
5.908085e-15 0.000000e+00 0.000000e+00
1.097655e-13 0.000000e+00 0.000000e+00
9.718450e-14 0.000000e+00 0.000000e+00
-1.986281e-13 0.000000e+00 0.000000e+00
-1.243760e-13 0.000000e+00 0.000000e+00
-2.239791e-13 0.000000e+00 0.000000e+00
-1.264277e-13 0.000000e+00 0.000000e+00
9.461854e-14 0.000000e+00 0.000000e+00
5.748968e-14 0.000000e+00 0.000000e+00
4.253649e-14 0.000000e+00 0.000000e+00
1.122541e-13 0.000000e+00 0.000000e+00
-1.242322e-13 0.000000e+00 0.000000e+00
-2.007081e-13 0.000000e+00 0.000000e+00
3.185564e-14 0.000000e+00 0.000000e+00
-4.502962e-13 0.000000e+00 0.000000e+00
-9.992141e-14 0.000000e+00 0.000000e+00
-1.023811e-13 0.000000e+00 0.000000e+00
7.082064e-15 0.000000e+00 0.000000e+00
-1.846195e-13 0.000000e+00 0.000000e+00
-8.390689e-14 0.000000e+00 0.000000e+00
1.267367e-13 0.000000e+00 0.000000e+00
1.476482e-13 0.000000e+00 0.000000e+00
-1.200594e-13 0.000000e+00 0.000000e+00
-4.163961e-14 0.000000e+00 0.000000e+00
7.925384e-14 0.000000e+00 0.000000e+00
-3.234154e-13 0.000000e+00 0.000000e+00
1.264855e-13 0.000000e+00 0.000000e+00
4.400376e-14 0.000000e+00 0.000000e+00
-7.693515e-14 0.000000e+00 0.000000e+00
-2.899682e-14 0.000000e+00 0.000000e+00
1.769610e-13 0.000000e+00 0.000000e+00
-6.665931e-14 0.000000e+00 0.000000e+00
-9.369982e-14 0.000000e+00 0.000000e+00
2.277646e-13 0.000000e+00 0.000000e+00
-1.063893e-13 0.000000e+00 0.000000e+00
-2.668955e-13 0.000000e+00 0.000000e+00
1.348188e-13 0.000000e+00 0.000000e+00
3.093888e-14 0.000000e+00 0.000000e+00
2.437163e-13 0.000000e+00 0.000000e+00
6.814493e-14 0.000000e+00 0.000000e+00
2.439414e-13 0.000000e+00 0.000000e+00
1.150186e-13 0.000000e+00 0.000000e+00
4.160521e-14 0.000000e+00 0.000000e+00
-2.527782e-14 0.000000e+00 0.000000e+00
1.429859e-13 0.000000e+00 0.000000e+00
7.346432e-14 0.000000e+00 0.000000e+00
2.175253e-13 0.000000e+00 0.000000e+00
2.834799e-13 0.000000e+00 0.000000e+00
-9.330601e-14 0.000000e+00 0.000000e+00
1.978507e-14 0.000000e+00 0.000000e+00
-2.469140e-13 0.000000e+00 0.000000e+00
-1.393539e-13 0.000000e+00 0.000000e+00
-6.810649e-14 0.000000e+00 0.000000e+00
-1.680493e-13 0.000000e+00 0.000000e+00
-1.570544e-13 0.000000e+00 0.000000e+00
-1.783746e-13 0.000000e+00 0.000000e+00
-7.258325e-14 0.000000e+00 0.000000e+00
-1.219240e-13 0.000000e+00 0.000000e+00
-3.093193e-13 0.000000e+00 0.000000e+00
-1.396243e-13 0.000000e+00 0.000000e+00
3.029225e-14 0.000000e+00 0.000000e+00
-1.890750e-13 0.000000e+00 0.000000e+00
-3.080760e-13 0.000000e+00 0.000000e+00
9.493847e-14 0.000000e+00 0.000000e+00
2.850764e-13 0.000000e+00 0.000000e+00
-1.090203e-13 0.000000e+00 0.000000e+00
9.188421e-14 0.000000e+00 0.000000e+00
1.149122e-13 0.000000e+00 0.000000e+00
2.430152e-13 0.000000e+00 0.000000e+00
-2.482526e-14 0.000000e+00 0.000000e+00
-2.035668e-13 0.000000e+00 0.000000e+00
4.277228e-13 0.000000e+00 0.000000e+00
-7.473433e-14 0.000000e+00 0.000000e+00
-1.994966e-13 0.000000e+00 0.000000e+00
-1.551568e-14 0.000000e+00 0.000000e+00
1.108179e-13 0.000000e+00 0.000000e+00
1.952577e-14 0.000000e+00 0.000000e+00
-6.924835e-14 0.000000e+00 0.000000e+00
-1.568420e-13 0.000000e+00 0.000000e+00
1.945915e-13 0.000000e+00 0.000000e+00
-3.728361e-14 0.000000e+00 0.000000e+00
-1.409467e-13 0.000000e+00 0.000000e+00
8.098041e-14 0.000000e+00 0.000000e+00
-1.106675e-13 0.000000e+00 0.000000e+00
-8.069475e-14 0.000000e+00 0.000000e+00
-2.149796e-13 0.000000e+00 0.000000e+00
4.634751e-13 0.000000e+00 0.000000e+00
-7.829453e-14 0.000000e+00 0.000000e+00
1.360081e-13 0.000000e+00 0.000000e+00
-1.273073e-14 0.000000e+00 0.000000e+00
-9.303023e-14 0.000000e+00 0.000000e+00
1.928115e-13 0.000000e+00 0.000000e+00
-5.986741e-14 0.000000e+00 0.000000e+00
-2.586386e-13 0.000000e+00 0.000000e+00
9.560011e-15 0.000000e+00 0.000000e+00
-2.065707e-13 0.000000e+00 0.000000e+00
2.070681e-13 0.000000e+00 0.000000e+00
3.004625e-13 0.000000e+00 0.000000e+00
-4.846712e-14 0.000000e+00 0.000000e+00
-9.503280e-14 0.000000e+00 0.000000e+00
1.762424e-13 0.000000e+00 0.000000e+00
2.830033e-13 0.000000e+00 0.000000e+00
4.405973e-14 0.000000e+00 0.000000e+00
3.839969e-14 0.000000e+00 0.000000e+00
2.241086e-13 0.000000e+00 0.000000e+00
-2.734208e-14 0.000000e+00 0.000000e+00
1.775511e-13 0.000000e+00 0.000000e+00
-8.635811e-14 0.000000e+00 0.000000e+00
-1.948916e-14 0.000000e+00 0.000000e+00
1.400653e-14 0.000000e+00 0.000000e+00
-2.343687e-13 0.000000e+00 0.000000e+00
1.202420e-13 0.000000e+00 0.000000e+00
5.726929e-14 0.000000e+00 0.000000e+00
1.379357e-14 0.000000e+00 0.000000e+00
1.788703e-13 0.000000e+00 0.000000e+00
-5.408407e-14 0.000000e+00 0.000000e+00
-9.374244e-14 0.000000e+00 0.000000e+00
6.321192e-15 0.000000e+00 0.000000e+00
-1.159358e-13 0.000000e+00 0.000000e+00
-1.180925e-13 0.000000e+00 0.000000e+00
1.523982e-13 0.000000e+00 0.000000e+00
4.159917e-13 0.000000e+00 0.000000e+00
-1.124171e-13 0.000000e+00 0.000000e+00
9.874469e-14 0.000000e+00 0.000000e+00
1.322896e-13 0.000000e+00 0.000000e+00
5.444625e-16 0.000000e+00 0.000000e+00
4.784059e-15 0.000000e+00 0.000000e+00
1.739906e-13 0.000000e+00 0.000000e+00
1.524447e-13 0.000000e+00 0.000000e+00
1.407768e-13 0.000000e+00 0.000000e+00
-3.869168e-14 0.000000e+00 0.000000e+00
3.855666e-14 0.000000e+00 0.000000e+00
-5.523901e-14 0.000000e+00 0.000000e+00
-3.473460e-13 0.000000e+00 0.000000e+00
8.183066e-15 0.000000e+00 0.000000e+00
-2.662261e-13 0.000000e+00 0.000000e+00
-7.423264e-16 0.000000e+00 0.000000e+00
2.042340e-14 0.000000e+00 0.000000e+00
-2.081272e-14 0.000000e+00 0.000000e+00
1.314883e-13 0.000000e+00 0.000000e+00
-4.819636e-14 0.000000e+00 0.000000e+00
1.241334e-13 0.000000e+00 0.000000e+00
1.074149e-13 0.000000e+00 0.000000e+00
-7.890089e-14 0.000000e+00 0.000000e+00
1.509946e-13 0.000000e+00 0.000000e+00
1.658768e-13 0.000000e+00 0.000000e+00
-6.881430e-15 0.000000e+00 0.000000e+00
8.175490e-14 0.000000e+00 0.000000e+00
8.717275e-14 0.000000e+00 0.000000e+00
-2.667970e-14 0.000000e+00 0.000000e+00
-2.743132e-13 0.000000e+00 0.000000e+00
-1.834363e-13 0.000000e+00 0.000000e+00
2.006107e-13 0.000000e+00 0.000000e+00
6.448179e-15 0.000000e+00 0.000000e+00
3.177708e-13 0.000000e+00 0.000000e+00
9.569224e-14 0.000000e+00 0.000000e+00
2.893928e-13 0.000000e+00 0.000000e+00
1.012507e-13 0.000000e+00 0.000000e+00
-6.758526e-14 0.000000e+00 0.000000e+00
2.384116e-13 0.000000e+00 0.000000e+00
2.045284e-13 0.000000e+00 0.000000e+00
-4.587923e-14 0.000000e+00 0.000000e+00
1.383051e-14 0.000000e+00 0.000000e+00
-2.243844e-13 0.000000e+00 0.000000e+00
3.771753e-13 0.000000e+00 0.000000e+00
1.139979e-14 0.000000e+00 0.000000e+00
6.456936e-14 0.000000e+00 0.000000e+00
-1.453146e-13 0.000000e+00 0.000000e+00
-3.099386e-13 0.000000e+00 0.000000e+00
1.357924e-13 0.000000e+00 0.000000e+00
1.849537e-14 0.000000e+00 0.000000e+00
8.415444e-14 0.000000e+00 0.000000e+00
2.044652e-13 0.000000e+00 0.000000e+00
-1.470014e-14 0.000000e+00 0.000000e+00
3.317834e-13 0.000000e+00 0.000000e+00
-2.473295e-13 0.000000e+00 0.000000e+00
1.698126e-13 0.000000e+00 0.000000e+00
-1.717740e-13 0.000000e+00 0.000000e+00
9.719879e-14 0.000000e+00 0.000000e+00
-5.088030e-14 0.000000e+00 0.000000e+00
-1.311007e-13 0.000000e+00 0.000000e+00
-1.446376e-13 0.000000e+00 0.000000e+00
-1.346707e-13 0.000000e+00 0.000000e+00
3.101156e-14 0.000000e+00 0.000000e+00
1.861022e-13 0.000000e+00 0.000000e+00
1.504696e-13 0.000000e+00 0.000000e+00
-3.215040e-14 0.000000e+00 0.000000e+00
1.293706e-13 0.000000e+00 0.000000e+00
-1.152540e-14 0.000000e+00 0.000000e+00
9.657883e-14 0.000000e+00 0.000000e+00
-1.227950e-13 0.000000e+00 0.000000e+00
1.698955e-13 0.000000e+00 0.000000e+00
-3.496204e-13 0.000000e+00 0.000000e+00
-3.677622e-14 0.000000e+00 0.000000e+00
-6.321727e-14 0.000000e+00 0.000000e+00
1.258722e-13 0.000000e+00 0.000000e+00
3.520437e-14 0.000000e+00 0.000000e+00
1.480843e-13 0.000000e+00 0.000000e+00
-2.336854e-13 0.000000e+00 0.000000e+00
-5.750370e-14 0.000000e+00 0.000000e+00
-1.667620e-13 0.000000e+00 0.000000e+00
2.714018e-14 0.000000e+00 0.000000e+00
7.308005e-14 0.000000e+00 0.000000e+00
-2.045849e-13 0.000000e+00 0.000000e+00
-1.897073e-13 0.000000e+00 0.000000e+00
2.517031e-13 0.000000e+00 0.000000e+00
8.251065e-14 0.000000e+00 0.000000e+00
1.579589e-13 0.000000e+00 0.000000e+00
-2.010828e-13 0.000000e+00 0.000000e+00
-3.772007e-15 0.000000e+00 0.000000e+00
9.359298e-14 0.000000e+00 0.000000e+00
8.378900e-14 0.000000e+00 0.000000e+00
-2.421093e-13 0.000000e+00 0.000000e+00
9.800725e-14 0.000000e+00 0.000000e+00
2.332962e-13 0.000000e+00 0.000000e+00
7.346184e-15 0.000000e+00 0.000000e+00
-3.181044e-14 0.000000e+00 0.000000e+00
-1.454223e-14 0.000000e+00 0.000000e+00
-8.627900e-15 0.000000e+00 0.000000e+00
-2.893230e-14 0.000000e+00 0.000000e+00
-1.875623e-14 0.000000e+00 0.000000e+00
8.811922e-14 0.000000e+00 0.000000e+00
-7.522760e-14 0.000000e+00 0.000000e+00
-3.091946e-13 0.000000e+00 0.000000e+00
1.095558e-13 0.000000e+00 0.000000e+00
-4.032077e-13 0.000000e+00 0.000000e+00
9.422113e-15 0.000000e+00 0.000000e+00
1.884254e-13 0.000000e+00 0.000000e+00
1.084250e-13 0.000000e+00 0.000000e+00
9.746229e-14 0.000000e+00 0.000000e+00
7.607271e-14 0.000000e+00 0.000000e+00
1.413658e-13 0.000000e+00 0.000000e+00
5.450480e-14 0.000000e+00 0.000000e+00
2.470725e-13 0.000000e+00 0.000000e+00
4.377212e-14 0.000000e+00 0.000000e+00
-1.031233e-13 0.000000e+00 0.000000e+00
8.895246e-14 0.000000e+00 0.000000e+00
-7.915890e-14 0.000000e+00 0.000000e+00
7.201432e-14 0.000000e+00 0.000000e+00
3.520513e-14 0.000000e+00 0.000000e+00
-4.332819e-13 0.000000e+00 0.000000e+00
-2.128100e-13 0.000000e+00 0.000000e+00
-4.931498e-14 0.000000e+00 0.000000e+00
-8.251040e-14 0.000000e+00 0.000000e+00
1.662049e-13 0.000000e+00 0.000000e+00
-8.537659e-14 0.000000e+00 0.000000e+00
-1.772019e-13 0.000000e+00 0.000000e+00
-2.694761e-13 0.000000e+00 0.000000e+00
1.652512e-13 0.000000e+00 0.000000e+00
1.463124e-13 0.000000e+00 0.000000e+00
-1.454450e-13 0.000000e+00 0.000000e+00
7.106249e-15 0.000000e+00 0.000000e+00
1.284318e-13 0.000000e+00 0.000000e+00
-4.391217e-13 0.000000e+00 0.000000e+00
8.351023e-14 0.000000e+00 0.000000e+00
1.180220e-14 0.000000e+00 0.000000e+00
-3.448329e-13 0.000000e+00 0.000000e+00
-1.414442e-13 0.000000e+00 0.000000e+00
-1.688894e-13 0.000000e+00 0.000000e+00
3.622466e-14 0.000000e+00 0.000000e+00
-4.585598e-14 0.000000e+00 0.000000e+00
-1.769985e-13 0.000000e+00 0.000000e+00
-4.271144e-14 0.000000e+00 0.000000e+00
-2.303091e-13 0.000000e+00 0.000000e+00
2.181797e-14 0.000000e+00 0.000000e+00
2.668838e-14 0.000000e+00 0.000000e+00
-7.112253e-15 0.000000e+00 0.000000e+00
2.727700e-14 0.000000e+00 0.000000e+00
8.559236e-14 0.000000e+00 0.000000e+00
-1.252802e-14 0.000000e+00 0.000000e+00
1.644362e-13 0.000000e+00 0.000000e+00
-1.635128e-13 0.000000e+00 0.000000e+00
-1.114415e-13 0.000000e+00 0.000000e+00
1.048998e-13 0.000000e+00 0.000000e+00
-1.307700e-13 0.000000e+00 0.000000e+00
-9.257123e-14 0.000000e+00 0.000000e+00
3.849189e-13 0.000000e+00 0.000000e+00
3.753861e-13 0.000000e+00 0.000000e+00
-9.703666e-14 0.000000e+00 0.000000e+00
6.828097e-14 0.000000e+00 0.000000e+00
-1.382782e-13 0.000000e+00 0.000000e+00
3.666548e-14 0.000000e+00 0.000000e+00
2.748228e-13 0.000000e+00 0.000000e+00
1.579306e-13 0.000000e+00 0.000000e+00
2.514291e-13 0.000000e+00 0.000000e+00
2.443129e-13 0.000000e+00 0.000000e+00
1.348482e-13 0.000000e+00 0.000000e+00
5.673295e-15 0.000000e+00 0.000000e+00
-1.274333e-13 0.000000e+00 0.000000e+00
-1.879075e-13 0.000000e+00 0.000000e+00
-1.601985e-13 0.000000e+00 0.000000e+00
-2.196682e-15 0.000000e+00 0.000000e+00
-2.364256e-13 0.000000e+00 0.000000e+00
1.262770e-13 0.000000e+00 0.000000e+00
2.869188e-13 0.000000e+00 0.000000e+00
6.840268e-14 0.000000e+00 0.000000e+00
-2.060898e-13 0.000000e+00 0.000000e+00
-1.291526e-13 0.000000e+00 0.000000e+00
-3.174037e-14 0.000000e+00 0.000000e+00
-5.073592e-14 0.000000e+00 0.000000e+00
-2.644968e-13 0.000000e+00 0.000000e+00
2.222120e-13 0.000000e+00 0.000000e+00
-6.935703e-14 0.000000e+00 0.000000e+00
-3.280621e-13 0.000000e+00 0.000000e+00
-1.499888e-13 0.000000e+00 0.000000e+00
1.121352e-13 0.000000e+00 0.000000e+00
6.096061e-14 0.000000e+00 0.000000e+00
8.539990e-14 0.000000e+00 0.000000e+00
-3.046367e-14 0.000000e+00 0.000000e+00
3.552780e-14 0.000000e+00 0.000000e+00
-6.261523e-14 0.000000e+00 0.000000e+00
1.345293e-13 0.000000e+00 0.000000e+00
-3.793029e-13 0.000000e+00 0.000000e+00
1.073435e-13 0.000000e+00 0.000000e+00
-1.541304e-14 0.000000e+00 0.000000e+00
8.237408e-14 0.000000e+00 0.000000e+00
-1.283249e-13 0.000000e+00 0.000000e+00
-4.012949e-14 0.000000e+00 0.000000e+00
1.575228e-13 0.000000e+00 0.000000e+00
-1.889916e-13 0.000000e+00 0.000000e+00
6.638791e-16 0.000000e+00 0.000000e+00
2.770941e-14 0.000000e+00 0.000000e+00
2.836690e-14 0.000000e+00 0.000000e+00
5.907827e-14 0.000000e+00 0.000000e+00
1.510085e-13 0.000000e+00 0.000000e+00
-5.067709e-14 0.000000e+00 0.000000e+00
-5.065004e-14 0.000000e+00 0.000000e+00
-7.536117e-14 0.000000e+00 0.000000e+00
1.577713e-13 0.000000e+00 0.000000e+00
-1.557522e-13 0.000000e+00 0.000000e+00
1.864990e-13 0.000000e+00 0.000000e+00
9.195739e-14 0.000000e+00 0.000000e+00
2.157927e-13 0.000000e+00 0.000000e+00
-2.525771e-13 0.000000e+00 0.000000e+00
7.032617e-14 0.000000e+00 0.000000e+00
-7.100938e-14 0.000000e+00 0.000000e+00
7.373375e-14 0.000000e+00 0.000000e+00
-1.241652e-13 0.000000e+00 0.000000e+00
3.976562e-14 0.000000e+00 0.000000e+00
-2.176413e-13 0.000000e+00 0.000000e+00
5.207285e-14 0.000000e+00 0.000000e+00
1.863905e-13 0.000000e+00 0.000000e+00
2.600496e-13 0.000000e+00 0.000000e+00
6.825018e-14 0.000000e+00 0.000000e+00
5.965195e-14 0.000000e+00 0.000000e+00
3.935387e-14 0.000000e+00 0.000000e+00
-1.924654e-13 0.000000e+00 0.000000e+00
1.252659e-13 0.000000e+00 0.000000e+00
-1.100013e-13 0.000000e+00 0.000000e+00
9.474034e-14 0.000000e+00 0.000000e+00
1.540181e-13 0.000000e+00 0.000000e+00
1.768330e-14 0.000000e+00 0.000000e+00
1.663515e-13 0.000000e+00 0.000000e+00
-7.725539e-14 0.000000e+00 0.000000e+00
1.740050e-13 0.000000e+00 0.000000e+00
1.324670e-13 0.000000e+00 0.000000e+00
3.180596e-13 0.000000e+00 0.000000e+00
8.461753e-14 0.000000e+00 0.000000e+00
7.460811e-14 0.000000e+00 0.000000e+00
1.056236e-13 0.000000e+00 0.000000e+00
-2.641121e-13 0.000000e+00 0.000000e+00
-7.097321e-14 0.000000e+00 0.000000e+00
-1.671089e-13 0.000000e+00 0.000000e+00
-8.801077e-14 0.000000e+00 0.000000e+00
-9.889953e-14 0.000000e+00 0.000000e+00
-4.020077e-13 0.000000e+00 0.000000e+00
-1.124027e-13 0.000000e+00 0.000000e+00
-1.341672e-14 0.000000e+00 0.000000e+00
1.717025e-13 0.000000e+00 0.000000e+00
3.387245e-14 0.000000e+00 0.000000e+00
-9.669092e-14 0.000000e+00 0.000000e+00
-3.659310e-13 0.000000e+00 0.000000e+00
-3.519749e-13 0.000000e+00 0.000000e+00
-2.679337e-13 0.000000e+00 0.000000e+00
2.769123e-13 0.000000e+00 0.000000e+00
3.802304e-14 0.000000e+00 0.000000e+00
-1.561145e-13 0.000000e+00 0.000000e+00
1.050912e-13 0.000000e+00 0.000000e+00
2.662355e-13 0.000000e+00 0.000000e+00
-1.595643e-13 0.000000e+00 0.000000e+00
-1.846630e-14 0.000000e+00 0.000000e+00
-2.534768e-13 0.000000e+00 0.000000e+00
-3.470978e-14 0.000000e+00 0.000000e+00
1.703607e-13 0.000000e+00 0.000000e+00
-1.280147e-13 0.000000e+00 0.000000e+00
1.724610e-13 0.000000e+00 0.000000e+00
-2.774785e-13 0.000000e+00 0.000000e+00
-1.486574e-13 0.000000e+00 0.000000e+00
-5.429906e-14 0.000000e+00 0.000000e+00
-4.846104e-14 0.000000e+00 0.000000e+00
-7.599038e-14 0.000000e+00 0.000000e+00
-1.757241e-13 0.000000e+00 0.000000e+00
-1.224151e-14 0.000000e+00 0.000000e+00
7.079729e-14 0.000000e+00 0.000000e+00
2.245121e-13 0.000000e+00 0.000000e+00
-5.834369e-14 0.000000e+00 0.000000e+00
-1.581392e-13 0.000000e+00 0.000000e+00
2.023796e-13 0.000000e+00 0.000000e+00
5.736628e-14 0.000000e+00 0.000000e+00
-8.684471e-14 0.000000e+00 0.000000e+00
-2.086305e-14 0.000000e+00 0.000000e+00
6.550087e-14 0.000000e+00 0.000000e+00
-1.514171e-13 0.000000e+00 0.000000e+00
8.628748e-14 0.000000e+00 0.000000e+00
-2.046161e-13 0.000000e+00 0.000000e+00
3.265511e-14 0.000000e+00 0.000000e+00
1.281545e-13 0.000000e+00 0.000000e+00
3.345279e-14 0.000000e+00 0.000000e+00
6.128351e-14 0.000000e+00 0.000000e+00
9.826058e-14 0.000000e+00 0.000000e+00
-5.139044e-14 0.000000e+00 0.000000e+00
6.603567e-14 0.000000e+00 0.000000e+00
9.388592e-14 0.000000e+00 0.000000e+00
2.927976e-14 0.000000e+00 0.000000e+00
8.043094e-14 0.000000e+00 0.000000e+00
-6.432945e-14 0.000000e+00 0.000000e+00
-1.544358e-13 0.000000e+00 0.000000e+00
-1.124745e-13 0.000000e+00 0.000000e+00
-2.390249e-13 0.000000e+00 0.000000e+00
2.092194e-13 0.000000e+00 0.000000e+00
1.024637e-13 0.000000e+00 0.000000e+00
3.102066e-13 0.000000e+00 0.000000e+00
6.853969e-14 0.000000e+00 0.000000e+00
4.045104e-14 0.000000e+00 0.000000e+00
-1.632491e-13 0.000000e+00 0.000000e+00
-1.355749e-13 0.000000e+00 0.000000e+00
-4.498709e-14 0.000000e+00 0.000000e+00
-1.633878e-13 0.000000e+00 0.000000e+00
1.921904e-13 0.000000e+00 0.000000e+00
1.431143e-13 0.000000e+00 0.000000e+00
1.142762e-13 0.000000e+00 0.000000e+00
-1.188372e-13 0.000000e+00 0.000000e+00
-2.257287e-14 0.000000e+00 0.000000e+00
-5.236667e-14 0.000000e+00 0.000000e+00
4.837683e-14 0.000000e+00 0.000000e+00
2.014564e-13 0.000000e+00 0.000000e+00
4.301699e-14 0.000000e+00 0.000000e+00
-1.042461e-13 0.000000e+00 0.000000e+00
1.279861e-13 0.000000e+00 0.000000e+00
-5.760344e-14 0.000000e+00 0.000000e+00
2.762390e-13 0.000000e+00 0.000000e+00
2.098349e-13 0.000000e+00 0.000000e+00
-6.714674e-14 0.000000e+00 0.000000e+00
-1.917073e-13 0.000000e+00 0.000000e+00
-2.301225e-14 0.000000e+00 0.000000e+00
2.186820e-13 0.000000e+00 0.000000e+00
-5.421924e-14 0.000000e+00 0.000000e+00
-5.786971e-14 0.000000e+00 0.000000e+00
3.890397e-14 0.000000e+00 0.000000e+00
1.193708e-13 0.000000e+00 0.000000e+00
9.152777e-14 0.000000e+00 0.000000e+00
2.610497e-13 0.000000e+00 0.000000e+00
-1.458668e-13 0.000000e+00 0.000000e+00
1.139464e-13 0.000000e+00 0.000000e+00
8.831669e-14 0.000000e+00 0.000000e+00
1.184425e-13 0.000000e+00 0.000000e+00
-1.307461e-14 0.000000e+00 0.000000e+00
1.628562e-13 0.000000e+00 0.000000e+00
-3.249274e-13 0.000000e+00 0.000000e+00
-1.239833e-13 0.000000e+00 0.000000e+00
-1.180604e-13 0.000000e+00 0.000000e+00
1.845759e-13 0.000000e+00 0.000000e+00
-2.733854e-13 0.000000e+00 0.000000e+00
-7.715395e-14 0.000000e+00 0.000000e+00
1.642824e-13 0.000000e+00 0.000000e+00
-7.989014e-14 0.000000e+00 0.000000e+00
-1.073356e-13 0.000000e+00 0.000000e+00
-1.051188e-14 0.000000e+00 0.000000e+00
6.528673e-14 0.000000e+00 0.000000e+00
2.298523e-13 0.000000e+00 0.000000e+00
1.346860e-13 0.000000e+00 0.000000e+00
-2.834138e-14 0.000000e+00 0.000000e+00
1.878556e-13 0.000000e+00 0.000000e+00
-1.910367e-13 0.000000e+00 0.000000e+00
1.643071e-13 0.000000e+00 0.000000e+00
1.031868e-13 0.000000e+00 0.000000e+00
-2.748927e-13 0.000000e+00 0.000000e+00
-5.242809e-13 0.000000e+00 0.000000e+00
1.043725e-15 0.000000e+00 0.000000e+00
-3.488722e-14 0.000000e+00 0.000000e+00
-8.640343e-14 0.000000e+00 0.000000e+00
-2.453508e-13 0.000000e+00 0.000000e+00
4.346448e-13 0.000000e+00 0.000000e+00
-1.936222e-13 0.000000e+00 0.000000e+00
