FX FY FZ 
2.730548e-10 0.000000e+00 0.000000e+00
-1.443240e-10 0.000000e+00 0.000000e+00
3.197374e-10 0.000000e+00 0.000000e+00
4.703363e-10 0.000000e+00 0.000000e+00
2.482718e-10 0.000000e+00 0.000000e+00
-2.820404e-10 0.000000e+00 0.000000e+00
1.790771e-10 0.000000e+00 0.000000e+00
1.688052e-10 0.000000e+00 0.000000e+00
1.690381e-10 0.000000e+00 0.000000e+00
-6.811453e-10 0.000000e+00 0.000000e+00
4.213218e-10 0.000000e+00 0.000000e+00
3.851256e-10 0.000000e+00 0.000000e+00
3.376555e-10 0.000000e+00 0.000000e+00
-6.889843e-11 0.000000e+00 0.000000e+00
1.140199e-10 0.000000e+00 0.000000e+00
-1.558474e-10 0.000000e+00 0.000000e+00
-1.530611e-12 0.000000e+00 0.000000e+00
3.047034e-10 0.000000e+00 0.000000e+00
5.328204e-10 0.000000e+00 0.000000e+00
3.460899e-10 0.000000e+00 0.000000e+00
6.262179e-10 0.000000e+00 0.000000e+00
-6.098266e-10 0.000000e+00 0.000000e+00
-9.719533e-11 0.000000e+00 0.000000e+00
8.048986e-11 0.000000e+00 0.000000e+00
-1.583267e-10 0.000000e+00 0.000000e+00
-4.670176e-11 0.000000e+00 0.000000e+00
1.652956e-10 0.000000e+00 0.000000e+00
4.455077e-10 0.000000e+00 0.000000e+00
2.630366e-10 0.000000e+00 0.000000e+00
-3.168694e-11 0.000000e+00 0.000000e+00
3.522498e-10 0.000000e+00 0.000000e+00
2.694346e-10 0.000000e+00 0.000000e+00
-2.817993e-10 0.000000e+00 0.000000e+00
1.128595e-10 0.000000e+00 0.000000e+00
-1.728139e-10 0.000000e+00 0.000000e+00
1.363004e-10 0.000000e+00 0.000000e+00
-6.630371e-10 0.000000e+00 0.000000e+00
2.502544e-11 0.000000e+00 0.000000e+00
-8.492317e-10 0.000000e+00 0.000000e+00
2.259091e-10 0.000000e+00 0.000000e+00
-3.000740e-10 0.000000e+00 0.000000e+00
1.051043e-10 0.000000e+00 0.000000e+00
-8.211270e-11 0.000000e+00 0.000000e+00
-4.224998e-10 0.000000e+00 0.000000e+00
-2.215691e-10 0.000000e+00 0.000000e+00
3.199675e-10 0.000000e+00 0.000000e+00
1.674616e-10 0.000000e+00 0.000000e+00
1.282020e-10 0.000000e+00 0.000000e+00
3.472620e-10 0.000000e+00 0.000000e+00
4.470239e-11 0.000000e+00 0.000000e+00
4.768204e-10 0.000000e+00 0.000000e+00
1.953515e-10 0.000000e+00 0.000000e+00
3.693768e-11 0.000000e+00 0.000000e+00
3.029013e-10 0.000000e+00 0.000000e+00
-3.011559e-11 0.000000e+00 0.000000e+00
5.926459e-10 0.000000e+00 0.000000e+00
-1.068489e-10 0.000000e+00 0.000000e+00
2.904937e-11 0.000000e+00 0.000000e+00
-6.091931e-10 0.000000e+00 0.000000e+00
2.170690e-10 0.000000e+00 0.000000e+00
-7.174641e-10 0.000000e+00 0.000000e+00
-4.882883e-10 0.000000e+00 0.000000e+00
6.769756e-11 0.000000e+00 0.000000e+00
1.322062e-10 0.000000e+00 0.000000e+00
5.154338e-11 0.000000e+00 0.000000e+00
2.784235e-10 0.000000e+00 0.000000e+00
1.290941e-10 0.000000e+00 0.000000e+00
2.620979e-10 0.000000e+00 0.000000e+00
5.646145e-10 0.000000e+00 0.000000e+00
-6.240373e-10 0.000000e+00 0.000000e+00
-1.167199e-10 0.000000e+00 0.000000e+00
-3.234568e-10 0.000000e+00 0.000000e+00
-2.273768e-10 0.000000e+00 0.000000e+00
-3.944690e-10 0.000000e+00 0.000000e+00
4.245106e-10 0.000000e+00 0.000000e+00
2.726355e-10 0.000000e+00 0.000000e+00
3.776653e-11 0.000000e+00 0.000000e+00
-1.726366e-10 0.000000e+00 0.000000e+00
7.254366e-11 0.000000e+00 0.000000e+00
-1.740793e-11 0.000000e+00 0.000000e+00
-3.988707e-11 0.000000e+00 0.000000e+00
4.214675e-10 0.000000e+00 0.000000e+00
2.572387e-10 0.000000e+00 0.000000e+00
2.820174e-11 0.000000e+00 0.000000e+00
-4.886712e-11 0.000000e+00 0.000000e+00
-3.845133e-10 0.000000e+00 0.000000e+00
1.708053e-10 0.000000e+00 0.000000e+00
3.085627e-10 0.000000e+00 0.000000e+00
-4.777405e-11 0.000000e+00 0.000000e+00
3.038130e-10 0.000000e+00 0.000000e+00
8.299048e-11 0.000000e+00 0.000000e+00
3.040723e-11 0.000000e+00 0.000000e+00
9.676753e-11 0.000000e+00 0.000000e+00
4.040954e-10 0.000000e+00 0.000000e+00
-6.364307e-11 0.000000e+00 0.000000e+00
-4.118891e-10 0.000000e+00 0.000000e+00
-1.627583e-10 0.000000e+00 0.000000e+00
2.547277e-10 0.000000e+00 0.000000e+00
-4.703806e-10 0.000000e+00 0.000000e+00
4.223828e-11 0.000000e+00 0.000000e+00
3.636994e-11 0.000000e+00 0.000000e+00
-4.793201e-10 0.000000e+00 0.000000e+00
4.516397e-11 0.000000e+00 0.000000e+00
3.446737e-10 0.000000e+00 0.000000e+00
5.217945e-10 0.000000e+00 0.000000e+00
2.099331e-10 0.000000e+00 0.000000e+00
-2.911597e-10 0.000000e+00 0.000000e+00
-1.159524e-10 0.000000e+00 0.000000e+00
-5.702049e-10 0.000000e+00 0.000000e+00
-3.010455e-10 0.000000e+00 0.000000e+00
1.615061e-10 0.000000e+00 0.000000e+00
-3.407725e-10 0.000000e+00 0.000000e+00
2.425150e-11 0.000000e+00 0.000000e+00
1.643101e-10 0.000000e+00 0.000000e+00
2.530229e-10 0.000000e+00 0.000000e+00
3.492191e-10 0.000000e+00 0.000000e+00
-3.576868e-11 0.000000e+00 0.000000e+00
-2.902170e-10 0.000000e+00 0.000000e+00
-1.131000e-10 0.000000e+00 0.000000e+00
-5.389402e-10 0.000000e+00 0.000000e+00
2.906430e-10 0.000000e+00 0.000000e+00
5.419155e-10 0.000000e+00 0.000000e+00
1.211228e-10 0.000000e+00 0.000000e+00
-2.202552e-10 0.000000e+00 0.000000e+00
4.560987e-10 0.000000e+00 0.000000e+00
-8.577863e-10 0.000000e+00 0.000000e+00
-1.554984e-10 0.000000e+00 0.000000e+00
-5.543513e-10 0.000000e+00 0.000000e+00
2.448850e-10 0.000000e+00 0.000000e+00
4.106784e-10 0.000000e+00 0.000000e+00
-3.199183e-10 0.000000e+00 0.000000e+00
-4.348135e-10 0.000000e+00 0.000000e+00
-6.601595e-10 0.000000e+00 0.000000e+00
2.860838e-10 0.000000e+00 0.000000e+00
4.530619e-10 0.000000e+00 0.000000e+00
-1.704861e-10 0.000000e+00 0.000000e+00
4.047707e-10 0.000000e+00 0.000000e+00
3.903160e-10 0.000000e+00 0.000000e+00
3.509227e-10 0.000000e+00 0.000000e+00
-4.781911e-10 0.000000e+00 0.000000e+00
1.164725e-10 0.000000e+00 0.000000e+00
4.689178e-10 0.000000e+00 0.000000e+00
2.285513e-10 0.000000e+00 0.000000e+00
1.085496e-10 0.000000e+00 0.000000e+00
8.119680e-11 0.000000e+00 0.000000e+00
-7.168295e-10 0.000000e+00 0.000000e+00
1.856497e-10 0.000000e+00 0.000000e+00
4.789811e-10 0.000000e+00 0.000000e+00
-3.140331e-10 0.000000e+00 0.000000e+00
-4.942102e-10 0.000000e+00 0.000000e+00
-1.043064e-11 0.000000e+00 0.000000e+00
3.128799e-10 0.000000e+00 0.000000e+00
5.129367e-10 0.000000e+00 0.000000e+00
1.581864e-10 0.000000e+00 0.000000e+00
-5.931616e-10 0.000000e+00 0.000000e+00
-3.967721e-10 0.000000e+00 0.000000e+00
-1.142259e-10 0.000000e+00 0.000000e+00
-3.972912e-10 0.000000e+00 0.000000e+00
3.655592e-10 0.000000e+00 0.000000e+00
4.757048e-10 0.000000e+00 0.000000e+00
7.504350e-11 0.000000e+00 0.000000e+00
-4.326847e-10 0.000000e+00 0.000000e+00
3.471536e-10 0.000000e+00 0.000000e+00
-2.242177e-10 0.000000e+00 0.000000e+00
2.760342e-10 0.000000e+00 0.000000e+00
2.568282e-10 0.000000e+00 0.000000e+00
-4.004215e-10 0.000000e+00 0.000000e+00
-3.176854e-11 0.000000e+00 0.000000e+00
-9.968960e-11 0.000000e+00 0.000000e+00
-2.170850e-10 0.000000e+00 0.000000e+00
-1.230349e-10 0.000000e+00 0.000000e+00
4.629320e-10 0.000000e+00 0.000000e+00
3.976173e-10 0.000000e+00 0.000000e+00
-2.951372e-10 0.000000e+00 0.000000e+00
-1.048680e-10 0.000000e+00 0.000000e+00
8.715898e-11 0.000000e+00 0.000000e+00
-8.243685e-10 0.000000e+00 0.000000e+00
1.340923e-10 0.000000e+00 0.000000e+00
2.226390e-12 0.000000e+00 0.000000e+00
5.378310e-11 0.000000e+00 0.000000e+00
9.246251e-11 0.000000e+00 0.000000e+00
3.575261e-10 0.000000e+00 0.000000e+00
2.132298e-10 0.000000e+00 0.000000e+00
1.046601e-10 0.000000e+00 0.000000e+00
9.173122e-11 0.000000e+00 0.000000e+00
4.413619e-10 0.000000e+00 0.000000e+00
-5.290484e-10 0.000000e+00 0.000000e+00
1.832584e-10 0.000000e+00 0.000000e+00
9.396616e-11 0.000000e+00 0.000000e+00
-2.119085e-10 0.000000e+00 0.000000e+00
2.688119e-10 0.000000e+00 0.000000e+00
-3.612218e-10 0.000000e+00 0.000000e+00
-5.973735e-11 0.000000e+00 0.000000e+00
4.484335e-10 0.000000e+00 0.000000e+00
-1.067158e-10 0.000000e+00 0.000000e+00
1.951485e-10 0.000000e+00 0.000000e+00
3.133897e-10 0.000000e+00 0.000000e+00
5.002404e-10 0.000000e+00 0.000000e+00
-6.637685e-10 0.000000e+00 0.000000e+00
-3.601812e-10 0.000000e+00 0.000000e+00
6.849663e-11 0.000000e+00 0.000000e+00
4.583117e-10 0.000000e+00 0.000000e+00
2.275931e-10 0.000000e+00 0.000000e+00
1.287184e-10 0.000000e+00 0.000000e+00
2.037061e-10 0.000000e+00 0.000000e+00
-3.990446e-10 0.000000e+00 0.000000e+00
3.310970e-10 0.000000e+00 0.000000e+00
-6.065608e-10 0.000000e+00 0.000000e+00
1.828095e-10 0.000000e+00 0.000000e+00
-8.829399e-10 0.000000e+00 0.000000e+00
7.950376e-11 0.000000e+00 0.000000e+00
-6.012309e-10 0.000000e+00 0.000000e+00
2.086342e-10 0.000000e+00 0.000000e+00
-2.139544e-12 0.000000e+00 0.000000e+00
-3.900718e-10 0.000000e+00 0.000000e+00
4.570546e-10 0.000000e+00 0.000000e+00
-2.865561e-11 0.000000e+00 0.000000e+00
2.297119e-11 0.000000e+00 0.000000e+00
-2.598794e-10 0.000000e+00 0.000000e+00
3.790271e-10 0.000000e+00 0.000000e+00
-2.030190e-09 0.000000e+00 0.000000e+00
-2.811336e-10 0.000000e+00 0.000000e+00
-2.355404e-10 0.000000e+00 0.000000e+00
3.546723e-10 0.000000e+00 0.000000e+00
-1.852070e-10 0.000000e+00 0.000000e+00
6.028077e-10 0.000000e+00 0.000000e+00
1.499594e-10 0.000000e+00 0.000000e+00
4.596661e-10 0.000000e+00 0.000000e+00
-3.199171e-10 0.000000e+00 0.000000e+00
-4.672166e-10 0.000000e+00 0.000000e+00
8.888469e-11 0.000000e+00 0.000000e+00
1.847916e-10 0.000000e+00 0.000000e+00
3.241253e-10 0.000000e+00 0.000000e+00
-1.008942e-10 0.000000e+00 0.000000e+00
-2.067930e-10 0.000000e+00 0.000000e+00
-5.984737e-10 0.000000e+00 0.000000e+00
4.475223e-10 0.000000e+00 0.000000e+00
-6.875980e-11 0.000000e+00 0.000000e+00
3.838976e-10 0.000000e+00 0.000000e+00
-2.758908e-10 0.000000e+00 0.000000e+00
-3.628916e-10 0.000000e+00 0.000000e+00
-1.898839e-10 0.000000e+00 0.000000e+00
-6.790969e-10 0.000000e+00 0.000000e+00
5.914905e-10 0.000000e+00 0.000000e+00
2.202503e-10 0.000000e+00 0.000000e+00
-1.022903e-10 0.000000e+00 0.000000e+00
3.806236e-10 0.000000e+00 0.000000e+00
2.187524e-10 0.000000e+00 0.000000e+00
3.273053e-10 0.000000e+00 0.000000e+00
1.152681e-10 0.000000e+00 0.000000e+00
1.859466e-10 0.000000e+00 0.000000e+00
-4.350432e-10 0.000000e+00 0.000000e+00
-1.113580e-10 0.000000e+00 0.000000e+00
-2.602404e-11 0.000000e+00 0.000000e+00
-4.973989e-11 0.000000e+00 0.000000e+00
-8.828079e-11 0.000000e+00 0.000000e+00
2.599724e-10 0.000000e+00 0.000000e+00
-1.473163e-10 0.000000e+00 0.000000e+00
5.437804e-10 0.000000e+00 0.000000e+00
-2.909460e-10 0.000000e+00 0.000000e+00
1.165720e-10 0.000000e+00 0.000000e+00
2.315800e-10 0.000000e+00 0.000000e+00
-4.199799e-10 0.000000e+00 0.000000e+00
-5.875075e-10 0.000000e+00 0.000000e+00
5.975122e-10 0.000000e+00 0.000000e+00
6.199751e-10 0.000000e+00 0.000000e+00
3.554077e-11 0.000000e+00 0.000000e+00
-1.666449e-10 0.000000e+00 0.000000e+00
2.655275e-10 0.000000e+00 0.000000e+00
2.601002e-10 0.000000e+00 0.000000e+00
1.380921e-10 0.000000e+00 0.000000e+00
4.669131e-10 0.000000e+00 0.000000e+00
-3.273644e-10 0.000000e+00 0.000000e+00
1.574973e-10 0.000000e+00 0.000000e+00
-1.055774e-11 0.000000e+00 0.000000e+00
1.367569e-10 0.000000e+00 0.000000e+00
1.143022e-10 0.000000e+00 0.000000e+00
3.399965e-10 0.000000e+00 0.000000e+00
-5.902373e-10 0.000000e+00 0.000000e+00
-3.921504e-10 0.000000e+00 0.000000e+00
-8.145779e-11 0.000000e+00 0.000000e+00
1.741197e-10 0.000000e+00 0.000000e+00
2.225377e-10 0.000000e+00 0.000000e+00
-5.814215e-10 0.000000e+00 0.000000e+00
1.444285e-10 0.000000e+00 0.000000e+00
9.793436e-11 0.000000e+00 0.000000e+00
-1.484562e-11 0.000000e+00 0.000000e+00
-4.711844e-10 0.000000e+00 0.000000e+00
-3.076985e-10 0.000000e+00 0.000000e+00
2.197176e-10 0.000000e+00 0.000000e+00
-9.026153e-11 0.000000e+00 0.000000e+00
-8.448007e-11 0.000000e+00 0.000000e+00
-3.123555e-10 0.000000e+00 0.000000e+00
-6.718898e-11 0.000000e+00 0.000000e+00
-3.222956e-10 0.000000e+00 0.000000e+00
1.203413e-10 0.000000e+00 0.000000e+00
2.820542e-10 0.000000e+00 0.000000e+00
1.239260e-10 0.000000e+00 0.000000e+00
-5.239665e-11 0.000000e+00 0.000000e+00
5.289310e-10 0.000000e+00 0.000000e+00
1.034822e-10 0.000000e+00 0.000000e+00
-7.993531e-10 0.000000e+00 0.000000e+00
-1.187642e-10 0.000000e+00 0.000000e+00
-6.343789e-11 0.000000e+00 0.000000e+00
-1.018737e-10 0.000000e+00 0.000000e+00
-3.569255e-11 0.000000e+00 0.000000e+00
6.027528e-10 0.000000e+00 0.000000e+00
-9.963056e-11 0.000000e+00 0.000000e+00
5.444802e-10 0.000000e+00 0.000000e+00
1.210504e-10 0.000000e+00 0.000000e+00
-1.418656e-10 0.000000e+00 0.000000e+00
3.286825e-11 0.000000e+00 0.000000e+00
-6.408719e-11 0.000000e+00 0.000000e+00
-7.678959e-11 0.000000e+00 0.000000e+00
1.048864e-10 0.000000e+00 0.000000e+00
-1.066605e-10 0.000000e+00 0.000000e+00
-5.590111e-10 0.000000e+00 0.000000e+00
-8.212216e-10 0.000000e+00 0.000000e+00
-1.770952e-10 0.000000e+00 0.000000e+00
-2.732830e-10 0.000000e+00 0.000000e+00
3.321726e-10 0.000000e+00 0.000000e+00
2.388822e-10 0.000000e+00 0.000000e+00
2.306298e-10 0.000000e+00 0.000000e+00
4.409802e-10 0.000000e+00 0.000000e+00
1.394942e-10 0.000000e+00 0.000000e+00
2.962204e-10 0.000000e+00 0.000000e+00
1.855566e-10 0.000000e+00 0.000000e+00
-3.271831e-10 0.000000e+00 0.000000e+00
-1.426904e-10 0.000000e+00 0.000000e+00
2.569083e-10 0.000000e+00 0.000000e+00
1.298527e-10 0.000000e+00 0.000000e+00
2.917338e-10 0.000000e+00 0.000000e+00
-1.807764e-10 0.000000e+00 0.000000e+00
5.093547e-10 0.000000e+00 0.000000e+00
-4.811394e-11 0.000000e+00 0.000000e+00
-8.341987e-10 0.000000e+00 0.000000e+00
1.217189e-10 0.000000e+00 0.000000e+00
-6.457408e-10 0.000000e+00 0.000000e+00
-8.311485e-11 0.000000e+00 0.000000e+00
5.095456e-10 0.000000e+00 0.000000e+00
-1.258558e-10 0.000000e+00 0.000000e+00
-1.203174e-10 0.000000e+00 0.000000e+00
1.424629e-10 0.000000e+00 0.000000e+00
3.016103e-10 0.000000e+00 0.000000e+00
7.377026e-11 0.000000e+00 0.000000e+00
-1.404119e-10 0.000000e+00 0.000000e+00
4.573372e-10 0.000000e+00 0.000000e+00
2.848330e-10 0.000000e+00 0.000000e+00
-2.364067e-10 0.000000e+00 0.000000e+00
3.704094e-10 0.000000e+00 0.000000e+00
-7.381242e-11 0.000000e+00 0.000000e+00
1.207281e-10 0.000000e+00 0.000000e+00
5.315519e-11 0.000000e+00 0.000000e+00
5.329178e-10 0.000000e+00 0.000000e+00
-4.279528e-11 0.000000e+00 0.000000e+00
3.811166e-10 0.000000e+00 0.000000e+00
1.838170e-10 0.000000e+00 0.000000e+00
-8.399721e-10 0.000000e+00 0.000000e+00
1.355190e-11 0.000000e+00 0.000000e+00
-2.251219e-10 0.000000e+00 0.000000e+00
-3.430325e-10 0.000000e+00 0.000000e+00
6.320711e-10 0.000000e+00 0.000000e+00
1.142963e-10 0.000000e+00 0.000000e+00
1.891488e-10 0.000000e+00 0.000000e+00
-1.433398e-10 0.000000e+00 0.000000e+00
2.426153e-10 0.000000e+00 0.000000e+00
-3.413891e-10 0.000000e+00 0.000000e+00
5.057186e-10 0.000000e+00 0.000000e+00
-1.047291e-10 0.000000e+00 0.000000e+00
2.756986e-10 0.000000e+00 0.000000e+00
-5.835818e-10 0.000000e+00 0.000000e+00
8.965315e-11 0.000000e+00 0.000000e+00
2.318835e-10 0.000000e+00 0.000000e+00
6.000172e-10 0.000000e+00 0.000000e+00
-3.088837e-10 0.000000e+00 0.000000e+00
-8.571974e-10 0.000000e+00 0.000000e+00
-1.950363e-10 0.000000e+00 0.000000e+00
1.214071e-10 0.000000e+00 0.000000e+00
-8.770679e-11 0.000000e+00 0.000000e+00
4.947157e-10 0.000000e+00 0.000000e+00
-3.043479e-10 0.000000e+00 0.000000e+00
-3.788639e-10 0.000000e+00 0.000000e+00
1.975889e-10 0.000000e+00 0.000000e+00
1.748280e-10 0.000000e+00 0.000000e+00
9.758243e-11 0.000000e+00 0.000000e+00
-4.702291e-10 0.000000e+00 0.000000e+00
-2.284427e-11 0.000000e+00 0.000000e+00
1.831095e-11 0.000000e+00 0.000000e+00
1.517747e-10 0.000000e+00 0.000000e+00
-4.685761e-10 0.000000e+00 0.000000e+00
1.283197e-10 0.000000e+00 0.000000e+00
3.960986e-10 0.000000e+00 0.000000e+00
-2.553575e-10 0.000000e+00 0.000000e+00
-4.819227e-10 0.000000e+00 0.000000e+00
-1.273107e-11 0.000000e+00 0.000000e+00
3.262204e-11 0.000000e+00 0.000000e+00
2.691018e-10 0.000000e+00 0.000000e+00
-2.359801e-10 0.000000e+00 0.000000e+00
5.959544e-11 0.000000e+00 0.000000e+00
-3.270076e-10 0.000000e+00 0.000000e+00
1.968929e-10 0.000000e+00 0.000000e+00
-1.062977e-10 0.000000e+00 0.000000e+00
-8.114760e-12 0.000000e+00 0.000000e+00
-1.842636e-10 0.000000e+00 0.000000e+00
-1.018899e-10 0.000000e+00 0.000000e+00
-5.835798e-10 0.000000e+00 0.000000e+00
2.710325e-10 0.000000e+00 0.000000e+00
-5.384954e-10 0.000000e+00 0.000000e+00
-1.024085e-10 0.000000e+00 0.000000e+00
-9.553272e-10 0.000000e+00 0.000000e+00
3.891708e-10 0.000000e+00 0.000000e+00
3.385615e-11 0.000000e+00 0.000000e+00
-4.459820e-10 0.000000e+00 0.000000e+00
-1.354742e-10 0.000000e+00 0.000000e+00
1.214769e-11 0.000000e+00 0.000000e+00
-6.782922e-10 0.000000e+00 0.000000e+00
1.507624e-10 0.000000e+00 0.000000e+00
-7.883978e-11 0.000000e+00 0.000000e+00
-3.312197e-10 0.000000e+00 0.000000e+00
-3.843064e-11 0.000000e+00 0.000000e+00
-1.500737e-10 0.000000e+00 0.000000e+00
-5.909161e-10 0.000000e+00 0.000000e+00
-1.435539e-10 0.000000e+00 0.000000e+00
-1.436009e-10 0.000000e+00 0.000000e+00
-3.559822e-10 0.000000e+00 0.000000e+00
1.932870e-10 0.000000e+00 0.000000e+00
-2.012348e-10 0.000000e+00 0.000000e+00
5.498049e-11 0.000000e+00 0.000000e+00
-2.210737e-10 0.000000e+00 0.000000e+00
-9.242855e-11 0.000000e+00 0.000000e+00
5.056446e-10 0.000000e+00 0.000000e+00
4.206506e-10 0.000000e+00 0.000000e+00
-3.484648e-10 0.000000e+00 0.000000e+00
-1.703027e-10 0.000000e+00 0.000000e+00
4.647810e-10 0.000000e+00 0.000000e+00
2.398956e-10 0.000000e+00 0.000000e+00
-1.130182e-10 0.000000e+00 0.000000e+00
-8.013083e-11 0.000000e+00 0.000000e+00
-3.105804e-10 0.000000e+00 0.000000e+00
1.478751e-10 0.000000e+00 0.000000e+00
-4.373843e-10 0.000000e+00 0.000000e+00
3.558934e-10 0.000000e+00 0.000000e+00
2.152377e-10 0.000000e+00 0.000000e+00
-3.476382e-10 0.000000e+00 0.000000e+00
-6.419880e-10 0.000000e+00 0.000000e+00
4.636769e-10 0.000000e+00 0.000000e+00
-6.888997e-12 0.000000e+00 0.000000e+00
-1.757888e-11 0.000000e+00 0.000000e+00
3.835759e-10 0.000000e+00 0.000000e+00
1.702941e-10 0.000000e+00 0.000000e+00
1.733622e-10 0.000000e+00 0.000000e+00
-1.508660e-10 0.000000e+00 0.000000e+00
-7.167295e-10 0.000000e+00 0.000000e+00
3.334753e-10 0.000000e+00 0.000000e+00
1.786408e-10 0.000000e+00 0.000000e+00
-1.260816e-10 0.000000e+00 0.000000e+00
-6.024998e-10 0.000000e+00 0.000000e+00
3.151994e-10 0.000000e+00 0.000000e+00
2.723308e-10 0.000000e+00 0.000000e+00
-3.050218e-10 0.000000e+00 0.000000e+00
2.694518e-10 0.000000e+00 0.000000e+00
3.433388e-10 0.000000e+00 0.000000e+00
4.025178e-10 0.000000e+00 0.000000e+00
-6.720145e-10 0.000000e+00 0.000000e+00
9.730723e-11 0.000000e+00 0.000000e+00
3.073800e-10 0.000000e+00 0.000000e+00
7.968081e-11 0.000000e+00 0.000000e+00
-6.244063e-10 0.000000e+00 0.000000e+00
5.082282e-10 0.000000e+00 0.000000e+00
3.477839e-10 0.000000e+00 0.000000e+00
-1.173556e-10 0.000000e+00 0.000000e+00
3.543339e-10 0.000000e+00 0.000000e+00
-1.764293e-10 0.000000e+00 0.000000e+00
3.742440e-10 0.000000e+00 0.000000e+00
8.089679e-11 0.000000e+00 0.000000e+00
-3.085013e-12 0.000000e+00 0.000000e+00
-3.885765e-10 0.000000e+00 0.000000e+00
-6.123673e-11 0.000000e+00 0.000000e+00
-8.817569e-11 0.000000e+00 0.000000e+00
1.930721e-10 0.000000e+00 0.000000e+00
4.679205e-10 0.000000e+00 0.000000e+00
-6.936600e-10 0.000000e+00 0.000000e+00
4.990492e-11 0.000000e+00 0.000000e+00
2.780912e-10 0.000000e+00 0.000000e+00
3.279831e-10 0.000000e+00 0.000000e+00
-1.562514e-10 0.000000e+00 0.000000e+00
1.220978e-10 0.000000e+00 0.000000e+00
-6.343814e-11 0.000000e+00 0.000000e+00
1.443998e-10 0.000000e+00 0.000000e+00
1.911119e-10 0.000000e+00 0.000000e+00
6.145847e-11 0.000000e+00 0.000000e+00
-1.987507e-10 0.000000e+00 0.000000e+00
8.151953e-11 0.000000e+00 0.000000e+00
7.476834e-11 0.000000e+00 0.000000e+00
-1.464023e-10 0.000000e+00 0.000000e+00
-2.770403e-10 0.000000e+00 0.000000e+00
2.916422e-10 0.000000e+00 0.000000e+00
2.573805e-13 0.000000e+00 0.000000e+00
2.342129e-10 0.000000e+00 0.000000e+00
-7.927192e-10 0.000000e+00 0.000000e+00
1.941217e-10 0.000000e+00 0.000000e+00
1.155209e-10 0.000000e+00 0.000000e+00
-1.842300e-10 0.000000e+00 0.000000e+00
-4.367788e-10 0.000000e+00 0.000000e+00
-3.320002e-10 0.000000e+00 0.000000e+00
-1.321965e-10 0.000000e+00 0.000000e+00
-4.461804e-10 0.000000e+00 0.000000e+00
-1.561624e-10 0.000000e+00 0.000000e+00
-5.629536e-10 0.000000e+00 0.000000e+00
-1.182327e-10 0.000000e+00 0.000000e+00
-5.570637e-10 0.000000e+00 0.000000e+00
-8.949611e-10 0.000000e+00 0.000000e+00
-1.184519e-11 0.000000e+00 0.000000e+00
-2.132050e-10 0.000000e+00 0.000000e+00
-6.730650e-11 0.000000e+00 0.000000e+00
9.559999e-12 0.000000e+00 0.000000e+00
1.239829e-10 0.000000e+00 0.000000e+00
1.426288e-10 0.000000e+00 0.000000e+00
7.179852e-11 0.000000e+00 0.000000e+00
-3.287970e-11 0.000000e+00 0.000000e+00
-2.713752e-10 0.000000e+00 0.000000e+00
-5.481022e-11 0.000000e+00 0.000000e+00
-2.617949e-10 0.000000e+00 0.000000e+00
1.215816e-11 0.000000e+00 0.000000e+00
1.059629e-10 0.000000e+00 0.000000e+00
1.044284e-10 0.000000e+00 0.000000e+00
-1.599268e-10 0.000000e+00 0.000000e+00
-2.099435e-11 0.000000e+00 0.000000e+00
-3.055429e-11 0.000000e+00 0.000000e+00
9.328147e-11 0.000000e+00 0.000000e+00
-7.110945e-10 0.000000e+00 0.000000e+00
-3.175216e-10 0.000000e+00 0.000000e+00
-9.141801e-11 0.000000e+00 0.000000e+00
-8.984403e-11 0.000000e+00 0.000000e+00
-1.553930e-10 0.000000e+00 0.000000e+00
8.979190e-11 0.000000e+00 0.000000e+00
-3.734110e-12 0.000000e+00 0.000000e+00
-2.603102e-10 0.000000e+00 0.000000e+00
-7.546611e-11 0.000000e+00 0.000000e+00
2.048371e-11 0.000000e+00 0.000000e+00
2.996761e-11 0.000000e+00 0.000000e+00
-1.178801e-10 0.000000e+00 0.000000e+00
1.521930e-10 0.000000e+00 0.000000e+00
-1.074520e-09 0.000000e+00 0.000000e+00
-4.849901e-10 0.000000e+00 0.000000e+00
-1.478786e-10 0.000000e+00 0.000000e+00
-2.700861e-10 0.000000e+00 0.000000e+00
-6.448740e-11 0.000000e+00 0.000000e+00
-2.348580e-10 0.000000e+00 0.000000e+00
-3.750339e-10 0.000000e+00 0.000000e+00
-4.035042e-11 0.000000e+00 0.000000e+00
6.476244e-11 0.000000e+00 0.000000e+00
1.436392e-10 0.000000e+00 0.000000e+00
-1.539181e-10 0.000000e+00 0.000000e+00
-2.314013e-11 0.000000e+00 0.000000e+00
-1.111867e-11 0.000000e+00 0.000000e+00
-1.725158e-12 0.000000e+00 0.000000e+00
7.280617e-11 0.000000e+00 0.000000e+00
-1.467859e-10 0.000000e+00 0.000000e+00
3.379990e-12 0.000000e+00 0.000000e+00
-4.963726e-11 0.000000e+00 0.000000e+00
-9.050538e-10 0.000000e+00 0.000000e+00
-3.804213e-10 0.000000e+00 0.000000e+00
-4.345095e-10 0.000000e+00 0.000000e+00
-3.023065e-10 0.000000e+00 0.000000e+00
7.750873e-12 0.000000e+00 0.000000e+00
-4.320922e-10 0.000000e+00 0.000000e+00
1.222186e-10 0.000000e+00 0.000000e+00
9.386429e-11 0.000000e+00 0.000000e+00
-1.101854e-10 0.000000e+00 0.000000e+00
-9.542372e-11 0.000000e+00 0.000000e+00
1.099380e-10 0.000000e+00 0.000000e+00
4.981393e-11 0.000000e+00 0.000000e+00
7.648027e-11 0.000000e+00 0.000000e+00
-4.896658e-10 0.000000e+00 0.000000e+00
-2.227093e-10 0.000000e+00 0.000000e+00
9.178296e-12 0.000000e+00 0.000000e+00
-3.312243e-10 0.000000e+00 0.000000e+00
-2.040909e-10 0.000000e+00 0.000000e+00
8.846595e-11 0.000000e+00 0.000000e+00
-1.801729e-10 0.000000e+00 0.000000e+00
8.197807e-11 0.000000e+00 0.000000e+00
-9.608628e-11 0.000000e+00 0.000000e+00
-4.239308e-10 0.000000e+00 0.000000e+00
-5.572482e-10 0.000000e+00 0.000000e+00
-5.444937e-10 0.000000e+00 0.000000e+00
-2.088986e-10 0.000000e+00 0.000000e+00
-1.384274e-09 0.000000e+00 0.000000e+00
-2.613038e-10 0.000000e+00 0.000000e+00
-5.372238e-10 0.000000e+00 0.000000e+00
-7.888327e-10 0.000000e+00 0.000000e+00
-5.859998e-12 0.000000e+00 0.000000e+00
1.601069e-10 0.000000e+00 0.000000e+00
-3.324051e-10 0.000000e+00 0.000000e+00
-2.781364e-11 0.000000e+00 0.000000e+00
5.018995e-11 0.000000e+00 0.000000e+00
-9.701479e-10 0.000000e+00 0.000000e+00
-3.556616e-10 0.000000e+00 0.000000e+00
-8.360378e-11 0.000000e+00 0.000000e+00
-4.865366e-10 0.000000e+00 0.000000e+00
1.278263e-11 0.000000e+00 0.000000e+00
3.735773e-11 0.000000e+00 0.000000e+00
1.263557e-10 0.000000e+00 0.000000e+00
-4.996401e-12 0.000000e+00 0.000000e+00
-2.512860e-10 0.000000e+00 0.000000e+00
-4.220772e-11 0.000000e+00 0.000000e+00
7.037231e-11 0.000000e+00 0.000000e+00
1.052861e-10 0.000000e+00 0.000000e+00
2.690968e-12 0.000000e+00 0.000000e+00
-5.011262e-10 0.000000e+00 0.000000e+00
-4.417451e-10 0.000000e+00 0.000000e+00
-2.996715e-10 0.000000e+00 0.000000e+00
-7.737617e-11 0.000000e+00 0.000000e+00
-4.854322e-10 0.000000e+00 0.000000e+00
1.615536e-11 0.000000e+00 0.000000e+00
-5.599539e-10 0.000000e+00 0.000000e+00
-2.738445e-10 0.000000e+00 0.000000e+00
2.651822e-12 0.000000e+00 0.000000e+00
3.078098e-12 0.000000e+00 0.000000e+00
-1.322347e-10 0.000000e+00 0.000000e+00
-1.422472e-10 0.000000e+00 0.000000e+00
-2.568013e-10 0.000000e+00 0.000000e+00
-1.479119e-11 0.000000e+00 0.000000e+00
-4.811278e-10 0.000000e+00 0.000000e+00
-3.201728e-10 0.000000e+00 0.000000e+00
-2.970189e-10 0.000000e+00 0.000000e+00
-1.884131e-10 0.000000e+00 0.000000e+00
-4.907826e-10 0.000000e+00 0.000000e+00
-9.115656e-11 0.000000e+00 0.000000e+00
8.573712e-11 0.000000e+00 0.000000e+00
-2.043288e-10 0.000000e+00 0.000000e+00
-1.715691e-10 0.000000e+00 0.000000e+00
-1.420324e-12 0.000000e+00 0.000000e+00
-3.138537e-10 0.000000e+00 0.000000e+00
-5.052586e-10 0.000000e+00 0.000000e+00
-8.791343e-10 0.000000e+00 0.000000e+00
2.464909e-11 0.000000e+00 0.000000e+00
-1.171860e-10 0.000000e+00 0.000000e+00
9.428216e-12 0.000000e+00 0.000000e+00
-8.378024e-10 0.000000e+00 0.000000e+00
-2.765545e-10 0.000000e+00 0.000000e+00
-8.369372e-10 0.000000e+00 0.000000e+00
-5.190094e-10 0.000000e+00 0.000000e+00
8.045399e-13 0.000000e+00 0.000000e+00
-1.887066e-10 0.000000e+00 0.000000e+00
-2.430217e-10 0.000000e+00 0.000000e+00
-4.611695e-10 0.000000e+00 0.000000e+00
-3.878861e-10 0.000000e+00 0.000000e+00
-7.896696e-11 0.000000e+00 0.000000e+00
-1.136275e-10 0.000000e+00 0.000000e+00
-3.234105e-10 0.000000e+00 0.000000e+00
5.006640e-11 0.000000e+00 0.000000e+00
-1.015141e-10 0.000000e+00 0.000000e+00
-6.044927e-10 0.000000e+00 0.000000e+00
-5.143228e-10 0.000000e+00 0.000000e+00
-3.295154e-10 0.000000e+00 0.000000e+00
-1.322503e-10 0.000000e+00 0.000000e+00
-6.646221e-10 0.000000e+00 0.000000e+00
-2.636954e-10 0.000000e+00 0.000000e+00
-3.752648e-10 0.000000e+00 0.000000e+00
6.054196e-11 0.000000e+00 0.000000e+00
-1.024642e-09 0.000000e+00 0.000000e+00
-4.382302e-10 0.000000e+00 0.000000e+00
-3.628028e-10 0.000000e+00 0.000000e+00
-1.396506e-10 0.000000e+00 0.000000e+00
-1.695879e-10 0.000000e+00 0.000000e+00
7.352271e-11 0.000000e+00 0.000000e+00
-2.045901e-10 0.000000e+00 0.000000e+00
-5.507303e-10 0.000000e+00 0.000000e+00
-4.075827e-10 0.000000e+00 0.000000e+00
1.313602e-10 0.000000e+00 0.000000e+00
5.130829e-11 0.000000e+00 0.000000e+00
-3.967627e-11 0.000000e+00 0.000000e+00
-1.294868e-10 0.000000e+00 0.000000e+00
-5.000844e-10 0.000000e+00 0.000000e+00
-6.877548e-11 0.000000e+00 0.000000e+00
1.101876e-10 0.000000e+00 0.000000e+00
-2.333494e-10 0.000000e+00 0.000000e+00
7.000521e-11 0.000000e+00 0.000000e+00
-8.231358e-11 0.000000e+00 0.000000e+00
1.071365e-11 0.000000e+00 0.000000e+00
1.411369e-10 0.000000e+00 0.000000e+00
-4.510698e-11 0.000000e+00 0.000000e+00
-2.031855e-10 0.000000e+00 0.000000e+00
-2.073025e-12 0.000000e+00 0.000000e+00
8.514102e-11 0.000000e+00 0.000000e+00
-6.204672e-10 0.000000e+00 0.000000e+00
-2.029182e-10 0.000000e+00 0.000000e+00
6.445378e-11 0.000000e+00 0.000000e+00
-3.992376e-10 0.000000e+00 0.000000e+00
-2.374925e-10 0.000000e+00 0.000000e+00
2.995401e-11 0.000000e+00 0.000000e+00
1.242176e-10 0.000000e+00 0.000000e+00
3.032771e-11 0.000000e+00 0.000000e+00
-1.389120e-10 0.000000e+00 0.000000e+00
-1.862948e-11 0.000000e+00 0.000000e+00
-2.682395e-10 0.000000e+00 0.000000e+00
1.308246e-10 0.000000e+00 0.000000e+00
1.458993e-11 0.000000e+00 0.000000e+00
-2.150080e-10 0.000000e+00 0.000000e+00
-2.249333e-10 0.000000e+00 0.000000e+00
-5.723857e-11 0.000000e+00 0.000000e+00
-4.874073e-10 0.000000e+00 0.000000e+00
1.171470e-10 0.000000e+00 0.000000e+00
-2.859059e-10 0.000000e+00 0.000000e+00
7.624791e-11 0.000000e+00 0.000000e+00
-3.675537e-10 0.000000e+00 0.000000e+00
-1.690082e-10 0.000000e+00 0.000000e+00
-2.555134e-10 0.000000e+00 0.000000e+00
-1.124599e-10 0.000000e+00 0.000000e+00
-4.843573e-11 0.000000e+00 0.000000e+00
-4.617244e-10 0.000000e+00 0.000000e+00
-1.228034e-10 0.000000e+00 0.000000e+00
-7.776870e-10 0.000000e+00 0.000000e+00
-2.027268e-10 0.000000e+00 0.000000e+00
1.107582e-10 0.000000e+00 0.000000e+00
-2.642303e-11 0.000000e+00 0.000000e+00
-3.928604e-10 0.000000e+00 0.000000e+00
9.667164e-11 0.000000e+00 0.000000e+00
7.951543e-11 0.000000e+00 0.000000e+00
-6.332178e-11 0.000000e+00 0.000000e+00
-2.426589e-10 0.000000e+00 0.000000e+00
-2.574002e-10 0.000000e+00 0.000000e+00
-3.253714e-11 0.000000e+00 0.000000e+00
-9.033447e-11 0.000000e+00 0.000000e+00
-1.342898e-11 0.000000e+00 0.000000e+00
-2.382370e-10 0.000000e+00 0.000000e+00
-2.678033e-10 0.000000e+00 0.000000e+00
1.361949e-11 0.000000e+00 0.000000e+00
-1.050722e-10 0.000000e+00 0.000000e+00
-4.380581e-10 0.000000e+00 0.000000e+00
-1.236981e-09 0.000000e+00 0.000000e+00
1.348272e-10 0.000000e+00 0.000000e+00
-1.686149e-10 0.000000e+00 0.000000e+00
-6.315929e-11 0.000000e+00 0.000000e+00
4.327789e-11 0.000000e+00 0.000000e+00
-4.130448e-10 0.000000e+00 0.000000e+00
-1.585493e-10 0.000000e+00 0.000000e+00
-6.835529e-10 0.000000e+00 0.000000e+00
-1.263179e-12 0.000000e+00 0.000000e+00
-5.152750e-11 0.000000e+00 0.000000e+00
2.733777e-11 0.000000e+00 0.000000e+00
-1.291496e-12 0.000000e+00 0.000000e+00
-3.140278e-10 0.000000e+00 0.000000e+00
5.886712e-11 0.000000e+00 0.000000e+00
-1.287907e-10 0.000000e+00 0.000000e+00
-2.968356e-10 0.000000e+00 0.000000e+00
-2.691326e-10 0.000000e+00 0.000000e+00
-2.766562e-10 0.000000e+00 0.000000e+00
-1.486526e-11 0.000000e+00 0.000000e+00
-3.562081e-10 0.000000e+00 0.000000e+00
-3.648913e-10 0.000000e+00 0.000000e+00
-1.366678e-10 0.000000e+00 0.000000e+00
-6.863328e-11 0.000000e+00 0.000000e+00
-2.670507e-12 0.000000e+00 0.000000e+00
-7.746592e-12 0.000000e+00 0.000000e+00
-5.496506e-10 0.000000e+00 0.000000e+00
-4.212825e-10 0.000000e+00 0.000000e+00
-9.336678e-11 0.000000e+00 0.000000e+00
-2.150487e-10 0.000000e+00 0.000000e+00
1.023969e-10 0.000000e+00 0.000000e+00
-2.419542e-10 0.000000e+00 0.000000e+00
-1.547521e-10 0.000000e+00 0.000000e+00
-7.733800e-10 0.000000e+00 0.000000e+00
-3.458385e-10 0.000000e+00 0.000000e+00
-2.323665e-10 0.000000e+00 0.000000e+00
-2.704361e-11 0.000000e+00 0.000000e+00
-5.531420e-10 0.000000e+00 0.000000e+00
-1.167777e-09 0.000000e+00 0.000000e+00
-3.190255e-10 0.000000e+00 0.000000e+00
-2.502444e-10 0.000000e+00 0.000000e+00
1.468704e-10 0.000000e+00 0.000000e+00
-1.962767e-11 0.000000e+00 0.000000e+00
8.599282e-11 0.000000e+00 0.000000e+00
-5.129631e-10 0.000000e+00 0.000000e+00
-4.553480e-11 0.000000e+00 0.000000e+00
-2.035156e-10 0.000000e+00 0.000000e+00
-6.072228e-10 0.000000e+00 0.000000e+00
3.348833e-11 0.000000e+00 0.000000e+00
1.428279e-10 0.000000e+00 0.000000e+00
5.076156e-12 0.000000e+00 0.000000e+00
1.535075e-11 0.000000e+00 0.000000e+00
-3.641171e-10 0.000000e+00 0.000000e+00
-5.362396e-10 0.000000e+00 0.000000e+00
1.045932e-10 0.000000e+00 0.000000e+00
-9.279944e-10 0.000000e+00 0.000000e+00
-2.961941e-11 0.000000e+00 0.000000e+00
-5.703240e-11 0.000000e+00 0.000000e+00
8.466488e-11 0.000000e+00 0.000000e+00
-1.702253e-10 0.000000e+00 0.000000e+00
-7.366371e-10 0.000000e+00 0.000000e+00
7.835253e-11 0.000000e+00 0.000000e+00
6.968191e-11 0.000000e+00 0.000000e+00
-2.895123e-11 0.000000e+00 0.000000e+00
-2.881393e-10 0.000000e+00 0.000000e+00
-4.918968e-10 0.000000e+00 0.000000e+00
1.035015e-10 0.000000e+00 0.000000e+00
-1.116280e-09 0.000000e+00 0.000000e+00
1.454300e-10 0.000000e+00 0.000000e+00
-1.027075e-10 0.000000e+00 0.000000e+00
-9.531586e-11 0.000000e+00 0.000000e+00
-1.056352e-10 0.000000e+00 0.000000e+00
1.384093e-11 0.000000e+00 0.000000e+00
9.373849e-11 0.000000e+00 0.000000e+00
-6.353935e-10 0.000000e+00 0.000000e+00
-6.579366e-10 0.000000e+00 0.000000e+00
-9.177778e-10 0.000000e+00 0.000000e+00
-2.502182e-10 0.000000e+00 0.000000e+00
8.436679e-11 0.000000e+00 0.000000e+00
1.330678e-10 0.000000e+00 0.000000e+00
-1.325688e-10 0.000000e+00 0.000000e+00
2.319849e-11 0.000000e+00 0.000000e+00
-3.909134e-10 0.000000e+00 0.000000e+00
-4.066493e-10 0.000000e+00 0.000000e+00
-1.842056e-10 0.000000e+00 0.000000e+00
6.581850e-11 0.000000e+00 0.000000e+00
1.367461e-11 0.000000e+00 0.000000e+00
1.607646e-10 0.000000e+00 0.000000e+00
-2.099305e-11 0.000000e+00 0.000000e+00
-3.057178e-10 0.000000e+00 0.000000e+00
-1.329572e-11 0.000000e+00 0.000000e+00
1.316970e-10 0.000000e+00 0.000000e+00
5.771941e-11 0.000000e+00 0.000000e+00
-4.645245e-10 0.000000e+00 0.000000e+00
-3.031107e-10 0.000000e+00 0.000000e+00
-7.392945e-10 0.000000e+00 0.000000e+00
-1.786305e-10 0.000000e+00 0.000000e+00
-1.776405e-10 0.000000e+00 0.000000e+00
5.004376e-11 0.000000e+00 0.000000e+00
1.465531e-10 0.000000e+00 0.000000e+00
-8.292582e-10 0.000000e+00 0.000000e+00
-1.474094e-11 0.000000e+00 0.000000e+00
-3.400232e-10 0.000000e+00 0.000000e+00
-1.904740e-10 0.000000e+00 0.000000e+00
6.423667e-11 0.000000e+00 0.000000e+00
-5.237309e-10 0.000000e+00 0.000000e+00
-1.895243e-10 0.000000e+00 0.000000e+00
-9.935529e-10 0.000000e+00 0.000000e+00
-9.273459e-11 0.000000e+00 0.000000e+00
-3.044365e-10 0.000000e+00 0.000000e+00
-8.807394e-11 0.000000e+00 0.000000e+00
-6.361208e-12 0.000000e+00 0.000000e+00
-1.989020e-10 0.000000e+00 0.000000e+00
-1.650685e-10 0.000000e+00 0.000000e+00
-4.604218e-11 0.000000e+00 0.000000e+00
8.109338e-13 0.000000e+00 0.000000e+00
-5.620863e-11 0.000000e+00 0.000000e+00
-6.098582e-10 0.000000e+00 0.000000e+00
-6.086728e-11 0.000000e+00 0.000000e+00
-2.111194e-10 0.000000e+00 0.000000e+00
-1.127025e-09 0.000000e+00 0.000000e+00
1.349250e-10 0.000000e+00 0.000000e+00
1.671223e-10 0.000000e+00 0.000000e+00
-7.098533e-10 0.000000e+00 0.000000e+00
-1.161800e-10 0.000000e+00 0.000000e+00
-8.234558e-11 0.000000e+00 0.000000e+00
-2.855568e-11 0.000000e+00 0.000000e+00
1.207039e-10 0.000000e+00 0.000000e+00
-3.374994e-10 0.000000e+00 0.000000e+00
-2.786556e-10 0.000000e+00 0.000000e+00
-8.182591e-11 0.000000e+00 0.000000e+00
1.596582e-10 0.000000e+00 0.000000e+00
1.540186e-11 0.000000e+00 0.000000e+00
-5.503493e-10 0.000000e+00 0.000000e+00
5.040279e-11 0.000000e+00 0.000000e+00
-1.771833e-10 0.000000e+00 0.000000e+00
1.326122e-10 0.000000e+00 0.000000e+00
-1.265865e-10 0.000000e+00 0.000000e+00
-8.265278e-10 0.000000e+00 0.000000e+00
1.209334e-10 0.000000e+00 0.000000e+00
-3.062244e-10 0.000000e+00 0.000000e+00
-2.659564e-10 0.000000e+00 0.000000e+00
-2.106965e-10 0.000000e+00 0.000000e+00
-3.643558e-10 0.000000e+00 0.000000e+00
-3.280328e-10 0.000000e+00 0.000000e+00
4.483443e-12 0.000000e+00 0.000000e+00
-1.513838e-10 0.000000e+00 0.000000e+00
-3.385191e-10 0.000000e+00 0.000000e+00
-7.323390e-11 0.000000e+00 0.000000e+00
-1.457395e-10 0.000000e+00 0.000000e+00
