step K U E temp
0 4.569367e-21 -3.971079e-20 -3.514142e-20 6.619158e+02
1000 1.292662e-21 -4.080788e-20 -3.951522e-20 1.872543e+02
2000 5.374131e-24 -3.910626e-20 -3.910088e-20 7.784934e-01
3000 9.820882e-21 -3.587075e-20 -2.604987e-20 1.422647e+03
4000 9.885215e-22 -3.997705e-20 -3.898853e-20 1.431966e+02
5000 2.514395e-23 -4.005660e-20 -4.003145e-20 3.642337e+00
6000 9.519348e-22 -4.054844e-20 -3.959651e-20 1.378967e+02
7000 1.642053e-21 -4.061380e-20 -3.897174e-20 2.378669e+02
8000 4.483115e-22 -4.061237e-20 -4.016406e-20 6.494213e+01
9000 1.888531e-23 -3.589628e-20 -3.587739e-20 2.735715e+00
10000 3.264055e-21 -3.719859e-20 -3.393453e-20 4.728291e+02
11000 8.313607e-21 -3.798830e-20 -2.967469e-20 1.204304e+03
12000 6.316621e-22 -3.883428e-20 -3.820262e-20 9.150219e+01
13000 7.849006e-22 -4.103066e-20 -4.024576e-20 1.137002e+02
14000 6.216841e-21 -4.088697e-20 -3.467013e-20 9.005679e+02
15000 1.007943e-22 -4.076139e-20 -4.066059e-20 1.460100e+01
16000 3.838369e-22 -4.109996e-20 -4.071613e-20 5.560238e+01
17000 2.009600e-21 -3.931666e-20 -3.730706e-20 2.911095e+02
18000 3.964409e-21 -3.354129e-20 -2.957688e-20 5.742820e+02
19000 2.547266e-22 -3.869780e-20 -3.844307e-20 3.689954e+01
20000 6.310839e-22 -2.581909e-20 -2.518800e-20 9.141844e+01
21000 2.517147e-22 -3.682399e-20 -3.657228e-20 3.646324e+01
22000 8.545448e-22 -4.096415e-20 -4.010961e-20 1.237888e+02
23000 1.198190e-23 -4.099627e-20 -4.098429e-20 1.735691e+00
24000 1.732484e-22 -4.075097e-20 -4.057772e-20 2.509666e+01
25000 6.922686e-22 -4.106774e-20 -4.037547e-20 1.002816e+02
26000 1.117344e-20 -4.063506e-20 -2.946162e-20 1.618577e+03
27000 4.620165e-21 -3.658566e-20 -3.196550e-20 6.692744e+02
28000 4.385976e-21 -3.982269e-20 -3.543671e-20 6.353499e+02
29000 1.220788e-21 -4.108502e-20 -3.986423e-20 1.768426e+02
30000 3.485885e-23 -3.859454e-20 -3.855968e-20 5.049632e+00
31000 3.106606e-21 -3.975191e-20 -3.664531e-20 4.500211e+02
32000 1.568910e-21 -4.005826e-20 -3.848935e-20 2.272714e+02
33000 1.628125e-25 -4.089145e-20 -4.089129e-20 2.358492e-02
34000 4.338681e-22 -4.068722e-20 -4.025335e-20 6.284987e+01
35000 3.694577e-21 -4.079065e-20 -3.709608e-20 5.351943e+02
36000 9.751786e-22 -3.613860e-20 -3.516342e-20 1.412638e+02
37000 4.618045e-22 -4.109033e-20 -4.062852e-20 6.689673e+01
38000 3.979889e-21 -3.343990e-20 -2.946001e-20 5.765244e+02
39000 3.293448e-21 -4.018809e-20 -3.689464e-20 4.770869e+02
40000 4.620011e-21 -3.992850e-20 -3.530849e-20 6.692521e+02
41000 3.151844e-23 -4.092011e-20 -4.088859e-20 4.565743e+00
42000 8.083945e-21 -4.100224e-20 -3.291829e-20 1.171036e+03
43000 2.861862e-22 -3.889591e-20 -3.860972e-20 4.145677e+01
44000 9.367243e-22 -4.043756e-20 -3.950083e-20 1.356933e+02
45000 2.143946e-21 -3.910291e-20 -3.695897e-20 3.105708e+02
46000 1.658537e-21 -4.062200e-20 -3.896346e-20 2.402547e+02
47000 4.094201e-21 -4.082793e-20 -3.673373e-20 5.930835e+02
48000 3.852581e-21 -3.867839e-20 -3.482581e-20 5.580826e+02
49000 4.819254e-22 -4.106875e-20 -4.058683e-20 6.981143e+01
50000 3.046890e-21 -3.566764e-20 -3.262075e-20 4.413707e+02
51000 5.485324e-23 -4.043511e-20 -4.038025e-20 7.946008e+00
52000 2.737320e-22 -4.107877e-20 -4.080504e-20 3.965266e+01
53000 2.719741e-22 -3.934084e-20 -3.906887e-20 3.939801e+01
54000 7.515364e-24 -4.108645e-20 -4.107894e-20 1.088671e+00
55000 2.397312e-21 -2.995637e-20 -2.755906e-20 3.472732e+02
56000 4.734664e-22 -4.093668e-20 -4.046322e-20 6.858606e+01
57000 7.346155e-21 -4.108693e-20 -3.374078e-20 1.064160e+03
58000 4.921205e-21 -3.683191e-20 -3.191070e-20 7.128829e+02
59000 3.152668e-21 -4.026431e-20 -3.711164e-20 4.566936e+02
60000 1.344267e-20 -3.539675e-20 -2.195408e-20 1.947297e+03
61000 1.879524e-21 -3.823194e-20 -3.635242e-20 2.722668e+02
62000 7.509279e-24 -4.102725e-20 -4.101974e-20 1.087790e+00
63000 6.072364e-21 -4.080983e-20 -3.473746e-20 8.796390e+02
64000 1.478822e-22 -4.105827e-20 -4.091039e-20 2.142213e+01
65000 4.245244e-22 -3.964836e-20 -3.922383e-20 6.149636e+01
66000 1.164056e-21 -4.082395e-20 -3.965989e-20 1.686244e+02
67000 8.508958e-22 -3.983287e-20 -3.898198e-20 1.232603e+02
68000 2.724045e-21 -3.189830e-20 -2.917426e-20 3.946035e+02
69000 8.035673e-22 -3.664490e-20 -3.584134e-20 1.164043e+02
70000 5.334632e-22 -4.090614e-20 -4.037268e-20 7.727717e+01
71000 2.455500e-21 -3.975288e-20 -3.729738e-20 3.557023e+02
72000 2.211257e-21 -4.040432e-20 -3.819306e-20 3.203214e+02
73000 8.005742e-22 -3.915639e-20 -3.835582e-20 1.159707e+02
74000 2.146853e-22 -3.712201e-20 -3.690732e-20 3.109919e+01
75000 2.032012e-21 -3.971559e-20 -3.768358e-20 2.943561e+02
76000 3.633007e-22 -4.107779e-20 -4.071449e-20 5.262753e+01
77000 5.935150e-22 -4.068803e-20 -4.009452e-20 8.597624e+01
78000 2.557308e-21 -4.101619e-20 -3.845888e-20 3.704502e+02
79000 9.004464e-23 -4.109544e-20 -4.100540e-20 1.304381e+01
80000 1.156924e-23 -4.107637e-20 -4.106480e-20 1.675913e+00
81000 1.272732e-22 -3.719511e-20 -3.706784e-20 1.843673e+01
82000 3.040211e-21 -3.988478e-20 -3.684457e-20 4.404031e+02
83000 1.971564e-22 -4.108769e-20 -4.089054e-20 2.855996e+01
84000 3.578831e-23 -4.106472e-20 -4.102893e-20 5.184274e+00
85000 4.360475e-24 -3.924557e-20 -3.924121e-20 6.316558e-01
86000 3.479048e-22 -4.060144e-20 -4.025353e-20 5.039729e+01
87000 1.335133e-23 -3.926414e-20 -3.925079e-20 1.934066e+00
88000 5.705966e-22 -4.106626e-20 -4.049566e-20 8.265629e+01
89000 4.036530e-26 -3.932864e-20 -3.932859e-20 5.847294e-03
90000 8.271214e-21 -4.098954e-20 -3.271832e-20 1.198163e+03
91000 2.950150e-21 -4.108567e-20 -3.813552e-20 4.273570e+02
92000 1.877283e-23 -4.094840e-20 -4.092962e-20 2.719422e+00
93000 8.133211e-22 -3.759193e-20 -3.677861e-20 1.178172e+02
94000 3.493994e-21 -4.104066e-20 -3.754667e-20 5.061378e+02
95000 5.673837e-21 -3.899613e-20 -3.332229e-20 8.219087e+02
96000 2.901764e-22 -4.073199e-20 -4.044181e-20 4.203479e+01
97000 8.995881e-23 -3.991107e-20 -3.982111e-20 1.303138e+01
98000 1.940765e-21 -3.841980e-20 -3.647904e-20 2.811381e+02
99000 1.003643e-20 -4.107214e-20 -3.103572e-20 1.453871e+03
100000 1.324365e-22 -4.107942e-20 -4.094699e-20 1.918468e+01
101000 4.501499e-21 -3.832668e-20 -3.382518e-20 6.520845e+02
102000 8.301358e-22 -4.106809e-20 -4.023796e-20 1.202530e+02
103000 1.420660e-20 -3.872111e-20 -2.451451e-20 2.057960e+03
104000 6.693575e-22 -3.402298e-20 -3.335363e-20 9.696274e+01
105000 2.092074e-22 -4.032297e-20 -4.011376e-20 3.030565e+01
106000 3.603806e-22 -3.999263e-20 -3.963225e-20 5.220452e+01
107000 2.399846e-21 -4.090861e-20 -3.850876e-20 3.476403e+02
108000 1.066679e-22 -3.730770e-20 -3.720103e-20 1.545184e+01
109000 2.724083e-23 -3.992141e-20 -3.989417e-20 3.946091e+00
110000 1.701780e-22 -4.065741e-20 -4.048724e-20 2.465188e+01
111000 5.554648e-21 -3.961606e-20 -3.406142e-20 8.046430e+02
112000 7.253245e-22 -4.109092e-20 -4.036560e-20 1.050701e+02
113000 2.710814e-23 -4.064093e-20 -4.061382e-20 3.926869e+00
114000 3.344570e-21 -3.992872e-20 -3.658415e-20 4.844925e+02
115000 6.328525e-21 -3.864573e-20 -3.231720e-20 9.167464e+02
116000 3.859235e-21 -4.108095e-20 -3.722172e-20 5.590464e+02
117000 8.253441e-22 -3.999932e-20 -3.917397e-20 1.195589e+02
118000 3.003866e-22 -4.091763e-20 -4.061724e-20 4.351382e+01
119000 1.936810e-22 -3.767276e-20 -3.747908e-20 2.805652e+01
120000 4.831619e-21 -3.949963e-20 -3.466801e-20 6.999055e+02
121000 3.718775e-22 -3.311380e-20 -3.274192e-20 5.386995e+01
122000 4.973351e-23 -4.085838e-20 -4.080865e-20 7.204366e+00
123000 4.583686e-24 -4.044497e-20 -4.044039e-20 6.639900e-01
124000 9.412578e-22 -3.629224e-20 -3.535098e-20 1.363501e+02
125000 1.876195e-21 -3.330535e-20 -3.142916e-20 2.717845e+02
126000 4.681556e-22 -4.076284e-20 -4.029468e-20 6.781675e+01
127000 9.930971e-21 -3.749468e-20 -2.756371e-20 1.438595e+03
128000 5.394301e-22 -4.001074e-20 -3.947131e-20 7.814153e+01
129000 1.498397e-24 -3.744556e-20 -3.744406e-20 2.170569e-01
130000 3.318815e-24 -3.978014e-20 -3.977682e-20 4.807616e-01
131000 2.360130e-22 -3.877717e-20 -3.854116e-20 3.418871e+01
132000 6.981500e-21 -3.617669e-20 -2.919519e-20 1.011336e+03
133000 3.185651e-21 -3.955622e-20 -3.637057e-20 4.614716e+02
134000 4.018891e-22 -3.637805e-20 -3.597616e-20 5.821743e+01
135000 2.847985e-21 -4.069779e-20 -3.784981e-20 4.125574e+02
136000 2.103639e-21 -3.757714e-20 -3.547350e-20 3.047319e+02
137000 1.211592e-22 -3.788346e-20 -3.776230e-20 1.755105e+01
138000 9.307250e-23 -3.861705e-20 -3.852397e-20 1.348243e+01
139000 6.503734e-21 -3.833851e-20 -3.183478e-20 9.421271e+02
140000 1.730964e-21 -4.087732e-20 -3.914635e-20 2.507464e+02
141000 5.808694e-21 -3.591422e-20 -3.010553e-20 8.414440e+02
142000 1.773735e-21 -4.016453e-20 -3.839080e-20 2.569422e+02
143000 5.360971e-22 -4.090766e-20 -4.037156e-20 7.765871e+01
144000 1.880699e-21 -4.099439e-20 -3.911369e-20 2.724369e+02
145000 8.432451e-21 -3.540563e-20 -2.697318e-20 1.221520e+03
146000 6.729964e-21 -4.050414e-20 -3.377417e-20 9.748986e+02
147000 2.825590e-22 -3.559830e-20 -3.531574e-20 4.093133e+01
148000 2.649189e-24 -3.982494e-20 -3.982229e-20 3.837599e-01
149000 1.612396e-21 -3.816868e-20 -3.655628e-20 2.335707e+02
150000 4.247563e-21 -4.109836e-20 -3.685079e-20 6.152995e+02
151000 4.390545e-23 -3.920418e-20 -3.916027e-20 6.360118e+00
152000 4.453508e-21 -3.438446e-20 -2.993095e-20 6.451325e+02
153000 5.874791e-22 -4.067649e-20 -4.008901e-20 8.510188e+01
154000 1.293060e-21 -3.703027e-20 -3.573721e-20 1.873119e+02
155000 5.847975e-23 -3.913551e-20 -3.907703e-20 8.471343e+00
156000 3.520699e-22 -4.091409e-20 -4.056202e-20 5.100064e+01
157000 1.143205e-24 -3.913079e-20 -3.912965e-20 1.656040e-01
158000 6.735281e-22 -3.836064e-20 -3.768712e-20 9.756689e+01
159000 5.213960e-21 -3.570311e-20 -3.048915e-20 7.552911e+02
160000 6.500736e-22 -4.101016e-20 -4.036009e-20 9.416927e+01
161000 5.239525e-25 -3.879788e-20 -3.879736e-20 7.589945e-02
162000 3.074963e-22 -3.868019e-20 -3.837269e-20 4.454373e+01
163000 5.026705e-21 -4.042249e-20 -3.539578e-20 7.281655e+02
164000 9.197422e-21 -3.967636e-20 -3.047894e-20 1.332333e+03
165000 1.844056e-20 -3.988910e-20 -2.144854e-20 2.671288e+03
166000 1.160282e-21 -3.910223e-20 -3.794195e-20 1.680778e+02
167000 3.578393e-22 -4.108494e-20 -4.072710e-20 5.183639e+01
168000 2.501133e-21 -4.095728e-20 -3.845615e-20 3.623127e+02
169000 2.773784e-22 -4.046272e-20 -4.018534e-20 4.018087e+01
170000 4.551693e-21 -4.088532e-20 -3.633363e-20 6.593555e+02
171000 1.408639e-21 -3.609400e-20 -3.468536e-20 2.040547e+02
172000 4.610156e-21 -3.773143e-20 -3.312128e-20 6.678244e+02
173000 1.734576e-21 -3.996421e-20 -3.822963e-20 2.512696e+02
174000 3.825777e-22 -4.094251e-20 -4.055994e-20 5.541998e+01
175000 1.017653e-21 -4.097782e-20 -3.996016e-20 1.474166e+02
176000 4.481937e-21 -3.382589e-20 -2.934396e-20 6.492508e+02
177000 1.769822e-25 -4.080108e-20 -4.080090e-20 2.563754e-02
178000 6.489679e-22 -4.109992e-20 -4.045096e-20 9.400910e+01
179000 1.530825e-23 -4.105450e-20 -4.103919e-20 2.217544e+00
180000 1.859953e-21 -4.096200e-20 -3.910204e-20 2.694317e+02
181000 3.233187e-21 -3.850361e-20 -3.527042e-20 4.683575e+02
182000 1.192002e-22 -4.029618e-20 -4.017698e-20 1.726727e+01
183000 3.115361e-24 -4.092168e-20 -4.091857e-20 4.512893e-01
184000 3.429682e-21 -4.096424e-20 -3.753456e-20 4.968218e+02
185000 1.496661e-21 -3.669618e-20 -3.519952e-20 2.168054e+02
186000 2.864601e-25 -3.778514e-20 -3.778485e-20 4.149644e-02
187000 2.764731e-21 -4.052049e-20 -3.775576e-20 4.004973e+02
188000 1.414183e-22 -4.095732e-20 -4.081590e-20 2.048577e+01
189000 3.438469e-21 -4.049123e-20 -3.705276e-20 4.980946e+02
190000 5.097115e-21 -3.975891e-20 -3.466179e-20 7.383651e+02
191000 2.477360e-21 -3.944723e-20 -3.696987e-20 3.588689e+02
192000 1.292322e-23 -4.104760e-20 -4.103468e-20 1.872050e+00
193000 5.610150e-21 -3.650623e-20 -3.089608e-20 8.126831e+02
194000 4.942250e-22 -4.093708e-20 -4.044285e-20 7.159314e+01
195000 1.947264e-22 -4.043660e-20 -4.024187e-20 2.820795e+01
196000 3.992576e-21 -3.919701e-20 -3.520443e-20 5.783623e+02
197000 2.362263e-21 -3.486780e-20 -3.250554e-20 3.421960e+02
198000 6.598459e-22 -3.612890e-20 -3.546906e-20 9.558488e+01
199000 8.976822e-23 -3.945601e-20 -3.936624e-20 1.300377e+01
200000 1.001205e-21 -4.102548e-20 -4.002427e-20 1.450340e+02
201000 1.448291e-21 -3.622883e-20 -3.478054e-20 2.097985e+02
202000 9.149586e-22 -4.017311e-20 -3.925816e-20 1.325404e+02
203000 7.397259e-23 -4.082563e-20 -4.075166e-20 1.071563e+01
204000 1.242235e-20 -4.037211e-20 -2.794975e-20 1.799495e+03
205000 1.533414e-21 -3.911481e-20 -3.758140e-20 2.221295e+02
206000 2.040982e-24 -3.893661e-20 -3.893457e-20 2.956555e-01
207000 1.315736e-21 -3.686473e-20 -3.554900e-20 1.905967e+02
208000 5.343097e-22 -4.052353e-20 -3.998922e-20 7.739979e+01
209000 1.015116e-24 -3.290462e-20 -3.290361e-20 1.470492e-01
210000 1.182200e-23 -4.099886e-20 -4.098704e-20 1.712528e+00
211000 4.219165e-21 -3.693089e-20 -3.271173e-20 6.111858e+02
212000 7.074343e-27 -4.033337e-20 -4.033337e-20 1.024785e-03
213000 9.106437e-22 -4.109993e-20 -4.018929e-20 1.319153e+02
214000 5.386855e-21 -3.919600e-20 -3.380914e-20 7.803367e+02
215000 7.511681e-21 -3.626494e-20 -2.875326e-20 1.088138e+03
216000 6.279522e-21 -4.108773e-20 -3.480820e-20 9.096478e+02
217000 5.748109e-22 -4.109186e-20 -4.051705e-20 8.326676e+01
218000 2.981718e-22 -4.020504e-20 -3.990687e-20 4.319299e+01
219000 2.976370e-22 -3.810815e-20 -3.781052e-20 4.311553e+01
220000 4.602181e-22 -8.054108e-21 -7.593890e-21 6.666692e+01
221000 7.701680e-22 -4.006286e-20 -3.929270e-20 1.115661e+02
222000 6.016945e-23 -4.035636e-20 -4.029619e-20 8.716111e+00
223000 1.527392e-21 -3.855308e-20 -3.702569e-20 2.212571e+02
224000 2.422131e-22 -4.062883e-20 -4.038662e-20 3.508685e+01
225000 5.971803e-23 -2.904736e-20 -2.898765e-20 8.650719e+00
226000 1.192153e-21 -4.072174e-20 -3.952959e-20 1.726945e+02
227000 1.140513e-22 -3.618965e-20 -3.607560e-20 1.652140e+01
228000 1.393153e-21 -3.978015e-20 -3.838700e-20 2.018113e+02
229000 4.191440e-21 -3.845245e-20 -3.426101e-20 6.071696e+02
230000 9.235278e-21 -4.097278e-20 -3.173750e-20 1.337817e+03
231000 1.189529e-21 -4.051003e-20 -3.932051e-20 1.723145e+02
232000 6.100832e-21 -3.904184e-20 -3.294101e-20 8.837630e+02
233000 6.302369e-21 -4.095391e-20 -3.465154e-20 9.129575e+02
234000 4.788045e-23 -4.051882e-20 -4.047094e-20 6.935934e+00
235000 6.970404e-22 -3.696496e-20 -3.626792e-20 1.009729e+02
236000 1.663270e-21 -3.653110e-20 -3.486783e-20 2.409403e+02
237000 3.509468e-21 -4.103093e-20 -3.752147e-20 5.083794e+02
238000 2.420156e-21 -3.801272e-20 -3.559256e-20 3.505824e+02
239000 2.454033e-21 -4.009879e-20 -3.764476e-20 3.554897e+02
240000 8.784133e-21 -3.943310e-20 -3.064897e-20 1.272464e+03
241000 1.645268e-21 -4.060588e-20 -3.896061e-20 2.383326e+02
242000 4.963071e-21 -3.592392e-20 -3.096084e-20 7.189475e+02
243000 1.498621e-24 -3.005069e-20 -3.004919e-20 2.170893e-01
244000 7.022585e-22 -4.023733e-20 -3.953508e-20 1.017287e+02
245000 2.219734e-22 -4.094995e-20 -4.072798e-20 3.215493e+01
246000 1.677127e-20 -3.807712e-20 -2.130585e-20 2.429476e+03
247000 2.020302e-21 -4.025010e-20 -3.822979e-20 2.926598e+02
248000 2.004767e-22 -3.899429e-20 -3.879381e-20 2.904094e+01
249000 5.622190e-22 -4.088208e-20 -4.031986e-20 8.144272e+01
250000 2.103483e-23 -4.050209e-20 -4.048106e-20 3.047094e+00
251000 1.273631e-24 -3.877493e-20 -3.877366e-20 1.844975e-01
252000 1.602099e-22 -4.092304e-20 -4.076283e-20 2.320791e+01
253000 1.399834e-22 -4.108986e-20 -4.094988e-20 2.027792e+01
254000 1.973565e-21 -4.106347e-20 -3.908990e-20 2.858894e+02
255000 1.635898e-21 -4.098738e-20 -3.935148e-20 2.369752e+02
256000 2.640965e-21 -3.985574e-20 -3.721478e-20 3.825686e+02
257000 2.139350e-22 -4.079611e-20 -4.058218e-20 3.099050e+01
258000 1.905199e-22 -3.302241e-20 -3.283189e-20 2.759860e+01
259000 1.410316e-21 -3.999414e-20 -3.858383e-20 2.042976e+02
260000 7.192364e-22 -4.087692e-20 -4.015768e-20 1.041882e+02
261000 6.612776e-21 -4.013708e-20 -3.352430e-20 9.579228e+02
262000 1.016725e-21 -3.891988e-20 -3.790316e-20 1.472822e+02
263000 4.585931e-22 -3.709933e-20 -3.664073e-20 6.643153e+01
264000 4.766380e-22 -2.954034e-20 -2.906370e-20 6.904549e+01
265000 1.740556e-21 -2.696978e-20 -2.522923e-20 2.521360e+02
266000 3.104800e-21 -4.108036e-20 -3.797556e-20 4.497595e+02
267000 8.228729e-22 -4.071497e-20 -3.989209e-20 1.192009e+02
268000 6.491001e-21 -3.979542e-20 -3.330442e-20 9.402825e+02
269000 7.081014e-22 -3.985438e-20 -3.914628e-20 1.025752e+02
270000 6.050515e-24 -4.078205e-20 -4.077600e-20 8.764740e-01
271000 9.423548e-22 -3.597509e-20 -3.503273e-20 1.365090e+02
272000 2.425440e-25 -3.972251e-20 -3.972226e-20 3.513478e-02
273000 1.614674e-21 -4.068039e-20 -3.906572e-20 2.339007e+02
274000 4.221370e-22 -4.109832e-20 -4.067618e-20 6.115051e+01
275000 1.903429e-22 -4.078847e-20 -4.059813e-20 2.757295e+01
276000 3.384481e-21 -4.088587e-20 -3.750139e-20 4.902739e+02
277000 4.780624e-21 -3.879696e-20 -3.401634e-20 6.925183e+02
278000 2.256932e-24 -3.706604e-20 -3.706379e-20 3.269378e-01
279000 1.607980e-21 -3.917732e-20 -3.756934e-20 2.329311e+02
280000 1.537105e-21 -4.100375e-20 -3.946665e-20 2.226641e+02
281000 1.200169e-20 -4.058057e-20 -2.857888e-20 1.738558e+03
282000 9.977193e-22 -4.021762e-20 -3.921990e-20 1.445290e+02
283000 1.357850e-22 -3.717313e-20 -3.703734e-20 1.966973e+01
284000 6.065196e-23 -4.075057e-20 -4.068992e-20 8.786007e+00
285000 2.228883e-21 -4.094459e-20 -3.871571e-20 3.228747e+02
286000 3.453849e-21 -4.109668e-20 -3.764283e-20 5.003226e+02
287000 5.240674e-21 -3.841148e-20 -3.317081e-20 7.591609e+02
288000 1.727510e-21 -3.987240e-20 -3.814489e-20 2.502460e+02
289000 1.988239e-21 -4.024189e-20 -3.825365e-20 2.880151e+02
290000 6.127733e-21 -4.098240e-20 -3.485467e-20 8.876598e+02
291000 5.099123e-21 -4.099665e-20 -3.589753e-20 7.386559e+02
292000 5.276027e-22 -3.983758e-20 -3.930998e-20 7.642822e+01
293000 4.381910e-21 -4.103400e-20 -3.665209e-20 6.347609e+02
294000 2.275094e-22 -3.976185e-20 -3.953434e-20 3.295687e+01
295000 1.504436e-22 -4.086162e-20 -4.071118e-20 2.179318e+01
296000 7.448039e-22 -3.960514e-20 -3.886034e-20 1.078918e+02
297000 7.590400e-25 -4.084656e-20 -4.084580e-20 1.099541e-01
298000 1.476851e-23 -4.105952e-20 -4.104475e-20 2.139357e+00
299000 3.229478e-21 -3.371551e-20 -3.048603e-20 4.678202e+02
300000 2.379630e-21 -4.092582e-20 -3.854619e-20 3.447118e+02
301000 3.999698e-23 -3.420653e-20 -3.416654e-20 5.793940e+00
302000 2.320645e-22 -4.089951e-20 -4.066745e-20 3.361672e+01
303000 2.148198e-21 -4.104104e-20 -3.889284e-20 3.111866e+02
304000 1.270147e-21 -4.095114e-20 -3.968099e-20 1.839927e+02
305000 6.565919e-26 -4.108103e-20 -4.108097e-20 9.511351e-03
306000 3.127179e-21 -2.905273e-20 -2.592555e-20 4.530014e+02
307000 3.124717e-22 -4.095745e-20 -4.064498e-20 4.526446e+01
308000 5.236425e-21 -3.298777e-20 -2.775134e-20 7.585454e+02
309000 4.380199e-22 -4.085868e-20 -4.042066e-20 6.345131e+01
310000 5.106586e-22 -4.081739e-20 -4.030673e-20 7.397371e+01
311000 1.456108e-22 -4.108323e-20 -4.093762e-20 2.109309e+01
312000 3.091117e-22 -4.103984e-20 -4.073073e-20 4.477773e+01
313000 2.428395e-23 -4.101425e-20 -4.098996e-20 3.517758e+00
314000 3.342805e-26 -4.092088e-20 -4.092085e-20 4.842367e-03
315000 1.693418e-23 -4.093724e-20 -4.092031e-20 2.453076e+00
316000 1.676105e-21 -3.744012e-20 -3.576401e-20 2.427996e+02
317000 2.728896e-21 -3.387421e-20 -3.114531e-20 3.953063e+02
318000 4.551345e-21 -4.066745e-20 -3.611610e-20 6.593052e+02
319000 7.687165e-22 -4.011645e-20 -3.934773e-20 1.113558e+02
320000 4.148353e-24 -3.892005e-20 -3.891590e-20 6.009280e-01
321000 3.616547e-21 -4.006891e-20 -3.645237e-20 5.238909e+02
322000 3.315094e-21 -4.014574e-20 -3.683065e-20 4.802226e+02
323000 1.022791e-23 -3.670624e-20 -3.669601e-20 1.481609e+00
324000 1.235351e-21 -4.077523e-20 -3.953987e-20 1.789523e+02
325000 7.379409e-22 -3.942860e-20 -3.869066e-20 1.068977e+02
326000 3.355251e-21 -4.050478e-20 -3.714953e-20 4.860397e+02
327000 1.124402e-22 -3.972392e-20 -3.961148e-20 1.628802e+01
328000 5.673277e-21 -4.081421e-20 -3.514093e-20 8.218276e+02
329000 9.194494e-22 -3.988826e-20 -3.896881e-20 1.331909e+02
330000 1.667541e-22 -4.082054e-20 -4.065379e-20 2.415590e+01
331000 7.953813e-22 -3.948590e-20 -3.869052e-20 1.152185e+02
332000 6.303535e-22 -4.065011e-20 -4.001976e-20 9.131264e+01
333000 5.896177e-22 -3.452478e-20 -3.393516e-20 8.541167e+01
334000 1.544474e-21 -4.106578e-20 -3.952131e-20 2.237316e+02
335000 3.009368e-21 -3.367419e-20 -3.066482e-20 4.359352e+02
336000 4.735675e-21 -4.085589e-20 -3.612022e-20 6.860070e+02
337000 2.366106e-23 -3.636580e-20 -3.634214e-20 3.427527e+00
338000 2.627051e-21 -4.099989e-20 -3.837284e-20 3.805530e+02
339000 2.296058e-23 -3.451738e-20 -3.449442e-20 3.326056e+00
340000 1.631516e-21 -4.087570e-20 -3.924418e-20 2.363404e+02
341000 1.511775e-20 -4.089440e-20 -2.577665e-20 2.189949e+03
342000 1.929270e-21 -4.076051e-20 -3.883124e-20 2.794729e+02
343000 4.899879e-22 -3.935803e-20 -3.886804e-20 7.097936e+01
344000 2.284936e-22 -4.101326e-20 -4.078477e-20 3.309944e+01
345000 2.729746e-24 -4.082294e-20 -4.082021e-20 3.954293e-01
346000 8.037526e-24 -3.625685e-20 -3.624881e-20 1.164311e+00
347000 2.148161e-21 -3.957151e-20 -3.742335e-20 3.111814e+02
348000 1.490514e-22 -4.035119e-20 -4.020214e-20 2.159150e+01
349000 9.765949e-21 -3.827160e-20 -2.850565e-20 1.414690e+03
350000 3.544479e-21 -4.102064e-20 -3.747616e-20 5.134512e+02
351000 8.481357e-22 -4.086002e-20 -4.001188e-20 1.228604e+02
352000 7.375851e-21 -4.105557e-20 -3.367972e-20 1.068461e+03
353000 5.513836e-22 -3.353686e-20 -3.298548e-20 7.987310e+01
354000 2.631101e-22 -4.107285e-20 -4.080974e-20 3.811397e+01
355000 1.404488e-22 -3.806749e-20 -3.792704e-20 2.034533e+01
356000 1.256118e-22 -4.051669e-20 -4.039108e-20 1.819605e+01
357000 1.226203e-21 -3.358454e-20 -3.235834e-20 1.776270e+02
358000 3.799744e-22 -4.109718e-20 -4.071721e-20 5.504286e+01
359000 3.054865e-21 -4.041731e-20 -3.736244e-20 4.425259e+02
360000 4.671423e-21 -3.959779e-20 -3.492637e-20 6.766996e+02
361000 1.142413e-22 -2.382402e-20 -2.370978e-20 1.654892e+01
362000 1.784739e-20 -4.088589e-20 -2.303850e-20 2.585362e+03
363000 1.600344e-21 -4.047975e-20 -3.887940e-20 2.318249e+02
364000 1.979828e-24 -4.081170e-20 -4.080972e-20 2.867967e-01
365000 4.796159e-21 -4.003297e-20 -3.523681e-20 6.947688e+02
366000 1.797986e-21 -3.961109e-20 -3.781310e-20 2.604551e+02
367000 3.801885e-22 -3.466397e-20 -3.428378e-20 5.507388e+01
368000 4.043565e-22 -4.094292e-20 -4.053856e-20 5.857484e+01
369000 1.327513e-23 -3.968026e-20 -3.966699e-20 1.923027e+00
370000 1.729509e-21 -3.714699e-20 -3.541749e-20 2.505357e+02
371000 1.764887e-21 -4.097050e-20 -3.920562e-20 2.556605e+02
372000 2.754917e-22 -4.013430e-20 -3.985881e-20 3.990757e+01
373000 1.357414e-22 -2.931293e-20 -2.917719e-20 1.966342e+01
374000 3.292309e-22 -3.986358e-20 -3.953435e-20 4.769219e+01
375000 6.317546e-23 -3.331464e-20 -3.325147e-20 9.151560e+00
376000 3.235439e-21 -4.058003e-20 -3.734459e-20 4.686837e+02
377000 2.316687e-23 -4.085719e-20 -4.083403e-20 3.355939e+00
378000 4.370994e-22 -4.098881e-20 -4.055171e-20 6.331796e+01
379000 3.007216e-21 -3.506655e-20 -3.205933e-20 4.356236e+02
380000 5.050453e-21 -3.989719e-20 -3.484674e-20 7.316057e+02
381000 2.084348e-22 -3.929539e-20 -3.908695e-20 3.019374e+01
382000 2.319387e-22 -4.041856e-20 -4.018662e-20 3.359851e+01
383000 1.743655e-22 -4.057605e-20 -4.040168e-20 2.525848e+01
384000 3.086921e-22 -4.094575e-20 -4.063705e-20 4.471696e+01
385000 5.941705e-21 -3.842137e-20 -3.247966e-20 8.607119e+02
386000 2.248766e-21 -4.109217e-20 -3.884341e-20 3.257549e+02
387000 8.846607e-21 -4.109484e-20 -3.224824e-20 1.281514e+03
388000 1.516257e-21 -4.071200e-20 -3.919575e-20 2.196441e+02
389000 4.821309e-22 -3.843844e-20 -3.795631e-20 6.984120e+01
390000 2.736364e-22 -4.082741e-20 -4.055377e-20 3.963881e+01
391000 3.572521e-21 -3.776350e-20 -3.419098e-20 5.175133e+02
392000 1.670643e-21 -4.023409e-20 -3.856345e-20 2.420084e+02
393000 2.718885e-21 -3.829932e-20 -3.558044e-20 3.938561e+02
394000 4.048557e-22 -4.109755e-20 -4.069270e-20 5.864716e+01
395000 5.702877e-21 -4.108349e-20 -3.538061e-20 8.261153e+02
396000 1.477861e-21 -3.975565e-20 -3.827779e-20 2.140821e+02
397000 2.889711e-21 -4.035374e-20 -3.746403e-20 4.186018e+02
398000 4.178864e-21 -4.104392e-20 -3.686506e-20 6.053478e+02
399000 1.726727e-26 -3.972529e-20 -3.972527e-20 2.501327e-03
400000 3.206287e-22 -4.042373e-20 -4.010310e-20 4.644609e+01
401000 8.577342e-22 -4.093832e-20 -4.008058e-20 1.242509e+02
402000 9.742176e-22 -4.109900e-20 -4.012479e-20 1.411246e+02
403000 1.462857e-21 -4.063340e-20 -3.917054e-20 2.119087e+02
404000 6.674748e-23 -4.095109e-20 -4.088435e-20 9.669001e+00
405000 1.535961e-22 -3.714702e-20 -3.699342e-20 2.224984e+01
406000 7.715844e-22 -3.973386e-20 -3.896227e-20 1.117713e+02
407000 3.499573e-21 -3.767785e-20 -3.417828e-20 5.069460e+02
408000 1.184523e-21 -4.094962e-20 -3.976509e-20 1.715893e+02
409000 3.796524e-21 -3.170986e-20 -2.791333e-20 5.499623e+02
410000 6.015277e-21 -3.790682e-20 -3.189154e-20 8.713695e+02
411000 3.565352e-21 -4.108220e-20 -3.751685e-20 5.164748e+02
412000 9.909747e-21 -3.866724e-20 -2.875749e-20 1.435520e+03
413000 2.048748e-21 -4.084142e-20 -3.879267e-20 2.967804e+02
414000 9.973494e-23 -4.109774e-20 -4.099800e-20 1.444755e+01
415000 1.276859e-22 -3.593476e-20 -3.580707e-20 1.849650e+01
416000 1.778276e-21 -4.071745e-20 -3.893918e-20 2.576001e+02
417000 9.389713e-22 -4.100971e-20 -4.007074e-20 1.360188e+02
418000 2.424141e-21 -3.969225e-20 -3.726811e-20 3.511596e+02
419000 2.134523e-21 -4.107805e-20 -3.894352e-20 3.092058e+02
420000 3.889991e-22 -4.078508e-20 -4.039608e-20 5.635018e+01
421000 1.176703e-21 -3.705775e-20 -3.588105e-20 1.704565e+02
422000 4.519034e-22 -4.081087e-20 -4.035897e-20 6.546246e+01
423000 1.105867e-23 -4.081069e-20 -4.079963e-20 1.601953e+00
424000 8.484031e-22 -3.949123e-20 -3.864283e-20 1.228992e+02
425000 4.895821e-21 -4.045016e-20 -3.555434e-20 7.092058e+02
426000 3.919449e-21 -4.054814e-20 -3.662869e-20 5.677691e+02
427000 8.032613e-23 -4.105241e-20 -4.097209e-20 1.163600e+01
428000 1.510586e-21 -4.044036e-20 -3.892977e-20 2.188226e+02
429000 6.858754e-22 -4.097683e-20 -4.029095e-20 9.935551e+01
430000 1.841834e-22 -3.466677e-20 -3.448259e-20 2.668070e+01
431000 2.157517e-21 -3.721455e-20 -3.505703e-20 3.125367e+02
432000 4.593363e-21 -3.955347e-20 -3.496011e-20 6.653919e+02
433000 6.803552e-23 -4.069862e-20 -4.063059e-20 9.855586e+00
434000 1.020267e-22 -3.603909e-20 -3.593706e-20 1.477953e+01
435000 1.986673e-21 -4.005923e-20 -3.807256e-20 2.877883e+02
436000 3.522226e-22 -4.091788e-20 -4.056566e-20 5.102276e+01
437000 1.848112e-22 -4.100680e-20 -4.082199e-20 2.677165e+01
438000 1.202104e-22 -3.985090e-20 -3.973069e-20 1.741361e+01
439000 3.452252e-21 -4.073276e-20 -3.728051e-20 5.000911e+02
440000 2.463757e-21 -3.875205e-20 -3.628830e-20 3.568984e+02
441000 4.660863e-22 -3.853199e-20 -3.806591e-20 6.751699e+01
442000 8.646141e-22 -4.027960e-20 -3.941499e-20 1.252475e+02
443000 8.753546e-21 -3.956025e-20 -3.080670e-20 1.268034e+03
444000 8.877265e-22 -3.641454e-20 -3.552681e-20 1.285955e+02
445000 8.599108e-22 -3.607194e-20 -3.521203e-20 1.245662e+02
446000 1.457447e-20 -4.109928e-20 -2.652481e-20 2.111249e+03
447000 3.752755e-24 -4.109535e-20 -4.109160e-20 5.436219e-01
448000 2.175394e-24 -3.801909e-20 -3.801691e-20 3.151263e-01
449000 4.834508e-22 -4.060461e-20 -4.012116e-20 7.003240e+01
450000 1.135859e-22 -4.058538e-20 -4.047180e-20 1.645399e+01
451000 4.092846e-22 -4.078187e-20 -4.037259e-20 5.928873e+01
452000 3.105370e-21 -3.540703e-20 -3.230166e-20 4.498420e+02
453000 5.102558e-21 -3.889988e-20 -3.379732e-20 7.391535e+02
454000 9.076213e-21 -4.055132e-20 -3.147510e-20 1.314775e+03
455000 3.096163e-22 -4.087492e-20 -4.056530e-20 4.485084e+01
456000 2.005455e-22 -3.691518e-20 -3.671464e-20 2.905091e+01
457000 2.343471e-24 -3.917143e-20 -3.916908e-20 3.394738e-01
458000 7.078498e-21 -3.971908e-20 -3.264058e-20 1.025387e+03
459000 5.964026e-21 -3.989223e-20 -3.392820e-20 8.639454e+02
460000 3.325183e-21 -3.975172e-20 -3.642653e-20 4.816840e+02
461000 5.248538e-21 -3.874293e-20 -3.349439e-20 7.603001e+02
462000 1.614718e-21 -3.762631e-20 -3.601160e-20 2.339071e+02
463000 6.975814e-22 -3.601903e-20 -3.532145e-20 1.010512e+02
464000 6.100720e-22 -4.094664e-20 -4.033657e-20 8.837467e+01
465000 6.590352e-21 -3.928034e-20 -3.268999e-20 9.546745e+02
466000 2.032495e-21 -4.099840e-20 -3.896590e-20 2.944261e+02
467000 5.996066e-21 -3.664021e-20 -3.064415e-20 8.685866e+02
468000 6.611650e-24 -3.456825e-20 -3.456163e-20 9.577597e-01
469000 9.031890e-22 -3.866971e-20 -3.776652e-20 1.308354e+02
470000 1.341536e-21 -4.090409e-20 -3.956256e-20 1.943341e+02
471000 1.441321e-20 -3.855890e-20 -2.414569e-20 2.087888e+03
472000 1.434779e-21 -4.067055e-20 -3.923577e-20 2.078413e+02
473000 1.890963e-22 -3.819971e-20 -3.801062e-20 2.739238e+01
474000 3.858238e-22 -4.099519e-20 -4.060937e-20 5.589020e+01
475000 5.239903e-22 -4.109986e-20 -4.057587e-20 7.590492e+01
476000 3.330772e-22 -3.920939e-20 -3.887631e-20 4.824936e+01
477000 1.053820e-21 -4.104499e-20 -3.999117e-20 1.526558e+02
478000 1.014638e-21 -4.098764e-20 -3.997300e-20 1.469798e+02
479000 2.529072e-22 -4.045172e-20 -4.019881e-20 3.663599e+01
480000 7.307482e-22 -3.594459e-20 -3.521384e-20 1.058558e+02
481000 8.401126e-22 -3.572617e-20 -3.488606e-20 1.216982e+02
482000 7.598496e-23 -4.106092e-20 -4.098494e-20 1.100714e+01
483000 6.994112e-22 -3.965227e-20 -3.895286e-20 1.013163e+02
484000 6.301515e-21 -3.898405e-20 -3.268254e-20 9.128337e+02
485000 5.049042e-23 -4.075970e-20 -4.070921e-20 7.314013e+00
486000 1.296212e-21 -4.085430e-20 -3.955809e-20 1.877685e+02
487000 1.815233e-22 -4.104104e-20 -4.085951e-20 2.629535e+01
488000 2.923874e-21 -4.075072e-20 -3.782685e-20 4.235506e+02
489000 8.954987e-22 -4.046581e-20 -3.957031e-20 1.297214e+02
490000 2.660994e-22 -4.104029e-20 -4.077419e-20 3.854700e+01
491000 6.505405e-23 -4.056102e-20 -4.049597e-20 9.423691e+00
492000 3.281361e-21 -4.099352e-20 -3.771216e-20 4.753360e+02
493000 1.119855e-24 -4.101084e-20 -4.100972e-20 1.622215e-01
494000 8.127919e-22 -4.079973e-20 -3.998694e-20 1.177406e+02
495000 4.330303e-21 -4.009096e-20 -3.576066e-20 6.272852e+02
496000 1.209433e-22 -3.948705e-20 -3.936611e-20 1.751978e+01
497000 5.798741e-21 -4.110000e-20 -3.530126e-20 8.400021e+02
498000 1.001375e-21 -4.011283e-20 -3.911145e-20 1.450586e+02
499000 3.714572e-22 -3.430616e-20 -3.393471e-20 5.380907e+01
500000 5.663567e-22 -4.044410e-20 1.101223e-19 8.204210e+01
501000 5.525909e-21 -4.088109e-20 6.464483e-20 8.004799e+02
502000 4.314401e-21 -4.063356e-20 6.368084e-20 6.249817e+02
503000 5.742531e-22 -3.875798e-20 6.181627e-20 8.318596e+01
504000 3.740874e-21 -3.968609e-20 6.405478e-20 5.419008e+02
505000 4.239381e-21 -4.085335e-20 6.338603e-20 6.141142e+02
506000 1.030527e-22 -3.866527e-20 6.143779e-20 1.492816e+01
507000 8.231429e-22 -4.076007e-20 6.006307e-20 1.192400e+02
508000 1.942189e-21 -3.739369e-20 6.454849e-20 2.813443e+02
509000 4.865766e-21 -4.090125e-20 6.396452e-20 7.048520e+02
510000 1.473713e-21 -3.746296e-20 6.401075e-20 2.134812e+02
511000 1.186318e-21 -3.271044e-20 6.847587e-20 1.718494e+02
512000 7.181926e-23 -4.109788e-20 5.897394e-20 1.040370e+01
513000 3.121145e-21 -4.048414e-20 6.263700e-20 4.521273e+02
514000 2.386740e-22 -4.103377e-20 5.920490e-20 3.457417e+01
515000 2.208695e-22 -4.109860e-20 5.912227e-20 3.199502e+01
516000 3.634157e-21 -4.084631e-20 6.278799e-20 5.264418e+02
517000 1.081126e-20 -4.075968e-20 7.009703e-20 1.566112e+03
518000 4.394907e-22 -4.101794e-20 5.942155e-20 6.366437e+01
519000 1.282750e-21 -4.108388e-20 6.019887e-20 1.858184e+02
520000 4.940495e-21 -4.012928e-20 6.481121e-20 7.156772e+02
521000 1.627994e-21 -4.105577e-20 6.057223e-20 2.358303e+02
522000 6.402378e-23 -4.019260e-20 5.987142e-20 9.274447e+00
523000 8.954009e-21 -4.109774e-20 6.785627e-20 1.297073e+03
524000 4.803940e-22 -4.091705e-20 5.956334e-20 6.958959e+01
525000 2.361293e-21 -4.092250e-20 6.143879e-20 3.420556e+02
526000 1.362641e-24 -4.074417e-20 5.925719e-20 1.973914e-01
527000 1.372912e-21 -4.109338e-20 6.027953e-20 1.988793e+02
528000 3.500541e-22 -4.108606e-20 5.926399e-20 5.070864e+01
529000 1.525597e-24 -4.095946e-20 5.904206e-20 2.209971e-01
530000 7.171682e-21 -3.548565e-20 7.168604e-20 1.038886e+03
531000 1.335394e-21 -3.979846e-20 6.153693e-20 1.934444e+02
532000 2.127764e-21 -4.097944e-20 6.114832e-20 3.082266e+02
533000 5.036344e-22 -4.098346e-20 5.952018e-20 7.295619e+01
534000 8.418371e-22 -4.076328e-20 6.007856e-20 1.219480e+02
535000 2.845943e-22 -4.097009e-20 5.931450e-20 4.122616e+01
536000 1.112298e-21 -4.109979e-20 6.001251e-20 1.611268e+02
537000 7.548733e-22 -4.020225e-20 6.055263e-20 1.093505e+02
538000 3.213619e-21 -4.101712e-20 6.219650e-20 4.655229e+02
539000 1.038219e-22 -4.109354e-20 5.901028e-20 1.503958e+01
540000 1.616190e-21 -4.108609e-20 6.053010e-20 2.341204e+02
541000 9.379773e-23 -4.090239e-20 5.919141e-20 1.358748e+01
542000 5.364203e-21 -4.070974e-20 6.511057e-20 7.770552e+02
543000 5.642312e-21 -2.961418e-20 7.602813e-20 8.173421e+02
544000 3.090457e-21 -3.826694e-20 6.482352e-20 4.476818e+02
545000 5.512393e-22 -4.079388e-20 5.975736e-20 7.985220e+01
546000 1.351611e-21 -4.013791e-20 6.121370e-20 1.957936e+02
547000 4.242406e-21 -4.103910e-20 6.320330e-20 6.145524e+02
548000 2.172638e-21 -4.036043e-20 6.181221e-20 3.147270e+02
549000 7.189072e-22 -3.932883e-20 6.139007e-20 1.041405e+02
550000 4.502106e-21 -4.107583e-20 6.342628e-20 6.521724e+02
551000 2.053375e-21 -4.103355e-20 6.101983e-20 2.974508e+02
552000 3.210269e-23 -4.075458e-20 5.933670e-20 4.650377e+00
553000 2.000641e-21 -4.076939e-20 6.123125e-20 2.898117e+02
554000 1.026600e-20 -4.109197e-20 6.917403e-20 1.487126e+03
555000 2.159395e-21 -4.109813e-20 6.106126e-20 3.128087e+02
556000 5.254425e-21 -4.109995e-20 6.415447e-20 7.611529e+02
557000 2.954381e-22 -4.101557e-20 5.927987e-20 4.279698e+01
558000 1.279705e-22 -4.079821e-20 5.932976e-20 1.853773e+01
559000 2.039568e-21 -4.109983e-20 6.093974e-20 2.954506e+02
560000 5.960941e-22 -4.106362e-20 5.953248e-20 8.634984e+01
561000 2.325969e-21 -3.254610e-20 6.977987e-20 3.369385e+02
562000 1.055475e-21 -3.928171e-20 6.177376e-20 1.528956e+02
563000 2.474200e-21 -3.878013e-20 6.369407e-20 3.584111e+02
564000 7.549553e-23 -3.991219e-20 6.016330e-20 1.093624e+01
565000 1.023828e-22 -4.109908e-20 5.900330e-20 1.483112e+01
566000 6.424042e-23 -3.880363e-20 6.126061e-20 9.305830e+00
567000 2.950804e-22 -4.085379e-20 5.944137e-20 4.274517e+01
568000 7.753357e-22 -4.095764e-20 5.981769e-20 1.123147e+02
569000 6.115138e-21 -4.092664e-20 6.518850e-20 8.858353e+02
570000 2.280297e-21 -4.096893e-20 6.131136e-20 3.303224e+02
571000 2.316089e-21 -4.090252e-20 6.141357e-20 3.355073e+02
572000 3.877683e-22 -4.106107e-20 5.932670e-20 5.617189e+01
573000 3.891239e-23 -4.100660e-20 5.903231e-20 5.636826e+00
574000 7.330342e-21 -3.821728e-20 6.911306e-20 1.061869e+03
575000 3.608085e-23 -4.043109e-20 5.960499e-20 5.226651e+00
576000 7.624098e-23 -4.109871e-20 5.897753e-20 1.104422e+01
577000 1.089083e-20 -3.969221e-20 7.119862e-20 1.577639e+03
578000 2.008126e-21 -4.053316e-20 6.147497e-20 2.908960e+02
579000 9.916287e-22 -4.097401e-20 6.001762e-20 1.436467e+02
580000 2.366758e-21 -4.065297e-20 6.171379e-20 3.428472e+02
581000 1.543245e-21 -4.099229e-20 6.055095e-20 2.235536e+02
582000 2.062211e-21 -4.096715e-20 6.109506e-20 2.987307e+02
583000 3.036696e-22 -3.888224e-20 6.142143e-20 4.398941e+01
584000 6.971481e-22 -3.746080e-20 6.323635e-20 1.009885e+02
585000 4.975099e-24 -3.760901e-20 6.239597e-20 7.206899e-01
586000 7.830792e-22 -4.050753e-20 6.027555e-20 1.134364e+02
587000 2.684101e-21 -2.348875e-20 7.919535e-20 3.888173e+02
588000 3.891607e-22 -4.019580e-20 6.019336e-20 5.637359e+01
589000 3.025210e-21 -3.769237e-20 6.533284e-20 4.382301e+02
590000 4.148945e-21 -3.436427e-20 6.978467e-20 6.010138e+02
591000 3.645278e-21 -4.109948e-20 6.254580e-20 5.280528e+02
592000 5.767705e-22 -4.066551e-20 6.211625e-20 8.355064e+01
593000 3.594673e-23 -3.968289e-20 6.035306e-20 5.207222e+00
594000 1.379146e-21 -4.108843e-20 6.029072e-20 1.997823e+02
595000 2.168116e-22 -4.106047e-20 5.915634e-20 3.140720e+01
596000 7.518627e-22 -3.145782e-20 6.929405e-20 1.089144e+02
597000 4.098979e-21 -3.949391e-20 6.460507e-20 5.937757e+02
598000 2.940724e-21 -4.099874e-20 6.194199e-20 4.259916e+02
599000 2.905743e-21 -3.825055e-20 6.465519e-20 4.209242e+02
600000 3.068748e-22 -4.109750e-20 5.920938e-20 4.445371e+01
601000 6.540914e-22 -4.107828e-20 5.957581e-20 9.475129e+01
602000 1.344360e-21 -4.083606e-20 6.050864e-20 1.947431e+02
603000 4.907828e-21 -4.109962e-20 6.380821e-20 7.109450e+02
604000 1.543758e-22 -4.025988e-20 5.989449e-20 2.236279e+01
605000 4.024027e-21 -4.107358e-20 6.295045e-20 5.829182e+02
606000 4.026829e-21 -4.102124e-20 6.300558e-20 5.833241e+02
607000 6.740043e-22 -4.091946e-20 5.975454e-20 9.763587e+01
608000 1.185539e-21 -4.109989e-20 6.008565e-20 1.717365e+02
609000 5.890332e-24 -3.809407e-20 6.191182e-20 8.532700e-01
610000 7.517519e-26 -3.870919e-20 6.129088e-20 1.088983e-02
611000 1.203794e-21 -3.993143e-20 6.127237e-20 1.743809e+02
612000 3.228372e-21 -4.101296e-20 6.221541e-20 4.676601e+02
613000 3.167165e-21 -3.826226e-20 6.490491e-20 4.587936e+02
614000 1.611420e-22 -4.109599e-20 5.906515e-20 2.334293e+01
615000 8.097073e-22 -3.742904e-20 6.338067e-20 1.172937e+02
616000 2.279196e-21 -4.011266e-20 6.216654e-20 3.301630e+02
617000 5.417520e-22 -4.109989e-20 5.944186e-20 7.847787e+01
618000 1.072642e-22 -4.109986e-20 5.900741e-20 1.553822e+01
619000 2.240146e-21 -4.085322e-20 6.138693e-20 3.245062e+02
620000 5.995636e-23 -4.081592e-20 5.924404e-20 8.685243e+00
621000 1.763818e-22 -4.022486e-20 5.995152e-20 2.555057e+01
622000 3.730664e-22 -4.109670e-20 5.927636e-20 5.404218e+01
623000 2.604525e-21 -3.830769e-20 6.429684e-20 3.772899e+02
624000 9.958678e-22 -3.977819e-20 6.121768e-20 1.442608e+02
625000 3.115205e-25 -3.995065e-20 6.004966e-20 4.512668e-02
626000 1.404265e-21 -4.061315e-20 6.079111e-20 2.034210e+02
627000 1.812787e-22 -3.820536e-20 6.197591e-20 2.625992e+01
628000 1.903958e-21 -4.098011e-20 6.092384e-20 2.758062e+02
629000 1.325798e-22 -4.098189e-20 5.915069e-20 1.920543e+01
630000 6.590064e-21 -4.053190e-20 6.605816e-20 9.546328e+02
631000 6.066377e-21 -4.069289e-20 6.537349e-20 8.787719e+02
632000 6.682311e-22 -4.109997e-20 5.956826e-20 9.679957e+01
633000 4.108926e-21 -3.982629e-20 6.428263e-20 5.952165e+02
634000 1.516359e-22 -3.804913e-20 6.210251e-20 2.196588e+01
635000 1.346526e-21 -3.296574e-20 6.838079e-20 1.950569e+02
636000 3.540075e-23 -4.109062e-20 5.894478e-20 5.128132e+00
637000 1.449505e-21 -4.090464e-20 6.054486e-20 2.099744e+02
638000 6.047918e-23 -4.109864e-20 5.896184e-20 8.760979e+00
639000 4.667170e-21 -3.361828e-20 7.104889e-20 6.760835e+02
640000 7.809472e-22 -4.009427e-20 6.068667e-20 1.131275e+02
641000 1.350177e-21 -3.363172e-20 6.771846e-20 1.955859e+02
642000 1.906268e-24 -3.789763e-20 6.210428e-20 2.761408e-01
643000 3.950680e-23 -4.109999e-20 5.893952e-20 5.722932e+00
644000 7.645273e-21 -4.061171e-20 6.703357e-20 1.107490e+03
645000 5.031538e-22 -4.031118e-20 6.019198e-20 7.288656e+01
646000 5.874432e-23 -3.851438e-20 6.154436e-20 8.509668e+00
647000 2.418830e-21 -3.921556e-20 6.320327e-20 3.503903e+02
648000 1.426244e-21 -4.100943e-20 6.041682e-20 2.066048e+02
649000 6.162527e-21 -4.091598e-20 6.524655e-20 8.927000e+02
650000 1.763605e-21 -3.975324e-20 6.201036e-20 2.554747e+02
651000 1.557068e-22 -4.106067e-20 5.909504e-20 2.255560e+01
652000 5.828844e-21 -4.095216e-20 6.487669e-20 8.443630e+02
653000 7.190287e-21 -3.689046e-20 7.029983e-20 1.041581e+03
654000 3.502904e-21 -3.794960e-20 6.555331e-20 5.074286e+02
655000 1.758273e-22 -3.970566e-20 6.047017e-20 2.547023e+01
656000 3.889857e-22 -4.085316e-20 5.953583e-20 5.634824e+01
657000 4.217320e-22 -3.611757e-20 6.430416e-20 6.109186e+01
658000 1.421754e-21 -4.018019e-20 6.124156e-20 2.059544e+02
659000 7.282178e-21 -3.932682e-20 6.795535e-20 1.054892e+03
660000 2.523311e-22 -4.104209e-20 5.921024e-20 3.655253e+01
661000 5.514118e-21 -3.051003e-20 7.500409e-20 7.987719e+02
662000 3.524979e-22 -3.874376e-20 6.160873e-20 5.106264e+01
663000 1.780637e-21 -3.943386e-20 6.234678e-20 2.579420e+02
664000 2.303259e-21 -4.082583e-20 6.147743e-20 3.336488e+02
665000 1.049680e-21 -4.070184e-20 6.034784e-20 1.520560e+02
666000 3.182734e-22 -4.101385e-20 5.930442e-20 4.610490e+01
667000 5.075373e-22 -4.053052e-20 5.997702e-20 7.352156e+01
668000 1.753188e-21 -3.753685e-20 6.421634e-20 2.539657e+02
669000 1.448506e-21 -3.903624e-20 6.241226e-20 2.098297e+02
670000 4.319376e-23 -4.081370e-20 5.923123e-20 6.257023e+00
671000 1.250515e-21 -4.105866e-20 6.019186e-20 1.811488e+02
672000 8.508442e-23 -4.107662e-20 5.900847e-20 1.232528e+01
673000 7.211577e-23 -4.086302e-20 5.920909e-20 1.044665e+01
674000 2.482159e-21 -3.810536e-20 6.437680e-20 3.595641e+02
675000 3.773434e-21 -4.103090e-20 6.274253e-20 5.466174e+02
676000 1.865378e-23 -4.090158e-20 5.911707e-20 2.702175e+00
677000 1.251689e-21 -4.036937e-20 6.088231e-20 1.813189e+02
678000 1.556319e-21 -4.102208e-20 6.053424e-20 2.254474e+02
679000 1.144162e-21 -4.100177e-20 6.014239e-20 1.657426e+02
680000 1.099533e-21 -4.109824e-20 6.000129e-20 1.592777e+02
681000 2.329927e-23 -4.076713e-20 5.928668e-20 3.375118e+00
682000 5.705452e-22 -4.106988e-20 5.950067e-20 8.264883e+01
683000 8.267894e-22 -4.053793e-20 6.028886e-20 1.197682e+02
684000 2.382514e-21 -4.109993e-20 6.128258e-20 3.451296e+02
685000 4.553640e-21 -4.098357e-20 6.357007e-20 6.596375e+02
686000 8.219871e-23 -3.669017e-20 6.339203e-20 1.190726e+01
687000 9.581470e-25 -4.053933e-20 5.946163e-20 1.387966e-01
688000 4.933432e-22 -4.103419e-20 5.945915e-20 7.146540e+01
689000 1.516505e-24 -3.911305e-20 6.088846e-20 2.196800e-01
690000 6.132252e-22 -4.034469e-20 6.026854e-20 8.883144e+01
691000 3.783855e-22 -4.108610e-20 5.929229e-20 5.481270e+01
692000 3.008718e-21 -4.084531e-20 6.216357e-20 4.358411e+02
693000 3.602337e-22 -4.108575e-20 5.927449e-20 5.218325e+01
694000 2.366289e-21 -4.082861e-20 6.153768e-20 3.427792e+02
695000 4.730325e-21 -4.109478e-20 6.363554e-20 6.852321e+02
696000 2.154578e-22 -4.015022e-20 6.006524e-20 3.121108e+01
697000 2.357075e-23 -4.081614e-20 5.920890e-20 3.414445e+00
698000 1.418793e-20 -4.109673e-20 7.309120e-20 2.055256e+03
699000 3.682486e-21 -4.047423e-20 6.320826e-20 5.334428e+02
700000 5.962940e-23 -4.041839e-20 5.964124e-20 8.637880e+00
701000 9.418590e-24 -4.105183e-20 5.895759e-20 1.364371e+00
702000 7.380859e-21 -3.824131e-20 6.913955e-20 1.069187e+03
703000 4.947826e-24 -4.087462e-20 5.913034e-20 7.167392e-01
704000 7.872679e-22 -4.002968e-20 6.075758e-20 1.140432e+02
705000 6.855882e-22 -4.100718e-20 5.967841e-20 9.931390e+01
706000 1.177164e-21 -3.939339e-20 6.178378e-20 1.705233e+02
707000 3.606005e-21 -4.070444e-20 6.290156e-20 5.223638e+02
708000 6.649816e-23 -4.023309e-20 5.983340e-20 9.632884e+00
709000 1.072102e-22 -4.091963e-20 5.918758e-20 1.553040e+01
710000 1.423096e-21 -4.106533e-20 6.035776e-20 2.061489e+02
711000 1.096798e-21 -3.850872e-20 6.258808e-20 1.588815e+02
712000 6.719173e-23 -4.088610e-20 5.918109e-20 9.733354e+00
713000 1.061480e-22 -3.452985e-20 6.557629e-20 1.537654e+01
714000 3.301087e-22 -4.054034e-20 5.978977e-20 4.781935e+01
715000 1.900930e-21 -4.089944e-20 6.100149e-20 2.753676e+02
716000 2.125571e-21 -4.108955e-20 6.103602e-20 3.079089e+02
717000 1.870329e-21 -3.917092e-20 6.269941e-20 2.709348e+02
718000 2.940654e-21 -4.094871e-20 6.199195e-20 4.259814e+02
719000 1.348562e-21 -4.099883e-20 6.034973e-20 1.953519e+02
720000 3.239266e-21 -4.104125e-20 6.219802e-20 4.692381e+02
721000 2.855393e-22 -4.031339e-20 5.997215e-20 4.136305e+01
722000 2.619408e-21 -4.022102e-20 6.239839e-20 3.794459e+02
723000 1.427521e-21 -4.108421e-20 6.034331e-20 2.067899e+02
724000 1.791477e-21 -4.098221e-20 6.080926e-20 2.595123e+02
725000 7.431985e-21 -4.109728e-20 6.633471e-20 1.076593e+03
726000 3.039724e-22 -4.034021e-20 5.996376e-20 4.403326e+01
727000 2.710642e-24 -4.015311e-20 5.984960e-20 3.926620e-01
728000 1.875061e-21 -4.109716e-20 6.077791e-20 2.716202e+02
729000 4.182531e-22 -4.094192e-20 5.947633e-20 6.058789e+01
730000 1.068584e-21 -3.874545e-20 6.232313e-20 1.547945e+02
731000 2.541491e-21 -2.651769e-20 7.602380e-20 3.681590e+02
732000 1.782668e-21 -4.079763e-20 6.099009e-20 2.582362e+02
733000 6.454261e-24 -4.070620e-20 5.930025e-20 9.349605e-01
734000 4.174864e-23 -4.104154e-20 5.900021e-20 6.047684e+00
735000 5.139848e-22 -4.107074e-20 5.944325e-20 7.445554e+01
736000 5.746606e-23 -3.898530e-20 6.107216e-20 8.324500e+00
737000 3.525994e-21 -4.075003e-20 6.277597e-20 5.107734e+02
738000 1.025886e-22 -3.586372e-20 6.423887e-20 1.486093e+01
739000 2.012393e-22 -4.109998e-20 5.910126e-20 2.915141e+01
740000 5.336721e-21 -4.106083e-20 6.427589e-20 7.730743e+02
741000 2.424171e-21 -4.108844e-20 6.133573e-20 3.511640e+02
742000 6.645337e-21 -4.109997e-20 6.554536e-20 9.626396e+02
743000 3.717728e-21 -3.982498e-20 6.389275e-20 5.385479e+02
744000 4.616620e-22 -4.104531e-20 5.941635e-20 6.687608e+01
745000 2.477797e-21 -4.086548e-20 6.161232e-20 3.589322e+02
746000 6.467856e-21 -3.995198e-20 6.651588e-20 9.369298e+02
747000 3.914173e-23 -4.014427e-20 5.989487e-20 5.670047e+00
748000 8.582024e-21 -4.009358e-20 6.848844e-20 1.243187e+03
749000 8.480543e-22 -4.109667e-20 5.975138e-20 1.228486e+02
750000 2.222852e-23 -3.948934e-20 6.053289e-20 3.220010e+00
751000 5.149024e-22 -3.941612e-20 6.109879e-20 7.458845e+01
752000 1.532877e-21 -4.083700e-20 6.069587e-20 2.220516e+02
753000 5.478458e-21 -4.103118e-20 6.444727e-20 7.936063e+02
754000 1.522366e-20 -4.109989e-20 7.412377e-20 2.205291e+03
755000 5.930807e-22 -4.109909e-20 5.949399e-20 8.591331e+01
756000 2.048561e-22 -3.754938e-20 6.265547e-20 2.967533e+01
757000 9.800174e-22 -3.890750e-20 6.207251e-20 1.419647e+02
758000 3.303667e-23 -4.097438e-20 5.905866e-20 4.785673e+00
759000 6.920029e-22 -4.047400e-20 6.021800e-20 1.002431e+02
760000 5.424303e-21 -4.092958e-20 6.449472e-20 7.857613e+02
761000 4.632511e-22 -4.031770e-20 6.014556e-20 6.710628e+01
762000 4.361272e-22 -4.076594e-20 5.967019e-20 6.317714e+01
763000 1.678154e-21 -3.459341e-20 6.708474e-20 2.430963e+02
764000 1.002413e-22 -3.957496e-20 6.052528e-20 1.452089e+01
765000 3.287697e-21 -4.037518e-20 6.291252e-20 4.762538e+02
766000 8.243946e-23 -4.108906e-20 5.899338e-20 1.194213e+01
767000 6.106665e-21 -3.750878e-20 6.859788e-20 8.846079e+02
768000 8.246087e-23 -2.786924e-20 7.221322e-20 1.194523e+01
769000 2.371932e-21 -3.978698e-20 6.258495e-20 3.435967e+02
770000 1.102522e-21 -4.026643e-20 6.083609e-20 1.597107e+02
771000 1.494014e-21 -4.073800e-20 6.088934e-20 2.164220e+02
772000 1.515043e-21 -4.109421e-20 6.042083e-20 2.194682e+02
773000 2.765413e-21 -4.098116e-20 6.178425e-20 4.005961e+02
774000 5.614127e-21 -3.796461e-20 6.764952e-20 8.132592e+02
775000 8.954572e-22 -4.106931e-20 5.982615e-20 1.297154e+02
776000 4.600995e-21 -4.053619e-20 6.406480e-20 6.664974e+02
777000 3.190821e-21 -3.685649e-20 6.633433e-20 4.622204e+02
778000 4.868845e-21 -4.108259e-20 6.378626e-20 7.052980e+02
779000 5.356026e-22 -4.075868e-20 5.982482e-20 7.758708e+01
780000 6.143429e-21 -4.109961e-20 6.504382e-20 8.899336e+02
781000 1.527930e-21 -4.109638e-20 6.043155e-20 2.213350e+02
782000 4.552742e-22 -3.942270e-20 6.103257e-20 6.595075e+01
783000 1.201474e-21 -3.770359e-20 6.349788e-20 1.740448e+02
784000 4.780544e-21 -4.092192e-20 6.385862e-20 6.925068e+02
785000 3.696675e-21 -3.216812e-20 7.152855e-20 5.354981e+02
786000 1.441520e-23 -4.108689e-20 5.892752e-20 2.088177e+00
787000 5.013774e-21 -4.105217e-20 6.396161e-20 7.262923e+02
788000 2.820082e-21 -4.098490e-20 6.183518e-20 4.085155e+02
789000 4.378379e-22 -4.069897e-20 5.973887e-20 6.342495e+01
790000 1.156209e-21 -3.512591e-20 6.603030e-20 1.674878e+02
791000 1.672994e-21 -4.100185e-20 6.067115e-20 2.423489e+02
792000 7.824234e-21 -4.102282e-20 6.680142e-20 1.133414e+03
793000 1.451341e-22 -4.108747e-20 5.905766e-20 2.102403e+01
794000 2.838425e-21 -4.001400e-20 6.282443e-20 4.111726e+02
795000 2.804460e-22 -3.819346e-20 6.208699e-20 4.062524e+01
796000 1.096978e-22 -4.092575e-20 5.918395e-20 1.589076e+01
797000 9.784876e-22 -2.884389e-20 7.213460e-20 1.417431e+02
798000 2.334698e-21 -4.074545e-20 6.168264e-20 3.382030e+02
799000 3.766580e-22 -4.094876e-20 5.942790e-20 5.456245e+01
800000 6.693491e-23 -4.096922e-20 5.909771e-20 9.696152e+00
801000 2.863916e-21 -4.094027e-20 6.192365e-20 4.148652e+02
802000 2.174491e-22 -4.109706e-20 5.912039e-20 3.149955e+01
803000 3.323611e-21 -4.095804e-20 6.236557e-20 4.814563e+02
804000 9.917593e-26 -3.649970e-20 6.350040e-20 1.436657e-02
805000 1.269135e-21 -3.620604e-20 6.506310e-20 1.838461e+02
806000 5.117671e-22 -3.233721e-20 6.817456e-20 7.413428e+01
807000 6.964252e-21 -4.026659e-20 6.669766e-20 1.008837e+03
808000 7.314866e-21 -4.098574e-20 6.632913e-20 1.059627e+03
809000 8.510246e-22 -4.080585e-20 6.004814e-20 1.232789e+02
810000 2.593573e-22 -4.085201e-20 5.940735e-20 3.757034e+01
811000 8.412078e-22 -4.109170e-20 5.974951e-20 1.218569e+02
812000 2.267641e-22 -3.918845e-20 6.103832e-20 3.284892e+01
813000 4.396157e-22 -3.904489e-20 6.139472e-20 6.368248e+01
814000 2.235165e-21 -4.063368e-20 6.160149e-20 3.237846e+02
815000 1.053714e-23 -4.103132e-20 5.897922e-20 1.526405e+00
816000 4.766537e-21 -4.109713e-20 6.366940e-20 6.904777e+02
817000 2.502022e-22 -4.066172e-20 6.206743e-20 3.624415e+01
818000 1.863539e-21 -4.109338e-20 6.077016e-20 2.699511e+02
819000 4.851462e-22 -3.988708e-20 6.059806e-20 7.027800e+01
820000 4.203534e-21 -4.109733e-20 6.310620e-20 6.089214e+02
821000 2.030869e-22 -4.081216e-20 5.939286e-20 2.941904e+01
822000 1.058428e-21 -4.104746e-20 6.001097e-20 1.533232e+02
823000 1.173622e-21 -3.848009e-20 6.269353e-20 1.700101e+02
824000 3.451026e-21 -3.990629e-20 6.354473e-20 4.999135e+02
825000 5.738557e-23 -3.508799e-20 6.496940e-20 8.312839e+00
826000 9.106400e-21 -4.066025e-20 6.844615e-20 1.319148e+03
827000 2.614986e-21 -4.066490e-20 6.195009e-20 3.788053e+02
828000 1.957963e-22 -4.106070e-20 5.913510e-20 2.836294e+01
829000 3.148314e-22 -4.073965e-20 5.969855e-20 4.560630e+01
830000 1.182451e-21 -3.375058e-20 6.743187e-20 1.712891e+02
831000 1.085580e-21 -4.109672e-20 5.998886e-20 1.572565e+02
832000 1.891076e-22 -3.962210e-20 6.056701e-20 2.739402e+01
833000 6.686870e-22 -4.060295e-20 6.006573e-20 9.686561e+01
834000 2.586238e-21 -4.103465e-20 6.155159e-20 3.746409e+02
835000 2.207782e-24 -3.784492e-20 6.215729e-20 3.198180e-01
836000 1.132159e-21 -4.060766e-20 6.052449e-20 1.640039e+02
837000 1.858729e-26 -3.105477e-20 6.894525e-20 2.692544e-03
838000 2.174481e-22 -4.097603e-20 5.924141e-20 3.149940e+01
839000 9.895415e-21 -3.989654e-20 6.999887e-20 1.433444e+03
840000 3.917075e-21 -4.098790e-20 6.292918e-20 5.674252e+02
841000 6.779791e-21 -4.109939e-20 6.568040e-20 9.821166e+02
842000 1.878778e-21 -4.056024e-20 6.131853e-20 2.721586e+02
843000 4.132945e-21 -4.072191e-20 6.341103e-20 5.986960e+02
844000 3.998623e-21 -4.106863e-20 6.292999e-20 5.792382e+02
845000 1.120199e-20 -4.109999e-20 7.010200e-20 1.622714e+03
846000 9.397466e-22 -4.105352e-20 5.988623e-20 1.361311e+02
847000 9.303118e-23 -3.682360e-20 6.326943e-20 1.347644e+01
848000 7.598509e-22 -4.104564e-20 5.971421e-20 1.100715e+02
849000 6.172725e-21 -4.049552e-20 6.567721e-20 8.941773e+02
850000 3.718204e-21 -2.864276e-20 7.507545e-20 5.386168e+02
851000 6.980560e-23 -4.079717e-20 5.927784e-20 1.011200e+01
852000 1.183530e-21 -4.062406e-20 6.743765e-20 1.714454e+02
853000 1.178548e-21 -3.550290e-20 6.567564e-20 1.707238e+02
854000 1.581332e-22 -4.090788e-20 5.925026e-20 2.290709e+01
855000 1.433404e-21 -4.100169e-20 6.043171e-20 2.076420e+02
856000 6.108164e-23 -4.108781e-20 5.897327e-20 8.848251e+00
857000 2.706661e-21 -4.086012e-20 6.184659e-20 3.920853e+02
858000 7.783383e-22 -3.964236e-20 6.113598e-20 1.127496e+02
859000 1.963282e-21 -4.007991e-20 6.188337e-20 2.843998e+02
860000 1.509565e-22 -4.100290e-20 5.914805e-20 2.186746e+01
861000 2.303768e-22 -4.066809e-20 6.159548e-20 3.337225e+01
862000 2.291135e-22 -4.109636e-20 5.913276e-20 3.318925e+01
863000 1.418965e-21 -3.754127e-20 6.387769e-20 2.055504e+02
864000 1.558205e-22 -4.106013e-20 5.909569e-20 2.257206e+01
865000 2.325913e-21 -4.066704e-20 6.165888e-20 3.369304e+02
866000 4.090124e-22 -4.080796e-20 5.960363e-20 5.924929e+01
867000 4.973248e-23 -4.087317e-20 5.917656e-20 7.204217e+00
868000 1.473659e-22 -3.379267e-20 6.635469e-20 2.134733e+01
869000 3.654191e-22 -4.085917e-20 5.950630e-20 5.293440e+01
870000 3.062208e-21 -3.988334e-20 6.317887e-20 4.435896e+02
871000 6.141466e-21 -4.016533e-20 6.597614e-20 8.896492e+02
872000 3.520897e-21 -4.049781e-20 6.302308e-20 5.100351e+02
873000 6.984800e-23 -3.942067e-20 6.064918e-20 1.011814e+01
874000 8.210038e-22 -3.971728e-20 6.110372e-20 1.189301e+02
875000 9.409848e-22 -4.109969e-20 5.984129e-20 1.363105e+02
876000 1.993043e-22 -4.077977e-20 5.941953e-20 2.887110e+01
877000 2.705283e-21 -3.963419e-20 6.307109e-20 3.918857e+02
878000 1.513193e-23 -4.102185e-20 5.899328e-20 2.192002e+00
879000 5.342188e-21 -4.080234e-20 6.453985e-20 7.738662e+02
