FX FY FZ 
-2.259259e-10 0.000000e+00 0.000000e+00
1.343992e-10 0.000000e+00 0.000000e+00
-1.244363e-10 0.000000e+00 0.000000e+00
-3.241092e-10 0.000000e+00 0.000000e+00
-1.200805e-10 0.000000e+00 0.000000e+00
-3.031385e-10 0.000000e+00 0.000000e+00
-4.097083e-10 0.000000e+00 0.000000e+00
3.322990e-10 0.000000e+00 0.000000e+00
3.788691e-10 0.000000e+00 0.000000e+00
-9.196796e-11 0.000000e+00 0.000000e+00
7.324216e-11 0.000000e+00 0.000000e+00
4.636021e-10 0.000000e+00 0.000000e+00
-1.422369e-10 0.000000e+00 0.000000e+00
2.424090e-10 0.000000e+00 0.000000e+00
-1.033157e-10 0.000000e+00 0.000000e+00
-1.948637e-10 0.000000e+00 0.000000e+00
1.736486e-10 0.000000e+00 0.000000e+00
-3.595486e-10 0.000000e+00 0.000000e+00
3.425584e-10 0.000000e+00 0.000000e+00
2.750555e-10 0.000000e+00 0.000000e+00
3.678790e-10 0.000000e+00 0.000000e+00
2.202862e-10 0.000000e+00 0.000000e+00
-4.447648e-10 0.000000e+00 0.000000e+00
-4.624997e-10 0.000000e+00 0.000000e+00
1.546954e-10 0.000000e+00 0.000000e+00
-7.625342e-10 0.000000e+00 0.000000e+00
1.492654e-10 0.000000e+00 0.000000e+00
-3.057088e-10 0.000000e+00 0.000000e+00
-1.113946e-10 0.000000e+00 0.000000e+00
-7.745848e-10 0.000000e+00 0.000000e+00
-1.146839e-10 0.000000e+00 0.000000e+00
-5.269696e-12 0.000000e+00 0.000000e+00
4.828188e-11 0.000000e+00 0.000000e+00
1.452537e-11 0.000000e+00 0.000000e+00
4.674283e-10 0.000000e+00 0.000000e+00
-1.801794e-10 0.000000e+00 0.000000e+00
3.393300e-10 0.000000e+00 0.000000e+00
-3.477015e-10 0.000000e+00 0.000000e+00
-5.490813e-10 0.000000e+00 0.000000e+00
-7.661020e-11 0.000000e+00 0.000000e+00
-7.500618e-10 0.000000e+00 0.000000e+00
-1.252498e-10 0.000000e+00 0.000000e+00
-9.691221e-13 0.000000e+00 0.000000e+00
-4.705135e-10 0.000000e+00 0.000000e+00
-3.223171e-10 0.000000e+00 0.000000e+00
4.762922e-10 0.000000e+00 0.000000e+00
2.175459e-10 0.000000e+00 0.000000e+00
-2.911663e-10 0.000000e+00 0.000000e+00
6.326655e-10 0.000000e+00 0.000000e+00
4.958970e-10 0.000000e+00 0.000000e+00
4.485553e-10 0.000000e+00 0.000000e+00
-9.919510e-10 0.000000e+00 0.000000e+00
-3.625514e-10 0.000000e+00 0.000000e+00
2.136594e-10 0.000000e+00 0.000000e+00
2.579922e-10 0.000000e+00 0.000000e+00
-1.362774e-10 0.000000e+00 0.000000e+00
-7.676170e-11 0.000000e+00 0.000000e+00
2.572964e-11 0.000000e+00 0.000000e+00
-3.042300e-10 0.000000e+00 0.000000e+00
-1.254614e-10 0.000000e+00 0.000000e+00
4.136644e-10 0.000000e+00 0.000000e+00
-1.916674e-10 0.000000e+00 0.000000e+00
1.900103e-10 0.000000e+00 0.000000e+00
-6.695624e-10 0.000000e+00 0.000000e+00
4.002065e-10 0.000000e+00 0.000000e+00
2.830037e-11 0.000000e+00 0.000000e+00
2.586861e-10 0.000000e+00 0.000000e+00
-2.545691e-10 0.000000e+00 0.000000e+00
3.999332e-10 0.000000e+00 0.000000e+00
-1.150174e-11 0.000000e+00 0.000000e+00
3.039533e-10 0.000000e+00 0.000000e+00
3.485271e-10 0.000000e+00 0.000000e+00
3.863824e-10 0.000000e+00 0.000000e+00
4.554753e-10 0.000000e+00 0.000000e+00
-5.698304e-11 0.000000e+00 0.000000e+00
3.491404e-10 0.000000e+00 0.000000e+00
-3.421160e-10 0.000000e+00 0.000000e+00
4.055878e-10 0.000000e+00 0.000000e+00
7.989924e-12 0.000000e+00 0.000000e+00
1.139000e-10 0.000000e+00 0.000000e+00
2.265873e-10 0.000000e+00 0.000000e+00
3.489962e-10 0.000000e+00 0.000000e+00
5.741488e-10 0.000000e+00 0.000000e+00
2.619075e-10 0.000000e+00 0.000000e+00
-6.159049e-10 0.000000e+00 0.000000e+00
-1.271770e-10 0.000000e+00 0.000000e+00
2.887984e-11 0.000000e+00 0.000000e+00
-1.274591e-10 0.000000e+00 0.000000e+00
-3.900626e-10 0.000000e+00 0.000000e+00
1.324251e-10 0.000000e+00 0.000000e+00
5.548603e-11 0.000000e+00 0.000000e+00
-3.138746e-10 0.000000e+00 0.000000e+00
-4.450552e-10 0.000000e+00 0.000000e+00
9.752146e-11 0.000000e+00 0.000000e+00
3.319376e-10 0.000000e+00 0.000000e+00
-1.057603e-10 0.000000e+00 0.000000e+00
1.477585e-10 0.000000e+00 0.000000e+00
2.026147e-10 0.000000e+00 0.000000e+00
-7.558709e-11 0.000000e+00 0.000000e+00
4.154590e-11 0.000000e+00 0.000000e+00
3.201800e-10 0.000000e+00 0.000000e+00
1.753456e-10 0.000000e+00 0.000000e+00
-2.418414e-10 0.000000e+00 0.000000e+00
1.009061e-10 0.000000e+00 0.000000e+00
6.107556e-10 0.000000e+00 0.000000e+00
-1.111399e-10 0.000000e+00 0.000000e+00
-5.178319e-10 0.000000e+00 0.000000e+00
5.056891e-10 0.000000e+00 0.000000e+00
-1.424309e-10 0.000000e+00 0.000000e+00
1.017456e-10 0.000000e+00 0.000000e+00
1.684198e-10 0.000000e+00 0.000000e+00
1.047408e-11 0.000000e+00 0.000000e+00
1.678131e-10 0.000000e+00 0.000000e+00
-2.263318e-11 0.000000e+00 0.000000e+00
4.078913e-10 0.000000e+00 0.000000e+00
1.956128e-10 0.000000e+00 0.000000e+00
-2.138971e-10 0.000000e+00 0.000000e+00
9.218494e-11 0.000000e+00 0.000000e+00
1.926951e-10 0.000000e+00 0.000000e+00
-2.858038e-10 0.000000e+00 0.000000e+00
2.083423e-10 0.000000e+00 0.000000e+00
2.948407e-10 0.000000e+00 0.000000e+00
7.682277e-11 0.000000e+00 0.000000e+00
-2.324341e-10 0.000000e+00 0.000000e+00
-7.488907e-11 0.000000e+00 0.000000e+00
-5.256367e-11 0.000000e+00 0.000000e+00
3.105870e-11 0.000000e+00 0.000000e+00
-4.573593e-10 0.000000e+00 0.000000e+00
-1.567243e-10 0.000000e+00 0.000000e+00
-1.911642e-10 0.000000e+00 0.000000e+00
2.902689e-10 0.000000e+00 0.000000e+00
-1.253337e-10 0.000000e+00 0.000000e+00
-3.487767e-11 0.000000e+00 0.000000e+00
4.269804e-10 0.000000e+00 0.000000e+00
-6.094940e-12 0.000000e+00 0.000000e+00
-4.248327e-10 0.000000e+00 0.000000e+00
2.261725e-10 0.000000e+00 0.000000e+00
1.280031e-10 0.000000e+00 0.000000e+00
-2.358501e-10 0.000000e+00 0.000000e+00
-1.468709e-10 0.000000e+00 0.000000e+00
-5.985047e-10 0.000000e+00 0.000000e+00
1.908346e-10 0.000000e+00 0.000000e+00
3.520459e-10 0.000000e+00 0.000000e+00
-1.148447e-10 0.000000e+00 0.000000e+00
-3.510329e-10 0.000000e+00 0.000000e+00
2.519171e-10 0.000000e+00 0.000000e+00
3.035475e-10 0.000000e+00 0.000000e+00
-2.064775e-10 0.000000e+00 0.000000e+00
-1.175336e-10 0.000000e+00 0.000000e+00
-6.911608e-11 0.000000e+00 0.000000e+00
-4.420881e-10 0.000000e+00 0.000000e+00
3.223887e-10 0.000000e+00 0.000000e+00
1.911406e-10 0.000000e+00 0.000000e+00
9.761065e-11 0.000000e+00 0.000000e+00
1.371407e-10 0.000000e+00 0.000000e+00
1.246597e-10 0.000000e+00 0.000000e+00
6.564704e-11 0.000000e+00 0.000000e+00
-6.755463e-10 0.000000e+00 0.000000e+00
-8.032223e-11 0.000000e+00 0.000000e+00
1.617834e-10 0.000000e+00 0.000000e+00
4.107699e-10 0.000000e+00 0.000000e+00
2.224612e-10 0.000000e+00 0.000000e+00
-4.027566e-10 0.000000e+00 0.000000e+00
5.126049e-10 0.000000e+00 0.000000e+00
-4.414576e-10 0.000000e+00 0.000000e+00
4.106494e-10 0.000000e+00 0.000000e+00
3.281370e-10 0.000000e+00 0.000000e+00
1.228821e-10 0.000000e+00 0.000000e+00
2.084769e-10 0.000000e+00 0.000000e+00
-1.134901e-09 0.000000e+00 0.000000e+00
3.987593e-10 0.000000e+00 0.000000e+00
-7.345721e-11 0.000000e+00 0.000000e+00
2.987928e-10 0.000000e+00 0.000000e+00
-2.701642e-10 0.000000e+00 0.000000e+00
2.651407e-10 0.000000e+00 0.000000e+00
3.741098e-10 0.000000e+00 0.000000e+00
-7.026090e-10 0.000000e+00 0.000000e+00
3.433658e-10 0.000000e+00 0.000000e+00
-1.714539e-10 0.000000e+00 0.000000e+00
-6.371756e-10 0.000000e+00 0.000000e+00
-6.254488e-10 0.000000e+00 0.000000e+00
1.837014e-10 0.000000e+00 0.000000e+00
-1.050024e-09 0.000000e+00 0.000000e+00
1.716752e-10 0.000000e+00 0.000000e+00
2.385376e-10 0.000000e+00 0.000000e+00
3.755091e-10 0.000000e+00 0.000000e+00
3.703855e-10 0.000000e+00 0.000000e+00
-1.448542e-10 0.000000e+00 0.000000e+00
5.596658e-10 0.000000e+00 0.000000e+00
-1.714369e-10 0.000000e+00 0.000000e+00
5.455259e-10 0.000000e+00 0.000000e+00
4.203824e-10 0.000000e+00 0.000000e+00
-3.118908e-10 0.000000e+00 0.000000e+00
-6.308763e-11 0.000000e+00 0.000000e+00
2.772263e-10 0.000000e+00 0.000000e+00
2.297480e-10 0.000000e+00 0.000000e+00
5.354497e-10 0.000000e+00 0.000000e+00
2.533500e-10 0.000000e+00 0.000000e+00
-3.166281e-11 0.000000e+00 0.000000e+00
8.084606e-12 0.000000e+00 0.000000e+00
5.055234e-10 0.000000e+00 0.000000e+00
4.218982e-10 0.000000e+00 0.000000e+00
2.264195e-10 0.000000e+00 0.000000e+00
-2.177767e-10 0.000000e+00 0.000000e+00
1.295207e-10 0.000000e+00 0.000000e+00
1.686303e-10 0.000000e+00 0.000000e+00
3.047732e-10 0.000000e+00 0.000000e+00
1.477329e-10 0.000000e+00 0.000000e+00
1.039193e-10 0.000000e+00 0.000000e+00
3.195077e-11 0.000000e+00 0.000000e+00
1.109632e-10 0.000000e+00 0.000000e+00
-2.384601e-10 0.000000e+00 0.000000e+00
-9.355638e-10 0.000000e+00 0.000000e+00
-5.293731e-10 0.000000e+00 0.000000e+00
-1.119999e-10 0.000000e+00 0.000000e+00
-7.012112e-10 0.000000e+00 0.000000e+00
5.338962e-10 0.000000e+00 0.000000e+00
7.795043e-11 0.000000e+00 0.000000e+00
2.502670e-10 0.000000e+00 0.000000e+00
-5.639989e-10 0.000000e+00 0.000000e+00
-3.892841e-10 0.000000e+00 0.000000e+00
1.125739e-10 0.000000e+00 0.000000e+00
-4.777202e-10 0.000000e+00 0.000000e+00
2.600307e-10 0.000000e+00 0.000000e+00
3.771787e-10 0.000000e+00 0.000000e+00
2.968626e-10 0.000000e+00 0.000000e+00
-2.365880e-10 0.000000e+00 0.000000e+00
-8.368975e-10 0.000000e+00 0.000000e+00
-5.854400e-11 0.000000e+00 0.000000e+00
-8.753940e-11 0.000000e+00 0.000000e+00
2.958871e-10 0.000000e+00 0.000000e+00
-1.571037e-10 0.000000e+00 0.000000e+00
-2.840605e-10 0.000000e+00 0.000000e+00
-1.848511e-10 0.000000e+00 0.000000e+00
-6.058794e-12 0.000000e+00 0.000000e+00
4.018971e-10 0.000000e+00 0.000000e+00
-2.091682e-11 0.000000e+00 0.000000e+00
-1.930591e-10 0.000000e+00 0.000000e+00
1.763002e-10 0.000000e+00 0.000000e+00
5.074868e-11 0.000000e+00 0.000000e+00
1.694722e-10 0.000000e+00 0.000000e+00
-6.068457e-10 0.000000e+00 0.000000e+00
4.174653e-10 0.000000e+00 0.000000e+00
-8.141782e-10 0.000000e+00 0.000000e+00
9.050944e-11 0.000000e+00 0.000000e+00
-3.250235e-10 0.000000e+00 0.000000e+00
-2.672932e-10 0.000000e+00 0.000000e+00
2.915709e-10 0.000000e+00 0.000000e+00
-4.579461e-11 0.000000e+00 0.000000e+00
-4.790579e-10 0.000000e+00 0.000000e+00
7.596719e-11 0.000000e+00 0.000000e+00
9.913467e-11 0.000000e+00 0.000000e+00
3.697548e-10 0.000000e+00 0.000000e+00
2.944726e-10 0.000000e+00 0.000000e+00
-1.349997e-10 0.000000e+00 0.000000e+00
-5.398422e-10 0.000000e+00 0.000000e+00
1.332394e-10 0.000000e+00 0.000000e+00
-1.491453e-10 0.000000e+00 0.000000e+00
2.754493e-10 0.000000e+00 0.000000e+00
3.775509e-10 0.000000e+00 0.000000e+00
-1.207399e-10 0.000000e+00 0.000000e+00
1.533015e-10 0.000000e+00 0.000000e+00
-1.880578e-10 0.000000e+00 0.000000e+00
1.482817e-10 0.000000e+00 0.000000e+00
-1.846805e-10 0.000000e+00 0.000000e+00
1.255073e-10 0.000000e+00 0.000000e+00
2.542813e-10 0.000000e+00 0.000000e+00
1.077045e-10 0.000000e+00 0.000000e+00
-1.224466e-10 0.000000e+00 0.000000e+00
5.092829e-10 0.000000e+00 0.000000e+00
2.681075e-10 0.000000e+00 0.000000e+00
-2.950770e-11 0.000000e+00 0.000000e+00
4.908611e-10 0.000000e+00 0.000000e+00
2.738559e-10 0.000000e+00 0.000000e+00
2.756642e-10 0.000000e+00 0.000000e+00
2.372988e-10 0.000000e+00 0.000000e+00
2.341962e-10 0.000000e+00 0.000000e+00
-8.005195e-11 0.000000e+00 0.000000e+00
2.981728e-10 0.000000e+00 0.000000e+00
6.446183e-11 0.000000e+00 0.000000e+00
-1.121201e-09 0.000000e+00 0.000000e+00
3.874056e-10 0.000000e+00 0.000000e+00
-3.858622e-10 0.000000e+00 0.000000e+00
2.764132e-10 0.000000e+00 0.000000e+00
2.347241e-10 0.000000e+00 0.000000e+00
-4.103994e-10 0.000000e+00 0.000000e+00
1.631361e-10 0.000000e+00 0.000000e+00
-5.824116e-11 0.000000e+00 0.000000e+00
-8.127473e-10 0.000000e+00 0.000000e+00
7.314361e-11 0.000000e+00 0.000000e+00
-1.201059e-10 0.000000e+00 0.000000e+00
-3.393043e-10 0.000000e+00 0.000000e+00
2.827828e-10 0.000000e+00 0.000000e+00
3.679489e-10 0.000000e+00 0.000000e+00
3.783006e-10 0.000000e+00 0.000000e+00
1.415590e-10 0.000000e+00 0.000000e+00
3.767150e-10 0.000000e+00 0.000000e+00
3.537067e-10 0.000000e+00 0.000000e+00
-7.990364e-10 0.000000e+00 0.000000e+00
-9.016694e-11 0.000000e+00 0.000000e+00
3.282150e-11 0.000000e+00 0.000000e+00
1.439785e-11 0.000000e+00 0.000000e+00
-1.030644e-10 0.000000e+00 0.000000e+00
1.508504e-10 0.000000e+00 0.000000e+00
-1.151849e-10 0.000000e+00 0.000000e+00
-1.290117e-10 0.000000e+00 0.000000e+00
-2.502576e-11 0.000000e+00 0.000000e+00
3.068398e-10 0.000000e+00 0.000000e+00
-6.537321e-11 0.000000e+00 0.000000e+00
-4.831574e-10 0.000000e+00 0.000000e+00
-9.794074e-10 0.000000e+00 0.000000e+00
2.623757e-10 0.000000e+00 0.000000e+00
-9.505543e-11 0.000000e+00 0.000000e+00
-3.555779e-10 0.000000e+00 0.000000e+00
-2.959056e-10 0.000000e+00 0.000000e+00
-3.284211e-11 0.000000e+00 0.000000e+00
-7.391704e-10 0.000000e+00 0.000000e+00
-1.021906e-09 0.000000e+00 0.000000e+00
2.135705e-11 0.000000e+00 0.000000e+00
4.101799e-10 0.000000e+00 0.000000e+00
3.862720e-10 0.000000e+00 0.000000e+00
-1.285416e-10 0.000000e+00 0.000000e+00
-2.294649e-10 0.000000e+00 0.000000e+00
-1.045631e-09 0.000000e+00 0.000000e+00
5.129555e-10 0.000000e+00 0.000000e+00
-2.863600e-10 0.000000e+00 0.000000e+00
-7.399155e-10 0.000000e+00 0.000000e+00
-5.957755e-10 0.000000e+00 0.000000e+00
1.192555e-10 0.000000e+00 0.000000e+00
3.180106e-10 0.000000e+00 0.000000e+00
4.902475e-10 0.000000e+00 0.000000e+00
-5.118353e-10 0.000000e+00 0.000000e+00
-1.431816e-11 0.000000e+00 0.000000e+00
2.011532e-11 0.000000e+00 0.000000e+00
4.458974e-10 0.000000e+00 0.000000e+00
-1.969709e-10 0.000000e+00 0.000000e+00
-1.865226e-10 0.000000e+00 0.000000e+00
2.973112e-10 0.000000e+00 0.000000e+00
6.288200e-10 0.000000e+00 0.000000e+00
2.415590e-10 0.000000e+00 0.000000e+00
-6.935113e-10 0.000000e+00 0.000000e+00
1.338389e-12 0.000000e+00 0.000000e+00
4.217854e-10 0.000000e+00 0.000000e+00
-8.761923e-11 0.000000e+00 0.000000e+00
-9.354494e-11 0.000000e+00 0.000000e+00
6.122319e-10 0.000000e+00 0.000000e+00
9.704307e-11 0.000000e+00 0.000000e+00
5.579368e-10 0.000000e+00 0.000000e+00
4.510266e-10 0.000000e+00 0.000000e+00
-8.657456e-10 0.000000e+00 0.000000e+00
-2.548458e-10 0.000000e+00 0.000000e+00
4.756415e-10 0.000000e+00 0.000000e+00
3.492195e-10 0.000000e+00 0.000000e+00
4.141809e-10 0.000000e+00 0.000000e+00
4.857870e-10 0.000000e+00 0.000000e+00
-3.622336e-10 0.000000e+00 0.000000e+00
-3.796753e-11 0.000000e+00 0.000000e+00
-2.454531e-10 0.000000e+00 0.000000e+00
3.045706e-10 0.000000e+00 0.000000e+00
5.363463e-11 0.000000e+00 0.000000e+00
-3.237870e-10 0.000000e+00 0.000000e+00
-3.899052e-10 0.000000e+00 0.000000e+00
-2.611393e-11 0.000000e+00 0.000000e+00
4.289164e-10 0.000000e+00 0.000000e+00
-3.251982e-10 0.000000e+00 0.000000e+00
-3.442507e-10 0.000000e+00 0.000000e+00
-1.990847e-10 0.000000e+00 0.000000e+00
1.297340e-10 0.000000e+00 0.000000e+00
4.422823e-10 0.000000e+00 0.000000e+00
-3.213321e-10 0.000000e+00 0.000000e+00
1.233304e-10 0.000000e+00 0.000000e+00
1.800481e-10 0.000000e+00 0.000000e+00
-1.173720e-10 0.000000e+00 0.000000e+00
2.515108e-10 0.000000e+00 0.000000e+00
2.777338e-10 0.000000e+00 0.000000e+00
-1.018479e-10 0.000000e+00 0.000000e+00
2.865970e-10 0.000000e+00 0.000000e+00
5.381790e-11 0.000000e+00 0.000000e+00
-4.593570e-11 0.000000e+00 0.000000e+00
3.363939e-10 0.000000e+00 0.000000e+00
-3.194590e-10 0.000000e+00 0.000000e+00
9.515964e-11 0.000000e+00 0.000000e+00
1.200074e-10 0.000000e+00 0.000000e+00
-2.533286e-10 0.000000e+00 0.000000e+00
3.913872e-11 0.000000e+00 0.000000e+00
-1.282680e-10 0.000000e+00 0.000000e+00
1.525143e-10 0.000000e+00 0.000000e+00
-9.418249e-11 0.000000e+00 0.000000e+00
1.002562e-10 0.000000e+00 0.000000e+00
4.896236e-10 0.000000e+00 0.000000e+00
-5.175506e-10 0.000000e+00 0.000000e+00
-1.010666e-10 0.000000e+00 0.000000e+00
-3.496797e-10 0.000000e+00 0.000000e+00
-4.642154e-10 0.000000e+00 0.000000e+00
-7.595686e-10 0.000000e+00 0.000000e+00
-1.533304e-10 0.000000e+00 0.000000e+00
-2.806285e-11 0.000000e+00 0.000000e+00
3.448699e-10 0.000000e+00 0.000000e+00
-5.996279e-11 0.000000e+00 0.000000e+00
-2.853904e-10 0.000000e+00 0.000000e+00
-2.429514e-11 0.000000e+00 0.000000e+00
3.799636e-10 0.000000e+00 0.000000e+00
2.160558e-10 0.000000e+00 0.000000e+00
2.341409e-10 0.000000e+00 0.000000e+00
-2.538714e-10 0.000000e+00 0.000000e+00
-6.444783e-10 0.000000e+00 0.000000e+00
-8.162544e-10 0.000000e+00 0.000000e+00
-5.428783e-10 0.000000e+00 0.000000e+00
4.767145e-10 0.000000e+00 0.000000e+00
-8.074645e-10 0.000000e+00 0.000000e+00
-1.483833e-10 0.000000e+00 0.000000e+00
-2.953360e-12 0.000000e+00 0.000000e+00
2.301486e-10 0.000000e+00 0.000000e+00
-1.173075e-10 0.000000e+00 0.000000e+00
-7.455493e-11 0.000000e+00 0.000000e+00
-6.650828e-10 0.000000e+00 0.000000e+00
2.506256e-10 0.000000e+00 0.000000e+00
3.244311e-10 0.000000e+00 0.000000e+00
-4.198218e-10 0.000000e+00 0.000000e+00
-1.044350e-09 0.000000e+00 0.000000e+00
1.377197e-10 0.000000e+00 0.000000e+00
-6.060823e-10 0.000000e+00 0.000000e+00
1.869516e-10 0.000000e+00 0.000000e+00
-1.498216e-10 0.000000e+00 0.000000e+00
3.789517e-10 0.000000e+00 0.000000e+00
-9.416380e-10 0.000000e+00 0.000000e+00
-5.671826e-10 0.000000e+00 0.000000e+00
-6.703741e-10 0.000000e+00 0.000000e+00
1.148814e-10 0.000000e+00 0.000000e+00
5.736530e-10 0.000000e+00 0.000000e+00
5.969651e-11 0.000000e+00 0.000000e+00
-8.924211e-10 0.000000e+00 0.000000e+00
1.072339e-10 0.000000e+00 0.000000e+00
-4.071541e-10 0.000000e+00 0.000000e+00
2.679103e-10 0.000000e+00 0.000000e+00
2.464664e-10 0.000000e+00 0.000000e+00
3.563870e-10 0.000000e+00 0.000000e+00
2.442144e-10 0.000000e+00 0.000000e+00
2.831623e-10 0.000000e+00 0.000000e+00
-3.570684e-10 0.000000e+00 0.000000e+00
4.665884e-10 0.000000e+00 0.000000e+00
3.800084e-10 0.000000e+00 0.000000e+00
-4.514225e-10 0.000000e+00 0.000000e+00
1.775222e-11 0.000000e+00 0.000000e+00
-1.111277e-09 0.000000e+00 0.000000e+00
4.080427e-11 0.000000e+00 0.000000e+00
4.816178e-10 0.000000e+00 0.000000e+00
2.837797e-10 0.000000e+00 0.000000e+00
5.481576e-10 0.000000e+00 0.000000e+00
1.370023e-10 0.000000e+00 0.000000e+00
1.889090e-10 0.000000e+00 0.000000e+00
-1.858620e-10 0.000000e+00 0.000000e+00
-3.312010e-10 0.000000e+00 0.000000e+00
2.078526e-10 0.000000e+00 0.000000e+00
1.794741e-10 0.000000e+00 0.000000e+00
2.025812e-10 0.000000e+00 0.000000e+00
-5.147950e-10 0.000000e+00 0.000000e+00
7.882147e-11 0.000000e+00 0.000000e+00
1.859451e-10 0.000000e+00 0.000000e+00
1.061818e-10 0.000000e+00 0.000000e+00
-2.397559e-10 0.000000e+00 0.000000e+00
-5.127559e-10 0.000000e+00 0.000000e+00
-2.688099e-10 0.000000e+00 0.000000e+00
-6.346901e-10 0.000000e+00 0.000000e+00
-8.139031e-11 0.000000e+00 0.000000e+00
-4.129316e-10 0.000000e+00 0.000000e+00
1.935708e-10 0.000000e+00 0.000000e+00
-2.595320e-10 0.000000e+00 0.000000e+00
1.900344e-11 0.000000e+00 0.000000e+00
-4.823138e-11 0.000000e+00 0.000000e+00
2.358410e-10 0.000000e+00 0.000000e+00
-4.280962e-10 0.000000e+00 0.000000e+00
-8.023144e-10 0.000000e+00 0.000000e+00
-2.203724e-10 0.000000e+00 0.000000e+00
-4.355060e-10 0.000000e+00 0.000000e+00
2.582077e-10 0.000000e+00 0.000000e+00
-2.249794e-10 0.000000e+00 0.000000e+00
-8.973011e-10 0.000000e+00 0.000000e+00
1.686821e-10 0.000000e+00 0.000000e+00
-3.940212e-10 0.000000e+00 0.000000e+00
3.657034e-10 0.000000e+00 0.000000e+00
7.771266e-11 0.000000e+00 0.000000e+00
3.696965e-10 0.000000e+00 0.000000e+00
-5.228129e-11 0.000000e+00 0.000000e+00
2.326361e-10 0.000000e+00 0.000000e+00
-5.374363e-10 0.000000e+00 0.000000e+00
-1.935050e-10 0.000000e+00 0.000000e+00
3.330603e-10 0.000000e+00 0.000000e+00
1.474403e-10 0.000000e+00 0.000000e+00
4.914689e-10 0.000000e+00 0.000000e+00
-3.386550e-10 0.000000e+00 0.000000e+00
-1.409285e-10 0.000000e+00 0.000000e+00
-4.176386e-10 0.000000e+00 0.000000e+00
-4.543882e-10 0.000000e+00 0.000000e+00
-1.005605e-10 0.000000e+00 0.000000e+00
2.769246e-10 0.000000e+00 0.000000e+00
3.354466e-10 0.000000e+00 0.000000e+00
3.716427e-10 0.000000e+00 0.000000e+00
1.583320e-10 0.000000e+00 0.000000e+00
1.245885e-10 0.000000e+00 0.000000e+00
1.370995e-12 0.000000e+00 0.000000e+00
5.486292e-10 0.000000e+00 0.000000e+00
-8.489873e-11 0.000000e+00 0.000000e+00
-3.021449e-10 0.000000e+00 0.000000e+00
-1.584700e-10 0.000000e+00 0.000000e+00
-2.787639e-10 0.000000e+00 0.000000e+00
-3.331149e-10 0.000000e+00 0.000000e+00
1.766591e-10 0.000000e+00 0.000000e+00
3.829899e-10 0.000000e+00 0.000000e+00
1.227256e-10 0.000000e+00 0.000000e+00
1.940295e-10 0.000000e+00 0.000000e+00
9.938805e-11 0.000000e+00 0.000000e+00
4.320833e-10 0.000000e+00 0.000000e+00
-4.772353e-11 0.000000e+00 0.000000e+00
-2.907845e-10 0.000000e+00 0.000000e+00
-1.190648e-10 0.000000e+00 0.000000e+00
3.477261e-11 0.000000e+00 0.000000e+00
-1.088641e-10 0.000000e+00 0.000000e+00
1.538132e-10 0.000000e+00 0.000000e+00
-6.311554e-10 0.000000e+00 0.000000e+00
4.859607e-10 0.000000e+00 0.000000e+00
2.202192e-10 0.000000e+00 0.000000e+00
-1.598801e-10 0.000000e+00 0.000000e+00
7.850747e-11 0.000000e+00 0.000000e+00
-3.987453e-10 0.000000e+00 0.000000e+00
3.185667e-10 0.000000e+00 0.000000e+00
3.074895e-10 0.000000e+00 0.000000e+00
6.480615e-11 0.000000e+00 0.000000e+00
-3.024049e-11 0.000000e+00 0.000000e+00
-1.770364e-10 0.000000e+00 0.000000e+00
-1.464668e-10 0.000000e+00 0.000000e+00
2.395310e-10 0.000000e+00 0.000000e+00
2.026611e-10 0.000000e+00 0.000000e+00
1.559290e-10 0.000000e+00 0.000000e+00
5.672777e-10 0.000000e+00 0.000000e+00
-2.329089e-10 0.000000e+00 0.000000e+00
-7.295608e-10 0.000000e+00 0.000000e+00
1.662074e-10 0.000000e+00 0.000000e+00
1.093402e-10 0.000000e+00 0.000000e+00
5.680754e-10 0.000000e+00 0.000000e+00
-3.382680e-10 0.000000e+00 0.000000e+00
8.565458e-12 0.000000e+00 0.000000e+00
8.971096e-11 0.000000e+00 0.000000e+00
-4.679477e-11 0.000000e+00 0.000000e+00
1.590892e-11 0.000000e+00 0.000000e+00
4.874495e-10 0.000000e+00 0.000000e+00
4.960121e-10 0.000000e+00 0.000000e+00
-2.114882e-10 0.000000e+00 0.000000e+00
2.673638e-10 0.000000e+00 0.000000e+00
2.879716e-10 0.000000e+00 0.000000e+00
-7.289329e-11 0.000000e+00 0.000000e+00
1.480641e-10 0.000000e+00 0.000000e+00
5.399514e-10 0.000000e+00 0.000000e+00
1.508411e-10 0.000000e+00 0.000000e+00
5.475467e-10 0.000000e+00 0.000000e+00
-3.907089e-10 0.000000e+00 0.000000e+00
3.312645e-10 0.000000e+00 0.000000e+00
-4.176278e-10 0.000000e+00 0.000000e+00
-4.476950e-11 0.000000e+00 0.000000e+00
2.203348e-10 0.000000e+00 0.000000e+00
-3.747401e-12 0.000000e+00 0.000000e+00
-5.960221e-10 0.000000e+00 0.000000e+00
4.346126e-10 0.000000e+00 0.000000e+00
-2.611741e-10 0.000000e+00 0.000000e+00
-4.471530e-10 0.000000e+00 0.000000e+00
4.735291e-10 0.000000e+00 0.000000e+00
4.120275e-10 0.000000e+00 0.000000e+00
2.034016e-10 0.000000e+00 0.000000e+00
4.695636e-12 0.000000e+00 0.000000e+00
1.847559e-10 0.000000e+00 0.000000e+00
-3.676507e-10 0.000000e+00 0.000000e+00
-3.542623e-10 0.000000e+00 0.000000e+00
-3.056378e-10 0.000000e+00 0.000000e+00
4.904366e-10 0.000000e+00 0.000000e+00
-1.891496e-10 0.000000e+00 0.000000e+00
-7.945879e-10 0.000000e+00 0.000000e+00
2.329777e-10 0.000000e+00 0.000000e+00
5.400893e-10 0.000000e+00 0.000000e+00
4.105363e-10 0.000000e+00 0.000000e+00
1.450508e-10 0.000000e+00 0.000000e+00
-3.545312e-10 0.000000e+00 0.000000e+00
-8.955260e-11 0.000000e+00 0.000000e+00
-2.627867e-10 0.000000e+00 0.000000e+00
4.288159e-10 0.000000e+00 0.000000e+00
5.536437e-10 0.000000e+00 0.000000e+00
-1.346295e-10 0.000000e+00 0.000000e+00
-1.559167e-10 0.000000e+00 0.000000e+00
8.715372e-11 0.000000e+00 0.000000e+00
-4.183180e-10 0.000000e+00 0.000000e+00
-3.272483e-10 0.000000e+00 0.000000e+00
-1.721896e-10 0.000000e+00 0.000000e+00
1.627774e-10 0.000000e+00 0.000000e+00
-3.836420e-10 0.000000e+00 0.000000e+00
5.099156e-10 0.000000e+00 0.000000e+00
-3.146877e-10 0.000000e+00 0.000000e+00
1.206047e-10 0.000000e+00 0.000000e+00
-9.989082e-11 0.000000e+00 0.000000e+00
4.206252e-10 0.000000e+00 0.000000e+00
2.591160e-10 0.000000e+00 0.000000e+00
1.062384e-11 0.000000e+00 0.000000e+00
-2.809658e-10 0.000000e+00 0.000000e+00
5.676652e-10 0.000000e+00 0.000000e+00
1.547964e-10 0.000000e+00 0.000000e+00
-1.822486e-11 0.000000e+00 0.000000e+00
1.421721e-10 0.000000e+00 0.000000e+00
5.056258e-10 0.000000e+00 0.000000e+00
2.494498e-10 0.000000e+00 0.000000e+00
4.229265e-11 0.000000e+00 0.000000e+00
-2.933165e-10 0.000000e+00 0.000000e+00
1.939064e-10 0.000000e+00 0.000000e+00
1.925888e-11 0.000000e+00 0.000000e+00
-1.829913e-10 0.000000e+00 0.000000e+00
2.965386e-10 0.000000e+00 0.000000e+00
-1.842734e-10 0.000000e+00 0.000000e+00
2.498406e-10 0.000000e+00 0.000000e+00
4.446209e-10 0.000000e+00 0.000000e+00
-2.231495e-10 0.000000e+00 0.000000e+00
2.521354e-10 0.000000e+00 0.000000e+00
-4.350066e-11 0.000000e+00 0.000000e+00
-1.724422e-12 0.000000e+00 0.000000e+00
-5.422320e-11 0.000000e+00 0.000000e+00
3.462052e-10 0.000000e+00 0.000000e+00
3.934259e-10 0.000000e+00 0.000000e+00
-1.832320e-10 0.000000e+00 0.000000e+00
3.511020e-10 0.000000e+00 0.000000e+00
-1.840642e-10 0.000000e+00 0.000000e+00
1.704532e-10 0.000000e+00 0.000000e+00
-1.016688e-10 0.000000e+00 0.000000e+00
2.205243e-10 0.000000e+00 0.000000e+00
3.407078e-10 0.000000e+00 0.000000e+00
-4.369674e-10 0.000000e+00 0.000000e+00
-4.167284e-10 0.000000e+00 0.000000e+00
-3.348032e-10 0.000000e+00 0.000000e+00
-7.172405e-10 0.000000e+00 0.000000e+00
2.837978e-10 0.000000e+00 0.000000e+00
-2.694710e-10 0.000000e+00 0.000000e+00
2.399564e-10 0.000000e+00 0.000000e+00
4.093563e-11 0.000000e+00 0.000000e+00
-2.139622e-10 0.000000e+00 0.000000e+00
1.976713e-10 0.000000e+00 0.000000e+00
-2.491959e-10 0.000000e+00 0.000000e+00
-5.490034e-10 0.000000e+00 0.000000e+00
-1.096187e-09 0.000000e+00 0.000000e+00
1.143830e-10 0.000000e+00 0.000000e+00
2.088422e-10 0.000000e+00 0.000000e+00
-1.546394e-10 0.000000e+00 0.000000e+00
-2.467571e-10 0.000000e+00 0.000000e+00
-1.267718e-10 0.000000e+00 0.000000e+00
1.188827e-10 0.000000e+00 0.000000e+00
1.427406e-10 0.000000e+00 0.000000e+00
5.871726e-10 0.000000e+00 0.000000e+00
-3.218330e-10 0.000000e+00 0.000000e+00
1.917379e-10 0.000000e+00 0.000000e+00
-4.721503e-11 0.000000e+00 0.000000e+00
-5.136758e-10 0.000000e+00 0.000000e+00
2.994914e-11 0.000000e+00 0.000000e+00
1.334214e-10 0.000000e+00 0.000000e+00
-8.092650e-11 0.000000e+00 0.000000e+00
-3.281790e-10 0.000000e+00 0.000000e+00
2.711660e-10 0.000000e+00 0.000000e+00
1.958309e-11 0.000000e+00 0.000000e+00
1.503215e-11 0.000000e+00 0.000000e+00
4.248992e-10 0.000000e+00 0.000000e+00
1.138645e-10 0.000000e+00 0.000000e+00
1.182215e-11 0.000000e+00 0.000000e+00
-1.600233e-10 0.000000e+00 0.000000e+00
2.111044e-11 0.000000e+00 0.000000e+00
-5.191871e-12 0.000000e+00 0.000000e+00
2.902189e-10 0.000000e+00 0.000000e+00
-2.680920e-10 0.000000e+00 0.000000e+00
-5.161102e-10 0.000000e+00 0.000000e+00
-5.513176e-11 0.000000e+00 0.000000e+00
4.125203e-10 0.000000e+00 0.000000e+00
1.768772e-10 0.000000e+00 0.000000e+00
-1.396905e-10 0.000000e+00 0.000000e+00
5.184616e-10 0.000000e+00 0.000000e+00
-5.938236e-11 0.000000e+00 0.000000e+00
4.362461e-10 0.000000e+00 0.000000e+00
4.016621e-11 0.000000e+00 0.000000e+00
-4.494384e-10 0.000000e+00 0.000000e+00
1.652462e-10 0.000000e+00 0.000000e+00
-1.527939e-11 0.000000e+00 0.000000e+00
2.341143e-10 0.000000e+00 0.000000e+00
7.007935e-11 0.000000e+00 0.000000e+00
5.844201e-10 0.000000e+00 0.000000e+00
-1.080109e-10 0.000000e+00 0.000000e+00
-7.879748e-10 0.000000e+00 0.000000e+00
4.670151e-10 0.000000e+00 0.000000e+00
9.844130e-11 0.000000e+00 0.000000e+00
1.150815e-10 0.000000e+00 0.000000e+00
-5.476664e-10 0.000000e+00 0.000000e+00
1.472718e-10 0.000000e+00 0.000000e+00
1.520717e-10 0.000000e+00 0.000000e+00
-2.352512e-10 0.000000e+00 0.000000e+00
-8.870763e-10 0.000000e+00 0.000000e+00
-1.340350e-10 0.000000e+00 0.000000e+00
2.338173e-10 0.000000e+00 0.000000e+00
-2.171795e-10 0.000000e+00 0.000000e+00
4.913521e-10 0.000000e+00 0.000000e+00
3.682032e-10 0.000000e+00 0.000000e+00
3.723042e-10 0.000000e+00 0.000000e+00
3.994284e-10 0.000000e+00 0.000000e+00
3.571408e-10 0.000000e+00 0.000000e+00
-1.498269e-10 0.000000e+00 0.000000e+00
-2.404826e-10 0.000000e+00 0.000000e+00
-2.290201e-11 0.000000e+00 0.000000e+00
-2.072302e-10 0.000000e+00 0.000000e+00
-3.315330e-11 0.000000e+00 0.000000e+00
1.702864e-10 0.000000e+00 0.000000e+00
-1.564722e-10 0.000000e+00 0.000000e+00
-3.915971e-10 0.000000e+00 0.000000e+00
3.645430e-10 0.000000e+00 0.000000e+00
-4.360954e-11 0.000000e+00 0.000000e+00
-2.608654e-10 0.000000e+00 0.000000e+00
3.791108e-10 0.000000e+00 0.000000e+00
-2.572734e-10 0.000000e+00 0.000000e+00
-6.233161e-10 0.000000e+00 0.000000e+00
-1.872270e-12 0.000000e+00 0.000000e+00
2.223317e-10 0.000000e+00 0.000000e+00
6.091771e-11 0.000000e+00 0.000000e+00
-4.825014e-10 0.000000e+00 0.000000e+00
2.405916e-10 0.000000e+00 0.000000e+00
6.318230e-10 0.000000e+00 0.000000e+00
-2.685329e-12 0.000000e+00 0.000000e+00
1.291370e-10 0.000000e+00 0.000000e+00
-3.473405e-10 0.000000e+00 0.000000e+00
1.043555e-10 0.000000e+00 0.000000e+00
-1.707550e-10 0.000000e+00 0.000000e+00
1.620398e-11 0.000000e+00 0.000000e+00
4.034630e-10 0.000000e+00 0.000000e+00
2.087277e-10 0.000000e+00 0.000000e+00
-2.146153e-10 0.000000e+00 0.000000e+00
5.835718e-11 0.000000e+00 0.000000e+00
6.131244e-10 0.000000e+00 0.000000e+00
-5.092414e-12 0.000000e+00 0.000000e+00
2.921136e-10 0.000000e+00 0.000000e+00
-1.382732e-11 0.000000e+00 0.000000e+00
-7.613391e-11 0.000000e+00 0.000000e+00
4.195579e-10 0.000000e+00 0.000000e+00
2.919348e-10 0.000000e+00 0.000000e+00
-3.907535e-10 0.000000e+00 0.000000e+00
7.470699e-11 0.000000e+00 0.000000e+00
-1.831851e-10 0.000000e+00 0.000000e+00
2.419503e-10 0.000000e+00 0.000000e+00
2.552061e-10 0.000000e+00 0.000000e+00
-4.346465e-12 0.000000e+00 0.000000e+00
-9.882340e-10 0.000000e+00 0.000000e+00
-2.571510e-11 0.000000e+00 0.000000e+00
-2.083797e-10 0.000000e+00 0.000000e+00
-4.375929e-10 0.000000e+00 0.000000e+00
1.162200e-10 0.000000e+00 0.000000e+00
8.884522e-11 0.000000e+00 0.000000e+00
-9.899998e-11 0.000000e+00 0.000000e+00
1.906786e-10 0.000000e+00 0.000000e+00
2.604677e-10 0.000000e+00 0.000000e+00
-3.648031e-10 0.000000e+00 0.000000e+00
4.615428e-10 0.000000e+00 0.000000e+00
5.313188e-10 0.000000e+00 0.000000e+00
-2.042283e-10 0.000000e+00 0.000000e+00
1.724547e-10 0.000000e+00 0.000000e+00
-6.378621e-10 0.000000e+00 0.000000e+00
1.511284e-10 0.000000e+00 0.000000e+00
-6.205524e-11 0.000000e+00 0.000000e+00
2.433288e-10 0.000000e+00 0.000000e+00
1.267536e-10 0.000000e+00 0.000000e+00
5.503237e-11 0.000000e+00 0.000000e+00
-2.730459e-11 0.000000e+00 0.000000e+00
-5.888354e-10 0.000000e+00 0.000000e+00
4.526501e-10 0.000000e+00 0.000000e+00
5.886436e-10 0.000000e+00 0.000000e+00
3.615857e-11 0.000000e+00 0.000000e+00
1.993201e-10 0.000000e+00 0.000000e+00
4.531074e-10 0.000000e+00 0.000000e+00
-2.002618e-10 0.000000e+00 0.000000e+00
3.576372e-10 0.000000e+00 0.000000e+00
-3.889624e-10 0.000000e+00 0.000000e+00
1.126592e-10 0.000000e+00 0.000000e+00
2.210631e-10 0.000000e+00 0.000000e+00
-6.771020e-10 0.000000e+00 0.000000e+00
-2.451516e-11 0.000000e+00 0.000000e+00
-5.361334e-10 0.000000e+00 0.000000e+00
2.498790e-11 0.000000e+00 0.000000e+00
4.080102e-10 0.000000e+00 0.000000e+00
1.580640e-10 0.000000e+00 0.000000e+00
1.517233e-10 0.000000e+00 0.000000e+00
3.685268e-10 0.000000e+00 0.000000e+00
2.082509e-10 0.000000e+00 0.000000e+00
-6.141825e-10 0.000000e+00 0.000000e+00
-6.229869e-12 0.000000e+00 0.000000e+00
4.735790e-10 0.000000e+00 0.000000e+00
-3.905869e-10 0.000000e+00 0.000000e+00
-7.284913e-10 0.000000e+00 0.000000e+00
6.123620e-12 0.000000e+00 0.000000e+00
4.224675e-10 0.000000e+00 0.000000e+00
-1.296757e-10 0.000000e+00 0.000000e+00
1.496316e-10 0.000000e+00 0.000000e+00
-3.233488e-10 0.000000e+00 0.000000e+00
-2.932340e-10 0.000000e+00 0.000000e+00
3.664172e-10 0.000000e+00 0.000000e+00
-5.799719e-10 0.000000e+00 0.000000e+00
3.439101e-10 0.000000e+00 0.000000e+00
5.749935e-10 0.000000e+00 0.000000e+00
4.496598e-10 0.000000e+00 0.000000e+00
5.177665e-10 0.000000e+00 0.000000e+00
4.142833e-10 0.000000e+00 0.000000e+00
4.221546e-10 0.000000e+00 0.000000e+00
3.890549e-10 0.000000e+00 0.000000e+00
5.783261e-10 0.000000e+00 0.000000e+00
4.141889e-10 0.000000e+00 0.000000e+00
4.628610e-10 0.000000e+00 0.000000e+00
4.444548e-10 0.000000e+00 0.000000e+00
6.088894e-10 0.000000e+00 0.000000e+00
4.433507e-10 0.000000e+00 0.000000e+00
3.963856e-10 0.000000e+00 0.000000e+00
3.991729e-10 0.000000e+00 0.000000e+00
3.726667e-10 0.000000e+00 0.000000e+00
3.909397e-10 0.000000e+00 0.000000e+00
3.888143e-10 0.000000e+00 0.000000e+00
4.092860e-10 0.000000e+00 0.000000e+00
4.198213e-10 0.000000e+00 0.000000e+00
3.791197e-10 0.000000e+00 0.000000e+00
4.229858e-10 0.000000e+00 0.000000e+00
4.206925e-10 0.000000e+00 0.000000e+00
3.917429e-10 0.000000e+00 0.000000e+00
5.433191e-10 0.000000e+00 0.000000e+00
6.327706e-10 0.000000e+00 0.000000e+00
5.980373e-10 0.000000e+00 0.000000e+00
5.850363e-10 0.000000e+00 0.000000e+00
4.641056e-10 0.000000e+00 0.000000e+00
3.721290e-10 0.000000e+00 0.000000e+00
5.059955e-10 0.000000e+00 0.000000e+00
6.140081e-10 0.000000e+00 0.000000e+00
4.029882e-10 0.000000e+00 0.000000e+00
6.055042e-10 0.000000e+00 0.000000e+00
5.447008e-10 0.000000e+00 0.000000e+00
6.271263e-10 0.000000e+00 0.000000e+00
3.991854e-10 0.000000e+00 0.000000e+00
4.159249e-10 0.000000e+00 0.000000e+00
4.564166e-10 0.000000e+00 0.000000e+00
4.656185e-10 0.000000e+00 0.000000e+00
4.376418e-10 0.000000e+00 0.000000e+00
4.287291e-10 0.000000e+00 0.000000e+00
4.885589e-10 0.000000e+00 0.000000e+00
4.487013e-10 0.000000e+00 0.000000e+00
4.294282e-10 0.000000e+00 0.000000e+00
4.580850e-10 0.000000e+00 0.000000e+00
4.085251e-10 0.000000e+00 0.000000e+00
3.628130e-10 0.000000e+00 0.000000e+00
6.142136e-10 0.000000e+00 0.000000e+00
5.922030e-10 0.000000e+00 0.000000e+00
5.714362e-10 0.000000e+00 0.000000e+00
5.533597e-10 0.000000e+00 0.000000e+00
4.535409e-10 0.000000e+00 0.000000e+00
4.723296e-10 0.000000e+00 0.000000e+00
4.026674e-10 0.000000e+00 0.000000e+00
4.096637e-10 0.000000e+00 0.000000e+00
4.328472e-10 0.000000e+00 0.000000e+00
4.766789e-10 0.000000e+00 0.000000e+00
4.553768e-10 0.000000e+00 0.000000e+00
3.886198e-10 0.000000e+00 0.000000e+00
5.118322e-10 0.000000e+00 0.000000e+00
5.453421e-10 0.000000e+00 0.000000e+00
5.527443e-10 0.000000e+00 0.000000e+00
4.480149e-10 0.000000e+00 0.000000e+00
6.123163e-10 0.000000e+00 0.000000e+00
3.800736e-10 0.000000e+00 0.000000e+00
4.440942e-10 0.000000e+00 0.000000e+00
6.184431e-10 0.000000e+00 0.000000e+00
4.105752e-10 0.000000e+00 0.000000e+00
4.375692e-10 0.000000e+00 0.000000e+00
4.628254e-10 0.000000e+00 0.000000e+00
5.444557e-10 0.000000e+00 0.000000e+00
5.135470e-10 0.000000e+00 0.000000e+00
4.555996e-10 0.000000e+00 0.000000e+00
4.627111e-10 0.000000e+00 0.000000e+00
5.948553e-10 0.000000e+00 0.000000e+00
3.854105e-10 0.000000e+00 0.000000e+00
5.711080e-10 0.000000e+00 0.000000e+00
5.721620e-10 0.000000e+00 0.000000e+00
3.928043e-10 0.000000e+00 0.000000e+00
