step K U E temp
0 2.428507e-21 -3.574904e-20 -3.332053e-20 3.517921e+02
1000 2.249059e-22 -4.106368e-20 -4.083877e-20 3.257973e+01
2000 5.692901e-23 -4.100011e-20 -4.094318e-20 8.246702e+00
3000 6.982165e-21 -4.082279e-20 -3.384062e-20 1.011432e+03
4000 1.763629e-21 -3.974181e-20 -3.797819e-20 2.554782e+02
5000 2.199827e-21 -3.605877e-20 -3.385895e-20 3.186656e+02
6000 1.943886e-21 -4.104509e-20 -3.910121e-20 2.815902e+02
7000 4.234224e-22 -3.792470e-20 -3.750127e-20 6.133671e+01
8000 2.560925e-21 -4.008690e-20 -3.752597e-20 3.709740e+02
9000 9.574571e-21 -3.776541e-20 -2.819083e-20 1.386967e+03
10000 2.072521e-25 -4.079351e-20 -4.079330e-20 3.002242e-02
11000 2.739104e-24 -3.945467e-20 -3.945193e-20 3.967851e-01
12000 1.477275e-22 -2.844481e-20 -2.829709e-20 2.139971e+01
13000 1.377237e-21 -4.090205e-20 -3.952481e-20 1.995057e+02
14000 9.905147e-22 -3.917883e-20 -3.818831e-20 1.434854e+02
15000 2.489596e-22 -3.730375e-20 -3.705479e-20 3.606414e+01
16000 3.754341e-21 -4.053744e-20 -3.678310e-20 5.438516e+02
17000 2.161074e-22 -4.031633e-20 -4.010022e-20 3.130520e+01
18000 1.619661e-20 -3.150939e-20 -1.531278e-20 2.346231e+03
19000 2.293728e-22 -4.095043e-20 -4.072106e-20 3.322681e+01
20000 4.282170e-21 -4.097715e-20 -3.669498e-20 6.203127e+02
21000 2.397188e-22 -4.106756e-20 -4.082785e-20 3.472552e+01
22000 1.215675e-21 -4.026253e-20 -3.904685e-20 1.761019e+02
23000 3.698708e-21 -4.106415e-20 -3.736544e-20 5.357927e+02
24000 6.682810e-22 -4.108129e-20 -4.041301e-20 9.680679e+01
25000 9.025487e-22 -4.106301e-20 -4.016046e-20 1.307427e+02
26000 7.529733e-21 -3.380453e-20 -2.627480e-20 1.090753e+03
27000 8.348688e-22 -4.107407e-20 -4.023920e-20 1.209386e+02
28000 1.377723e-20 -3.138084e-20 -1.760361e-20 1.995761e+03
29000 3.864936e-22 -3.661860e-20 -3.623211e-20 5.598723e+01
30000 4.449496e-21 -4.099774e-20 -3.654825e-20 6.445513e+02
31000 2.322852e-22 -4.046627e-20 -4.023398e-20 3.364870e+01
32000 5.725356e-22 -3.811634e-20 -3.754381e-20 8.293717e+01
33000 5.897193e-21 -3.573800e-20 -2.984081e-20 8.542638e+02
34000 1.353469e-22 -3.460813e-20 -3.447278e-20 1.960627e+01
35000 7.172207e-25 -3.954835e-20 -3.954763e-20 1.038962e-01
36000 1.739125e-21 -4.075454e-20 -3.901542e-20 2.519286e+02
37000 3.655678e-22 -4.108021e-20 -4.071464e-20 5.295594e+01
38000 4.870429e-21 -3.921180e-20 -3.434137e-20 7.055275e+02
39000 3.530283e-22 -4.036045e-20 -4.000742e-20 5.113947e+01
40000 3.190974e-22 -4.096068e-20 -4.064158e-20 4.622427e+01
41000 4.645560e-23 -3.808530e-20 -3.803885e-20 6.729531e+00
42000 8.571016e-21 -3.976104e-20 -3.119003e-20 1.241592e+03
43000 2.096506e-21 -2.971880e-20 -2.762229e-20 3.036986e+02
44000 4.066858e-21 -4.050958e-20 -3.644273e-20 5.891226e+02
45000 9.689969e-22 -3.911351e-20 -3.814451e-20 1.403683e+02
46000 1.265717e-22 -3.933498e-20 -3.920841e-20 1.833510e+01
47000 4.933692e-22 -4.109527e-20 -4.060190e-20 7.146917e+01
48000 4.396596e-21 -4.002017e-20 -3.562358e-20 6.368884e+02
49000 3.306591e-21 -3.816200e-20 -3.485541e-20 4.789908e+02
50000 2.787347e-21 -4.103708e-20 -3.824973e-20 4.037734e+02
51000 2.285472e-22 -3.952536e-20 -3.929682e-20 3.310721e+01
52000 8.440227e-21 -3.892434e-20 -3.048412e-20 1.222646e+03
53000 1.119233e-22 -3.371390e-20 -3.360198e-20 1.621315e+01
54000 1.798416e-21 -4.086984e-20 -3.907143e-20 2.605176e+02
55000 1.705097e-21 -4.093037e-20 -3.922527e-20 2.469994e+02
56000 3.338964e-23 -4.092522e-20 -4.089183e-20 4.836804e+00
57000 2.026209e-22 -4.095920e-20 -4.075658e-20 2.935155e+01
58000 1.253644e-20 -4.099116e-20 -2.845472e-20 1.816021e+03
59000 6.134954e-23 -4.109971e-20 -4.103836e-20 8.887057e+00
60000 8.129405e-23 -4.064528e-20 -4.056399e-20 1.177621e+01
61000 1.771322e-23 -3.954717e-20 -3.952946e-20 2.565927e+00
62000 1.026662e-23 -4.082718e-20 -4.081691e-20 1.487216e+00
63000 5.565318e-21 -4.109463e-20 -3.552931e-20 8.061887e+02
64000 1.047039e-21 -4.061469e-20 -3.956765e-20 1.516735e+02
65000 9.105225e-21 -4.060938e-20 -3.150415e-20 1.318978e+03
66000 3.731324e-23 -4.088690e-20 -4.084958e-20 5.405173e+00
67000 5.353320e-22 -4.035972e-20 -3.982439e-20 7.754788e+01
68000 1.288009e-21 -3.606658e-20 -3.477857e-20 1.865802e+02
69000 8.205503e-22 -4.004275e-20 -3.922220e-20 1.188644e+02
70000 9.282349e-22 -4.109574e-20 -4.016750e-20 1.344636e+02
71000 5.756389e-22 -3.959015e-20 -3.901451e-20 8.338672e+01
72000 5.561798e-23 -4.108466e-20 -4.102904e-20 8.056788e+00
73000 7.428486e-24 -3.996009e-20 -3.995266e-20 1.076086e+00
74000 1.335502e-21 -4.100591e-20 -3.967041e-20 1.934601e+02
75000 1.621270e-24 -4.081681e-20 -4.081519e-20 2.348563e-01
76000 2.114135e-21 -3.924472e-20 -3.713058e-20 3.062523e+02
77000 4.794386e-24 -3.441571e-20 -3.441092e-20 6.945119e-01
78000 6.351563e-21 -3.779758e-20 -3.144602e-20 9.200837e+02
79000 4.494186e-21 -3.930490e-20 -3.481071e-20 6.510251e+02
80000 4.037176e-21 -4.102051e-20 -3.698333e-20 5.848230e+02
81000 3.021806e-21 -3.609879e-20 -3.307699e-20 4.377370e+02
82000 1.025028e-21 -4.092632e-20 -3.990129e-20 1.484850e+02
83000 6.107437e-22 -3.861273e-20 -3.800199e-20 8.847198e+01
84000 3.826761e-21 -3.529991e-20 -3.147315e-20 5.543424e+02
85000 8.568955e-22 -4.106988e-20 -4.021298e-20 1.241294e+02
86000 2.025103e-22 -4.094305e-20 -4.074054e-20 2.933553e+01
87000 7.689104e-23 -4.093332e-20 -4.085643e-20 1.113839e+01
88000 2.244115e-22 -4.091304e-20 -4.068863e-20 3.250812e+01
89000 1.073836e-22 -4.105079e-20 -4.094341e-20 1.555553e+01
90000 1.711865e-21 -4.057574e-20 -3.886387e-20 2.479798e+02
91000 6.803474e-22 -4.106070e-20 -4.038036e-20 9.855472e+01
92000 2.271381e-22 -2.547104e-20 -2.524390e-20 3.290309e+01
93000 1.753006e-21 -3.855639e-20 -3.680338e-20 2.539394e+02
94000 3.138232e-22 -4.109616e-20 -4.078234e-20 4.546025e+01
95000 4.991152e-22 -4.109973e-20 -4.060061e-20 7.230153e+01
96000 3.451816e-23 -4.108109e-20 -4.104657e-20 5.000280e+00
97000 2.432033e-21 -4.107779e-20 -3.864576e-20 3.523028e+02
98000 2.668034e-21 -3.892633e-20 -3.625830e-20 3.864898e+02
99000 1.390241e-21 -3.850962e-20 -3.711938e-20 2.013895e+02
100000 1.049634e-23 -4.074715e-20 1.092633e-19 1.520494e+00
101000 7.783713e-22 -4.095522e-20 5.994676e-20 1.127544e+02
102000 2.695063e-22 -3.806907e-20 6.220044e-20 3.904052e+01
103000 3.219800e-22 -4.109740e-20 5.922458e-20 4.664183e+01
104000 1.460845e-21 -4.109824e-20 6.036261e-20 2.116172e+02
105000 5.945995e-22 -4.075856e-20 5.983604e-20 8.613333e+01
106000 5.924835e-23 -4.023619e-20 5.982306e-20 8.582681e+00
107000 5.619183e-22 -4.109951e-20 5.946241e-20 8.139915e+01
108000 3.640364e-21 -2.894388e-20 7.469649e-20 5.273411e+02
109000 2.063866e-21 -4.085981e-20 6.120405e-20 2.989704e+02
110000 1.046419e-22 -4.109961e-20 5.900503e-20 1.515836e+01
111000 1.779282e-21 -4.106949e-20 6.070979e-20 2.577457e+02
112000 1.191195e-21 -4.092176e-20 6.026944e-20 1.725558e+02
113000 1.929011e-21 -3.704633e-20 6.488269e-20 2.794354e+02
114000 2.314148e-22 -4.103675e-20 5.919466e-20 3.352262e+01
115000 2.007450e-20 -4.012312e-20 7.995138e-20 2.907980e+03
116000 6.957344e-22 -4.056751e-20 6.012823e-20 1.007837e+02
117000 3.480275e-21 -3.937457e-20 6.410570e-20 5.041506e+02
118000 3.821107e-21 -3.995279e-20 6.386831e-20 5.535233e+02
119000 2.786047e-23 -4.098760e-20 5.904793e-20 4.035851e+00
120000 2.585548e-21 -4.109883e-20 6.148672e-20 3.745410e+02
121000 1.007301e-20 -4.001841e-20 7.005460e-20 1.459170e+03
122000 6.679679e-23 -4.105912e-20 5.900768e-20 9.676144e+00
123000 2.842994e-21 -3.231507e-20 7.052792e-20 4.118344e+02
124000 7.987657e-23 -4.018131e-20 5.989856e-20 1.157087e+01
125000 1.060125e-21 -3.606431e-20 6.499581e-20 1.535690e+02
126000 3.679471e-21 -4.032596e-20 6.335351e-20 5.330061e+02
127000 6.301555e-21 -4.109993e-20 6.520162e-20 9.128395e+02
128000 4.917412e-25 -3.811764e-20 6.188285e-20 7.123333e-02
129000 4.724349e-22 -4.109896e-20 5.937348e-20 6.843664e+01
130000 2.083065e-23 -4.087229e-20 5.914854e-20 3.017516e+00
131000 2.556692e-21 -3.476927e-20 6.778742e-20 3.703609e+02
132000 5.812796e-23 -3.302021e-20 6.703792e-20 8.420382e+00
133000 4.909206e-21 -4.108201e-20 6.382720e-20 7.111447e+02
134000 3.124759e-21 -4.087183e-20 6.225293e-20 4.526508e+02
135000 9.379500e-24 -4.097522e-20 5.903416e-20 1.358709e+00
136000 3.305572e-22 -3.864875e-20 6.168181e-20 4.788432e+01
137000 8.270381e-21 -4.107132e-20 6.719906e-20 1.198042e+03
138000 1.345585e-22 -4.107768e-20 5.905688e-20 1.949207e+01
139000 1.198800e-22 -4.029373e-20 5.982615e-20 1.736574e+01
140000 3.686457e-21 -4.080956e-20 6.287689e-20 5.340179e+02
141000 1.417328e-23 -3.962643e-20 6.038774e-20 2.053133e+00
142000 7.992655e-23 -3.841454e-20 6.166538e-20 1.157811e+01
143000 2.696797e-23 -4.046846e-20 5.955851e-20 3.906565e+00
144000 8.791225e-21 -4.047730e-20 6.831392e-20 1.273492e+03
145000 9.230905e-23 -4.009716e-20 5.999515e-20 1.337183e+01
146000 3.461148e-21 -4.056816e-20 6.289299e-20 5.013799e+02
147000 5.745631e-22 -3.995941e-20 6.061515e-20 8.323088e+01
148000 1.037853e-22 -3.795441e-20 6.214937e-20 1.503427e+01
149000 9.536872e-21 -4.030336e-20 6.923351e-20 1.381506e+03
150000 7.420362e-22 -3.947144e-20 6.127060e-20 1.074909e+02
151000 2.399084e-21 -4.108045e-20 6.131863e-20 3.475300e+02
152000 2.613600e-21 -4.047929e-20 6.213431e-20 3.786046e+02
153000 6.748449e-21 -4.109998e-20 6.564847e-20 9.775764e+02
154000 3.252789e-21 -4.037250e-20 6.288029e-20 4.711971e+02
155000 3.523869e-22 -3.979519e-20 6.055719e-20 5.104656e+01
156000 1.697315e-22 -3.976477e-20 6.040497e-20 2.458721e+01
157000 2.197383e-21 -3.710195e-20 6.509544e-20 3.183115e+02
158000 2.400593e-21 -3.753125e-20 6.486934e-20 3.477485e+02
159000 3.397054e-25 -4.004285e-20 5.995749e-20 4.920952e-02
160000 3.227435e-23 -4.086164e-20 5.917064e-20 4.675243e+00
161000 1.738703e-21 -4.107274e-20 6.066596e-20 2.518675e+02
162000 1.203508e-21 -4.099955e-20 6.020611e-20 1.743395e+02
163000 8.657881e-23 -4.069605e-20 5.939053e-20 1.254176e+01
164000 2.814717e-24 -3.833992e-20 6.166289e-20 4.077382e-01
165000 6.852689e-22 -4.007309e-20 6.061218e-20 9.926765e+01
166000 6.905988e-21 -4.109593e-20 6.581006e-20 1.000397e+03
167000 1.108245e-21 -4.086652e-20 6.024173e-20 1.605398e+02
168000 3.296968e-21 -4.109783e-20 6.219914e-20 4.775968e+02
169000 8.565702e-21 -4.039582e-20 6.816988e-20 1.240823e+03
170000 1.197106e-20 -4.109943e-20 7.087162e-20 1.734120e+03
171000 6.555282e-26 -3.914235e-20 6.085772e-20 9.495942e-03
172000 2.605261e-21 -3.999395e-20 6.261131e-20 3.773965e+02
173000 3.969215e-23 -3.739501e-20 6.264468e-20 5.749782e+00
174000 1.073872e-21 -4.086575e-20 6.020812e-20 1.555605e+02
175000 2.594621e-21 -4.061251e-20 6.198211e-20 3.758553e+02
176000 2.263956e-21 -4.102846e-20 6.123555e-20 3.279554e+02
177000 6.371918e-24 -4.087965e-20 5.912673e-20 9.230323e-01
178000 2.227341e-22 -3.879919e-20 6.142354e-20 3.226513e+01
179000 2.406242e-23 -4.040928e-20 5.961478e-20 3.485668e+00
180000 4.684486e-22 -4.109565e-20 5.937279e-20 6.785918e+01
181000 2.339745e-24 -3.996319e-20 6.003915e-20 3.389341e-01
182000 3.562254e-21 -3.791996e-20 6.564229e-20 5.160261e+02
183000 6.740825e-21 -3.994123e-20 6.679959e-20 9.764720e+02
184000 3.758985e-21 -4.087759e-20 6.288140e-20 5.445244e+02
185000 1.916399e-21 -4.096716e-20 6.094924e-20 2.776084e+02
186000 9.657552e-22 -4.103576e-20 5.993001e-20 1.398987e+02
187000 6.150589e-21 -4.079937e-20 6.535122e-20 8.909707e+02
188000 8.852840e-21 -3.545897e-20 7.339387e-20 1.282417e+03
189000 1.830237e-21 -4.052127e-20 6.130897e-20 2.651271e+02
190000 4.235786e-22 -4.017585e-20 6.024773e-20 6.135934e+01
191000 1.095998e-20 -4.097954e-20 6.998044e-20 1.587656e+03
192000 3.883294e-22 -4.109041e-20 5.929792e-20 5.625316e+01
193000 2.243466e-22 -4.107943e-20 5.914492e-20 3.249871e+01
194000 3.702347e-22 -4.109917e-20 5.927107e-20 5.363198e+01
195000 5.631247e-22 -4.042615e-20 6.013697e-20 8.157391e+01
196000 2.919722e-21 -4.095912e-20 6.196061e-20 4.229491e+02
197000 5.796952e-22 -4.053466e-20 6.004503e-20 8.397430e+01
198000 6.534538e-24 -4.107392e-20 5.893261e-20 9.465893e-01
199000 1.016323e-21 -3.794567e-20 6.307065e-20 1.472239e+02
200000 3.251159e-21 -4.107803e-20 6.217313e-20 4.709609e+02
201000 2.498115e-21 -4.001754e-20 6.248058e-20 3.618755e+02
202000 4.918734e-21 -4.074765e-20 6.417108e-20 7.125249e+02
203000 1.602522e-21 -4.109665e-20 6.050587e-20 2.321405e+02
204000 3.578214e-21 -4.060340e-20 6.297481e-20 5.183379e+02
205000 2.802897e-21 -4.078333e-20 6.201957e-20 4.060260e+02
206000 9.259097e-22 -4.104252e-20 5.988339e-20 1.341267e+02
207000 6.501742e-21 -4.109509e-20 6.540665e-20 9.418385e+02
208000 1.331367e-21 -4.098604e-20 6.034533e-20 1.928611e+02
209000 9.464576e-22 -4.107293e-20 5.987353e-20 1.371033e+02
210000 1.815774e-22 -4.108536e-20 5.909622e-20 2.630319e+01
211000 1.510456e-21 -4.106256e-20 6.044790e-20 2.188038e+02
212000 2.764091e-22 -3.853426e-20 6.174215e-20 4.004046e+01
213000 1.565377e-20 -4.097059e-20 7.468317e-20 2.267595e+03
214000 6.052747e-21 -4.044003e-20 6.561272e-20 8.767974e+02
215000 1.172250e-21 -4.080983e-20 6.036242e-20 1.698114e+02
216000 5.174938e-21 -4.109998e-20 6.407495e-20 7.496385e+02
217000 1.513682e-21 -4.049857e-20 6.101511e-20 2.192711e+02
218000 5.748963e-22 -4.084735e-20 5.972755e-20 8.327913e+01
219000 1.597120e-22 -3.867712e-20 6.148259e-20 2.313578e+01
220000 7.071591e-21 -4.021942e-20 6.685218e-20 1.024386e+03
221000 3.745212e-21 -3.985577e-20 6.388944e-20 5.425291e+02
222000 1.379457e-21 -4.026732e-20 6.111213e-20 1.998273e+02
223000 3.543225e-21 -4.070067e-20 6.284256e-20 5.132695e+02
224000 2.692536e-21 -4.088404e-20 6.180849e-20 3.900392e+02
225000 1.378950e-21 -4.101703e-20 6.036217e-20 1.997539e+02
226000 1.552192e-22 -4.109704e-20 5.905818e-20 2.248496e+01
227000 6.671271e-23 -3.993327e-20 6.013344e-20 9.663964e+00
228000 2.217421e-23 -3.962042e-20 6.040175e-20 3.212143e+00
229000 3.984574e-21 -3.358921e-20 7.039536e-20 5.772031e+02
230000 2.010800e-22 -3.890887e-20 6.129221e-20 2.912833e+01
231000 1.735250e-21 -4.105729e-20 6.067796e-20 2.513673e+02
232000 1.151060e-21 -4.007981e-20 6.107125e-20 1.667418e+02
233000 6.291453e-21 -4.073912e-20 6.555234e-20 9.113761e+02
234000 5.030935e-21 -4.097368e-20 6.408547e-20 7.287783e+02
235000 1.956306e-21 -3.643147e-20 6.552483e-20 2.833893e+02
236000 4.695135e-21 -4.044007e-20 6.425506e-20 6.801345e+02
237000 3.502066e-21 -4.107920e-20 6.242287e-20 5.073072e+02
238000 2.126583e-22 -4.108495e-20 5.912771e-20 3.080555e+01
239000 4.154074e-21 -3.716583e-20 6.698824e-20 6.017568e+02
240000 2.846011e-21 -4.045076e-20 6.239525e-20 4.122715e+02
241000 1.986863e-21 -4.106574e-20 6.092112e-20 2.878159e+02
242000 6.936267e-24 -4.101611e-20 5.899110e-20 1.004784e+00
243000 2.251264e-21 -4.106557e-20 6.118569e-20 3.261168e+02
244000 6.839541e-22 -3.983913e-20 6.084482e-20 9.907718e+01
245000 7.015693e-22 -3.895369e-20 6.174788e-20 1.016289e+02
246000 2.693686e-21 -3.941991e-20 6.327377e-20 3.902058e+02
247000 4.592581e-21 -3.509556e-20 6.949702e-20 6.652786e+02
248000 5.849854e-21 -4.091258e-20 6.655390e-20 8.474063e+02
249000 4.968035e-21 -4.097999e-20 6.398804e-20 7.196667e+02
250000 1.527518e-22 -4.109760e-20 5.905516e-20 2.212754e+01
251000 8.707334e-23 -4.069465e-20 5.939243e-20 1.261339e+01
252000 6.094032e-22 -4.093521e-20 5.967420e-20 8.827779e+01
253000 1.816381e-21 -4.027572e-20 6.154066e-20 2.631199e+02
254000 3.580600e-21 -3.721964e-20 6.636096e-20 5.186835e+02
255000 5.262194e-21 -4.109694e-20 6.416526e-20 7.622783e+02
256000 5.208113e-21 -4.091192e-20 6.596547e-20 7.544442e+02
257000 5.889289e-21 -3.770917e-20 6.818012e-20 8.531190e+02
258000 3.333605e-21 -3.776739e-20 6.556621e-20 4.829040e+02
259000 2.544588e-21 -3.678643e-20 6.575816e-20 3.686076e+02
260000 3.102952e-22 -3.970112e-20 6.060917e-20 4.494918e+01
261000 2.338324e-22 -4.107983e-20 5.915400e-20 3.387283e+01
262000 1.901045e-21 -3.111135e-20 7.078970e-20 2.753842e+02
263000 5.859062e-21 -4.095685e-20 6.501186e-20 8.487402e+02
264000 9.891400e-22 -3.662582e-20 6.436332e-20 1.432862e+02
265000 2.902619e-21 -4.106335e-20 6.183927e-20 4.204717e+02
266000 2.778087e-24 -4.096698e-20 5.903579e-20 4.024321e-01
267000 1.053641e-21 -3.849356e-20 6.256008e-20 1.526298e+02
268000 4.028259e-21 -4.108549e-20 6.294277e-20 5.835313e+02
269000 1.182415e-22 -4.105702e-20 5.906122e-20 1.712839e+01
270000 2.672539e-21 -4.086220e-20 6.181034e-20 3.871424e+02
271000 6.480680e-22 -4.109920e-20 5.954887e-20 9.387874e+01
272000 2.862697e-21 -4.031605e-20 6.254665e-20 4.146886e+02
273000 2.035242e-21 -4.093852e-20 6.109673e-20 2.948239e+02
274000 1.449308e-24 -4.102149e-20 5.898009e-20 2.099458e-01
275000 4.938302e-22 -2.621329e-20 7.428054e-20 7.153595e+01
276000 3.145629e-21 -4.109385e-20 6.205177e-20 4.556739e+02
277000 1.848343e-21 -4.105078e-20 6.079756e-20 2.677499e+02
278000 1.343384e-21 -4.052679e-20 6.081659e-20 1.946018e+02
279000 4.043201e-22 -4.102319e-20 5.938123e-20 5.856957e+01
280000 2.598385e-21 -4.047326e-20 6.212513e-20 3.764005e+02
281000 9.986427e-23 -3.561577e-20 6.448409e-20 1.446628e+01
282000 3.386262e-22 -4.109747e-20 5.924116e-20 4.905320e+01
283000 9.537966e-22 -4.031631e-20 6.063749e-20 1.381664e+02
284000 1.184965e-22 -3.783609e-20 6.228241e-20 1.716533e+01
285000 2.685642e-21 -4.099965e-20 6.168812e-20 3.890406e+02
286000 1.264507e-21 -4.102155e-20 6.024309e-20 1.831757e+02
287000 1.521549e-21 -3.832422e-20 6.319733e-20 2.204107e+02
288000 9.800685e-21 -2.857397e-20 8.122671e-20 1.419721e+03
289000 2.785462e-23 -4.109884e-20 5.892901e-20 4.035004e+00
290000 5.873361e-21 -4.035408e-20 6.551929e-20 8.508116e+02
291000 1.520079e-21 -4.105380e-20 6.046628e-20 2.201978e+02
292000 4.186648e-24 -4.070833e-20 5.929586e-20 6.064754e-01
293000 3.268214e-21 -3.373833e-20 6.952989e-20 4.734315e+02
294000 1.152703e-21 -4.006454e-20 6.108817e-20 1.669799e+02
295000 1.284861e-21 -4.061103e-20 6.067383e-20 1.861243e+02
296000 1.267506e-21 -3.977607e-20 6.149144e-20 1.836102e+02
297000 5.752160e-24 -4.096149e-20 5.904426e-20 8.332545e-01
298000 1.828621e-22 -3.871015e-20 6.147271e-20 2.648930e+01
299000 1.478162e-21 -3.879585e-20 6.268231e-20 2.141257e+02
300000 2.253836e-21 -4.102963e-20 6.122425e-20 3.264894e+02
301000 2.350286e-21 -4.028131e-20 6.206898e-20 3.404610e+02
302000 2.067455e-21 -4.106098e-20 6.100648e-20 2.994903e+02
303000 9.389371e-22 -4.108608e-20 5.985286e-20 1.360139e+02
304000 8.707965e-22 -4.109994e-20 5.977086e-20 1.261431e+02
305000 2.459580e-24 -3.871567e-20 6.128679e-20 3.562933e-01
306000 3.367347e-21 -3.436702e-20 6.900033e-20 4.877919e+02
307000 6.294030e-21 -4.058136e-20 6.571267e-20 9.117495e+02
308000 7.593280e-21 -3.584405e-20 7.174923e-20 1.099958e+03
309000 8.392770e-24 -4.103869e-20 5.896970e-20 1.215772e+00
310000 1.978216e-22 -4.072560e-20 5.947222e-20 2.865632e+01
311000 2.974574e-22 -4.104950e-20 5.924796e-20 4.308950e+01
312000 5.671613e-23 -3.954672e-20 6.050999e-20 8.215865e+00
313000 3.440669e-23 -3.959319e-20 6.044121e-20 4.984133e+00
314000 1.731553e-21 -3.260383e-20 6.912772e-20 2.508318e+02
315000 6.612424e-22 -4.109954e-20 5.956170e-20 9.578718e+01
316000 2.464713e-21 -4.065981e-20 6.180490e-20 3.570368e+02
317000 7.570977e-22 -4.109542e-20 5.966168e-20 1.096727e+02
318000 1.169591e-22 -4.101655e-20 5.910067e-20 1.694262e+01
319000 3.518803e-23 -4.092371e-20 5.911148e-20 5.097317e+00
320000 4.099007e-22 -4.056755e-20 5.984235e-20 5.937797e+01
321000 3.341518e-21 -4.016590e-20 6.317562e-20 4.840503e+02
322000 2.941002e-21 -4.109092e-20 6.185008e-20 4.260318e+02
323000 1.137901e-21 -4.011005e-20 6.102786e-20 1.648357e+02
324000 2.166938e-23 -3.891278e-20 6.110889e-20 3.139014e+00
325000 1.719959e-21 -4.106535e-20 6.065461e-20 2.491523e+02
326000 3.186241e-23 -4.089259e-20 5.913927e-20 4.615570e+00
327000 5.412426e-22 -4.046008e-20 6.008117e-20 7.840408e+01
328000 3.370594e-21 -3.266621e-20 7.070439e-20 4.882622e+02
329000 3.379003e-22 -3.980041e-20 6.053749e-20 4.894804e+01
330000 3.991022e-21 -4.107693e-20 6.291409e-20 5.781371e+02
331000 3.877736e-21 -3.644696e-20 6.743078e-20 5.617265e+02
332000 3.322355e-21 -4.059632e-20 6.272603e-20 4.812744e+02
333000 5.032814e-21 -4.095845e-20 6.417160e-20 7.290504e+02
334000 2.597984e-23 -3.870867e-20 6.131731e-20 3.763425e+00
335000 1.663816e-21 -3.835883e-20 6.330499e-20 2.410195e+02
336000 4.417724e-24 -4.109987e-20 5.890455e-20 6.399488e-01
337000 1.478132e-24 -3.936428e-20 6.063720e-20 2.141213e-01
338000 1.625465e-23 -3.818072e-20 6.183554e-20 2.354638e+00
339000 4.561149e-21 -4.082582e-20 6.373533e-20 6.607253e+02
340000 1.057370e-21 -4.086233e-20 6.019504e-20 1.531701e+02
341000 2.665661e-21 -3.832702e-20 6.433864e-20 3.861460e+02
342000 3.530765e-22 -4.104345e-20 5.930963e-20 5.114645e+01
343000 1.003222e-22 -3.894840e-20 6.115192e-20 1.453261e+01
344000 5.109957e-21 -4.107295e-20 6.403701e-20 7.402254e+02
345000 2.415369e-21 -3.289322e-20 6.952215e-20 3.498890e+02
346000 2.159955e-21 -4.101220e-20 6.114821e-20 3.128898e+02
347000 3.312038e-21 -3.319643e-20 7.011561e-20 4.797799e+02
348000 1.213020e-21 -4.089365e-20 6.031937e-20 1.757174e+02
349000 2.952653e-24 -3.672667e-20 6.327628e-20 4.277196e-01
350000 5.864498e-22 -4.099185e-20 5.959460e-20 8.495277e+01
351000 5.467645e-21 -4.109464e-20 6.437300e-20 7.920398e+02
352000 1.372491e-21 -4.046844e-20 6.090405e-20 1.988182e+02
353000 5.784120e-22 -3.945661e-20 6.112180e-20 8.378842e+01
354000 7.676979e-24 -4.109075e-20 5.891692e-20 1.112083e+00
355000 3.523595e-22 -3.817033e-20 6.218203e-20 5.104259e+01
356000 1.649280e-21 -4.074863e-20 6.090065e-20 2.389137e+02
357000 1.628944e-23 -4.072283e-20 5.929346e-20 2.359679e+00
358000 1.050517e-22 -3.464863e-20 6.545642e-20 1.521772e+01
359000 4.849263e-21 -4.033634e-20 6.451292e-20 7.024614e+02
360000 1.808250e-21 -4.085813e-20 6.095012e-20 2.619420e+02
361000 2.256479e-21 -4.103283e-20 6.122367e-20 3.268723e+02
362000 8.211066e-22 -4.012898e-20 6.069213e-20 1.189450e+02
363000 3.957491e-23 -4.108673e-20 5.895285e-20 5.732798e+00
364000 3.185601e-22 -4.070338e-20 5.961518e-20 4.614643e+01
365000 9.739562e-22 -4.099104e-20 5.998832e-20 1.410867e+02
366000 2.180660e-23 -3.687783e-20 6.314398e-20 3.158891e+00
367000 6.315901e-23 -3.969321e-20 6.036995e-20 9.149178e+00
368000 4.353062e-24 -2.739216e-20 7.261219e-20 6.305820e-01
369000 9.170855e-22 -4.109800e-20 5.981908e-20 1.328485e+02
370000 8.148735e-22 -4.087519e-20 6.736790e-20 1.180421e+02
371000 6.528206e-23 -4.007591e-20 5.998937e-20 9.456720e+00
372000 1.018801e-23 -3.963230e-20 6.037789e-20 1.475829e+00
373000 1.155523e-21 -4.046804e-20 6.068749e-20 1.673884e+02
374000 9.375139e-23 -4.008744e-20 6.000631e-20 1.358077e+01
375000 7.094132e-22 -2.528919e-20 7.542022e-20 1.027652e+02
376000 5.277712e-23 -4.095614e-20 5.909663e-20 7.645262e+00
377000 1.178505e-21 -4.106609e-20 6.011242e-20 1.707175e+02
378000 5.068466e-24 -3.269482e-20 6.731025e-20 7.342150e-01
379000 1.758340e-21 -3.563940e-20 6.611894e-20 2.547121e+02
380000 3.233972e-21 -4.101064e-20 6.222333e-20 4.684713e+02
381000 1.118434e-21 -4.104012e-20 6.007832e-20 1.620156e+02
382000 1.019083e-21 -4.086993e-20 6.014916e-20 1.476238e+02
383000 6.293973e-24 -2.857619e-20 7.143011e-20 9.117411e-01
384000 2.990461e-21 -3.812205e-20 6.486841e-20 4.331964e+02
385000 2.261037e-22 -4.015696e-20 6.006914e-20 3.275325e+01
386000 4.965702e-21 -3.958597e-20 6.537973e-20 7.193287e+02
387000 9.986805e-22 -4.102175e-20 5.997693e-20 1.446683e+02
388000 3.207909e-21 -4.106512e-20 6.214279e-20 4.646959e+02
389000 4.507819e-22 -4.109883e-20 5.935195e-20 6.530000e+01
390000 1.256523e-21 -4.088271e-20 6.037381e-20 1.820192e+02
391000 5.046216e-24 -4.069258e-20 5.931246e-20 7.309918e-01
392000 2.508782e-21 -4.100592e-20 6.150286e-20 3.634207e+02
393000 6.541628e-22 -4.026238e-20 6.039179e-20 9.476164e+01
394000 9.509034e-21 -3.493062e-20 7.457841e-20 1.377473e+03
395000 1.066663e-21 -3.912217e-20 6.194449e-20 1.545161e+02
396000 4.674836e-21 -4.104313e-20 6.363171e-20 6.771940e+02
397000 3.201298e-21 -3.803365e-20 6.516764e-20 4.637382e+02
398000 1.218874e-21 -4.090902e-20 6.030986e-20 1.765654e+02
399000 1.153262e-22 -3.713823e-20 6.297710e-20 1.670609e+01
400000 4.945622e-21 -4.102440e-20 6.392123e-20 7.164199e+02
401000 1.340358e-22 -4.093954e-20 5.919450e-20 1.941635e+01
402000 8.415961e-22 -4.109423e-20 5.974736e-20 1.219131e+02
403000 6.833087e-21 -3.353141e-20 7.330168e-20 9.898370e+02
404000 1.821464e-21 -4.089471e-20 6.092675e-20 2.638563e+02
405000 3.064402e-22 -3.665965e-20 6.364679e-20 4.439075e+01
406000 9.502473e-23 -4.090443e-20 5.919059e-20 1.376523e+01
407000 3.796382e-22 -4.103142e-20 5.934824e-20 5.499417e+01
408000 4.687269e-21 -3.740797e-20 6.727929e-20 6.789950e+02
409000 3.698167e-21 -3.963842e-20 6.405975e-20 5.357144e+02
410000 4.529305e-22 -3.870681e-20 6.174612e-20 6.561125e+01
411000 2.415380e-21 -4.105422e-20 6.136116e-20 3.498905e+02
412000 7.873898e-24 -3.715335e-20 6.285453e-20 1.140608e+00
413000 3.162503e-22 -4.086233e-20 5.945392e-20 4.581183e+01
414000 2.158306e-21 -4.105234e-20 6.110597e-20 3.126509e+02
415000 6.493398e-21 -4.102120e-20 6.547234e-20 9.406297e+02
416000 2.491744e-21 -3.926631e-20 6.322543e-20 3.609525e+02
417000 2.045377e-22 -4.107120e-20 5.913334e-20 2.962921e+01
418000 2.400303e-22 -3.900541e-20 6.123462e-20 3.477065e+01
419000 4.144705e-22 -4.033715e-20 6.007732e-20 6.003995e+01
420000 1.356281e-22 -3.377733e-20 6.635830e-20 1.964701e+01
421000 7.466693e-22 -3.378935e-20 6.695732e-20 1.081621e+02
422000 3.077402e-21 -4.080188e-20 6.227552e-20 4.457907e+02
423000 2.373208e-24 -4.109721e-20 5.890516e-20 3.437815e-01
424000 3.302845e-21 -4.084500e-20 6.245785e-20 4.784482e+02
425000 9.147954e-23 -4.065359e-20 5.943789e-20 1.325167e+01
426000 1.213373e-21 -4.093496e-20 6.027842e-20 1.757684e+02
427000 5.444500e-22 -3.802331e-20 6.252114e-20 7.886870e+01
428000 4.964811e-21 -3.832527e-20 6.663954e-20 7.191996e+02
429000 1.063412e-21 -4.035775e-20 6.070566e-20 1.540452e+02
430000 6.729841e-21 -4.110000e-20 6.562984e-20 9.748808e+02
431000 4.896134e-22 -3.745811e-20 6.303150e-20 7.092511e+01
432000 3.395181e-21 -4.102863e-20 6.236656e-20 4.918240e+02
433000 1.786897e-24 -4.071714e-20 5.928465e-20 2.588488e-01
434000 5.718562e-22 -4.109918e-20 5.947268e-20 8.283876e+01
435000 1.159645e-23 -4.060435e-20 5.940725e-20 1.679856e+00
436000 3.795404e-22 -4.109445e-20 5.928509e-20 5.498000e+01
437000 1.420016e-21 -3.821817e-20 6.320184e-20 2.057027e+02
438000 4.473274e-23 -4.009963e-20 5.994510e-20 6.479958e+00
439000 5.814225e-25 -3.760090e-20 6.239968e-20 8.422452e-02
440000 3.939271e-21 -4.099113e-20 6.295349e-20 5.706405e+02
441000 2.205009e-21 -3.998210e-20 6.222291e-20 3.194163e+02
442000 5.029283e-22 -4.105513e-20 5.944780e-20 7.285390e+01
443000 1.455480e-23 -4.105670e-20 5.895786e-20 2.108400e+00
444000 1.249301e-21 -3.972302e-20 6.152628e-20 1.809730e+02
445000 3.421909e-22 -4.107344e-20 5.926876e-20 4.956956e+01
446000 5.109962e-21 -4.033509e-20 6.477487e-20 7.402261e+02
447000 3.868222e-21 -4.056084e-20 6.330738e-20 5.603484e+02
448000 2.391663e-21 -3.977137e-20 6.262029e-20 3.464548e+02
449000 2.802974e-21 -4.069824e-20 6.210473e-20 4.060372e+02
450000 5.851695e-22 -4.098931e-20 5.960231e-20 8.476730e+01
451000 1.697661e-21 -3.932641e-20 6.237125e-20 2.459222e+02
452000 1.623453e-20 -2.510740e-20 9.112713e-20 2.351724e+03
453000 1.106837e-21 -4.085301e-20 6.025383e-20 1.603358e+02
454000 4.343455e-22 -4.107583e-20 5.935852e-20 6.291903e+01
455000 2.802927e-21 -3.743651e-20 6.536642e-20 4.060304e+02
456000 9.236708e-23 -3.897549e-20 6.111688e-20 1.338024e+01
457000 9.478209e-22 -4.109674e-20 5.985108e-20 1.373008e+02
458000 1.542343e-22 -4.082190e-20 5.933233e-20 2.234228e+01
459000 2.049787e-22 -4.065014e-20 5.955483e-20 2.969310e+01
460000 1.941037e-21 -4.094746e-20 6.120739e-20 2.811774e+02
461000 8.130837e-23 -3.923554e-20 6.084577e-20 1.177828e+01
462000 5.277943e-21 -4.102459e-20 6.425343e-20 7.645598e+02
463000 2.584818e-21 -3.903546e-20 6.354936e-20 3.744352e+02
464000 8.147163e-21 -4.066267e-20 6.748449e-20 1.180193e+03
465000 6.113216e-23 -3.626286e-20 6.379828e-20 8.855569e+00
466000 1.090603e-21 -4.058612e-20 6.050448e-20 1.579841e+02
467000 7.935454e-22 -3.987752e-20 6.091603e-20 1.149525e+02
468000 8.301907e-21 -4.094516e-20 6.760651e-20 1.202609e+03
469000 1.549119e-21 -3.910731e-20 6.244181e-20 2.244044e+02
470000 4.632738e-23 -3.976552e-20 6.028081e-20 6.710957e+00
471000 1.488218e-24 -4.109478e-20 5.890671e-20 2.155824e-01
472000 4.125561e-23 -4.105487e-20 5.898639e-20 5.976264e+00
473000 1.680152e-21 -3.886129e-20 6.281887e-20 2.433859e+02
474000 2.569010e-22 -4.032826e-20 5.992864e-20 3.721452e+01
475000 1.756243e-21 -4.099383e-20 6.076644e-20 2.544084e+02
476000 4.711071e-21 -4.070176e-20 6.400932e-20 6.824429e+02
477000 1.617063e-22 -4.107563e-20 5.908608e-20 2.342468e+01
478000 8.338966e-23 -3.935433e-20 6.072906e-20 1.207978e+01
479000 4.416913e-21 -3.327016e-20 7.114675e-20 6.398315e+02
480000 1.704680e-22 -4.108206e-20 5.908841e-20 2.469390e+01
481000 1.174285e-22 -3.936377e-20 6.075366e-20 1.701063e+01
482000 1.048268e-21 -4.109670e-20 5.995157e-20 1.518515e+02
483000 1.952509e-22 -3.062819e-20 6.956706e-20 2.828392e+01
484000 3.880262e-21 -4.101628e-20 6.286398e-20 5.620924e+02
485000 6.045929e-21 -4.094905e-20 6.509688e-20 8.758098e+02
486000 3.455418e-21 -4.102223e-20 6.243319e-20 5.005498e+02
487000 1.008420e-20 -4.022885e-20 6.985535e-20 1.460792e+03
488000 3.557453e-22 -4.034242e-20 6.001332e-20 5.153305e+01
489000 1.142884e-21 -4.096848e-20 6.017441e-20 1.655575e+02
490000 1.345805e-21 -4.060109e-20 6.074472e-20 1.949525e+02
491000 1.640948e-21 -4.108564e-20 6.055531e-20 2.377068e+02
492000 9.962029e-24 -3.832347e-20 6.168649e-20 1.443094e+00
493000 2.187398e-22 -4.070690e-20 5.951184e-20 3.168652e+01
494000 5.928146e-21 -4.082351e-20 6.510463e-20 8.587478e+02
495000 4.836023e-22 -3.564574e-20 6.483787e-20 7.005434e+01
496000 1.237379e-20 -4.029905e-20 7.207473e-20 1.792459e+03
497000 5.493205e-23 -3.969410e-20 6.036083e-20 7.957425e+00
498000 1.976538e-21 -4.091064e-20 6.106590e-20 2.863201e+02
499000 4.458864e-22 -4.006566e-20 6.038022e-20 6.459084e+01
500000 5.327640e-22 -4.097045e-20 5.956231e-20 7.717589e+01
501000 2.079381e-22 -3.965430e-20 6.055363e-20 3.012180e+01
502000 5.497771e-21 -4.109973e-20 6.439804e-20 7.964039e+02
503000 8.164074e-21 -3.875390e-20 6.941017e-20 1.182643e+03
504000 1.181856e-20 -4.094878e-20 7.106510e-20 1.712029e+03
505000 4.765430e-21 -4.102547e-20 6.373996e-20 6.903174e+02
506000 2.067427e-22 -3.377261e-20 6.643413e-20 2.994863e+01
507000 1.737737e-23 -4.108119e-20 5.893619e-20 2.517275e+00
508000 1.330442e-24 -4.099906e-20 5.900454e-20 1.927271e-01
509000 1.001871e-21 -3.998759e-20 6.101428e-20 1.451304e+02
510000 6.875980e-21 -4.082749e-20 6.604849e-20 9.960504e+02
511000 5.908302e-22 -3.002161e-20 7.056922e-20 8.558731e+01
512000 3.371165e-21 -3.621070e-20 6.716047e-20 4.883450e+02
513000 2.619072e-22 -3.891317e-20 6.134874e-20 3.793972e+01
514000 1.338171e-22 -3.684942e-20 6.328440e-20 1.938467e+01
515000 1.408266e-22 -3.711658e-20 6.302425e-20 2.040005e+01
516000 2.394287e-21 -4.066737e-20 6.172691e-20 3.468350e+02
517000 5.017295e-23 -4.070497e-20 5.934520e-20 7.268024e+00
518000 2.529911e-21 -4.108592e-20 6.144399e-20 3.664814e+02
519000 2.357777e-21 -4.088466e-20 6.679785e-20 3.415462e+02
520000 1.206269e-24 -4.085646e-20 5.914475e-20 1.747394e-01
521000 1.149584e-21 -4.048528e-20 6.066430e-20 1.665281e+02
522000 6.036582e-22 -3.708519e-20 6.351847e-20 8.744557e+01
523000 2.239157e-23 -4.100647e-20 5.901592e-20 3.243630e+00
524000 1.388106e-21 -4.005560e-20 6.133250e-20 2.010803e+02
525000 5.750013e-22 -4.102075e-20 5.955426e-20 8.329435e+01
526000 7.260814e-21 -4.105239e-20 6.620843e-20 1.051797e+03
527000 1.511622e-22 -3.846620e-20 6.168496e-20 2.189727e+01
528000 6.612914e-22 -4.109224e-20 5.956905e-20 9.579428e+01
529000 7.144955e-21 -4.109965e-20 6.604530e-20 1.035014e+03
530000 3.316600e-21 -4.109548e-20 6.222112e-20 4.804407e+02
531000 2.348193e-21 -4.107465e-20 6.127354e-20 3.401579e+02
532000 2.249648e-22 -3.494618e-20 6.527878e-20 3.258827e+01
533000 2.603118e-21 -3.792761e-20 6.467551e-20 3.770861e+02
534000 2.088251e-25 -4.109979e-20 5.890041e-20 3.025028e-02
535000 5.760911e-22 -3.997454e-20 6.060155e-20 8.345222e+01
536000 9.417512e-22 -4.087377e-20 6.006798e-20 1.364215e+02
537000 5.969033e-22 -4.109900e-20 5.949790e-20 8.646705e+01
538000 6.074539e-22 -4.108002e-20 5.952743e-20 8.799542e+01
539000 1.694297e-21 -4.091820e-20 6.199484e-20 2.454349e+02
540000 8.492855e-22 -4.101755e-20 5.983197e-20 1.230270e+02
541000 5.284617e-21 -4.030734e-20 6.497727e-20 7.655265e+02
542000 8.620965e-25 -4.010607e-20 5.989479e-20 1.248828e-01
543000 9.399430e-23 -3.625011e-20 6.384388e-20 1.361596e+01
544000 1.065275e-20 -4.087778e-20 6.977498e-20 1.543152e+03
545000 1.141257e-22 -4.018871e-20 5.992541e-20 1.653218e+01
546000 2.248557e-21 -3.438869e-20 6.785987e-20 3.257246e+02
547000 9.763331e-22 -4.108655e-20 5.988979e-20 1.414310e+02
548000 5.365465e-23 -3.988190e-20 6.017175e-20 7.772381e+00
549000 1.923942e-21 -4.109267e-20 6.083127e-20 2.787011e+02
550000 7.519267e-21 -3.907386e-20 6.844541e-20 1.089237e+03
551000 1.814457e-21 -3.376331e-20 6.805115e-20 2.628411e+02
552000 3.199753e-25 -4.025417e-20 5.974615e-20 4.635144e-02
553000 5.971704e-21 -4.098347e-20 6.499974e-20 8.650575e+02
554000 3.600382e-21 -3.876240e-20 6.483798e-20 5.215493e+02
555000 1.197220e-20 -3.959333e-20 7.237887e-20 1.734286e+03
556000 9.012587e-24 -3.723704e-20 6.277197e-20 1.305558e+00
557000 4.342110e-24 -4.069878e-20 5.930556e-20 6.289955e-01
558000 1.567528e-21 -4.104419e-20 6.052334e-20 2.270712e+02
559000 1.959347e-23 -4.093096e-20 5.969393e-20 2.838298e+00
560000 3.654619e-21 -3.810461e-20 6.555001e-20 5.294059e+02
561000 2.962507e-24 -3.853042e-20 6.147254e-20 4.291470e-01
562000 1.193438e-20 -4.084985e-20 7.108453e-20 1.728808e+03
563000 4.119596e-22 -3.999112e-20 6.042084e-20 5.967623e+01
564000 8.766207e-22 -3.813392e-20 6.274270e-20 1.269868e+02
565000 1.074225e-23 -3.961765e-20 6.039309e-20 1.556116e+00
566000 1.823331e-21 -4.094164e-20 6.119620e-20 2.641267e+02
567000 9.763146e-22 -4.100932e-20 5.996766e-20 1.414284e+02
568000 6.360432e-21 -4.061827e-20 6.574216e-20 9.213685e+02
569000 5.233376e-21 -3.456541e-20 7.066797e-20 7.581038e+02
570000 5.287572e-22 -4.107976e-20 5.944900e-20 7.659546e+01
571000 2.207946e-21 -4.040006e-20 6.180788e-20 3.198418e+02
572000 6.709607e-22 -4.103086e-20 5.964010e-20 9.719497e+01
573000 2.420339e-21 -3.991681e-20 6.250353e-20 3.506088e+02
574000 2.309147e-21 -3.489259e-20 6.741656e-20 3.345017e+02
575000 9.283886e-23 -4.069383e-20 5.939901e-20 1.344858e+01
576000 3.095959e-21 -4.109455e-20 6.200141e-20 4.484788e+02
577000 7.836028e-23 -4.036637e-20 5.971199e-20 1.135122e+01
578000 3.673691e-25 -4.067328e-20 5.932709e-20 5.321687e-02
579000 6.414193e-21 -4.013465e-20 6.627954e-20 9.291562e+02
580000 3.343922e-21 -3.945116e-20 6.389277e-20 4.843985e+02
581000 3.839581e-23 -3.732608e-20 6.271232e-20 5.561994e+00
582000 1.616005e-21 -4.109851e-20 6.051749e-20 2.340935e+02
583000 3.198761e-22 -4.095317e-20 5.936671e-20 4.633707e+01
584000 2.700039e-21 -3.907363e-20 6.362641e-20 3.911260e+02
585000 3.541531e-21 -4.043168e-20 6.310985e-20 5.130241e+02
586000 4.770667e-23 -4.003829e-20 6.000941e-20 6.910761e+00
587000 1.441724e-21 -4.086771e-20 7.001263e-20 2.088473e+02
588000 1.976515e-21 -4.107975e-20 6.089677e-20 2.863167e+02
589000 2.733769e-21 -4.036428e-20 6.236949e-20 3.960122e+02
590000 1.362389e-23 -4.092682e-20 5.908681e-20 1.973549e+00
591000 5.877192e-24 -3.834283e-20 6.166304e-20 8.513665e-01
592000 5.152146e-21 -3.779655e-20 6.735559e-20 7.463368e+02
593000 9.781663e-22 -3.952846e-20 6.144970e-20 1.416966e+02
594000 3.272267e-22 -3.502788e-20 6.529935e-20 4.740187e+01
595000 3.755351e-21 -4.064210e-20 6.311325e-20 5.439979e+02
596000 2.604788e-21 -3.366859e-20 6.893620e-20 3.773281e+02
597000 2.772205e-23 -4.093165e-20 5.967719e-20 4.015800e+00
598000 1.902020e-22 -3.950427e-20 6.068593e-20 2.755255e+01
599000 2.025093e-22 -4.084487e-20 5.935763e-20 2.933538e+01
600000 2.922666e-23 -3.993826e-20 6.009097e-20 4.233756e+00
601000 8.613664e-21 -4.072743e-20 6.788624e-20 1.247770e+03
602000 5.456050e-22 -3.898375e-20 6.156185e-20 7.903602e+01
603000 7.515586e-22 -4.100884e-20 5.974272e-20 1.088703e+02
604000 2.332759e-21 -3.938967e-20 6.294309e-20 3.379220e+02
605000 5.917904e-21 -4.103412e-20 6.488380e-20 8.572640e+02
606000 4.695968e-21 -4.067846e-20 6.401751e-20 6.802552e+02
607000 6.242487e-22 -4.090407e-20 5.972018e-20 9.042829e+01
608000 7.564252e-22 -3.981565e-20 6.094077e-20 1.095753e+02
609000 1.428341e-23 -4.092692e-20 5.908736e-20 2.069087e+00
610000 9.887344e-22 -3.961832e-20 6.137042e-20 1.432275e+02
611000 4.616264e-22 -4.098060e-20 5.948103e-20 6.687092e+01
612000 1.833559e-22 -3.774162e-20 6.244173e-20 2.656083e+01
613000 4.096884e-21 -4.108198e-20 6.301490e-20 5.934722e+02
614000 3.122706e-23 -3.574170e-20 6.428952e-20 4.523533e+00
615000 2.123734e-22 -3.892619e-20 6.128618e-20 3.076428e+01
616000 2.580616e-21 -4.104666e-20 6.153396e-20 3.738266e+02
617000 8.484751e-23 -4.109999e-20 5.898486e-20 1.229096e+01
618000 4.251033e-22 -4.106801e-20 5.935709e-20 6.158021e+01
619000 4.147962e-25 -4.072139e-20 5.927903e-20 6.008714e-02
620000 2.468365e-21 -4.092248e-20 6.251857e-20 3.575659e+02
621000 2.349324e-21 -4.098468e-20 6.137488e-20 3.403216e+02
622000 3.717044e-22 -3.813372e-20 6.223798e-20 5.384487e+01
623000 3.175321e-22 -3.340813e-20 6.690940e-20 4.599751e+01
624000 1.255750e-21 -4.103590e-20 6.021985e-20 1.819073e+02
625000 2.583756e-21 -4.109279e-20 6.149096e-20 3.742813e+02
626000 3.942233e-26 -4.078705e-20 5.921299e-20 5.710695e-03
627000 1.811495e-23 -4.106018e-20 5.895794e-20 2.624121e+00
628000 8.589439e-22 -4.081583e-20 6.004311e-20 1.244261e+02
629000 1.362908e-21 -3.079292e-20 7.056999e-20 1.974301e+02
630000 8.653534e-23 -3.746600e-20 6.262053e-20 1.253546e+01
631000 7.475245e-22 -3.956167e-20 6.118585e-20 1.082860e+02
632000 8.886486e-23 -3.993199e-20 6.015688e-20 1.287291e+01
633000 2.399710e-22 -3.990559e-20 6.033439e-20 3.476205e+01
634000 1.008409e-23 -3.845240e-20 6.155768e-20 1.460775e+00
635000 1.930907e-21 -4.090184e-20 6.102907e-20 2.797100e+02
636000 1.616623e-22 -4.034343e-20 5.981823e-20 2.341830e+01
637000 1.233454e-21 -3.912636e-20 6.210710e-20 1.786775e+02
638000 1.828379e-21 -4.108745e-20 6.074093e-20 2.648578e+02
639000 5.223715e-22 -4.104884e-20 5.947353e-20 7.567043e+01
640000 3.933654e-21 -4.109166e-20 6.284200e-20 5.698268e+02
641000 7.955195e-22 -4.099239e-20 5.980783e-20 1.152385e+02
642000 4.118763e-21 -3.963780e-20 6.448096e-20 5.966416e+02
643000 3.852727e-21 -3.754992e-20 6.630280e-20 5.581037e+02
644000 3.746470e-21 -3.699644e-20 6.675002e-20 5.427114e+02
645000 1.314394e-20 -3.782726e-20 7.531669e-20 1.904024e+03
646000 1.815614e-21 -4.109271e-20 6.072290e-20 2.630087e+02
647000 4.973647e-22 -4.103486e-20 5.946253e-20 7.204796e+01
648000 1.329535e-21 -3.691946e-20 6.441008e-20 1.925956e+02
649000 4.397739e-22 -3.821339e-20 6.222638e-20 6.370538e+01
650000 9.023844e-22 -3.044359e-20 7.045880e-20 1.307189e+02
651000 2.971107e-22 -4.098903e-20 5.930808e-20 4.303928e+01
652000 3.022869e-22 -4.077783e-20 5.952446e-20 4.378911e+01
653000 3.016700e-21 -3.968079e-20 6.333591e-20 4.369974e+02
654000 4.189205e-22 -3.968384e-20 6.073508e-20 6.068457e+01
655000 4.844472e-21 -4.109542e-20 6.374905e-20 7.017674e+02
656000 4.303261e-21 -3.997927e-20 6.432400e-20 6.233679e+02
657000 5.965240e-21 -4.108820e-20 6.487704e-20 8.641212e+02
658000 4.063016e-21 -4.057662e-20 6.348640e-20 5.885660e+02
659000 6.751009e-22 -4.106871e-20 5.960639e-20 9.779472e+01
660000 5.807399e-22 -3.774598e-20 6.283476e-20 8.412564e+01
661000 1.804967e-21 -4.033840e-20 6.146656e-20 2.614664e+02
662000 2.619965e-23 -3.621005e-20 6.381615e-20 3.795266e+00
663000 1.347001e-21 -4.101221e-20 6.033525e-20 1.951257e+02
664000 1.009516e-20 -4.109951e-20 6.899564e-20 1.462379e+03
665000 2.200735e-21 -3.993321e-20 6.226753e-20 3.187972e+02
666000 2.167740e-21 -4.104115e-20 6.112659e-20 3.140176e+02
667000 2.700301e-22 -4.039485e-20 5.987518e-20 3.911641e+01
668000 5.147036e-24 -3.710423e-20 6.290092e-20 7.455966e-01
669000 3.733412e-24 -4.109853e-20 5.890520e-20 5.408199e-01
670000 1.034062e-21 -4.093639e-20 6.009767e-20 1.497936e+02
671000 1.648226e-21 -4.090896e-20 6.073927e-20 2.387610e+02
672000 1.025622e-20 -3.825151e-20 7.200471e-20 1.485710e+03
673000 4.968556e-22 -4.102618e-20 5.947074e-20 7.197421e+01
674000 2.302549e-24 -3.979556e-20 6.020674e-20 3.335458e-01
675000 7.296447e-21 -3.965069e-20 6.764575e-20 1.056959e+03
676000 1.248217e-23 -4.109991e-20 5.891257e-20 1.808159e+00
677000 6.123710e-21 -3.348042e-20 7.264329e-20 8.870770e+02
678000 2.206455e-21 -4.102984e-20 6.117665e-20 3.196258e+02
679000 4.003168e-21 -4.108773e-20 6.291543e-20 5.798965e+02
680000 3.305297e-21 -4.109936e-20 6.220594e-20 4.788034e+02
681000 9.324432e-22 -3.595069e-20 6.498175e-20 1.350732e+02
682000 1.181334e-23 -3.589888e-20 6.411293e-20 1.711274e+00
683000 3.139159e-23 -3.893118e-20 6.110021e-20 4.547367e+00
684000 3.967700e-21 -4.109871e-20 6.286899e-20 5.747587e+02
685000 1.896607e-20 -4.099691e-20 7.797204e-20 2.747413e+03
686000 3.141322e-22 -3.106195e-20 6.925218e-20 4.550500e+01
687000 5.355609e-22 -4.109838e-20 5.943718e-20 7.758104e+01
688000 9.869443e-21 -4.103297e-20 6.883650e-20 1.429682e+03
689000 1.980197e-21 -3.528305e-20 6.669715e-20 2.868502e+02
690000 9.320594e-22 -3.379077e-20 6.714129e-20 1.350176e+02
691000 3.663228e-22 -4.072893e-20 5.963739e-20 5.306530e+01
692000 7.281444e-22 -4.107337e-20 5.965477e-20 1.054786e+02
693000 5.041538e-21 -3.759858e-20 6.744296e-20 7.303142e+02
694000 8.489251e-21 -4.078585e-20 6.770341e-20 1.229748e+03
695000 7.697883e-22 -4.109952e-20 5.967027e-20 1.115111e+02
696000 1.004503e-21 -4.109530e-20 5.990921e-20 1.455117e+02
697000 1.530463e-21 -4.093350e-20 6.059696e-20 2.217020e+02
698000 7.141501e-22 -4.109947e-20 5.961468e-20 1.034514e+02
699000 2.562440e-21 -4.093813e-20 6.162431e-20 3.711935e+02
700000 8.490995e-21 -3.995207e-20 6.853893e-20 1.230001e+03
701000 2.266600e-21 -3.976901e-20 6.249759e-20 3.283384e+02
702000 1.629621e-21 -4.109014e-20 6.053949e-20 2.360660e+02
703000 2.446988e-22 -4.097180e-20 5.927290e-20 3.544693e+01
704000 1.321937e-21 -4.108023e-20 6.024171e-20 1.914950e+02
705000 4.916612e-21 -3.711848e-20 6.779813e-20 7.122175e+02
706000 1.331915e-21 -4.099085e-20 6.034107e-20 1.929404e+02
707000 3.211288e-21 -4.067561e-20 6.253567e-20 4.651853e+02
708000 8.450813e-22 -4.106371e-20 5.978137e-20 1.224180e+02
709000 2.733113e-21 -3.951843e-20 6.321468e-20 3.959171e+02
710000 9.222248e-22 -4.105234e-20 5.986989e-20 1.335929e+02
711000 4.582767e-21 -3.809000e-20 6.649277e-20 6.638570e+02
712000 1.504546e-21 -4.075499e-20 6.074956e-20 2.179477e+02
713000 6.627512e-22 -3.953137e-20 6.113138e-20 9.600575e+01
714000 6.860862e-22 -4.095748e-20 5.983324e-20 9.938604e+01
715000 4.419643e-21 -4.106250e-20 6.335714e-20 6.402269e+02
716000 3.062274e-24 -3.781068e-20 6.219238e-20 4.435992e-01
717000 9.278446e-22 -4.011524e-20 6.081260e-20 1.344070e+02
718000 5.311469e-21 -4.073549e-20 6.457598e-20 7.694162e+02
719000 4.432095e-22 -4.087650e-20 5.956671e-20 6.420307e+01
720000 1.498017e-21 -4.109997e-20 6.039804e-20 2.170018e+02
721000 5.148884e-21 -4.093748e-20 6.462039e-20 7.458644e+02
722000 2.060524e-21 -3.872338e-20 6.333714e-20 2.984862e+02
723000 5.235386e-21 -4.101724e-20 6.421814e-20 7.583949e+02
724000 4.828726e-21 -3.444910e-20 7.037962e-20 6.994863e+02
725000 9.119440e-22 -3.950089e-20 6.141105e-20 1.321037e+02
726000 6.103239e-24 -4.095867e-20 5.904744e-20 8.841116e-01
727000 5.144829e-22 -3.875155e-20 6.176293e-20 7.452769e+01
728000 7.710847e-22 -4.096808e-20 5.980301e-20 1.116989e+02
729000 1.455976e-21 -4.109935e-20 6.035663e-20 2.109118e+02
730000 6.258824e-23 -3.775458e-20 6.230801e-20 9.066495e+00
731000 2.018604e-21 -4.107932e-20 6.093928e-20 2.924137e+02
732000 2.792301e-22 -3.375120e-20 6.652803e-20 4.044911e+01
733000 7.090140e-22 -3.974328e-20 6.096574e-20 1.027073e+02
734000 1.183313e-21 -4.067317e-20 6.051014e-20 1.714140e+02
735000 5.745144e-24 -4.098122e-20 5.902453e-20 8.322381e-01
736000 8.893058e-21 -3.898655e-20 6.990651e-20 1.288243e+03
737000 7.332228e-22 -3.748956e-20 6.324366e-20 1.062142e+02
738000 2.496885e-21 -3.399584e-20 6.850104e-20 3.616973e+02
739000 2.230990e-22 -3.974516e-20 6.047794e-20 3.231800e+01
740000 6.611268e-22 -4.047350e-20 6.018763e-20 9.577044e+01
741000 2.709271e-21 -3.951917e-20 6.319010e-20 3.924634e+02
742000 1.367405e-20 -4.097792e-20 7.269613e-20 1.980815e+03
743000 2.753164e-21 -3.696893e-20 6.578424e-20 3.988218e+02
744000 5.661090e-22 -3.873304e-20 6.183307e-20 8.200622e+01
745000 1.262639e-21 -4.080541e-20 6.045723e-20 1.829051e+02
746000 9.513003e-25 -3.092406e-20 6.907689e-20 1.378048e-01
747000 7.155824e-23 -4.104927e-20 5.902229e-20 1.036588e+01
748000 1.234002e-22 -4.106193e-20 5.906147e-20 1.787568e+01
749000 1.652982e-21 -4.108967e-20 6.056332e-20 2.394501e+02
750000 4.342250e-21 -3.668665e-20 6.765560e-20 6.290157e+02
751000 2.090164e-22 -3.964091e-20 6.056810e-20 3.027799e+01
752000 7.509270e-22 -4.090954e-20 5.984139e-20 1.087788e+02
753000 1.247517e-22 -3.865669e-20 6.146806e-20 1.807145e+01
754000 9.671579e-22 -3.876661e-20 6.220055e-20 1.401019e+02
755000 5.791417e-22 -3.874581e-20 6.183333e-20 8.389413e+01
756000 2.189923e-21 -4.109037e-20 6.109955e-20 3.172309e+02
757000 3.239766e-22 -4.103158e-20 5.929239e-20 4.693107e+01
758000 2.995858e-21 -4.103083e-20 6.196506e-20 4.339782e+02
759000 1.700286e-20 -4.048768e-20 7.651518e-20 2.463024e+03
760000 1.694452e-22 -3.878857e-20 6.138087e-20 2.454572e+01
761000 3.503158e-21 -3.963016e-20 6.387300e-20 5.074654e+02
762000 5.602073e-22 -4.107723e-20 5.948298e-20 8.115130e+01
763000 1.219592e-22 -4.107508e-20 5.904688e-20 1.766694e+01
764000 6.164168e-22 -4.062244e-20 5.999398e-20 8.929377e+01
765000 2.687438e-23 -4.105227e-20 5.897460e-20 3.893006e+00
766000 9.227237e-21 -4.097112e-20 6.829129e-20 1.336652e+03
767000 3.707438e-22 -4.084404e-20 5.952671e-20 5.370573e+01
768000 6.641568e-21 -4.033485e-20 6.630672e-20 9.620936e+02
769000 1.705053e-25 -4.107289e-20 5.892728e-20 2.469930e-02
770000 1.859460e-22 -4.096767e-20 5.926524e-20 2.693602e+01
771000 8.059986e-22 -4.099642e-20 5.981263e-20 1.167565e+02
772000 4.833938e-22 -3.655760e-20 6.392579e-20 7.002414e+01
773000 1.043003e-22 -4.084354e-20 5.926076e-20 1.510888e+01
774000 5.380910e-22 -4.106261e-20 5.947548e-20 7.794754e+01
775000 1.772206e-23 -3.903660e-20 6.098112e-20 2.567207e+00
776000 2.292802e-21 -3.920944e-20 6.308336e-20 3.321340e+02
777000 9.067323e-23 -4.019898e-20 5.989170e-20 1.313487e+01
778000 2.903724e-22 -4.081901e-20 5.947136e-20 4.206318e+01
779000 6.363943e-21 -4.104785e-20 6.531609e-20 9.218770e+02
780000 1.928183e-25 -4.094043e-20 5.905976e-20 2.793155e-02
781000 2.196385e-22 -4.109664e-20 5.912300e-20 3.181671e+01
782000 2.482753e-22 -4.109284e-20 5.915543e-20 3.596501e+01
783000 1.338695e-22 -4.098395e-20 5.914992e-20 1.939225e+01
784000 2.771853e-21 -4.108654e-20 6.168532e-20 4.015291e+02
785000 1.066149e-22 -3.428427e-20 6.582235e-20 1.544417e+01
786000 8.596178e-23 -4.108695e-20 5.899901e-20 1.245237e+01
787000 3.233462e-23 -4.103147e-20 5.900089e-20 4.683974e+00
788000 7.594607e-22 -3.961396e-20 6.114550e-20 1.100150e+02
789000 2.473032e-23 -3.682513e-20 6.319960e-20 3.582420e+00
790000 1.470385e-24 -4.109941e-20 5.890206e-20 2.129990e-01
791000 6.348050e-21 -4.079322e-20 6.555483e-20 9.195747e+02
792000 2.929287e-21 -4.101972e-20 6.190973e-20 4.243348e+02
793000 8.244024e-22 -3.348069e-20 6.734371e-20 1.194224e+02
794000 2.716574e-21 -3.973556e-20 6.298101e-20 3.935213e+02
795000 4.785388e-21 -3.720034e-20 6.758504e-20 6.932084e+02
796000 1.197237e-22 -4.098402e-20 5.913571e-20 1.734310e+01
797000 1.361149e-21 -4.075284e-20 6.060831e-20 1.971752e+02
798000 3.365791e-21 -4.100684e-20 6.235896e-20 4.875665e+02
799000 8.075001e-22 -4.054034e-20 6.026716e-20 1.169740e+02
800000 4.232428e-23 -4.091262e-20 5.912970e-20 6.131070e+00
801000 2.237188e-21 -4.000719e-20 6.223000e-20 3.240778e+02
802000 1.472859e-21 -4.103450e-20 6.043837e-20 2.133575e+02
803000 1.402375e-21 -4.109935e-20 6.030302e-20 2.031472e+02
804000 5.776948e-22 -3.899874e-20 6.157896e-20 8.368453e+01
805000 8.068344e-22 -3.464403e-20 6.616280e-20 1.168776e+02
806000 3.699206e-22 -4.070052e-20 5.966940e-20 5.358648e+01
807000 5.102760e-22 -4.004361e-20 6.046667e-20 7.391827e+01
808000 4.494182e-24 -3.693622e-20 6.306828e-20 6.510246e-01
809000 5.295323e-23 -4.035332e-20 5.969963e-20 7.670773e+00
810000 2.316805e-22 -4.059509e-20 5.963660e-20 3.356110e+01
811000 1.748680e-21 -4.058766e-20 6.116102e-20 2.533128e+02
812000 5.243767e-23 -4.032204e-20 5.973040e-20 7.596090e+00
813000 4.381673e-22 -3.577272e-20 6.466545e-20 6.347266e+01
814000 3.584704e-24 -4.027201e-20 5.973157e-20 5.192781e-01
815000 3.890989e-21 -3.619328e-20 6.769771e-20 5.636463e+02
816000 4.017422e-21 -4.035835e-20 6.365907e-20 5.819614e+02
817000 5.453964e-23 -4.052014e-20 5.953440e-20 7.900580e+00
818000 1.929745e-23 -4.083130e-20 5.918800e-20 2.795418e+00
819000 3.206373e-21 -4.110000e-20 6.210637e-20 4.644733e+02
820000 1.709582e-24 -3.992629e-20 6.007542e-20 2.476491e-01
821000 9.303133e-23 -4.091720e-20 6.045900e-20 1.347646e+01
822000 1.144035e-21 -4.107497e-20 6.006906e-20 1.657242e+02
823000 4.012651e-21 -4.107188e-20 6.294077e-20 5.812702e+02
824000 2.173034e-23 -4.061971e-20 5.940202e-20 3.147845e+00
825000 2.617628e-23 -4.086426e-20 5.916191e-20 3.791880e+00
826000 1.086642e-22 -4.096652e-20 5.914215e-20 1.574103e+01
827000 2.404008e-21 -4.107795e-20 6.132605e-20 3.482432e+02
828000 4.228094e-22 -4.006450e-20 6.035831e-20 6.124792e+01
829000 3.771107e-21 -4.108241e-20 6.268870e-20 5.462804e+02
830000 7.332140e-21 -4.107154e-20 6.626060e-20 1.062129e+03
831000 3.723512e-25 -3.255894e-20 6.744143e-20 5.393858e-02
832000 2.077948e-21 -3.961081e-20 6.246714e-20 3.010103e+02
833000 1.564833e-23 -4.098757e-20 5.903577e-20 2.266807e+00
834000 3.017872e-21 -4.106205e-20 6.195582e-20 4.371672e+02
835000 4.741276e-23 -3.949770e-20 6.054971e-20 6.868184e+00
836000 3.579829e-21 -4.104598e-20 6.253385e-20 5.185718e+02
837000 2.777838e-22 -3.892910e-20 6.134868e-20 4.023960e+01
838000 3.991438e-22 -4.108235e-20 5.931679e-20 5.781973e+01
839000 4.076630e-22 -4.013523e-20 6.027244e-20 5.905383e+01
840000 3.829233e-22 -4.093025e-20 5.945267e-20 5.547004e+01
841000 6.773968e-22 -4.107132e-20 5.960607e-20 9.812731e+01
842000 1.306745e-21 -4.109892e-20 6.020782e-20 1.892942e+02
843000 3.368478e-21 -4.100711e-20 6.236225e-20 4.879557e+02
844000 6.026603e-23 -4.069775e-20 5.936252e-20 8.730101e+00
845000 1.012127e-23 -4.101778e-20 5.899256e-20 1.466161e+00
846000 2.098795e-22 -3.293422e-20 6.727566e-20 3.040302e+01
847000 1.027462e-22 -3.853547e-20 6.156728e-20 1.488376e+01
848000 3.985238e-21 -4.103341e-20 6.295185e-20 5.772993e+02
849000 8.951619e-23 -3.458945e-20 6.550007e-20 1.296726e+01
850000 5.634714e-21 -4.109809e-20 6.453662e-20 8.162414e+02
851000 1.468746e-21 -3.851839e-20 6.295036e-20 2.127617e+02
852000 1.107654e-21 -3.690810e-20 6.419955e-20 1.604542e+02
853000 1.290566e-21 -3.027519e-20 7.101538e-20 1.869506e+02
854000 4.572145e-21 -3.968700e-20 6.488515e-20 6.623182e+02
855000 1.029904e-22 -4.089824e-20 5.920475e-20 1.491913e+01
856000 1.545432e-21 -3.323371e-20 6.831172e-20 2.238704e+02
857000 1.012445e-22 -4.095148e-20 5.931162e-20 1.466621e+01
858000 1.135189e-21 -3.976219e-20 6.137300e-20 1.644428e+02
859000 2.219267e-21 -4.036678e-20 6.185249e-20 3.214817e+02
860000 5.433641e-22 -4.095794e-20 5.958543e-20 7.871140e+01
861000 4.918659e-22 -4.100449e-20 5.948859e-20 7.125140e+01
862000 5.406811e-21 -4.104814e-20 6.435867e-20 7.832274e+02
863000 1.124000e-21 -3.836337e-20 6.276063e-20 1.628219e+02
864000 7.119904e-21 -3.704219e-20 7.007772e-20 1.031385e+03
865000 3.738558e-21 -4.109981e-20 6.263875e-20 5.415653e+02
866000 2.218085e-21 -3.608507e-20 6.613301e-20 3.213105e+02
867000 4.720991e-22 -3.574064e-20 6.473146e-20 6.838799e+01
868000 4.140495e-21 -3.947067e-20 6.466983e-20 5.997897e+02
869000 2.885613e-22 -3.642353e-20 6.386503e-20 4.180082e+01
870000 2.965932e-21 -3.347138e-20 6.949455e-20 4.296432e+02
871000 1.170498e-20 -3.985734e-20 7.184764e-20 1.695577e+03
872000 9.567020e-21 -4.099900e-20 6.857031e-20 1.385873e+03
873000 4.624523e-22 -4.109801e-20 5.936444e-20 6.699056e+01
874000 2.355609e-21 -3.356996e-20 6.878564e-20 3.412322e+02
875000 2.234839e-21 -3.977713e-20 6.245770e-20 3.237374e+02
876000 2.824087e-24 -4.108007e-20 5.892275e-20 4.090956e-01
877000 5.129625e-22 -3.481617e-20 6.569679e-20 7.430744e+01
878000 1.489775e-20 -3.978126e-20 7.511650e-20 2.158080e+03
879000 5.052159e-21 -3.768349e-20 6.736866e-20 7.318527e+02
