pX pY pZ 
-1.794898e-13 0.000000e+00 0.000000e+00
5.462235e-14 0.000000e+00 0.000000e+00
2.748127e-14 0.000000e+00 0.000000e+00
-3.043442e-13 0.000000e+00 0.000000e+00
1.529585e-13 0.000000e+00 0.000000e+00
-1.708300e-13 0.000000e+00 0.000000e+00
1.605852e-13 0.000000e+00 0.000000e+00
7.494745e-14 0.000000e+00 0.000000e+00
1.843183e-13 0.000000e+00 0.000000e+00
-3.563934e-13 0.000000e+00 0.000000e+00
-1.658133e-15 0.000000e+00 0.000000e+00
6.028015e-15 0.000000e+00 0.000000e+00
-4.426909e-14 0.000000e+00 0.000000e+00
-1.351681e-13 0.000000e+00 0.000000e+00
1.146306e-13 0.000000e+00 0.000000e+00
-5.746911e-14 0.000000e+00 0.000000e+00
2.231705e-13 0.000000e+00 0.000000e+00
5.354327e-14 0.000000e+00 0.000000e+00
4.635345e-13 0.000000e+00 0.000000e+00
5.516212e-14 0.000000e+00 0.000000e+00
2.383428e-13 0.000000e+00 0.000000e+00
-5.639246e-14 0.000000e+00 0.000000e+00
-1.269927e-13 0.000000e+00 0.000000e+00
-2.215109e-13 0.000000e+00 0.000000e+00
9.415634e-14 0.000000e+00 0.000000e+00
-1.094222e-13 0.000000e+00 0.000000e+00
-3.160529e-13 0.000000e+00 0.000000e+00
-1.052396e-13 0.000000e+00 0.000000e+00
-4.275145e-13 0.000000e+00 0.000000e+00
-7.160464e-14 0.000000e+00 0.000000e+00
2.429547e-13 0.000000e+00 0.000000e+00
5.551122e-14 0.000000e+00 0.000000e+00
-8.715077e-14 0.000000e+00 0.000000e+00
-2.797001e-13 0.000000e+00 0.000000e+00
-4.237348e-14 0.000000e+00 0.000000e+00
-3.084583e-15 0.000000e+00 0.000000e+00
-1.518922e-13 0.000000e+00 0.000000e+00
-6.963923e-14 0.000000e+00 0.000000e+00
2.541872e-13 0.000000e+00 0.000000e+00
-6.843445e-14 0.000000e+00 0.000000e+00
6.506264e-14 0.000000e+00 0.000000e+00
2.482499e-14 0.000000e+00 0.000000e+00
3.371989e-13 0.000000e+00 0.000000e+00
1.667700e-13 0.000000e+00 0.000000e+00
2.322734e-13 0.000000e+00 0.000000e+00
1.133786e-13 0.000000e+00 0.000000e+00
4.097683e-14 0.000000e+00 0.000000e+00
-8.090140e-14 0.000000e+00 0.000000e+00
-2.415062e-13 0.000000e+00 0.000000e+00
2.094403e-13 0.000000e+00 0.000000e+00
1.922939e-13 0.000000e+00 0.000000e+00
5.506275e-14 0.000000e+00 0.000000e+00
3.346163e-13 0.000000e+00 0.000000e+00
-3.853278e-14 0.000000e+00 0.000000e+00
1.544597e-13 0.000000e+00 0.000000e+00
1.503989e-13 0.000000e+00 0.000000e+00
2.104631e-14 0.000000e+00 0.000000e+00
5.184563e-14 0.000000e+00 0.000000e+00
-4.078092e-13 0.000000e+00 0.000000e+00
-2.852828e-14 0.000000e+00 0.000000e+00
3.283972e-14 0.000000e+00 0.000000e+00
-1.532918e-14 0.000000e+00 0.000000e+00
1.167035e-14 0.000000e+00 0.000000e+00
2.717159e-13 0.000000e+00 0.000000e+00
-1.178559e-13 0.000000e+00 0.000000e+00
-3.475484e-13 0.000000e+00 0.000000e+00
-2.224854e-14 0.000000e+00 0.000000e+00
-8.427167e-14 0.000000e+00 0.000000e+00
-1.307162e-13 0.000000e+00 0.000000e+00
1.043332e-13 0.000000e+00 0.000000e+00
1.109683e-13 0.000000e+00 0.000000e+00
-8.738665e-14 0.000000e+00 0.000000e+00
-2.716299e-14 0.000000e+00 0.000000e+00
9.927049e-15 0.000000e+00 0.000000e+00
-1.331044e-13 0.000000e+00 0.000000e+00
-4.637647e-15 0.000000e+00 0.000000e+00
1.674697e-13 0.000000e+00 0.000000e+00
7.975106e-15 0.000000e+00 0.000000e+00
-2.902755e-13 0.000000e+00 0.000000e+00
2.441718e-13 0.000000e+00 0.000000e+00
2.314242e-13 0.000000e+00 0.000000e+00
2.002181e-13 0.000000e+00 0.000000e+00
-1.166106e-13 0.000000e+00 0.000000e+00
-9.001181e-14 0.000000e+00 0.000000e+00
-2.253127e-13 0.000000e+00 0.000000e+00
-1.066188e-13 0.000000e+00 0.000000e+00
5.183148e-14 0.000000e+00 0.000000e+00
3.193801e-14 0.000000e+00 0.000000e+00
-5.456229e-14 0.000000e+00 0.000000e+00
3.774322e-14 0.000000e+00 0.000000e+00
-1.506971e-13 0.000000e+00 0.000000e+00
-9.500257e-14 0.000000e+00 0.000000e+00
5.489275e-14 0.000000e+00 0.000000e+00
1.524971e-13 0.000000e+00 0.000000e+00
6.452270e-14 0.000000e+00 0.000000e+00
-8.137114e-14 0.000000e+00 0.000000e+00
2.139902e-14 0.000000e+00 0.000000e+00
1.796200e-13 0.000000e+00 0.000000e+00
-1.881333e-13 0.000000e+00 0.000000e+00
-1.358048e-13 0.000000e+00 0.000000e+00
1.180019e-14 0.000000e+00 0.000000e+00
1.016163e-13 0.000000e+00 0.000000e+00
-5.979356e-14 0.000000e+00 0.000000e+00
-6.535585e-14 0.000000e+00 0.000000e+00
1.392105e-13 0.000000e+00 0.000000e+00
8.881417e-14 0.000000e+00 0.000000e+00
-2.803549e-14 0.000000e+00 0.000000e+00
8.633892e-14 0.000000e+00 0.000000e+00
-2.197569e-13 0.000000e+00 0.000000e+00
-1.654667e-13 0.000000e+00 0.000000e+00
-3.725828e-14 0.000000e+00 0.000000e+00
1.536358e-13 0.000000e+00 0.000000e+00
-1.257076e-13 0.000000e+00 0.000000e+00
1.599695e-13 0.000000e+00 0.000000e+00
-5.540712e-14 0.000000e+00 0.000000e+00
5.160507e-13 0.000000e+00 0.000000e+00
-9.607087e-14 0.000000e+00 0.000000e+00
-2.148705e-13 0.000000e+00 0.000000e+00
-2.251462e-13 0.000000e+00 0.000000e+00
1.922490e-14 0.000000e+00 0.000000e+00
1.852023e-13 0.000000e+00 0.000000e+00
3.655524e-13 0.000000e+00 0.000000e+00
-2.976787e-14 0.000000e+00 0.000000e+00
1.942039e-13 0.000000e+00 0.000000e+00
-3.255215e-14 0.000000e+00 0.000000e+00
1.185901e-13 0.000000e+00 0.000000e+00
2.209341e-13 0.000000e+00 0.000000e+00
-2.891305e-13 0.000000e+00 0.000000e+00
2.554102e-15 0.000000e+00 0.000000e+00
7.916642e-14 0.000000e+00 0.000000e+00
1.662346e-14 0.000000e+00 0.000000e+00
-1.841659e-13 0.000000e+00 0.000000e+00
-2.776915e-14 0.000000e+00 0.000000e+00
-2.551970e-13 0.000000e+00 0.000000e+00
2.036002e-13 0.000000e+00 0.000000e+00
-1.115475e-14 0.000000e+00 0.000000e+00
6.622063e-14 0.000000e+00 0.000000e+00
-3.312324e-13 0.000000e+00 0.000000e+00
4.224989e-14 0.000000e+00 0.000000e+00
3.987891e-14 0.000000e+00 0.000000e+00
-2.211437e-13 0.000000e+00 0.000000e+00
1.371214e-14 0.000000e+00 0.000000e+00
3.256233e-14 0.000000e+00 0.000000e+00
1.891447e-14 0.000000e+00 0.000000e+00
3.415031e-13 0.000000e+00 0.000000e+00
-3.499388e-14 0.000000e+00 0.000000e+00
2.142792e-13 0.000000e+00 0.000000e+00
-8.730495e-14 0.000000e+00 0.000000e+00
3.710546e-14 0.000000e+00 0.000000e+00
3.556911e-13 0.000000e+00 0.000000e+00
-9.921619e-14 0.000000e+00 0.000000e+00
-1.783991e-13 0.000000e+00 0.000000e+00
-1.862042e-13 0.000000e+00 0.000000e+00
2.992072e-13 0.000000e+00 0.000000e+00
2.077294e-13 0.000000e+00 0.000000e+00
-6.837225e-14 0.000000e+00 0.000000e+00
4.745164e-14 0.000000e+00 0.000000e+00
-1.707351e-13 0.000000e+00 0.000000e+00
1.784552e-13 0.000000e+00 0.000000e+00
2.122859e-15 0.000000e+00 0.000000e+00
-2.069182e-14 0.000000e+00 0.000000e+00
-1.518738e-13 0.000000e+00 0.000000e+00
1.263556e-13 0.000000e+00 0.000000e+00
-3.389033e-14 0.000000e+00 0.000000e+00
6.110649e-15 0.000000e+00 0.000000e+00
9.534557e-14 0.000000e+00 0.000000e+00
-3.026794e-13 0.000000e+00 0.000000e+00
1.212517e-13 0.000000e+00 0.000000e+00
2.091353e-13 0.000000e+00 0.000000e+00
-3.370944e-13 0.000000e+00 0.000000e+00
3.985073e-13 0.000000e+00 0.000000e+00
-9.325361e-16 0.000000e+00 0.000000e+00
1.859069e-13 0.000000e+00 0.000000e+00
2.294681e-14 0.000000e+00 0.000000e+00
-1.193566e-13 0.000000e+00 0.000000e+00
-1.855269e-13 0.000000e+00 0.000000e+00
1.733022e-13 0.000000e+00 0.000000e+00
-9.194012e-15 0.000000e+00 0.000000e+00
5.435798e-14 0.000000e+00 0.000000e+00
1.786651e-14 0.000000e+00 0.000000e+00
7.883171e-14 0.000000e+00 0.000000e+00
-5.571271e-15 0.000000e+00 0.000000e+00
2.173864e-13 0.000000e+00 0.000000e+00
-2.990381e-13 0.000000e+00 0.000000e+00
2.233085e-13 0.000000e+00 0.000000e+00
-1.594458e-13 0.000000e+00 0.000000e+00
1.131888e-13 0.000000e+00 0.000000e+00
2.856461e-13 0.000000e+00 0.000000e+00
3.426978e-13 0.000000e+00 0.000000e+00
1.558202e-13 0.000000e+00 0.000000e+00
-7.496128e-14 0.000000e+00 0.000000e+00
3.813071e-13 0.000000e+00 0.000000e+00
-7.177449e-14 0.000000e+00 0.000000e+00
-5.455439e-14 0.000000e+00 0.000000e+00
7.008234e-14 0.000000e+00 0.000000e+00
-8.643155e-14 0.000000e+00 0.000000e+00
1.968071e-13 0.000000e+00 0.000000e+00
8.769399e-14 0.000000e+00 0.000000e+00
9.310595e-15 0.000000e+00 0.000000e+00
1.161143e-13 0.000000e+00 0.000000e+00
2.076773e-13 0.000000e+00 0.000000e+00
1.820439e-13 0.000000e+00 0.000000e+00
2.554446e-13 0.000000e+00 0.000000e+00
-1.458049e-13 0.000000e+00 0.000000e+00
2.178729e-13 0.000000e+00 0.000000e+00
-1.928295e-13 0.000000e+00 0.000000e+00
1.108292e-13 0.000000e+00 0.000000e+00
-2.936871e-13 0.000000e+00 0.000000e+00
1.328981e-13 0.000000e+00 0.000000e+00
1.120522e-13 0.000000e+00 0.000000e+00
4.907958e-14 0.000000e+00 0.000000e+00
1.415546e-13 0.000000e+00 0.000000e+00
6.055446e-14 0.000000e+00 0.000000e+00
-4.557004e-13 0.000000e+00 0.000000e+00
2.833650e-13 0.000000e+00 0.000000e+00
-1.247039e-13 0.000000e+00 0.000000e+00
-2.620128e-13 0.000000e+00 0.000000e+00
-1.417057e-13 0.000000e+00 0.000000e+00
-8.733026e-14 0.000000e+00 0.000000e+00
4.602976e-14 0.000000e+00 0.000000e+00
3.062870e-13 0.000000e+00 0.000000e+00
2.228990e-13 0.000000e+00 0.000000e+00
-1.352770e-13 0.000000e+00 0.000000e+00
-2.168050e-13 0.000000e+00 0.000000e+00
1.889952e-13 0.000000e+00 0.000000e+00
-1.352522e-13 0.000000e+00 0.000000e+00
4.537772e-14 0.000000e+00 0.000000e+00
2.974913e-14 0.000000e+00 0.000000e+00
-1.715118e-14 0.000000e+00 0.000000e+00
2.299116e-13 0.000000e+00 0.000000e+00
-5.164811e-14 0.000000e+00 0.000000e+00
1.517229e-13 0.000000e+00 0.000000e+00
1.235717e-13 0.000000e+00 0.000000e+00
2.888986e-13 0.000000e+00 0.000000e+00
2.583416e-13 0.000000e+00 0.000000e+00
-1.610973e-13 0.000000e+00 0.000000e+00
2.495710e-13 0.000000e+00 0.000000e+00
2.155421e-13 0.000000e+00 0.000000e+00
5.311426e-14 0.000000e+00 0.000000e+00
-2.347508e-13 0.000000e+00 0.000000e+00
1.943069e-13 0.000000e+00 0.000000e+00
-1.623506e-13 0.000000e+00 0.000000e+00
-9.592524e-15 0.000000e+00 0.000000e+00
1.728157e-13 0.000000e+00 0.000000e+00
-9.525405e-14 0.000000e+00 0.000000e+00
-9.647289e-14 0.000000e+00 0.000000e+00
-1.890356e-13 0.000000e+00 0.000000e+00
2.468303e-13 0.000000e+00 0.000000e+00
2.785752e-13 0.000000e+00 0.000000e+00
-2.567216e-13 0.000000e+00 0.000000e+00
-4.501562e-14 0.000000e+00 0.000000e+00
-3.398698e-14 0.000000e+00 0.000000e+00
-8.991298e-14 0.000000e+00 0.000000e+00
1.552292e-13 0.000000e+00 0.000000e+00
2.179455e-13 0.000000e+00 0.000000e+00
-2.642125e-13 0.000000e+00 0.000000e+00
-2.628513e-13 0.000000e+00 0.000000e+00
2.795126e-13 0.000000e+00 0.000000e+00
2.102941e-13 0.000000e+00 0.000000e+00
1.837294e-13 0.000000e+00 0.000000e+00
6.415899e-14 0.000000e+00 0.000000e+00
-5.569579e-14 0.000000e+00 0.000000e+00
-1.588057e-13 0.000000e+00 0.000000e+00
-2.787944e-13 0.000000e+00 0.000000e+00
1.145510e-13 0.000000e+00 0.000000e+00
1.962298e-13 0.000000e+00 0.000000e+00
-6.070758e-15 0.000000e+00 0.000000e+00
-1.182269e-13 0.000000e+00 0.000000e+00
2.311685e-13 0.000000e+00 0.000000e+00
3.960545e-14 0.000000e+00 0.000000e+00
-1.882921e-13 0.000000e+00 0.000000e+00
-9.272146e-14 0.000000e+00 0.000000e+00
1.948757e-13 0.000000e+00 0.000000e+00
1.643153e-13 0.000000e+00 0.000000e+00
4.384805e-15 0.000000e+00 0.000000e+00
8.093918e-14 0.000000e+00 0.000000e+00
-2.042790e-13 0.000000e+00 0.000000e+00
-1.565890e-13 0.000000e+00 0.000000e+00
-1.334965e-13 0.000000e+00 0.000000e+00
-7.323736e-14 0.000000e+00 0.000000e+00
-1.856614e-13 0.000000e+00 0.000000e+00
-3.639779e-14 0.000000e+00 0.000000e+00
6.702399e-14 0.000000e+00 0.000000e+00
1.124858e-13 0.000000e+00 0.000000e+00
-3.964813e-14 0.000000e+00 0.000000e+00
1.887531e-13 0.000000e+00 0.000000e+00
-1.295181e-13 0.000000e+00 0.000000e+00
-1.420735e-13 0.000000e+00 0.000000e+00
-3.605772e-13 0.000000e+00 0.000000e+00
-1.922289e-14 0.000000e+00 0.000000e+00
2.791344e-13 0.000000e+00 0.000000e+00
-1.420048e-13 0.000000e+00 0.000000e+00
-7.452522e-15 0.000000e+00 0.000000e+00
2.082213e-13 0.000000e+00 0.000000e+00
-1.236598e-13 0.000000e+00 0.000000e+00
1.305564e-13 0.000000e+00 0.000000e+00
1.296716e-13 0.000000e+00 0.000000e+00
8.735454e-15 0.000000e+00 0.000000e+00
4.925291e-14 0.000000e+00 0.000000e+00
1.400332e-13 0.000000e+00 0.000000e+00
1.729144e-13 0.000000e+00 0.000000e+00
1.765754e-13 0.000000e+00 0.000000e+00
1.656105e-13 0.000000e+00 0.000000e+00
-1.116062e-13 0.000000e+00 0.000000e+00
-1.074802e-13 0.000000e+00 0.000000e+00
-5.712162e-15 0.000000e+00 0.000000e+00
2.113557e-13 0.000000e+00 0.000000e+00
-2.889578e-13 0.000000e+00 0.000000e+00
3.173838e-13 0.000000e+00 0.000000e+00
-1.055171e-14 0.000000e+00 0.000000e+00
-5.122794e-14 0.000000e+00 0.000000e+00
-6.281775e-14 0.000000e+00 0.000000e+00
-2.742984e-14 0.000000e+00 0.000000e+00
2.136444e-14 0.000000e+00 0.000000e+00
1.515612e-13 0.000000e+00 0.000000e+00
-9.365918e-14 0.000000e+00 0.000000e+00
1.808228e-13 0.000000e+00 0.000000e+00
-1.002181e-13 0.000000e+00 0.000000e+00
-3.939008e-14 0.000000e+00 0.000000e+00
2.160566e-14 0.000000e+00 0.000000e+00
-7.374105e-14 0.000000e+00 0.000000e+00
2.105435e-13 0.000000e+00 0.000000e+00
-1.975230e-13 0.000000e+00 0.000000e+00
-1.228633e-13 0.000000e+00 0.000000e+00
1.695482e-14 0.000000e+00 0.000000e+00
-1.510529e-13 0.000000e+00 0.000000e+00
2.055935e-14 0.000000e+00 0.000000e+00
-8.473561e-14 0.000000e+00 0.000000e+00
2.114575e-13 0.000000e+00 0.000000e+00
6.695211e-14 0.000000e+00 0.000000e+00
2.300976e-13 0.000000e+00 0.000000e+00
-2.268084e-13 0.000000e+00 0.000000e+00
-2.099389e-13 0.000000e+00 0.000000e+00
-2.583898e-13 0.000000e+00 0.000000e+00
-1.856471e-14 0.000000e+00 0.000000e+00
-1.485671e-13 0.000000e+00 0.000000e+00
-7.655424e-15 0.000000e+00 0.000000e+00
-4.428194e-15 0.000000e+00 0.000000e+00
1.468449e-14 0.000000e+00 0.000000e+00
2.459841e-13 0.000000e+00 0.000000e+00
1.184360e-13 0.000000e+00 0.000000e+00
-1.880496e-13 0.000000e+00 0.000000e+00
-6.843912e-14 0.000000e+00 0.000000e+00
-3.648115e-14 0.000000e+00 0.000000e+00
2.603626e-13 0.000000e+00 0.000000e+00
-1.790036e-13 0.000000e+00 0.000000e+00
-1.692748e-13 0.000000e+00 0.000000e+00
-2.096127e-13 0.000000e+00 0.000000e+00
-1.268539e-13 0.000000e+00 0.000000e+00
6.258586e-15 0.000000e+00 0.000000e+00
-8.820342e-14 0.000000e+00 0.000000e+00
-2.693209e-13 0.000000e+00 0.000000e+00
1.349350e-13 0.000000e+00 0.000000e+00
-8.759688e-14 0.000000e+00 0.000000e+00
1.009172e-14 0.000000e+00 0.000000e+00
6.836960e-14 0.000000e+00 0.000000e+00
-1.479167e-13 0.000000e+00 0.000000e+00
-1.470019e-14 0.000000e+00 0.000000e+00
3.733116e-14 0.000000e+00 0.000000e+00
-2.536342e-13 0.000000e+00 0.000000e+00
-1.548814e-13 0.000000e+00 0.000000e+00
-1.730158e-13 0.000000e+00 0.000000e+00
-1.043686e-13 0.000000e+00 0.000000e+00
2.291289e-14 0.000000e+00 0.000000e+00
-6.500784e-14 0.000000e+00 0.000000e+00
1.136684e-13 0.000000e+00 0.000000e+00
1.700842e-14 0.000000e+00 0.000000e+00
2.894594e-14 0.000000e+00 0.000000e+00
7.599192e-15 0.000000e+00 0.000000e+00
-1.102998e-13 0.000000e+00 0.000000e+00
1.039717e-13 0.000000e+00 0.000000e+00
-2.942842e-14 0.000000e+00 0.000000e+00
1.162558e-14 0.000000e+00 0.000000e+00
1.238110e-13 0.000000e+00 0.000000e+00
-3.526622e-14 0.000000e+00 0.000000e+00
9.701070e-14 0.000000e+00 0.000000e+00
-2.646018e-14 0.000000e+00 0.000000e+00
-1.250362e-13 0.000000e+00 0.000000e+00
-8.199894e-15 0.000000e+00 0.000000e+00
-1.527290e-13 0.000000e+00 0.000000e+00
-2.071277e-13 0.000000e+00 0.000000e+00
-1.218078e-13 0.000000e+00 0.000000e+00
-1.162719e-13 0.000000e+00 0.000000e+00
-9.137606e-15 0.000000e+00 0.000000e+00
-1.991769e-13 0.000000e+00 0.000000e+00
-5.476762e-14 0.000000e+00 0.000000e+00
-2.566613e-13 0.000000e+00 0.000000e+00
1.151021e-13 0.000000e+00 0.000000e+00
2.062914e-13 0.000000e+00 0.000000e+00
7.733093e-14 0.000000e+00 0.000000e+00
1.291086e-13 0.000000e+00 0.000000e+00
8.181876e-15 0.000000e+00 0.000000e+00
-1.824322e-13 0.000000e+00 0.000000e+00
-9.315645e-14 0.000000e+00 0.000000e+00
3.551716e-13 0.000000e+00 0.000000e+00
1.189552e-13 0.000000e+00 0.000000e+00
-2.490309e-13 0.000000e+00 0.000000e+00
-2.060787e-13 0.000000e+00 0.000000e+00
-1.271597e-13 0.000000e+00 0.000000e+00
-3.911416e-14 0.000000e+00 0.000000e+00
-2.561418e-13 0.000000e+00 0.000000e+00
4.216775e-14 0.000000e+00 0.000000e+00
-1.056627e-13 0.000000e+00 0.000000e+00
-3.010776e-13 0.000000e+00 0.000000e+00
-1.554463e-13 0.000000e+00 0.000000e+00
-6.375920e-14 0.000000e+00 0.000000e+00
-3.550490e-14 0.000000e+00 0.000000e+00
7.096676e-14 0.000000e+00 0.000000e+00
-2.493618e-13 0.000000e+00 0.000000e+00
2.214947e-13 0.000000e+00 0.000000e+00
7.751501e-14 0.000000e+00 0.000000e+00
1.790040e-13 0.000000e+00 0.000000e+00
-1.022033e-14 0.000000e+00 0.000000e+00
6.477172e-14 0.000000e+00 0.000000e+00
1.692102e-13 0.000000e+00 0.000000e+00
2.934986e-13 0.000000e+00 0.000000e+00
-1.818116e-13 0.000000e+00 0.000000e+00
5.209028e-14 0.000000e+00 0.000000e+00
5.642909e-14 0.000000e+00 0.000000e+00
7.415096e-14 0.000000e+00 0.000000e+00
-4.241748e-14 0.000000e+00 0.000000e+00
9.952545e-14 0.000000e+00 0.000000e+00
-2.020515e-13 0.000000e+00 0.000000e+00
-5.610969e-15 0.000000e+00 0.000000e+00
2.093216e-13 0.000000e+00 0.000000e+00
-3.483630e-14 0.000000e+00 0.000000e+00
-1.268724e-13 0.000000e+00 0.000000e+00
-8.498631e-14 0.000000e+00 0.000000e+00
2.566382e-13 0.000000e+00 0.000000e+00
1.187738e-13 0.000000e+00 0.000000e+00
2.987944e-13 0.000000e+00 0.000000e+00
8.059288e-14 0.000000e+00 0.000000e+00
-2.122274e-13 0.000000e+00 0.000000e+00
4.868775e-15 0.000000e+00 0.000000e+00
-8.709905e-14 0.000000e+00 0.000000e+00
-1.240317e-14 0.000000e+00 0.000000e+00
-7.095761e-14 0.000000e+00 0.000000e+00
1.372514e-13 0.000000e+00 0.000000e+00
2.436031e-14 0.000000e+00 0.000000e+00
-2.777256e-15 0.000000e+00 0.000000e+00
2.286009e-13 0.000000e+00 0.000000e+00
1.710311e-13 0.000000e+00 0.000000e+00
-8.168137e-14 0.000000e+00 0.000000e+00
1.389547e-14 0.000000e+00 0.000000e+00
-1.287371e-13 0.000000e+00 0.000000e+00
-6.737584e-14 0.000000e+00 0.000000e+00
-2.603628e-13 0.000000e+00 0.000000e+00
2.265300e-13 0.000000e+00 0.000000e+00
-1.781230e-13 0.000000e+00 0.000000e+00
-1.928322e-13 0.000000e+00 0.000000e+00
8.810708e-14 0.000000e+00 0.000000e+00
1.500705e-13 0.000000e+00 0.000000e+00
-4.640768e-13 0.000000e+00 0.000000e+00
-1.211747e-13 0.000000e+00 0.000000e+00
-7.590802e-14 0.000000e+00 0.000000e+00
-1.928306e-13 0.000000e+00 0.000000e+00
3.500488e-14 0.000000e+00 0.000000e+00
1.121329e-13 0.000000e+00 0.000000e+00
4.523352e-14 0.000000e+00 0.000000e+00
5.214641e-14 0.000000e+00 0.000000e+00
-1.604674e-13 0.000000e+00 0.000000e+00
3.284261e-14 0.000000e+00 0.000000e+00
-2.646076e-13 0.000000e+00 0.000000e+00
1.851761e-13 0.000000e+00 0.000000e+00
-3.287556e-13 0.000000e+00 0.000000e+00
-2.847770e-14 0.000000e+00 0.000000e+00
-1.202828e-13 0.000000e+00 0.000000e+00
1.026020e-13 0.000000e+00 0.000000e+00
-3.318631e-13 0.000000e+00 0.000000e+00
-1.433548e-13 0.000000e+00 0.000000e+00
-2.479071e-14 0.000000e+00 0.000000e+00
-4.443276e-15 0.000000e+00 0.000000e+00
-2.339438e-14 0.000000e+00 0.000000e+00
-1.492947e-13 0.000000e+00 0.000000e+00
-5.837849e-14 0.000000e+00 0.000000e+00
-1.526379e-13 0.000000e+00 0.000000e+00
2.499941e-13 0.000000e+00 0.000000e+00
-4.631625e-14 0.000000e+00 0.000000e+00
3.326029e-14 0.000000e+00 0.000000e+00
-2.420636e-13 0.000000e+00 0.000000e+00
4.755448e-14 0.000000e+00 0.000000e+00
3.946906e-14 0.000000e+00 0.000000e+00
-1.179251e-13 0.000000e+00 0.000000e+00
-5.089399e-14 0.000000e+00 0.000000e+00
-2.268822e-13 0.000000e+00 0.000000e+00
-2.832054e-13 0.000000e+00 0.000000e+00
-2.141018e-13 0.000000e+00 0.000000e+00
3.657554e-13 0.000000e+00 0.000000e+00
-6.869728e-14 0.000000e+00 0.000000e+00
-1.231320e-13 0.000000e+00 0.000000e+00
-1.336168e-13 0.000000e+00 0.000000e+00
1.475426e-13 0.000000e+00 0.000000e+00
1.149592e-14 0.000000e+00 0.000000e+00
-5.386838e-14 0.000000e+00 0.000000e+00
2.804332e-13 0.000000e+00 0.000000e+00
8.009662e-14 0.000000e+00 0.000000e+00
-4.051551e-13 0.000000e+00 0.000000e+00
-2.699497e-14 0.000000e+00 0.000000e+00
-1.619282e-13 0.000000e+00 0.000000e+00
7.690987e-14 0.000000e+00 0.000000e+00
-8.406930e-14 0.000000e+00 0.000000e+00
5.252149e-14 0.000000e+00 0.000000e+00
2.700619e-13 0.000000e+00 0.000000e+00
3.290966e-13 0.000000e+00 0.000000e+00
-3.959608e-13 0.000000e+00 0.000000e+00
-2.514323e-13 0.000000e+00 0.000000e+00
5.237030e-14 0.000000e+00 0.000000e+00
-1.518315e-14 0.000000e+00 0.000000e+00
-4.201149e-15 0.000000e+00 0.000000e+00
1.152858e-13 0.000000e+00 0.000000e+00
-3.020211e-13 0.000000e+00 0.000000e+00
8.853222e-14 0.000000e+00 0.000000e+00
-2.114755e-13 0.000000e+00 0.000000e+00
-5.894456e-14 0.000000e+00 0.000000e+00
4.213333e-14 0.000000e+00 0.000000e+00
-4.322274e-14 0.000000e+00 0.000000e+00
-1.782207e-13 0.000000e+00 0.000000e+00
-2.579912e-14 0.000000e+00 0.000000e+00
-1.831988e-13 0.000000e+00 0.000000e+00
-1.768566e-13 0.000000e+00 0.000000e+00
-4.000295e-15 0.000000e+00 0.000000e+00
-1.234924e-13 0.000000e+00 0.000000e+00
-8.948815e-14 0.000000e+00 0.000000e+00
1.723504e-14 0.000000e+00 0.000000e+00
-1.357005e-13 0.000000e+00 0.000000e+00
8.733823e-14 0.000000e+00 0.000000e+00
3.103578e-13 0.000000e+00 0.000000e+00
-4.478078e-14 0.000000e+00 0.000000e+00
9.366265e-14 0.000000e+00 0.000000e+00
-3.078717e-13 0.000000e+00 0.000000e+00
-2.097570e-13 0.000000e+00 0.000000e+00
-1.764968e-13 0.000000e+00 0.000000e+00
5.462951e-14 0.000000e+00 0.000000e+00
1.858305e-13 0.000000e+00 0.000000e+00
1.664414e-15 0.000000e+00 0.000000e+00
8.742096e-14 0.000000e+00 0.000000e+00
1.117733e-13 0.000000e+00 0.000000e+00
-8.898606e-14 0.000000e+00 0.000000e+00
8.976906e-14 0.000000e+00 0.000000e+00
-1.499218e-13 0.000000e+00 0.000000e+00
-1.061443e-13 0.000000e+00 0.000000e+00
2.647749e-13 0.000000e+00 0.000000e+00
3.381800e-15 0.000000e+00 0.000000e+00
3.531187e-14 0.000000e+00 0.000000e+00
-3.759248e-13 0.000000e+00 0.000000e+00
3.891005e-14 0.000000e+00 0.000000e+00
-1.727118e-13 0.000000e+00 0.000000e+00
-1.138070e-13 0.000000e+00 0.000000e+00
-2.667925e-14 0.000000e+00 0.000000e+00
1.597592e-13 0.000000e+00 0.000000e+00
3.158332e-13 0.000000e+00 0.000000e+00
-1.551470e-13 0.000000e+00 0.000000e+00
2.060289e-15 0.000000e+00 0.000000e+00
-2.814616e-13 0.000000e+00 0.000000e+00
-2.185467e-13 0.000000e+00 0.000000e+00
3.985263e-13 0.000000e+00 0.000000e+00
1.093439e-14 0.000000e+00 0.000000e+00
7.589626e-15 0.000000e+00 0.000000e+00
1.442041e-13 0.000000e+00 0.000000e+00
-1.612225e-14 0.000000e+00 0.000000e+00
2.201867e-13 0.000000e+00 0.000000e+00
6.269020e-15 0.000000e+00 0.000000e+00
-3.978964e-13 0.000000e+00 0.000000e+00
-7.392602e-14 0.000000e+00 0.000000e+00
-1.078390e-13 0.000000e+00 0.000000e+00
1.193762e-14 0.000000e+00 0.000000e+00
1.555259e-13 0.000000e+00 0.000000e+00
1.138059e-13 0.000000e+00 0.000000e+00
2.904780e-13 0.000000e+00 0.000000e+00
2.634881e-13 0.000000e+00 0.000000e+00
8.375257e-14 0.000000e+00 0.000000e+00
-1.711450e-13 0.000000e+00 0.000000e+00
-9.434492e-14 0.000000e+00 0.000000e+00
-1.791876e-13 0.000000e+00 0.000000e+00
1.750233e-13 0.000000e+00 0.000000e+00
-3.509416e-14 0.000000e+00 0.000000e+00
-2.026598e-13 0.000000e+00 0.000000e+00
-3.224170e-14 0.000000e+00 0.000000e+00
2.207605e-15 0.000000e+00 0.000000e+00
-2.917031e-13 0.000000e+00 0.000000e+00
-2.106192e-13 0.000000e+00 0.000000e+00
-2.256898e-14 0.000000e+00 0.000000e+00
1.464169e-13 0.000000e+00 0.000000e+00
6.514197e-14 0.000000e+00 0.000000e+00
1.892583e-13 0.000000e+00 0.000000e+00
-2.167532e-13 0.000000e+00 0.000000e+00
-2.515704e-14 0.000000e+00 0.000000e+00
-1.382965e-13 0.000000e+00 0.000000e+00
-1.619273e-13 0.000000e+00 0.000000e+00
-1.904368e-13 0.000000e+00 0.000000e+00
-1.344375e-14 0.000000e+00 0.000000e+00
8.829882e-15 0.000000e+00 0.000000e+00
2.614352e-13 0.000000e+00 0.000000e+00
1.139138e-13 0.000000e+00 0.000000e+00
6.588619e-14 0.000000e+00 0.000000e+00
-2.232006e-13 0.000000e+00 0.000000e+00
1.858901e-13 0.000000e+00 0.000000e+00
-1.917709e-14 0.000000e+00 0.000000e+00
5.023166e-14 0.000000e+00 0.000000e+00
5.183135e-14 0.000000e+00 0.000000e+00
-1.969063e-14 0.000000e+00 0.000000e+00
-3.380368e-13 0.000000e+00 0.000000e+00
8.507641e-14 0.000000e+00 0.000000e+00
-9.985077e-14 0.000000e+00 0.000000e+00
-1.759158e-13 0.000000e+00 0.000000e+00
-2.801908e-13 0.000000e+00 0.000000e+00
-2.495931e-13 0.000000e+00 0.000000e+00
-9.100155e-14 0.000000e+00 0.000000e+00
1.001735e-13 0.000000e+00 0.000000e+00
1.376531e-14 0.000000e+00 0.000000e+00
-1.145275e-13 0.000000e+00 0.000000e+00
-7.825558e-14 0.000000e+00 0.000000e+00
4.931937e-14 0.000000e+00 0.000000e+00
2.331293e-13 0.000000e+00 0.000000e+00
2.035333e-14 0.000000e+00 0.000000e+00
5.307867e-14 0.000000e+00 0.000000e+00
1.850256e-13 0.000000e+00 0.000000e+00
-3.354977e-14 0.000000e+00 0.000000e+00
7.509607e-14 0.000000e+00 0.000000e+00
2.345781e-15 0.000000e+00 0.000000e+00
-1.809567e-13 0.000000e+00 0.000000e+00
1.765393e-13 0.000000e+00 0.000000e+00
7.022129e-14 0.000000e+00 0.000000e+00
6.490286e-14 0.000000e+00 0.000000e+00
-1.290689e-13 0.000000e+00 0.000000e+00
1.851381e-13 0.000000e+00 0.000000e+00
-7.231712e-16 0.000000e+00 0.000000e+00
1.550203e-14 0.000000e+00 0.000000e+00
1.067462e-13 0.000000e+00 0.000000e+00
1.344632e-13 0.000000e+00 0.000000e+00
3.388182e-14 0.000000e+00 0.000000e+00
-9.958243e-14 0.000000e+00 0.000000e+00
3.433484e-14 0.000000e+00 0.000000e+00
5.642211e-14 0.000000e+00 0.000000e+00
1.156614e-14 0.000000e+00 0.000000e+00
1.600481e-13 0.000000e+00 0.000000e+00
-4.630995e-14 0.000000e+00 0.000000e+00
-1.279180e-13 0.000000e+00 0.000000e+00
1.557410e-13 0.000000e+00 0.000000e+00
-8.324530e-14 0.000000e+00 0.000000e+00
2.284379e-13 0.000000e+00 0.000000e+00
1.027296e-13 0.000000e+00 0.000000e+00
2.337510e-13 0.000000e+00 0.000000e+00
2.260758e-13 0.000000e+00 0.000000e+00
-2.229365e-13 0.000000e+00 0.000000e+00
-4.175734e-13 0.000000e+00 0.000000e+00
-1.551964e-13 0.000000e+00 0.000000e+00
8.122832e-14 0.000000e+00 0.000000e+00
1.328067e-13 0.000000e+00 0.000000e+00
7.638089e-14 0.000000e+00 0.000000e+00
1.094122e-13 0.000000e+00 0.000000e+00
6.278113e-14 0.000000e+00 0.000000e+00
6.332565e-14 0.000000e+00 0.000000e+00
-2.000489e-13 0.000000e+00 0.000000e+00
7.454796e-14 0.000000e+00 0.000000e+00
-2.535089e-13 0.000000e+00 0.000000e+00
-2.389290e-13 0.000000e+00 0.000000e+00
-2.813092e-13 0.000000e+00 0.000000e+00
-2.321637e-13 0.000000e+00 0.000000e+00
-9.463556e-14 0.000000e+00 0.000000e+00
-8.777298e-14 0.000000e+00 0.000000e+00
1.547407e-13 0.000000e+00 0.000000e+00
1.864308e-14 0.000000e+00 0.000000e+00
-1.336761e-13 0.000000e+00 0.000000e+00
3.659541e-13 0.000000e+00 0.000000e+00
1.708653e-13 0.000000e+00 0.000000e+00
1.695796e-13 0.000000e+00 0.000000e+00
-5.985165e-14 0.000000e+00 0.000000e+00
-8.263206e-15 0.000000e+00 0.000000e+00
7.037574e-15 0.000000e+00 0.000000e+00
1.171233e-13 0.000000e+00 0.000000e+00
1.478694e-13 0.000000e+00 0.000000e+00
-3.688617e-13 0.000000e+00 0.000000e+00
8.118674e-14 0.000000e+00 0.000000e+00
5.526808e-15 0.000000e+00 0.000000e+00
3.111184e-13 0.000000e+00 0.000000e+00
1.286812e-14 0.000000e+00 0.000000e+00
-2.850213e-13 0.000000e+00 0.000000e+00
-1.710872e-13 0.000000e+00 0.000000e+00
2.304474e-13 0.000000e+00 0.000000e+00
-2.093993e-13 0.000000e+00 0.000000e+00
-1.112196e-13 0.000000e+00 0.000000e+00
1.251862e-14 0.000000e+00 0.000000e+00
-2.040688e-14 0.000000e+00 0.000000e+00
-2.294243e-13 0.000000e+00 0.000000e+00
5.016013e-13 0.000000e+00 0.000000e+00
6.455445e-14 0.000000e+00 0.000000e+00
8.428968e-14 0.000000e+00 0.000000e+00
3.618398e-13 0.000000e+00 0.000000e+00
1.620781e-13 0.000000e+00 0.000000e+00
1.111967e-13 0.000000e+00 0.000000e+00
6.971110e-14 0.000000e+00 0.000000e+00
-9.828308e-14 0.000000e+00 0.000000e+00
2.586137e-13 0.000000e+00 0.000000e+00
3.355866e-13 0.000000e+00 0.000000e+00
-1.010545e-13 0.000000e+00 0.000000e+00
1.154372e-13 0.000000e+00 0.000000e+00
1.424890e-13 0.000000e+00 0.000000e+00
-9.733404e-14 0.000000e+00 0.000000e+00
1.843728e-13 0.000000e+00 0.000000e+00
3.356211e-13 0.000000e+00 0.000000e+00
1.734033e-13 0.000000e+00 0.000000e+00
-1.470325e-13 0.000000e+00 0.000000e+00
5.697521e-14 0.000000e+00 0.000000e+00
-1.324266e-13 0.000000e+00 0.000000e+00
-2.553895e-13 0.000000e+00 0.000000e+00
-1.329255e-13 0.000000e+00 0.000000e+00
-2.064000e-13 0.000000e+00 0.000000e+00
1.058813e-13 0.000000e+00 0.000000e+00
-1.904140e-13 0.000000e+00 0.000000e+00
1.106085e-13 0.000000e+00 0.000000e+00
-2.465664e-13 0.000000e+00 0.000000e+00
-1.412774e-13 0.000000e+00 0.000000e+00
9.376597e-14 0.000000e+00 0.000000e+00
-9.540241e-14 0.000000e+00 0.000000e+00
-2.421384e-13 0.000000e+00 0.000000e+00
-6.373706e-15 0.000000e+00 0.000000e+00
1.109450e-13 0.000000e+00 0.000000e+00
-2.654467e-13 0.000000e+00 0.000000e+00
-7.667867e-14 0.000000e+00 0.000000e+00
1.409705e-13 0.000000e+00 0.000000e+00
-2.613524e-13 0.000000e+00 0.000000e+00
-1.653327e-13 0.000000e+00 0.000000e+00
-2.635387e-13 0.000000e+00 0.000000e+00
-2.530966e-13 0.000000e+00 0.000000e+00
1.099902e-13 0.000000e+00 0.000000e+00
8.998087e-15 0.000000e+00 0.000000e+00
8.261435e-14 0.000000e+00 0.000000e+00
-1.011396e-13 0.000000e+00 0.000000e+00
-1.389783e-13 0.000000e+00 0.000000e+00
2.881485e-14 0.000000e+00 0.000000e+00
1.636423e-13 0.000000e+00 0.000000e+00
-6.086269e-14 0.000000e+00 0.000000e+00
-9.698340e-14 0.000000e+00 0.000000e+00
-1.252910e-13 0.000000e+00 0.000000e+00
8.730125e-15 0.000000e+00 0.000000e+00
-3.434753e-13 0.000000e+00 0.000000e+00
9.862522e-14 0.000000e+00 0.000000e+00
1.819991e-13 0.000000e+00 0.000000e+00
5.440250e-14 0.000000e+00 0.000000e+00
-9.365099e-14 0.000000e+00 0.000000e+00
-1.895816e-13 0.000000e+00 0.000000e+00
4.259108e-13 0.000000e+00 0.000000e+00
-1.911112e-13 0.000000e+00 0.000000e+00
8.666027e-14 0.000000e+00 0.000000e+00
-1.294224e-13 0.000000e+00 0.000000e+00
3.552457e-15 0.000000e+00 0.000000e+00
3.081058e-14 0.000000e+00 0.000000e+00
-4.046019e-14 0.000000e+00 0.000000e+00
1.480826e-13 0.000000e+00 0.000000e+00
-2.400089e-13 0.000000e+00 0.000000e+00
5.265749e-14 0.000000e+00 0.000000e+00
9.980880e-14 0.000000e+00 0.000000e+00
-4.068114e-14 0.000000e+00 0.000000e+00
-1.132710e-13 0.000000e+00 0.000000e+00
8.765212e-14 0.000000e+00 0.000000e+00
-1.704451e-13 0.000000e+00 0.000000e+00
6.555817e-14 0.000000e+00 0.000000e+00
-1.993566e-13 0.000000e+00 0.000000e+00
-4.749315e-13 0.000000e+00 0.000000e+00
4.741160e-14 0.000000e+00 0.000000e+00
-2.155757e-13 0.000000e+00 0.000000e+00
8.620737e-14 0.000000e+00 0.000000e+00
4.022326e-14 0.000000e+00 0.000000e+00
9.042889e-14 0.000000e+00 0.000000e+00
1.888162e-14 0.000000e+00 0.000000e+00
-3.498693e-13 0.000000e+00 0.000000e+00
7.013050e-14 0.000000e+00 0.000000e+00
-2.968283e-13 0.000000e+00 0.000000e+00
1.503969e-15 0.000000e+00 0.000000e+00
-4.966648e-14 0.000000e+00 0.000000e+00
-1.034040e-13 0.000000e+00 0.000000e+00
8.007935e-14 0.000000e+00 0.000000e+00
-3.719742e-14 0.000000e+00 0.000000e+00
8.448855e-14 0.000000e+00 0.000000e+00
1.533300e-14 0.000000e+00 0.000000e+00
1.744027e-13 0.000000e+00 0.000000e+00
-3.468243e-14 0.000000e+00 0.000000e+00
6.206513e-14 0.000000e+00 0.000000e+00
2.905582e-13 0.000000e+00 0.000000e+00
1.599352e-15 0.000000e+00 0.000000e+00
-5.397893e-14 0.000000e+00 0.000000e+00
5.739007e-14 0.000000e+00 0.000000e+00
4.214157e-14 0.000000e+00 0.000000e+00
-1.917587e-13 0.000000e+00 0.000000e+00
-3.760789e-14 0.000000e+00 0.000000e+00
-3.376935e-14 0.000000e+00 0.000000e+00
2.071113e-14 0.000000e+00 0.000000e+00
-1.003743e-13 0.000000e+00 0.000000e+00
1.811277e-14 0.000000e+00 0.000000e+00
-4.416573e-15 0.000000e+00 0.000000e+00
2.901952e-13 0.000000e+00 0.000000e+00
-1.971292e-13 0.000000e+00 0.000000e+00
-1.045778e-13 0.000000e+00 0.000000e+00
-1.898370e-13 0.000000e+00 0.000000e+00
-2.519582e-13 0.000000e+00 0.000000e+00
3.985291e-14 0.000000e+00 0.000000e+00
1.343763e-13 0.000000e+00 0.000000e+00
2.113068e-13 0.000000e+00 0.000000e+00
-1.035002e-13 0.000000e+00 0.000000e+00
-2.369544e-14 0.000000e+00 0.000000e+00
-1.722746e-13 0.000000e+00 0.000000e+00
-1.397818e-13 0.000000e+00 0.000000e+00
1.363961e-13 0.000000e+00 0.000000e+00
-8.754256e-14 0.000000e+00 0.000000e+00
1.034576e-13 0.000000e+00 0.000000e+00
-7.005260e-14 0.000000e+00 0.000000e+00
8.227588e-14 0.000000e+00 0.000000e+00
7.721387e-15 0.000000e+00 0.000000e+00
2.650429e-14 0.000000e+00 0.000000e+00
5.543892e-14 0.000000e+00 0.000000e+00
-1.523089e-13 0.000000e+00 0.000000e+00
-2.637495e-14 0.000000e+00 0.000000e+00
7.624125e-14 0.000000e+00 0.000000e+00
-6.895990e-15 0.000000e+00 0.000000e+00
2.271956e-13 0.000000e+00 0.000000e+00
-2.308574e-13 0.000000e+00 0.000000e+00
-2.689838e-14 0.000000e+00 0.000000e+00
1.600000e-14 0.000000e+00 0.000000e+00
-2.062420e-13 0.000000e+00 0.000000e+00
4.762281e-15 0.000000e+00 0.000000e+00
3.513052e-14 0.000000e+00 0.000000e+00
1.231940e-13 0.000000e+00 0.000000e+00
-2.307202e-13 0.000000e+00 0.000000e+00
1.697866e-14 0.000000e+00 0.000000e+00
1.863477e-14 0.000000e+00 0.000000e+00
3.796761e-14 0.000000e+00 0.000000e+00
1.785821e-13 0.000000e+00 0.000000e+00
-7.489319e-14 0.000000e+00 0.000000e+00
2.236683e-13 0.000000e+00 0.000000e+00
-3.118785e-13 0.000000e+00 0.000000e+00
-2.222524e-15 0.000000e+00 0.000000e+00
-1.660303e-13 0.000000e+00 0.000000e+00
-1.440801e-14 0.000000e+00 0.000000e+00
-2.000877e-13 0.000000e+00 0.000000e+00
2.507943e-14 0.000000e+00 0.000000e+00
-2.179220e-13 0.000000e+00 0.000000e+00
6.070486e-14 0.000000e+00 0.000000e+00
-7.276704e-14 0.000000e+00 0.000000e+00
-7.353950e-14 0.000000e+00 0.000000e+00
7.127314e-14 0.000000e+00 0.000000e+00
9.479634e-14 0.000000e+00 0.000000e+00
1.316635e-13 0.000000e+00 0.000000e+00
-2.113912e-13 0.000000e+00 0.000000e+00
-2.827524e-14 0.000000e+00 0.000000e+00
-1.158744e-14 0.000000e+00 0.000000e+00
5.276610e-14 0.000000e+00 0.000000e+00
-3.691926e-14 0.000000e+00 0.000000e+00
-2.299308e-13 0.000000e+00 0.000000e+00
-3.446044e-14 0.000000e+00 0.000000e+00
2.734047e-13 0.000000e+00 0.000000e+00
1.395865e-13 0.000000e+00 0.000000e+00
-1.212194e-13 0.000000e+00 0.000000e+00
1.308459e-13 0.000000e+00 0.000000e+00
-2.462805e-13 0.000000e+00 0.000000e+00
3.696310e-14 0.000000e+00 0.000000e+00
1.431842e-13 0.000000e+00 0.000000e+00
-3.664845e-14 0.000000e+00 0.000000e+00
1.227168e-13 0.000000e+00 0.000000e+00
1.715832e-13 0.000000e+00 0.000000e+00
-8.490152e-14 0.000000e+00 0.000000e+00
8.077805e-14 0.000000e+00 0.000000e+00
2.678185e-13 0.000000e+00 0.000000e+00
1.221105e-13 0.000000e+00 0.000000e+00
-3.073315e-13 0.000000e+00 0.000000e+00
-2.227009e-13 0.000000e+00 0.000000e+00
1.715375e-13 0.000000e+00 0.000000e+00
7.913827e-14 0.000000e+00 0.000000e+00
-2.343668e-13 0.000000e+00 0.000000e+00
-6.187127e-14 0.000000e+00 0.000000e+00
1.983584e-13 0.000000e+00 0.000000e+00
3.940537e-13 0.000000e+00 0.000000e+00
3.562528e-13 0.000000e+00 0.000000e+00
7.832555e-14 0.000000e+00 0.000000e+00
-1.767753e-13 0.000000e+00 0.000000e+00
1.721841e-13 0.000000e+00 0.000000e+00
6.120812e-15 0.000000e+00 0.000000e+00
-8.249218e-14 0.000000e+00 0.000000e+00
4.445600e-13 0.000000e+00 0.000000e+00
-2.588860e-13 0.000000e+00 0.000000e+00
