pX pY pZ 
-4.169454e-14 0.000000e+00 0.000000e+00
1.352779e-13 0.000000e+00 0.000000e+00
-1.005717e-13 0.000000e+00 0.000000e+00
-5.873007e-14 0.000000e+00 0.000000e+00
-1.817307e-13 0.000000e+00 0.000000e+00
-1.364864e-13 0.000000e+00 0.000000e+00
2.966132e-13 0.000000e+00 0.000000e+00
-4.055410e-13 0.000000e+00 0.000000e+00
-3.649943e-14 0.000000e+00 0.000000e+00
9.634901e-14 0.000000e+00 0.000000e+00
-5.203480e-14 0.000000e+00 0.000000e+00
9.996412e-14 0.000000e+00 0.000000e+00
-2.565951e-13 0.000000e+00 0.000000e+00
1.216317e-13 0.000000e+00 0.000000e+00
-9.171194e-14 0.000000e+00 0.000000e+00
3.427424e-14 0.000000e+00 0.000000e+00
2.823075e-13 0.000000e+00 0.000000e+00
-2.321784e-14 0.000000e+00 0.000000e+00
3.866058e-14 0.000000e+00 0.000000e+00
-1.860618e-13 0.000000e+00 0.000000e+00
3.498139e-13 0.000000e+00 0.000000e+00
2.878881e-14 0.000000e+00 0.000000e+00
2.341399e-13 0.000000e+00 0.000000e+00
-4.116912e-14 0.000000e+00 0.000000e+00
6.061584e-14 0.000000e+00 0.000000e+00
5.230370e-13 0.000000e+00 0.000000e+00
-2.349583e-13 0.000000e+00 0.000000e+00
2.951921e-13 0.000000e+00 0.000000e+00
6.567698e-14 0.000000e+00 0.000000e+00
1.780682e-13 0.000000e+00 0.000000e+00
-1.545496e-13 0.000000e+00 0.000000e+00
4.530904e-15 0.000000e+00 0.000000e+00
-1.838317e-13 0.000000e+00 0.000000e+00
1.968520e-14 0.000000e+00 0.000000e+00
-6.899610e-14 0.000000e+00 0.000000e+00
-7.391298e-14 0.000000e+00 0.000000e+00
-3.425934e-13 0.000000e+00 0.000000e+00
8.905817e-14 0.000000e+00 0.000000e+00
-8.879223e-15 0.000000e+00 0.000000e+00
7.989808e-14 0.000000e+00 0.000000e+00
2.603670e-13 0.000000e+00 0.000000e+00
-2.659533e-14 0.000000e+00 0.000000e+00
6.284495e-14 0.000000e+00 0.000000e+00
6.507843e-15 0.000000e+00 0.000000e+00
4.022118e-15 0.000000e+00 0.000000e+00
-3.160218e-14 0.000000e+00 0.000000e+00
-1.206245e-13 0.000000e+00 0.000000e+00
-2.309447e-14 0.000000e+00 0.000000e+00
-6.517922e-14 0.000000e+00 0.000000e+00
-2.679083e-14 0.000000e+00 0.000000e+00
-7.175594e-14 0.000000e+00 0.000000e+00
-1.831764e-13 0.000000e+00 0.000000e+00
2.736241e-13 0.000000e+00 0.000000e+00
-1.577727e-13 0.000000e+00 0.000000e+00
-1.612133e-13 0.000000e+00 0.000000e+00
-7.929160e-14 0.000000e+00 0.000000e+00
-5.239513e-14 0.000000e+00 0.000000e+00
-2.635262e-13 0.000000e+00 0.000000e+00
6.642734e-14 0.000000e+00 0.000000e+00
-6.372687e-14 0.000000e+00 0.000000e+00
-2.846443e-13 0.000000e+00 0.000000e+00
2.213731e-13 0.000000e+00 0.000000e+00
1.100074e-13 0.000000e+00 0.000000e+00
-1.329681e-13 0.000000e+00 0.000000e+00
-7.874487e-14 0.000000e+00 0.000000e+00
-1.666898e-13 0.000000e+00 0.000000e+00
-1.350292e-13 0.000000e+00 0.000000e+00
-9.852753e-14 0.000000e+00 0.000000e+00
3.073285e-13 0.000000e+00 0.000000e+00
-1.292942e-14 0.000000e+00 0.000000e+00
-1.152764e-13 0.000000e+00 0.000000e+00
-3.119210e-13 0.000000e+00 0.000000e+00
-1.807209e-14 0.000000e+00 0.000000e+00
-2.081169e-13 0.000000e+00 0.000000e+00
2.728991e-13 0.000000e+00 0.000000e+00
2.220288e-13 0.000000e+00 0.000000e+00
7.909820e-14 0.000000e+00 0.000000e+00
-3.117507e-13 0.000000e+00 0.000000e+00
-1.028089e-13 0.000000e+00 0.000000e+00
3.703950e-14 0.000000e+00 0.000000e+00
-3.064352e-13 0.000000e+00 0.000000e+00
-2.239967e-14 0.000000e+00 0.000000e+00
3.641051e-14 0.000000e+00 0.000000e+00
6.683757e-14 0.000000e+00 0.000000e+00
1.698093e-13 0.000000e+00 0.000000e+00
-2.362724e-13 0.000000e+00 0.000000e+00
-7.275815e-14 0.000000e+00 0.000000e+00
-2.415485e-13 0.000000e+00 0.000000e+00
-8.153538e-14 0.000000e+00 0.000000e+00
2.087237e-13 0.000000e+00 0.000000e+00
2.120124e-15 0.000000e+00 0.000000e+00
-1.832187e-14 0.000000e+00 0.000000e+00
2.854380e-14 0.000000e+00 0.000000e+00
4.215472e-14 0.000000e+00 0.000000e+00
3.966932e-14 0.000000e+00 0.000000e+00
4.251555e-14 0.000000e+00 0.000000e+00
1.029960e-13 0.000000e+00 0.000000e+00
2.536875e-14 0.000000e+00 0.000000e+00
1.377993e-13 0.000000e+00 0.000000e+00
-1.636508e-13 0.000000e+00 0.000000e+00
-8.236550e-14 0.000000e+00 0.000000e+00
-1.603082e-13 0.000000e+00 0.000000e+00
-1.144510e-13 0.000000e+00 0.000000e+00
-3.417294e-13 0.000000e+00 0.000000e+00
-1.176407e-13 0.000000e+00 0.000000e+00
1.301320e-13 0.000000e+00 0.000000e+00
-5.050530e-13 0.000000e+00 0.000000e+00
6.099883e-14 0.000000e+00 0.000000e+00
-2.817469e-14 0.000000e+00 0.000000e+00
-1.169513e-13 0.000000e+00 0.000000e+00
2.303441e-13 0.000000e+00 0.000000e+00
1.341193e-13 0.000000e+00 0.000000e+00
-2.425726e-13 0.000000e+00 0.000000e+00
-7.750375e-14 0.000000e+00 0.000000e+00
2.029047e-13 0.000000e+00 0.000000e+00
2.384914e-13 0.000000e+00 0.000000e+00
6.453980e-14 0.000000e+00 0.000000e+00
-1.679482e-13 0.000000e+00 0.000000e+00
-1.101687e-13 0.000000e+00 0.000000e+00
1.071024e-14 0.000000e+00 0.000000e+00
-1.380320e-13 0.000000e+00 0.000000e+00
-4.106215e-14 0.000000e+00 0.000000e+00
-3.784875e-14 0.000000e+00 0.000000e+00
2.606778e-14 0.000000e+00 0.000000e+00
-7.563576e-14 0.000000e+00 0.000000e+00
-2.121915e-15 0.000000e+00 0.000000e+00
1.958323e-13 0.000000e+00 0.000000e+00
-1.428298e-13 0.000000e+00 0.000000e+00
-6.655157e-14 0.000000e+00 0.000000e+00
6.271545e-14 0.000000e+00 0.000000e+00
-3.171366e-13 0.000000e+00 0.000000e+00
-8.295762e-14 0.000000e+00 0.000000e+00
-1.294733e-14 0.000000e+00 0.000000e+00
1.203561e-13 0.000000e+00 0.000000e+00
-1.558850e-13 0.000000e+00 0.000000e+00
5.025804e-14 0.000000e+00 0.000000e+00
1.571802e-14 0.000000e+00 0.000000e+00
1.417745e-13 0.000000e+00 0.000000e+00
-1.038650e-13 0.000000e+00 0.000000e+00
5.360267e-14 0.000000e+00 0.000000e+00
8.505908e-14 0.000000e+00 0.000000e+00
2.789263e-13 0.000000e+00 0.000000e+00
-1.197399e-13 0.000000e+00 0.000000e+00
-1.043025e-13 0.000000e+00 0.000000e+00
9.098114e-14 0.000000e+00 0.000000e+00
-2.312174e-13 0.000000e+00 0.000000e+00
1.410736e-14 0.000000e+00 0.000000e+00
-1.770785e-13 0.000000e+00 0.000000e+00
1.657135e-13 0.000000e+00 0.000000e+00
-2.400381e-14 0.000000e+00 0.000000e+00
-2.964282e-13 0.000000e+00 0.000000e+00
-5.246867e-14 0.000000e+00 0.000000e+00
2.347925e-13 0.000000e+00 0.000000e+00
9.388894e-14 0.000000e+00 0.000000e+00
-2.951547e-13 0.000000e+00 0.000000e+00
-1.008910e-13 0.000000e+00 0.000000e+00
-2.893161e-13 0.000000e+00 0.000000e+00
1.019511e-13 0.000000e+00 0.000000e+00
-5.508631e-14 0.000000e+00 0.000000e+00
1.409328e-14 0.000000e+00 0.000000e+00
1.119014e-13 0.000000e+00 0.000000e+00
1.632504e-13 0.000000e+00 0.000000e+00
5.976988e-14 0.000000e+00 0.000000e+00
-1.107485e-13 0.000000e+00 0.000000e+00
6.540521e-14 0.000000e+00 0.000000e+00
-3.169117e-14 0.000000e+00 0.000000e+00
1.083797e-13 0.000000e+00 0.000000e+00
2.337251e-13 0.000000e+00 0.000000e+00
-2.089382e-13 0.000000e+00 0.000000e+00
2.766596e-13 0.000000e+00 0.000000e+00
7.201212e-14 0.000000e+00 0.000000e+00
5.325641e-14 0.000000e+00 0.000000e+00
1.268558e-13 0.000000e+00 0.000000e+00
-3.651476e-14 0.000000e+00 0.000000e+00
-2.415022e-13 0.000000e+00 0.000000e+00
-2.681369e-13 0.000000e+00 0.000000e+00
3.682900e-13 0.000000e+00 0.000000e+00
1.703617e-14 0.000000e+00 0.000000e+00
2.737315e-14 0.000000e+00 0.000000e+00
-2.116939e-14 0.000000e+00 0.000000e+00
-1.985306e-13 0.000000e+00 0.000000e+00
2.114383e-13 0.000000e+00 0.000000e+00
2.371134e-13 0.000000e+00 0.000000e+00
-7.414164e-14 0.000000e+00 0.000000e+00
6.249582e-14 0.000000e+00 0.000000e+00
6.142623e-14 0.000000e+00 0.000000e+00
-1.290022e-13 0.000000e+00 0.000000e+00
-4.560110e-14 0.000000e+00 0.000000e+00
1.219266e-13 0.000000e+00 0.000000e+00
9.080191e-14 0.000000e+00 0.000000e+00
-1.721134e-13 0.000000e+00 0.000000e+00
1.163574e-14 0.000000e+00 0.000000e+00
1.337563e-13 0.000000e+00 0.000000e+00
-1.849230e-13 0.000000e+00 0.000000e+00
-1.922881e-13 0.000000e+00 0.000000e+00
-3.919149e-14 0.000000e+00 0.000000e+00
-3.690388e-14 0.000000e+00 0.000000e+00
1.017737e-13 0.000000e+00 0.000000e+00
-1.541247e-14 0.000000e+00 0.000000e+00
1.736062e-14 0.000000e+00 0.000000e+00
-1.810446e-13 0.000000e+00 0.000000e+00
-1.668223e-14 0.000000e+00 0.000000e+00
-9.393452e-14 0.000000e+00 0.000000e+00
-1.620988e-13 0.000000e+00 0.000000e+00
-4.399992e-14 0.000000e+00 0.000000e+00
-9.284325e-14 0.000000e+00 0.000000e+00
1.173832e-13 0.000000e+00 0.000000e+00
9.174690e-14 0.000000e+00 0.000000e+00
-2.224119e-14 0.000000e+00 0.000000e+00
-4.260278e-14 0.000000e+00 0.000000e+00
-3.258378e-15 0.000000e+00 0.000000e+00
-1.257532e-13 0.000000e+00 0.000000e+00
1.083624e-13 0.000000e+00 0.000000e+00
-2.672696e-13 0.000000e+00 0.000000e+00
8.149985e-14 0.000000e+00 0.000000e+00
-9.850186e-14 0.000000e+00 0.000000e+00
7.822314e-14 0.000000e+00 0.000000e+00
2.263553e-14 0.000000e+00 0.000000e+00
1.285785e-13 0.000000e+00 0.000000e+00
-1.811402e-13 0.000000e+00 0.000000e+00
4.639935e-14 0.000000e+00 0.000000e+00
-5.331024e-14 0.000000e+00 0.000000e+00
-1.127693e-13 0.000000e+00 0.000000e+00
-2.341291e-14 0.000000e+00 0.000000e+00
-5.959809e-14 0.000000e+00 0.000000e+00
8.493121e-14 0.000000e+00 0.000000e+00
-1.810892e-13 0.000000e+00 0.000000e+00
-1.030167e-14 0.000000e+00 0.000000e+00
-1.801348e-13 0.000000e+00 0.000000e+00
1.100730e-13 0.000000e+00 0.000000e+00
-3.446010e-15 0.000000e+00 0.000000e+00
1.353759e-13 0.000000e+00 0.000000e+00
-1.399619e-13 0.000000e+00 0.000000e+00
-1.239993e-13 0.000000e+00 0.000000e+00
-1.317956e-13 0.000000e+00 0.000000e+00
1.855008e-13 0.000000e+00 0.000000e+00
-2.461646e-13 0.000000e+00 0.000000e+00
1.233194e-13 0.000000e+00 0.000000e+00
9.571639e-14 0.000000e+00 0.000000e+00
2.928172e-13 0.000000e+00 0.000000e+00
2.393893e-13 0.000000e+00 0.000000e+00
4.851561e-14 0.000000e+00 0.000000e+00
-3.457259e-14 0.000000e+00 0.000000e+00
2.943966e-14 0.000000e+00 0.000000e+00
-6.817923e-14 0.000000e+00 0.000000e+00
-1.602633e-13 0.000000e+00 0.000000e+00
-9.305470e-15 0.000000e+00 0.000000e+00
-1.297843e-13 0.000000e+00 0.000000e+00
-9.246661e-14 0.000000e+00 0.000000e+00
1.401976e-13 0.000000e+00 0.000000e+00
9.010824e-14 0.000000e+00 0.000000e+00
1.757370e-13 0.000000e+00 0.000000e+00
-1.456620e-13 0.000000e+00 0.000000e+00
1.486718e-14 0.000000e+00 0.000000e+00
1.785015e-13 0.000000e+00 0.000000e+00
-9.416325e-14 0.000000e+00 0.000000e+00
-2.173631e-13 0.000000e+00 0.000000e+00
3.746000e-13 0.000000e+00 0.000000e+00
-2.153265e-13 0.000000e+00 0.000000e+00
1.707565e-13 0.000000e+00 0.000000e+00
3.878299e-14 0.000000e+00 0.000000e+00
3.555860e-13 0.000000e+00 0.000000e+00
2.516149e-14 0.000000e+00 0.000000e+00
-7.059531e-14 0.000000e+00 0.000000e+00
1.614615e-13 0.000000e+00 0.000000e+00
-9.505461e-14 0.000000e+00 0.000000e+00
-2.492251e-13 0.000000e+00 0.000000e+00
9.059712e-14 0.000000e+00 0.000000e+00
-1.899832e-13 0.000000e+00 0.000000e+00
2.037024e-13 0.000000e+00 0.000000e+00
1.772073e-13 0.000000e+00 0.000000e+00
2.140986e-13 0.000000e+00 0.000000e+00
5.808183e-14 0.000000e+00 0.000000e+00
3.000189e-14 0.000000e+00 0.000000e+00
2.952959e-14 0.000000e+00 0.000000e+00
-2.257944e-14 0.000000e+00 0.000000e+00
-1.345442e-13 0.000000e+00 0.000000e+00
7.231054e-14 0.000000e+00 0.000000e+00
5.984297e-14 0.000000e+00 0.000000e+00
1.340923e-13 0.000000e+00 0.000000e+00
1.534505e-13 0.000000e+00 0.000000e+00
1.783880e-13 0.000000e+00 0.000000e+00
1.339115e-13 0.000000e+00 0.000000e+00
9.587188e-14 0.000000e+00 0.000000e+00
-5.692625e-14 0.000000e+00 0.000000e+00
1.719680e-13 0.000000e+00 0.000000e+00
-6.320267e-14 0.000000e+00 0.000000e+00
1.936281e-13 0.000000e+00 0.000000e+00
1.767758e-13 0.000000e+00 0.000000e+00
-3.040029e-13 0.000000e+00 0.000000e+00
5.117880e-14 0.000000e+00 0.000000e+00
-8.411587e-15 0.000000e+00 0.000000e+00
2.903499e-13 0.000000e+00 0.000000e+00
3.431339e-13 0.000000e+00 0.000000e+00
2.323697e-13 0.000000e+00 0.000000e+00
2.201501e-13 0.000000e+00 0.000000e+00
-1.266700e-13 0.000000e+00 0.000000e+00
-7.443092e-14 0.000000e+00 0.000000e+00
5.197643e-14 0.000000e+00 0.000000e+00
-2.038664e-13 0.000000e+00 0.000000e+00
-3.639503e-13 0.000000e+00 0.000000e+00
1.961512e-13 0.000000e+00 0.000000e+00
9.053193e-14 0.000000e+00 0.000000e+00
7.011880e-14 0.000000e+00 0.000000e+00
3.835087e-13 0.000000e+00 0.000000e+00
7.250938e-14 0.000000e+00 0.000000e+00
8.513809e-14 0.000000e+00 0.000000e+00
2.783654e-13 0.000000e+00 0.000000e+00
2.151160e-14 0.000000e+00 0.000000e+00
7.462699e-14 0.000000e+00 0.000000e+00
1.575851e-13 0.000000e+00 0.000000e+00
4.650343e-14 0.000000e+00 0.000000e+00
-1.945521e-13 0.000000e+00 0.000000e+00
1.651611e-13 0.000000e+00 0.000000e+00
6.709410e-14 0.000000e+00 0.000000e+00
-8.958183e-15 0.000000e+00 0.000000e+00
-1.350534e-14 0.000000e+00 0.000000e+00
-2.370359e-13 0.000000e+00 0.000000e+00
-2.570734e-13 0.000000e+00 0.000000e+00
2.489200e-15 0.000000e+00 0.000000e+00
-5.394838e-14 0.000000e+00 0.000000e+00
4.307469e-13 0.000000e+00 0.000000e+00
-8.523809e-14 0.000000e+00 0.000000e+00
-3.711037e-14 0.000000e+00 0.000000e+00
-1.057786e-13 0.000000e+00 0.000000e+00
-8.360524e-14 0.000000e+00 0.000000e+00
-4.243506e-14 0.000000e+00 0.000000e+00
-7.894806e-14 0.000000e+00 0.000000e+00
1.051021e-13 0.000000e+00 0.000000e+00
2.520664e-13 0.000000e+00 0.000000e+00
2.717823e-13 0.000000e+00 0.000000e+00
1.748737e-13 0.000000e+00 0.000000e+00
4.163179e-14 0.000000e+00 0.000000e+00
-1.054028e-13 0.000000e+00 0.000000e+00
-7.898506e-14 0.000000e+00 0.000000e+00
2.609840e-13 0.000000e+00 0.000000e+00
-2.060303e-13 0.000000e+00 0.000000e+00
-1.823656e-13 0.000000e+00 0.000000e+00
1.492788e-13 0.000000e+00 0.000000e+00
-1.437844e-13 0.000000e+00 0.000000e+00
-1.758568e-13 0.000000e+00 0.000000e+00
-8.458114e-14 0.000000e+00 0.000000e+00
1.079980e-13 0.000000e+00 0.000000e+00
-1.092837e-13 0.000000e+00 0.000000e+00
-2.779451e-15 0.000000e+00 0.000000e+00
1.135825e-13 0.000000e+00 0.000000e+00
-3.184413e-14 0.000000e+00 0.000000e+00
4.640313e-14 0.000000e+00 0.000000e+00
-4.795157e-14 0.000000e+00 0.000000e+00
-1.204391e-14 0.000000e+00 0.000000e+00
-1.472088e-13 0.000000e+00 0.000000e+00
-5.263369e-14 0.000000e+00 0.000000e+00
2.038559e-13 0.000000e+00 0.000000e+00
4.943086e-15 0.000000e+00 0.000000e+00
-2.046601e-13 0.000000e+00 0.000000e+00
6.922568e-15 0.000000e+00 0.000000e+00
2.297346e-14 0.000000e+00 0.000000e+00
-1.058912e-13 0.000000e+00 0.000000e+00
-2.862361e-14 0.000000e+00 0.000000e+00
-1.222374e-13 0.000000e+00 0.000000e+00
4.731975e-14 0.000000e+00 0.000000e+00
7.619648e-14 0.000000e+00 0.000000e+00
4.127619e-13 0.000000e+00 0.000000e+00
7.660353e-14 0.000000e+00 0.000000e+00
-2.067540e-13 0.000000e+00 0.000000e+00
-7.178462e-14 0.000000e+00 0.000000e+00
3.212569e-13 0.000000e+00 0.000000e+00
1.021402e-14 0.000000e+00 0.000000e+00
-2.785072e-13 0.000000e+00 0.000000e+00
1.386403e-14 0.000000e+00 0.000000e+00
1.324211e-13 0.000000e+00 0.000000e+00
-2.724177e-13 0.000000e+00 0.000000e+00
-1.510613e-14 0.000000e+00 0.000000e+00
-2.367510e-13 0.000000e+00 0.000000e+00
4.041760e-15 0.000000e+00 0.000000e+00
-2.894333e-14 0.000000e+00 0.000000e+00
9.901454e-14 0.000000e+00 0.000000e+00
1.267813e-13 0.000000e+00 0.000000e+00
-3.041005e-13 0.000000e+00 0.000000e+00
-1.881785e-13 0.000000e+00 0.000000e+00
-8.807299e-14 0.000000e+00 0.000000e+00
2.001922e-14 0.000000e+00 0.000000e+00
5.227748e-14 0.000000e+00 0.000000e+00
-2.788304e-13 0.000000e+00 0.000000e+00
2.459401e-13 0.000000e+00 0.000000e+00
4.886298e-14 0.000000e+00 0.000000e+00
-8.694814e-14 0.000000e+00 0.000000e+00
2.418689e-13 0.000000e+00 0.000000e+00
-1.153794e-13 0.000000e+00 0.000000e+00
-4.031308e-14 0.000000e+00 0.000000e+00
1.512944e-13 0.000000e+00 0.000000e+00
-7.495295e-14 0.000000e+00 0.000000e+00
-9.381687e-14 0.000000e+00 0.000000e+00
2.881328e-14 0.000000e+00 0.000000e+00
-1.591274e-13 0.000000e+00 0.000000e+00
1.009428e-13 0.000000e+00 0.000000e+00
1.823769e-13 0.000000e+00 0.000000e+00
-1.576466e-13 0.000000e+00 0.000000e+00
5.061813e-13 0.000000e+00 0.000000e+00
-1.289137e-13 0.000000e+00 0.000000e+00
1.764687e-13 0.000000e+00 0.000000e+00
-3.481498e-14 0.000000e+00 0.000000e+00
-9.289018e-14 0.000000e+00 0.000000e+00
-9.289668e-14 0.000000e+00 0.000000e+00
-3.728988e-13 0.000000e+00 0.000000e+00
-1.503326e-14 0.000000e+00 0.000000e+00
-1.383239e-13 0.000000e+00 0.000000e+00
-1.180202e-13 0.000000e+00 0.000000e+00
3.882940e-15 0.000000e+00 0.000000e+00
-3.562242e-15 0.000000e+00 0.000000e+00
2.459911e-13 0.000000e+00 0.000000e+00
1.283350e-13 0.000000e+00 0.000000e+00
4.458122e-13 0.000000e+00 0.000000e+00
9.388037e-14 0.000000e+00 0.000000e+00
1.034984e-13 0.000000e+00 0.000000e+00
8.975775e-14 0.000000e+00 0.000000e+00
2.069778e-13 0.000000e+00 0.000000e+00
6.126937e-14 0.000000e+00 0.000000e+00
-1.916454e-13 0.000000e+00 0.000000e+00
-6.171097e-14 0.000000e+00 0.000000e+00
-9.276082e-14 0.000000e+00 0.000000e+00
-2.046990e-13 0.000000e+00 0.000000e+00
-7.381418e-15 0.000000e+00 0.000000e+00
1.221474e-13 0.000000e+00 0.000000e+00
-1.888609e-14 0.000000e+00 0.000000e+00
2.064816e-13 0.000000e+00 0.000000e+00
-1.757523e-13 0.000000e+00 0.000000e+00
-2.223772e-13 0.000000e+00 0.000000e+00
2.524103e-13 0.000000e+00 0.000000e+00
8.143012e-14 0.000000e+00 0.000000e+00
4.716766e-14 0.000000e+00 0.000000e+00
3.274645e-14 0.000000e+00 0.000000e+00
3.905499e-13 0.000000e+00 0.000000e+00
-1.325140e-13 0.000000e+00 0.000000e+00
1.547313e-14 0.000000e+00 0.000000e+00
1.039139e-13 0.000000e+00 0.000000e+00
8.619279e-14 0.000000e+00 0.000000e+00
-8.598899e-14 0.000000e+00 0.000000e+00
-2.127906e-13 0.000000e+00 0.000000e+00
-1.745881e-13 0.000000e+00 0.000000e+00
3.544974e-14 0.000000e+00 0.000000e+00
-8.881929e-14 0.000000e+00 0.000000e+00
-1.478714e-13 0.000000e+00 0.000000e+00
1.733383e-13 0.000000e+00 0.000000e+00
2.946614e-14 0.000000e+00 0.000000e+00
-2.439214e-13 0.000000e+00 0.000000e+00
-8.708890e-14 0.000000e+00 0.000000e+00
-4.048471e-13 0.000000e+00 0.000000e+00
-9.270806e-14 0.000000e+00 0.000000e+00
7.835889e-14 0.000000e+00 0.000000e+00
-1.658451e-13 0.000000e+00 0.000000e+00
1.361969e-13 0.000000e+00 0.000000e+00
-7.845491e-14 0.000000e+00 0.000000e+00
-9.906992e-14 0.000000e+00 0.000000e+00
-2.733738e-15 0.000000e+00 0.000000e+00
2.242466e-15 0.000000e+00 0.000000e+00
1.645003e-13 0.000000e+00 0.000000e+00
1.709185e-13 0.000000e+00 0.000000e+00
5.170403e-14 0.000000e+00 0.000000e+00
-3.003530e-13 0.000000e+00 0.000000e+00
-3.165073e-13 0.000000e+00 0.000000e+00
1.693903e-13 0.000000e+00 0.000000e+00
-8.407036e-14 0.000000e+00 0.000000e+00
2.564394e-14 0.000000e+00 0.000000e+00
-9.049506e-14 0.000000e+00 0.000000e+00
1.355509e-14 0.000000e+00 0.000000e+00
-1.888891e-14 0.000000e+00 0.000000e+00
1.458758e-13 0.000000e+00 0.000000e+00
-1.152670e-13 0.000000e+00 0.000000e+00
7.864720e-14 0.000000e+00 0.000000e+00
1.697104e-14 0.000000e+00 0.000000e+00
2.722937e-13 0.000000e+00 0.000000e+00
1.357011e-13 0.000000e+00 0.000000e+00
4.974243e-14 0.000000e+00 0.000000e+00
-6.100833e-14 0.000000e+00 0.000000e+00
4.484567e-15 0.000000e+00 0.000000e+00
-1.563710e-15 0.000000e+00 0.000000e+00
-4.970482e-14 0.000000e+00 0.000000e+00
8.224608e-14 0.000000e+00 0.000000e+00
-3.578282e-13 0.000000e+00 0.000000e+00
6.145607e-14 0.000000e+00 0.000000e+00
-1.550547e-15 0.000000e+00 0.000000e+00
-9.684102e-14 0.000000e+00 0.000000e+00
-1.645595e-13 0.000000e+00 0.000000e+00
8.601640e-14 0.000000e+00 0.000000e+00
-2.031544e-13 0.000000e+00 0.000000e+00
-3.605036e-14 0.000000e+00 0.000000e+00
-4.710485e-14 0.000000e+00 0.000000e+00
-1.219033e-13 0.000000e+00 0.000000e+00
-2.750015e-13 0.000000e+00 0.000000e+00
1.984722e-13 0.000000e+00 0.000000e+00
-3.583977e-13 0.000000e+00 0.000000e+00
1.877953e-13 0.000000e+00 0.000000e+00
-1.746100e-13 0.000000e+00 0.000000e+00
2.258017e-15 0.000000e+00 0.000000e+00
-6.123396e-14 0.000000e+00 0.000000e+00
-6.946790e-14 0.000000e+00 0.000000e+00
2.341301e-13 0.000000e+00 0.000000e+00
2.346777e-13 0.000000e+00 0.000000e+00
7.336178e-15 0.000000e+00 0.000000e+00
1.525912e-13 0.000000e+00 0.000000e+00
-1.146991e-14 0.000000e+00 0.000000e+00
-1.328153e-13 0.000000e+00 0.000000e+00
-3.445641e-14 0.000000e+00 0.000000e+00
-1.429179e-13 0.000000e+00 0.000000e+00
-1.280070e-13 0.000000e+00 0.000000e+00
-9.302796e-14 0.000000e+00 0.000000e+00
-1.672680e-13 0.000000e+00 0.000000e+00
1.591714e-13 0.000000e+00 0.000000e+00
1.089249e-13 0.000000e+00 0.000000e+00
3.502298e-13 0.000000e+00 0.000000e+00
7.282133e-14 0.000000e+00 0.000000e+00
-3.175894e-13 0.000000e+00 0.000000e+00
5.514890e-14 0.000000e+00 0.000000e+00
-8.065392e-14 0.000000e+00 0.000000e+00
-3.576163e-14 0.000000e+00 0.000000e+00
-4.519507e-14 0.000000e+00 0.000000e+00
5.902235e-13 0.000000e+00 0.000000e+00
-3.633618e-14 0.000000e+00 0.000000e+00
2.992180e-14 0.000000e+00 0.000000e+00
4.878643e-14 0.000000e+00 0.000000e+00
-1.091110e-13 0.000000e+00 0.000000e+00
1.664889e-13 0.000000e+00 0.000000e+00
-1.777054e-14 0.000000e+00 0.000000e+00
1.863854e-13 0.000000e+00 0.000000e+00
1.980188e-13 0.000000e+00 0.000000e+00
1.353955e-13 0.000000e+00 0.000000e+00
-1.266488e-13 0.000000e+00 0.000000e+00
1.507710e-13 0.000000e+00 0.000000e+00
2.522218e-13 0.000000e+00 0.000000e+00
-9.310028e-14 0.000000e+00 0.000000e+00
-7.182546e-14 0.000000e+00 0.000000e+00
2.452174e-13 0.000000e+00 0.000000e+00
-5.419922e-14 0.000000e+00 0.000000e+00
8.853565e-14 0.000000e+00 0.000000e+00
1.224098e-13 0.000000e+00 0.000000e+00
-2.438399e-13 0.000000e+00 0.000000e+00
1.569610e-13 0.000000e+00 0.000000e+00
5.499633e-14 0.000000e+00 0.000000e+00
1.750797e-13 0.000000e+00 0.000000e+00
-1.656782e-13 0.000000e+00 0.000000e+00
-1.478909e-13 0.000000e+00 0.000000e+00
-3.655368e-13 0.000000e+00 0.000000e+00
-4.480901e-14 0.000000e+00 0.000000e+00
1.530310e-13 0.000000e+00 0.000000e+00
2.435434e-13 0.000000e+00 0.000000e+00
-1.555029e-13 0.000000e+00 0.000000e+00
2.842464e-13 0.000000e+00 0.000000e+00
1.313533e-13 0.000000e+00 0.000000e+00
4.713315e-14 0.000000e+00 0.000000e+00
-1.646030e-13 0.000000e+00 0.000000e+00
-1.668710e-13 0.000000e+00 0.000000e+00
-2.801084e-13 0.000000e+00 0.000000e+00
2.170876e-13 0.000000e+00 0.000000e+00
2.120146e-13 0.000000e+00 0.000000e+00
3.893267e-13 0.000000e+00 0.000000e+00
3.033644e-14 0.000000e+00 0.000000e+00
1.793735e-13 0.000000e+00 0.000000e+00
3.467686e-14 0.000000e+00 0.000000e+00
3.227815e-15 0.000000e+00 0.000000e+00
1.656935e-13 0.000000e+00 0.000000e+00
-6.899442e-14 0.000000e+00 0.000000e+00
1.784168e-13 0.000000e+00 0.000000e+00
-1.033382e-13 0.000000e+00 0.000000e+00
1.505493e-13 0.000000e+00 0.000000e+00
4.137549e-16 0.000000e+00 0.000000e+00
1.326674e-13 0.000000e+00 0.000000e+00
-3.930529e-14 0.000000e+00 0.000000e+00
-5.201726e-14 0.000000e+00 0.000000e+00
-5.441805e-14 0.000000e+00 0.000000e+00
1.502926e-13 0.000000e+00 0.000000e+00
-5.516315e-13 0.000000e+00 0.000000e+00
2.678997e-13 0.000000e+00 0.000000e+00
-2.061767e-13 0.000000e+00 0.000000e+00
-3.375304e-15 0.000000e+00 0.000000e+00
2.295361e-13 0.000000e+00 0.000000e+00
-3.692154e-13 0.000000e+00 0.000000e+00
9.550970e-14 0.000000e+00 0.000000e+00
4.472336e-14 0.000000e+00 0.000000e+00
-2.565748e-14 0.000000e+00 0.000000e+00
1.378061e-13 0.000000e+00 0.000000e+00
3.412862e-13 0.000000e+00 0.000000e+00
-1.369259e-13 0.000000e+00 0.000000e+00
7.369232e-14 0.000000e+00 0.000000e+00
3.519888e-15 0.000000e+00 0.000000e+00
4.255651e-14 0.000000e+00 0.000000e+00
-8.145506e-14 0.000000e+00 0.000000e+00
3.167321e-13 0.000000e+00 0.000000e+00
-1.323393e-13 0.000000e+00 0.000000e+00
7.967601e-14 0.000000e+00 0.000000e+00
-3.479481e-14 0.000000e+00 0.000000e+00
2.692919e-13 0.000000e+00 0.000000e+00
-5.047284e-15 0.000000e+00 0.000000e+00
-1.850888e-14 0.000000e+00 0.000000e+00
3.031742e-14 0.000000e+00 0.000000e+00
2.431633e-14 0.000000e+00 0.000000e+00
2.512615e-13 0.000000e+00 0.000000e+00
-4.860556e-14 0.000000e+00 0.000000e+00
-5.377779e-14 0.000000e+00 0.000000e+00
-1.726534e-13 0.000000e+00 0.000000e+00
7.832528e-14 0.000000e+00 0.000000e+00
-1.343748e-13 0.000000e+00 0.000000e+00
2.753462e-14 0.000000e+00 0.000000e+00
-1.538381e-13 0.000000e+00 0.000000e+00
2.850807e-14 0.000000e+00 0.000000e+00
-2.929456e-13 0.000000e+00 0.000000e+00
1.741042e-13 0.000000e+00 0.000000e+00
2.043706e-13 0.000000e+00 0.000000e+00
-5.475532e-14 0.000000e+00 0.000000e+00
-1.100715e-13 0.000000e+00 0.000000e+00
-2.028271e-13 0.000000e+00 0.000000e+00
-6.268149e-14 0.000000e+00 0.000000e+00
-3.123159e-13 0.000000e+00 0.000000e+00
-1.655590e-14 0.000000e+00 0.000000e+00
-1.656419e-13 0.000000e+00 0.000000e+00
2.745309e-13 0.000000e+00 0.000000e+00
9.611407e-15 0.000000e+00 0.000000e+00
-1.675297e-13 0.000000e+00 0.000000e+00
-2.836835e-13 0.000000e+00 0.000000e+00
-1.907677e-13 0.000000e+00 0.000000e+00
-2.485837e-13 0.000000e+00 0.000000e+00
-4.266600e-13 0.000000e+00 0.000000e+00
-9.456574e-14 0.000000e+00 0.000000e+00
1.837845e-13 0.000000e+00 0.000000e+00
-3.616926e-13 0.000000e+00 0.000000e+00
2.047093e-13 0.000000e+00 0.000000e+00
-1.016193e-13 0.000000e+00 0.000000e+00
1.796648e-13 0.000000e+00 0.000000e+00
4.267139e-13 0.000000e+00 0.000000e+00
8.960937e-16 0.000000e+00 0.000000e+00
2.430424e-13 0.000000e+00 0.000000e+00
-1.400692e-13 0.000000e+00 0.000000e+00
-1.229299e-13 0.000000e+00 0.000000e+00
2.702024e-13 0.000000e+00 0.000000e+00
-3.272929e-14 0.000000e+00 0.000000e+00
2.623965e-13 0.000000e+00 0.000000e+00
-7.449682e-14 0.000000e+00 0.000000e+00
1.963116e-13 0.000000e+00 0.000000e+00
-3.660092e-13 0.000000e+00 0.000000e+00
-3.695307e-14 0.000000e+00 0.000000e+00
6.890603e-14 0.000000e+00 0.000000e+00
-5.945105e-14 0.000000e+00 0.000000e+00
-1.912197e-13 0.000000e+00 0.000000e+00
-2.259172e-13 0.000000e+00 0.000000e+00
9.547657e-14 0.000000e+00 0.000000e+00
2.077169e-13 0.000000e+00 0.000000e+00
1.334494e-14 0.000000e+00 0.000000e+00
2.098274e-13 0.000000e+00 0.000000e+00
1.505093e-13 0.000000e+00 0.000000e+00
-2.996099e-14 0.000000e+00 0.000000e+00
8.032947e-14 0.000000e+00 0.000000e+00
5.912654e-14 0.000000e+00 0.000000e+00
-1.566456e-13 0.000000e+00 0.000000e+00
3.622965e-13 0.000000e+00 0.000000e+00
-3.153322e-14 0.000000e+00 0.000000e+00
8.983998e-14 0.000000e+00 0.000000e+00
-2.258335e-13 0.000000e+00 0.000000e+00
5.927200e-14 0.000000e+00 0.000000e+00
7.105610e-14 0.000000e+00 0.000000e+00
-1.583133e-13 0.000000e+00 0.000000e+00
4.714553e-13 0.000000e+00 0.000000e+00
-1.644544e-13 0.000000e+00 0.000000e+00
-6.042917e-14 0.000000e+00 0.000000e+00
1.373628e-13 0.000000e+00 0.000000e+00
-9.700870e-14 0.000000e+00 0.000000e+00
1.126223e-13 0.000000e+00 0.000000e+00
6.461910e-14 0.000000e+00 0.000000e+00
1.348608e-13 0.000000e+00 0.000000e+00
5.909631e-14 0.000000e+00 0.000000e+00
-2.357493e-13 0.000000e+00 0.000000e+00
2.880884e-15 0.000000e+00 0.000000e+00
9.125098e-14 0.000000e+00 0.000000e+00
2.814657e-13 0.000000e+00 0.000000e+00
4.682583e-14 0.000000e+00 0.000000e+00
-1.395993e-13 0.000000e+00 0.000000e+00
-3.327922e-15 0.000000e+00 0.000000e+00
1.102257e-13 0.000000e+00 0.000000e+00
5.773592e-14 0.000000e+00 0.000000e+00
-2.234500e-13 0.000000e+00 0.000000e+00
1.506482e-13 0.000000e+00 0.000000e+00
-4.056716e-14 0.000000e+00 0.000000e+00
-2.569743e-13 0.000000e+00 0.000000e+00
-2.422192e-13 0.000000e+00 0.000000e+00
3.073306e-13 0.000000e+00 0.000000e+00
-1.637037e-13 0.000000e+00 0.000000e+00
-9.539247e-14 0.000000e+00 0.000000e+00
1.857613e-13 0.000000e+00 0.000000e+00
1.347934e-13 0.000000e+00 0.000000e+00
4.569500e-14 0.000000e+00 0.000000e+00
2.427447e-16 0.000000e+00 0.000000e+00
-1.376816e-13 0.000000e+00 0.000000e+00
-2.236319e-13 0.000000e+00 0.000000e+00
-3.818480e-13 0.000000e+00 0.000000e+00
-2.050665e-13 0.000000e+00 0.000000e+00
9.956311e-14 0.000000e+00 0.000000e+00
-1.189835e-13 0.000000e+00 0.000000e+00
6.272035e-14 0.000000e+00 0.000000e+00
9.662714e-14 0.000000e+00 0.000000e+00
-1.162792e-13 0.000000e+00 0.000000e+00
-1.056944e-13 0.000000e+00 0.000000e+00
9.934125e-15 0.000000e+00 0.000000e+00
2.301333e-13 0.000000e+00 0.000000e+00
9.689531e-14 0.000000e+00 0.000000e+00
3.897540e-15 0.000000e+00 0.000000e+00
-2.030898e-13 0.000000e+00 0.000000e+00
-2.349005e-13 0.000000e+00 0.000000e+00
-1.113970e-13 0.000000e+00 0.000000e+00
-1.935723e-13 0.000000e+00 0.000000e+00
-1.481662e-14 0.000000e+00 0.000000e+00
2.801930e-13 0.000000e+00 0.000000e+00
1.152105e-13 0.000000e+00 0.000000e+00
4.306144e-13 0.000000e+00 0.000000e+00
2.877190e-14 0.000000e+00 0.000000e+00
1.850188e-13 0.000000e+00 0.000000e+00
-5.283491e-14 0.000000e+00 0.000000e+00
-5.128227e-14 0.000000e+00 0.000000e+00
3.089180e-13 0.000000e+00 0.000000e+00
-1.274248e-13 0.000000e+00 0.000000e+00
2.936216e-14 0.000000e+00 0.000000e+00
-2.667749e-14 0.000000e+00 0.000000e+00
1.754532e-15 0.000000e+00 0.000000e+00
-1.017934e-13 0.000000e+00 0.000000e+00
-3.005762e-14 0.000000e+00 0.000000e+00
-1.466470e-13 0.000000e+00 0.000000e+00
-8.625608e-14 0.000000e+00 0.000000e+00
-3.490568e-15 0.000000e+00 0.000000e+00
-1.172941e-13 0.000000e+00 0.000000e+00
-1.564400e-14 0.000000e+00 0.000000e+00
-2.333420e-13 0.000000e+00 0.000000e+00
-5.330173e-14 0.000000e+00 0.000000e+00
9.909054e-14 0.000000e+00 0.000000e+00
2.775754e-13 0.000000e+00 0.000000e+00
-1.427048e-13 0.000000e+00 0.000000e+00
4.279058e-14 0.000000e+00 0.000000e+00
5.849697e-14 0.000000e+00 0.000000e+00
1.084155e-13 0.000000e+00 0.000000e+00
1.468918e-13 0.000000e+00 0.000000e+00
1.809780e-13 0.000000e+00 0.000000e+00
3.257383e-15 0.000000e+00 0.000000e+00
-1.089095e-13 0.000000e+00 0.000000e+00
-3.109106e-13 0.000000e+00 0.000000e+00
-3.652726e-13 0.000000e+00 0.000000e+00
2.137007e-13 0.000000e+00 0.000000e+00
1.790288e-13 0.000000e+00 0.000000e+00
-9.717414e-14 0.000000e+00 0.000000e+00
-1.573977e-14 0.000000e+00 0.000000e+00
1.150524e-13 0.000000e+00 0.000000e+00
2.160559e-13 0.000000e+00 0.000000e+00
7.479564e-14 0.000000e+00 0.000000e+00
7.678434e-14 0.000000e+00 0.000000e+00
2.697019e-14 0.000000e+00 0.000000e+00
2.625551e-13 0.000000e+00 0.000000e+00
-1.606436e-13 0.000000e+00 0.000000e+00
2.476833e-14 0.000000e+00 0.000000e+00
5.427509e-14 0.000000e+00 0.000000e+00
-1.998148e-13 0.000000e+00 0.000000e+00
-1.213712e-13 0.000000e+00 0.000000e+00
1.541978e-13 0.000000e+00 0.000000e+00
3.067240e-13 0.000000e+00 0.000000e+00
1.466524e-13 0.000000e+00 0.000000e+00
1.022887e-13 0.000000e+00 0.000000e+00
3.761101e-13 0.000000e+00 0.000000e+00
-1.136259e-13 0.000000e+00 0.000000e+00
1.709622e-13 0.000000e+00 0.000000e+00
5.841547e-14 0.000000e+00 0.000000e+00
-2.033440e-13 0.000000e+00 0.000000e+00
-1.503174e-13 0.000000e+00 0.000000e+00
-5.190759e-14 0.000000e+00 0.000000e+00
-2.391189e-13 0.000000e+00 0.000000e+00
-3.818978e-14 0.000000e+00 0.000000e+00
5.212465e-14 0.000000e+00 0.000000e+00
-4.971806e-14 0.000000e+00 0.000000e+00
1.261608e-14 0.000000e+00 0.000000e+00
3.400377e-15 0.000000e+00 0.000000e+00
1.122095e-13 0.000000e+00 0.000000e+00
-7.338511e-15 0.000000e+00 0.000000e+00
-1.671280e-13 0.000000e+00 0.000000e+00
-1.643724e-13 0.000000e+00 0.000000e+00
-5.758305e-14 0.000000e+00 0.000000e+00
-1.743889e-14 0.000000e+00 0.000000e+00
-4.603060e-14 0.000000e+00 0.000000e+00
-1.207401e-13 0.000000e+00 0.000000e+00
3.764981e-14 0.000000e+00 0.000000e+00
-2.801276e-13 0.000000e+00 0.000000e+00
1.594376e-13 0.000000e+00 0.000000e+00
-2.296940e-13 0.000000e+00 0.000000e+00
-3.232912e-14 0.000000e+00 0.000000e+00
-9.989231e-14 0.000000e+00 0.000000e+00
-1.058508e-13 0.000000e+00 0.000000e+00
-1.360034e-13 0.000000e+00 0.000000e+00
1.830888e-13 0.000000e+00 0.000000e+00
3.571393e-13 0.000000e+00 0.000000e+00
-2.290924e-14 0.000000e+00 0.000000e+00
-4.981203e-14 0.000000e+00 0.000000e+00
-7.073613e-14 0.000000e+00 0.000000e+00
1.423399e-13 0.000000e+00 0.000000e+00
1.956836e-14 0.000000e+00 0.000000e+00
-2.068615e-14 0.000000e+00 0.000000e+00
-1.535727e-13 0.000000e+00 0.000000e+00
2.685137e-14 0.000000e+00 0.000000e+00
-2.118405e-13 0.000000e+00 0.000000e+00
-4.488993e-14 0.000000e+00 0.000000e+00
1.773338e-13 0.000000e+00 0.000000e+00
9.357727e-14 0.000000e+00 0.000000e+00
1.097032e-13 0.000000e+00 0.000000e+00
-1.948440e-13 0.000000e+00 0.000000e+00
-1.075511e-13 0.000000e+00 0.000000e+00
6.291662e-14 0.000000e+00 0.000000e+00
4.224020e-15 0.000000e+00 0.000000e+00
-1.088987e-13 0.000000e+00 0.000000e+00
-1.420844e-13 0.000000e+00 0.000000e+00
-1.229322e-13 0.000000e+00 0.000000e+00
-1.186492e-13 0.000000e+00 0.000000e+00
-5.663316e-14 0.000000e+00 0.000000e+00
7.782964e-14 0.000000e+00 0.000000e+00
2.699083e-13 0.000000e+00 0.000000e+00
1.044850e-13 0.000000e+00 0.000000e+00
3.774266e-14 0.000000e+00 0.000000e+00
2.431068e-14 0.000000e+00 0.000000e+00
-2.972789e-14 0.000000e+00 0.000000e+00
-9.055309e-14 0.000000e+00 0.000000e+00
-7.385852e-14 0.000000e+00 0.000000e+00
-2.179206e-13 0.000000e+00 0.000000e+00
-1.764278e-13 0.000000e+00 0.000000e+00
-2.099250e-13 0.000000e+00 0.000000e+00
-2.387215e-13 0.000000e+00 0.000000e+00
1.418251e-14 0.000000e+00 0.000000e+00
-4.043859e-13 0.000000e+00 0.000000e+00
3.258628e-13 0.000000e+00 0.000000e+00
-2.259029e-13 0.000000e+00 0.000000e+00
-4.566837e-14 0.000000e+00 0.000000e+00
5.236408e-14 0.000000e+00 0.000000e+00
-1.459201e-13 0.000000e+00 0.000000e+00
-1.013639e-13 0.000000e+00 0.000000e+00
-2.850534e-14 0.000000e+00 0.000000e+00
3.388519e-14 0.000000e+00 0.000000e+00
-1.323702e-13 0.000000e+00 0.000000e+00
-6.831388e-14 0.000000e+00 0.000000e+00
4.337050e-14 0.000000e+00 0.000000e+00
-1.320333e-13 0.000000e+00 0.000000e+00
5.884485e-14 0.000000e+00 0.000000e+00
9.609074e-14 0.000000e+00 0.000000e+00
-4.851954e-14 0.000000e+00 0.000000e+00
-4.219187e-13 0.000000e+00 0.000000e+00
-1.807087e-13 0.000000e+00 0.000000e+00
-1.554852e-13 0.000000e+00 0.000000e+00
8.521036e-14 0.000000e+00 0.000000e+00
-3.864856e-13 0.000000e+00 0.000000e+00
1.058090e-13 0.000000e+00 0.000000e+00
-1.682869e-14 0.000000e+00 0.000000e+00
-7.660741e-14 0.000000e+00 0.000000e+00
2.141238e-13 0.000000e+00 0.000000e+00
2.677223e-14 0.000000e+00 0.000000e+00
8.659256e-14 0.000000e+00 0.000000e+00
-1.077184e-14 0.000000e+00 0.000000e+00
-2.782321e-13 0.000000e+00 0.000000e+00
-1.806533e-13 0.000000e+00 0.000000e+00
1.324145e-13 0.000000e+00 0.000000e+00
-1.702578e-13 0.000000e+00 0.000000e+00
1.214935e-13 0.000000e+00 0.000000e+00
-1.521384e-13 0.000000e+00 0.000000e+00
1.117740e-13 0.000000e+00 0.000000e+00
3.704668e-14 0.000000e+00 0.000000e+00
-4.751913e-13 0.000000e+00 0.000000e+00
-7.540622e-14 0.000000e+00 0.000000e+00
-7.394581e-14 0.000000e+00 0.000000e+00
3.101221e-14 0.000000e+00 0.000000e+00
-1.486599e-13 0.000000e+00 0.000000e+00
-5.554482e-14 0.000000e+00 0.000000e+00
-3.101555e-13 0.000000e+00 0.000000e+00
-1.815896e-14 0.000000e+00 0.000000e+00
-1.093092e-13 0.000000e+00 0.000000e+00
5.118128e-14 0.000000e+00 0.000000e+00
-1.738821e-13 0.000000e+00 0.000000e+00
-1.890898e-14 0.000000e+00 0.000000e+00
-1.514168e-13 0.000000e+00 0.000000e+00
2.293790e-14 0.000000e+00 0.000000e+00
2.415000e-13 0.000000e+00 0.000000e+00
2.525404e-13 0.000000e+00 0.000000e+00
5.490634e-14 0.000000e+00 0.000000e+00
