FX FY FZ 
2.306559e-10 0.000000e+00 0.000000e+00
1.822827e-10 0.000000e+00 0.000000e+00
2.917754e-10 0.000000e+00 0.000000e+00
-1.893889e-10 0.000000e+00 0.000000e+00
1.603013e-10 0.000000e+00 0.000000e+00
1.597482e-10 0.000000e+00 0.000000e+00
3.826811e-11 0.000000e+00 0.000000e+00
5.023346e-10 0.000000e+00 0.000000e+00
-9.199404e-11 0.000000e+00 0.000000e+00
2.866932e-10 0.000000e+00 0.000000e+00
-6.356238e-10 0.000000e+00 0.000000e+00
2.800719e-10 0.000000e+00 0.000000e+00
-3.355171e-10 0.000000e+00 0.000000e+00
-8.229487e-10 0.000000e+00 0.000000e+00
5.364945e-10 0.000000e+00 0.000000e+00
-5.066538e-10 0.000000e+00 0.000000e+00
6.759356e-11 0.000000e+00 0.000000e+00
-3.730155e-10 0.000000e+00 0.000000e+00
5.309341e-10 0.000000e+00 0.000000e+00
-3.755594e-11 0.000000e+00 0.000000e+00
2.463197e-10 0.000000e+00 0.000000e+00
3.337190e-10 0.000000e+00 0.000000e+00
1.240486e-11 0.000000e+00 0.000000e+00
4.588961e-11 0.000000e+00 0.000000e+00
-9.743243e-11 0.000000e+00 0.000000e+00
1.771654e-10 0.000000e+00 0.000000e+00
3.718226e-10 0.000000e+00 0.000000e+00
-7.454341e-10 0.000000e+00 0.000000e+00
-1.840874e-10 0.000000e+00 0.000000e+00
-1.546182e-10 0.000000e+00 0.000000e+00
-5.199660e-11 0.000000e+00 0.000000e+00
4.634619e-10 0.000000e+00 0.000000e+00
3.473745e-10 0.000000e+00 0.000000e+00
-3.772639e-10 0.000000e+00 0.000000e+00
-3.144781e-10 0.000000e+00 0.000000e+00
-1.206697e-10 0.000000e+00 0.000000e+00
1.819607e-10 0.000000e+00 0.000000e+00
2.641351e-10 0.000000e+00 0.000000e+00
-9.783941e-11 0.000000e+00 0.000000e+00
4.279121e-11 0.000000e+00 0.000000e+00
4.255048e-11 0.000000e+00 0.000000e+00
4.357032e-10 0.000000e+00 0.000000e+00
2.995199e-10 0.000000e+00 0.000000e+00
3.286711e-10 0.000000e+00 0.000000e+00
7.737436e-11 0.000000e+00 0.000000e+00
-5.438882e-11 0.000000e+00 0.000000e+00
-1.765446e-10 0.000000e+00 0.000000e+00
8.687597e-11 0.000000e+00 0.000000e+00
4.327276e-10 0.000000e+00 0.000000e+00
5.250369e-10 0.000000e+00 0.000000e+00
2.235065e-10 0.000000e+00 0.000000e+00
-9.602333e-11 0.000000e+00 0.000000e+00
4.137574e-10 0.000000e+00 0.000000e+00
2.794170e-10 0.000000e+00 0.000000e+00
1.819748e-10 0.000000e+00 0.000000e+00
3.227497e-10 0.000000e+00 0.000000e+00
1.967951e-10 0.000000e+00 0.000000e+00
-3.396134e-10 0.000000e+00 0.000000e+00
3.073230e-10 0.000000e+00 0.000000e+00
1.282306e-10 0.000000e+00 0.000000e+00
-2.072416e-10 0.000000e+00 0.000000e+00
-9.227111e-11 0.000000e+00 0.000000e+00
-2.495326e-10 0.000000e+00 0.000000e+00
2.905931e-10 0.000000e+00 0.000000e+00
-6.586312e-11 0.000000e+00 0.000000e+00
-1.520237e-10 0.000000e+00 0.000000e+00
-4.647674e-10 0.000000e+00 0.000000e+00
3.589145e-10 0.000000e+00 0.000000e+00
2.818390e-10 0.000000e+00 0.000000e+00
-2.193737e-10 0.000000e+00 0.000000e+00
4.065116e-10 0.000000e+00 0.000000e+00
-2.171818e-10 0.000000e+00 0.000000e+00
-2.096514e-10 0.000000e+00 0.000000e+00
-2.365013e-10 0.000000e+00 0.000000e+00
-1.199841e-10 0.000000e+00 0.000000e+00
-4.981947e-11 0.000000e+00 0.000000e+00
3.088323e-10 0.000000e+00 0.000000e+00
4.429961e-10 0.000000e+00 0.000000e+00
-2.961105e-10 0.000000e+00 0.000000e+00
-6.267536e-11 0.000000e+00 0.000000e+00
-1.780277e-10 0.000000e+00 0.000000e+00
7.335366e-11 0.000000e+00 0.000000e+00
-4.313350e-11 0.000000e+00 0.000000e+00
-2.947152e-10 0.000000e+00 0.000000e+00
-6.326598e-10 0.000000e+00 0.000000e+00
-4.403882e-10 0.000000e+00 0.000000e+00
-4.666412e-10 0.000000e+00 0.000000e+00
1.863506e-10 0.000000e+00 0.000000e+00
1.919428e-10 0.000000e+00 0.000000e+00
-5.022801e-10 0.000000e+00 0.000000e+00
-6.315767e-10 0.000000e+00 0.000000e+00
-6.935675e-10 0.000000e+00 0.000000e+00
5.245529e-10 0.000000e+00 0.000000e+00
3.628461e-10 0.000000e+00 0.000000e+00
-4.094475e-10 0.000000e+00 0.000000e+00
-1.196742e-12 0.000000e+00 0.000000e+00
-1.752664e-10 0.000000e+00 0.000000e+00
5.429080e-10 0.000000e+00 0.000000e+00
-2.964794e-10 0.000000e+00 0.000000e+00
3.952687e-10 0.000000e+00 0.000000e+00
-1.011030e-10 0.000000e+00 0.000000e+00
-2.978365e-10 0.000000e+00 0.000000e+00
2.640395e-10 0.000000e+00 0.000000e+00
3.058261e-10 0.000000e+00 0.000000e+00
3.434885e-10 0.000000e+00 0.000000e+00
2.560235e-10 0.000000e+00 0.000000e+00
-1.034661e-10 0.000000e+00 0.000000e+00
-6.300977e-10 0.000000e+00 0.000000e+00
-2.356146e-10 0.000000e+00 0.000000e+00
3.431452e-10 0.000000e+00 0.000000e+00
3.501914e-10 0.000000e+00 0.000000e+00
5.127862e-10 0.000000e+00 0.000000e+00
3.638844e-10 0.000000e+00 0.000000e+00
1.629401e-10 0.000000e+00 0.000000e+00
-6.913396e-10 0.000000e+00 0.000000e+00
2.876931e-11 0.000000e+00 0.000000e+00
-3.645071e-10 0.000000e+00 0.000000e+00
1.986031e-11 0.000000e+00 0.000000e+00
-1.516836e-11 0.000000e+00 0.000000e+00
4.805938e-10 0.000000e+00 0.000000e+00
-4.239342e-11 0.000000e+00 0.000000e+00
3.079799e-10 0.000000e+00 0.000000e+00
1.645819e-10 0.000000e+00 0.000000e+00
1.003771e-10 0.000000e+00 0.000000e+00
-8.297809e-11 0.000000e+00 0.000000e+00
-6.084880e-10 0.000000e+00 0.000000e+00
1.780137e-10 0.000000e+00 0.000000e+00
-3.014890e-10 0.000000e+00 0.000000e+00
-4.502491e-10 0.000000e+00 0.000000e+00
1.411485e-10 0.000000e+00 0.000000e+00
2.132112e-10 0.000000e+00 0.000000e+00
-6.299253e-10 0.000000e+00 0.000000e+00
-7.121389e-10 0.000000e+00 0.000000e+00
3.609104e-10 0.000000e+00 0.000000e+00
3.546870e-10 0.000000e+00 0.000000e+00
-1.611029e-10 0.000000e+00 0.000000e+00
2.167604e-10 0.000000e+00 0.000000e+00
-2.410063e-10 0.000000e+00 0.000000e+00
-1.785296e-10 0.000000e+00 0.000000e+00
-1.280973e-10 0.000000e+00 0.000000e+00
-4.675196e-10 0.000000e+00 0.000000e+00
2.763180e-11 0.000000e+00 0.000000e+00
-2.580258e-10 0.000000e+00 0.000000e+00
-1.393837e-10 0.000000e+00 0.000000e+00
3.547997e-10 0.000000e+00 0.000000e+00
-3.743888e-10 0.000000e+00 0.000000e+00
2.593993e-10 0.000000e+00 0.000000e+00
4.388646e-12 0.000000e+00 0.000000e+00
9.894266e-12 0.000000e+00 0.000000e+00
-1.855344e-11 0.000000e+00 0.000000e+00
2.620540e-10 0.000000e+00 0.000000e+00
2.173465e-10 0.000000e+00 0.000000e+00
4.503762e-11 0.000000e+00 0.000000e+00
8.061035e-11 0.000000e+00 0.000000e+00
3.473686e-11 0.000000e+00 0.000000e+00
2.824822e-10 0.000000e+00 0.000000e+00
-6.894087e-10 0.000000e+00 0.000000e+00
2.191051e-10 0.000000e+00 0.000000e+00
1.253067e-10 0.000000e+00 0.000000e+00
-3.459143e-11 0.000000e+00 0.000000e+00
2.412892e-10 0.000000e+00 0.000000e+00
-3.473241e-10 0.000000e+00 0.000000e+00
-2.810589e-10 0.000000e+00 0.000000e+00
-5.755184e-10 0.000000e+00 0.000000e+00
4.596424e-10 0.000000e+00 0.000000e+00
4.964414e-10 0.000000e+00 0.000000e+00
-9.391911e-10 0.000000e+00 0.000000e+00
-2.471943e-10 0.000000e+00 0.000000e+00
2.151194e-10 0.000000e+00 0.000000e+00
-3.045299e-11 0.000000e+00 0.000000e+00
2.702014e-10 0.000000e+00 0.000000e+00
3.925669e-10 0.000000e+00 0.000000e+00
5.609401e-10 0.000000e+00 0.000000e+00
-2.920753e-11 0.000000e+00 0.000000e+00
1.315132e-10 0.000000e+00 0.000000e+00
2.299206e-10 0.000000e+00 0.000000e+00
-1.543981e-10 0.000000e+00 0.000000e+00
2.909607e-10 0.000000e+00 0.000000e+00
9.364289e-11 0.000000e+00 0.000000e+00
2.749209e-10 0.000000e+00 0.000000e+00
2.286407e-10 0.000000e+00 0.000000e+00
5.350982e-11 0.000000e+00 0.000000e+00
1.118728e-10 0.000000e+00 0.000000e+00
-9.247140e-11 0.000000e+00 0.000000e+00
5.386696e-10 0.000000e+00 0.000000e+00
2.533879e-12 0.000000e+00 0.000000e+00
4.391238e-11 0.000000e+00 0.000000e+00
3.212238e-10 0.000000e+00 0.000000e+00
-3.772024e-10 0.000000e+00 0.000000e+00
2.885710e-10 0.000000e+00 0.000000e+00
1.756556e-10 0.000000e+00 0.000000e+00
-4.881462e-10 0.000000e+00 0.000000e+00
-2.389925e-10 0.000000e+00 0.000000e+00
-1.084980e-10 0.000000e+00 0.000000e+00
6.051982e-10 0.000000e+00 0.000000e+00
-1.185469e-10 0.000000e+00 0.000000e+00
-1.070059e-10 0.000000e+00 0.000000e+00
-6.376588e-11 0.000000e+00 0.000000e+00
-2.753740e-10 0.000000e+00 0.000000e+00
-4.474358e-11 0.000000e+00 0.000000e+00
3.236014e-10 0.000000e+00 0.000000e+00
2.760520e-10 0.000000e+00 0.000000e+00
-5.546259e-10 0.000000e+00 0.000000e+00
2.611231e-10 0.000000e+00 0.000000e+00
9.878198e-11 0.000000e+00 0.000000e+00
-4.328766e-10 0.000000e+00 0.000000e+00
-1.719990e-11 0.000000e+00 0.000000e+00
-8.561841e-11 0.000000e+00 0.000000e+00
6.788978e-11 0.000000e+00 0.000000e+00
-2.099370e-10 0.000000e+00 0.000000e+00
-1.544127e-10 0.000000e+00 0.000000e+00
3.615328e-10 0.000000e+00 0.000000e+00
3.488076e-10 0.000000e+00 0.000000e+00
-7.738465e-11 0.000000e+00 0.000000e+00
-2.392356e-10 0.000000e+00 0.000000e+00
-2.934972e-10 0.000000e+00 0.000000e+00
-2.772548e-10 0.000000e+00 0.000000e+00
2.297859e-10 0.000000e+00 0.000000e+00
1.685809e-10 0.000000e+00 0.000000e+00
-1.106044e-10 0.000000e+00 0.000000e+00
-4.167998e-10 0.000000e+00 0.000000e+00
4.542776e-10 0.000000e+00 0.000000e+00
-7.735599e-10 0.000000e+00 0.000000e+00
4.679311e-10 0.000000e+00 0.000000e+00
2.897959e-10 0.000000e+00 0.000000e+00
4.164212e-10 0.000000e+00 0.000000e+00
-1.577543e-09 0.000000e+00 0.000000e+00
4.552443e-12 0.000000e+00 0.000000e+00
-3.296353e-10 0.000000e+00 0.000000e+00
-6.178154e-10 0.000000e+00 0.000000e+00
-3.072064e-10 0.000000e+00 0.000000e+00
1.698940e-11 0.000000e+00 0.000000e+00
-4.783757e-10 0.000000e+00 0.000000e+00
3.379150e-12 0.000000e+00 0.000000e+00
-5.113234e-12 0.000000e+00 0.000000e+00
-1.357356e-10 0.000000e+00 0.000000e+00
2.684905e-10 0.000000e+00 0.000000e+00
7.474726e-11 0.000000e+00 0.000000e+00
-1.451697e-11 0.000000e+00 0.000000e+00
2.178307e-10 0.000000e+00 0.000000e+00
4.800984e-10 0.000000e+00 0.000000e+00
1.732164e-10 0.000000e+00 0.000000e+00
2.909848e-10 0.000000e+00 0.000000e+00
5.966446e-11 0.000000e+00 0.000000e+00
-2.241010e-10 0.000000e+00 0.000000e+00
-1.780809e-10 0.000000e+00 0.000000e+00
5.209960e-10 0.000000e+00 0.000000e+00
2.778256e-10 0.000000e+00 0.000000e+00
-2.709360e-10 0.000000e+00 0.000000e+00
-5.439389e-10 0.000000e+00 0.000000e+00
9.912111e-11 0.000000e+00 0.000000e+00
-1.507013e-10 0.000000e+00 0.000000e+00
3.956603e-10 0.000000e+00 0.000000e+00
7.273120e-12 0.000000e+00 0.000000e+00
4.373428e-10 0.000000e+00 0.000000e+00
-9.894016e-11 0.000000e+00 0.000000e+00
1.695956e-10 0.000000e+00 0.000000e+00
3.018183e-10 0.000000e+00 0.000000e+00
8.158837e-11 0.000000e+00 0.000000e+00
-5.287013e-11 0.000000e+00 0.000000e+00
-1.020709e-11 0.000000e+00 0.000000e+00
3.659281e-10 0.000000e+00 0.000000e+00
-3.967766e-10 0.000000e+00 0.000000e+00
7.665099e-11 0.000000e+00 0.000000e+00
3.658102e-10 0.000000e+00 0.000000e+00
5.379556e-10 0.000000e+00 0.000000e+00
4.022436e-10 0.000000e+00 0.000000e+00
-3.169571e-11 0.000000e+00 0.000000e+00
3.021096e-10 0.000000e+00 0.000000e+00
4.263306e-10 0.000000e+00 0.000000e+00
-4.736078e-11 0.000000e+00 0.000000e+00
4.425940e-10 0.000000e+00 0.000000e+00
5.009561e-11 0.000000e+00 0.000000e+00
2.054217e-11 0.000000e+00 0.000000e+00
1.042533e-10 0.000000e+00 0.000000e+00
5.269185e-11 0.000000e+00 0.000000e+00
1.551464e-12 0.000000e+00 0.000000e+00
6.179522e-10 0.000000e+00 0.000000e+00
1.476768e-10 0.000000e+00 0.000000e+00
6.488063e-11 0.000000e+00 0.000000e+00
-4.831559e-11 0.000000e+00 0.000000e+00
9.487962e-11 0.000000e+00 0.000000e+00
4.849832e-10 0.000000e+00 0.000000e+00
-2.010387e-10 0.000000e+00 0.000000e+00
1.082899e-10 0.000000e+00 0.000000e+00
-2.377875e-10 0.000000e+00 0.000000e+00
-7.327970e-11 0.000000e+00 0.000000e+00
-5.986041e-10 0.000000e+00 0.000000e+00
-3.230553e-10 0.000000e+00 0.000000e+00
3.704233e-10 0.000000e+00 0.000000e+00
-1.528074e-10 0.000000e+00 0.000000e+00
1.177101e-10 0.000000e+00 0.000000e+00
-4.005175e-10 0.000000e+00 0.000000e+00
7.838158e-11 0.000000e+00 0.000000e+00
1.569788e-10 0.000000e+00 0.000000e+00
2.819293e-11 0.000000e+00 0.000000e+00
1.306889e-10 0.000000e+00 0.000000e+00
2.031622e-10 0.000000e+00 0.000000e+00
-2.757667e-10 0.000000e+00 0.000000e+00
3.220320e-10 0.000000e+00 0.000000e+00
4.501482e-10 0.000000e+00 0.000000e+00
-9.091167e-10 0.000000e+00 0.000000e+00
-1.854546e-10 0.000000e+00 0.000000e+00
3.202934e-10 0.000000e+00 0.000000e+00
5.336195e-10 0.000000e+00 0.000000e+00
-2.210018e-10 0.000000e+00 0.000000e+00
2.917009e-11 0.000000e+00 0.000000e+00
-8.589216e-11 0.000000e+00 0.000000e+00
-1.143045e-09 0.000000e+00 0.000000e+00
-6.412449e-10 0.000000e+00 0.000000e+00
3.007369e-10 0.000000e+00 0.000000e+00
3.655898e-11 0.000000e+00 0.000000e+00
2.669021e-10 0.000000e+00 0.000000e+00
1.087671e-10 0.000000e+00 0.000000e+00
-1.849630e-10 0.000000e+00 0.000000e+00
-5.825905e-10 0.000000e+00 0.000000e+00
-1.502470e-09 0.000000e+00 0.000000e+00
-7.555531e-12 0.000000e+00 0.000000e+00
-1.200760e-10 0.000000e+00 0.000000e+00
3.495761e-10 0.000000e+00 0.000000e+00
3.309859e-10 0.000000e+00 0.000000e+00
-3.037137e-12 0.000000e+00 0.000000e+00
8.635079e-11 0.000000e+00 0.000000e+00
1.737680e-10 0.000000e+00 0.000000e+00
-2.355257e-10 0.000000e+00 0.000000e+00
-1.376649e-10 0.000000e+00 0.000000e+00
6.967525e-11 0.000000e+00 0.000000e+00
-5.352432e-10 0.000000e+00 0.000000e+00
-2.073053e-10 0.000000e+00 0.000000e+00
-2.276930e-11 0.000000e+00 0.000000e+00
3.058606e-10 0.000000e+00 0.000000e+00
4.698351e-10 0.000000e+00 0.000000e+00
1.246877e-10 0.000000e+00 0.000000e+00
-1.414176e-10 0.000000e+00 0.000000e+00
4.443227e-10 0.000000e+00 0.000000e+00
5.533085e-11 0.000000e+00 0.000000e+00
2.070168e-10 0.000000e+00 0.000000e+00
-3.871467e-10 0.000000e+00 0.000000e+00
3.732345e-10 0.000000e+00 0.000000e+00
-1.000402e-09 0.000000e+00 0.000000e+00
1.737370e-12 0.000000e+00 0.000000e+00
3.502211e-10 0.000000e+00 0.000000e+00
-1.107455e-11 0.000000e+00 0.000000e+00
-4.963517e-11 0.000000e+00 0.000000e+00
-1.132703e-10 0.000000e+00 0.000000e+00
1.075279e-10 0.000000e+00 0.000000e+00
4.730971e-10 0.000000e+00 0.000000e+00
-5.092131e-10 0.000000e+00 0.000000e+00
3.953591e-10 0.000000e+00 0.000000e+00
7.847310e-11 0.000000e+00 0.000000e+00
3.891065e-10 0.000000e+00 0.000000e+00
2.081398e-11 0.000000e+00 0.000000e+00
1.421252e-10 0.000000e+00 0.000000e+00
1.977984e-10 0.000000e+00 0.000000e+00
5.236471e-11 0.000000e+00 0.000000e+00
2.096168e-10 0.000000e+00 0.000000e+00
-1.464772e-09 0.000000e+00 0.000000e+00
-9.345144e-10 0.000000e+00 0.000000e+00
4.300722e-11 0.000000e+00 0.000000e+00
-6.905202e-10 0.000000e+00 0.000000e+00
-1.370359e-10 0.000000e+00 0.000000e+00
2.942860e-10 0.000000e+00 0.000000e+00
6.768638e-11 0.000000e+00 0.000000e+00
2.994945e-11 0.000000e+00 0.000000e+00
2.477518e-10 0.000000e+00 0.000000e+00
1.671653e-11 0.000000e+00 0.000000e+00
-1.023166e-09 0.000000e+00 0.000000e+00
1.513526e-10 0.000000e+00 0.000000e+00
5.409436e-10 0.000000e+00 0.000000e+00
-3.549916e-10 0.000000e+00 0.000000e+00
-5.319542e-10 0.000000e+00 0.000000e+00
-4.847809e-10 0.000000e+00 0.000000e+00
8.683587e-11 0.000000e+00 0.000000e+00
2.342161e-10 0.000000e+00 0.000000e+00
-5.763090e-10 0.000000e+00 0.000000e+00
1.571352e-10 0.000000e+00 0.000000e+00
-2.855582e-11 0.000000e+00 0.000000e+00
3.386721e-10 0.000000e+00 0.000000e+00
1.264360e-10 0.000000e+00 0.000000e+00
-2.731740e-10 0.000000e+00 0.000000e+00
2.967739e-10 0.000000e+00 0.000000e+00
2.935479e-11 0.000000e+00 0.000000e+00
4.938225e-11 0.000000e+00 0.000000e+00
-3.371865e-10 0.000000e+00 0.000000e+00
-8.747368e-10 0.000000e+00 0.000000e+00
3.475223e-10 0.000000e+00 0.000000e+00
-1.008738e-10 0.000000e+00 0.000000e+00
1.081457e-10 0.000000e+00 0.000000e+00
1.481828e-10 0.000000e+00 0.000000e+00
6.197346e-10 0.000000e+00 0.000000e+00
-1.374852e-10 0.000000e+00 0.000000e+00
2.684858e-10 0.000000e+00 0.000000e+00
-4.083740e-10 0.000000e+00 0.000000e+00
-5.253633e-10 0.000000e+00 0.000000e+00
3.184129e-11 0.000000e+00 0.000000e+00
4.138071e-11 0.000000e+00 0.000000e+00
3.243287e-10 0.000000e+00 0.000000e+00
-1.520235e-10 0.000000e+00 0.000000e+00
-1.210693e-10 0.000000e+00 0.000000e+00
-4.348494e-10 0.000000e+00 0.000000e+00
-2.271718e-10 0.000000e+00 0.000000e+00
7.292594e-11 0.000000e+00 0.000000e+00
-4.761816e-10 0.000000e+00 0.000000e+00
1.495463e-10 0.000000e+00 0.000000e+00
-1.385433e-10 0.000000e+00 0.000000e+00
-2.641717e-10 0.000000e+00 0.000000e+00
5.742939e-10 0.000000e+00 0.000000e+00
-3.915437e-10 0.000000e+00 0.000000e+00
2.796292e-10 0.000000e+00 0.000000e+00
-2.456333e-10 0.000000e+00 0.000000e+00
5.437809e-10 0.000000e+00 0.000000e+00
3.040735e-10 0.000000e+00 0.000000e+00
-6.703680e-10 0.000000e+00 0.000000e+00
6.116300e-11 0.000000e+00 0.000000e+00
-2.479723e-10 0.000000e+00 0.000000e+00
-3.417715e-10 0.000000e+00 0.000000e+00
3.061643e-10 0.000000e+00 0.000000e+00
-3.986536e-10 0.000000e+00 0.000000e+00
-9.436863e-11 0.000000e+00 0.000000e+00
2.683135e-10 0.000000e+00 0.000000e+00
-3.039429e-10 0.000000e+00 0.000000e+00
-2.021086e-10 0.000000e+00 0.000000e+00
-1.357857e-10 0.000000e+00 0.000000e+00
-5.492998e-10 0.000000e+00 0.000000e+00
-1.937267e-11 0.000000e+00 0.000000e+00
8.811272e-11 0.000000e+00 0.000000e+00
-5.528176e-10 0.000000e+00 0.000000e+00
1.792844e-10 0.000000e+00 0.000000e+00
-4.538202e-10 0.000000e+00 0.000000e+00
4.574666e-10 0.000000e+00 0.000000e+00
4.768491e-10 0.000000e+00 0.000000e+00
-1.707234e-10 0.000000e+00 0.000000e+00
3.335821e-11 0.000000e+00 0.000000e+00
-6.507249e-10 0.000000e+00 0.000000e+00
5.801055e-10 0.000000e+00 0.000000e+00
4.785165e-10 0.000000e+00 0.000000e+00
-7.751716e-12 0.000000e+00 0.000000e+00
-1.002772e-10 0.000000e+00 0.000000e+00
-1.433620e-09 0.000000e+00 0.000000e+00
-1.754269e-10 0.000000e+00 0.000000e+00
1.916647e-11 0.000000e+00 0.000000e+00
-3.625986e-10 0.000000e+00 0.000000e+00
-1.366664e-10 0.000000e+00 0.000000e+00
-5.568147e-10 0.000000e+00 0.000000e+00
-2.807058e-10 0.000000e+00 0.000000e+00
-1.773989e-11 0.000000e+00 0.000000e+00
5.324683e-10 0.000000e+00 0.000000e+00
4.737641e-11 0.000000e+00 0.000000e+00
3.811132e-12 0.000000e+00 0.000000e+00
-2.972217e-10 0.000000e+00 0.000000e+00
-8.027805e-12 0.000000e+00 0.000000e+00
-3.829436e-10 0.000000e+00 0.000000e+00
-3.969081e-10 0.000000e+00 0.000000e+00
-3.025863e-10 0.000000e+00 0.000000e+00
4.463801e-10 0.000000e+00 0.000000e+00
-3.711614e-10 0.000000e+00 0.000000e+00
-1.107754e-10 0.000000e+00 0.000000e+00
3.117555e-10 0.000000e+00 0.000000e+00
-2.850314e-10 0.000000e+00 0.000000e+00
2.296659e-10 0.000000e+00 0.000000e+00
5.579935e-10 0.000000e+00 0.000000e+00
-5.889192e-11 0.000000e+00 0.000000e+00
3.950811e-10 0.000000e+00 0.000000e+00
-6.629055e-10 0.000000e+00 0.000000e+00
4.444016e-10 0.000000e+00 0.000000e+00
1.373508e-10 0.000000e+00 0.000000e+00
1.525674e-10 0.000000e+00 0.000000e+00
3.321331e-10 0.000000e+00 0.000000e+00
4.152688e-10 0.000000e+00 0.000000e+00
2.826670e-10 0.000000e+00 0.000000e+00
1.836942e-10 0.000000e+00 0.000000e+00
-1.264192e-10 0.000000e+00 0.000000e+00
-5.236924e-10 0.000000e+00 0.000000e+00
3.613126e-10 0.000000e+00 0.000000e+00
2.027793e-10 0.000000e+00 0.000000e+00
-2.407275e-11 0.000000e+00 0.000000e+00
-3.373319e-11 0.000000e+00 0.000000e+00
-5.616917e-10 0.000000e+00 0.000000e+00
-1.584392e-10 0.000000e+00 0.000000e+00
3.601608e-10 0.000000e+00 0.000000e+00
2.950527e-11 0.000000e+00 0.000000e+00
5.637738e-11 0.000000e+00 0.000000e+00
5.202816e-10 0.000000e+00 0.000000e+00
-3.678396e-10 0.000000e+00 0.000000e+00
4.567425e-10 0.000000e+00 0.000000e+00
-1.129533e-10 0.000000e+00 0.000000e+00
3.302537e-10 0.000000e+00 0.000000e+00
1.643197e-10 0.000000e+00 0.000000e+00
3.220623e-10 0.000000e+00 0.000000e+00
6.042773e-10 0.000000e+00 0.000000e+00
-4.036834e-10 0.000000e+00 0.000000e+00
3.722347e-10 0.000000e+00 0.000000e+00
-1.539573e-10 0.000000e+00 0.000000e+00
1.518839e-10 0.000000e+00 0.000000e+00
-2.527104e-10 0.000000e+00 0.000000e+00
-2.357924e-10 0.000000e+00 0.000000e+00
4.350895e-10 0.000000e+00 0.000000e+00
1.384108e-10 0.000000e+00 0.000000e+00
3.803188e-10 0.000000e+00 0.000000e+00
1.033387e-10 0.000000e+00 0.000000e+00
3.439368e-10 0.000000e+00 0.000000e+00
3.005732e-10 0.000000e+00 0.000000e+00
-2.115066e-10 0.000000e+00 0.000000e+00
-1.119979e-10 0.000000e+00 0.000000e+00
-1.812045e-11 0.000000e+00 0.000000e+00
-3.247686e-10 0.000000e+00 0.000000e+00
-4.100873e-11 0.000000e+00 0.000000e+00
2.146611e-10 0.000000e+00 0.000000e+00
4.158896e-10 0.000000e+00 0.000000e+00
3.227558e-10 0.000000e+00 0.000000e+00
-2.367739e-11 0.000000e+00 0.000000e+00
-6.113536e-10 0.000000e+00 0.000000e+00
-1.686258e-10 0.000000e+00 0.000000e+00
3.873444e-10 0.000000e+00 0.000000e+00
4.402953e-11 0.000000e+00 0.000000e+00
2.892480e-10 0.000000e+00 0.000000e+00
3.087730e-10 0.000000e+00 0.000000e+00
-4.978766e-10 0.000000e+00 0.000000e+00
1.970539e-10 0.000000e+00 0.000000e+00
-2.694585e-10 0.000000e+00 0.000000e+00
2.795359e-10 0.000000e+00 0.000000e+00
2.540733e-10 0.000000e+00 0.000000e+00
-4.549564e-10 0.000000e+00 0.000000e+00
-3.534035e-11 0.000000e+00 0.000000e+00
2.741882e-10 0.000000e+00 0.000000e+00
-2.737139e-11 0.000000e+00 0.000000e+00
-1.099401e-10 0.000000e+00 0.000000e+00
-1.771943e-10 0.000000e+00 0.000000e+00
-1.475390e-10 0.000000e+00 0.000000e+00
2.803731e-11 0.000000e+00 0.000000e+00
2.819922e-10 0.000000e+00 0.000000e+00
5.158994e-10 0.000000e+00 0.000000e+00
-3.280756e-10 0.000000e+00 0.000000e+00
1.899776e-10 0.000000e+00 0.000000e+00
4.979140e-10 0.000000e+00 0.000000e+00
6.327655e-10 0.000000e+00 0.000000e+00
3.266739e-10 0.000000e+00 0.000000e+00
2.256926e-10 0.000000e+00 0.000000e+00
-2.899049e-10 0.000000e+00 0.000000e+00
3.273813e-10 0.000000e+00 0.000000e+00
4.241845e-11 0.000000e+00 0.000000e+00
2.087001e-10 0.000000e+00 0.000000e+00
3.215088e-10 0.000000e+00 0.000000e+00
-2.771326e-10 0.000000e+00 0.000000e+00
-3.832474e-10 0.000000e+00 0.000000e+00
6.256274e-11 0.000000e+00 0.000000e+00
4.305904e-10 0.000000e+00 0.000000e+00
4.038241e-10 0.000000e+00 0.000000e+00
1.050646e-11 0.000000e+00 0.000000e+00
5.875262e-10 0.000000e+00 0.000000e+00
2.523381e-11 0.000000e+00 0.000000e+00
4.321005e-10 0.000000e+00 0.000000e+00
-3.467074e-10 0.000000e+00 0.000000e+00
3.847192e-10 0.000000e+00 0.000000e+00
1.852473e-10 0.000000e+00 0.000000e+00
6.307633e-10 0.000000e+00 0.000000e+00
-1.374869e-11 0.000000e+00 0.000000e+00
-2.395092e-10 0.000000e+00 0.000000e+00
-5.610277e-12 0.000000e+00 0.000000e+00
7.789626e-11 0.000000e+00 0.000000e+00
6.783588e-13 0.000000e+00 0.000000e+00
-2.977344e-10 0.000000e+00 0.000000e+00
1.118210e-10 0.000000e+00 0.000000e+00
-6.756301e-10 0.000000e+00 0.000000e+00
-3.218731e-10 0.000000e+00 0.000000e+00
4.814096e-10 0.000000e+00 0.000000e+00
3.307142e-10 0.000000e+00 0.000000e+00
-2.884027e-10 0.000000e+00 0.000000e+00
-1.172931e-10 0.000000e+00 0.000000e+00
-1.310277e-10 0.000000e+00 0.000000e+00
-2.350675e-10 0.000000e+00 0.000000e+00
-7.413231e-11 0.000000e+00 0.000000e+00
-2.006318e-11 0.000000e+00 0.000000e+00
3.013315e-10 0.000000e+00 0.000000e+00
3.201890e-10 0.000000e+00 0.000000e+00
7.439604e-11 0.000000e+00 0.000000e+00
-2.006211e-10 0.000000e+00 0.000000e+00
-2.925796e-10 0.000000e+00 0.000000e+00
-4.587047e-11 0.000000e+00 0.000000e+00
3.803065e-10 0.000000e+00 0.000000e+00
-9.001938e-11 0.000000e+00 0.000000e+00
-2.896599e-11 0.000000e+00 0.000000e+00
4.955317e-10 0.000000e+00 0.000000e+00
1.046816e-10 0.000000e+00 0.000000e+00
1.161922e-10 0.000000e+00 0.000000e+00
-5.881523e-10 0.000000e+00 0.000000e+00
-5.379588e-11 0.000000e+00 0.000000e+00
9.377980e-11 0.000000e+00 0.000000e+00
-2.025718e-10 0.000000e+00 0.000000e+00
1.765698e-10 0.000000e+00 0.000000e+00
-3.238815e-10 0.000000e+00 0.000000e+00
5.770315e-10 0.000000e+00 0.000000e+00
9.455223e-11 0.000000e+00 0.000000e+00
-2.090072e-11 0.000000e+00 0.000000e+00
-1.161609e-10 0.000000e+00 0.000000e+00
2.170090e-10 0.000000e+00 0.000000e+00
-3.528198e-10 0.000000e+00 0.000000e+00
-1.112526e-10 0.000000e+00 0.000000e+00
-2.610310e-10 0.000000e+00 0.000000e+00
3.818417e-10 0.000000e+00 0.000000e+00
3.213292e-10 0.000000e+00 0.000000e+00
4.942007e-11 0.000000e+00 0.000000e+00
5.353690e-10 0.000000e+00 0.000000e+00
-9.977113e-11 0.000000e+00 0.000000e+00
-1.559452e-10 0.000000e+00 0.000000e+00
-8.137000e-11 0.000000e+00 0.000000e+00
1.422319e-10 0.000000e+00 0.000000e+00
-5.009323e-10 0.000000e+00 0.000000e+00
3.430224e-10 0.000000e+00 0.000000e+00
4.888238e-10 0.000000e+00 0.000000e+00
3.492693e-10 0.000000e+00 0.000000e+00
-1.697803e-10 0.000000e+00 0.000000e+00
1.949674e-10 0.000000e+00 0.000000e+00
5.112781e-11 0.000000e+00 0.000000e+00
-4.484043e-10 0.000000e+00 0.000000e+00
-6.239123e-11 0.000000e+00 0.000000e+00
-5.632567e-10 0.000000e+00 0.000000e+00
3.198456e-10 0.000000e+00 0.000000e+00
3.482669e-10 0.000000e+00 0.000000e+00
-7.242115e-10 0.000000e+00 0.000000e+00
-3.009731e-10 0.000000e+00 0.000000e+00
5.391448e-10 0.000000e+00 0.000000e+00
2.014054e-10 0.000000e+00 0.000000e+00
8.154842e-11 0.000000e+00 0.000000e+00
-4.133292e-10 0.000000e+00 0.000000e+00
3.712452e-10 0.000000e+00 0.000000e+00
-8.447443e-10 0.000000e+00 0.000000e+00
-5.602818e-10 0.000000e+00 0.000000e+00
5.743308e-10 0.000000e+00 0.000000e+00
2.978172e-10 0.000000e+00 0.000000e+00
3.207865e-10 0.000000e+00 0.000000e+00
4.150896e-10 0.000000e+00 0.000000e+00
2.136686e-11 0.000000e+00 0.000000e+00
-1.729258e-10 0.000000e+00 0.000000e+00
3.724393e-11 0.000000e+00 0.000000e+00
-2.173853e-10 0.000000e+00 0.000000e+00
1.436806e-10 0.000000e+00 0.000000e+00
-5.807176e-11 0.000000e+00 0.000000e+00
3.328997e-10 0.000000e+00 0.000000e+00
-2.960866e-10 0.000000e+00 0.000000e+00
4.158060e-10 0.000000e+00 0.000000e+00
-5.116313e-10 0.000000e+00 0.000000e+00
2.862490e-10 0.000000e+00 0.000000e+00
2.704877e-10 0.000000e+00 0.000000e+00
4.894490e-10 0.000000e+00 0.000000e+00
2.460126e-10 0.000000e+00 0.000000e+00
3.388105e-10 0.000000e+00 0.000000e+00
-5.757162e-10 0.000000e+00 0.000000e+00
-1.502124e-10 0.000000e+00 0.000000e+00
5.072128e-10 0.000000e+00 0.000000e+00
3.088390e-10 0.000000e+00 0.000000e+00
2.727325e-10 0.000000e+00 0.000000e+00
1.598092e-10 0.000000e+00 0.000000e+00
-5.469327e-10 0.000000e+00 0.000000e+00
3.827212e-10 0.000000e+00 0.000000e+00
5.022089e-10 0.000000e+00 0.000000e+00
-9.174851e-10 0.000000e+00 0.000000e+00
3.960989e-10 0.000000e+00 0.000000e+00
1.572144e-10 0.000000e+00 0.000000e+00
-7.778769e-10 0.000000e+00 0.000000e+00
-6.970747e-11 0.000000e+00 0.000000e+00
1.378912e-10 0.000000e+00 0.000000e+00
6.238964e-10 0.000000e+00 0.000000e+00
1.887490e-10 0.000000e+00 0.000000e+00
9.829473e-11 0.000000e+00 0.000000e+00
2.348688e-10 0.000000e+00 0.000000e+00
5.719808e-10 0.000000e+00 0.000000e+00
2.732761e-10 0.000000e+00 0.000000e+00
-5.635657e-10 0.000000e+00 0.000000e+00
-4.003308e-11 0.000000e+00 0.000000e+00
3.520021e-10 0.000000e+00 0.000000e+00
-1.259198e-10 0.000000e+00 0.000000e+00
5.486965e-10 0.000000e+00 0.000000e+00
1.004977e-10 0.000000e+00 0.000000e+00
-1.978084e-10 0.000000e+00 0.000000e+00
1.681280e-10 0.000000e+00 0.000000e+00
3.478752e-10 0.000000e+00 0.000000e+00
-2.572344e-10 0.000000e+00 0.000000e+00
2.487497e-10 0.000000e+00 0.000000e+00
3.830249e-10 0.000000e+00 0.000000e+00
5.856702e-10 0.000000e+00 0.000000e+00
-5.535201e-11 0.000000e+00 0.000000e+00
3.714113e-10 0.000000e+00 0.000000e+00
-2.280392e-10 0.000000e+00 0.000000e+00
-6.231977e-11 0.000000e+00 0.000000e+00
-4.076936e-10 0.000000e+00 0.000000e+00
1.761215e-10 0.000000e+00 0.000000e+00
2.388650e-10 0.000000e+00 0.000000e+00
1.067085e-10 0.000000e+00 0.000000e+00
-7.735913e-10 0.000000e+00 0.000000e+00
-3.560087e-11 0.000000e+00 0.000000e+00
-1.050606e-10 0.000000e+00 0.000000e+00
-1.084736e-10 0.000000e+00 0.000000e+00
7.017610e-11 0.000000e+00 0.000000e+00
-7.973843e-11 0.000000e+00 0.000000e+00
3.450558e-10 0.000000e+00 0.000000e+00
7.866617e-11 0.000000e+00 0.000000e+00
4.589403e-10 0.000000e+00 0.000000e+00
-2.614420e-10 0.000000e+00 0.000000e+00
4.201948e-11 0.000000e+00 0.000000e+00
2.885913e-10 0.000000e+00 0.000000e+00
1.610337e-10 0.000000e+00 0.000000e+00
1.852222e-10 0.000000e+00 0.000000e+00
-1.772320e-10 0.000000e+00 0.000000e+00
-1.197715e-09 0.000000e+00 0.000000e+00
-4.374893e-10 0.000000e+00 0.000000e+00
2.102982e-10 0.000000e+00 0.000000e+00
-3.015514e-10 0.000000e+00 0.000000e+00
-2.517858e-10 0.000000e+00 0.000000e+00
1.357263e-11 0.000000e+00 0.000000e+00
2.126783e-10 0.000000e+00 0.000000e+00
5.440496e-11 0.000000e+00 0.000000e+00
-1.024455e-09 0.000000e+00 0.000000e+00
-1.304592e-10 0.000000e+00 0.000000e+00
-3.897440e-10 0.000000e+00 0.000000e+00
8.399568e-11 0.000000e+00 0.000000e+00
-1.185907e-10 0.000000e+00 0.000000e+00
1.498776e-10 0.000000e+00 0.000000e+00
-1.835229e-10 0.000000e+00 0.000000e+00
2.162481e-10 0.000000e+00 0.000000e+00
-6.008658e-10 0.000000e+00 0.000000e+00
-1.716362e-09 0.000000e+00 0.000000e+00
-2.337983e-10 0.000000e+00 0.000000e+00
-7.726312e-11 0.000000e+00 0.000000e+00
-5.469754e-11 0.000000e+00 0.000000e+00
6.439573e-11 0.000000e+00 0.000000e+00
-4.506609e-10 0.000000e+00 0.000000e+00
1.228460e-11 0.000000e+00 0.000000e+00
-6.345824e-10 0.000000e+00 0.000000e+00
-7.586707e-10 0.000000e+00 0.000000e+00
1.741476e-11 0.000000e+00 0.000000e+00
-2.672743e-10 0.000000e+00 0.000000e+00
-8.283081e-11 0.000000e+00 0.000000e+00
-1.038678e-09 0.000000e+00 0.000000e+00
-5.023026e-10 0.000000e+00 0.000000e+00
3.191488e-11 0.000000e+00 0.000000e+00
-2.747725e-10 0.000000e+00 0.000000e+00
5.059914e-11 0.000000e+00 0.000000e+00
-2.031791e-10 0.000000e+00 0.000000e+00
1.096234e-10 0.000000e+00 0.000000e+00
-2.468241e-10 0.000000e+00 0.000000e+00
-6.307952e-10 0.000000e+00 0.000000e+00
1.177338e-10 0.000000e+00 0.000000e+00
1.474399e-10 0.000000e+00 0.000000e+00
-2.929004e-10 0.000000e+00 0.000000e+00
-5.142869e-10 0.000000e+00 0.000000e+00
9.924281e-11 0.000000e+00 0.000000e+00
-4.097421e-10 0.000000e+00 0.000000e+00
1.882592e-10 0.000000e+00 0.000000e+00
2.134938e-10 0.000000e+00 0.000000e+00
2.197455e-10 0.000000e+00 0.000000e+00
-3.223296e-10 0.000000e+00 0.000000e+00
-1.771701e-10 0.000000e+00 0.000000e+00
1.287701e-10 0.000000e+00 0.000000e+00
-3.613709e-10 0.000000e+00 0.000000e+00
-7.697910e-11 0.000000e+00 0.000000e+00
9.184338e-11 0.000000e+00 0.000000e+00
-2.137448e-11 0.000000e+00 0.000000e+00
-2.086644e-10 0.000000e+00 0.000000e+00
3.119795e-11 0.000000e+00 0.000000e+00
1.127489e-10 0.000000e+00 0.000000e+00
2.261028e-10 0.000000e+00 0.000000e+00
5.734448e-11 0.000000e+00 0.000000e+00
-8.437638e-11 0.000000e+00 0.000000e+00
1.689816e-10 0.000000e+00 0.000000e+00
-4.899473e-10 0.000000e+00 0.000000e+00
2.365876e-10 0.000000e+00 0.000000e+00
2.561783e-10 0.000000e+00 0.000000e+00
-6.863589e-10 0.000000e+00 0.000000e+00
-4.924445e-10 0.000000e+00 0.000000e+00
-1.864681e-10 0.000000e+00 0.000000e+00
6.190426e-11 0.000000e+00 0.000000e+00
1.806241e-10 0.000000e+00 0.000000e+00
-4.450242e-10 0.000000e+00 0.000000e+00
-6.963018e-10 0.000000e+00 0.000000e+00
2.387244e-10 0.000000e+00 0.000000e+00
-7.793373e-10 0.000000e+00 0.000000e+00
1.811866e-10 0.000000e+00 0.000000e+00
-2.907350e-10 0.000000e+00 0.000000e+00
1.853890e-10 0.000000e+00 0.000000e+00
1.880426e-10 0.000000e+00 0.000000e+00
-5.077059e-10 0.000000e+00 0.000000e+00
8.235745e-11 0.000000e+00 0.000000e+00
9.365411e-11 0.000000e+00 0.000000e+00
1.430193e-10 0.000000e+00 0.000000e+00
-5.543107e-10 0.000000e+00 0.000000e+00
-2.790326e-10 0.000000e+00 0.000000e+00
8.310238e-11 0.000000e+00 0.000000e+00
-2.181899e-10 0.000000e+00 0.000000e+00
2.306213e-10 0.000000e+00 0.000000e+00
-1.502423e-10 0.000000e+00 0.000000e+00
-1.378432e-11 0.000000e+00 0.000000e+00
-4.537046e-10 0.000000e+00 0.000000e+00
4.718583e-11 0.000000e+00 0.000000e+00
1.104957e-10 0.000000e+00 0.000000e+00
1.416826e-10 0.000000e+00 0.000000e+00
-1.845608e-10 0.000000e+00 0.000000e+00
-3.168913e-11 0.000000e+00 0.000000e+00
1.826105e-11 0.000000e+00 0.000000e+00
-1.763031e-10 0.000000e+00 0.000000e+00
2.570696e-10 0.000000e+00 0.000000e+00
7.721744e-12 0.000000e+00 0.000000e+00
1.167581e-11 0.000000e+00 0.000000e+00
-6.365401e-10 0.000000e+00 0.000000e+00
-5.743670e-10 0.000000e+00 0.000000e+00
1.823779e-10 0.000000e+00 0.000000e+00
-5.688609e-10 0.000000e+00 0.000000e+00
-4.504288e-11 0.000000e+00 0.000000e+00
-3.940652e-10 0.000000e+00 0.000000e+00
-2.255598e-10 0.000000e+00 0.000000e+00
-1.965985e-10 0.000000e+00 0.000000e+00
-4.648616e-10 0.000000e+00 0.000000e+00
-1.221990e-10 0.000000e+00 0.000000e+00
1.004682e-10 0.000000e+00 0.000000e+00
1.960222e-10 0.000000e+00 0.000000e+00
-1.210049e-09 0.000000e+00 0.000000e+00
-3.932807e-10 0.000000e+00 0.000000e+00
-3.213269e-11 0.000000e+00 0.000000e+00
-6.231215e-11 0.000000e+00 0.000000e+00
-5.316324e-10 0.000000e+00 0.000000e+00
4.205047e-11 0.000000e+00 0.000000e+00
-3.522636e-10 0.000000e+00 0.000000e+00
-6.041049e-11 0.000000e+00 0.000000e+00
-2.973844e-10 0.000000e+00 0.000000e+00
-1.036962e-09 0.000000e+00 0.000000e+00
-3.651352e-10 0.000000e+00 0.000000e+00
1.408655e-10 0.000000e+00 0.000000e+00
-2.378949e-11 0.000000e+00 0.000000e+00
-2.883027e-10 0.000000e+00 0.000000e+00
-3.732290e-11 0.000000e+00 0.000000e+00
4.883908e-11 0.000000e+00 0.000000e+00
-1.179245e-10 0.000000e+00 0.000000e+00
-3.256748e-10 0.000000e+00 0.000000e+00
1.438338e-10 0.000000e+00 0.000000e+00
-2.346282e-10 0.000000e+00 0.000000e+00
-3.833933e-10 0.000000e+00 0.000000e+00
1.313070e-11 0.000000e+00 0.000000e+00
-1.431637e-12 0.000000e+00 0.000000e+00
-5.510441e-11 0.000000e+00 0.000000e+00
6.788343e-11 0.000000e+00 0.000000e+00
-2.959726e-10 0.000000e+00 0.000000e+00
-6.984814e-11 0.000000e+00 0.000000e+00
1.393582e-10 0.000000e+00 0.000000e+00
3.534345e-11 0.000000e+00 0.000000e+00
2.344889e-10 0.000000e+00 0.000000e+00
-1.060987e-10 0.000000e+00 0.000000e+00
-6.408930e-10 0.000000e+00 0.000000e+00
-1.204972e-11 0.000000e+00 0.000000e+00
-4.331864e-10 0.000000e+00 0.000000e+00
-2.444736e-10 0.000000e+00 0.000000e+00
-7.124589e-10 0.000000e+00 0.000000e+00
4.128659e-11 0.000000e+00 0.000000e+00
-5.015892e-10 0.000000e+00 0.000000e+00
-1.987415e-10 0.000000e+00 0.000000e+00
-1.408378e-10 0.000000e+00 0.000000e+00
-1.185377e-10 0.000000e+00 0.000000e+00
-1.021838e-10 0.000000e+00 0.000000e+00
-3.777425e-11 0.000000e+00 0.000000e+00
1.598518e-10 0.000000e+00 0.000000e+00
-3.800616e-10 0.000000e+00 0.000000e+00
-4.299890e-11 0.000000e+00 0.000000e+00
-8.479378e-10 0.000000e+00 0.000000e+00
1.938478e-10 0.000000e+00 0.000000e+00
1.739423e-10 0.000000e+00 0.000000e+00
6.930491e-11 0.000000e+00 0.000000e+00
8.525657e-11 0.000000e+00 0.000000e+00
2.033314e-10 0.000000e+00 0.000000e+00
2.072987e-10 0.000000e+00 0.000000e+00
-1.491783e-10 0.000000e+00 0.000000e+00
-3.104072e-10 0.000000e+00 0.000000e+00
-3.052447e-10 0.000000e+00 0.000000e+00
-1.374399e-10 0.000000e+00 0.000000e+00
-2.283173e-10 0.000000e+00 0.000000e+00
-4.609861e-10 0.000000e+00 0.000000e+00
-2.712102e-10 0.000000e+00 0.000000e+00
-1.915203e-10 0.000000e+00 0.000000e+00
-1.544206e-12 0.000000e+00 0.000000e+00
4.202753e-12 0.000000e+00 0.000000e+00
2.567741e-11 0.000000e+00 0.000000e+00
-2.164534e-10 0.000000e+00 0.000000e+00
