step K U E temp
0 1.310444e-22 -4.014551e-20 -4.001446e-20 1.898301e+01
1000 1.379475e-21 -4.052708e-20 -3.914761e-20 1.998299e+02
2000 7.624510e-22 -3.948537e-20 -3.872292e-20 1.104482e+02
3000 2.600046e-22 -4.060833e-20 -4.034833e-20 3.766411e+01
4000 2.489526e-21 -4.066439e-20 -3.817487e-20 3.606312e+02
5000 1.404231e-21 -4.066757e-20 -3.926334e-20 2.034161e+02
6000 6.631946e-21 -4.107719e-20 -3.444525e-20 9.606998e+02
7000 1.239737e-20 -3.479070e-20 -2.239333e-20 1.795876e+03
8000 1.004228e-22 -4.097796e-20 -4.087753e-20 1.454718e+01
9000 6.997687e-22 -3.954873e-20 -3.884896e-20 1.013681e+02
10000 2.041022e-22 -3.649674e-20 -3.629263e-20 2.956613e+01
11000 7.532659e-22 -3.962884e-20 -3.887557e-20 1.091177e+02
12000 4.963143e-21 -3.965819e-20 -3.469505e-20 7.189579e+02
13000 1.115203e-21 -3.384771e-20 -3.273250e-20 1.615476e+02
14000 6.340329e-22 -3.337211e-20 -3.273807e-20 9.184563e+01
15000 8.855143e-23 -3.803389e-20 -3.794534e-20 1.282751e+01
16000 6.007652e-21 -4.102748e-20 -3.501982e-20 8.702650e+02
17000 4.063531e-23 -3.934635e-20 -3.930572e-20 5.886407e+00
18000 1.126670e-22 -3.362639e-20 -3.351372e-20 1.632088e+01
19000 2.609604e-21 -4.107903e-20 -3.846942e-20 3.780257e+02
20000 9.224315e-21 -3.999655e-20 -3.077223e-20 1.336229e+03
21000 6.247515e-23 -3.889609e-20 -3.883362e-20 9.050114e+00
22000 4.132482e-21 -4.109764e-20 -3.696516e-20 5.986288e+02
23000 1.277624e-22 -4.106704e-20 -4.093928e-20 1.850759e+01
24000 2.769697e-22 -4.096351e-20 -4.068654e-20 4.012167e+01
25000 2.062172e-20 -4.056096e-20 -1.993924e-20 2.987250e+03
26000 4.161420e-21 -3.824526e-20 -3.408384e-20 6.028208e+02
27000 6.568548e-21 -3.500002e-20 -2.843147e-20 9.515159e+02
28000 3.251520e-22 -4.063425e-20 -4.030910e-20 4.710133e+01
29000 2.390193e-21 -4.076650e-20 -3.837630e-20 3.462419e+02
30000 1.800510e-21 -4.106013e-20 -3.925962e-20 2.608209e+02
31000 1.547497e-24 -3.607832e-20 -3.607677e-20 2.241695e-01
32000 2.547421e-21 -3.867652e-20 -3.612910e-20 3.690179e+02
33000 2.921053e-23 -3.930939e-20 -3.928018e-20 4.231421e+00
34000 3.588468e-22 -3.982157e-20 -3.946273e-20 5.198234e+01
35000 4.118143e-22 -4.089324e-20 -4.048142e-20 5.965517e+01
36000 8.847446e-21 -4.052925e-20 -3.168180e-20 1.281636e+03
37000 5.978711e-22 -3.981071e-20 -3.921284e-20 8.660725e+01
38000 5.943057e-24 -4.096239e-20 -4.095645e-20 8.609077e-01
39000 4.812078e-22 -4.107140e-20 -4.059019e-20 6.970748e+01
40000 5.110129e-21 -4.107173e-20 -3.596160e-20 7.402503e+02
41000 5.331764e-23 -3.684326e-20 -3.678995e-20 7.723562e+00
42000 2.977150e-22 -3.938563e-20 -3.908791e-20 4.312682e+01
43000 3.192524e-24 -3.897363e-20 -3.897044e-20 4.624671e-01
44000 1.219466e-24 -4.100435e-20 -4.100313e-20 1.766511e-01
45000 7.528252e-23 -4.105643e-20 -4.098115e-20 1.090538e+01
46000 1.096809e-21 -4.067001e-20 -3.957321e-20 1.588831e+02
47000 4.020461e-23 -4.097863e-20 -4.093843e-20 5.824017e+00
48000 3.202421e-22 -3.691892e-20 -3.659867e-20 4.639008e+01
49000 5.410438e-23 -3.388517e-20 -3.383107e-20 7.837528e+00
50000 3.881287e-22 -4.020920e-20 -3.982107e-20 5.622409e+01
51000 2.529294e-21 -4.096732e-20 -3.843803e-20 3.663920e+02
52000 5.643761e-21 -3.737545e-20 -3.173169e-20 8.175520e+02
53000 1.876394e-21 -3.963661e-20 -3.776022e-20 2.718133e+02
54000 1.959124e-21 -4.052915e-20 -3.857003e-20 2.837975e+02
55000 4.739302e-22 -3.906219e-20 -3.858826e-20 6.865325e+01
56000 2.069388e-22 -4.042446e-20 -4.021752e-20 2.997703e+01
57000 5.234892e-21 -3.962540e-20 -3.439051e-20 7.583234e+02
58000 3.326241e-22 -3.928112e-20 -3.894850e-20 4.818373e+01
59000 3.061295e-22 -4.082780e-20 -4.052167e-20 4.434573e+01
60000 6.107521e-21 -4.051642e-20 -3.440890e-20 8.847319e+02
61000 3.694108e-21 -4.097724e-20 -3.728313e-20 5.351263e+02
62000 9.122294e-22 -4.027089e-20 -3.935866e-20 1.321450e+02
63000 1.332769e-21 -3.950026e-20 -3.816749e-20 1.930642e+02
64000 4.674171e-22 -4.103653e-20 -4.056911e-20 6.770976e+01
65000 2.094490e-21 -4.077716e-20 -3.868267e-20 3.034066e+02
66000 1.374408e-21 -3.847761e-20 -3.710320e-20 1.990959e+02
67000 7.317710e-22 -3.847930e-20 -3.774753e-20 1.060039e+02
68000 7.119763e-21 -3.960772e-20 -3.248796e-20 1.031365e+03
69000 1.260138e-23 -4.044993e-20 -4.043733e-20 1.825429e+00
70000 1.001707e-21 -3.753876e-20 -3.653705e-20 1.451067e+02
71000 7.334139e-21 -4.046218e-20 -3.312804e-20 1.062419e+03
72000 2.461936e-23 -4.050347e-20 -4.047885e-20 3.566347e+00
73000 3.264935e-21 -4.035063e-20 -3.708569e-20 4.729566e+02
74000 5.613892e-21 -4.089550e-20 -3.528161e-20 8.132251e+02
75000 3.716025e-21 -4.106335e-20 -3.734733e-20 5.383012e+02
76000 4.716211e-22 -3.926043e-20 -3.878881e-20 6.831875e+01
77000 7.326133e-21 -3.665290e-20 -2.932676e-20 1.061259e+03
78000 7.967488e-22 -3.995721e-20 -3.916046e-20 1.154166e+02
79000 1.034166e-22 -4.104242e-20 -4.093900e-20 1.498086e+01
80000 7.078434e-21 -4.066309e-20 -3.358465e-20 1.025378e+03
81000 3.782188e-23 -4.101426e-20 -4.097644e-20 5.478855e+00
82000 9.993408e-23 -4.107242e-20 -4.097249e-20 1.447639e+01
83000 3.367451e-22 -3.996724e-20 -3.963049e-20 4.878070e+01
84000 2.173616e-21 -3.653482e-20 -3.436121e-20 3.148688e+02
85000 4.208100e-21 -3.872256e-20 -3.451446e-20 6.095829e+02
86000 3.990463e-22 -3.845837e-20 -3.805932e-20 5.780562e+01
87000 4.398138e-21 -4.049930e-20 -3.610116e-20 6.371117e+02
88000 5.011321e-22 -4.045986e-20 -3.995873e-20 7.259370e+01
89000 3.284004e-21 -3.808155e-20 -3.479754e-20 4.757188e+02
90000 3.388304e-25 -3.654871e-20 -3.654837e-20 4.908277e-02
91000 2.530461e-23 -3.572743e-20 -3.570213e-20 3.665611e+00
92000 6.141628e-23 -3.390594e-20 -3.384453e-20 8.896725e+00
93000 1.339530e-22 -3.840955e-20 -3.827560e-20 1.940435e+01
94000 1.186231e-22 -3.901891e-20 -3.890029e-20 1.718368e+01
95000 1.362560e-22 -4.109998e-20 -4.096372e-20 1.973796e+01
96000 7.996511e-22 -4.067595e-20 -3.987629e-20 1.158370e+02
97000 4.851299e-23 -3.306533e-20 -3.301681e-20 7.027564e+00
98000 1.431377e-21 -3.995455e-20 -3.852317e-20 2.073484e+02
99000 2.018814e-21 -3.778093e-20 -3.576211e-20 2.924443e+02
100000 5.113881e-22 -4.095332e-20 -4.044193e-20 7.407938e+01
101000 1.937187e-21 -3.994474e-20 -3.800755e-20 2.806197e+02
102000 9.874130e-22 -3.981175e-20 -3.882434e-20 1.430361e+02
103000 8.802880e-21 -3.930149e-20 -3.049861e-20 1.275180e+03
104000 1.043217e-21 -3.874049e-20 -3.769728e-20 1.511199e+02
105000 1.276521e-21 -3.989755e-20 -3.862103e-20 1.849161e+02
106000 1.922799e-20 -4.094658e-20 -2.171859e-20 2.785356e+03
107000 2.804807e-22 -3.656764e-20 -3.628716e-20 4.063027e+01
108000 5.983815e-23 -4.035592e-20 -4.029608e-20 8.668119e+00
109000 1.031028e-21 -3.874609e-20 -3.771506e-20 1.493541e+02
110000 3.999579e-21 -3.862939e-20 -3.462981e-20 5.793767e+02
111000 1.355947e-21 -3.439042e-20 -3.303447e-20 1.964216e+02
112000 4.435508e-21 -3.839091e-20 -3.395540e-20 6.425251e+02
113000 4.527990e-22 -4.064903e-20 -4.019623e-20 6.559220e+01
114000 3.103447e-21 -3.575787e-20 -3.265443e-20 4.495635e+02
115000 4.287514e-21 -4.108719e-20 -3.679967e-20 6.210868e+02
116000 3.139896e-22 -3.941939e-20 -3.910540e-20 4.548435e+01
117000 2.126231e-21 -4.109393e-20 -3.896770e-20 3.080046e+02
118000 9.149054e-22 -4.109653e-20 -4.018163e-20 1.325327e+02
119000 8.646867e-24 -3.554599e-20 -3.553734e-20 1.252580e+00
120000 1.436215e-21 -4.107335e-20 -3.963713e-20 2.080493e+02
121000 1.270993e-22 -3.927214e-20 -3.914504e-20 1.841154e+01
122000 1.079849e-22 -4.063932e-20 -4.053133e-20 1.564263e+01
123000 5.122336e-23 -4.093647e-20 -4.088524e-20 7.420185e+00
124000 4.312353e-22 -4.100021e-20 -4.056898e-20 6.246849e+01
125000 3.394032e-25 -3.684071e-20 -3.684037e-20 4.916575e-02
126000 2.890871e-21 -4.055543e-20 -3.766456e-20 4.187699e+02
127000 1.537793e-21 -3.991817e-20 -3.838038e-20 2.227637e+02
128000 3.338694e-22 -3.862468e-20 -3.829081e-20 4.836413e+01
129000 2.964893e-22 -4.076707e-20 -4.047058e-20 4.294927e+01
130000 7.581459e-21 -4.029633e-20 -3.271487e-20 1.098246e+03
131000 5.187672e-22 -3.656985e-20 -3.605108e-20 7.514832e+01
132000 1.263632e-23 -3.547111e-20 -3.545847e-20 1.830490e+00
133000 1.091934e-21 -3.844405e-20 -3.735212e-20 1.581769e+02
134000 1.831759e-21 -3.855283e-20 -3.672107e-20 2.653476e+02
135000 1.904018e-22 -4.073913e-20 -4.054873e-20 2.758149e+01
136000 1.862326e-23 -4.026689e-20 -4.024827e-20 2.697754e+00
137000 1.515152e-21 -4.032347e-20 -3.880831e-20 2.194840e+02
138000 8.132021e-22 -4.066073e-20 -3.984753e-20 1.178000e+02
139000 2.165872e-22 -4.086791e-20 -4.065133e-20 3.137470e+01
140000 5.453827e-22 -3.844933e-20 -3.790395e-20 7.900382e+01
141000 5.864606e-21 -4.108819e-20 -3.522358e-20 8.495434e+02
142000 1.080782e-21 -4.021700e-20 -3.913622e-20 1.565614e+02
143000 8.200666e-22 -4.082683e-20 -4.000677e-20 1.187944e+02
144000 6.239686e-22 -3.855089e-20 -3.792692e-20 9.038772e+01
145000 4.029963e-21 -3.933444e-20 -3.530448e-20 5.837781e+02
146000 1.500209e-23 -3.986187e-20 -3.984686e-20 2.173194e+00
147000 2.363696e-21 -4.109971e-20 -3.873601e-20 3.424036e+02
148000 2.070025e-21 -4.109850e-20 -3.902848e-20 2.998626e+02
149000 4.343307e-23 -4.109482e-20 -4.105139e-20 6.291689e+00
150000 6.623675e-21 -3.983335e-20 -3.320967e-20 9.595017e+02
151000 2.075201e-22 -4.026197e-20 -4.005445e-20 3.006124e+01
152000 4.155550e-21 -4.106827e-20 -3.691272e-20 6.019705e+02
153000 6.644907e-22 -4.099595e-20 -4.033146e-20 9.625773e+01
154000 6.566885e-21 -4.108125e-20 -3.451437e-20 9.512751e+02
155000 7.672992e-22 -3.959999e-20 -3.883269e-20 1.111505e+02
156000 6.309648e-21 -3.578420e-20 -2.947455e-20 9.140119e+02
157000 7.835089e-22 -4.024710e-20 -3.946359e-20 1.134986e+02
158000 2.287427e-22 -4.084062e-20 -4.061188e-20 3.313554e+01
159000 1.497215e-23 -4.108218e-20 -4.106720e-20 2.168857e+00
160000 9.439117e-22 -4.004582e-20 -3.910191e-20 1.367345e+02
161000 2.008946e-21 -3.956282e-20 -3.755387e-20 2.910148e+02
162000 2.692928e-22 -4.006338e-20 -3.979409e-20 3.900960e+01
163000 9.245619e-22 -3.724419e-20 -3.631962e-20 1.339315e+02
164000 3.224666e-22 -3.619034e-20 -3.586787e-20 4.671232e+01
165000 7.570707e-23 -3.500518e-20 -3.492947e-20 1.096688e+01
166000 8.854330e-22 -3.198143e-20 -3.109600e-20 1.282633e+02
167000 4.117852e-21 -4.028546e-20 -3.616761e-20 5.965096e+02
168000 3.290756e-21 -4.028058e-20 -3.698983e-20 4.766969e+02
169000 5.769677e-21 -4.108615e-20 -3.531647e-20 8.357920e+02
170000 3.909049e-22 -3.974327e-20 -3.935236e-20 5.662626e+01
171000 2.137980e-22 -3.783717e-20 -3.762337e-20 3.097066e+01
172000 1.213056e-21 -3.211194e-20 -3.089888e-20 1.757225e+02
173000 1.005072e-22 -4.108725e-20 -4.098674e-20 1.455941e+01
174000 4.396451e-21 -4.081300e-20 -3.641655e-20 6.368674e+02
175000 5.419672e-21 -4.015218e-20 -3.473251e-20 7.850905e+02
176000 1.022445e-20 -4.076741e-20 -3.054296e-20 1.481107e+03
177000 2.187783e-23 -3.949564e-20 -3.947376e-20 3.169209e+00
178000 5.648192e-23 -4.095833e-20 -4.090185e-20 8.181937e+00
179000 3.378131e-23 -3.968929e-20 -3.965551e-20 4.893541e+00
180000 2.971085e-21 -4.016373e-20 -3.719264e-20 4.303896e+02
181000 3.369981e-21 -4.105497e-20 -3.768499e-20 4.881734e+02
182000 4.238110e-21 -4.089522e-20 -3.665711e-20 6.139301e+02
183000 4.143663e-22 -4.097672e-20 -4.056235e-20 6.002485e+01
184000 2.944164e-22 -3.326974e-20 -3.297533e-20 4.264898e+01
185000 2.844250e-22 -4.109990e-20 -4.081548e-20 4.120163e+01
186000 1.254452e-21 -4.106986e-20 -3.981541e-20 1.817192e+02
187000 1.567511e-22 -3.908459e-20 -3.892784e-20 2.270687e+01
188000 1.120617e-21 -3.930993e-20 -3.818931e-20 1.623319e+02
189000 6.215126e-22 -3.952551e-20 -3.890400e-20 9.003195e+01
190000 2.233004e-21 -4.057074e-20 -3.833773e-20 3.234717e+02
191000 1.020582e-23 -3.823346e-20 -3.822325e-20 1.478409e+00
192000 1.348617e-21 -4.033566e-20 -3.898704e-20 1.953599e+02
193000 2.577755e-21 -4.093175e-20 -3.835400e-20 3.734121e+02
194000 2.787180e-21 -2.880831e-20 -2.602113e-20 4.037492e+02
195000 1.157827e-22 -4.090022e-20 -4.078444e-20 1.677221e+01
196000 1.026606e-22 -4.093622e-20 -4.083356e-20 1.487136e+01
197000 7.807849e-22 -4.104044e-20 -4.025965e-20 1.131040e+02
198000 1.790625e-23 -4.010230e-20 -4.008439e-20 2.593888e+00
199000 2.271907e-23 -4.107035e-20 -4.104763e-20 3.291071e+00
200000 2.470764e-21 -3.904961e-20 -3.657884e-20 3.579134e+02
201000 2.097821e-23 -3.967615e-20 -3.965517e-20 3.038891e+00
202000 6.651361e-22 -3.749147e-20 -3.682634e-20 9.635122e+01
203000 1.980704e-21 -3.984340e-20 -3.786269e-20 2.869237e+02
204000 1.459365e-22 -4.094180e-20 -4.079586e-20 2.114027e+01
205000 6.497716e-22 -3.879602e-20 -3.814625e-20 9.412553e+01
206000 1.038657e-21 -4.109555e-20 -4.005689e-20 1.504592e+02
207000 6.345164e-22 -4.099392e-20 -4.035940e-20 9.191567e+01
208000 3.728858e-23 -4.102682e-20 -4.098954e-20 5.401602e+00
209000 1.368157e-22 -4.050193e-20 -4.036511e-20 1.981904e+01
210000 8.003184e-25 -4.076735e-20 -4.076655e-20 1.159337e-01
211000 1.192060e-21 -3.843300e-20 -3.724094e-20 1.726812e+02
212000 8.851508e-22 -3.865262e-20 -3.776747e-20 1.282224e+02
213000 5.384672e-21 -4.101294e-20 -3.562827e-20 7.800205e+02
214000 5.006954e-22 -4.033419e-20 -3.983350e-20 7.253044e+01
215000 7.313898e-22 -3.997596e-20 -3.924457e-20 1.059487e+02
216000 4.612437e-22 -4.008950e-20 -3.962825e-20 6.681549e+01
217000 3.862259e-23 -4.015340e-20 -4.011478e-20 5.594846e+00
218000 1.246226e-21 -4.061517e-20 -3.936895e-20 1.805276e+02
219000 2.473373e-21 -4.092535e-20 -3.845198e-20 3.582914e+02
220000 1.622870e-22 -3.894999e-20 -3.878770e-20 2.350880e+01
221000 2.142305e-22 -3.634387e-20 -3.612964e-20 3.103331e+01
222000 9.586093e-22 -3.459076e-20 -3.363215e-20 1.388636e+02
223000 4.132099e-23 -3.594426e-20 -3.590294e-20 5.985734e+00
224000 2.677471e-22 -3.951025e-20 -3.924250e-20 3.878568e+01
225000 5.437443e-22 -3.731392e-20 -3.677018e-20 7.876647e+01
226000 2.471980e-21 -1.922001e-20 -1.674803e-20 3.580896e+02
227000 7.999722e-24 -4.109968e-20 -4.109168e-20 1.158835e+00
228000 2.445994e-21 -3.970472e-20 -3.725872e-20 3.543253e+02
229000 9.133176e-22 -3.672367e-20 -3.581036e-20 1.323027e+02
230000 8.951444e-25 -3.987606e-20 -3.987516e-20 1.296701e-01
231000 1.381473e-21 -4.109556e-20 -3.971409e-20 2.001194e+02
232000 1.476658e-21 -3.833658e-20 -3.685992e-20 2.139078e+02
233000 1.159040e-21 -4.109983e-20 -3.994079e-20 1.678978e+02
234000 1.309368e-21 -4.109960e-20 -3.979024e-20 1.896742e+02
235000 2.593890e-21 -4.084045e-20 -3.824656e-20 3.757493e+02
236000 4.567844e-21 -3.976251e-20 -3.519466e-20 6.616952e+02
237000 1.146365e-21 -4.101089e-20 -3.986452e-20 1.660618e+02
238000 6.906096e-22 -4.109682e-20 -4.040621e-20 1.000413e+02
239000 6.463284e-21 -4.025789e-20 -3.379461e-20 9.362675e+02
240000 4.319859e-21 -3.556211e-20 -3.124225e-20 6.257723e+02
241000 1.774284e-22 -4.058631e-20 -4.040888e-20 2.570217e+01
242000 9.009980e-23 -3.949534e-20 -3.940524e-20 1.305180e+01
243000 6.533192e-23 -4.104379e-20 -4.097846e-20 9.463944e+00
244000 3.504000e-22 -4.042315e-20 -4.007275e-20 5.075874e+01
245000 1.936103e-21 -4.066284e-20 -3.872673e-20 2.804627e+02
246000 6.527346e-24 -3.405646e-20 -3.404993e-20 9.455475e-01
247000 1.269709e-21 -3.965540e-20 -3.838569e-20 1.839292e+02
248000 6.445103e-22 -4.013223e-20 -3.948772e-20 9.336338e+01
249000 1.481634e-21 -3.761540e-20 -3.613377e-20 2.146287e+02
250000 6.120530e-22 -4.094067e-20 -4.032862e-20 8.866164e+01
251000 2.328019e-21 -4.078254e-20 -3.845452e-20 3.372354e+02
252000 1.599384e-21 -3.777271e-20 -3.617333e-20 2.316858e+02
253000 1.666163e-23 -4.109919e-20 -4.108253e-20 2.413593e+00
254000 2.401837e-21 -3.680108e-20 -3.439925e-20 3.479288e+02
255000 6.683792e-22 -4.095936e-20 -4.029099e-20 9.682102e+01
256000 3.561489e-21 -4.060893e-20 -3.704745e-20 5.159152e+02
257000 1.057780e-20 -3.935527e-20 -2.877747e-20 1.532294e+03
258000 3.495063e-21 -4.099334e-20 -3.749828e-20 5.062927e+02
259000 2.197934e-21 -4.105880e-20 -3.886086e-20 3.183914e+02
260000 1.133816e-22 -4.109843e-20 -4.098504e-20 1.642439e+01
261000 9.531238e-21 -3.835394e-20 -2.882271e-20 1.380689e+03
262000 4.772356e-23 -3.913547e-20 -3.908775e-20 6.913207e+00
263000 3.756745e-22 -4.100617e-20 -4.063050e-20 5.441998e+01
264000 1.965160e-21 -3.835609e-20 -3.639093e-20 2.846719e+02
265000 6.810929e-22 -3.330353e-20 -3.262244e-20 9.866272e+01
266000 4.682130e-21 -3.763226e-20 -3.295013e-20 6.782506e+02
267000 6.187123e-22 -4.108501e-20 -4.046630e-20 8.962630e+01
268000 2.720761e-21 -3.935140e-20 -3.663064e-20 3.941278e+02
269000 3.127896e-21 -3.707775e-20 -3.394985e-20 4.531051e+02
270000 2.367137e-21 -4.106683e-20 -3.869970e-20 3.429021e+02
271000 3.455316e-21 -3.666358e-20 -3.320827e-20 5.005350e+02
272000 2.542966e-22 -4.106062e-20 -4.080632e-20 3.683726e+01
273000 6.785117e-23 -4.109350e-20 -4.102565e-20 9.828881e+00
274000 6.573168e-23 -4.092312e-20 -4.085739e-20 9.521852e+00
275000 3.843140e-23 -4.105636e-20 -4.101793e-20 5.567151e+00
276000 1.364553e-21 -4.109996e-20 -3.973541e-20 1.976683e+02
277000 3.941516e-22 -1.820418e-20 -1.781003e-20 5.709656e+01
278000 2.699518e-22 -4.073380e-20 -4.046384e-20 3.910506e+01
279000 1.355400e-21 -4.103330e-20 -3.967790e-20 1.963424e+02
280000 1.774993e-21 -4.106550e-20 -3.929051e-20 2.571244e+02
281000 2.398785e-21 -4.095444e-20 -3.855566e-20 3.474866e+02
282000 1.351749e-21 -3.540116e-20 -3.404941e-20 1.958136e+02
283000 6.928552e-22 -4.054916e-20 -3.985631e-20 1.003666e+02
284000 2.442784e-22 -4.090861e-20 -4.066434e-20 3.538603e+01
285000 2.229233e-21 -4.034292e-20 -3.811368e-20 3.229253e+02
286000 3.011139e-22 -4.102175e-20 -4.072064e-20 4.361918e+01
287000 2.826160e-21 -3.696335e-20 -3.413719e-20 4.093958e+02
288000 2.355622e-21 -3.975599e-20 -3.740037e-20 3.412341e+02
289000 6.966511e-21 -3.827134e-20 -3.130483e-20 1.009165e+03
290000 1.974423e-22 -4.077396e-20 -4.057652e-20 2.860137e+01
291000 5.333544e-24 -4.087236e-20 -4.086702e-20 7.726141e-01
292000 6.354822e-21 -3.910135e-20 -3.274653e-20 9.205557e+02
293000 8.875386e-21 -4.100177e-20 -3.212639e-20 1.285683e+03
294000 4.070229e-21 -4.068331e-20 -3.661308e-20 5.896110e+02
295000 3.653403e-21 -4.108770e-20 -3.743430e-20 5.292299e+02
296000 1.209504e-21 -4.081676e-20 -3.960726e-20 1.752081e+02
297000 4.176061e-22 -4.037631e-20 -3.995870e-20 6.049417e+01
298000 2.036446e-22 -4.009963e-20 -3.989599e-20 2.949984e+01
299000 3.132934e-21 -3.907275e-20 -3.593981e-20 4.538350e+02
300000 9.984909e-21 -3.645910e-20 -2.647420e-20 1.446408e+03
301000 2.900295e-21 -3.247961e-20 -2.957931e-20 4.201350e+02
302000 6.178223e-22 -4.062763e-20 -4.000981e-20 8.949738e+01
303000 3.706201e-22 -3.909817e-20 -3.872755e-20 5.368780e+01
304000 1.108691e-20 -3.350488e-20 -2.241797e-20 1.606043e+03
305000 3.963222e-22 -4.044076e-20 -4.004444e-20 5.741100e+01
306000 5.463963e-22 -4.108682e-20 -4.054043e-20 7.915065e+01
307000 5.841043e-21 -4.099325e-20 -3.515221e-20 8.461300e+02
308000 3.488233e-23 -2.834069e-20 -2.830581e-20 5.053034e+00
309000 4.198091e-22 -3.642417e-20 -3.600436e-20 6.081330e+01
310000 1.871934e-21 -3.936960e-20 -3.749766e-20 2.711673e+02
311000 1.630159e-22 -4.107921e-20 -4.091619e-20 2.361438e+01
312000 2.853197e-21 -3.978021e-20 -3.692702e-20 4.133124e+02
313000 2.056249e-21 -4.090686e-20 -3.885061e-20 2.978670e+02
314000 3.393350e-22 -4.063001e-20 -4.029068e-20 4.915587e+01
315000 6.049226e-24 -3.715899e-20 -3.715295e-20 8.762874e-01
316000 1.374899e-23 -2.091624e-20 -2.090249e-20 1.991671e+00
317000 4.235338e-21 -4.109914e-20 -3.686380e-20 6.135286e+02
318000 4.981660e-21 -4.089520e-20 -3.591354e-20 7.216404e+02
319000 4.670674e-25 -3.863974e-20 -3.863927e-20 6.765911e-02
320000 2.193900e-22 -3.893831e-20 -3.871892e-20 3.178070e+01
321000 1.398635e-20 -4.109986e-20 -2.711351e-20 2.026054e+03
322000 5.476806e-22 -4.098014e-20 -4.043246e-20 7.933669e+01
323000 1.038127e-22 -4.058281e-20 -4.047900e-20 1.503825e+01
324000 8.434433e-22 -4.035645e-20 -3.951301e-20 1.221807e+02
325000 5.268985e-22 -4.083329e-20 -4.030639e-20 7.632620e+01
326000 1.357406e-22 -4.102283e-20 -4.088709e-20 1.966330e+01
327000 4.698324e-22 -3.771494e-20 -3.724511e-20 6.805965e+01
328000 8.326890e-22 -4.051608e-20 -3.968339e-20 1.206228e+02
329000 4.789497e-21 -4.109222e-20 -3.630273e-20 6.938037e+02
330000 5.568042e-21 -3.930102e-20 -3.373298e-20 8.065832e+02
331000 2.305203e-21 -3.588615e-20 -3.358095e-20 3.339304e+02
332000 1.306502e-22 -4.084329e-20 -4.071264e-20 1.892592e+01
333000 8.374604e-22 -4.081910e-20 -3.998164e-20 1.213140e+02
334000 4.702728e-22 -3.661749e-20 -3.614722e-20 6.812345e+01
335000 5.134377e-21 -4.105179e-20 -3.591742e-20 7.437628e+02
336000 3.199794e-21 -4.034622e-20 -3.714642e-20 4.635203e+02
337000 2.506951e-21 -3.922216e-20 -3.671521e-20 3.631554e+02
338000 1.679796e-21 -3.821877e-20 -3.653897e-20 2.433342e+02
339000 1.558416e-21 -3.093567e-20 -2.937725e-20 2.257513e+02
340000 2.331193e-21 -4.109995e-20 -3.876876e-20 3.376953e+02
341000 5.392710e-22 -3.862889e-20 -3.808962e-20 7.811848e+01
342000 8.792069e-22 -4.109815e-20 -4.021894e-20 1.273614e+02
343000 9.002657e-22 -4.106362e-20 -4.016335e-20 1.304120e+02
344000 5.823418e-25 -4.091710e-20 -4.091651e-20 8.435769e-02
345000 9.724846e-22 -4.091140e-20 -3.993891e-20 1.408735e+02
346000 7.643967e-23 -3.578516e-20 -3.570872e-20 1.107301e+01
347000 1.623135e-22 -3.800587e-20 -3.784355e-20 2.351264e+01
348000 1.733268e-22 -3.777903e-20 -3.760571e-20 2.510802e+01
349000 1.093440e-23 -4.100154e-20 -4.099060e-20 1.583951e+00
350000 1.633532e-21 -3.790813e-20 -3.627459e-20 2.366325e+02
351000 2.088275e-22 -4.109333e-20 -4.088450e-20 3.025063e+01
352000 3.132611e-21 -4.076221e-20 -3.762959e-20 4.537882e+02
353000 1.841859e-24 -4.041700e-20 -4.041516e-20 2.668106e-01
354000 3.157378e-21 -4.105691e-20 -3.789953e-20 4.573759e+02
355000 3.612389e-24 -4.032551e-20 -4.032189e-20 5.232885e-01
356000 3.978442e-23 -2.174998e-20 -2.171019e-20 5.763147e+00
357000 8.452391e-22 -3.205959e-20 -3.121435e-20 1.224408e+02
358000 6.176020e-23 -4.107111e-20 -4.100935e-20 8.946546e+00
359000 1.126337e-21 -3.576905e-20 -3.464271e-20 1.631605e+02
360000 1.687893e-22 -4.083564e-20 -4.066685e-20 2.445072e+01
361000 4.376529e-22 -3.945346e-20 -3.901581e-20 6.339814e+01
362000 1.284279e-20 -4.102727e-20 -2.818449e-20 1.860398e+03
363000 4.423413e-22 -4.108610e-20 -4.064376e-20 6.407731e+01
364000 3.222314e-21 -3.998227e-20 -3.675995e-20 4.667825e+02
365000 3.884390e-22 -4.109571e-20 -4.070727e-20 5.626904e+01
366000 7.779738e-21 -3.053614e-20 -2.275640e-20 1.126968e+03
367000 7.864183e-24 -4.071428e-20 -4.070642e-20 1.139201e+00
368000 5.846996e-21 -3.316090e-20 -2.731391e-20 8.469924e+02
369000 1.448901e-23 -3.949949e-20 -3.948500e-20 2.098869e+00
370000 1.321827e-21 -3.775228e-20 -3.643046e-20 1.914790e+02
371000 5.594104e-21 -3.826915e-20 -3.267505e-20 8.103586e+02
372000 1.720150e-23 -4.097875e-20 -4.096155e-20 2.491799e+00
373000 4.225167e-21 -4.011280e-20 -3.588763e-20 6.120551e+02
374000 1.231406e-24 -3.723470e-20 -3.723347e-20 1.783807e-01
375000 6.314764e-23 -4.068243e-20 -4.061928e-20 9.147530e+00
376000 7.390231e-22 -4.108781e-20 -4.034879e-20 1.070544e+02
377000 1.211630e-21 -3.881813e-20 -3.760650e-20 1.755161e+02
378000 6.970987e-21 -4.083571e-20 -3.386472e-20 1.009813e+03
379000 2.669318e-21 -4.011719e-20 -3.744787e-20 3.866758e+02
380000 5.847167e-22 -3.942144e-20 -3.883673e-20 8.470172e+01
381000 3.021026e-23 -4.108666e-20 -4.105645e-20 4.376241e+00
382000 2.060104e-22 -4.106175e-20 -4.085574e-20 2.984255e+01
383000 5.860576e-21 -3.964487e-20 -3.378429e-20 8.489595e+02
384000 4.559515e-21 -3.303614e-20 -2.847663e-20 6.604886e+02
385000 1.799782e-22 -3.867406e-20 -3.849408e-20 2.607154e+01
386000 5.698764e-22 -4.095397e-20 -4.038409e-20 8.255195e+01
387000 4.409812e-21 -4.090914e-20 -3.649933e-20 6.388027e+02
388000 1.003498e-21 -4.073114e-20 -3.972765e-20 1.453661e+02
389000 1.225045e-22 -2.700724e-20 -2.688474e-20 1.774593e+01
390000 1.725463e-21 -4.083396e-20 -3.910850e-20 2.499495e+02
391000 4.234844e-22 -3.976256e-20 -3.933908e-20 6.134570e+01
392000 6.634709e-22 -3.902889e-20 -3.836542e-20 9.611001e+01
393000 6.258143e-23 -3.782661e-20 -3.776403e-20 9.065509e+00
394000 1.908754e-21 -4.108427e-20 -3.917552e-20 2.765009e+02
395000 7.680875e-22 -4.107328e-20 -4.030519e-20 1.112647e+02
396000 2.507261e-21 -3.903882e-20 -3.653156e-20 3.632004e+02
397000 1.873393e-21 -4.077717e-20 -3.890377e-20 2.713787e+02
398000 1.931400e-20 -4.089191e-20 -2.157791e-20 2.797815e+03
399000 1.252732e-21 -3.877682e-20 -3.752409e-20 1.814701e+02
400000 2.347445e-21 -4.040550e-20 -3.805806e-20 3.400494e+02
401000 9.136764e-23 -4.101528e-20 -4.092391e-20 1.323546e+01
402000 6.504286e-22 -3.835952e-20 -3.770909e-20 9.422070e+01
403000 6.505196e-22 -4.072394e-20 -4.007342e-20 9.423388e+01
404000 1.048195e-20 -4.083000e-20 -3.034805e-20 1.518409e+03
405000 1.703594e-23 -4.017707e-20 -4.016003e-20 2.467816e+00
406000 1.442297e-21 -3.129697e-20 -2.985467e-20 2.089303e+02
407000 1.049959e-21 -3.918278e-20 -3.813282e-20 1.520965e+02
408000 1.136531e-24 -3.963410e-20 -3.963296e-20 1.646372e-01
409000 9.565480e-25 -4.029512e-20 -4.029416e-20 1.385650e-01
410000 4.561408e-21 -3.302239e-20 -2.846098e-20 6.607629e+02
411000 1.241510e-21 -3.932514e-20 -3.808363e-20 1.798444e+02
412000 1.498180e-20 -3.604105e-20 -2.105925e-20 2.170254e+03
413000 6.643693e-22 -4.104087e-20 -4.037650e-20 9.624014e+01
414000 8.074712e-22 -4.028062e-20 -3.947315e-20 1.169698e+02
415000 6.073009e-22 -3.960800e-20 -3.900070e-20 8.797325e+01
416000 3.229295e-21 -3.929690e-20 -3.606760e-20 4.677938e+02
417000 2.829742e-22 -3.911838e-20 -3.883541e-20 4.099148e+01
418000 2.768578e-21 -4.097174e-20 -3.820316e-20 4.010546e+02
419000 2.870679e-22 -3.976449e-20 -3.947742e-20 4.158449e+01
420000 6.486183e-22 -3.990018e-20 -3.925156e-20 9.395846e+01
421000 3.158578e-21 -4.054358e-20 -3.738500e-20 4.575497e+02
422000 4.107141e-24 -4.084027e-20 -4.083616e-20 5.949580e-01
423000 1.124678e-21 -3.755345e-20 -3.642877e-20 1.629202e+02
424000 2.688710e-23 -4.109436e-20 -4.106747e-20 3.894849e+00
425000 3.213829e-21 -4.097505e-20 -3.776122e-20 4.655534e+02
426000 2.328424e-21 -3.751256e-20 -3.518414e-20 3.372941e+02
427000 3.727696e-21 -4.054708e-20 -3.681938e-20 5.399919e+02
428000 4.802575e-21 -3.858883e-20 -3.378626e-20 6.956981e+02
429000 4.998390e-22 -3.625314e-20 -3.575330e-20 7.240639e+01
430000 1.677060e-22 -3.566672e-20 -3.549901e-20 2.429379e+01
431000 8.083297e-23 -4.069672e-20 -4.061589e-20 1.170942e+01
432000 1.149776e-20 -4.108272e-20 -2.958497e-20 1.665558e+03
433000 1.323682e-21 -3.630076e-20 -3.497708e-20 1.917478e+02
434000 1.804748e-23 -3.090480e-20 -3.088675e-20 2.614347e+00
435000 8.139682e-22 -3.561328e-20 -3.479931e-20 1.179110e+02
436000 5.600178e-22 -4.109909e-20 -4.053907e-20 8.112385e+01
437000 5.573727e-22 -4.095564e-20 -4.039827e-20 8.074069e+01
438000 3.413225e-21 -2.242965e-20 -1.901643e-20 4.944378e+02
439000 2.297678e-21 -4.067520e-20 -3.837752e-20 3.328403e+02
440000 9.472970e-23 -4.109435e-20 -4.099962e-20 1.372249e+01
441000 5.946681e-22 -3.943559e-20 -3.884092e-20 8.614326e+01
442000 1.648270e-21 -4.083701e-20 -3.918874e-20 2.387675e+02
443000 2.264899e-21 -3.746587e-20 -3.520098e-20 3.280919e+02
444000 6.544951e-23 -4.006582e-20 -4.000037e-20 9.480978e+00
445000 4.484973e-21 -4.109527e-20 -3.661029e-20 6.496906e+02
446000 5.717230e-22 -3.355726e-20 -3.298554e-20 8.281946e+01
447000 1.235498e-20 -4.106484e-20 -2.870986e-20 1.789735e+03
448000 6.478806e-22 -4.109978e-20 -4.045190e-20 9.385160e+01
449000 4.628460e-22 -3.994919e-20 -3.948634e-20 6.704761e+01
450000 2.073316e-21 -4.109902e-20 -3.902571e-20 3.003393e+02
451000 1.398280e-21 -3.925947e-20 -3.786119e-20 2.025540e+02
452000 4.639810e-22 -3.913428e-20 -3.867029e-20 6.721202e+01
453000 7.398499e-22 -3.991014e-20 -3.917029e-20 1.071742e+02
454000 5.633440e-25 -3.656210e-20 -3.656154e-20 8.160568e-02
455000 3.790634e-25 -3.936238e-20 -3.936200e-20 5.491090e-02
456000 2.039828e-21 -4.092483e-20 -3.888500e-20 2.954883e+02
457000 2.202106e-21 -3.921992e-20 -3.701781e-20 3.189958e+02
458000 2.015157e-22 -4.003580e-20 -3.983428e-20 2.919144e+01
459000 6.800236e-21 -4.015448e-20 -3.335425e-20 9.850782e+02
460000 7.551399e-21 -3.227807e-20 -2.472667e-20 1.093891e+03
461000 2.162904e-21 -4.104905e-20 -3.888615e-20 3.133170e+02
462000 5.327774e-22 -3.778486e-20 -3.725208e-20 7.717782e+01
463000 4.957122e-23 -3.614035e-20 -3.609078e-20 7.180858e+00
464000 6.173191e-22 -3.661538e-20 -3.599806e-20 8.942449e+01
465000 1.385047e-23 -4.078562e-20 -4.077177e-20 2.006371e+00
466000 2.689515e-23 -4.070771e-20 -4.068081e-20 3.896015e+00
467000 1.604081e-21 -3.892066e-20 -3.731658e-20 2.323662e+02
468000 1.001543e-21 -3.734064e-20 -3.633910e-20 1.450829e+02
469000 4.662582e-22 -3.959777e-20 -3.913151e-20 6.754189e+01
470000 2.171085e-23 -4.051753e-20 -4.049582e-20 3.145021e+00
471000 5.589014e-21 -4.087375e-20 -3.528474e-20 8.096212e+02
472000 1.388120e-21 -3.784535e-20 -3.645723e-20 2.010822e+02
473000 1.865151e-22 -3.843691e-20 -3.825040e-20 2.701846e+01
474000 2.805681e-22 -4.037926e-20 -4.009869e-20 4.064292e+01
475000 1.516006e-24 -4.109131e-20 -4.108980e-20 2.196078e-01
476000 1.843200e-25 -4.108304e-20 -4.108286e-20 2.670048e-02
477000 1.862331e-22 -3.740858e-20 -3.722235e-20 2.697762e+01
478000 5.099063e-22 -4.075049e-20 -4.024059e-20 7.386473e+01
479000 9.651816e-21 -3.845733e-20 -2.880551e-20 1.398156e+03
480000 2.847014e-22 -4.108652e-20 -4.080182e-20 4.124168e+01
481000 1.812299e-25 -4.104992e-20 -4.104974e-20 2.625286e-02
482000 7.069337e-22 -3.408625e-20 -3.337932e-20 1.024060e+02
483000 2.041295e-21 -3.939094e-20 -3.734964e-20 2.957007e+02
484000 5.577281e-22 -3.627387e-20 -3.571614e-20 8.079216e+01
485000 3.111088e-21 -4.091809e-20 -3.780700e-20 4.506704e+02
486000 9.796688e-23 -3.894953e-20 -3.885156e-20 1.419142e+01
487000 1.672597e-22 -4.064088e-20 -4.047362e-20 2.422913e+01
488000 1.120187e-21 -3.907230e-20 -3.795211e-20 1.622697e+02
489000 5.700724e-21 -2.890176e-20 -2.320104e-20 8.258036e+02
490000 2.969336e-21 -3.907228e-20 -3.610295e-20 4.301362e+02
491000 9.682566e-21 -3.823755e-20 -2.855498e-20 1.402611e+03
492000 2.658456e-21 -4.076923e-20 -3.811077e-20 3.851023e+02
493000 2.298254e-21 -4.071141e-20 -3.841316e-20 3.329238e+02
494000 3.843389e-25 -4.025090e-20 -4.025051e-20 5.567511e-02
495000 2.826472e-22 -4.035486e-20 -4.007221e-20 4.094411e+01
496000 3.637712e-22 -3.685896e-20 -3.649519e-20 5.269569e+01
497000 4.132135e-21 -4.078051e-20 -3.664837e-20 5.985786e+02
498000 4.151487e-21 -3.808306e-20 -3.393157e-20 6.013820e+02
499000 4.056950e-24 -4.092632e-20 -4.092226e-20 5.876874e-01
500000 1.755168e-21 -3.873317e-20 -3.697801e-20 2.542526e+02
501000 9.916995e-24 -3.937176e-20 -3.936184e-20 1.436570e+00
502000 1.329708e-21 -4.049341e-20 -3.916371e-20 1.926208e+02
503000 8.949527e-23 -4.092106e-20 -4.083156e-20 1.296423e+01
504000 1.539691e-21 -4.109506e-20 -3.955537e-20 2.230387e+02
505000 1.235172e-21 -3.974272e-20 -3.850755e-20 1.789263e+02
506000 6.523595e-22 -4.107504e-20 -4.042268e-20 9.450041e+01
507000 2.109045e-21 -4.028438e-20 -3.817534e-20 3.055150e+02
508000 1.909810e-21 -3.732627e-20 -3.541646e-20 2.766540e+02
509000 8.943644e-22 -3.906210e-20 -3.816773e-20 1.295571e+02
510000 9.246263e-21 -4.109159e-20 -3.184533e-20 1.339408e+03
511000 3.997397e-22 -3.680489e-20 -3.640515e-20 5.790605e+01
512000 7.603122e-21 -4.070615e-20 -3.310303e-20 1.101384e+03
513000 2.292629e-22 -3.794381e-20 -3.771454e-20 3.321088e+01
514000 4.903554e-22 -4.106970e-20 -4.057934e-20 7.103259e+01
515000 9.640388e-23 -3.951709e-20 -3.942068e-20 1.396501e+01
516000 1.539722e-22 -3.926125e-20 -3.910727e-20 2.230432e+01
517000 2.625990e-20 -3.812922e-20 -1.186932e-20 3.803994e+03
518000 9.952648e-23 -4.042254e-20 -4.032301e-20 1.441735e+01
519000 6.748936e-23 -4.014210e-20 -4.007461e-20 9.776469e+00
520000 1.794147e-22 -3.963520e-20 -3.945579e-20 2.598991e+01
521000 8.974236e-22 -3.991787e-20 -3.902044e-20 1.300003e+02
522000 2.089442e-21 -3.857738e-20 -3.648794e-20 3.026754e+02
523000 2.380462e-23 -4.108140e-20 -4.105760e-20 3.448323e+00
524000 2.618688e-21 -3.969776e-20 -3.707907e-20 3.793416e+02
525000 2.955785e-21 -4.108879e-20 -3.813301e-20 4.281733e+02
526000 1.381874e-21 -4.092738e-20 -3.954551e-20 2.001775e+02
527000 1.209100e-21 -4.066699e-20 -3.945789e-20 1.751495e+02
528000 1.713545e-21 -4.079523e-20 -3.908168e-20 2.482231e+02
529000 4.795404e-21 -4.108784e-20 -3.629243e-20 6.946593e+02
530000 6.533742e-22 -3.960588e-20 -3.895251e-20 9.464740e+01
531000 3.888811e-22 -3.426591e-20 -3.387703e-20 5.633309e+01
532000 4.532758e-21 -3.971695e-20 -3.518419e-20 6.566127e+02
533000 2.214349e-22 -4.047388e-20 -4.025245e-20 3.207693e+01
534000 5.908761e-22 -3.495230e-20 -3.436143e-20 8.559396e+01
535000 1.129515e-21 -2.271244e-20 -2.158293e-20 1.636209e+02
536000 4.481976e-21 -3.900379e-20 -3.452181e-20 6.492564e+02
537000 1.857136e-21 -4.019000e-20 -3.833287e-20 2.690236e+02
538000 2.279961e-22 -4.000153e-20 -3.977353e-20 3.302738e+01
539000 2.310636e-21 -3.899314e-20 -3.668251e-20 3.347174e+02
540000 2.069143e-21 -4.107190e-20 -3.900276e-20 2.997349e+02
541000 1.648705e-21 -4.033285e-20 -3.868414e-20 2.388305e+02
542000 1.007215e-20 -3.908042e-20 -2.900827e-20 1.459046e+03
543000 1.513529e-22 -4.009033e-20 -3.993898e-20 2.192489e+01
544000 1.765302e-21 -3.925679e-20 -3.749148e-20 2.557207e+02
545000 4.471083e-21 -4.103808e-20 -3.656699e-20 6.476785e+02
546000 1.822790e-21 -3.697255e-20 -3.514976e-20 2.640483e+02
547000 6.090460e-21 -3.759787e-20 -3.150741e-20 8.822604e+02
548000 1.300595e-21 -4.109831e-20 -3.979772e-20 1.884035e+02
549000 1.674607e-22 -3.036274e-20 -3.019528e-20 2.425826e+01
550000 2.042375e-21 -4.109016e-20 -3.904779e-20 2.958572e+02
551000 2.099044e-21 -3.693472e-20 -3.483567e-20 3.040663e+02
552000 5.914422e-21 -3.956787e-20 -3.365344e-20 8.567597e+02
553000 3.552466e-21 -3.799639e-20 -3.444393e-20 5.146081e+02
554000 3.388377e-21 -4.050691e-20 -3.711853e-20 4.908383e+02
555000 1.142585e-20 -2.113971e-20 -9.713864e-21 1.655142e+03
556000 6.937280e-23 -4.109715e-20 -4.102778e-20 1.004930e+01
557000 2.425361e-21 -4.033254e-20 -3.790718e-20 3.513364e+02
558000 9.064411e-23 -4.109952e-20 -4.100888e-20 1.313065e+01
559000 7.853753e-25 -4.100302e-20 -4.100223e-20 1.137690e-01
560000 2.069526e-21 -4.109999e-20 -3.903047e-20 2.997904e+02
561000 3.588293e-22 -3.994548e-20 -3.958665e-20 5.197980e+01
562000 2.399560e-21 -4.089542e-20 -3.849586e-20 3.475989e+02
563000 8.049734e-22 -3.597056e-20 -3.516559e-20 1.166080e+02
564000 1.708510e-21 -3.976511e-20 -3.805660e-20 2.474938e+02
565000 1.290465e-26 -3.551935e-20 -3.551933e-20 1.869360e-03
566000 1.326749e-21 -3.894248e-20 -3.761573e-20 1.921921e+02
567000 1.164560e-22 -4.001214e-20 -3.989569e-20 1.686975e+01
568000 2.039647e-22 -4.090429e-20 -4.070033e-20 2.954621e+01
569000 2.232266e-22 -4.085755e-20 -4.063432e-20 3.233647e+01
570000 1.702689e-21 -4.035918e-20 -3.865649e-20 2.466506e+02
571000 2.293814e-20 -4.101996e-20 -1.808183e-20 3.322805e+03
572000 5.410091e-21 -4.109395e-20 -3.568386e-20 7.837026e+02
573000 3.204345e-21 -3.936173e-20 -3.615738e-20 4.641795e+02
574000 8.587874e-25 -3.909969e-20 -3.909883e-20 1.244034e-01
575000 3.971568e-21 -4.101174e-20 -3.704018e-20 5.753190e+02
576000 1.027589e-20 -4.055134e-20 -3.027544e-20 1.488560e+03
577000 6.876302e-22 -3.998252e-20 -3.929489e-20 9.960970e+01
578000 1.507749e-22 -4.106886e-20 -4.091809e-20 2.184116e+01
579000 4.962358e-23 -3.808330e-20 -3.803368e-20 7.188442e+00
580000 1.431519e-21 -4.098301e-20 -3.955149e-20 2.073690e+02
581000 8.780058e-21 -4.108746e-20 -3.230740e-20 1.271874e+03
582000 1.413291e-21 -3.503761e-20 -3.362432e-20 2.047284e+02
583000 4.093592e-22 -4.092161e-20 -4.051225e-20 5.929953e+01
584000 9.339370e-25 -4.087843e-20 -4.087750e-20 1.352896e-01
585000 1.365187e-22 -3.709147e-20 -3.695495e-20 1.977602e+01
586000 5.001452e-22 -4.105736e-20 -4.055722e-20 7.245074e+01
587000 7.562129e-21 -4.095791e-20 -3.339578e-20 1.095446e+03
588000 1.320194e-21 -4.054115e-20 -3.922096e-20 1.912425e+02
589000 4.785367e-22 -4.056483e-20 -4.008629e-20 6.932054e+01
590000 9.126180e-23 -3.974960e-20 -3.965833e-20 1.322013e+01
591000 5.466465e-21 -3.111544e-20 -2.564898e-20 7.918689e+02
592000 1.920328e-24 -4.095548e-20 -4.095356e-20 2.781776e-01
593000 2.582382e-23 -4.109344e-20 -4.106762e-20 3.740823e+00
594000 6.928583e-23 -4.090794e-20 -4.083865e-20 1.003670e+01
595000 4.457137e-23 -4.026481e-20 -4.022024e-20 6.456583e+00
596000 4.758958e-21 -3.951754e-20 -3.475858e-20 6.893798e+02
597000 1.780869e-22 -4.092336e-20 -4.074528e-20 2.579756e+01
598000 2.180047e-22 -4.019757e-20 -3.997957e-20 3.158003e+01
599000 2.247036e-21 -3.805328e-20 -3.580624e-20 3.255043e+02
600000 4.624491e-22 -3.908305e-20 -3.862060e-20 6.699010e+01
601000 1.361118e-21 -4.106169e-20 -3.970057e-20 1.971708e+02
602000 5.715024e-23 -3.342442e-20 -3.336727e-20 8.278750e+00
603000 1.783971e-21 -4.095706e-20 -3.917309e-20 2.584249e+02
604000 6.126265e-23 -4.076098e-20 -4.069972e-20 8.874471e+00
605000 6.468952e-21 -4.100396e-20 -3.453501e-20 9.370885e+02
606000 2.284961e-21 -4.076167e-20 -3.847671e-20 3.309980e+02
607000 3.148452e-21 -3.809617e-20 -3.494772e-20 4.560828e+02
608000 2.260022e-22 -3.874808e-20 -3.852208e-20 3.273854e+01
609000 9.132929e-22 -3.527139e-20 -3.435810e-20 1.322991e+02
610000 3.101073e-21 -3.864489e-20 -3.554381e-20 4.492197e+02
611000 2.961683e-22 -4.070098e-20 -4.040481e-20 4.290277e+01
612000 7.352723e-21 -4.043792e-20 -3.308520e-20 1.065111e+03
613000 2.066168e-23 -4.105895e-20 -4.103829e-20 2.993038e+00
614000 2.068238e-21 -3.864312e-20 -3.657488e-20 2.996037e+02
615000 5.681233e-21 -4.104293e-20 -3.536170e-20 8.229801e+02
616000 6.963603e-24 -3.739012e-20 -3.738315e-20 1.008743e+00
617000 2.115650e-21 -3.910469e-20 -3.698904e-20 3.064718e+02
618000 6.066360e-21 -3.866166e-20 -3.259530e-20 8.787694e+02
619000 2.743276e-21 -3.530199e-20 -3.255872e-20 3.973893e+02
620000 4.658061e-21 -3.992194e-20 -3.526388e-20 6.747640e+02
621000 1.372220e-20 -3.324716e-20 -1.952496e-20 1.987790e+03
622000 6.741052e-22 -4.038979e-20 -3.971568e-20 9.765048e+01
623000 2.546114e-21 -4.099345e-20 -3.844733e-20 3.688286e+02
624000 9.861415e-21 -3.898264e-20 -2.912122e-20 1.428519e+03
625000 3.158894e-21 -3.825605e-20 -3.509715e-20 4.575955e+02
626000 7.784175e-22 -3.351013e-20 -3.273171e-20 1.127611e+02
627000 2.433245e-21 -3.742518e-20 -3.499193e-20 3.524784e+02
628000 1.372567e-20 -3.129456e-20 -1.756889e-20 1.988293e+03
629000 6.052947e-26 -3.940789e-20 -3.940783e-20 8.768263e-03
630000 4.452706e-21 -3.909098e-20 -3.463828e-20 6.450164e+02
631000 1.478922e-21 -3.734478e-20 -3.586586e-20 2.142358e+02
632000 1.139134e-21 -4.109297e-20 -3.995383e-20 1.650143e+02
633000 5.503492e-21 -4.068671e-20 -3.518322e-20 7.972326e+02
634000 8.074826e-23 -4.107841e-20 -4.099766e-20 1.169714e+01
635000 5.190106e-21 -4.046105e-20 -3.527094e-20 7.518357e+02
636000 4.183459e-22 -4.075437e-20 -4.033603e-20 6.060134e+01
637000 2.905038e-21 -4.105044e-20 -3.814540e-20 4.208222e+02
638000 1.009820e-20 -3.890881e-20 -2.881060e-20 1.462820e+03
639000 1.029345e-22 -3.995738e-20 -3.985444e-20 1.491104e+01
640000 3.579105e-22 -3.732821e-20 -3.697030e-20 5.184671e+01
641000 2.664275e-22 -3.797929e-20 -3.771286e-20 3.859453e+01
642000 2.756291e-21 -3.955419e-20 -3.679790e-20 3.992747e+02
643000 3.847324e-21 -3.974003e-20 -3.589271e-20 5.573211e+02
644000 6.871532e-22 -3.525000e-20 -3.456284e-20 9.954061e+01
645000 3.252398e-21 -3.999959e-20 -3.674720e-20 4.711405e+02
646000 1.342436e-23 -3.881592e-20 -3.880250e-20 1.944645e+00
647000 3.318826e-21 -3.724181e-20 -3.392299e-20 4.807632e+02
648000 1.707602e-21 -4.078452e-20 -3.907692e-20 2.473623e+02
649000 6.766626e-23 -3.460716e-20 -3.453949e-20 9.802095e+00
650000 4.864181e-22 -3.926034e-20 -3.877392e-20 7.046225e+01
651000 2.635269e-22 -3.971448e-20 -3.945096e-20 3.817435e+01
652000 1.849680e-21 -4.066722e-20 -3.881754e-20 2.679436e+02
653000 9.894372e-21 -3.758086e-20 -2.768649e-20 1.433293e+03
654000 7.495430e-23 -3.803598e-20 -3.796102e-20 1.085784e+01
655000 6.084142e-22 -3.479535e-20 -3.418694e-20 8.813452e+01
656000 3.844471e-21 -3.234204e-20 -2.849757e-20 5.569078e+02
657000 2.648251e-22 -3.776350e-20 -3.749867e-20 3.836240e+01
658000 3.805947e-22 -4.068199e-20 -4.030139e-20 5.513273e+01
659000 1.889275e-21 -3.452704e-20 -3.263777e-20 2.736792e+02
660000 1.675487e-20 -4.102906e-20 -2.427419e-20 2.427101e+03
661000 2.038690e-21 -4.078302e-20 -3.874433e-20 2.953234e+02
662000 2.752664e-22 -2.629598e-20 -2.602071e-20 3.987493e+01
663000 1.422323e-21 -4.048256e-20 -3.906024e-20 2.060368e+02
664000 7.093840e-22 -4.094341e-20 -4.023402e-20 1.027609e+02
665000 9.561119e-22 -4.010673e-20 -3.915062e-20 1.385018e+02
666000 3.147617e-22 -3.144618e-20 -3.113142e-20 4.559619e+01
667000 1.370981e-21 -3.970825e-20 -3.833727e-20 1.985994e+02
668000 2.632575e-22 -3.738647e-20 -3.712321e-20 3.813532e+01
669000 4.189486e-21 -4.107620e-20 -3.688672e-20 6.068864e+02
670000 6.256211e-25 -3.859875e-20 -3.859813e-20 9.062711e-02
671000 6.276753e-22 -4.087548e-20 -4.024780e-20 9.092467e+01
672000 5.971877e-21 -3.277488e-20 -2.680300e-20 8.650825e+02
673000 1.652841e-22 -4.093606e-20 -4.077078e-20 2.394295e+01
674000 1.469016e-21 -4.056587e-20 -3.909686e-20 2.128008e+02
675000 8.348459e-25 -4.061794e-20 -4.061711e-20 1.209353e-01
676000 9.158530e-22 -3.866819e-20 -3.775234e-20 1.326699e+02
677000 2.512767e-22 -4.022208e-20 -3.997081e-20 3.639980e+01
678000 3.763751e-21 -3.997225e-20 -3.620850e-20 5.452147e+02
679000 1.710756e-21 -3.802998e-20 -3.631923e-20 2.478191e+02
680000 1.240536e-22 -3.050315e-20 -3.037909e-20 1.797033e+01
681000 4.977824e-21 -4.105490e-20 -3.607708e-20 7.210846e+02
682000 4.422595e-21 -3.825295e-20 -3.383035e-20 6.406545e+02
683000 7.119862e-21 -4.040048e-20 -3.328062e-20 1.031379e+03
684000 2.020120e-21 -4.104306e-20 -3.902294e-20 2.926334e+02
685000 6.859433e-22 -3.903521e-20 -3.834927e-20 9.936534e+01
686000 2.601180e-21 -4.056773e-20 -3.796655e-20 3.768054e+02
687000 1.369611e-21 -4.006908e-20 -3.869947e-20 1.984010e+02
688000 1.573973e-22 -4.091437e-20 -4.075697e-20 2.280048e+01
689000 4.441807e-27 -3.459030e-20 -3.459030e-20 6.434375e-04
690000 1.428932e-21 -4.108113e-20 -3.965220e-20 2.069943e+02
691000 3.769880e-21 -4.094195e-20 -3.717207e-20 5.461026e+02
692000 1.099110e-20 -4.093183e-20 -2.994073e-20 1.592164e+03
693000 3.169928e-21 -4.102169e-20 -3.785176e-20 4.591940e+02
694000 7.472345e-22 -4.100769e-20 -4.026045e-20 1.082439e+02
695000 1.067170e-21 -3.871484e-20 -3.764767e-20 1.545896e+02
696000 2.965357e-22 -4.100104e-20 -4.070450e-20 4.295599e+01
697000 7.038146e-22 -3.621068e-20 -3.550687e-20 1.019542e+02
698000 1.019210e-21 -4.019490e-20 -3.917569e-20 1.476422e+02
699000 8.421010e-22 -4.107244e-20 -4.023034e-20 1.219862e+02
700000 7.439081e-24 -3.952526e-20 2.604822e-19 1.077621e+00
701000 3.992263e-21 -4.066016e-20 1.633321e-19 5.783168e+02
702000 7.077266e-22 -4.050708e-20 1.602006e-19 1.025209e+02
703000 1.145094e-24 -4.066681e-20 1.593343e-19 1.658777e-01
704000 3.109112e-21 -2.729035e-20 1.758188e-19 4.503842e+02
705000 4.159373e-21 -3.875102e-20 1.654083e-19 6.025243e+02
706000 9.354202e-22 -4.032003e-20 1.606154e-19 1.355044e+02
707000 2.824530e-21 -3.991772e-20 1.629068e-19 4.091598e+02
708000 1.654849e-23 -4.025674e-20 1.597598e-19 2.397205e+00
709000 5.917994e-21 -4.109718e-20 1.648208e-19 8.572772e+02
710000 1.000562e-21 -4.030070e-20 1.606999e-19 1.449408e+02
711000 1.397774e-20 -4.105342e-20 1.729243e-19 2.024808e+03
712000 6.240181e-23 -3.051334e-20 1.695491e-19 9.039490e+00
713000 2.580428e-21 -4.085957e-20 1.617209e-19 3.737992e+02
714000 2.104272e-22 -3.919894e-20 1.610115e-19 3.048236e+01
715000 1.982414e-22 -4.098677e-20 1.592115e-19 2.871714e+01
716000 7.193601e-21 -4.090008e-20 1.662935e-19 1.042061e+03
717000 1.223962e-21 -4.072218e-20 1.605018e-19 1.773024e+02
718000 6.498841e-23 -4.063697e-20 1.594280e-19 9.414182e+00
719000 5.364755e-23 -4.027118e-20 1.597825e-19 7.771352e+00
720000 2.320505e-25 -3.693541e-20 1.630648e-19 3.361471e-02
721000 7.810870e-22 -1.596195e-20 1.848191e-19 1.131478e+02
722000 6.810345e-23 -4.036672e-20 1.597014e-19 9.865425e+00
723000 1.621088e-21 -4.101321e-20 1.606079e-19 2.348299e+02
724000 5.608406e-22 -4.105595e-20 1.595049e-19 8.124304e+01
725000 9.184430e-25 -4.103431e-20 1.589666e-19 1.330451e-01
726000 1.037080e-21 -3.862056e-20 1.624165e-19 1.502307e+02
727000 1.844827e-23 -4.109769e-20 1.589208e-19 2.672406e+00
728000 4.104365e-21 -3.651013e-20 1.675942e-19 5.945559e+02
729000 2.141621e-22 -3.480869e-20 1.654055e-19 3.102340e+01
730000 7.401580e-22 -4.109534e-20 1.596448e-19 1.072189e+02
731000 5.807937e-21 -4.015662e-20 1.656513e-19 8.413344e+02
732000 1.535102e-21 -4.100056e-20 1.605345e-19 2.223739e+02
733000 1.380245e-22 -3.026064e-20 1.698774e-19 1.999415e+01
734000 2.579448e-22 -3.808130e-20 1.621766e-19 3.736573e+01
735000 8.860182e-22 -4.108420e-20 1.598018e-19 1.283481e+02
736000 1.626503e-21 -4.010638e-20 1.615201e-19 2.356142e+02
737000 2.468946e-21 -4.105981e-20 1.614091e-19 3.576500e+02
738000 7.998300e-25 -4.053796e-20 1.594628e-19 1.158629e-01
739000 8.941110e-22 -4.090369e-20 1.599904e-19 1.295204e+02
740000 7.286705e-21 -4.028775e-20 1.669990e-19 1.055548e+03
741000 1.005760e-20 -3.655872e-20 1.734989e-19 1.456938e+03
742000 3.442483e-21 -4.087226e-20 1.625702e-19 4.986760e+02
743000 2.416049e-21 -4.073503e-20 1.616810e-19 3.499874e+02
744000 7.118056e-22 -3.998023e-20 1.607316e-19 1.031117e+02
745000 1.867483e-23 -3.794999e-20 1.620687e-19 2.705225e+00
746000 9.978173e-22 -4.094027e-20 1.600575e-19 1.445432e+02
747000 3.518782e-21 -3.901617e-20 1.645026e-19 5.097287e+02
748000 4.217087e-22 -4.048600e-20 1.599357e-19 6.108848e+01
749000 4.444319e-22 -4.029401e-20 1.601504e-19 6.438015e+01
750000 5.483123e-23 -4.024165e-20 1.598132e-19 7.942820e+00
751000 5.196380e-21 -3.976159e-20 1.654348e-19 7.527445e+02
752000 1.945302e-21 -4.066710e-20 1.612782e-19 2.817952e+02
753000 4.624378e-23 -4.082540e-20 1.592208e-19 6.698847e+00
754000 2.220552e-22 -3.944597e-20 1.607761e-19 3.216679e+01
755000 3.009644e-21 -4.101383e-20 1.619958e-19 4.359753e+02
756000 1.110430e-21 -4.096390e-20 1.601465e-19 1.608563e+02
757000 1.792323e-21 -4.109314e-20 1.606992e-19 2.596348e+02
758000 7.091783e-21 -4.050879e-20 1.665830e-19 1.027312e+03
759000 1.621206e-21 -4.108491e-20 1.605363e-19 2.348469e+02
760000 7.887057e-22 -4.089188e-20 1.598968e-19 1.142514e+02
761000 1.066326e-20 -4.018637e-20 1.704771e-19 1.544674e+03
762000 9.732278e-22 -4.104815e-20 1.599251e-19 1.409812e+02
763000 2.203233e-21 -4.099690e-20 1.612063e-19 3.191590e+02
764000 2.572265e-22 -4.061271e-20 1.596445e-19 3.726168e+01
765000 3.116898e-21 -3.821428e-20 1.649026e-19 4.515120e+02
766000 1.703250e-21 -4.009064e-20 1.616222e-19 2.467318e+02
767000 2.031055e-22 -3.989593e-20 1.627797e-19 2.942174e+01
768000 4.310106e-21 -3.582567e-20 1.684844e-19 6.243594e+02
769000 1.099396e-22 -3.818760e-20 1.619223e-19 1.592579e+01
770000 2.048077e-22 -4.062269e-20 1.595821e-19 2.966833e+01
771000 1.863324e-22 -4.103940e-20 1.591469e-19 2.699200e+01
772000 1.199800e-23 -4.053819e-20 1.594738e-19 1.738023e+00
773000 8.715937e-25 -3.867675e-20 1.613241e-19 1.262586e-01
774000 9.491158e-22 -3.568999e-20 1.652591e-19 1.374884e+02
775000 4.059531e-24 -4.007042e-20 1.599534e-19 5.880613e-01
776000 2.105516e-21 -3.450544e-20 1.676001e-19 3.050038e+02
777000 2.036656e-21 -4.053444e-20 1.615022e-19 2.950288e+02
778000 2.499478e-22 -3.999564e-20 1.602543e-19 3.620729e+01
779000 2.292438e-23 -4.050593e-20 1.595170e-19 3.320812e+00
780000 1.597178e-22 -4.048752e-20 1.596722e-19 2.313662e+01
781000 1.098912e-21 -3.802238e-20 1.630765e-19 1.591877e+02
782000 1.068527e-22 -4.099126e-20 1.591156e-19 1.547862e+01
783000 5.915231e-21 -4.095830e-20 1.649569e-19 8.568769e+02
784000 1.916203e-21 -4.075772e-20 1.611585e-19 2.775800e+02
785000 3.977035e-21 -3.749515e-20 1.664819e-19 5.761109e+02
786000 7.878575e-23 -4.007733e-20 1.600015e-19 1.141286e+01
787000 7.521840e-22 -4.098923e-20 1.597630e-19 1.089609e+02
788000 8.445938e-22 -4.045656e-20 1.603880e-19 1.223474e+02
789000 1.394311e-21 -4.014582e-20 1.612496e-19 2.019791e+02
790000 2.526873e-21 -4.078440e-20 1.617425e-19 3.660414e+02
791000 9.614693e-21 -4.109713e-20 1.685176e-19 1.392779e+03
792000 3.956228e-23 -3.859000e-20 1.614496e-19 5.730969e+00
793000 1.870374e-22 -4.106513e-20 1.591219e-19 2.709413e+01
794000 3.771748e-22 -4.090043e-20 1.594767e-19 5.463731e+01
795000 1.527261e-21 -4.076442e-20 1.607628e-19 2.212381e+02
796000 2.886481e-23 -4.063196e-20 1.593969e-19 4.181339e+00
797000 3.225665e-23 -4.108502e-20 1.589472e-19 4.672680e+00
798000 1.777820e-21 -4.109487e-20 1.606829e-19 2.575340e+02
799000 5.434916e-23 -4.067114e-20 1.593832e-19 7.872987e+00
800000 3.382814e-21 -3.988656e-20 1.665038e-19 4.900324e+02
801000 1.519000e-22 -4.109909e-20 1.590528e-19 2.200415e+01
802000 2.370516e-21 -4.109791e-20 1.612726e-19 3.433916e+02
803000 6.600864e-22 -3.648494e-20 1.641751e-19 9.561972e+01
804000 9.071910e-22 -3.725799e-20 1.636492e-19 1.314151e+02
805000 2.861766e-21 -4.052644e-20 1.623353e-19 4.145537e+02
806000 8.719462e-22 -3.732370e-20 1.635482e-19 1.263096e+02
807000 2.983945e-22 -4.106996e-20 1.592284e-19 4.322525e+01
808000 1.344968e-24 -3.916004e-20 1.608413e-19 1.948312e-01
809000 8.939339e-22 -4.041479e-20 1.604791e-19 1.294947e+02
810000 1.521783e-21 -4.057207e-20 1.609497e-19 2.204446e+02
811000 1.139177e-21 -3.847664e-20 1.626625e-19 1.650204e+02
812000 1.061182e-21 -4.088813e-20 1.601730e-19 1.537221e+02
813000 2.417696e-22 -4.093616e-20 1.593056e-19 3.502260e+01
814000 4.566148e-22 -4.043017e-20 1.600264e-19 6.614495e+01
815000 5.491520e-21 -2.704927e-20 1.784422e-19 7.954983e+02
816000 8.229401e-22 -3.916713e-20 1.616558e-19 1.192106e+02
817000 1.073804e-22 -4.108460e-20 1.590228e-19 1.555506e+01
818000 4.455066e-23 -4.104307e-20 1.590015e-19 6.453582e+00
819000 6.661747e-23 -3.775593e-20 1.623107e-19 9.650167e+00
820000 6.181111e-22 -4.107240e-20 1.595457e-19 8.953921e+01
821000 4.112077e-22 -3.952215e-20 1.608891e-19 5.956730e+01
822000 3.579783e-21 -4.104644e-20 1.625333e-19 5.185653e+02
823000 2.346358e-21 -3.994801e-20 1.623983e-19 3.398920e+02
824000 3.321912e-21 -3.029123e-20 1.730307e-19 4.812102e+02
825000 4.295790e-21 -3.941404e-20 1.648818e-19 6.222856e+02
826000 1.516234e-23 -4.076847e-20 1.592467e-19 2.196407e+00
827000 1.232685e-20 -4.109152e-20 1.712353e-19 1.785660e+03
828000 8.004416e-21 -4.001285e-20 1.679916e-19 1.159515e+03
829000 3.846834e-21 -4.107928e-20 1.627676e-19 5.572501e+02
830000 1.572139e-22 -4.106260e-20 1.590946e-19 2.277392e+01
831000 2.066935e-22 -4.090225e-20 1.593044e-19 2.994150e+01
832000 1.605056e-21 -3.973568e-20 1.618694e-19 2.325075e+02
833000 7.745093e-22 -4.075360e-20 1.600209e-19 1.121950e+02
834000 6.125089e-23 -4.036179e-20 1.596995e-19 8.872768e+00
835000 8.655257e-23 -3.925549e-20 1.608311e-19 1.253795e+01
836000 1.320811e-21 -4.109736e-20 1.602235e-19 1.913319e+02
837000 3.517855e-22 -4.109997e-20 1.592518e-19 5.095944e+01
838000 1.417911e-22 -4.105530e-20 1.590865e-19 2.053977e+01
839000 1.314096e-21 -4.102684e-20 1.602873e-19 1.903591e+02
840000 2.610219e-22 -3.995820e-20 1.603028e-19 3.781148e+01
841000 6.960222e-22 -4.102877e-20 1.596672e-19 1.008254e+02
842000 1.774571e-22 -4.077589e-20 1.594016e-19 2.570633e+01
843000 1.341892e-20 -4.108058e-20 1.723383e-19 1.943857e+03
844000 2.461604e-21 -4.011026e-20 1.623560e-19 3.565865e+02
845000 1.822377e-21 -4.093890e-20 1.608835e-19 2.639885e+02
846000 5.473244e-22 -3.642872e-20 1.641186e-19 7.928509e+01
847000 1.125969e-20 -4.109781e-20 1.701619e-19 1.631073e+03
848000 8.439276e-22 -3.879301e-20 1.620509e-19 1.222508e+02
849000 2.134818e-23 -4.030227e-20 1.597191e-19 3.092484e+00
850000 4.423862e-22 -3.546665e-20 1.649757e-19 6.408380e+01
851000 3.456128e-21 -4.107340e-20 1.623827e-19 5.006527e+02
852000 5.402925e-23 -3.808905e-20 1.619650e-19 7.826645e+00
853000 5.652248e-22 -4.056107e-20 1.600042e-19 8.187813e+01
854000 8.746608e-24 -4.082132e-20 1.591874e-19 1.267029e+00
855000 5.835451e-21 -4.090025e-20 1.649352e-19 8.453200e+02
856000 2.460094e-21 -4.095026e-20 1.615098e-19 3.563678e+02
857000 1.321694e-21 -4.107878e-20 1.602429e-19 1.914598e+02
858000 2.185113e-21 -4.066698e-20 1.615181e-19 3.165341e+02
859000 1.112669e-21 -3.928487e-20 1.618278e-19 1.611805e+02
860000 1.744769e-21 -4.107259e-20 1.606722e-19 2.527462e+02
861000 9.417627e-22 -3.346018e-20 1.674816e-19 1.364232e+02
862000 1.034567e-22 -4.044609e-20 1.596574e-19 1.498668e+01
863000 1.702147e-20 -4.058170e-20 1.764398e-19 2.465720e+03
864000 4.286219e-22 -4.102367e-20 1.594050e-19 6.208991e+01
865000 4.121802e-22 -4.098324e-20 1.594289e-19 5.970819e+01
866000 7.249791e-23 -4.037500e-20 1.596975e-19 1.050200e+01
867000 1.665896e-21 -4.034399e-20 1.613219e-19 2.413207e+02
868000 2.325665e-22 -4.078868e-20 1.594439e-19 3.368945e+01
869000 7.251353e-21 -3.985220e-20 1.673992e-19 1.050427e+03
870000 2.485660e-23 -3.989058e-20 1.601343e-19 3.600713e+00
871000 9.006861e-22 -4.083413e-20 1.600666e-19 1.304729e+02
872000 1.974614e-22 -4.039886e-20 1.597986e-19 2.860415e+01
873000 2.279134e-21 -3.851625e-20 1.637629e-19 3.301540e+02
874000 2.695233e-23 -4.013039e-20 1.598966e-19 3.904299e+00
875000 1.728255e-21 -4.059774e-20 1.611305e-19 2.503540e+02
876000 3.966133e-23 -4.109996e-20 1.589397e-19 5.745317e+00
877000 4.396369e-21 -4.109973e-20 1.632966e-19 6.368554e+02
878000 4.807527e-21 -4.108981e-20 1.637177e-19 6.964155e+02
879000 2.272505e-22 -4.046623e-20 1.597610e-19 3.291938e+01
