step K U E temp
0 4.569367e-21 -3.971079e-20 -3.514142e-20 6.619158e+02
1000 1.292662e-21 -4.080788e-20 -3.951522e-20 1.872543e+02
2000 5.374131e-24 -3.910626e-20 -3.910088e-20 7.784934e-01
3000 9.820882e-21 -3.587075e-20 -2.604987e-20 1.422647e+03
4000 9.885215e-22 -3.997705e-20 -3.898853e-20 1.431966e+02
5000 2.514395e-23 -4.005660e-20 -4.003145e-20 3.642337e+00
6000 9.519348e-22 -4.054844e-20 -3.959651e-20 1.378967e+02
7000 1.642053e-21 -4.061380e-20 -3.897174e-20 2.378669e+02
8000 4.483115e-22 -4.061237e-20 -4.016406e-20 6.494213e+01
9000 1.888531e-23 -3.589628e-20 -3.587739e-20 2.735715e+00
10000 3.264055e-21 -3.719859e-20 -3.393453e-20 4.728291e+02
11000 8.313607e-21 -3.798830e-20 -2.967469e-20 1.204304e+03
12000 6.316621e-22 -3.883428e-20 -3.820262e-20 9.150219e+01
13000 7.849006e-22 -4.103066e-20 -4.024576e-20 1.137002e+02
14000 6.216841e-21 -4.088697e-20 -3.467013e-20 9.005679e+02
15000 1.007943e-22 -4.076139e-20 -4.066059e-20 1.460100e+01
16000 3.838369e-22 -4.109996e-20 -4.071613e-20 5.560238e+01
17000 2.009600e-21 -3.931666e-20 -3.730706e-20 2.911095e+02
18000 3.964409e-21 -3.354129e-20 -2.957688e-20 5.742820e+02
19000 2.547266e-22 -3.869780e-20 -3.844307e-20 3.689954e+01
20000 6.310839e-22 -2.581909e-20 -2.518800e-20 9.141844e+01
21000 2.517147e-22 -3.682399e-20 -3.657228e-20 3.646324e+01
22000 8.545448e-22 -4.096415e-20 -4.010961e-20 1.237888e+02
23000 1.198190e-23 -4.099627e-20 -4.098429e-20 1.735691e+00
24000 1.732484e-22 -4.075097e-20 -4.057772e-20 2.509666e+01
25000 6.922686e-22 -4.106774e-20 -4.037547e-20 1.002816e+02
26000 1.117344e-20 -4.063506e-20 -2.946162e-20 1.618577e+03
27000 4.620165e-21 -3.658566e-20 -3.196550e-20 6.692744e+02
28000 4.385976e-21 -3.982269e-20 -3.543671e-20 6.353499e+02
29000 1.220788e-21 -4.108502e-20 -3.986423e-20 1.768426e+02
30000 3.485885e-23 -3.859454e-20 -3.855968e-20 5.049632e+00
31000 3.106606e-21 -3.975191e-20 -3.664531e-20 4.500211e+02
32000 1.568910e-21 -4.005826e-20 -3.848935e-20 2.272714e+02
33000 1.628125e-25 -4.089145e-20 -4.089129e-20 2.358492e-02
34000 4.338681e-22 -4.068722e-20 -4.025335e-20 6.284987e+01
35000 3.694577e-21 -4.079065e-20 -3.709608e-20 5.351943e+02
36000 9.751786e-22 -3.613860e-20 -3.516342e-20 1.412638e+02
37000 4.618045e-22 -4.109033e-20 -4.062852e-20 6.689673e+01
38000 3.979889e-21 -3.343990e-20 -2.946001e-20 5.765244e+02
39000 3.293448e-21 -4.018809e-20 -3.689464e-20 4.770869e+02
40000 4.620011e-21 -3.992850e-20 -3.530849e-20 6.692521e+02
41000 3.151844e-23 -4.092011e-20 -4.088859e-20 4.565743e+00
42000 8.083945e-21 -4.100224e-20 -3.291829e-20 1.171036e+03
43000 2.861862e-22 -3.889591e-20 -3.860972e-20 4.145677e+01
44000 9.367243e-22 -4.043756e-20 -3.950083e-20 1.356933e+02
45000 2.143946e-21 -3.910291e-20 -3.695897e-20 3.105708e+02
46000 1.658537e-21 -4.062200e-20 -3.896346e-20 2.402547e+02
47000 4.094201e-21 -4.082793e-20 -3.673373e-20 5.930835e+02
48000 3.852581e-21 -3.867839e-20 -3.482581e-20 5.580826e+02
49000 4.819254e-22 -4.106875e-20 -4.058683e-20 6.981143e+01
50000 3.046890e-21 -3.566764e-20 -3.262075e-20 4.413707e+02
51000 5.485324e-23 -4.043511e-20 -4.038025e-20 7.946008e+00
52000 2.737320e-22 -4.107877e-20 -4.080504e-20 3.965266e+01
53000 2.719741e-22 -3.934084e-20 -3.906887e-20 3.939801e+01
54000 7.515364e-24 -4.108645e-20 -4.107894e-20 1.088671e+00
55000 2.397312e-21 -2.995637e-20 -2.755906e-20 3.472732e+02
56000 4.734664e-22 -4.093668e-20 -4.046322e-20 6.858606e+01
57000 7.346155e-21 -4.108693e-20 -3.374078e-20 1.064160e+03
58000 4.921205e-21 -3.683191e-20 -3.191070e-20 7.128829e+02
59000 3.152668e-21 -4.026431e-20 -3.711164e-20 4.566936e+02
60000 1.344267e-20 -3.539675e-20 -2.195408e-20 1.947297e+03
61000 1.879524e-21 -3.823194e-20 -3.635242e-20 2.722668e+02
62000 7.509279e-24 -4.102725e-20 -4.101974e-20 1.087790e+00
63000 6.072364e-21 -4.080983e-20 -3.473746e-20 8.796390e+02
64000 1.478822e-22 -4.105827e-20 -4.091039e-20 2.142213e+01
65000 4.245244e-22 -3.964836e-20 -3.922383e-20 6.149636e+01
66000 1.164056e-21 -4.082395e-20 -3.965989e-20 1.686244e+02
67000 8.508958e-22 -3.983287e-20 -3.898198e-20 1.232603e+02
68000 2.724045e-21 -3.189830e-20 -2.917426e-20 3.946035e+02
69000 8.035673e-22 -3.664490e-20 -3.584134e-20 1.164043e+02
70000 5.334632e-22 -4.090614e-20 -4.037268e-20 7.727717e+01
71000 2.455500e-21 -3.975288e-20 -3.729738e-20 3.557023e+02
72000 2.211257e-21 -4.040432e-20 -3.819306e-20 3.203214e+02
73000 8.005742e-22 -3.915639e-20 -3.835582e-20 1.159707e+02
74000 2.146853e-22 -3.712201e-20 -3.690732e-20 3.109919e+01
75000 2.032012e-21 -3.971559e-20 -3.768358e-20 2.943561e+02
76000 3.633007e-22 -4.107779e-20 -4.071449e-20 5.262753e+01
77000 5.935150e-22 -4.068803e-20 -4.009452e-20 8.597624e+01
78000 2.557308e-21 -4.101619e-20 -3.845888e-20 3.704502e+02
79000 9.004464e-23 -4.109544e-20 -4.100540e-20 1.304381e+01
80000 1.156924e-23 -4.107637e-20 -4.106480e-20 1.675913e+00
81000 1.272732e-22 -3.719511e-20 -3.706784e-20 1.843673e+01
82000 3.040211e-21 -3.988478e-20 -3.684457e-20 4.404031e+02
83000 1.971564e-22 -4.108769e-20 -4.089054e-20 2.855996e+01
84000 3.578831e-23 -4.106472e-20 -4.102893e-20 5.184274e+00
85000 4.360475e-24 -3.924557e-20 -3.924121e-20 6.316558e-01
86000 3.479048e-22 -4.060144e-20 -4.025353e-20 5.039729e+01
87000 1.335133e-23 -3.926414e-20 -3.925079e-20 1.934066e+00
88000 5.705966e-22 -4.106626e-20 -4.049566e-20 8.265629e+01
89000 4.036530e-26 -3.932864e-20 -3.932859e-20 5.847294e-03
90000 8.271214e-21 -4.098954e-20 -3.271832e-20 1.198163e+03
91000 2.950150e-21 -4.108567e-20 -3.813552e-20 4.273570e+02
92000 1.877283e-23 -4.094840e-20 -4.092962e-20 2.719422e+00
93000 8.133211e-22 -3.759193e-20 -3.677861e-20 1.178172e+02
94000 3.493994e-21 -4.104066e-20 -3.754667e-20 5.061378e+02
95000 5.673837e-21 -3.899613e-20 -3.332229e-20 8.219087e+02
96000 2.901764e-22 -4.073199e-20 -4.044181e-20 4.203479e+01
97000 8.995881e-23 -3.991107e-20 -3.982111e-20 1.303138e+01
98000 1.940765e-21 -3.841980e-20 -3.647904e-20 2.811381e+02
99000 1.003643e-20 -4.107214e-20 -3.103572e-20 1.453871e+03
100000 1.324365e-22 -4.107942e-20 -4.094699e-20 1.918468e+01
101000 4.501499e-21 -3.832668e-20 -3.382518e-20 6.520845e+02
102000 8.301358e-22 -4.106809e-20 -4.023796e-20 1.202530e+02
103000 1.420660e-20 -3.872111e-20 -2.451451e-20 2.057960e+03
104000 6.693575e-22 -3.402298e-20 -3.335363e-20 9.696274e+01
105000 2.092074e-22 -4.032297e-20 -4.011376e-20 3.030565e+01
106000 3.603806e-22 -3.999263e-20 -3.963225e-20 5.220452e+01
107000 2.399846e-21 -4.090861e-20 -3.850876e-20 3.476403e+02
108000 1.066679e-22 -3.730770e-20 -3.720103e-20 1.545184e+01
109000 2.724083e-23 -3.992141e-20 -3.989417e-20 3.946091e+00
110000 1.701780e-22 -4.065741e-20 -4.048724e-20 2.465188e+01
111000 5.554648e-21 -3.961606e-20 -3.406142e-20 8.046430e+02
112000 7.253245e-22 -4.109092e-20 -4.036560e-20 1.050701e+02
113000 2.710814e-23 -4.064093e-20 -4.061382e-20 3.926869e+00
114000 3.344570e-21 -3.992872e-20 -3.658415e-20 4.844925e+02
115000 6.328525e-21 -3.864573e-20 -3.231720e-20 9.167464e+02
116000 3.859235e-21 -4.108095e-20 -3.722172e-20 5.590464e+02
117000 8.253441e-22 -3.999932e-20 -3.917397e-20 1.195589e+02
118000 3.003866e-22 -4.091763e-20 -4.061724e-20 4.351382e+01
119000 1.936810e-22 -3.767276e-20 -3.747908e-20 2.805652e+01
120000 4.831619e-21 -3.949963e-20 -3.466801e-20 6.999055e+02
121000 3.718775e-22 -3.311380e-20 -3.274192e-20 5.386995e+01
122000 4.973351e-23 -4.085838e-20 -4.080865e-20 7.204366e+00
123000 4.583686e-24 -4.044497e-20 -4.044039e-20 6.639900e-01
124000 9.412578e-22 -3.629224e-20 -3.535098e-20 1.363501e+02
125000 1.876195e-21 -3.330535e-20 -3.142916e-20 2.717845e+02
126000 4.681556e-22 -4.076284e-20 -4.029468e-20 6.781675e+01
127000 9.930971e-21 -3.749468e-20 -2.756371e-20 1.438595e+03
128000 5.394301e-22 -4.001074e-20 -3.947131e-20 7.814153e+01
129000 1.498397e-24 -3.744556e-20 -3.744406e-20 2.170569e-01
130000 3.318815e-24 -3.978014e-20 -3.977682e-20 4.807616e-01
131000 2.360130e-22 -3.877717e-20 -3.854116e-20 3.418871e+01
132000 6.981500e-21 -3.617669e-20 -2.919519e-20 1.011336e+03
133000 3.185651e-21 -3.955622e-20 -3.637057e-20 4.614716e+02
134000 4.018891e-22 -3.637805e-20 -3.597616e-20 5.821743e+01
135000 2.847985e-21 -4.069779e-20 -3.784981e-20 4.125574e+02
136000 2.103639e-21 -3.757714e-20 -3.547350e-20 3.047319e+02
137000 1.211592e-22 -3.788346e-20 -3.776230e-20 1.755105e+01
138000 9.307250e-23 -3.861705e-20 -3.852397e-20 1.348243e+01
139000 6.503734e-21 -3.833851e-20 -3.183478e-20 9.421271e+02
140000 1.730964e-21 -4.087732e-20 -3.914635e-20 2.507464e+02
141000 5.808694e-21 -3.591422e-20 -3.010553e-20 8.414440e+02
142000 1.773735e-21 -4.016453e-20 -3.839080e-20 2.569422e+02
143000 5.360971e-22 -4.090766e-20 -4.037156e-20 7.765871e+01
144000 1.880699e-21 -4.099439e-20 -3.911369e-20 2.724369e+02
145000 8.432451e-21 -3.540563e-20 -2.697318e-20 1.221520e+03
146000 6.729964e-21 -4.050414e-20 -3.377417e-20 9.748986e+02
147000 2.825590e-22 -3.559830e-20 -3.531574e-20 4.093133e+01
148000 2.649189e-24 -3.982494e-20 -3.982229e-20 3.837599e-01
149000 1.612396e-21 -3.816868e-20 -3.655628e-20 2.335707e+02
150000 4.247563e-21 -4.109836e-20 -3.685079e-20 6.152995e+02
151000 4.390545e-23 -3.920418e-20 -3.916027e-20 6.360118e+00
152000 4.453508e-21 -3.438446e-20 -2.993095e-20 6.451325e+02
153000 5.874791e-22 -4.067649e-20 -4.008901e-20 8.510188e+01
154000 1.293060e-21 -3.703027e-20 -3.573721e-20 1.873119e+02
155000 5.847975e-23 -3.913551e-20 -3.907703e-20 8.471343e+00
156000 3.520699e-22 -4.091409e-20 -4.056202e-20 5.100064e+01
157000 1.143205e-24 -3.913079e-20 -3.912965e-20 1.656040e-01
158000 6.735281e-22 -3.836064e-20 -3.768712e-20 9.756689e+01
159000 5.213960e-21 -3.570311e-20 -3.048915e-20 7.552911e+02
160000 6.500736e-22 -4.101016e-20 -4.036009e-20 9.416927e+01
161000 5.239525e-25 -3.879788e-20 -3.879736e-20 7.589945e-02
162000 3.074963e-22 -3.868019e-20 -3.837269e-20 4.454373e+01
163000 5.026705e-21 -4.042249e-20 -3.539578e-20 7.281655e+02
164000 9.197422e-21 -3.967636e-20 -3.047894e-20 1.332333e+03
165000 1.844056e-20 -3.988910e-20 -2.144854e-20 2.671288e+03
166000 1.160282e-21 -3.910223e-20 -3.794195e-20 1.680778e+02
167000 3.578393e-22 -4.108494e-20 -4.072710e-20 5.183639e+01
168000 2.501133e-21 -4.095728e-20 -3.845615e-20 3.623127e+02
169000 2.773784e-22 -4.046272e-20 -4.018534e-20 4.018087e+01
170000 4.551693e-21 -4.088532e-20 -3.633363e-20 6.593555e+02
171000 1.408639e-21 -3.609400e-20 -3.468536e-20 2.040547e+02
172000 4.610156e-21 -3.773143e-20 -3.312128e-20 6.678244e+02
173000 1.734576e-21 -3.996421e-20 -3.822963e-20 2.512696e+02
174000 3.825777e-22 -4.094251e-20 -4.055994e-20 5.541998e+01
175000 1.017653e-21 -4.097782e-20 -3.996016e-20 1.474166e+02
176000 4.481937e-21 -3.382589e-20 -2.934396e-20 6.492508e+02
177000 1.769822e-25 -4.080108e-20 -4.080090e-20 2.563754e-02
178000 6.489679e-22 -4.109992e-20 -4.045096e-20 9.400910e+01
179000 1.530825e-23 -4.105450e-20 -4.103919e-20 2.217544e+00
180000 1.859953e-21 -4.096200e-20 -3.910204e-20 2.694317e+02
181000 3.233187e-21 -3.850361e-20 -3.527042e-20 4.683575e+02
182000 1.192002e-22 -4.029618e-20 -4.017698e-20 1.726727e+01
183000 3.115361e-24 -4.092168e-20 -4.091857e-20 4.512893e-01
184000 3.429682e-21 -4.096424e-20 -3.753456e-20 4.968218e+02
185000 1.496661e-21 -3.669618e-20 -3.519952e-20 2.168054e+02
186000 2.864601e-25 -3.778514e-20 -3.778485e-20 4.149644e-02
187000 2.764731e-21 -4.052049e-20 -3.775576e-20 4.004973e+02
188000 1.414183e-22 -4.095732e-20 -4.081590e-20 2.048577e+01
189000 3.438469e-21 -4.049123e-20 -3.705276e-20 4.980946e+02
190000 5.097115e-21 -3.975891e-20 -3.466179e-20 7.383651e+02
191000 2.477360e-21 -3.944723e-20 -3.696987e-20 3.588689e+02
192000 1.292322e-23 -4.104760e-20 -4.103468e-20 1.872050e+00
193000 5.610150e-21 -3.650623e-20 -3.089608e-20 8.126831e+02
194000 4.942250e-22 -4.093708e-20 -4.044285e-20 7.159314e+01
195000 1.947264e-22 -4.043660e-20 -4.024187e-20 2.820795e+01
196000 3.992576e-21 -3.919701e-20 -3.520443e-20 5.783623e+02
197000 2.362263e-21 -3.486780e-20 -3.250554e-20 3.421960e+02
198000 6.598459e-22 -3.612890e-20 -3.546906e-20 9.558488e+01
199000 8.976822e-23 -3.945601e-20 -3.936624e-20 1.300377e+01
200000 1.001205e-21 -4.102548e-20 -4.002427e-20 1.450340e+02
201000 1.448291e-21 -3.622883e-20 -3.478054e-20 2.097985e+02
202000 9.149586e-22 -4.017311e-20 -3.925816e-20 1.325404e+02
203000 7.397259e-23 -4.082563e-20 -4.075166e-20 1.071563e+01
204000 1.242235e-20 -4.037211e-20 -2.794975e-20 1.799495e+03
205000 1.533414e-21 -3.911481e-20 -3.758140e-20 2.221295e+02
206000 2.040982e-24 -3.893661e-20 -3.893457e-20 2.956555e-01
207000 1.315736e-21 -3.686473e-20 -3.554900e-20 1.905967e+02
208000 5.343097e-22 -4.052353e-20 -3.998922e-20 7.739979e+01
209000 1.015116e-24 -3.290462e-20 -3.290361e-20 1.470492e-01
210000 1.182200e-23 -4.099886e-20 -4.098704e-20 1.712528e+00
211000 4.219165e-21 -3.693089e-20 -3.271173e-20 6.111858e+02
212000 7.074343e-27 -4.033337e-20 -4.033337e-20 1.024785e-03
213000 9.106437e-22 -4.109993e-20 -4.018929e-20 1.319153e+02
214000 5.386855e-21 -3.919600e-20 -3.380914e-20 7.803367e+02
215000 7.511681e-21 -3.626494e-20 -2.875326e-20 1.088138e+03
216000 6.279522e-21 -4.108773e-20 -3.480820e-20 9.096478e+02
217000 5.748109e-22 -4.109186e-20 -4.051705e-20 8.326676e+01
218000 2.981718e-22 -4.020504e-20 -3.990687e-20 4.319299e+01
219000 2.976370e-22 -3.810815e-20 -3.781052e-20 4.311553e+01
220000 4.602181e-22 -8.054108e-21 -7.593890e-21 6.666692e+01
221000 7.701680e-22 -4.006286e-20 -3.929270e-20 1.115661e+02
222000 6.016945e-23 -4.035636e-20 -4.029619e-20 8.716111e+00
223000 1.527392e-21 -3.855308e-20 -3.702569e-20 2.212571e+02
224000 2.422131e-22 -4.062883e-20 -4.038662e-20 3.508685e+01
225000 5.971803e-23 -2.904736e-20 -2.898765e-20 8.650719e+00
226000 1.192153e-21 -4.072174e-20 -3.952959e-20 1.726945e+02
227000 1.140513e-22 -3.618965e-20 -3.607560e-20 1.652140e+01
228000 1.393153e-21 -3.978015e-20 -3.838700e-20 2.018113e+02
229000 4.191440e-21 -3.845245e-20 -3.426101e-20 6.071696e+02
230000 9.235278e-21 -4.097278e-20 -3.173750e-20 1.337817e+03
231000 1.189529e-21 -4.051003e-20 -3.932051e-20 1.723145e+02
232000 6.100832e-21 -3.904184e-20 -3.294101e-20 8.837630e+02
233000 6.302369e-21 -4.095391e-20 -3.465154e-20 9.129575e+02
234000 4.788045e-23 -4.051882e-20 -4.047094e-20 6.935934e+00
235000 6.970404e-22 -3.696496e-20 -3.626792e-20 1.009729e+02
236000 1.663270e-21 -3.653110e-20 -3.486783e-20 2.409403e+02
237000 3.509468e-21 -4.103093e-20 -3.752147e-20 5.083794e+02
238000 2.420156e-21 -3.801272e-20 -3.559256e-20 3.505824e+02
239000 2.454033e-21 -4.009879e-20 -3.764476e-20 3.554897e+02
240000 8.784133e-21 -3.943310e-20 -3.064897e-20 1.272464e+03
241000 1.645268e-21 -4.060588e-20 -3.896061e-20 2.383326e+02
242000 4.963071e-21 -3.592392e-20 -3.096084e-20 7.189475e+02
243000 1.498621e-24 -3.005069e-20 -3.004919e-20 2.170893e-01
244000 7.022585e-22 -4.023733e-20 -3.953508e-20 1.017287e+02
245000 2.219734e-22 -4.094995e-20 -4.072798e-20 3.215493e+01
246000 1.677127e-20 -3.807712e-20 -2.130585e-20 2.429476e+03
247000 2.020302e-21 -4.025010e-20 -3.822979e-20 2.926598e+02
248000 2.004767e-22 -3.899429e-20 -3.879381e-20 2.904094e+01
249000 5.622190e-22 -4.088208e-20 -4.031986e-20 8.144272e+01
250000 2.103483e-23 -4.050209e-20 -4.048106e-20 3.047094e+00
251000 1.273631e-24 -3.877493e-20 -3.877366e-20 1.844975e-01
252000 1.602099e-22 -4.092304e-20 -4.076283e-20 2.320791e+01
253000 1.399834e-22 -4.108986e-20 -4.094988e-20 2.027792e+01
254000 1.973565e-21 -4.106347e-20 -3.908990e-20 2.858894e+02
255000 1.635898e-21 -4.098738e-20 -3.935148e-20 2.369752e+02
256000 2.640965e-21 -3.985574e-20 -3.721478e-20 3.825686e+02
257000 2.139350e-22 -4.079611e-20 -4.058218e-20 3.099050e+01
258000 1.905199e-22 -3.302241e-20 -3.283189e-20 2.759860e+01
259000 1.410316e-21 -3.999414e-20 -3.858383e-20 2.042976e+02
260000 7.192364e-22 -4.087692e-20 -4.015768e-20 1.041882e+02
261000 6.612776e-21 -4.013708e-20 -3.352430e-20 9.579228e+02
262000 1.016725e-21 -3.891988e-20 -3.790316e-20 1.472822e+02
263000 4.585931e-22 -3.709933e-20 -3.664073e-20 6.643153e+01
264000 4.766380e-22 -2.954034e-20 -2.906370e-20 6.904549e+01
265000 1.740556e-21 -2.696978e-20 -2.522923e-20 2.521360e+02
266000 3.104800e-21 -4.108036e-20 -3.797556e-20 4.497595e+02
267000 8.228729e-22 -4.071497e-20 -3.989209e-20 1.192009e+02
268000 6.491001e-21 -3.979542e-20 -3.330442e-20 9.402825e+02
269000 7.081014e-22 -3.985438e-20 -3.914628e-20 1.025752e+02
270000 6.050515e-24 -4.078205e-20 -4.077600e-20 8.764740e-01
271000 9.423548e-22 -3.597509e-20 -3.503273e-20 1.365090e+02
272000 2.425440e-25 -3.972251e-20 -3.972226e-20 3.513478e-02
273000 1.614674e-21 -4.068039e-20 -3.906572e-20 2.339007e+02
274000 4.221370e-22 -4.109832e-20 -4.067618e-20 6.115051e+01
275000 1.903429e-22 -4.078847e-20 -4.059813e-20 2.757295e+01
276000 3.384481e-21 -4.088587e-20 -3.750139e-20 4.902739e+02
277000 4.780624e-21 -3.879696e-20 -3.401634e-20 6.925183e+02
278000 2.256932e-24 -3.706604e-20 -3.706379e-20 3.269378e-01
279000 1.607980e-21 -3.917732e-20 -3.756934e-20 2.329311e+02
280000 1.537105e-21 -4.100375e-20 -3.946665e-20 2.226641e+02
281000 1.200169e-20 -4.058057e-20 -2.857888e-20 1.738558e+03
282000 9.977193e-22 -4.021762e-20 -3.921990e-20 1.445290e+02
283000 1.357850e-22 -3.717313e-20 -3.703734e-20 1.966973e+01
284000 6.065196e-23 -4.075057e-20 -4.068992e-20 8.786007e+00
285000 2.228883e-21 -4.094459e-20 -3.871571e-20 3.228747e+02
286000 3.453849e-21 -4.109668e-20 -3.764283e-20 5.003226e+02
287000 5.240674e-21 -3.841148e-20 -3.317081e-20 7.591609e+02
288000 1.727510e-21 -3.987240e-20 -3.814489e-20 2.502460e+02
289000 1.988239e-21 -4.024189e-20 -3.825365e-20 2.880151e+02
290000 6.127733e-21 -4.098240e-20 -3.485467e-20 8.876598e+02
291000 5.099123e-21 -4.099665e-20 -3.589753e-20 7.386559e+02
292000 5.276027e-22 -3.983758e-20 -3.930998e-20 7.642822e+01
293000 4.381910e-21 -4.103400e-20 -3.665209e-20 6.347609e+02
294000 2.275094e-22 -3.976185e-20 -3.953434e-20 3.295687e+01
295000 1.504436e-22 -4.086162e-20 -4.071118e-20 2.179318e+01
296000 7.448039e-22 -3.960514e-20 -3.886034e-20 1.078918e+02
297000 7.590400e-25 -4.084656e-20 -4.084580e-20 1.099541e-01
298000 1.476851e-23 -4.105952e-20 -4.104475e-20 2.139357e+00
299000 3.229478e-21 -3.371551e-20 -3.048603e-20 4.678202e+02
300000 2.379630e-21 -4.092582e-20 -3.854619e-20 3.447118e+02
301000 3.999698e-23 -3.420653e-20 -3.416654e-20 5.793940e+00
302000 2.320645e-22 -4.089951e-20 -4.066745e-20 3.361672e+01
303000 2.148198e-21 -4.104104e-20 -3.889284e-20 3.111866e+02
304000 1.270147e-21 -4.095114e-20 -3.968099e-20 1.839927e+02
305000 6.565919e-26 -4.108103e-20 -4.108097e-20 9.511351e-03
306000 3.127179e-21 -2.905273e-20 -2.592555e-20 4.530014e+02
307000 3.124717e-22 -4.095745e-20 -4.064498e-20 4.526446e+01
308000 5.236425e-21 -3.298777e-20 -2.775134e-20 7.585454e+02
309000 4.380199e-22 -4.085868e-20 -4.042066e-20 6.345131e+01
310000 5.106586e-22 -4.081739e-20 -4.030673e-20 7.397371e+01
311000 1.456108e-22 -4.108323e-20 -4.093762e-20 2.109309e+01
312000 3.091117e-22 -4.103984e-20 -4.073073e-20 4.477773e+01
313000 2.428395e-23 -4.101425e-20 -4.098996e-20 3.517758e+00
314000 3.342805e-26 -4.092088e-20 -4.092085e-20 4.842367e-03
315000 1.693418e-23 -4.093724e-20 -4.092031e-20 2.453076e+00
316000 1.676105e-21 -3.744012e-20 -3.576401e-20 2.427996e+02
317000 2.728896e-21 -3.387421e-20 -3.114531e-20 3.953063e+02
318000 4.551345e-21 -4.066745e-20 -3.611610e-20 6.593052e+02
319000 7.687165e-22 -4.011645e-20 -3.934773e-20 1.113558e+02
320000 4.148353e-24 -3.892005e-20 -3.891590e-20 6.009280e-01
321000 3.616547e-21 -4.006891e-20 -3.645237e-20 5.238909e+02
322000 3.315094e-21 -4.014574e-20 -3.683065e-20 4.802226e+02
323000 1.022791e-23 -3.670624e-20 -3.669601e-20 1.481609e+00
324000 1.235351e-21 -4.077523e-20 -3.953987e-20 1.789523e+02
325000 7.379409e-22 -3.942860e-20 -3.869066e-20 1.068977e+02
326000 3.355251e-21 -4.050478e-20 -3.714953e-20 4.860397e+02
327000 1.124402e-22 -3.972392e-20 -3.961148e-20 1.628802e+01
328000 5.673277e-21 -4.081421e-20 -3.514093e-20 8.218276e+02
329000 9.194494e-22 -3.988826e-20 -3.896881e-20 1.331909e+02
330000 1.667541e-22 -4.082054e-20 -4.065379e-20 2.415590e+01
331000 7.953813e-22 -3.948590e-20 -3.869052e-20 1.152185e+02
332000 6.303535e-22 -4.065011e-20 -4.001976e-20 9.131264e+01
333000 5.896177e-22 -3.452478e-20 -3.393516e-20 8.541167e+01
334000 1.544474e-21 -4.106578e-20 -3.952131e-20 2.237316e+02
335000 3.009368e-21 -3.367419e-20 -3.066482e-20 4.359352e+02
336000 4.735675e-21 -4.085589e-20 -3.612022e-20 6.860070e+02
337000 2.366106e-23 -3.636580e-20 -3.634214e-20 3.427527e+00
338000 2.627051e-21 -4.099989e-20 -3.837284e-20 3.805530e+02
339000 2.296058e-23 -3.451738e-20 -3.449442e-20 3.326056e+00
340000 1.631516e-21 -4.087570e-20 -3.924418e-20 2.363404e+02
341000 1.511775e-20 -4.089440e-20 -2.577665e-20 2.189949e+03
342000 1.929270e-21 -4.076051e-20 -3.883124e-20 2.794729e+02
343000 4.899879e-22 -3.935803e-20 -3.886804e-20 7.097936e+01
344000 2.284936e-22 -4.101326e-20 -4.078477e-20 3.309944e+01
345000 2.729746e-24 -4.082294e-20 -4.082021e-20 3.954293e-01
346000 8.037526e-24 -3.625685e-20 -3.624881e-20 1.164311e+00
347000 2.148161e-21 -3.957151e-20 -3.742335e-20 3.111814e+02
348000 1.490514e-22 -4.035119e-20 -4.020214e-20 2.159150e+01
349000 9.765949e-21 -3.827160e-20 -2.850565e-20 1.414690e+03
350000 3.544479e-21 -4.102064e-20 -3.747616e-20 5.134512e+02
351000 8.481357e-22 -4.086002e-20 -4.001188e-20 1.228604e+02
352000 7.375851e-21 -4.105557e-20 -3.367972e-20 1.068461e+03
353000 5.513836e-22 -3.353686e-20 -3.298548e-20 7.987310e+01
354000 2.631101e-22 -4.107285e-20 -4.080974e-20 3.811397e+01
355000 1.404488e-22 -3.806749e-20 -3.792704e-20 2.034533e+01
356000 1.256118e-22 -4.051669e-20 -4.039108e-20 1.819605e+01
357000 1.226203e-21 -3.358454e-20 -3.235834e-20 1.776270e+02
358000 3.799744e-22 -4.109718e-20 -4.071721e-20 5.504286e+01
359000 3.054865e-21 -4.041731e-20 -3.736244e-20 4.425259e+02
360000 4.671423e-21 -3.959779e-20 -3.492637e-20 6.766996e+02
361000 1.142413e-22 -2.382402e-20 -2.370978e-20 1.654892e+01
362000 1.784739e-20 -4.088589e-20 -2.303850e-20 2.585362e+03
363000 1.600344e-21 -4.047975e-20 -3.887940e-20 2.318249e+02
364000 1.979828e-24 -4.081170e-20 -4.080972e-20 2.867967e-01
365000 4.796159e-21 -4.003297e-20 -3.523681e-20 6.947688e+02
366000 1.797986e-21 -3.961109e-20 -3.781310e-20 2.604551e+02
367000 3.801885e-22 -3.466397e-20 -3.428378e-20 5.507388e+01
368000 4.043565e-22 -4.094292e-20 -4.053856e-20 5.857484e+01
369000 1.327513e-23 -3.968026e-20 -3.966699e-20 1.923027e+00
370000 1.729509e-21 -3.714699e-20 -3.541749e-20 2.505357e+02
371000 1.764887e-21 -4.097050e-20 -3.920562e-20 2.556605e+02
372000 2.754917e-22 -4.013430e-20 -3.985881e-20 3.990757e+01
373000 1.357414e-22 -2.931293e-20 -2.917719e-20 1.966342e+01
374000 3.292309e-22 -3.986358e-20 -3.953435e-20 4.769219e+01
375000 6.317546e-23 -3.331464e-20 -3.325147e-20 9.151560e+00
376000 3.235439e-21 -4.058003e-20 -3.734459e-20 4.686837e+02
377000 2.316687e-23 -4.085719e-20 -4.083403e-20 3.355939e+00
378000 4.370994e-22 -4.098881e-20 -4.055171e-20 6.331796e+01
379000 3.007216e-21 -3.506655e-20 -3.205933e-20 4.356236e+02
380000 5.050453e-21 -3.989719e-20 -3.484674e-20 7.316057e+02
381000 2.084348e-22 -3.929539e-20 -3.908695e-20 3.019374e+01
382000 2.319387e-22 -4.041856e-20 -4.018662e-20 3.359851e+01
383000 1.743655e-22 -4.057605e-20 -4.040168e-20 2.525848e+01
384000 3.086921e-22 -4.094575e-20 -4.063705e-20 4.471696e+01
385000 5.941705e-21 -3.842137e-20 -3.247966e-20 8.607119e+02
386000 2.248766e-21 -4.109217e-20 -3.884341e-20 3.257549e+02
387000 8.846607e-21 -4.109484e-20 -3.224824e-20 1.281514e+03
388000 1.516257e-21 -4.071200e-20 -3.919575e-20 2.196441e+02
389000 4.821309e-22 -3.843844e-20 -3.795631e-20 6.984120e+01
390000 2.736364e-22 -4.082741e-20 -4.055377e-20 3.963881e+01
391000 3.572521e-21 -3.776350e-20 -3.419098e-20 5.175133e+02
392000 1.670643e-21 -4.023409e-20 -3.856345e-20 2.420084e+02
393000 2.718885e-21 -3.829932e-20 -3.558044e-20 3.938561e+02
394000 4.048557e-22 -4.109755e-20 -4.069270e-20 5.864716e+01
395000 5.702877e-21 -4.108349e-20 -3.538061e-20 8.261153e+02
396000 1.477861e-21 -3.975565e-20 -3.827779e-20 2.140821e+02
397000 2.889711e-21 -4.035374e-20 -3.746403e-20 4.186018e+02
398000 4.178864e-21 -4.104392e-20 -3.686506e-20 6.053478e+02
399000 1.726727e-26 -3.972529e-20 -3.972527e-20 2.501327e-03
400000 3.206287e-22 -4.042373e-20 1.098969e-19 4.644609e+01
401000 2.446917e-21 -4.109996e-20 6.134695e-20 3.544589e+02
402000 5.997871e-23 -4.066531e-20 5.939467e-20 8.688481e+00
403000 1.065253e-21 -4.060935e-20 6.045590e-20 1.543120e+02
404000 9.080007e-22 -4.073433e-20 6.017367e-20 1.315325e+02
405000 1.100394e-22 -3.745323e-20 6.265681e-20 1.594024e+01
406000 1.127629e-21 -4.064243e-20 6.048520e-20 1.633477e+02
407000 3.689961e-21 -3.764741e-20 6.604255e-20 5.345256e+02
408000 1.205265e-21 -4.109229e-20 6.011298e-20 1.745940e+02
409000 4.331676e-22 -2.636987e-20 7.406329e-20 6.274840e+01
410000 6.979339e-22 -4.069107e-20 6.051323e-20 1.011023e+02
411000 3.290200e-21 -4.085714e-20 6.243308e-20 4.766164e+02
412000 7.372934e-21 -3.632883e-20 7.104410e-20 1.068039e+03
413000 2.448989e-21 -4.066158e-20 6.178741e-20 3.547591e+02
414000 1.550290e-24 -4.031495e-20 5.968660e-20 2.245742e-01
415000 1.248472e-22 -3.591568e-20 6.420917e-20 1.808529e+01
416000 4.347848e-21 -4.082228e-20 6.352556e-20 6.298267e+02
417000 1.596596e-21 -4.043836e-20 6.115824e-20 2.312820e+02
418000 2.374134e-21 -3.914461e-20 6.322952e-20 3.439157e+02
419000 1.979652e-21 -4.109646e-20 6.088319e-20 2.867713e+02
420000 2.865484e-21 -4.109982e-20 6.176566e-20 4.150924e+02
421000 1.575265e-21 -3.764291e-20 6.393236e-20 2.281920e+02
422000 4.378238e-22 -4.077585e-20 5.966197e-20 6.342290e+01
423000 3.072160e-21 -3.875158e-20 6.432058e-20 4.450313e+02
424000 2.270165e-22 -3.573052e-20 6.449649e-20 3.288547e+01
425000 8.613800e-21 -4.092905e-20 6.768475e-20 1.247790e+03
426000 3.801766e-21 -4.043397e-20 6.336779e-20 5.507216e+02
427000 3.181326e-22 -3.846698e-20 6.185115e-20 4.608451e+01
428000 1.843634e-21 -4.076938e-20 6.107426e-20 2.670678e+02
429000 4.040441e-21 -4.025150e-20 6.378894e-20 5.852959e+02
430000 1.750043e-21 -4.108781e-20 6.066223e-20 2.535102e+02
431000 5.513662e-22 -4.099397e-20 5.955739e-20 7.987058e+01
432000 5.147441e-22 -3.536364e-20 6.515110e-20 7.456553e+01
433000 5.030381e-24 -4.033206e-20 5.967297e-20 7.286980e-01
434000 2.647320e-21 -4.091392e-20 6.173340e-20 3.834892e+02
435000 5.829244e-22 -4.068761e-20 5.989532e-20 8.444209e+01
436000 6.400360e-22 -3.957354e-20 6.106649e-20 9.271524e+01
437000 1.973877e-22 -4.101862e-20 5.917877e-20 2.859346e+01
438000 6.646122e-22 -3.866087e-20 6.200374e-20 9.627533e+01
439000 1.254148e-21 -4.062895e-20 6.062520e-20 1.816751e+02
440000 4.332237e-21 -3.861263e-20 6.571960e-20 6.275653e+02
441000 4.328247e-22 -4.091170e-20 5.952112e-20 6.269873e+01
442000 5.703296e-21 -4.097546e-20 6.472784e-20 8.261761e+02
443000 9.497777e-21 -4.029931e-20 6.919846e-20 1.375842e+03
444000 1.353893e-22 -3.680273e-20 6.333266e-20 1.961242e+01
445000 1.897878e-21 -4.105571e-20 6.084217e-20 2.749255e+02
446000 1.384435e-20 -4.094110e-20 7.290325e-20 2.005484e+03
447000 4.317064e-25 -4.105306e-20 5.894737e-20 6.253674e-02
448000 2.543188e-21 -4.096368e-20 6.157951e-20 3.684047e+02
449000 1.340801e-21 -4.106155e-20 6.027925e-20 1.942276e+02
450000 4.271799e-21 -4.108207e-20 6.318973e-20 6.188103e+02
451000 4.346077e-22 -4.076624e-20 5.966837e-20 6.295702e+01
452000 3.127134e-21 -3.580889e-20 6.731825e-20 4.529947e+02
453000 1.772863e-21 -4.109498e-20 6.067788e-20 2.568159e+02
454000 1.921406e-20 -4.071440e-20 7.849965e-20 2.783337e+03
455000 4.658091e-24 -4.107016e-20 5.893450e-20 6.747683e-01
456000 1.822417e-22 -3.660197e-20 6.358028e-20 2.639943e+01
457000 9.702060e-21 -4.091652e-20 6.878554e-20 1.405435e+03
458000 6.603479e-24 -4.087842e-20 5.912819e-20 9.565761e-01
459000 5.504290e-21 -4.020529e-20 6.529900e-20 7.973482e+02
460000 2.169868e-21 -4.077858e-20 6.139810e-20 3.143258e+02
461000 1.124480e-21 -4.109287e-20 6.003161e-20 1.628915e+02
462000 7.466130e-23 -3.906836e-20 6.100630e-20 1.081539e+01
463000 1.416386e-21 -3.909735e-20 6.231903e-20 2.051768e+02
464000 1.060001e-21 -4.068441e-20 6.037559e-20 1.535511e+02
465000 6.437685e-21 -4.107161e-20 6.536607e-20 9.325593e+02
466000 1.349162e-21 -4.108481e-20 6.026435e-20 1.954389e+02
467000 5.995363e-21 -3.664022e-20 6.935514e-20 8.684847e+02
468000 8.452613e-24 -4.077699e-20 5.923895e-20 1.224441e+00
469000 6.090036e-21 -4.106851e-20 6.502153e-20 8.821991e+02
470000 8.323627e-22 -4.108613e-20 5.974623e-20 1.205756e+02
471000 6.094721e-21 -4.093666e-20 6.515806e-20 8.828777e+02
472000 2.036759e-21 -4.103264e-20 6.100412e-20 2.950437e+02
473000 1.786999e-21 -3.859468e-20 6.319231e-20 2.588636e+02
474000 3.648024e-22 -4.105762e-20 5.930718e-20 5.284505e+01
475000 8.742112e-23 -4.106694e-20 5.902048e-20 1.266377e+01
476000 2.409649e-22 -3.887933e-20 6.136164e-20 3.490604e+01
477000 2.579262e-22 -4.106251e-20 5.919541e-20 3.736303e+01
478000 1.076268e-21 -4.099234e-20 6.008393e-20 1.559076e+02
479000 1.473034e-21 -4.101329e-20 6.045975e-20 2.133828e+02
480000 9.817079e-22 -4.102741e-20 5.995430e-20 1.422096e+02
481000 1.921709e-23 -3.696575e-20 6.305347e-20 2.783777e+00
482000 2.968312e-23 -4.109833e-20 5.893136e-20 4.299880e+00
483000 8.067247e-22 -4.040744e-20 6.039929e-20 1.168617e+02
484000 9.953931e-21 -4.109827e-20 6.885566e-20 1.441921e+03
485000 3.156365e-23 -4.078321e-20 5.924835e-20 4.572292e+00
486000 1.338404e-22 -3.880184e-20 6.133200e-20 1.938804e+01
487000 1.272465e-21 -4.020656e-20 6.106591e-20 1.843286e+02
488000 5.728292e-21 -4.105790e-20 6.467039e-20 8.297970e+02
489000 4.508451e-22 -3.751809e-20 6.293276e-20 6.530916e+01
490000 2.915314e-21 -4.109180e-20 6.182351e-20 4.223107e+02
491000 4.580492e-23 -4.054588e-20 5.949993e-20 6.635274e+00
492000 3.442889e-21 -4.099983e-20 6.244306e-20 4.987349e+02
493000 2.337098e-22 -3.654610e-20 6.368761e-20 3.385506e+01
494000 1.170552e-22 -4.102765e-20 5.908940e-20 1.695655e+01
495000 5.874186e-21 -3.785119e-20 6.802299e-20 8.509312e+02
496000 1.019868e-21 -4.032361e-20 6.069626e-20 1.477374e+02
497000 5.750834e-21 -4.109964e-20 6.465119e-20 8.330625e+02
498000 4.152534e-21 -3.955801e-20 6.459453e-20 6.015336e+02
499000 4.203650e-22 -3.424370e-20 6.617666e-20 6.089383e+01
500000 3.186203e-22 -4.109212e-20 5.922650e-20 4.615515e+01
501000 5.548921e-21 -4.089480e-20 6.465412e-20 8.038134e+02
502000 4.305089e-21 -4.063508e-20 6.367001e-20 6.236327e+02
503000 5.767913e-22 -3.876423e-20 6.181256e-20 8.355365e+01
504000 3.880629e-21 -3.961838e-20 6.426225e-20 5.621457e+02
505000 4.220521e-21 -4.084825e-20 6.337227e-20 6.113822e+02
506000 1.118789e-22 -3.839278e-20 6.171910e-20 1.620671e+01
507000 8.280411e-22 -4.075821e-20 6.006983e-20 1.199495e+02
508000 1.986850e-21 -3.746227e-20 6.452458e-20 2.878139e+02
509000 4.855955e-21 -4.090057e-20 6.395538e-20 7.034308e+02
510000 1.558066e-21 -3.781242e-20 6.374565e-20 2.257006e+02
511000 1.166929e-21 -3.265774e-20 6.850919e-20 1.690406e+02
512000 6.117812e-23 -4.109676e-20 5.896442e-20 8.862227e+00
513000 3.129415e-21 -4.055251e-20 6.257691e-20 4.533252e+02
514000 1.851511e-23 -4.109035e-20 5.892816e-20 2.682087e+00
515000 1.998774e-22 -4.109166e-20 5.910822e-20 2.895413e+01
516000 4.281023e-21 -4.083902e-20 6.344210e-20 6.201465e+02
517000 1.098077e-20 -4.072143e-20 7.039966e-20 1.590668e+03
518000 8.094199e-22 -4.104079e-20 5.976863e-20 1.172521e+02
519000 1.291278e-21 -4.108376e-20 6.020752e-20 1.870538e+02
520000 5.082029e-21 -4.005670e-20 6.502533e-20 7.361797e+02
521000 1.625863e-21 -4.105296e-20 6.057290e-20 2.355215e+02
522000 3.985493e-23 -4.013852e-20 5.990133e-20 5.773361e+00
523000 8.952646e-21 -4.109775e-20 6.785489e-20 1.296875e+03
524000 4.644457e-22 -4.093574e-20 5.952870e-20 6.727933e+01
525000 2.209341e-21 -4.092118e-20 6.128816e-20 3.200438e+02
526000 5.584204e-23 -4.103696e-20 5.901888e-20 8.089245e+00
527000 1.372758e-21 -4.109365e-20 6.027911e-20 1.988569e+02
528000 3.401255e-22 -4.108584e-20 5.925429e-20 4.927039e+01
529000 8.320684e-25 -4.096740e-20 5.903343e-20 1.205329e-01
530000 6.965883e-21 -3.567017e-20 7.129572e-20 1.009074e+03
531000 1.321296e-21 -3.983170e-20 6.148960e-20 1.914021e+02
532000 2.096171e-21 -4.098046e-20 6.111571e-20 3.036500e+02
533000 7.767181e-22 -4.099577e-20 5.978095e-20 1.125149e+02
534000 8.501945e-22 -4.077713e-20 6.007307e-20 1.231587e+02
535000 3.073916e-25 -4.091453e-20 5.908578e-20 4.452856e-02
536000 1.170899e-21 -4.109149e-20 6.007941e-20 1.696157e+02
537000 7.247526e-22 -4.020183e-20 6.052292e-20 1.049872e+02
538000 3.327290e-21 -4.103094e-20 6.229635e-20 4.819893e+02
539000 1.167602e-22 -4.109591e-20 5.902085e-20 1.691381e+01
540000 1.729179e-21 -4.109113e-20 6.063805e-20 2.504879e+02
541000 8.478460e-22 -3.787922e-20 6.296863e-20 1.228185e+02
542000 7.663283e-23 -4.061011e-20 6.577969e-20 1.110099e+01
543000 5.651502e-21 -2.960314e-20 7.604836e-20 8.186733e+02
544000 3.088798e-21 -3.826578e-20 6.482302e-20 4.474414e+02
545000 5.465679e-22 -4.079348e-20 5.975309e-20 7.917551e+01
546000 1.331785e-21 -4.039379e-20 6.093799e-20 1.929216e+02
547000 4.241985e-21 -4.103906e-20 6.320292e-20 6.144915e+02
548000 2.100212e-21 -4.046028e-20 6.163993e-20 3.042355e+02
549000 7.306069e-22 -3.930253e-20 6.142807e-20 1.058353e+02
550000 4.233259e-21 -4.106369e-20 6.316957e-20 6.132274e+02
551000 2.163788e-21 -4.104230e-20 6.112149e-20 3.134451e+02
552000 1.127677e-23 -4.075435e-20 5.928422e-20 1.633546e+00
553000 1.876232e-21 -4.084256e-20 6.103367e-20 2.717899e+02
554000 1.143815e-20 -4.108706e-20 7.035109e-20 1.656924e+03
555000 1.844818e-21 -4.109887e-20 6.074595e-20 2.672393e+02
556000 2.635676e-21 -4.092873e-20 6.170695e-20 3.818025e+02
557000 2.483179e-22 -4.098163e-20 5.926669e-20 3.597119e+01
558000 1.298996e-22 -4.079872e-20 5.933117e-20 1.881718e+01
559000 2.018712e-21 -4.110000e-20 6.091871e-20 2.924294e+02
560000 5.860415e-22 -4.106010e-20 5.952594e-20 8.489363e+01
561000 2.306759e-21 -3.242629e-20 6.988047e-20 3.341558e+02
562000 1.055686e-21 -3.928436e-20 6.177132e-20 1.529261e+02
563000 2.522343e-21 -3.875773e-20 6.376461e-20 3.653851e+02
564000 5.090840e-23 -3.936520e-20 6.068571e-20 7.374561e+00
565000 1.009644e-22 -4.109917e-20 5.900179e-20 1.462564e+01
566000 5.967147e-23 -3.878753e-20 6.127214e-20 8.643974e+00
567000 2.919769e-22 -4.085082e-20 5.944119e-20 4.229560e+01
568000 7.519436e-22 -4.083385e-20 5.991824e-20 1.089261e+02
569000 6.099253e-21 -4.091904e-20 6.518021e-20 8.835342e+02
570000 2.475968e-21 -4.094324e-20 6.153273e-20 3.586673e+02
571000 2.459218e-21 -4.088677e-20 6.157245e-20 3.562408e+02
572000 3.842978e-22 -4.106758e-20 5.931672e-20 5.566915e+01
573000 3.963087e-23 -4.100962e-20 5.903001e-20 5.740904e+00
574000 8.150802e-21 -3.711312e-20 7.103768e-20 1.180720e+03
575000 3.609349e-23 -4.043084e-20 5.960525e-20 5.228482e+00
576000 7.672976e-23 -4.109965e-20 5.897708e-20 1.111503e+01
577000 1.081270e-20 -3.970818e-20 7.110452e-20 1.566321e+03
578000 2.027891e-21 -4.064249e-20 6.138540e-20 2.937590e+02
579000 7.245816e-22 -4.091788e-20 5.980670e-20 1.049625e+02
580000 2.351140e-21 -4.066572e-20 6.168542e-20 3.405847e+02
581000 1.491798e-21 -4.097191e-20 6.051989e-20 2.161010e+02
582000 2.044779e-21 -4.096655e-20 6.107823e-20 2.962055e+02
583000 3.048309e-22 -3.886277e-20 6.144206e-20 4.415763e+01
584000 6.962882e-22 -3.744496e-20 6.325133e-20 1.008639e+02
585000 4.930580e-24 -3.760938e-20 6.239555e-20 7.142409e-01
586000 8.099283e-22 -4.053840e-20 6.027153e-20 1.173257e+02
587000 2.591232e-21 -2.322664e-20 7.936459e-20 3.753644e+02
588000 3.848130e-22 -4.020604e-20 6.017877e-20 5.574378e+01
589000 3.026470e-21 -3.769246e-20 6.533401e-20 4.384127e+02
590000 4.160761e-21 -3.438725e-20 6.977352e-20 6.027255e+02
591000 3.356414e-21 -4.109799e-20 6.225842e-20 4.862081e+02
592000 1.174891e-21 -4.064809e-20 6.277210e-20 1.701940e+02
593000 3.402364e-23 -3.934683e-20 6.068720e-20 4.928645e+00
594000 1.578426e-21 -4.108225e-20 6.049618e-20 2.286498e+02
595000 2.272472e-22 -4.105506e-20 5.917218e-20 3.291889e+01
596000 7.522073e-22 -3.145760e-20 6.929461e-20 1.089643e+02
597000 4.051719e-21 -3.946109e-20 6.459063e-20 5.869296e+02
598000 3.003149e-21 -4.088678e-20 6.211637e-20 4.350344e+02
599000 2.827642e-21 -3.821828e-20 6.460937e-20 4.096105e+02
600000 3.067234e-22 -4.109721e-20 5.920952e-20 4.443177e+01
601000 6.619029e-22 -4.107857e-20 5.958333e-20 9.588286e+01
602000 1.326807e-21 -4.084005e-20 6.048684e-20 1.922005e+02
603000 4.904055e-21 -4.109961e-20 6.380445e-20 7.103986e+02
604000 1.493673e-22 -4.026743e-20 5.988194e-20 2.163725e+01
605000 4.005766e-21 -4.107304e-20 6.293272e-20 5.802729e+02
606000 4.077657e-21 -4.101130e-20 6.306636e-20 5.906869e+02
607000 4.803632e-22 -4.086594e-20 5.961443e-20 6.958513e+01
608000 7.944081e-22 -4.106342e-20 5.973099e-20 1.150775e+02
609000 2.902182e-26 -3.788761e-20 6.211242e-20 4.204084e-03
610000 1.672872e-25 -3.862054e-20 6.137963e-20 2.423312e-02
611000 1.150309e-21 -4.004647e-20 6.110383e-20 1.666330e+02
612000 3.070598e-21 -4.104758e-20 6.202302e-20 4.448050e+02
613000 3.141366e-21 -3.821409e-20 6.492728e-20 4.550565e+02
614000 1.738564e-22 -4.109541e-20 5.907844e-20 2.518474e+01
615000 7.667203e-22 -3.752415e-20 6.324257e-20 1.110667e+02
616000 2.710428e-21 -4.005984e-20 6.265059e-20 3.926310e+02
617000 5.471578e-22 -4.109989e-20 5.944726e-20 7.926095e+01
618000 1.152144e-22 -4.109556e-20 5.901965e-20 1.668988e+01
619000 2.243880e-21 -4.085363e-20 6.139025e-20 3.250471e+02
620000 6.296429e-23 -4.083186e-20 5.923111e-20 9.120970e+00
621000 2.061134e-22 -4.019337e-20 6.001274e-20 2.985746e+01
622000 3.726223e-22 -4.109599e-20 5.927663e-20 5.397784e+01
623000 2.604430e-21 -3.830765e-20 6.429678e-20 3.772762e+02
624000 9.915558e-22 -3.978912e-20 6.120244e-20 1.436362e+02
625000 1.102757e-25 -4.019637e-20 5.980374e-20 1.597448e-02
626000 1.372064e-21 -4.062021e-20 6.075185e-20 1.987564e+02
627000 9.440939e-23 -3.862665e-20 6.146776e-20 1.367609e+01
628000 1.885980e-21 -4.098854e-20 6.089744e-20 2.732020e+02
629000 1.326259e-22 -4.098196e-20 5.915066e-20 1.921211e+01
630000 6.579629e-21 -4.061060e-20 6.596903e-20 9.531212e+02
631000 5.645595e-21 -4.075334e-20 6.489225e-20 8.178175e+02
632000 6.948499e-22 -4.109951e-20 5.959534e-20 1.006555e+02
633000 4.108750e-21 -3.982645e-20 6.428230e-20 5.951911e+02
634000 1.906707e-22 -3.816247e-20 6.202820e-20 2.762045e+01
635000 1.350367e-21 -3.297013e-20 6.838023e-20 1.956134e+02
636000 3.147910e-23 -4.109926e-20 5.893222e-20 4.560044e+00
637000 1.450375e-21 -4.090575e-20 6.054463e-20 2.101005e+02
638000 6.911203e-23 -4.106493e-20 5.900418e-20 1.001153e+01
639000 4.735796e-21 -3.378583e-20 7.094996e-20 6.860246e+02
640000 7.979387e-22 -3.935431e-20 6.144363e-20 1.155889e+02
641000 1.534511e-21 -3.436750e-20 6.716702e-20 2.222884e+02
642000 3.072561e-24 -3.804646e-20 6.195661e-20 4.450894e-01
643000 4.408451e-23 -4.109894e-20 5.894514e-20 6.386055e+00
644000 6.999301e-21 -4.056633e-20 6.643297e-20 1.013915e+03
645000 5.293915e-22 -4.030494e-20 6.022445e-20 7.668733e+01
646000 2.030004e-22 -3.789625e-20 6.230675e-20 2.940652e+01
647000 2.362996e-21 -3.919227e-20 6.317073e-20 3.423022e+02
648000 1.453303e-21 -4.102918e-20 6.042412e-20 2.105246e+02
649000 6.551145e-21 -4.086126e-20 6.568988e-20 9.489949e+02
650000 2.451857e-21 -3.971314e-20 6.273872e-20 3.551745e+02
651000 1.560184e-22 -4.106115e-20 5.909487e-20 2.260073e+01
652000 6.173865e-21 -4.094756e-20 6.522631e-20 8.943424e+02
653000 7.134840e-21 -3.678944e-20 7.034540e-20 1.033549e+03
654000 3.431784e-21 -3.806554e-20 6.536625e-20 4.971263e+02
655000 1.816932e-22 -3.971973e-20 6.046196e-20 2.631997e+01
656000 4.003256e-22 -4.085389e-20 5.954644e-20 5.799094e+01
657000 5.336278e-22 -3.654531e-20 6.398831e-20 7.730100e+01
658000 1.474871e-21 -4.009771e-20 6.137716e-20 2.136490e+02
659000 7.372083e-21 -3.934561e-20 6.802648e-20 1.067916e+03
660000 2.583569e-22 -4.104398e-20 5.921437e-20 3.742542e+01
661000 4.853543e-21 -2.956154e-20 7.529200e-20 7.030814e+02
662000 3.509593e-22 -3.874690e-20 6.160406e-20 5.083976e+01
663000 1.800106e-21 -3.939636e-20 6.240375e-20 2.607623e+02
664000 2.387715e-21 -4.083220e-20 6.155551e-20 3.458830e+02
665000 1.434830e-21 -4.052714e-20 6.090769e-20 2.078486e+02
666000 3.257939e-22 -4.104173e-20 5.928406e-20 4.719431e+01
667000 5.549045e-22 -4.051220e-20 6.004270e-20 8.038314e+01
668000 1.760202e-21 -3.753102e-20 6.422918e-20 2.549818e+02
669000 1.459924e-21 -3.906778e-20 6.239214e-20 2.114837e+02
670000 5.905281e-23 -4.083943e-20 5.921971e-20 8.554355e+00
671000 1.349723e-21 -4.105600e-20 6.029372e-20 1.955201e+02
672000 7.326392e-23 -4.107893e-20 5.899433e-20 1.061297e+01
673000 2.776321e-23 -4.093938e-20 5.908838e-20 4.021763e+00
674000 2.549486e-21 -3.790626e-20 6.464323e-20 3.693171e+02
675000 3.820069e-21 -4.102290e-20 6.279717e-20 5.533730e+02
676000 1.879797e-23 -4.090160e-20 5.911720e-20 2.723062e+00
677000 1.268903e-21 -4.036549e-20 6.090341e-20 1.838126e+02
678000 1.497999e-21 -4.101772e-20 6.048028e-20 2.169992e+02
679000 1.143530e-21 -4.100231e-20 6.014122e-20 1.656511e+02
680000 1.045711e-21 -4.109798e-20 5.994773e-20 1.514811e+02
681000 2.163807e-23 -4.075104e-20 5.930318e-20 3.134478e+00
682000 5.407331e-22 -4.108860e-20 5.945213e-20 7.833028e+01
683000 4.191311e-22 -4.107850e-20 5.934063e-20 6.071508e+01
684000 2.393714e-21 -4.109997e-20 6.129374e-20 3.467520e+02
685000 3.353525e-21 -4.091850e-20 6.243502e-20 4.857896e+02
686000 8.249493e-23 -3.666179e-20 6.342070e-20 1.195017e+01
687000 2.055580e-26 -4.049025e-20 5.950977e-20 2.977701e-03
688000 5.652452e-22 -4.103084e-20 5.953440e-20 8.188108e+01
689000 1.384342e-24 -3.912650e-20 6.087488e-20 2.005349e-01
690000 3.697596e-22 -4.014058e-20 6.022918e-20 5.356316e+01
691000 4.101928e-22 -4.108849e-20 5.932170e-20 5.942028e+01
692000 2.635538e-21 -4.081097e-20 6.182538e-20 3.817825e+02
693000 3.576957e-22 -4.108733e-20 5.927036e-20 5.181558e+01
694000 2.427663e-21 -4.081956e-20 6.160810e-20 3.516699e+02
695000 2.900285e-21 -4.105630e-20 6.184398e-20 4.201335e+02
696000 2.343623e-22 -4.021653e-20 6.001783e-20 3.394959e+01
697000 2.597288e-23 -4.081826e-20 5.920819e-20 3.762417e+00
698000 1.359605e-20 -4.108953e-20 7.250652e-20 1.969516e+03
699000 3.618097e-21 -4.051936e-20 6.309873e-20 5.241153e+02
700000 5.708911e-23 -4.041233e-20 5.964476e-20 8.269895e+00
701000 8.976987e-24 -4.105291e-20 5.895607e-20 1.300401e+00
702000 7.470226e-21 -3.829606e-20 6.917417e-20 1.082133e+03
703000 7.694714e-25 -4.086763e-20 5.913315e-20 1.114652e-01
704000 7.887607e-22 -4.001715e-20 6.077161e-20 1.142594e+02
705000 6.855903e-22 -4.100734e-20 5.967825e-20 9.931420e+01
706000 5.837523e-22 -4.052660e-20 6.005715e-20 8.456201e+01
707000 3.554537e-21 -4.070757e-20 6.284696e-20 5.149082e+02
708000 1.815198e-22 -4.017549e-20 6.000603e-20 2.629486e+01
709000 1.035369e-22 -4.091400e-20 5.918953e-20 1.499829e+01
710000 1.387492e-21 -4.109135e-20 6.029614e-20 2.009912e+02
711000 1.093332e-21 -3.848742e-20 6.260591e-20 1.583794e+02
712000 4.604243e-23 -4.087274e-20 5.917330e-20 6.669679e+00
713000 1.097354e-22 -3.455666e-20 6.555307e-20 1.589621e+01
714000 3.159630e-22 -4.041935e-20 5.989661e-20 4.577021e+01
715000 1.898353e-21 -4.089959e-20 6.099876e-20 2.749943e+02
716000 2.163824e-21 -4.109125e-20 6.107257e-20 3.134502e+02
717000 1.894592e-21 -3.915745e-20 6.273714e-20 2.744494e+02
718000 2.634296e-21 -4.088421e-20 6.175009e-20 3.816026e+02
719000 1.278016e-21 -4.098825e-20 6.028977e-20 1.851327e+02
720000 3.090645e-21 -4.103209e-20 6.205855e-20 4.477090e+02
721000 4.255951e-22 -4.018261e-20 6.024298e-20 6.165146e+01
722000 2.084820e-21 -4.044701e-20 6.163781e-20 3.020057e+02
723000 1.345093e-21 -4.108880e-20 6.025629e-20 1.948493e+02
724000 1.819431e-21 -4.099140e-20 6.082803e-20 2.635616e+02
725000 7.423598e-21 -4.109783e-20 6.632577e-20 1.075378e+03
726000 4.104069e-22 -4.005008e-20 6.036033e-20 5.945131e+01
727000 3.257683e-24 -4.014373e-20 5.985953e-20 4.719061e-01
728000 1.954823e-21 -4.109999e-20 6.085483e-20 2.831745e+02
729000 4.525577e-22 -4.097259e-20 5.947997e-20 6.555724e+01
730000 1.040734e-21 -3.871804e-20 6.232270e-20 1.507601e+02
731000 2.557993e-21 -2.657402e-20 7.598397e-20 3.705494e+02
732000 1.702834e-21 -4.076961e-20 6.094483e-20 2.466715e+02
733000 6.278906e-25 -4.076466e-20 5.923597e-20 9.095586e-02
734000 4.340611e-23 -4.104122e-20 5.900219e-20 6.287783e+00
735000 5.024735e-22 -4.106167e-20 5.944080e-20 7.278802e+01
736000 6.221360e-23 -3.886563e-20 6.119659e-20 9.012225e+00
737000 3.524579e-21 -4.075432e-20 6.277026e-20 5.105684e+02
738000 1.016558e-22 -3.585481e-20 6.424684e-20 1.472579e+01
739000 1.874942e-22 -4.109548e-20 5.909201e-20 2.716030e+01
740000 5.332891e-21 -4.106107e-20 6.427182e-20 7.725195e+02
741000 2.436475e-21 -4.109082e-20 6.134566e-20 3.529464e+02
742000 6.771603e-21 -4.109994e-20 6.567167e-20 9.809305e+02
743000 4.027766e-21 -3.964509e-20 6.438267e-20 5.834598e+02
744000 4.441753e-22 -4.097427e-20 5.946991e-20 6.434297e+01
745000 2.231014e-21 -4.094734e-20 6.128368e-20 3.231833e+02
746000 6.489236e-21 -3.994474e-20 6.654449e-20 9.400269e+02
747000 1.615502e-23 -3.992667e-20 6.008948e-20 2.340207e+00
748000 8.606918e-21 -4.006288e-20 6.854403e-20 1.246793e+03
749000 8.626753e-22 -4.109601e-20 5.976666e-20 1.249666e+02
750000 2.198143e-23 -3.948801e-20 6.053397e-20 3.184218e+00
751000 7.602093e-22 -3.947052e-20 6.128969e-20 1.101235e+02
752000 1.576881e-21 -4.083886e-20 6.073802e-20 2.284260e+02
753000 5.472457e-21 -4.103156e-20 6.444090e-20 7.927369e+02
754000 1.547903e-20 -4.110000e-20 7.437903e-20 2.242283e+03
755000 5.297824e-22 -4.109362e-20 5.943616e-20 7.674397e+01
756000 1.534661e-22 -3.856015e-20 6.159331e-20 2.223101e+01
757000 1.009673e-21 -3.889784e-20 6.211183e-20 1.462606e+02
758000 3.152065e-23 -4.097787e-20 5.905365e-20 4.566063e+00
759000 6.922668e-22 -4.047447e-20 6.021780e-20 1.002814e+02
760000 5.727090e-21 -4.093874e-20 6.478835e-20 8.296228e+02
761000 4.674333e-22 -4.031471e-20 6.015272e-20 6.771212e+01
762000 5.162586e-22 -4.070316e-20 5.981310e-20 7.478492e+01
763000 2.145760e-21 -3.396332e-20 6.818244e-20 3.108335e+02
764000 9.874647e-23 -3.954769e-20 6.055106e-20 1.430435e+01
765000 3.286462e-21 -4.037708e-20 6.290938e-20 4.760750e+02
766000 8.145814e-23 -4.108867e-20 5.899279e-20 1.179998e+01
767000 6.157947e-21 -3.768511e-20 6.847284e-20 8.920365e+02
768000 8.816441e-23 -2.774970e-20 7.233846e-20 1.277145e+01
769000 2.387271e-21 -3.977129e-20 6.261598e-20 3.458187e+02
770000 1.108621e-21 -4.024471e-20 6.086391e-20 1.605942e+02
771000 1.562751e-21 -4.074052e-20 6.087838e-20 2.263792e+02
772000 1.470479e-21 -4.109496e-20 6.037551e-20 2.130128e+02
773000 2.056028e-21 -4.091948e-20 6.113654e-20 2.978351e+02
774000 5.645446e-21 -3.792499e-20 6.772045e-20 8.177960e+02
775000 9.117774e-22 -4.106445e-20 5.984732e-20 1.320795e+02
776000 4.633380e-21 -4.054684e-20 6.408654e-20 6.711887e+02
777000 3.473900e-21 -3.874820e-20 6.472570e-20 5.032271e+02
778000 5.171567e-21 -4.108285e-20 6.408871e-20 7.491502e+02
779000 7.000290e-22 -4.073911e-20 6.002115e-20 1.014058e+02
780000 5.985246e-21 -4.109746e-20 6.488779e-20 8.670192e+02
781000 1.500440e-21 -4.109578e-20 6.040466e-20 2.173529e+02
782000 4.895130e-22 -3.922298e-20 6.126654e-20 7.091057e+01
783000 1.217059e-21 -3.774154e-20 6.347552e-20 1.763025e+02
784000 4.779735e-21 -4.092108e-20 6.385865e-20 6.923896e+02
785000 3.713886e-21 -3.216349e-20 7.155040e-20 5.379913e+02
786000 5.120609e-24 -4.107324e-20 5.893188e-20 7.417685e-01
787000 5.011859e-21 -4.105216e-20 6.395970e-20 7.260150e+02
788000 2.842928e-21 -4.098558e-20 6.185735e-20 4.118249e+02
789000 2.636723e-22 -4.089013e-20 5.937354e-20 3.819542e+01
790000 1.155666e-21 -3.513269e-20 6.602298e-20 1.674091e+02
791000 1.666261e-21 -4.099856e-20 6.066770e-20 2.413735e+02
792000 7.818713e-21 -4.102082e-20 6.679790e-20 1.132614e+03
793000 1.441786e-22 -4.108758e-20 5.905660e-20 2.088563e+01
794000 2.869172e-21 -3.998201e-20 6.288716e-20 4.156265e+02
795000 4.956174e-22 -3.989102e-20 6.060459e-20 7.179485e+01
796000 1.068292e-22 -4.091463e-20 5.919220e-20 1.547522e+01
797000 9.828349e-22 -2.879129e-20 7.219155e-20 1.423729e+02
798000 3.297502e-21 -4.071568e-20 6.276365e-20 4.776741e+02
799000 3.811828e-22 -4.094692e-20 5.943426e-20 5.521791e+01
800000 1.027658e-22 -4.103018e-20 5.907258e-20 1.488659e+01
801000 2.887224e-21 -4.094217e-20 6.194505e-20 4.182416e+02
802000 2.172064e-22 -4.109724e-20 5.911996e-20 3.146439e+01
803000 3.277785e-21 -4.094309e-20 6.233469e-20 4.748179e+02
804000 4.830088e-26 -3.650656e-20 6.349349e-20 6.996837e-03
805000 1.483261e-21 -3.586128e-20 6.562198e-20 2.148643e+02
806000 9.958675e-22 -3.466382e-20 6.633205e-20 1.442608e+02
807000 6.995501e-21 -4.024636e-20 6.674914e-20 1.013364e+03
808000 7.064202e-21 -4.097616e-20 6.608804e-20 1.023316e+03
809000 8.436281e-22 -4.079154e-20 6.005511e-20 1.222075e+02
810000 2.463689e-22 -4.086652e-20 5.937985e-20 3.568886e+01
811000 8.014727e-22 -4.108949e-20 5.971199e-20 1.161009e+02
812000 1.809431e-22 -3.927331e-20 6.090763e-20 2.621131e+01
813000 5.789223e-22 -3.953415e-20 6.104477e-20 8.386234e+01
814000 2.342941e-21 -4.058583e-20 6.175711e-20 3.393970e+02
815000 1.046930e-23 -4.103142e-20 5.897905e-20 1.516577e+00
816000 4.617882e-21 -4.109116e-20 6.352672e-20 6.689436e+02
817000 1.455470e-21 -4.065551e-20 6.258087e-20 2.108385e+02
818000 1.837006e-21 -4.109821e-20 6.073879e-20 2.661075e+02
819000 4.659255e-22 -3.988133e-20 6.058460e-20 6.749369e+01
820000 4.183506e-21 -4.109605e-20 6.308745e-20 6.060202e+02
821000 3.230799e-22 -4.080294e-20 5.952155e-20 4.680117e+01
822000 1.319704e-21 -4.107849e-20 6.024121e-20 1.911715e+02
823000 1.227280e-21 -3.862248e-20 6.260480e-20 1.777830e+02
824000 3.550820e-21 -4.000182e-20 6.354900e-20 5.143696e+02
825000 5.311735e-23 -3.500712e-20 6.504599e-20 7.694548e+00
826000 9.168686e-21 -4.066209e-20 6.850659e-20 1.328170e+03
827000 2.663938e-21 -4.068743e-20 6.197651e-20 3.858965e+02
828000 2.203206e-22 -4.106674e-20 5.915358e-20 3.191552e+01
829000 3.103725e-22 -4.072122e-20 5.973087e-20 4.496038e+01
830000 1.174051e-21 -3.371024e-20 6.746381e-20 1.700724e+02
831000 1.085243e-21 -4.109674e-20 5.998850e-20 1.572077e+02
832000 4.169186e-23 -3.798807e-20 6.205362e-20 6.039458e+00
833000 6.901702e-22 -4.066816e-20 6.002201e-20 9.997765e+01
834000 2.585629e-21 -4.103490e-20 6.155073e-20 3.745528e+02
835000 2.204247e-24 -3.784489e-20 6.215731e-20 3.193060e-01
836000 1.130535e-21 -4.060918e-20 6.052135e-20 1.637687e+02
837000 1.720677e-23 -3.098553e-20 6.903168e-20 2.492562e+00
838000 2.089539e-22 -4.097662e-20 5.923234e-20 3.026894e+01
839000 8.344793e-21 -4.041088e-20 6.793391e-20 1.208822e+03
840000 4.152424e-21 -4.100657e-20 6.314585e-20 6.015176e+02
841000 5.557120e-21 -4.108756e-20 6.446956e-20 8.050011e+02
842000 1.975482e-21 -4.060760e-20 6.136789e-20 2.861672e+02
843000 4.217039e-21 -4.067896e-20 6.353808e-20 6.108777e+02
844000 3.819981e-21 -4.107745e-20 6.274253e-20 5.533601e+02
845000 1.084062e-20 -4.109778e-20 6.974283e-20 1.570365e+03
846000 9.164822e-22 -4.102922e-20 5.988727e-20 1.327611e+02
847000 9.270459e-23 -3.687449e-20 6.321822e-20 1.342913e+01
848000 8.284540e-22 -4.104173e-20 5.978673e-20 1.200094e+02
849000 4.843494e-21 -4.088249e-20 6.396101e-20 7.016257e+02
850000 3.746441e-21 -2.865364e-20 7.509280e-20 5.427072e+02
851000 7.461733e-23 -4.080621e-20 5.926953e-20 1.080902e+01
852000 1.202280e-21 -4.060683e-20 6.742093e-20 1.741616e+02
853000 1.188516e-21 -3.553419e-20 6.565433e-20 1.721678e+02
854000 2.207984e-22 -4.093396e-20 5.928684e-20 3.198473e+01
855000 1.399069e-21 -4.098796e-20 6.041111e-20 2.026683e+02
856000 5.679881e-23 -4.099838e-20 5.905841e-20 8.227841e+00
857000 3.031116e-21 -4.084021e-20 6.219099e-20 4.390857e+02
858000 7.938894e-22 -3.972091e-20 6.107298e-20 1.150023e+02
859000 1.947277e-21 -3.995055e-20 6.199673e-20 2.820814e+02
860000 1.476700e-22 -4.100048e-20 5.914719e-20 2.139139e+01
861000 8.156854e-22 -4.066509e-20 6.145087e-20 1.181597e+02
862000 2.290846e-22 -4.109636e-20 5.913273e-20 3.318506e+01
863000 1.389820e-21 -3.753711e-20 6.385271e-20 2.013285e+02
864000 1.128577e-22 -4.109396e-20 5.901890e-20 1.634850e+01
865000 2.410226e-21 -4.068174e-20 6.172848e-20 3.491439e+02
866000 4.132258e-22 -4.081274e-20 5.960119e-20 5.985965e+01
867000 5.286833e-23 -4.089978e-20 5.915309e-20 7.658476e+00
868000 2.542719e-24 -3.403909e-20 6.596346e-20 3.683368e-01
869000 8.205488e-23 -4.079640e-20 5.928785e-20 1.188642e+01
870000 3.100448e-21 -3.990728e-20 6.319316e-20 4.491291e+02
871000 6.245597e-21 -4.013890e-20 6.610670e-20 9.047335e+02
872000 3.412854e-21 -4.049273e-20 6.292012e-20 4.943841e+02
873000 1.075388e-22 -3.947129e-20 6.063624e-20 1.557801e+01
874000 8.183279e-22 -3.971875e-20 6.109958e-20 1.185425e+02
875000 8.471152e-22 -4.109436e-20 5.975276e-20 1.227126e+02
876000 3.069193e-22 -4.093108e-20 5.937584e-20 4.446015e+01
877000 2.837630e-21 -3.986071e-20 6.297692e-20 4.110574e+02
878000 1.417906e-23 -4.101698e-20 5.899720e-20 2.053970e+00
879000 4.651420e-21 -4.109855e-20 6.355287e-20 6.738019e+02
