FX FY FZ 
2.730548e-10 0.000000e+00 0.000000e+00
-1.443240e-10 0.000000e+00 0.000000e+00
3.197374e-10 0.000000e+00 0.000000e+00
4.703363e-10 0.000000e+00 0.000000e+00
2.482718e-10 0.000000e+00 0.000000e+00
-2.820404e-10 0.000000e+00 0.000000e+00
1.790771e-10 0.000000e+00 0.000000e+00
1.688052e-10 0.000000e+00 0.000000e+00
1.690381e-10 0.000000e+00 0.000000e+00
-6.811453e-10 0.000000e+00 0.000000e+00
4.213218e-10 0.000000e+00 0.000000e+00
3.851256e-10 0.000000e+00 0.000000e+00
3.376555e-10 0.000000e+00 0.000000e+00
-6.889843e-11 0.000000e+00 0.000000e+00
1.140199e-10 0.000000e+00 0.000000e+00
-1.558474e-10 0.000000e+00 0.000000e+00
-1.530611e-12 0.000000e+00 0.000000e+00
3.047034e-10 0.000000e+00 0.000000e+00
5.328204e-10 0.000000e+00 0.000000e+00
3.460899e-10 0.000000e+00 0.000000e+00
6.262179e-10 0.000000e+00 0.000000e+00
-6.098266e-10 0.000000e+00 0.000000e+00
-9.719533e-11 0.000000e+00 0.000000e+00
8.048986e-11 0.000000e+00 0.000000e+00
-1.583267e-10 0.000000e+00 0.000000e+00
-4.670176e-11 0.000000e+00 0.000000e+00
1.652956e-10 0.000000e+00 0.000000e+00
4.455077e-10 0.000000e+00 0.000000e+00
2.630366e-10 0.000000e+00 0.000000e+00
-3.168694e-11 0.000000e+00 0.000000e+00
3.522498e-10 0.000000e+00 0.000000e+00
2.694346e-10 0.000000e+00 0.000000e+00
-2.817993e-10 0.000000e+00 0.000000e+00
1.128595e-10 0.000000e+00 0.000000e+00
-1.728139e-10 0.000000e+00 0.000000e+00
1.363004e-10 0.000000e+00 0.000000e+00
-6.630371e-10 0.000000e+00 0.000000e+00
2.502544e-11 0.000000e+00 0.000000e+00
-8.492317e-10 0.000000e+00 0.000000e+00
2.259091e-10 0.000000e+00 0.000000e+00
-3.000740e-10 0.000000e+00 0.000000e+00
1.051043e-10 0.000000e+00 0.000000e+00
-8.211270e-11 0.000000e+00 0.000000e+00
-4.224998e-10 0.000000e+00 0.000000e+00
-2.215691e-10 0.000000e+00 0.000000e+00
3.199675e-10 0.000000e+00 0.000000e+00
1.674616e-10 0.000000e+00 0.000000e+00
1.282020e-10 0.000000e+00 0.000000e+00
3.472620e-10 0.000000e+00 0.000000e+00
4.470239e-11 0.000000e+00 0.000000e+00
4.768204e-10 0.000000e+00 0.000000e+00
1.953515e-10 0.000000e+00 0.000000e+00
3.693768e-11 0.000000e+00 0.000000e+00
3.029013e-10 0.000000e+00 0.000000e+00
-3.011559e-11 0.000000e+00 0.000000e+00
5.926459e-10 0.000000e+00 0.000000e+00
-1.068489e-10 0.000000e+00 0.000000e+00
2.904937e-11 0.000000e+00 0.000000e+00
-6.091931e-10 0.000000e+00 0.000000e+00
2.170690e-10 0.000000e+00 0.000000e+00
-7.174641e-10 0.000000e+00 0.000000e+00
-4.882883e-10 0.000000e+00 0.000000e+00
6.769756e-11 0.000000e+00 0.000000e+00
1.322062e-10 0.000000e+00 0.000000e+00
5.154338e-11 0.000000e+00 0.000000e+00
2.784235e-10 0.000000e+00 0.000000e+00
1.290941e-10 0.000000e+00 0.000000e+00
2.620979e-10 0.000000e+00 0.000000e+00
5.646145e-10 0.000000e+00 0.000000e+00
-6.240373e-10 0.000000e+00 0.000000e+00
-1.167199e-10 0.000000e+00 0.000000e+00
-3.234568e-10 0.000000e+00 0.000000e+00
-2.273768e-10 0.000000e+00 0.000000e+00
-3.944690e-10 0.000000e+00 0.000000e+00
4.245106e-10 0.000000e+00 0.000000e+00
2.726355e-10 0.000000e+00 0.000000e+00
3.776653e-11 0.000000e+00 0.000000e+00
-1.726366e-10 0.000000e+00 0.000000e+00
7.254366e-11 0.000000e+00 0.000000e+00
-1.740793e-11 0.000000e+00 0.000000e+00
-3.988707e-11 0.000000e+00 0.000000e+00
4.214675e-10 0.000000e+00 0.000000e+00
2.572387e-10 0.000000e+00 0.000000e+00
2.820174e-11 0.000000e+00 0.000000e+00
-4.886712e-11 0.000000e+00 0.000000e+00
-3.845133e-10 0.000000e+00 0.000000e+00
1.708053e-10 0.000000e+00 0.000000e+00
3.085627e-10 0.000000e+00 0.000000e+00
-4.777405e-11 0.000000e+00 0.000000e+00
3.038130e-10 0.000000e+00 0.000000e+00
8.299048e-11 0.000000e+00 0.000000e+00
3.040723e-11 0.000000e+00 0.000000e+00
9.676753e-11 0.000000e+00 0.000000e+00
4.040954e-10 0.000000e+00 0.000000e+00
-6.364307e-11 0.000000e+00 0.000000e+00
-4.118891e-10 0.000000e+00 0.000000e+00
-1.627583e-10 0.000000e+00 0.000000e+00
2.547277e-10 0.000000e+00 0.000000e+00
-4.703806e-10 0.000000e+00 0.000000e+00
4.223828e-11 0.000000e+00 0.000000e+00
3.636994e-11 0.000000e+00 0.000000e+00
-4.793201e-10 0.000000e+00 0.000000e+00
4.516397e-11 0.000000e+00 0.000000e+00
3.446737e-10 0.000000e+00 0.000000e+00
5.217945e-10 0.000000e+00 0.000000e+00
2.099331e-10 0.000000e+00 0.000000e+00
-2.911597e-10 0.000000e+00 0.000000e+00
-1.159524e-10 0.000000e+00 0.000000e+00
-5.702049e-10 0.000000e+00 0.000000e+00
-3.010455e-10 0.000000e+00 0.000000e+00
1.615061e-10 0.000000e+00 0.000000e+00
-3.407725e-10 0.000000e+00 0.000000e+00
2.425150e-11 0.000000e+00 0.000000e+00
1.643101e-10 0.000000e+00 0.000000e+00
2.530229e-10 0.000000e+00 0.000000e+00
3.492191e-10 0.000000e+00 0.000000e+00
-3.576868e-11 0.000000e+00 0.000000e+00
-2.902170e-10 0.000000e+00 0.000000e+00
-1.131000e-10 0.000000e+00 0.000000e+00
-5.389402e-10 0.000000e+00 0.000000e+00
2.906430e-10 0.000000e+00 0.000000e+00
5.419155e-10 0.000000e+00 0.000000e+00
1.211228e-10 0.000000e+00 0.000000e+00
-2.202552e-10 0.000000e+00 0.000000e+00
4.560987e-10 0.000000e+00 0.000000e+00
-8.577863e-10 0.000000e+00 0.000000e+00
-1.554984e-10 0.000000e+00 0.000000e+00
-5.543513e-10 0.000000e+00 0.000000e+00
2.448850e-10 0.000000e+00 0.000000e+00
4.106784e-10 0.000000e+00 0.000000e+00
-3.199183e-10 0.000000e+00 0.000000e+00
-4.348135e-10 0.000000e+00 0.000000e+00
-6.601595e-10 0.000000e+00 0.000000e+00
2.860838e-10 0.000000e+00 0.000000e+00
4.530619e-10 0.000000e+00 0.000000e+00
-1.704861e-10 0.000000e+00 0.000000e+00
4.047707e-10 0.000000e+00 0.000000e+00
3.903160e-10 0.000000e+00 0.000000e+00
3.509227e-10 0.000000e+00 0.000000e+00
-4.781911e-10 0.000000e+00 0.000000e+00
1.164725e-10 0.000000e+00 0.000000e+00
4.689178e-10 0.000000e+00 0.000000e+00
2.285513e-10 0.000000e+00 0.000000e+00
1.085496e-10 0.000000e+00 0.000000e+00
8.119680e-11 0.000000e+00 0.000000e+00
-7.168295e-10 0.000000e+00 0.000000e+00
1.856497e-10 0.000000e+00 0.000000e+00
4.789811e-10 0.000000e+00 0.000000e+00
-3.140331e-10 0.000000e+00 0.000000e+00
-4.942102e-10 0.000000e+00 0.000000e+00
-1.043064e-11 0.000000e+00 0.000000e+00
3.128799e-10 0.000000e+00 0.000000e+00
5.129367e-10 0.000000e+00 0.000000e+00
1.581864e-10 0.000000e+00 0.000000e+00
-5.931616e-10 0.000000e+00 0.000000e+00
-3.967721e-10 0.000000e+00 0.000000e+00
-1.142259e-10 0.000000e+00 0.000000e+00
-3.972912e-10 0.000000e+00 0.000000e+00
3.655592e-10 0.000000e+00 0.000000e+00
4.757048e-10 0.000000e+00 0.000000e+00
7.504350e-11 0.000000e+00 0.000000e+00
-4.326847e-10 0.000000e+00 0.000000e+00
3.471536e-10 0.000000e+00 0.000000e+00
-2.242177e-10 0.000000e+00 0.000000e+00
2.760342e-10 0.000000e+00 0.000000e+00
2.568282e-10 0.000000e+00 0.000000e+00
-4.004215e-10 0.000000e+00 0.000000e+00
-3.176854e-11 0.000000e+00 0.000000e+00
-9.968960e-11 0.000000e+00 0.000000e+00
-2.170850e-10 0.000000e+00 0.000000e+00
-1.230349e-10 0.000000e+00 0.000000e+00
4.629320e-10 0.000000e+00 0.000000e+00
3.976173e-10 0.000000e+00 0.000000e+00
-2.951372e-10 0.000000e+00 0.000000e+00
-1.048680e-10 0.000000e+00 0.000000e+00
8.715898e-11 0.000000e+00 0.000000e+00
-8.243685e-10 0.000000e+00 0.000000e+00
1.340923e-10 0.000000e+00 0.000000e+00
2.226390e-12 0.000000e+00 0.000000e+00
5.378310e-11 0.000000e+00 0.000000e+00
9.246251e-11 0.000000e+00 0.000000e+00
3.575261e-10 0.000000e+00 0.000000e+00
2.132298e-10 0.000000e+00 0.000000e+00
1.046601e-10 0.000000e+00 0.000000e+00
9.173122e-11 0.000000e+00 0.000000e+00
4.413619e-10 0.000000e+00 0.000000e+00
-5.290484e-10 0.000000e+00 0.000000e+00
1.832584e-10 0.000000e+00 0.000000e+00
9.396616e-11 0.000000e+00 0.000000e+00
-2.119085e-10 0.000000e+00 0.000000e+00
2.688119e-10 0.000000e+00 0.000000e+00
-3.612218e-10 0.000000e+00 0.000000e+00
-5.973735e-11 0.000000e+00 0.000000e+00
4.484335e-10 0.000000e+00 0.000000e+00
-1.067158e-10 0.000000e+00 0.000000e+00
1.951485e-10 0.000000e+00 0.000000e+00
3.133897e-10 0.000000e+00 0.000000e+00
5.002404e-10 0.000000e+00 0.000000e+00
-6.637685e-10 0.000000e+00 0.000000e+00
-3.601812e-10 0.000000e+00 0.000000e+00
6.849663e-11 0.000000e+00 0.000000e+00
4.583117e-10 0.000000e+00 0.000000e+00
2.275931e-10 0.000000e+00 0.000000e+00
1.287184e-10 0.000000e+00 0.000000e+00
2.037061e-10 0.000000e+00 0.000000e+00
-3.990446e-10 0.000000e+00 0.000000e+00
3.310970e-10 0.000000e+00 0.000000e+00
-6.065608e-10 0.000000e+00 0.000000e+00
1.828095e-10 0.000000e+00 0.000000e+00
-8.829399e-10 0.000000e+00 0.000000e+00
7.950376e-11 0.000000e+00 0.000000e+00
-6.012309e-10 0.000000e+00 0.000000e+00
2.086342e-10 0.000000e+00 0.000000e+00
-2.139544e-12 0.000000e+00 0.000000e+00
-3.900718e-10 0.000000e+00 0.000000e+00
4.570546e-10 0.000000e+00 0.000000e+00
-2.865561e-11 0.000000e+00 0.000000e+00
2.297119e-11 0.000000e+00 0.000000e+00
-2.598794e-10 0.000000e+00 0.000000e+00
3.790271e-10 0.000000e+00 0.000000e+00
-2.030190e-09 0.000000e+00 0.000000e+00
-2.811336e-10 0.000000e+00 0.000000e+00
-2.355404e-10 0.000000e+00 0.000000e+00
3.546723e-10 0.000000e+00 0.000000e+00
-1.852070e-10 0.000000e+00 0.000000e+00
6.028077e-10 0.000000e+00 0.000000e+00
1.499594e-10 0.000000e+00 0.000000e+00
4.596661e-10 0.000000e+00 0.000000e+00
-3.199171e-10 0.000000e+00 0.000000e+00
-4.672166e-10 0.000000e+00 0.000000e+00
8.888469e-11 0.000000e+00 0.000000e+00
1.847916e-10 0.000000e+00 0.000000e+00
3.241253e-10 0.000000e+00 0.000000e+00
-1.008942e-10 0.000000e+00 0.000000e+00
-2.067930e-10 0.000000e+00 0.000000e+00
-5.984737e-10 0.000000e+00 0.000000e+00
4.475223e-10 0.000000e+00 0.000000e+00
-6.875980e-11 0.000000e+00 0.000000e+00
3.838976e-10 0.000000e+00 0.000000e+00
-2.758908e-10 0.000000e+00 0.000000e+00
-3.628916e-10 0.000000e+00 0.000000e+00
-1.898839e-10 0.000000e+00 0.000000e+00
-6.790969e-10 0.000000e+00 0.000000e+00
5.914905e-10 0.000000e+00 0.000000e+00
2.202503e-10 0.000000e+00 0.000000e+00
-1.022903e-10 0.000000e+00 0.000000e+00
3.806236e-10 0.000000e+00 0.000000e+00
2.187524e-10 0.000000e+00 0.000000e+00
3.273053e-10 0.000000e+00 0.000000e+00
1.152681e-10 0.000000e+00 0.000000e+00
1.859466e-10 0.000000e+00 0.000000e+00
-4.350432e-10 0.000000e+00 0.000000e+00
-1.113580e-10 0.000000e+00 0.000000e+00
-2.602404e-11 0.000000e+00 0.000000e+00
-4.973989e-11 0.000000e+00 0.000000e+00
-8.828079e-11 0.000000e+00 0.000000e+00
2.599724e-10 0.000000e+00 0.000000e+00
-1.473163e-10 0.000000e+00 0.000000e+00
5.437804e-10 0.000000e+00 0.000000e+00
-2.909460e-10 0.000000e+00 0.000000e+00
1.165720e-10 0.000000e+00 0.000000e+00
2.315800e-10 0.000000e+00 0.000000e+00
-4.199799e-10 0.000000e+00 0.000000e+00
-5.875075e-10 0.000000e+00 0.000000e+00
5.975122e-10 0.000000e+00 0.000000e+00
6.199751e-10 0.000000e+00 0.000000e+00
3.554077e-11 0.000000e+00 0.000000e+00
-1.666449e-10 0.000000e+00 0.000000e+00
2.655275e-10 0.000000e+00 0.000000e+00
2.601002e-10 0.000000e+00 0.000000e+00
1.380921e-10 0.000000e+00 0.000000e+00
4.669131e-10 0.000000e+00 0.000000e+00
-3.273644e-10 0.000000e+00 0.000000e+00
1.574973e-10 0.000000e+00 0.000000e+00
-1.055774e-11 0.000000e+00 0.000000e+00
1.367569e-10 0.000000e+00 0.000000e+00
1.143022e-10 0.000000e+00 0.000000e+00
3.399965e-10 0.000000e+00 0.000000e+00
-5.902373e-10 0.000000e+00 0.000000e+00
-3.921504e-10 0.000000e+00 0.000000e+00
-8.145779e-11 0.000000e+00 0.000000e+00
1.741197e-10 0.000000e+00 0.000000e+00
2.225377e-10 0.000000e+00 0.000000e+00
-5.814215e-10 0.000000e+00 0.000000e+00
1.444285e-10 0.000000e+00 0.000000e+00
9.793436e-11 0.000000e+00 0.000000e+00
-1.484562e-11 0.000000e+00 0.000000e+00
-4.711844e-10 0.000000e+00 0.000000e+00
-3.076985e-10 0.000000e+00 0.000000e+00
2.197176e-10 0.000000e+00 0.000000e+00
-9.026153e-11 0.000000e+00 0.000000e+00
-8.448007e-11 0.000000e+00 0.000000e+00
-3.123555e-10 0.000000e+00 0.000000e+00
-6.718898e-11 0.000000e+00 0.000000e+00
-3.222956e-10 0.000000e+00 0.000000e+00
1.203413e-10 0.000000e+00 0.000000e+00
2.820542e-10 0.000000e+00 0.000000e+00
1.239260e-10 0.000000e+00 0.000000e+00
-5.239665e-11 0.000000e+00 0.000000e+00
5.289310e-10 0.000000e+00 0.000000e+00
1.034822e-10 0.000000e+00 0.000000e+00
-7.993531e-10 0.000000e+00 0.000000e+00
-1.187642e-10 0.000000e+00 0.000000e+00
-6.343789e-11 0.000000e+00 0.000000e+00
-1.018737e-10 0.000000e+00 0.000000e+00
-3.569255e-11 0.000000e+00 0.000000e+00
6.027528e-10 0.000000e+00 0.000000e+00
-9.963056e-11 0.000000e+00 0.000000e+00
5.444802e-10 0.000000e+00 0.000000e+00
1.210504e-10 0.000000e+00 0.000000e+00
-1.418656e-10 0.000000e+00 0.000000e+00
3.286825e-11 0.000000e+00 0.000000e+00
-6.408719e-11 0.000000e+00 0.000000e+00
-7.678959e-11 0.000000e+00 0.000000e+00
1.048864e-10 0.000000e+00 0.000000e+00
-1.066605e-10 0.000000e+00 0.000000e+00
-5.590111e-10 0.000000e+00 0.000000e+00
-8.212216e-10 0.000000e+00 0.000000e+00
-1.770952e-10 0.000000e+00 0.000000e+00
-2.732830e-10 0.000000e+00 0.000000e+00
3.321726e-10 0.000000e+00 0.000000e+00
2.388822e-10 0.000000e+00 0.000000e+00
2.306298e-10 0.000000e+00 0.000000e+00
4.409802e-10 0.000000e+00 0.000000e+00
1.394942e-10 0.000000e+00 0.000000e+00
2.962204e-10 0.000000e+00 0.000000e+00
1.855566e-10 0.000000e+00 0.000000e+00
-3.271831e-10 0.000000e+00 0.000000e+00
-1.426904e-10 0.000000e+00 0.000000e+00
2.569083e-10 0.000000e+00 0.000000e+00
1.298527e-10 0.000000e+00 0.000000e+00
2.917338e-10 0.000000e+00 0.000000e+00
-1.807764e-10 0.000000e+00 0.000000e+00
5.093547e-10 0.000000e+00 0.000000e+00
-4.811394e-11 0.000000e+00 0.000000e+00
-8.341987e-10 0.000000e+00 0.000000e+00
1.217189e-10 0.000000e+00 0.000000e+00
-6.457408e-10 0.000000e+00 0.000000e+00
-8.311485e-11 0.000000e+00 0.000000e+00
5.095456e-10 0.000000e+00 0.000000e+00
-1.258558e-10 0.000000e+00 0.000000e+00
-1.203174e-10 0.000000e+00 0.000000e+00
1.424629e-10 0.000000e+00 0.000000e+00
3.016103e-10 0.000000e+00 0.000000e+00
7.377026e-11 0.000000e+00 0.000000e+00
-1.404119e-10 0.000000e+00 0.000000e+00
4.573372e-10 0.000000e+00 0.000000e+00
2.848330e-10 0.000000e+00 0.000000e+00
-2.364067e-10 0.000000e+00 0.000000e+00
3.704094e-10 0.000000e+00 0.000000e+00
-7.381242e-11 0.000000e+00 0.000000e+00
1.207281e-10 0.000000e+00 0.000000e+00
5.315519e-11 0.000000e+00 0.000000e+00
5.329178e-10 0.000000e+00 0.000000e+00
-4.279528e-11 0.000000e+00 0.000000e+00
3.811166e-10 0.000000e+00 0.000000e+00
1.838170e-10 0.000000e+00 0.000000e+00
-8.399721e-10 0.000000e+00 0.000000e+00
1.355190e-11 0.000000e+00 0.000000e+00
-2.251219e-10 0.000000e+00 0.000000e+00
-3.430325e-10 0.000000e+00 0.000000e+00
6.320711e-10 0.000000e+00 0.000000e+00
1.142963e-10 0.000000e+00 0.000000e+00
1.891488e-10 0.000000e+00 0.000000e+00
-1.433398e-10 0.000000e+00 0.000000e+00
2.426153e-10 0.000000e+00 0.000000e+00
-3.413891e-10 0.000000e+00 0.000000e+00
5.057186e-10 0.000000e+00 0.000000e+00
-1.047291e-10 0.000000e+00 0.000000e+00
2.756986e-10 0.000000e+00 0.000000e+00
-5.835818e-10 0.000000e+00 0.000000e+00
8.965315e-11 0.000000e+00 0.000000e+00
2.318835e-10 0.000000e+00 0.000000e+00
6.000172e-10 0.000000e+00 0.000000e+00
-3.088837e-10 0.000000e+00 0.000000e+00
-8.571974e-10 0.000000e+00 0.000000e+00
-1.950363e-10 0.000000e+00 0.000000e+00
1.214071e-10 0.000000e+00 0.000000e+00
-8.770679e-11 0.000000e+00 0.000000e+00
4.947157e-10 0.000000e+00 0.000000e+00
-3.043479e-10 0.000000e+00 0.000000e+00
-3.788639e-10 0.000000e+00 0.000000e+00
1.975889e-10 0.000000e+00 0.000000e+00
1.748280e-10 0.000000e+00 0.000000e+00
9.758243e-11 0.000000e+00 0.000000e+00
-4.702291e-10 0.000000e+00 0.000000e+00
-2.284427e-11 0.000000e+00 0.000000e+00
1.831095e-11 0.000000e+00 0.000000e+00
1.517747e-10 0.000000e+00 0.000000e+00
-4.685761e-10 0.000000e+00 0.000000e+00
1.283197e-10 0.000000e+00 0.000000e+00
3.960986e-10 0.000000e+00 0.000000e+00
-2.553575e-10 0.000000e+00 0.000000e+00
-4.819227e-10 0.000000e+00 0.000000e+00
-1.273107e-11 0.000000e+00 0.000000e+00
3.262204e-11 0.000000e+00 0.000000e+00
2.691018e-10 0.000000e+00 0.000000e+00
-2.359801e-10 0.000000e+00 0.000000e+00
5.959544e-11 0.000000e+00 0.000000e+00
-3.270076e-10 0.000000e+00 0.000000e+00
1.968929e-10 0.000000e+00 0.000000e+00
-1.583960e-12 0.000000e+00 0.000000e+00
-1.775521e-10 0.000000e+00 0.000000e+00
-1.891829e-10 0.000000e+00 0.000000e+00
-1.622175e-10 0.000000e+00 0.000000e+00
-5.578934e-10 0.000000e+00 0.000000e+00
-1.823854e-10 0.000000e+00 0.000000e+00
-5.411532e-10 0.000000e+00 0.000000e+00
2.236684e-11 0.000000e+00 0.000000e+00
-1.244407e-09 0.000000e+00 0.000000e+00
1.555921e-10 0.000000e+00 0.000000e+00
1.214191e-10 0.000000e+00 0.000000e+00
-6.485772e-10 0.000000e+00 0.000000e+00
-1.783479e-10 0.000000e+00 0.000000e+00
-2.424034e-10 0.000000e+00 0.000000e+00
-6.797079e-10 0.000000e+00 0.000000e+00
-1.405838e-10 0.000000e+00 0.000000e+00
-2.214274e-10 0.000000e+00 0.000000e+00
-3.957693e-10 0.000000e+00 0.000000e+00
1.517584e-11 0.000000e+00 0.000000e+00
3.421966e-12 0.000000e+00 0.000000e+00
-5.415461e-10 0.000000e+00 0.000000e+00
-1.523455e-10 0.000000e+00 0.000000e+00
-4.374327e-10 0.000000e+00 0.000000e+00
-6.933417e-10 0.000000e+00 0.000000e+00
1.025509e-10 0.000000e+00 0.000000e+00
-2.222013e-10 0.000000e+00 0.000000e+00
-4.658027e-10 0.000000e+00 0.000000e+00
-1.539215e-10 0.000000e+00 0.000000e+00
-2.526151e-10 0.000000e+00 0.000000e+00
2.806843e-11 0.000000e+00 0.000000e+00
-8.559421e-11 0.000000e+00 0.000000e+00
-7.198265e-10 0.000000e+00 0.000000e+00
-2.395891e-10 0.000000e+00 0.000000e+00
1.068320e-10 0.000000e+00 0.000000e+00
-1.727292e-10 0.000000e+00 0.000000e+00
-3.460129e-10 0.000000e+00 0.000000e+00
-7.476610e-11 0.000000e+00 0.000000e+00
-4.466226e-10 0.000000e+00 0.000000e+00
-1.851818e-10 0.000000e+00 0.000000e+00
-4.514514e-10 0.000000e+00 0.000000e+00
-1.149807e-10 0.000000e+00 0.000000e+00
-9.295611e-11 0.000000e+00 0.000000e+00
-2.449535e-10 0.000000e+00 0.000000e+00
-6.115262e-10 0.000000e+00 0.000000e+00
5.307424e-11 0.000000e+00 0.000000e+00
9.899345e-11 0.000000e+00 0.000000e+00
-5.648728e-11 0.000000e+00 0.000000e+00
9.191336e-11 0.000000e+00 0.000000e+00
4.950835e-11 0.000000e+00 0.000000e+00
3.398119e-11 0.000000e+00 0.000000e+00
-1.546805e-10 0.000000e+00 0.000000e+00
-6.875943e-10 0.000000e+00 0.000000e+00
-1.826182e-11 0.000000e+00 0.000000e+00
-1.667723e-10 0.000000e+00 0.000000e+00
-4.488936e-11 0.000000e+00 0.000000e+00
-6.274105e-10 0.000000e+00 0.000000e+00
-1.134547e-10 0.000000e+00 0.000000e+00
1.161951e-10 0.000000e+00 0.000000e+00
-2.598409e-10 0.000000e+00 0.000000e+00
1.388073e-10 0.000000e+00 0.000000e+00
2.151365e-11 0.000000e+00 0.000000e+00
-4.041092e-10 0.000000e+00 0.000000e+00
-4.009542e-10 0.000000e+00 0.000000e+00
-1.734287e-10 0.000000e+00 0.000000e+00
4.263450e-11 0.000000e+00 0.000000e+00
3.130202e-11 0.000000e+00 0.000000e+00
-6.244058e-10 0.000000e+00 0.000000e+00
1.391329e-10 0.000000e+00 0.000000e+00
-4.613409e-11 0.000000e+00 0.000000e+00
-3.047634e-11 0.000000e+00 0.000000e+00
-1.068567e-10 0.000000e+00 0.000000e+00
-6.788954e-11 0.000000e+00 0.000000e+00
-4.532386e-10 0.000000e+00 0.000000e+00
5.193530e-11 0.000000e+00 0.000000e+00
4.595980e-11 0.000000e+00 0.000000e+00
-4.242356e-10 0.000000e+00 0.000000e+00
-5.039494e-11 0.000000e+00 0.000000e+00
-8.626871e-11 0.000000e+00 0.000000e+00
-7.722849e-11 0.000000e+00 0.000000e+00
6.762495e-11 0.000000e+00 0.000000e+00
-5.984096e-10 0.000000e+00 0.000000e+00
-1.052818e-11 0.000000e+00 0.000000e+00
-2.268366e-10 0.000000e+00 0.000000e+00
1.062426e-11 0.000000e+00 0.000000e+00
-1.505347e-10 0.000000e+00 0.000000e+00
-4.322766e-10 0.000000e+00 0.000000e+00
-2.596446e-10 0.000000e+00 0.000000e+00
5.176699e-11 0.000000e+00 0.000000e+00
-5.523432e-10 0.000000e+00 0.000000e+00
-2.337910e-11 0.000000e+00 0.000000e+00
-2.016686e-10 0.000000e+00 0.000000e+00
7.913390e-11 0.000000e+00 0.000000e+00
-6.317800e-10 0.000000e+00 0.000000e+00
-7.040713e-11 0.000000e+00 0.000000e+00
-5.231704e-10 0.000000e+00 0.000000e+00
-2.409831e-10 0.000000e+00 0.000000e+00
4.846757e-12 0.000000e+00 0.000000e+00
-3.479118e-10 0.000000e+00 0.000000e+00
-7.968824e-10 0.000000e+00 0.000000e+00
-2.291653e-11 0.000000e+00 0.000000e+00
1.119837e-10 0.000000e+00 0.000000e+00
-1.839153e-10 0.000000e+00 0.000000e+00
-4.361390e-10 0.000000e+00 0.000000e+00
-3.404856e-10 0.000000e+00 0.000000e+00
-1.336073e-10 0.000000e+00 0.000000e+00
-4.729879e-10 0.000000e+00 0.000000e+00
-1.566070e-10 0.000000e+00 0.000000e+00
-5.571224e-10 0.000000e+00 0.000000e+00
-1.184396e-10 0.000000e+00 0.000000e+00
-5.266267e-10 0.000000e+00 0.000000e+00
-8.982059e-10 0.000000e+00 0.000000e+00
-1.465774e-11 0.000000e+00 0.000000e+00
-2.003959e-10 0.000000e+00 0.000000e+00
2.499503e-11 0.000000e+00 0.000000e+00
2.324947e-11 0.000000e+00 0.000000e+00
1.256763e-10 0.000000e+00 0.000000e+00
1.500181e-10 0.000000e+00 0.000000e+00
6.120381e-11 0.000000e+00 0.000000e+00
-3.300020e-11 0.000000e+00 0.000000e+00
-2.820253e-10 0.000000e+00 0.000000e+00
-5.655197e-11 0.000000e+00 0.000000e+00
-2.699948e-10 0.000000e+00 0.000000e+00
1.211267e-11 0.000000e+00 0.000000e+00
1.005924e-10 0.000000e+00 0.000000e+00
1.048025e-10 0.000000e+00 0.000000e+00
-6.563307e-11 0.000000e+00 0.000000e+00
-2.056483e-11 0.000000e+00 0.000000e+00
-3.079804e-11 0.000000e+00 0.000000e+00
9.068743e-11 0.000000e+00 0.000000e+00
-6.977461e-10 0.000000e+00 0.000000e+00
-3.131367e-10 0.000000e+00 0.000000e+00
-9.102214e-11 0.000000e+00 0.000000e+00
-8.484921e-11 0.000000e+00 0.000000e+00
-1.520330e-10 0.000000e+00 0.000000e+00
1.066644e-10 0.000000e+00 0.000000e+00
2.348168e-11 0.000000e+00 0.000000e+00
-2.603739e-10 0.000000e+00 0.000000e+00
-6.875682e-11 0.000000e+00 0.000000e+00
1.631616e-11 0.000000e+00 0.000000e+00
2.396753e-11 0.000000e+00 0.000000e+00
-5.206618e-10 0.000000e+00 0.000000e+00
1.694045e-10 0.000000e+00 0.000000e+00
-1.075126e-09 0.000000e+00 0.000000e+00
-4.850992e-10 0.000000e+00 0.000000e+00
-1.479780e-10 0.000000e+00 0.000000e+00
-2.291895e-10 0.000000e+00 0.000000e+00
-6.450985e-11 0.000000e+00 0.000000e+00
-2.175232e-10 0.000000e+00 0.000000e+00
-3.780481e-10 0.000000e+00 0.000000e+00
-4.958677e-11 0.000000e+00 0.000000e+00
6.043413e-11 0.000000e+00 0.000000e+00
1.436851e-10 0.000000e+00 0.000000e+00
-1.351639e-10 0.000000e+00 0.000000e+00
-2.943036e-11 0.000000e+00 0.000000e+00
8.595119e-12 0.000000e+00 0.000000e+00
1.026430e-10 0.000000e+00 0.000000e+00
8.582764e-11 0.000000e+00 0.000000e+00
-1.466564e-10 0.000000e+00 0.000000e+00
-3.346221e-14 0.000000e+00 0.000000e+00
-5.201526e-11 0.000000e+00 0.000000e+00
-9.123660e-10 0.000000e+00 0.000000e+00
-3.801200e-10 0.000000e+00 0.000000e+00
-4.368042e-10 0.000000e+00 0.000000e+00
-3.708349e-10 0.000000e+00 0.000000e+00
7.372336e-12 0.000000e+00 0.000000e+00
-4.337495e-10 0.000000e+00 0.000000e+00
1.229233e-10 0.000000e+00 0.000000e+00
1.268610e-10 0.000000e+00 0.000000e+00
-1.126465e-10 0.000000e+00 0.000000e+00
-1.046184e-10 0.000000e+00 0.000000e+00
1.140713e-10 0.000000e+00 0.000000e+00
4.552239e-11 0.000000e+00 0.000000e+00
7.526418e-11 0.000000e+00 0.000000e+00
-5.863735e-10 0.000000e+00 0.000000e+00
-2.227520e-10 0.000000e+00 0.000000e+00
4.820626e-12 0.000000e+00 0.000000e+00
-3.291944e-10 0.000000e+00 0.000000e+00
-1.823738e-10 0.000000e+00 0.000000e+00
1.057307e-10 0.000000e+00 0.000000e+00
-1.774647e-10 0.000000e+00 0.000000e+00
8.918100e-11 0.000000e+00 0.000000e+00
-9.631070e-11 0.000000e+00 0.000000e+00
-4.259637e-10 0.000000e+00 0.000000e+00
-5.585987e-10 0.000000e+00 0.000000e+00
-5.444615e-10 0.000000e+00 0.000000e+00
-2.030963e-10 0.000000e+00 0.000000e+00
-1.396581e-09 0.000000e+00 0.000000e+00
-2.597245e-10 0.000000e+00 0.000000e+00
-5.372162e-10 0.000000e+00 0.000000e+00
-7.872925e-10 0.000000e+00 0.000000e+00
1.144630e-11 0.000000e+00 0.000000e+00
1.630994e-10 0.000000e+00 0.000000e+00
-3.729609e-10 0.000000e+00 0.000000e+00
-3.452064e-11 0.000000e+00 0.000000e+00
5.345369e-11 0.000000e+00 0.000000e+00
-9.701607e-10 0.000000e+00 0.000000e+00
-3.595777e-10 0.000000e+00 0.000000e+00
-1.226016e-10 0.000000e+00 0.000000e+00
-4.895722e-10 0.000000e+00 0.000000e+00
1.350123e-11 0.000000e+00 0.000000e+00
3.710712e-11 0.000000e+00 0.000000e+00
1.254380e-10 0.000000e+00 0.000000e+00
-5.101527e-12 0.000000e+00 0.000000e+00
-2.500850e-10 0.000000e+00 0.000000e+00
-4.264040e-11 0.000000e+00 0.000000e+00
7.457896e-11 0.000000e+00 0.000000e+00
1.192908e-10 0.000000e+00 0.000000e+00
4.831001e-11 0.000000e+00 0.000000e+00
-5.199087e-10 0.000000e+00 0.000000e+00
-4.506625e-10 0.000000e+00 0.000000e+00
-2.834992e-10 0.000000e+00 0.000000e+00
-5.975166e-11 0.000000e+00 0.000000e+00
-4.899652e-10 0.000000e+00 0.000000e+00
1.727623e-11 0.000000e+00 0.000000e+00
-5.518221e-10 0.000000e+00 0.000000e+00
-2.815710e-10 0.000000e+00 0.000000e+00
2.630763e-12 0.000000e+00 0.000000e+00
1.699732e-11 0.000000e+00 0.000000e+00
-1.321212e-10 0.000000e+00 0.000000e+00
-1.380485e-10 0.000000e+00 0.000000e+00
-2.616766e-10 0.000000e+00 0.000000e+00
-1.631675e-11 0.000000e+00 0.000000e+00
-4.811318e-10 0.000000e+00 0.000000e+00
-3.187458e-10 0.000000e+00 0.000000e+00
-2.612161e-10 0.000000e+00 0.000000e+00
-1.869753e-10 0.000000e+00 0.000000e+00
-4.500523e-10 0.000000e+00 0.000000e+00
-8.781347e-11 0.000000e+00 0.000000e+00
8.570914e-11 0.000000e+00 0.000000e+00
-1.889302e-10 0.000000e+00 0.000000e+00
-1.577648e-10 0.000000e+00 0.000000e+00
5.676852e-12 0.000000e+00 0.000000e+00
-3.138321e-10 0.000000e+00 0.000000e+00
-4.947884e-10 0.000000e+00 0.000000e+00
-8.788600e-10 0.000000e+00 0.000000e+00
6.952631e-12 0.000000e+00 0.000000e+00
-1.168429e-10 0.000000e+00 0.000000e+00
4.731749e-11 0.000000e+00 0.000000e+00
-8.269719e-10 0.000000e+00 0.000000e+00
-3.720955e-10 0.000000e+00 0.000000e+00
-7.886167e-10 0.000000e+00 0.000000e+00
-5.055031e-10 0.000000e+00 0.000000e+00
-8.370529e-12 0.000000e+00 0.000000e+00
-1.977195e-10 0.000000e+00 0.000000e+00
-2.440389e-10 0.000000e+00 0.000000e+00
-5.191334e-10 0.000000e+00 0.000000e+00
-3.904880e-10 0.000000e+00 0.000000e+00
-6.964383e-11 0.000000e+00 0.000000e+00
-1.299847e-10 0.000000e+00 0.000000e+00
-3.285621e-10 0.000000e+00 0.000000e+00
4.976295e-11 0.000000e+00 0.000000e+00
-1.031263e-10 0.000000e+00 0.000000e+00
-6.125865e-10 0.000000e+00 0.000000e+00
-5.037526e-10 0.000000e+00 0.000000e+00
-3.277199e-10 0.000000e+00 0.000000e+00
-1.320475e-10 0.000000e+00 0.000000e+00
-6.318416e-10 0.000000e+00 0.000000e+00
-2.760495e-10 0.000000e+00 0.000000e+00
-3.731016e-10 0.000000e+00 0.000000e+00
5.956280e-11 0.000000e+00 0.000000e+00
-1.077406e-09 0.000000e+00 0.000000e+00
-4.379099e-10 0.000000e+00 0.000000e+00
-3.672068e-10 0.000000e+00 0.000000e+00
-1.379555e-10 0.000000e+00 0.000000e+00
-2.052289e-10 0.000000e+00 0.000000e+00
6.072394e-11 0.000000e+00 0.000000e+00
-2.080296e-10 0.000000e+00 0.000000e+00
-5.512317e-10 0.000000e+00 0.000000e+00
-4.041719e-10 0.000000e+00 0.000000e+00
1.255813e-10 0.000000e+00 0.000000e+00
5.290408e-11 0.000000e+00 0.000000e+00
-3.764113e-11 0.000000e+00 0.000000e+00
-1.059360e-10 0.000000e+00 0.000000e+00
-5.182330e-10 0.000000e+00 0.000000e+00
-7.273042e-11 0.000000e+00 0.000000e+00
1.101823e-10 0.000000e+00 0.000000e+00
-2.340046e-10 0.000000e+00 0.000000e+00
7.189417e-11 0.000000e+00 0.000000e+00
-8.208074e-11 0.000000e+00 0.000000e+00
1.148247e-11 0.000000e+00 0.000000e+00
1.443371e-10 0.000000e+00 0.000000e+00
-2.760102e-11 0.000000e+00 0.000000e+00
-3.802946e-11 0.000000e+00 0.000000e+00
-1.430639e-12 0.000000e+00 0.000000e+00
1.055571e-10 0.000000e+00 0.000000e+00
-6.227071e-10 0.000000e+00 0.000000e+00
-2.120874e-10 0.000000e+00 0.000000e+00
6.604053e-11 0.000000e+00 0.000000e+00
-3.977626e-10 0.000000e+00 0.000000e+00
-2.696863e-10 0.000000e+00 0.000000e+00
2.727487e-11 0.000000e+00 0.000000e+00
1.319580e-10 0.000000e+00 0.000000e+00
2.860624e-11 0.000000e+00 0.000000e+00
-1.412968e-10 0.000000e+00 0.000000e+00
5.272314e-11 0.000000e+00 0.000000e+00
-2.580979e-10 0.000000e+00 0.000000e+00
1.303578e-10 0.000000e+00 0.000000e+00
2.602391e-11 0.000000e+00 0.000000e+00
-2.066908e-10 0.000000e+00 0.000000e+00
-2.259877e-10 0.000000e+00 0.000000e+00
-5.658115e-11 0.000000e+00 0.000000e+00
-4.822327e-10 0.000000e+00 0.000000e+00
1.188768e-10 0.000000e+00 0.000000e+00
-2.876912e-10 0.000000e+00 0.000000e+00
7.618304e-11 0.000000e+00 0.000000e+00
-2.053306e-10 0.000000e+00 0.000000e+00
-1.683078e-10 0.000000e+00 0.000000e+00
-2.644121e-10 0.000000e+00 0.000000e+00
-1.142536e-10 0.000000e+00 0.000000e+00
-2.401544e-11 0.000000e+00 0.000000e+00
-4.638089e-10 0.000000e+00 0.000000e+00
-1.267118e-10 0.000000e+00 0.000000e+00
-7.758723e-10 0.000000e+00 0.000000e+00
-2.247650e-10 0.000000e+00 0.000000e+00
1.107183e-10 0.000000e+00 0.000000e+00
-2.415805e-11 0.000000e+00 0.000000e+00
-3.943517e-10 0.000000e+00 0.000000e+00
1.147267e-10 0.000000e+00 0.000000e+00
8.346013e-11 0.000000e+00 0.000000e+00
-6.816849e-11 0.000000e+00 0.000000e+00
-2.633257e-10 0.000000e+00 0.000000e+00
-2.198941e-10 0.000000e+00 0.000000e+00
-2.736302e-11 0.000000e+00 0.000000e+00
-8.665080e-11 0.000000e+00 0.000000e+00
-1.198605e-11 0.000000e+00 0.000000e+00
-2.829802e-10 0.000000e+00 0.000000e+00
-2.692147e-10 0.000000e+00 0.000000e+00
-6.393323e-13 0.000000e+00 0.000000e+00
-9.404890e-11 0.000000e+00 0.000000e+00
-4.408476e-10 0.000000e+00 0.000000e+00
-1.234144e-09 0.000000e+00 0.000000e+00
1.406361e-10 0.000000e+00 0.000000e+00
-1.550611e-10 0.000000e+00 0.000000e+00
-6.333739e-11 0.000000e+00 0.000000e+00
4.943023e-11 0.000000e+00 0.000000e+00
-4.256657e-10 0.000000e+00 0.000000e+00
-1.575327e-10 0.000000e+00 0.000000e+00
-6.842102e-10 0.000000e+00 0.000000e+00
1.714371e-11 0.000000e+00 0.000000e+00
-5.137029e-11 0.000000e+00 0.000000e+00
2.438989e-11 0.000000e+00 0.000000e+00
-2.017930e-12 0.000000e+00 0.000000e+00
-3.371579e-10 0.000000e+00 0.000000e+00
8.837921e-11 0.000000e+00 0.000000e+00
-1.032042e-10 0.000000e+00 0.000000e+00
-2.978365e-10 0.000000e+00 0.000000e+00
-3.003245e-10 0.000000e+00 0.000000e+00
-2.811308e-10 0.000000e+00 0.000000e+00
-1.627044e-11 0.000000e+00 0.000000e+00
-3.563681e-10 0.000000e+00 0.000000e+00
-3.584563e-10 0.000000e+00 0.000000e+00
-1.361659e-10 0.000000e+00 0.000000e+00
-6.844413e-11 0.000000e+00 0.000000e+00
4.972479e-13 0.000000e+00 0.000000e+00
-2.061019e-11 0.000000e+00 0.000000e+00
-4.566617e-10 0.000000e+00 0.000000e+00
-4.222972e-10 0.000000e+00 0.000000e+00
-9.202706e-11 0.000000e+00 0.000000e+00
-2.149640e-10 0.000000e+00 0.000000e+00
9.969985e-11 0.000000e+00 0.000000e+00
-2.424428e-10 0.000000e+00 0.000000e+00
-1.692940e-10 0.000000e+00 0.000000e+00
-8.153958e-10 0.000000e+00 0.000000e+00
-3.491683e-10 0.000000e+00 0.000000e+00
-2.320430e-10 0.000000e+00 0.000000e+00
-2.752077e-11 0.000000e+00 0.000000e+00
-5.378602e-10 0.000000e+00 0.000000e+00
-1.173997e-09 0.000000e+00 0.000000e+00
-3.210701e-10 0.000000e+00 0.000000e+00
-2.536870e-10 0.000000e+00 0.000000e+00
1.463860e-10 0.000000e+00 0.000000e+00
-1.829754e-11 0.000000e+00 0.000000e+00
1.052806e-10 0.000000e+00 0.000000e+00
-5.165454e-10 0.000000e+00 0.000000e+00
-4.905437e-11 0.000000e+00 0.000000e+00
-2.014847e-10 0.000000e+00 0.000000e+00
-4.377778e-10 0.000000e+00 0.000000e+00
3.323314e-11 0.000000e+00 0.000000e+00
1.466563e-10 0.000000e+00 0.000000e+00
1.287334e-11 0.000000e+00 0.000000e+00
1.656726e-11 0.000000e+00 0.000000e+00
-3.870545e-10 0.000000e+00 0.000000e+00
-5.329019e-10 0.000000e+00 0.000000e+00
1.048306e-10 0.000000e+00 0.000000e+00
-9.282734e-10 0.000000e+00 0.000000e+00
-4.247996e-11 0.000000e+00 0.000000e+00
-5.703590e-11 0.000000e+00 0.000000e+00
8.442446e-11 0.000000e+00 0.000000e+00
-1.216021e-10 0.000000e+00 0.000000e+00
-7.361617e-10 0.000000e+00 0.000000e+00
7.962028e-11 0.000000e+00 0.000000e+00
7.055821e-11 0.000000e+00 0.000000e+00
-2.882859e-11 0.000000e+00 0.000000e+00
-2.926511e-10 0.000000e+00 0.000000e+00
-3.051846e-10 0.000000e+00 0.000000e+00
1.066354e-10 0.000000e+00 0.000000e+00
-1.119096e-09 0.000000e+00 0.000000e+00
1.510930e-10 0.000000e+00 0.000000e+00
-1.033482e-10 0.000000e+00 0.000000e+00
-6.914005e-11 0.000000e+00 0.000000e+00
-1.049849e-10 0.000000e+00 0.000000e+00
1.340654e-11 0.000000e+00 0.000000e+00
9.839119e-11 0.000000e+00 0.000000e+00
-6.348604e-10 0.000000e+00 0.000000e+00
-6.837332e-10 0.000000e+00 0.000000e+00
-7.685905e-10 0.000000e+00 0.000000e+00
-2.534280e-10 0.000000e+00 0.000000e+00
8.773082e-11 0.000000e+00 0.000000e+00
1.361151e-10 0.000000e+00 0.000000e+00
-1.284958e-10 0.000000e+00 0.000000e+00
2.608439e-11 0.000000e+00 0.000000e+00
-3.813753e-10 0.000000e+00 0.000000e+00
-3.508112e-10 0.000000e+00 0.000000e+00
-1.938912e-10 0.000000e+00 0.000000e+00
6.577130e-11 0.000000e+00 0.000000e+00
2.393137e-11 0.000000e+00 0.000000e+00
1.618330e-10 0.000000e+00 0.000000e+00
-1.087992e-11 0.000000e+00 0.000000e+00
-3.064959e-10 0.000000e+00 0.000000e+00
-1.618976e-11 0.000000e+00 0.000000e+00
1.336924e-10 0.000000e+00 0.000000e+00
3.717330e-11 0.000000e+00 0.000000e+00
-4.504694e-10 0.000000e+00 0.000000e+00
-2.898631e-10 0.000000e+00 0.000000e+00
-7.449396e-10 0.000000e+00 0.000000e+00
-1.782389e-10 0.000000e+00 0.000000e+00
-1.727686e-10 0.000000e+00 0.000000e+00
4.609526e-11 0.000000e+00 0.000000e+00
1.500584e-10 0.000000e+00 0.000000e+00
-8.318695e-10 0.000000e+00 0.000000e+00
-1.470350e-11 0.000000e+00 0.000000e+00
-5.108331e-10 0.000000e+00 0.000000e+00
-1.769429e-10 0.000000e+00 0.000000e+00
6.411327e-11 0.000000e+00 0.000000e+00
-5.237334e-10 0.000000e+00 0.000000e+00
-1.892176e-10 0.000000e+00 0.000000e+00
-9.975387e-10 0.000000e+00 0.000000e+00
-9.251130e-11 0.000000e+00 0.000000e+00
-2.262395e-10 0.000000e+00 0.000000e+00
-8.023073e-11 0.000000e+00 0.000000e+00
2.834708e-11 0.000000e+00 0.000000e+00
-1.895382e-10 0.000000e+00 0.000000e+00
-1.746138e-10 0.000000e+00 0.000000e+00
-3.895750e-11 0.000000e+00 0.000000e+00
1.202696e-11 0.000000e+00 0.000000e+00
-6.962733e-11 0.000000e+00 0.000000e+00
-6.057772e-10 0.000000e+00 0.000000e+00
-6.305881e-11 0.000000e+00 0.000000e+00
-1.238712e-10 0.000000e+00 0.000000e+00
-1.126445e-09 0.000000e+00 0.000000e+00
1.329894e-10 0.000000e+00 0.000000e+00
1.699366e-10 0.000000e+00 0.000000e+00
-7.075996e-10 0.000000e+00 0.000000e+00
-1.077630e-10 0.000000e+00 0.000000e+00
-8.804679e-11 0.000000e+00 0.000000e+00
-8.375283e-11 0.000000e+00 0.000000e+00
1.254005e-10 0.000000e+00 0.000000e+00
-3.275692e-10 0.000000e+00 0.000000e+00
-2.970331e-10 0.000000e+00 0.000000e+00
-8.286478e-11 0.000000e+00 0.000000e+00
1.601794e-10 0.000000e+00 0.000000e+00
1.540026e-11 0.000000e+00 0.000000e+00
-5.507074e-10 0.000000e+00 0.000000e+00
1.981359e-11 0.000000e+00 0.000000e+00
-1.740093e-10 0.000000e+00 0.000000e+00
1.315706e-10 0.000000e+00 0.000000e+00
-1.186820e-10 0.000000e+00 0.000000e+00
-8.104209e-10 0.000000e+00 0.000000e+00
1.350884e-10 0.000000e+00 0.000000e+00
-3.029758e-10 0.000000e+00 0.000000e+00
-2.699384e-10 0.000000e+00 0.000000e+00
-2.116323e-10 0.000000e+00 0.000000e+00
-3.583636e-10 0.000000e+00 0.000000e+00
-3.278450e-10 0.000000e+00 0.000000e+00
1.914914e-11 0.000000e+00 0.000000e+00
-1.087202e-10 0.000000e+00 0.000000e+00
-3.092692e-10 0.000000e+00 0.000000e+00
-7.552970e-11 0.000000e+00 0.000000e+00
-9.806015e-12 0.000000e+00 0.000000e+00
