FX FY FZ 
-3.307602e-11 0.000000e+00 0.000000e+00
1.475432e-10 0.000000e+00 0.000000e+00
-2.000867e-10 0.000000e+00 0.000000e+00
-2.791550e-10 0.000000e+00 0.000000e+00
4.569758e-11 0.000000e+00 0.000000e+00
5.712875e-11 0.000000e+00 0.000000e+00
-8.827847e-10 0.000000e+00 0.000000e+00
3.781440e-10 0.000000e+00 0.000000e+00
3.347251e-10 0.000000e+00 0.000000e+00
-6.286761e-10 0.000000e+00 0.000000e+00
6.704695e-11 0.000000e+00 0.000000e+00
4.613816e-10 0.000000e+00 0.000000e+00
2.070637e-10 0.000000e+00 0.000000e+00
-1.297034e-10 0.000000e+00 0.000000e+00
8.022817e-11 0.000000e+00 0.000000e+00
-9.559947e-10 0.000000e+00 0.000000e+00
4.904261e-12 0.000000e+00 0.000000e+00
-3.367097e-10 0.000000e+00 0.000000e+00
2.593061e-10 0.000000e+00 0.000000e+00
3.294459e-10 0.000000e+00 0.000000e+00
2.146548e-10 0.000000e+00 0.000000e+00
1.623252e-11 0.000000e+00 0.000000e+00
-9.160876e-10 0.000000e+00 0.000000e+00
-2.069026e-10 0.000000e+00 0.000000e+00
-1.314838e-10 0.000000e+00 0.000000e+00
1.216074e-10 0.000000e+00 0.000000e+00
1.948892e-10 0.000000e+00 0.000000e+00
-9.711433e-12 0.000000e+00 0.000000e+00
2.720560e-10 0.000000e+00 0.000000e+00
-3.667624e-10 0.000000e+00 0.000000e+00
-5.023648e-10 0.000000e+00 0.000000e+00
-2.045075e-11 0.000000e+00 0.000000e+00
1.104799e-10 0.000000e+00 0.000000e+00
-1.947598e-12 0.000000e+00 0.000000e+00
5.243789e-10 0.000000e+00 0.000000e+00
2.225292e-10 0.000000e+00 0.000000e+00
1.917682e-10 0.000000e+00 0.000000e+00
-7.224353e-10 0.000000e+00 0.000000e+00
-3.446063e-10 0.000000e+00 0.000000e+00
-6.883936e-11 0.000000e+00 0.000000e+00
-6.189159e-10 0.000000e+00 0.000000e+00
-3.120465e-10 0.000000e+00 0.000000e+00
-1.444596e-10 0.000000e+00 0.000000e+00
-1.126996e-10 0.000000e+00 0.000000e+00
-4.676868e-11 0.000000e+00 0.000000e+00
4.583636e-10 0.000000e+00 0.000000e+00
2.646398e-10 0.000000e+00 0.000000e+00
-4.853414e-10 0.000000e+00 0.000000e+00
5.818059e-10 0.000000e+00 0.000000e+00
3.849786e-10 0.000000e+00 0.000000e+00
3.943559e-10 0.000000e+00 0.000000e+00
-1.034386e-09 0.000000e+00 0.000000e+00
-5.057428e-11 0.000000e+00 0.000000e+00
3.335749e-10 0.000000e+00 0.000000e+00
1.908007e-10 0.000000e+00 0.000000e+00
-3.759117e-10 0.000000e+00 0.000000e+00
-6.931130e-11 0.000000e+00 0.000000e+00
-1.092123e-11 0.000000e+00 0.000000e+00
-5.649927e-10 0.000000e+00 0.000000e+00
-5.413656e-11 0.000000e+00 0.000000e+00
3.950671e-10 0.000000e+00 0.000000e+00
-2.933872e-10 0.000000e+00 0.000000e+00
-1.711397e-10 0.000000e+00 0.000000e+00
-6.332714e-10 0.000000e+00 0.000000e+00
4.159508e-10 0.000000e+00 0.000000e+00
-2.195086e-10 0.000000e+00 0.000000e+00
2.370186e-10 0.000000e+00 0.000000e+00
-1.994004e-10 0.000000e+00 0.000000e+00
3.472911e-10 0.000000e+00 0.000000e+00
-3.250854e-10 0.000000e+00 0.000000e+00
5.539873e-10 0.000000e+00 0.000000e+00
3.506595e-10 0.000000e+00 0.000000e+00
3.252159e-10 0.000000e+00 0.000000e+00
4.045643e-10 0.000000e+00 0.000000e+00
-5.072757e-10 0.000000e+00 0.000000e+00
3.438757e-10 0.000000e+00 0.000000e+00
-7.149801e-10 0.000000e+00 0.000000e+00
1.029794e-10 0.000000e+00 0.000000e+00
1.501236e-10 0.000000e+00 0.000000e+00
2.451705e-10 0.000000e+00 0.000000e+00
9.242726e-11 0.000000e+00 0.000000e+00
1.635606e-10 0.000000e+00 0.000000e+00
6.209889e-10 0.000000e+00 0.000000e+00
7.141858e-11 0.000000e+00 0.000000e+00
-2.127396e-10 0.000000e+00 0.000000e+00
-1.588608e-10 0.000000e+00 0.000000e+00
-9.700931e-11 0.000000e+00 0.000000e+00
5.827240e-11 0.000000e+00 0.000000e+00
-8.907871e-10 0.000000e+00 0.000000e+00
1.680533e-11 0.000000e+00 0.000000e+00
1.777944e-10 0.000000e+00 0.000000e+00
-2.681427e-11 0.000000e+00 0.000000e+00
-2.316031e-10 0.000000e+00 0.000000e+00
9.371613e-11 0.000000e+00 0.000000e+00
3.522785e-10 0.000000e+00 0.000000e+00
-3.537300e-11 0.000000e+00 0.000000e+00
-1.084937e-10 0.000000e+00 0.000000e+00
-2.574256e-11 0.000000e+00 0.000000e+00
5.088343e-11 0.000000e+00 0.000000e+00
8.044403e-11 0.000000e+00 0.000000e+00
3.869695e-10 0.000000e+00 0.000000e+00
-3.997705e-10 0.000000e+00 0.000000e+00
-2.553144e-10 0.000000e+00 0.000000e+00
-2.290684e-10 0.000000e+00 0.000000e+00
6.227615e-10 0.000000e+00 0.000000e+00
-1.930912e-10 0.000000e+00 0.000000e+00
-6.059894e-10 0.000000e+00 0.000000e+00
5.044725e-10 0.000000e+00 0.000000e+00
-2.315754e-10 0.000000e+00 0.000000e+00
3.308744e-10 0.000000e+00 0.000000e+00
3.220457e-10 0.000000e+00 0.000000e+00
1.049128e-10 0.000000e+00 0.000000e+00
2.862995e-10 0.000000e+00 0.000000e+00
-5.569093e-11 0.000000e+00 0.000000e+00
2.278198e-10 0.000000e+00 0.000000e+00
9.651087e-11 0.000000e+00 0.000000e+00
1.081386e-10 0.000000e+00 0.000000e+00
7.952235e-11 0.000000e+00 0.000000e+00
2.622282e-10 0.000000e+00 0.000000e+00
-8.305614e-10 0.000000e+00 0.000000e+00
2.160483e-10 0.000000e+00 0.000000e+00
3.386330e-10 0.000000e+00 0.000000e+00
2.384283e-10 0.000000e+00 0.000000e+00
-3.700393e-10 0.000000e+00 0.000000e+00
-2.837928e-10 0.000000e+00 0.000000e+00
1.561215e-10 0.000000e+00 0.000000e+00
1.134839e-10 0.000000e+00 0.000000e+00
-4.253610e-10 0.000000e+00 0.000000e+00
-2.880820e-10 0.000000e+00 0.000000e+00
-6.722972e-11 0.000000e+00 0.000000e+00
1.148246e-10 0.000000e+00 0.000000e+00
-4.081501e-10 0.000000e+00 0.000000e+00
6.485053e-12 0.000000e+00 0.000000e+00
3.360439e-10 0.000000e+00 0.000000e+00
-2.647589e-10 0.000000e+00 0.000000e+00
-2.340096e-10 0.000000e+00 0.000000e+00
7.886184e-11 0.000000e+00 0.000000e+00
1.157001e-10 0.000000e+00 0.000000e+00
3.262895e-10 0.000000e+00 0.000000e+00
-1.583349e-10 0.000000e+00 0.000000e+00
-3.989434e-10 0.000000e+00 0.000000e+00
8.118328e-11 0.000000e+00 0.000000e+00
2.266528e-10 0.000000e+00 0.000000e+00
-1.894087e-10 0.000000e+00 0.000000e+00
-1.795616e-10 0.000000e+00 0.000000e+00
2.699328e-10 0.000000e+00 0.000000e+00
2.653859e-10 0.000000e+00 0.000000e+00
-8.903933e-11 0.000000e+00 0.000000e+00
-3.413533e-10 0.000000e+00 0.000000e+00
-2.990428e-11 0.000000e+00 0.000000e+00
-2.471669e-10 0.000000e+00 0.000000e+00
3.261921e-10 0.000000e+00 0.000000e+00
1.325634e-10 0.000000e+00 0.000000e+00
-4.253379e-10 0.000000e+00 0.000000e+00
7.548326e-11 0.000000e+00 0.000000e+00
2.118682e-10 0.000000e+00 0.000000e+00
1.596755e-10 0.000000e+00 0.000000e+00
-5.984746e-10 0.000000e+00 0.000000e+00
-3.402803e-10 0.000000e+00 0.000000e+00
2.423956e-10 0.000000e+00 0.000000e+00
4.213471e-10 0.000000e+00 0.000000e+00
1.271816e-10 0.000000e+00 0.000000e+00
-5.295939e-10 0.000000e+00 0.000000e+00
4.798958e-10 0.000000e+00 0.000000e+00
-2.297699e-10 0.000000e+00 0.000000e+00
4.512642e-10 0.000000e+00 0.000000e+00
2.392675e-10 0.000000e+00 0.000000e+00
4.342369e-10 0.000000e+00 0.000000e+00
3.822960e-10 0.000000e+00 0.000000e+00
-1.391423e-09 0.000000e+00 0.000000e+00
1.252522e-10 0.000000e+00 0.000000e+00
-3.674468e-10 0.000000e+00 0.000000e+00
1.659476e-10 0.000000e+00 0.000000e+00
1.075473e-10 0.000000e+00 0.000000e+00
-1.977083e-11 0.000000e+00 0.000000e+00
1.652261e-10 0.000000e+00 0.000000e+00
-3.954275e-10 0.000000e+00 0.000000e+00
5.657376e-10 0.000000e+00 0.000000e+00
-1.644919e-10 0.000000e+00 0.000000e+00
-2.547127e-10 0.000000e+00 0.000000e+00
-2.283106e-10 0.000000e+00 0.000000e+00
-1.051230e-10 0.000000e+00 0.000000e+00
-1.162997e-09 0.000000e+00 0.000000e+00
3.045165e-10 0.000000e+00 0.000000e+00
-3.988506e-11 0.000000e+00 0.000000e+00
3.915992e-10 0.000000e+00 0.000000e+00
2.930916e-10 0.000000e+00 0.000000e+00
-3.860282e-10 0.000000e+00 0.000000e+00
2.862265e-10 0.000000e+00 0.000000e+00
-3.706895e-10 0.000000e+00 0.000000e+00
3.180569e-10 0.000000e+00 0.000000e+00
3.695192e-10 0.000000e+00 0.000000e+00
-6.340324e-10 0.000000e+00 0.000000e+00
3.335802e-11 0.000000e+00 0.000000e+00
1.190227e-10 0.000000e+00 0.000000e+00
2.491136e-10 0.000000e+00 0.000000e+00
2.663427e-10 0.000000e+00 0.000000e+00
1.877162e-10 0.000000e+00 0.000000e+00
-1.540769e-11 0.000000e+00 0.000000e+00
1.840453e-10 0.000000e+00 0.000000e+00
3.576379e-10 0.000000e+00 0.000000e+00
4.796511e-10 0.000000e+00 0.000000e+00
1.107179e-10 0.000000e+00 0.000000e+00
2.956941e-10 0.000000e+00 0.000000e+00
4.511410e-10 0.000000e+00 0.000000e+00
1.624165e-10 0.000000e+00 0.000000e+00
3.161110e-10 0.000000e+00 0.000000e+00
-1.071632e-10 0.000000e+00 0.000000e+00
2.209412e-10 0.000000e+00 0.000000e+00
4.581019e-11 0.000000e+00 0.000000e+00
-2.052774e-10 0.000000e+00 0.000000e+00
-2.753565e-10 0.000000e+00 0.000000e+00
-7.896538e-10 0.000000e+00 0.000000e+00
-3.739114e-10 0.000000e+00 0.000000e+00
3.579160e-12 0.000000e+00 0.000000e+00
-9.695604e-10 0.000000e+00 0.000000e+00
4.954678e-10 0.000000e+00 0.000000e+00
-1.832824e-11 0.000000e+00 0.000000e+00
1.274191e-10 0.000000e+00 0.000000e+00
-4.748783e-10 0.000000e+00 0.000000e+00
-5.619800e-10 0.000000e+00 0.000000e+00
1.036561e-10 0.000000e+00 0.000000e+00
-2.748193e-10 0.000000e+00 0.000000e+00
2.638785e-10 0.000000e+00 0.000000e+00
2.198351e-10 0.000000e+00 0.000000e+00
3.536169e-11 0.000000e+00 0.000000e+00
-4.216686e-11 0.000000e+00 0.000000e+00
-6.048929e-10 0.000000e+00 0.000000e+00
2.875288e-11 0.000000e+00 0.000000e+00
1.976649e-10 0.000000e+00 0.000000e+00
3.753874e-10 0.000000e+00 0.000000e+00
-1.189410e-10 0.000000e+00 0.000000e+00
-4.353960e-10 0.000000e+00 0.000000e+00
-4.968887e-10 0.000000e+00 0.000000e+00
-6.272985e-11 0.000000e+00 0.000000e+00
2.315288e-10 0.000000e+00 0.000000e+00
8.465197e-11 0.000000e+00 0.000000e+00
-2.153687e-10 0.000000e+00 0.000000e+00
-5.100213e-12 0.000000e+00 0.000000e+00
3.161989e-10 0.000000e+00 0.000000e+00
1.093721e-10 0.000000e+00 0.000000e+00
-5.773736e-10 0.000000e+00 0.000000e+00
4.369478e-10 0.000000e+00 0.000000e+00
-7.093468e-10 0.000000e+00 0.000000e+00
1.858250e-10 0.000000e+00 0.000000e+00
-4.513796e-10 0.000000e+00 0.000000e+00
-5.699393e-10 0.000000e+00 0.000000e+00
2.691597e-10 0.000000e+00 0.000000e+00
9.112071e-11 0.000000e+00 0.000000e+00
-2.799701e-10 0.000000e+00 0.000000e+00
6.672597e-11 0.000000e+00 0.000000e+00
1.102924e-10 0.000000e+00 0.000000e+00
2.941716e-10 0.000000e+00 0.000000e+00
4.888872e-11 0.000000e+00 0.000000e+00
-1.105996e-11 0.000000e+00 0.000000e+00
-1.733333e-10 0.000000e+00 0.000000e+00
2.563452e-10 0.000000e+00 0.000000e+00
-3.857156e-11 0.000000e+00 0.000000e+00
1.821544e-10 0.000000e+00 0.000000e+00
2.092625e-10 0.000000e+00 0.000000e+00
3.326639e-10 0.000000e+00 0.000000e+00
1.247052e-10 0.000000e+00 0.000000e+00
1.089096e-10 0.000000e+00 0.000000e+00
-1.142849e-10 0.000000e+00 0.000000e+00
3.604674e-11 0.000000e+00 0.000000e+00
-1.761551e-10 0.000000e+00 0.000000e+00
1.140972e-10 0.000000e+00 0.000000e+00
-4.831194e-11 0.000000e+00 0.000000e+00
-3.114460e-10 0.000000e+00 0.000000e+00
5.241873e-10 0.000000e+00 0.000000e+00
3.148112e-10 0.000000e+00 0.000000e+00
4.216011e-11 0.000000e+00 0.000000e+00
4.482526e-10 0.000000e+00 0.000000e+00
1.923689e-10 0.000000e+00 0.000000e+00
2.354822e-11 0.000000e+00 0.000000e+00
1.149946e-10 0.000000e+00 0.000000e+00
4.033820e-10 0.000000e+00 0.000000e+00
-2.046089e-10 0.000000e+00 0.000000e+00
3.479242e-10 0.000000e+00 0.000000e+00
-1.659826e-10 0.000000e+00 0.000000e+00
-1.271829e-09 0.000000e+00 0.000000e+00
2.049529e-10 0.000000e+00 0.000000e+00
-1.057610e-10 0.000000e+00 0.000000e+00
4.366575e-11 0.000000e+00 0.000000e+00
2.232696e-10 0.000000e+00 0.000000e+00
-3.118616e-10 0.000000e+00 0.000000e+00
1.144375e-10 0.000000e+00 0.000000e+00
-3.892737e-11 0.000000e+00 0.000000e+00
-7.045566e-10 0.000000e+00 0.000000e+00
4.155603e-10 0.000000e+00 0.000000e+00
3.071697e-10 0.000000e+00 0.000000e+00
-6.338086e-10 0.000000e+00 0.000000e+00
2.688592e-10 0.000000e+00 0.000000e+00
2.510698e-10 0.000000e+00 0.000000e+00
7.755031e-11 0.000000e+00 0.000000e+00
2.652794e-11 0.000000e+00 0.000000e+00
1.314695e-10 0.000000e+00 0.000000e+00
4.716957e-10 0.000000e+00 0.000000e+00
-1.785165e-10 0.000000e+00 0.000000e+00
-2.557115e-10 0.000000e+00 0.000000e+00
2.738098e-10 0.000000e+00 0.000000e+00
-2.410817e-10 0.000000e+00 0.000000e+00
-3.767696e-10 0.000000e+00 0.000000e+00
-5.449859e-11 0.000000e+00 0.000000e+00
5.338181e-11 0.000000e+00 0.000000e+00
-1.965543e-11 0.000000e+00 0.000000e+00
1.881209e-10 0.000000e+00 0.000000e+00
3.590224e-10 0.000000e+00 0.000000e+00
4.079838e-10 0.000000e+00 0.000000e+00
-5.240476e-10 0.000000e+00 0.000000e+00
-1.414864e-09 0.000000e+00 0.000000e+00
1.510580e-10 0.000000e+00 0.000000e+00
3.264554e-10 0.000000e+00 0.000000e+00
-2.372036e-10 0.000000e+00 0.000000e+00
-1.106365e-10 0.000000e+00 0.000000e+00
2.184545e-10 0.000000e+00 0.000000e+00
-3.839123e-10 0.000000e+00 0.000000e+00
-1.281006e-09 0.000000e+00 0.000000e+00
1.818051e-10 0.000000e+00 0.000000e+00
4.122560e-10 0.000000e+00 0.000000e+00
2.591281e-10 0.000000e+00 0.000000e+00
-3.112574e-11 0.000000e+00 0.000000e+00
-5.892228e-10 0.000000e+00 0.000000e+00
-8.453426e-10 0.000000e+00 0.000000e+00
4.796988e-10 0.000000e+00 0.000000e+00
-2.173118e-10 0.000000e+00 0.000000e+00
-7.664960e-10 0.000000e+00 0.000000e+00
-2.537294e-10 0.000000e+00 0.000000e+00
2.382249e-10 0.000000e+00 0.000000e+00
1.640221e-10 0.000000e+00 0.000000e+00
4.353261e-10 0.000000e+00 0.000000e+00
-6.748936e-10 0.000000e+00 0.000000e+00
1.361520e-10 0.000000e+00 0.000000e+00
-2.311698e-10 0.000000e+00 0.000000e+00
3.499902e-10 0.000000e+00 0.000000e+00
1.660720e-11 0.000000e+00 0.000000e+00
1.705546e-11 0.000000e+00 0.000000e+00
2.558233e-10 0.000000e+00 0.000000e+00
6.126330e-10 0.000000e+00 0.000000e+00
3.411280e-10 0.000000e+00 0.000000e+00
-3.536245e-10 0.000000e+00 0.000000e+00
7.793469e-11 0.000000e+00 0.000000e+00
4.780830e-10 0.000000e+00 0.000000e+00
-2.518149e-11 0.000000e+00 0.000000e+00
-2.444213e-10 0.000000e+00 0.000000e+00
5.996883e-10 0.000000e+00 0.000000e+00
2.845231e-10 0.000000e+00 0.000000e+00
4.233331e-10 0.000000e+00 0.000000e+00
4.691217e-10 0.000000e+00 0.000000e+00
-2.992827e-10 0.000000e+00 0.000000e+00
-1.878616e-10 0.000000e+00 0.000000e+00
3.403416e-10 0.000000e+00 0.000000e+00
4.310944e-10 0.000000e+00 0.000000e+00
2.639377e-10 0.000000e+00 0.000000e+00
3.146933e-10 0.000000e+00 0.000000e+00
-7.746371e-11 0.000000e+00 0.000000e+00
4.063962e-11 0.000000e+00 0.000000e+00
-2.895852e-10 0.000000e+00 0.000000e+00
1.735246e-10 0.000000e+00 0.000000e+00
-2.471956e-10 0.000000e+00 0.000000e+00
-3.277091e-10 0.000000e+00 0.000000e+00
-8.733596e-10 0.000000e+00 0.000000e+00
3.167356e-12 0.000000e+00 0.000000e+00
2.355024e-10 0.000000e+00 0.000000e+00
-4.415940e-10 0.000000e+00 0.000000e+00
-1.763871e-10 0.000000e+00 0.000000e+00
-3.386977e-10 0.000000e+00 0.000000e+00
-5.042616e-11 0.000000e+00 0.000000e+00
3.604650e-10 0.000000e+00 0.000000e+00
-1.322688e-10 0.000000e+00 0.000000e+00
1.581515e-10 0.000000e+00 0.000000e+00
-1.766056e-11 0.000000e+00 0.000000e+00
-6.022106e-10 0.000000e+00 0.000000e+00
-1.408647e-10 0.000000e+00 0.000000e+00
1.753286e-10 0.000000e+00 0.000000e+00
-4.916533e-10 0.000000e+00 0.000000e+00
4.550350e-10 0.000000e+00 0.000000e+00
1.156960e-10 0.000000e+00 0.000000e+00
-1.102275e-10 0.000000e+00 0.000000e+00
4.571374e-10 0.000000e+00 0.000000e+00
-9.375329e-11 0.000000e+00 0.000000e+00
-4.178976e-11 0.000000e+00 0.000000e+00
1.803996e-10 0.000000e+00 0.000000e+00
-2.756334e-10 0.000000e+00 0.000000e+00
2.553373e-10 0.000000e+00 0.000000e+00
-3.512682e-10 0.000000e+00 0.000000e+00
-1.017268e-11 0.000000e+00 0.000000e+00
-1.160326e-10 0.000000e+00 0.000000e+00
4.150875e-11 0.000000e+00 0.000000e+00
4.213815e-10 0.000000e+00 0.000000e+00
-4.308306e-10 0.000000e+00 0.000000e+00
-9.814754e-11 0.000000e+00 0.000000e+00
-7.473696e-11 0.000000e+00 0.000000e+00
-1.528772e-10 0.000000e+00 0.000000e+00
-7.158054e-10 0.000000e+00 0.000000e+00
-4.743503e-10 0.000000e+00 0.000000e+00
3.400517e-10 0.000000e+00 0.000000e+00
2.996831e-10 0.000000e+00 0.000000e+00
-4.021450e-10 0.000000e+00 0.000000e+00
-9.050203e-11 0.000000e+00 0.000000e+00
1.123972e-10 0.000000e+00 0.000000e+00
3.078738e-10 0.000000e+00 0.000000e+00
7.162325e-11 0.000000e+00 0.000000e+00
-8.066686e-11 0.000000e+00 0.000000e+00
-4.087932e-10 0.000000e+00 0.000000e+00
-8.311070e-10 0.000000e+00 0.000000e+00
-6.298998e-10 0.000000e+00 0.000000e+00
-2.170335e-10 0.000000e+00 0.000000e+00
4.917909e-10 0.000000e+00 0.000000e+00
-1.033628e-09 0.000000e+00 0.000000e+00
1.038669e-11 0.000000e+00 0.000000e+00
-7.372249e-11 0.000000e+00 0.000000e+00
-3.311528e-12 0.000000e+00 0.000000e+00
-4.856738e-10 0.000000e+00 0.000000e+00
-2.148467e-10 0.000000e+00 0.000000e+00
-7.351560e-10 0.000000e+00 0.000000e+00
-1.250705e-10 0.000000e+00 0.000000e+00
3.263424e-10 0.000000e+00 0.000000e+00
3.289694e-10 0.000000e+00 0.000000e+00
-5.266518e-10 0.000000e+00 0.000000e+00
-1.138110e-10 0.000000e+00 0.000000e+00
-4.647971e-10 0.000000e+00 0.000000e+00
2.429671e-10 0.000000e+00 0.000000e+00
-5.219923e-10 0.000000e+00 0.000000e+00
4.159010e-10 0.000000e+00 0.000000e+00
-3.872038e-10 0.000000e+00 0.000000e+00
-4.113596e-10 0.000000e+00 0.000000e+00
-4.986898e-10 0.000000e+00 0.000000e+00
-2.619664e-10 0.000000e+00 0.000000e+00
3.536850e-10 0.000000e+00 0.000000e+00
2.189882e-10 0.000000e+00 0.000000e+00
-1.279266e-09 0.000000e+00 0.000000e+00
6.969973e-11 0.000000e+00 0.000000e+00
-3.133293e-10 0.000000e+00 0.000000e+00
-1.547373e-11 0.000000e+00 0.000000e+00
2.842440e-10 0.000000e+00 0.000000e+00
4.149195e-10 0.000000e+00 0.000000e+00
3.350311e-10 0.000000e+00 0.000000e+00
1.676533e-10 0.000000e+00 0.000000e+00
-3.863653e-10 0.000000e+00 0.000000e+00
3.312673e-10 0.000000e+00 0.000000e+00
4.103851e-10 0.000000e+00 0.000000e+00
-4.103270e-10 0.000000e+00 0.000000e+00
1.439301e-10 0.000000e+00 0.000000e+00
-8.678376e-10 0.000000e+00 0.000000e+00
-2.478670e-11 0.000000e+00 0.000000e+00
4.151953e-10 0.000000e+00 0.000000e+00
2.744604e-10 0.000000e+00 0.000000e+00
4.845566e-10 0.000000e+00 0.000000e+00
1.371536e-10 0.000000e+00 0.000000e+00
3.505142e-10 0.000000e+00 0.000000e+00
-6.903096e-10 0.000000e+00 0.000000e+00
-9.011203e-11 0.000000e+00 0.000000e+00
6.122534e-11 0.000000e+00 0.000000e+00
1.125598e-10 0.000000e+00 0.000000e+00
2.405999e-10 0.000000e+00 0.000000e+00
-4.678399e-10 0.000000e+00 0.000000e+00
-2.379788e-10 0.000000e+00 0.000000e+00
2.701018e-10 0.000000e+00 0.000000e+00
3.602735e-10 0.000000e+00 0.000000e+00
1.556796e-10 0.000000e+00 0.000000e+00
-3.022926e-10 0.000000e+00 0.000000e+00
-2.043229e-10 0.000000e+00 0.000000e+00
-6.274882e-10 0.000000e+00 0.000000e+00
3.881264e-12 0.000000e+00 0.000000e+00
-2.725105e-10 0.000000e+00 0.000000e+00
2.640397e-10 0.000000e+00 0.000000e+00
4.742507e-11 0.000000e+00 0.000000e+00
-1.205025e-10 0.000000e+00 0.000000e+00
1.710592e-10 0.000000e+00 0.000000e+00
-7.314630e-11 0.000000e+00 0.000000e+00
-3.945206e-10 0.000000e+00 0.000000e+00
-4.214773e-10 0.000000e+00 0.000000e+00
-9.764804e-11 0.000000e+00 0.000000e+00
-5.094063e-10 0.000000e+00 0.000000e+00
3.291643e-10 0.000000e+00 0.000000e+00
-4.342744e-10 0.000000e+00 0.000000e+00
-5.147017e-10 0.000000e+00 0.000000e+00
1.875422e-10 0.000000e+00 0.000000e+00
-3.795170e-10 0.000000e+00 0.000000e+00
4.547536e-10 0.000000e+00 0.000000e+00
-1.665104e-10 0.000000e+00 0.000000e+00
4.807751e-10 0.000000e+00 0.000000e+00
-5.285414e-10 0.000000e+00 0.000000e+00
-2.626279e-10 0.000000e+00 0.000000e+00
-5.485619e-10 0.000000e+00 0.000000e+00
-1.960607e-10 0.000000e+00 0.000000e+00
2.376174e-10 0.000000e+00 0.000000e+00
-6.290429e-11 0.000000e+00 0.000000e+00
6.026859e-10 0.000000e+00 0.000000e+00
-7.995768e-10 0.000000e+00 0.000000e+00
1.421896e-10 0.000000e+00 0.000000e+00
-1.340480e-10 0.000000e+00 0.000000e+00
-4.664918e-10 0.000000e+00 0.000000e+00
-3.860568e-10 0.000000e+00 0.000000e+00
1.055973e-10 0.000000e+00 0.000000e+00
3.208514e-10 0.000000e+00 0.000000e+00
4.488873e-10 0.000000e+00 0.000000e+00
1.334008e-10 0.000000e+00 0.000000e+00
7.232810e-11 0.000000e+00 0.000000e+00
-2.222747e-10 0.000000e+00 0.000000e+00
3.412724e-10 0.000000e+00 0.000000e+00
-1.805421e-10 0.000000e+00 0.000000e+00
-3.161596e-10 0.000000e+00 0.000000e+00
-1.146336e-10 0.000000e+00 0.000000e+00
-4.760243e-10 0.000000e+00 0.000000e+00
-1.189508e-10 0.000000e+00 0.000000e+00
3.040778e-10 0.000000e+00 0.000000e+00
1.186110e-10 0.000000e+00 0.000000e+00
-2.171414e-11 0.000000e+00 0.000000e+00
-9.946190e-11 0.000000e+00 0.000000e+00
-1.679894e-10 0.000000e+00 0.000000e+00
2.358533e-10 0.000000e+00 0.000000e+00
3.690800e-10 0.000000e+00 0.000000e+00
3.873627e-11 0.000000e+00 0.000000e+00
1.447471e-10 0.000000e+00 0.000000e+00
9.005236e-11 0.000000e+00 0.000000e+00
1.096469e-10 0.000000e+00 0.000000e+00
-2.820493e-10 0.000000e+00 0.000000e+00
-4.203846e-10 0.000000e+00 0.000000e+00
1.708283e-10 0.000000e+00 0.000000e+00
3.383481e-10 0.000000e+00 0.000000e+00
-2.990716e-10 0.000000e+00 0.000000e+00
2.319515e-10 0.000000e+00 0.000000e+00
-9.279574e-10 0.000000e+00 0.000000e+00
4.018625e-10 0.000000e+00 0.000000e+00
-7.016148e-11 0.000000e+00 0.000000e+00
-4.765275e-11 0.000000e+00 0.000000e+00
7.728992e-11 0.000000e+00 0.000000e+00
9.486348e-12 0.000000e+00 0.000000e+00
-3.191715e-10 0.000000e+00 0.000000e+00
8.652144e-11 0.000000e+00 0.000000e+00
3.923533e-11 0.000000e+00 0.000000e+00
1.857866e-10 0.000000e+00 0.000000e+00
5.297760e-10 0.000000e+00 0.000000e+00
-1.142929e-10 0.000000e+00 0.000000e+00
-8.118837e-10 0.000000e+00 0.000000e+00
2.259277e-10 0.000000e+00 0.000000e+00
2.063809e-11 0.000000e+00 0.000000e+00
5.488476e-10 0.000000e+00 0.000000e+00
-5.658237e-10 0.000000e+00 0.000000e+00
3.643886e-12 0.000000e+00 0.000000e+00
-8.007065e-11 0.000000e+00 0.000000e+00
3.133181e-10 0.000000e+00 0.000000e+00
-2.360336e-10 0.000000e+00 0.000000e+00
3.669548e-10 0.000000e+00 0.000000e+00
4.650339e-10 0.000000e+00 0.000000e+00
-1.197015e-10 0.000000e+00 0.000000e+00
-1.007175e-10 0.000000e+00 0.000000e+00
2.810537e-10 0.000000e+00 0.000000e+00
1.121571e-10 0.000000e+00 0.000000e+00
6.270937e-11 0.000000e+00 0.000000e+00
5.414113e-10 0.000000e+00 0.000000e+00
4.769145e-10 0.000000e+00 0.000000e+00
4.815077e-10 0.000000e+00 0.000000e+00
3.620633e-12 0.000000e+00 0.000000e+00
2.472114e-10 0.000000e+00 0.000000e+00
-9.562321e-11 0.000000e+00 0.000000e+00
3.997126e-10 0.000000e+00 0.000000e+00
3.208322e-10 0.000000e+00 0.000000e+00
-5.287201e-10 0.000000e+00 0.000000e+00
-4.928361e-10 0.000000e+00 0.000000e+00
2.973021e-10 0.000000e+00 0.000000e+00
-2.627256e-10 0.000000e+00 0.000000e+00
-5.467292e-10 0.000000e+00 0.000000e+00
5.214087e-10 0.000000e+00 0.000000e+00
5.386594e-10 0.000000e+00 0.000000e+00
-1.520922e-10 0.000000e+00 0.000000e+00
-1.357722e-11 0.000000e+00 0.000000e+00
1.321887e-10 0.000000e+00 0.000000e+00
-4.823003e-10 0.000000e+00 0.000000e+00
-5.681634e-11 0.000000e+00 0.000000e+00
-1.513712e-10 0.000000e+00 0.000000e+00
5.961572e-10 0.000000e+00 0.000000e+00
1.574848e-10 0.000000e+00 0.000000e+00
-4.174269e-10 0.000000e+00 0.000000e+00
1.604031e-10 0.000000e+00 0.000000e+00
4.169091e-10 0.000000e+00 0.000000e+00
1.320047e-10 0.000000e+00 0.000000e+00
-1.813581e-10 0.000000e+00 0.000000e+00
-4.846561e-10 0.000000e+00 0.000000e+00
3.228532e-10 0.000000e+00 0.000000e+00
-5.689267e-10 0.000000e+00 0.000000e+00
4.450874e-10 0.000000e+00 0.000000e+00
5.797515e-10 0.000000e+00 0.000000e+00
-4.629352e-11 0.000000e+00 0.000000e+00
-3.497823e-11 0.000000e+00 0.000000e+00
3.163800e-10 0.000000e+00 0.000000e+00
-7.163542e-10 0.000000e+00 0.000000e+00
-4.450565e-10 0.000000e+00 0.000000e+00
-2.329601e-10 0.000000e+00 0.000000e+00
-1.907584e-11 0.000000e+00 0.000000e+00
-2.945992e-10 0.000000e+00 0.000000e+00
3.946210e-10 0.000000e+00 0.000000e+00
-3.920346e-10 0.000000e+00 0.000000e+00
2.372124e-10 0.000000e+00 0.000000e+00
-2.646742e-11 0.000000e+00 0.000000e+00
3.696286e-10 0.000000e+00 0.000000e+00
4.576979e-10 0.000000e+00 0.000000e+00
4.386395e-11 0.000000e+00 0.000000e+00
-3.941612e-10 0.000000e+00 0.000000e+00
4.835769e-10 0.000000e+00 0.000000e+00
-9.760922e-11 0.000000e+00 0.000000e+00
-1.913745e-10 0.000000e+00 0.000000e+00
8.761679e-12 0.000000e+00 0.000000e+00
4.553785e-10 0.000000e+00 0.000000e+00
2.966652e-10 0.000000e+00 0.000000e+00
5.340390e-12 0.000000e+00 0.000000e+00
-3.192069e-10 0.000000e+00 0.000000e+00
3.629701e-10 0.000000e+00 0.000000e+00
-3.968704e-10 0.000000e+00 0.000000e+00
-3.765895e-10 0.000000e+00 0.000000e+00
4.019786e-10 0.000000e+00 0.000000e+00
-2.146466e-10 0.000000e+00 0.000000e+00
3.214731e-10 0.000000e+00 0.000000e+00
4.443514e-10 0.000000e+00 0.000000e+00
-3.541134e-10 0.000000e+00 0.000000e+00
-7.044983e-11 0.000000e+00 0.000000e+00
1.233916e-12 0.000000e+00 0.000000e+00
1.508709e-10 0.000000e+00 0.000000e+00
-8.917231e-12 0.000000e+00 0.000000e+00
5.481645e-10 0.000000e+00 0.000000e+00
4.914752e-10 0.000000e+00 0.000000e+00
-4.751746e-10 0.000000e+00 0.000000e+00
4.700286e-10 0.000000e+00 0.000000e+00
2.300418e-10 0.000000e+00 0.000000e+00
-9.906395e-11 0.000000e+00 0.000000e+00
-4.241706e-11 0.000000e+00 0.000000e+00
2.580835e-10 0.000000e+00 0.000000e+00
3.296185e-10 0.000000e+00 0.000000e+00
1.304742e-10 0.000000e+00 0.000000e+00
-3.860010e-10 0.000000e+00 0.000000e+00
-8.149704e-10 0.000000e+00 0.000000e+00
1.124208e-10 0.000000e+00 0.000000e+00
-1.015744e-10 0.000000e+00 0.000000e+00
-4.848664e-10 0.000000e+00 0.000000e+00
4.333200e-10 0.000000e+00 0.000000e+00
2.457605e-10 0.000000e+00 0.000000e+00
-4.545235e-10 0.000000e+00 0.000000e+00
1.348436e-10 0.000000e+00 0.000000e+00
-1.095341e-10 0.000000e+00 0.000000e+00
-7.383259e-10 0.000000e+00 0.000000e+00
-6.971274e-10 0.000000e+00 0.000000e+00
2.323552e-10 0.000000e+00 0.000000e+00
1.837991e-10 0.000000e+00 0.000000e+00
-3.299901e-10 0.000000e+00 0.000000e+00
-2.493921e-10 0.000000e+00 0.000000e+00
1.926342e-10 0.000000e+00 0.000000e+00
-2.013142e-11 0.000000e+00 0.000000e+00
4.668373e-11 0.000000e+00 0.000000e+00
6.253791e-10 0.000000e+00 0.000000e+00
-2.117736e-10 0.000000e+00 0.000000e+00
3.380940e-10 0.000000e+00 0.000000e+00
5.909298e-11 0.000000e+00 0.000000e+00
-1.124585e-09 0.000000e+00 0.000000e+00
-1.479356e-10 0.000000e+00 0.000000e+00
1.090837e-10 0.000000e+00 0.000000e+00
2.062177e-10 0.000000e+00 0.000000e+00
-4.478084e-10 0.000000e+00 0.000000e+00
3.709524e-10 0.000000e+00 0.000000e+00
2.260066e-10 0.000000e+00 0.000000e+00
-2.623420e-10 0.000000e+00 0.000000e+00
4.760656e-10 0.000000e+00 0.000000e+00
9.358955e-11 0.000000e+00 0.000000e+00
2.061440e-10 0.000000e+00 0.000000e+00
-3.129886e-10 0.000000e+00 0.000000e+00
4.677178e-11 0.000000e+00 0.000000e+00
-5.792948e-11 0.000000e+00 0.000000e+00
1.506268e-10 0.000000e+00 0.000000e+00
5.926850e-11 0.000000e+00 0.000000e+00
-7.011962e-11 0.000000e+00 0.000000e+00
-2.153355e-11 0.000000e+00 0.000000e+00
2.472964e-10 0.000000e+00 0.000000e+00
6.257744e-11 0.000000e+00 0.000000e+00
1.566833e-10 0.000000e+00 0.000000e+00
5.187069e-10 0.000000e+00 0.000000e+00
-9.989290e-11 0.000000e+00 0.000000e+00
1.333267e-10 0.000000e+00 0.000000e+00
-1.040024e-10 0.000000e+00 0.000000e+00
-1.573657e-10 0.000000e+00 0.000000e+00
-2.211694e-10 0.000000e+00 0.000000e+00
1.553300e-10 0.000000e+00 0.000000e+00
2.329661e-10 0.000000e+00 0.000000e+00
-1.047908e-11 0.000000e+00 0.000000e+00
5.966678e-10 0.000000e+00 0.000000e+00
2.382877e-11 0.000000e+00 0.000000e+00
-6.739107e-10 0.000000e+00 0.000000e+00
5.465846e-10 0.000000e+00 0.000000e+00
-1.292435e-10 0.000000e+00 0.000000e+00
4.005799e-10 0.000000e+00 0.000000e+00
-4.051738e-10 0.000000e+00 0.000000e+00
2.764573e-10 0.000000e+00 0.000000e+00
-1.525168e-11 0.000000e+00 0.000000e+00
-8.142064e-11 0.000000e+00 0.000000e+00
-9.989523e-10 0.000000e+00 0.000000e+00
2.772762e-11 0.000000e+00 0.000000e+00
-5.285247e-11 0.000000e+00 0.000000e+00
-3.690783e-10 0.000000e+00 0.000000e+00
6.113552e-10 0.000000e+00 0.000000e+00
4.880158e-10 0.000000e+00 0.000000e+00
6.025629e-10 0.000000e+00 0.000000e+00
2.911830e-10 0.000000e+00 0.000000e+00
4.208446e-10 0.000000e+00 0.000000e+00
-9.548131e-11 0.000000e+00 0.000000e+00
-4.606256e-10 0.000000e+00 0.000000e+00
-1.789668e-10 0.000000e+00 0.000000e+00
-7.627486e-11 0.000000e+00 0.000000e+00
-5.954752e-11 0.000000e+00 0.000000e+00
3.566308e-10 0.000000e+00 0.000000e+00
7.714805e-11 0.000000e+00 0.000000e+00
-4.210865e-10 0.000000e+00 0.000000e+00
4.058895e-10 0.000000e+00 0.000000e+00
1.713937e-10 0.000000e+00 0.000000e+00
-7.526477e-11 0.000000e+00 0.000000e+00
1.223574e-10 0.000000e+00 0.000000e+00
-1.071630e-10 0.000000e+00 0.000000e+00
-4.693912e-10 0.000000e+00 0.000000e+00
1.517696e-10 0.000000e+00 0.000000e+00
1.129985e-11 0.000000e+00 0.000000e+00
3.402133e-10 0.000000e+00 0.000000e+00
-4.913755e-10 0.000000e+00 0.000000e+00
2.162533e-10 0.000000e+00 0.000000e+00
6.098040e-10 0.000000e+00 0.000000e+00
-3.421677e-10 0.000000e+00 0.000000e+00
1.421581e-11 0.000000e+00 0.000000e+00
-2.409430e-10 0.000000e+00 0.000000e+00
-4.768087e-10 0.000000e+00 0.000000e+00
-6.319604e-11 0.000000e+00 0.000000e+00
-1.302812e-10 0.000000e+00 0.000000e+00
3.037132e-10 0.000000e+00 0.000000e+00
4.665638e-10 0.000000e+00 0.000000e+00
-3.878515e-10 0.000000e+00 0.000000e+00
-2.303537e-10 0.000000e+00 0.000000e+00
5.406082e-10 0.000000e+00 0.000000e+00
2.529317e-10 0.000000e+00 0.000000e+00
3.050340e-10 0.000000e+00 0.000000e+00
2.330643e-10 0.000000e+00 0.000000e+00
-1.794427e-10 0.000000e+00 0.000000e+00
4.033656e-10 0.000000e+00 0.000000e+00
9.742319e-11 0.000000e+00 0.000000e+00
-3.728701e-10 0.000000e+00 0.000000e+00
1.847197e-11 0.000000e+00 0.000000e+00
5.632810e-11 0.000000e+00 0.000000e+00
1.151261e-10 0.000000e+00 0.000000e+00
3.431677e-10 0.000000e+00 0.000000e+00
1.644715e-10 0.000000e+00 0.000000e+00
-4.200922e-10 0.000000e+00 0.000000e+00
-2.564188e-10 0.000000e+00 0.000000e+00
-3.601659e-10 0.000000e+00 0.000000e+00
-2.505001e-10 0.000000e+00 0.000000e+00
3.994542e-10 0.000000e+00 0.000000e+00
2.591244e-11 0.000000e+00 0.000000e+00
-2.025757e-10 0.000000e+00 0.000000e+00
1.564001e-10 0.000000e+00 0.000000e+00
4.377872e-10 0.000000e+00 0.000000e+00
-1.445071e-10 0.000000e+00 0.000000e+00
5.903579e-10 0.000000e+00 0.000000e+00
4.991011e-10 0.000000e+00 0.000000e+00
-1.347370e-10 0.000000e+00 0.000000e+00
4.447378e-11 0.000000e+00 0.000000e+00
-2.465231e-10 0.000000e+00 0.000000e+00
2.531337e-10 0.000000e+00 0.000000e+00
-2.218725e-10 0.000000e+00 0.000000e+00
1.527300e-10 0.000000e+00 0.000000e+00
-5.287855e-11 0.000000e+00 0.000000e+00
-7.970567e-11 0.000000e+00 0.000000e+00
-7.645719e-11 0.000000e+00 0.000000e+00
-8.658735e-10 0.000000e+00 0.000000e+00
4.098439e-10 0.000000e+00 0.000000e+00
3.634280e-10 0.000000e+00 0.000000e+00
-2.949683e-11 0.000000e+00 0.000000e+00
3.113178e-10 0.000000e+00 0.000000e+00
3.602786e-10 0.000000e+00 0.000000e+00
-4.161610e-10 0.000000e+00 0.000000e+00
2.971548e-10 0.000000e+00 0.000000e+00
-7.180356e-10 0.000000e+00 0.000000e+00
3.438600e-10 0.000000e+00 0.000000e+00
2.042016e-10 0.000000e+00 0.000000e+00
-1.073684e-09 0.000000e+00 0.000000e+00
5.102260e-11 0.000000e+00 0.000000e+00
-4.438717e-10 0.000000e+00 0.000000e+00
8.839137e-11 0.000000e+00 0.000000e+00
4.433825e-10 0.000000e+00 0.000000e+00
2.590566e-11 0.000000e+00 0.000000e+00
1.845875e-10 0.000000e+00 0.000000e+00
1.938964e-10 0.000000e+00 0.000000e+00
1.038716e-10 0.000000e+00 0.000000e+00
-4.822063e-10 0.000000e+00 0.000000e+00
9.164965e-11 0.000000e+00 0.000000e+00
5.314047e-10 0.000000e+00 0.000000e+00
-3.594248e-10 0.000000e+00 0.000000e+00
-9.318394e-10 0.000000e+00 0.000000e+00
1.972225e-11 0.000000e+00 0.000000e+00
5.351720e-10 0.000000e+00 0.000000e+00
-1.272283e-10 0.000000e+00 0.000000e+00
9.737885e-11 0.000000e+00 0.000000e+00
3.177519e-10 0.000000e+00 0.000000e+00
5.007107e-11 0.000000e+00 0.000000e+00
3.714888e-10 0.000000e+00 0.000000e+00
-3.200325e-10 0.000000e+00 0.000000e+00
2.208516e-10 0.000000e+00 0.000000e+00
4.539345e-10 0.000000e+00 0.000000e+00
1.066087e-10 0.000000e+00 0.000000e+00
1.361943e-10 0.000000e+00 0.000000e+00
-4.522540e-10 0.000000e+00 0.000000e+00
-1.515216e-10 0.000000e+00 0.000000e+00
2.047246e-11 0.000000e+00 0.000000e+00
5.548598e-10 0.000000e+00 0.000000e+00
-2.771807e-10 0.000000e+00 0.000000e+00
2.747592e-11 0.000000e+00 0.000000e+00
1.683972e-10 0.000000e+00 0.000000e+00
5.301967e-10 0.000000e+00 0.000000e+00
1.151027e-10 0.000000e+00 0.000000e+00
-1.339983e-10 0.000000e+00 0.000000e+00
-7.866462e-10 0.000000e+00 0.000000e+00
-1.373059e-10 0.000000e+00 0.000000e+00
-4.301049e-10 0.000000e+00 0.000000e+00
-3.377712e-10 0.000000e+00 0.000000e+00
2.327636e-10 0.000000e+00 0.000000e+00
-6.125874e-11 0.000000e+00 0.000000e+00
-6.932469e-10 0.000000e+00 0.000000e+00
5.975704e-11 0.000000e+00 0.000000e+00
1.048699e-10 0.000000e+00 0.000000e+00
8.854295e-11 0.000000e+00 0.000000e+00
-3.147782e-10 0.000000e+00 0.000000e+00
-7.739456e-10 0.000000e+00 0.000000e+00
2.373802e-10 0.000000e+00 0.000000e+00
5.594912e-10 0.000000e+00 0.000000e+00
-1.000995e-10 0.000000e+00 0.000000e+00
1.134359e-10 0.000000e+00 0.000000e+00
4.386758e-10 0.000000e+00 0.000000e+00
6.031050e-10 0.000000e+00 0.000000e+00
1.323862e-10 0.000000e+00 0.000000e+00
1.200943e-10 0.000000e+00 0.000000e+00
-1.248410e-10 0.000000e+00 0.000000e+00
4.239199e-10 0.000000e+00 0.000000e+00
-4.306984e-10 0.000000e+00 0.000000e+00
9.023420e-11 0.000000e+00 0.000000e+00
-7.642881e-10 0.000000e+00 0.000000e+00
-1.285549e-10 0.000000e+00 0.000000e+00
2.080911e-10 0.000000e+00 0.000000e+00
6.240469e-11 0.000000e+00 0.000000e+00
-1.495011e-10 0.000000e+00 0.000000e+00
-1.331628e-10 0.000000e+00 0.000000e+00
-2.446428e-10 0.000000e+00 0.000000e+00
-1.948927e-10 0.000000e+00 0.000000e+00
-1.469187e-10 0.000000e+00 0.000000e+00
2.231480e-10 0.000000e+00 0.000000e+00
3.993502e-10 0.000000e+00 0.000000e+00
2.568056e-10 0.000000e+00 0.000000e+00
4.834993e-10 0.000000e+00 0.000000e+00
-1.714296e-10 0.000000e+00 0.000000e+00
1.551714e-10 0.000000e+00 0.000000e+00
-2.760206e-10 0.000000e+00 0.000000e+00
-7.294680e-10 0.000000e+00 0.000000e+00
-8.187383e-10 0.000000e+00 0.000000e+00
-2.127304e-10 0.000000e+00 0.000000e+00
-4.570949e-10 0.000000e+00 0.000000e+00
-5.730070e-10 0.000000e+00 0.000000e+00
-2.947809e-10 0.000000e+00 0.000000e+00
-2.437602e-10 0.000000e+00 0.000000e+00
1.548621e-10 0.000000e+00 0.000000e+00
4.214118e-10 0.000000e+00 0.000000e+00
-5.094225e-10 0.000000e+00 0.000000e+00
2.030666e-10 0.000000e+00 0.000000e+00
-4.690072e-11 0.000000e+00 0.000000e+00
-6.725921e-10 0.000000e+00 0.000000e+00
3.399408e-10 0.000000e+00 0.000000e+00
-1.160327e-11 0.000000e+00 0.000000e+00
7.966424e-11 0.000000e+00 0.000000e+00
-3.777020e-10 0.000000e+00 0.000000e+00
2.039521e-10 0.000000e+00 0.000000e+00
2.166191e-10 0.000000e+00 0.000000e+00
3.236903e-10 0.000000e+00 0.000000e+00
-3.415342e-10 0.000000e+00 0.000000e+00
2.012251e-10 0.000000e+00 0.000000e+00
3.303492e-10 0.000000e+00 0.000000e+00
3.259659e-10 0.000000e+00 0.000000e+00
3.693781e-10 0.000000e+00 0.000000e+00
-6.625800e-10 0.000000e+00 0.000000e+00
