step K U E temp
0 1.050485e-21 -4.108369e-20 -4.003320e-20 1.521727e+02
1000 3.166315e-21 -4.073449e-20 -3.756818e-20 4.586705e+02
2000 5.815906e-21 -4.055411e-20 -3.473821e-20 8.424888e+02
3000 4.811358e-22 -4.007649e-20 -3.959535e-20 6.969705e+01
4000 5.074209e-21 -4.106732e-20 -3.599311e-20 7.350469e+02
5000 1.550483e-21 -4.104855e-20 -3.949807e-20 2.246020e+02
6000 2.522251e-21 -3.290712e-20 -3.038487e-20 3.653719e+02
7000 4.607820e-22 -3.812522e-20 -3.766443e-20 6.674861e+01
8000 8.798556e-22 -3.888041e-20 -3.800055e-20 1.274554e+02
9000 2.609319e-22 -3.658581e-20 -3.632488e-20 3.779844e+01
10000 3.397878e-22 -4.102867e-20 -4.068888e-20 4.922147e+01
11000 4.516151e-22 -3.613961e-20 -3.568800e-20 6.542070e+01
12000 1.137280e-22 -4.034584e-20 -4.023212e-20 1.647457e+01
13000 7.138805e-21 -4.086226e-20 -3.372345e-20 1.034123e+03
14000 2.577562e-21 -4.099696e-20 -3.841940e-20 3.733841e+02
15000 1.954296e-21 -3.169856e-20 -2.974426e-20 2.830982e+02
16000 3.028050e-21 -4.109963e-20 -3.807158e-20 4.386416e+02
17000 1.473688e-21 -3.964868e-20 -3.817499e-20 2.134775e+02
18000 7.109216e-22 -3.986286e-20 -3.915194e-20 1.029837e+02
19000 1.444221e-21 -3.896185e-20 -3.751763e-20 2.092090e+02
20000 2.429807e-21 -4.028443e-20 -3.785463e-20 3.519804e+02
21000 1.800973e-20 -4.109595e-20 -2.308623e-20 2.608878e+03
22000 2.377368e-21 -3.236507e-20 -2.998770e-20 3.443842e+02
23000 7.035461e-21 -4.051823e-20 -3.348277e-20 1.019153e+03
24000 2.907004e-21 -4.085591e-20 -3.794891e-20 4.211069e+02
25000 1.939799e-21 -4.085636e-20 -3.891656e-20 2.809981e+02
26000 2.036000e-20 -4.043850e-20 -2.007849e-20 2.949338e+03
27000 2.050560e-24 -4.109857e-20 -4.109652e-20 2.970430e-01
28000 1.632513e-21 -3.972221e-20 -3.808970e-20 2.364849e+02
29000 4.996821e-22 -3.940016e-20 -3.890047e-20 7.238365e+01
30000 2.767123e-21 -3.808063e-20 -3.531350e-20 4.008439e+02
31000 5.213661e-21 -4.109372e-20 -3.588006e-20 7.552479e+02
32000 1.890998e-21 -4.090049e-20 -3.900949e-20 2.739289e+02
33000 7.378476e-25 -4.109994e-20 -4.109920e-20 1.068842e-01
34000 6.846105e-22 -3.391339e-20 -3.322878e-20 9.917227e+01
35000 4.174251e-22 -4.021770e-20 -3.980027e-20 6.046796e+01
36000 4.119701e-22 -4.046111e-20 -4.004914e-20 5.967775e+01
37000 4.090470e-22 -3.532700e-20 -3.491795e-20 5.925430e+01
38000 1.153463e-23 -3.958501e-20 -3.957347e-20 1.670900e+00
39000 2.950726e-23 -4.103078e-20 -4.100127e-20 4.274404e+00
40000 2.880224e-21 -3.670978e-20 -3.382956e-20 4.172275e+02
41000 7.790015e-22 -3.983991e-20 -3.906091e-20 1.128457e+02
42000 2.866579e-21 -4.080735e-20 -3.794077e-20 4.152509e+02
43000 8.849159e-22 -4.091888e-20 -4.003396e-20 1.281884e+02
44000 7.318455e-22 -4.106765e-20 -4.033580e-20 1.060147e+02
45000 6.928861e-23 -3.622733e-20 -3.615805e-20 1.003711e+01
46000 9.503580e-22 -3.980518e-20 -3.885482e-20 1.376683e+02
47000 5.232835e-23 -3.826322e-20 -3.821089e-20 7.580254e+00
48000 8.655481e-22 -3.078498e-20 -2.991943e-20 1.253828e+02
49000 1.281300e-21 -3.799123e-20 -3.670993e-20 1.856083e+02
50000 1.519825e-21 -3.780001e-20 -3.628018e-20 2.201610e+02
51000 3.112679e-21 -3.033713e-20 -2.722445e-20 4.509009e+02
52000 1.546110e-20 -4.106225e-20 -2.560114e-20 2.239687e+03
53000 8.759029e-25 -3.889833e-20 -3.889745e-20 1.268828e-01
54000 1.757162e-22 -4.046803e-20 -4.029232e-20 2.545414e+01
55000 2.651442e-21 -3.932119e-20 -3.666975e-20 3.840863e+02
56000 5.045459e-22 -4.102984e-20 -4.052530e-20 7.308822e+01
57000 3.101722e-23 -4.109820e-20 -4.106718e-20 4.493136e+00
58000 1.547513e-21 -3.736959e-20 -3.582208e-20 2.241718e+02
59000 4.588443e-22 -4.105683e-20 -4.059799e-20 6.646792e+01
60000 4.554140e-21 -3.778515e-20 -3.323101e-20 6.597100e+02
61000 8.202585e-24 -3.997675e-20 -3.996855e-20 1.188222e+00
62000 2.952782e-21 -4.069484e-20 -3.774206e-20 4.277382e+02
63000 2.730798e-23 -3.652697e-20 -3.649967e-20 3.955818e+00
64000 2.478222e-21 -3.732485e-20 -3.484663e-20 3.589938e+02
65000 6.187170e-21 -4.044917e-20 -3.426200e-20 8.962698e+02
66000 9.380467e-22 -4.008658e-20 -3.914853e-20 1.358849e+02
67000 9.714144e-21 -4.055767e-20 -3.084352e-20 1.407185e+03
68000 2.872222e-22 -3.867790e-20 -3.839068e-20 4.160684e+01
69000 1.428857e-21 -3.974026e-20 -3.831140e-20 2.069834e+02
70000 1.889150e-22 -3.249703e-20 -3.230811e-20 2.736612e+01
71000 4.291987e-23 -3.862149e-20 -3.857857e-20 6.217347e+00
72000 8.255466e-23 -3.902562e-20 -3.894306e-20 1.195882e+01
73000 1.724526e-21 -3.758166e-20 -3.585714e-20 2.498138e+02
74000 3.170828e-23 -3.802709e-20 -3.799538e-20 4.593243e+00
75000 2.791269e-21 -3.873417e-20 -3.594290e-20 4.043416e+02
76000 6.449098e-22 -3.543148e-20 -3.478657e-20 9.342125e+01
77000 2.307710e-23 -4.092757e-20 -4.090449e-20 3.342935e+00
78000 7.963428e-22 -4.072087e-20 -3.992453e-20 1.153577e+02
79000 1.722194e-21 -4.000792e-20 -3.828573e-20 2.494760e+02
80000 1.306450e-23 -4.096210e-20 -4.094904e-20 1.892515e+00
81000 1.118761e-21 -4.064537e-20 -3.952661e-20 1.620630e+02
82000 2.764600e-21 -2.680760e-20 -2.404300e-20 4.004784e+02
83000 6.290984e-22 -4.101883e-20 -4.038973e-20 9.113083e+01
84000 1.226351e-24 -4.048669e-20 -4.048546e-20 1.776485e-01
85000 9.053688e-23 -4.074871e-20 -4.065817e-20 1.311512e+01
86000 5.467669e-22 -4.096466e-20 -4.041789e-20 7.920433e+01
87000 3.662921e-21 -4.104643e-20 -3.738351e-20 5.306086e+02
88000 5.999956e-21 -3.277806e-20 -2.677810e-20 8.691501e+02
89000 1.064199e-22 -4.109566e-20 -4.098924e-20 1.541593e+01
90000 2.277527e-22 -4.055686e-20 -4.032911e-20 3.299211e+01
91000 1.317087e-21 -4.108924e-20 -3.977215e-20 1.907925e+02
92000 1.251781e-21 -4.037967e-20 -3.912789e-20 1.813322e+02
93000 1.478200e-22 -4.095811e-20 -4.081029e-20 2.141313e+01
94000 8.353218e-22 -3.859405e-20 -3.775873e-20 1.210042e+02
95000 6.229832e-23 -4.108137e-20 -4.101907e-20 9.024497e+00
96000 4.690890e-24 -4.093177e-20 -4.092707e-20 6.795195e-01
97000 2.178285e-22 -4.109008e-20 -4.087225e-20 3.155451e+01
98000 5.469328e-21 -4.105935e-20 -3.559002e-20 7.922836e+02
99000 2.910344e-23 -4.099639e-20 -4.096729e-20 4.215907e+00
100000 1.927299e-21 -3.795136e-20 -3.602406e-20 2.791873e+02
101000 1.141122e-22 -3.910818e-20 -3.899407e-20 1.653022e+01
102000 1.618826e-21 -4.023436e-20 -3.861554e-20 2.345022e+02
103000 5.476471e-21 -4.039450e-20 -3.491802e-20 7.933184e+02
104000 9.573721e-21 -2.650498e-20 -1.693126e-20 1.386844e+03
105000 3.187620e-21 -4.058986e-20 -3.740224e-20 4.617567e+02
106000 1.561784e-23 -3.687185e-20 -3.685623e-20 2.262391e+00
107000 3.301893e-21 -3.471095e-20 -3.140905e-20 4.783102e+02
108000 1.752660e-21 -4.037983e-20 -3.862717e-20 2.538893e+02
109000 5.045547e-21 -3.894002e-20 -3.389448e-20 7.308950e+02
110000 2.667568e-22 -3.907254e-20 -3.880579e-20 3.864224e+01
111000 2.512888e-21 -4.092079e-20 -3.840790e-20 3.640155e+02
112000 4.877213e-21 -3.955357e-20 -3.467636e-20 7.065102e+02
113000 4.307285e-21 -4.105436e-20 -3.674707e-20 6.239507e+02
114000 4.831996e-24 -4.017109e-20 -4.016626e-20 6.999601e-01
115000 5.800833e-22 -4.094923e-20 -4.036914e-20 8.403052e+01
116000 8.409657e-22 -4.090917e-20 -4.006820e-20 1.218218e+02
117000 1.588595e-21 -4.099881e-20 -3.941022e-20 2.301229e+02
118000 2.049056e-23 -3.983146e-20 -3.981097e-20 2.968250e+00
119000 2.460938e-21 -3.373046e-20 -3.126952e-20 3.564900e+02
120000 1.072870e-21 -4.027285e-20 -3.919998e-20 1.554153e+02
121000 1.363751e-21 -3.881875e-20 -3.745500e-20 1.975521e+02
122000 5.993289e-22 -4.007323e-20 -3.947391e-20 8.681843e+01
123000 2.190626e-23 -3.937205e-20 -3.935014e-20 3.173327e+00
124000 3.479835e-21 -4.004443e-20 -3.656460e-20 5.040868e+02
125000 6.141141e-23 -4.068812e-20 -4.062671e-20 8.896021e+00
126000 8.557686e-21 -4.088904e-20 -3.233136e-20 1.239661e+03
127000 8.494536e-22 -3.886855e-20 -3.801910e-20 1.230513e+02
128000 4.935950e-21 -4.001440e-20 -3.507845e-20 7.150188e+02
129000 4.937797e-21 -4.103392e-20 -3.609612e-20 7.152863e+02
130000 5.362081e-21 -4.088382e-20 -3.552174e-20 7.767479e+02
131000 4.320488e-22 -3.903097e-20 -3.859893e-20 6.258634e+01
132000 4.419723e-23 -4.109936e-20 -4.105516e-20 6.402385e+00
133000 3.736960e-22 -3.885973e-20 -3.848603e-20 5.413338e+01
134000 2.055813e-21 -4.017321e-20 -3.811740e-20 2.978038e+02
135000 2.922399e-22 -4.036546e-20 -4.007322e-20 4.233370e+01
136000 7.620331e-21 -4.100053e-20 -3.338020e-20 1.103877e+03
137000 2.228893e-21 -4.088038e-20 -3.865149e-20 3.228761e+02
138000 4.551144e-21 -3.900956e-20 -3.445841e-20 6.592761e+02
139000 8.359006e-23 -4.075094e-20 -4.066735e-20 1.210881e+01
140000 1.116881e-21 -3.911574e-20 -3.799886e-20 1.617907e+02
141000 2.730775e-21 -4.099443e-20 -3.826365e-20 3.955785e+02
142000 1.536536e-22 -4.018149e-20 -4.002784e-20 2.225817e+01
143000 7.384716e-23 -4.060824e-20 -4.053439e-20 1.069746e+01
144000 1.319170e-20 -4.065587e-20 -2.746416e-20 1.910942e+03
145000 7.572102e-21 -3.974630e-20 -3.217420e-20 1.096890e+03
146000 8.131849e-22 -3.979698e-20 -3.898379e-20 1.177975e+02
147000 2.819838e-21 -4.098549e-20 -3.816565e-20 4.084801e+02
148000 2.590696e-22 -3.961138e-20 -3.935231e-20 3.752867e+01
149000 1.151661e-21 -4.108664e-20 -3.993498e-20 1.668290e+02
150000 1.560316e-21 -4.028563e-20 -3.872531e-20 2.260265e+02
151000 1.956067e-21 -3.901102e-20 -3.705495e-20 2.833546e+02
152000 1.043306e-21 -4.080818e-20 -3.976487e-20 1.511327e+02
153000 1.832556e-22 -3.886877e-20 -3.868552e-20 2.654630e+01
154000 2.536117e-21 -4.100908e-20 -3.847296e-20 3.673804e+02
155000 1.533216e-23 -4.030731e-20 -4.029198e-20 2.221007e+00
156000 9.427565e-22 -4.066799e-20 -3.972524e-20 1.365671e+02
157000 1.353127e-22 -3.696495e-20 -3.682963e-20 1.960132e+01
158000 4.542808e-22 -3.962003e-20 -3.916575e-20 6.580685e+01
159000 4.501838e-21 -4.003510e-20 -3.553326e-20 6.521336e+02
160000 3.094069e-21 -3.719798e-20 -3.410391e-20 4.482050e+02
161000 1.825567e-22 -4.083244e-20 -4.064988e-20 2.644506e+01
162000 5.093124e-21 -3.777898e-20 -3.268586e-20 7.377870e+02
163000 2.547932e-24 -3.556869e-20 -3.556614e-20 3.690920e-01
164000 5.862917e-22 -4.039041e-20 -3.980411e-20 8.492988e+01
165000 6.867694e-22 -3.642821e-20 -3.574144e-20 9.948501e+01
166000 4.090584e-23 -4.006524e-20 -4.002433e-20 5.925596e+00
167000 1.850128e-22 -3.688069e-20 -3.669567e-20 2.680085e+01
168000 3.259224e-21 -3.804435e-20 -3.478513e-20 4.721293e+02
169000 7.260037e-21 -2.333665e-20 -1.607662e-20 1.051685e+03
170000 7.882787e-21 -4.084086e-20 -3.295807e-20 1.141896e+03
171000 2.353544e-21 -3.939430e-20 -3.704076e-20 3.409329e+02
172000 8.278982e-21 -4.063115e-20 -3.235217e-20 1.199288e+03
173000 7.317728e-22 -4.091133e-20 -4.017956e-20 1.060042e+02
174000 1.370014e-22 -4.109413e-20 -4.095712e-20 1.984595e+01
175000 1.566599e-21 -4.063547e-20 -3.906888e-20 2.269366e+02
176000 2.285680e-21 -3.914771e-20 -3.686203e-20 3.311023e+02
177000 7.410837e-22 -3.183149e-20 -3.109041e-20 1.073529e+02
178000 2.638036e-22 -4.072444e-20 -4.046064e-20 3.821443e+01
179000 8.288705e-21 -4.023820e-20 -3.194949e-20 1.200697e+03
180000 1.415801e-21 -4.039890e-20 -3.898310e-20 2.050920e+02
181000 5.292970e-21 -4.094177e-20 -3.564880e-20 7.667366e+02
182000 2.251047e-23 -2.796084e-20 -2.793833e-20 3.260853e+00
183000 1.396607e-21 -3.931918e-20 -3.792257e-20 2.023116e+02
184000 4.049974e-23 -4.107638e-20 -4.103588e-20 5.866768e+00
185000 3.385661e-21 -3.785713e-20 -3.447147e-20 4.904449e+02
186000 6.777320e-22 -3.946870e-20 -3.879096e-20 9.817585e+01
187000 4.209177e-21 -3.923212e-20 -3.502294e-20 6.097390e+02
188000 1.055523e-20 -3.955447e-20 -2.899923e-20 1.529025e+03
189000 5.284524e-21 -3.936645e-20 -3.408192e-20 7.655131e+02
190000 7.479513e-26 -3.913056e-20 -3.913049e-20 1.083478e-02
191000 1.696029e-21 -3.828810e-20 -3.659207e-20 2.456858e+02
192000 7.238000e-22 -3.651720e-20 -3.579340e-20 1.048492e+02
193000 4.194092e-21 -4.108272e-20 -3.688863e-20 6.075538e+02
194000 1.631350e-22 -4.086703e-20 -4.070390e-20 2.363164e+01
195000 2.432506e-21 -3.996858e-20 -3.753607e-20 3.523714e+02
196000 2.525827e-21 -3.978642e-20 -3.726059e-20 3.658898e+02
197000 1.882228e-21 -4.048980e-20 -3.860757e-20 2.726585e+02
198000 1.003613e-20 -4.109642e-20 -3.106029e-20 1.453828e+03
199000 1.748192e-24 -4.051514e-20 -4.051339e-20 2.532421e-01
200000 3.634757e-22 -3.850166e-20 -3.813818e-20 5.265287e+01
201000 5.833857e-21 -3.557662e-20 -2.974277e-20 8.450891e+02
202000 5.681804e-22 -4.089959e-20 -4.033141e-20 8.230627e+01
203000 5.329993e-21 -3.943539e-20 -3.410540e-20 7.720997e+02
204000 6.699061e-23 -3.643163e-20 -3.636464e-20 9.704220e+00
205000 4.488121e-21 -4.065210e-20 -3.616398e-20 6.501465e+02
206000 6.605186e-21 -3.915845e-20 -3.255327e-20 9.568233e+02
207000 1.532339e-21 -4.093575e-20 -3.940341e-20 2.219738e+02
208000 2.368028e-23 -4.023141e-20 -4.020773e-20 3.430311e+00
209000 1.929998e-21 -4.106716e-20 -3.913716e-20 2.795784e+02
210000 2.156985e-21 -4.052688e-20 -3.836990e-20 3.124596e+02
211000 1.157092e-21 -4.010242e-20 -3.894533e-20 1.676157e+02
212000 1.863313e-21 -3.435201e-20 -3.248870e-20 2.699185e+02
213000 2.773852e-26 -3.933859e-20 -3.933856e-20 4.018186e-03
214000 1.747909e-24 -4.109980e-20 -4.109806e-20 2.532011e-01
215000 3.012418e-21 -3.146786e-20 -2.845544e-20 4.363772e+02
216000 1.170625e-22 -3.503988e-20 -3.492282e-20 1.695761e+01
217000 3.290230e-23 -4.109495e-20 -4.106205e-20 4.766208e+00
218000 5.722711e-21 -4.083139e-20 -3.510868e-20 8.289885e+02
219000 1.151680e-25 -3.837311e-20 -3.837300e-20 1.668316e-02
220000 3.095391e-22 -3.740518e-20 -3.709564e-20 4.483965e+01
221000 2.397313e-23 -4.092521e-20 -4.090124e-20 3.472733e+00
222000 7.696700e-21 -4.010606e-20 -3.240936e-20 1.114939e+03
223000 5.813847e-23 -3.981351e-20 -3.975537e-20 8.421904e+00
224000 9.951498e-21 -4.024088e-20 -3.028939e-20 1.441568e+03
225000 9.102802e-22 -4.108056e-20 -4.017028e-20 1.318627e+02
226000 1.273214e-22 -4.107363e-20 -4.094631e-20 1.844370e+01
227000 9.516270e-21 -3.688548e-20 -2.736921e-20 1.378521e+03
228000 4.078048e-23 -4.108720e-20 -4.104642e-20 5.907437e+00
229000 2.226538e-21 -4.041799e-20 -3.819146e-20 3.225350e+02
230000 6.744028e-23 -3.817802e-20 -3.811058e-20 9.769360e+00
231000 2.721252e-22 -4.089893e-20 -4.062681e-20 3.941989e+01
232000 5.515760e-21 -3.877149e-20 -3.325573e-20 7.990097e+02
233000 6.462348e-21 -3.813987e-20 -3.167753e-20 9.361319e+02
234000 1.472750e-21 -4.104232e-20 -3.956957e-20 2.133417e+02
235000 3.057004e-23 -4.013755e-20 -4.010698e-20 4.428358e+00
236000 4.032377e-21 -4.098494e-20 -3.695256e-20 5.841278e+02
237000 3.673846e-21 -4.047224e-20 -3.679839e-20 5.321912e+02
238000 2.278230e-22 -4.109961e-20 -4.087178e-20 3.300231e+01
239000 2.044511e-21 -3.915720e-20 -3.711269e-20 2.961667e+02
240000 1.388248e-21 -4.090462e-20 -3.951637e-20 2.011008e+02
241000 3.016294e-24 -3.722191e-20 -3.721889e-20 4.369386e-01
242000 2.765750e-21 -3.681128e-20 -3.404553e-20 4.006449e+02
243000 8.352928e-23 -3.550994e-20 -3.542641e-20 1.210000e+01
244000 1.590426e-21 -4.050293e-20 -3.891250e-20 2.303882e+02
245000 4.863634e-22 -3.861336e-20 -3.812699e-20 7.045432e+01
246000 2.973132e-22 -3.731087e-20 -3.701355e-20 4.306861e+01
247000 2.173384e-22 -3.975500e-20 -3.953766e-20 3.148351e+01
248000 1.341677e-21 -4.096609e-20 -3.962442e-20 1.943546e+02
249000 1.603477e-21 -4.007089e-20 -3.846741e-20 2.322788e+02
250000 2.777311e-22 -4.102937e-20 -4.075163e-20 4.023197e+01
251000 1.834434e-21 -4.090119e-20 -3.906676e-20 2.657350e+02
252000 3.446967e-21 -3.945493e-20 -3.600796e-20 4.993256e+02
253000 6.438919e-22 -4.106252e-20 -4.041863e-20 9.327380e+01
254000 5.353491e-21 -4.109815e-20 -3.574466e-20 7.755035e+02
255000 1.011599e-20 -4.068484e-20 -3.056886e-20 1.465396e+03
256000 1.057996e-22 -3.989418e-20 -3.978838e-20 1.532607e+01
257000 2.170049e-21 -4.107789e-20 -3.890784e-20 3.143520e+02
258000 1.070432e-23 -4.052794e-20 -4.051724e-20 1.550621e+00
259000 3.806292e-22 -4.032835e-20 -3.994772e-20 5.513773e+01
260000 5.446499e-22 -3.891246e-20 -3.836781e-20 7.889767e+01
261000 6.014584e-21 -4.084322e-20 -3.482863e-20 8.712691e+02
262000 3.790596e-22 -4.090633e-20 -4.052727e-20 5.491034e+01
263000 3.851921e-21 -4.091391e-20 -3.706198e-20 5.579870e+02
264000 4.119018e-21 -4.107979e-20 -3.696077e-20 5.966786e+02
265000 2.536961e-21 -4.067183e-20 -3.813487e-20 3.675027e+02
266000 3.967655e-21 -4.088667e-20 -3.691901e-20 5.747522e+02
267000 5.726426e-23 -4.106551e-20 -4.100824e-20 8.295268e+00
268000 1.766403e-23 -3.984442e-20 -3.982675e-20 2.558801e+00
269000 7.641365e-22 -3.392158e-20 -3.315745e-20 1.106924e+02
270000 9.975138e-21 -3.917693e-20 -2.920180e-20 1.444993e+03
271000 1.009889e-20 -4.107225e-20 -3.097335e-20 1.462920e+03
272000 5.695590e-22 -3.651117e-20 -3.594161e-20 8.250598e+01
273000 4.475989e-22 -4.045680e-20 -4.000920e-20 6.483891e+01
274000 1.062533e-21 -4.109144e-20 -4.002891e-20 1.539178e+02
275000 6.659218e-23 -4.088316e-20 -4.081657e-20 9.646504e+00
276000 1.029639e-21 -3.760751e-20 -3.657787e-20 1.491530e+02
277000 4.760754e-22 -4.053042e-20 -4.005435e-20 6.896400e+01
278000 2.681380e-21 -3.866737e-20 -3.598599e-20 3.884232e+02
279000 5.958745e-22 -4.071789e-20 -4.012202e-20 8.631803e+01
280000 6.473966e-22 -2.581947e-20 -2.517207e-20 9.378149e+01
281000 1.982060e-21 -4.036242e-20 -3.838036e-20 2.871201e+02
282000 6.188509e-21 -4.093990e-20 -3.475139e-20 8.964638e+02
283000 5.617910e-21 -4.107020e-20 -3.545229e-20 8.138071e+02
284000 7.189584e-23 -4.021126e-20 -4.013937e-20 1.041479e+01
285000 3.747626e-21 -3.984130e-20 -3.609367e-20 5.428788e+02
286000 3.118522e-21 -4.088534e-20 -3.776682e-20 4.517472e+02
287000 1.006915e-22 -4.107748e-20 -4.097679e-20 1.458611e+01
288000 6.745193e-23 -3.557632e-20 -3.550887e-20 9.771047e+00
289000 9.752068e-24 -3.733390e-20 -3.732415e-20 1.412679e+00
290000 2.342678e-21 -3.928321e-20 -3.694054e-20 3.393589e+02
291000 1.076984e-21 -3.652008e-20 -3.544309e-20 1.560113e+02
292000 3.963939e-24 -3.975838e-20 -3.975441e-20 5.742138e-01
293000 6.639638e-22 -3.994874e-20 -3.928478e-20 9.618140e+01
294000 3.940089e-21 -4.100390e-20 -3.706381e-20 5.707590e+02
295000 2.096769e-21 -4.108912e-20 -3.899235e-20 3.037368e+02
296000 5.294434e-21 -4.081320e-20 -3.551877e-20 7.669486e+02
297000 1.450416e-22 -3.582877e-20 -3.568373e-20 2.101065e+01
298000 3.445161e-22 -4.066079e-20 -4.031627e-20 4.990639e+01
299000 1.052642e-20 -4.023183e-20 -2.970541e-20 1.524850e+03
300000 3.621179e-24 -3.970212e-20 -3.969850e-20 5.245619e-01
301000 1.966600e-22 -4.032301e-20 -4.012635e-20 2.848805e+01
302000 4.692099e-25 -3.931371e-20 -3.931324e-20 6.796947e-02
303000 2.437792e-22 -4.105626e-20 -4.081248e-20 3.531371e+01
304000 1.351442e-21 -4.105519e-20 -3.970374e-20 1.957690e+02
305000 9.061231e-22 -4.109419e-20 -4.018807e-20 1.312605e+02
306000 2.702312e-24 -4.048697e-20 -4.048427e-20 3.914553e-01
307000 3.911953e-22 -3.847740e-20 -3.808620e-20 5.666832e+01
308000 2.431943e-21 -3.750605e-20 -3.507411e-20 3.522899e+02
309000 2.572963e-21 -3.784137e-20 -3.526841e-20 3.727179e+02
310000 8.404087e-22 -2.283475e-20 -2.199434e-20 1.217411e+02
311000 1.865731e-22 -4.071587e-20 -4.052929e-20 2.702687e+01
312000 6.071224e-23 -3.900707e-20 -3.894636e-20 8.794739e+00
313000 2.774118e-21 -4.034642e-20 -3.757230e-20 4.018571e+02
314000 7.251540e-21 -4.092526e-20 -3.367372e-20 1.050454e+03
315000 5.384254e-22 -4.025262e-20 -3.971420e-20 7.799598e+01
316000 1.377311e-21 -3.925090e-20 -3.787359e-20 1.995165e+02
317000 1.094548e-21 -2.563366e-20 -2.453912e-20 1.585556e+02
318000 1.488040e-21 -4.053029e-20 -3.904225e-20 2.155566e+02
319000 1.506570e-21 -3.740977e-20 -3.590320e-20 2.182409e+02
320000 2.218632e-21 -3.986476e-20 -3.764613e-20 3.213898e+02
321000 2.038755e-22 -4.108554e-20 -4.088166e-20 2.953329e+01
322000 1.110622e-21 -3.707842e-20 -3.596780e-20 1.608841e+02
323000 3.876279e-22 -3.350078e-20 -3.311315e-20 5.615156e+01
324000 4.949524e-22 -3.557508e-20 -3.508012e-20 7.169852e+01
325000 1.467394e-21 -4.046146e-20 -3.899406e-20 2.125658e+02
326000 2.488972e-22 -3.469451e-20 -3.444561e-20 3.605511e+01
327000 7.641388e-23 -4.024445e-20 -4.016803e-20 1.106927e+01
328000 4.261150e-22 -4.007517e-20 -3.964905e-20 6.172676e+01
329000 8.437337e-22 -4.064264e-20 -3.979891e-20 1.222228e+02
330000 5.600136e-22 -3.685291e-20 -3.629290e-20 8.112323e+01
331000 6.537702e-22 -3.598045e-20 -3.532668e-20 9.470476e+01
332000 9.330794e-22 -4.079136e-20 -3.985828e-20 1.351653e+02
333000 2.445997e-21 -4.038221e-20 -3.793622e-20 3.543257e+02
334000 9.600748e-21 -3.863278e-20 -2.903203e-20 1.390759e+03
335000 1.005079e-21 -4.109576e-20 -4.009068e-20 1.455951e+02
336000 4.105176e-22 -4.109553e-20 -4.068501e-20 5.946733e+01
337000 2.183718e-23 -3.989964e-20 -3.987781e-20 3.163321e+00
338000 4.922094e-23 -2.797891e-20 -2.792968e-20 7.130116e+00
339000 1.063571e-21 -3.877877e-20 -3.771520e-20 1.540683e+02
340000 2.577162e-21 -3.951086e-20 -3.693370e-20 3.733262e+02
341000 6.324690e-22 -4.100292e-20 -4.037045e-20 9.161909e+01
342000 1.679280e-22 -3.562722e-20 -3.545929e-20 2.432595e+01
343000 2.895433e-21 -4.109050e-20 -3.819507e-20 4.194307e+02
344000 8.393708e-22 -4.030259e-20 -3.946322e-20 1.215908e+02
345000 1.745009e-21 -2.934335e-20 -2.759834e-20 2.527810e+02
346000 1.326945e-21 -3.957529e-20 -3.824834e-20 1.922205e+02
347000 7.410210e-22 -3.715043e-20 -3.640940e-20 1.073439e+02
348000 8.089571e-21 -3.590800e-20 -2.781843e-20 1.171850e+03
349000 1.245347e-21 -3.993425e-20 -3.868891e-20 1.804002e+02
350000 4.491865e-22 -4.061587e-20 -4.016668e-20 6.506890e+01
351000 8.787554e-23 -3.879142e-20 -3.870355e-20 1.272960e+01
352000 3.179948e-21 -3.695996e-20 -3.378001e-20 4.606453e+02
353000 1.765943e-21 -3.981287e-20 -3.804692e-20 2.558135e+02
354000 2.807715e-27 -3.917861e-20 -3.917860e-20 4.067239e-04
355000 7.649560e-21 -4.101277e-20 -3.336321e-20 1.108111e+03
356000 4.695262e-21 -4.107424e-20 -3.637898e-20 6.801529e+02
357000 2.539899e-21 -4.000379e-20 -3.746389e-20 3.679283e+02
358000 4.418310e-26 -4.058435e-20 -4.058431e-20 6.400339e-03
359000 2.920574e-21 -4.028545e-20 -3.736488e-20 4.230726e+02
360000 8.821463e-22 -3.971981e-20 -3.883767e-20 1.277872e+02
361000 3.940879e-22 -3.305814e-20 -3.266405e-20 5.708734e+01
362000 4.423792e-21 -4.109985e-20 -3.667606e-20 6.408279e+02
363000 3.266764e-21 -4.010082e-20 -3.683405e-20 4.732216e+02
364000 1.055321e-21 -3.871068e-20 -3.765536e-20 1.528732e+02
365000 9.446768e-22 -4.067075e-20 -3.972607e-20 1.368453e+02
366000 8.581255e-21 -3.963276e-20 -3.105150e-20 1.243075e+03
367000 5.765847e-21 -4.106247e-20 -3.529662e-20 8.352372e+02
368000 3.767547e-22 -3.845195e-20 -3.807519e-20 5.457647e+01
369000 3.757863e-21 -4.085309e-20 -3.709523e-20 5.443618e+02
370000 5.395348e-21 -4.067669e-20 -3.528134e-20 7.815669e+02
371000 7.928720e-21 -4.109531e-20 -3.316659e-20 1.148550e+03
372000 2.363823e-21 -3.691876e-20 -3.455494e-20 3.424219e+02
373000 2.577234e-21 -4.082121e-20 -3.824398e-20 3.733366e+02
374000 1.538378e-20 -4.057284e-20 -2.518906e-20 2.228485e+03
375000 4.859997e-22 -3.819606e-20 -3.771006e-20 7.040163e+01
376000 2.185397e-21 -3.632246e-20 -3.413706e-20 3.165754e+02
377000 3.583070e-21 -4.088040e-20 -3.729733e-20 5.190414e+02
378000 1.556026e-21 -4.092651e-20 -3.937048e-20 2.254050e+02
379000 1.559018e-21 -3.626257e-20 -3.470355e-20 2.258385e+02
380000 3.134546e-21 -4.097337e-20 -3.783882e-20 4.540685e+02
381000 7.830255e-22 -4.107409e-20 -4.029107e-20 1.134286e+02
382000 2.901268e-23 -4.053969e-20 -4.051067e-20 4.202760e+00
383000 2.271347e-23 -4.010054e-20 -4.007783e-20 3.290260e+00
384000 1.566444e-21 -3.990472e-20 -3.833828e-20 2.269142e+02
385000 1.254990e-21 -3.953038e-20 -3.827539e-20 1.817971e+02
386000 2.876869e-22 -4.109844e-20 -4.081075e-20 4.167416e+01
387000 5.935186e-22 -4.090835e-20 -4.031483e-20 8.597675e+01
388000 7.820966e-22 -4.107311e-20 -4.029101e-20 1.132941e+02
389000 7.975408e-21 -3.719716e-20 -2.922176e-20 1.155313e+03
390000 8.308370e-25 -3.881586e-20 -3.881503e-20 1.203546e-01
391000 2.346933e-23 -4.096155e-20 -4.093808e-20 3.399753e+00
392000 6.650442e-23 -4.101868e-20 -4.095217e-20 9.633790e+00
393000 9.433041e-22 -4.077367e-20 -3.983037e-20 1.366465e+02
394000 8.443964e-22 -3.541995e-20 -3.457555e-20 1.223188e+02
395000 1.309749e-21 -3.837861e-20 -3.706886e-20 1.897294e+02
396000 2.631197e-24 -3.879607e-20 -3.879344e-20 3.811537e-01
397000 9.082217e-22 -3.938348e-20 -3.847526e-20 1.315645e+02
398000 7.119574e-22 -3.908643e-20 -3.837447e-20 1.031337e+02
399000 2.974003e-21 -4.098179e-20 -3.800778e-20 4.308123e+02
400000 1.166093e-21 -4.089322e-20 -3.972713e-20 1.689196e+02
401000 3.781596e-21 -3.927359e-20 -3.549199e-20 5.477998e+02
402000 1.204883e-21 -4.101835e-20 -3.981347e-20 1.745386e+02
403000 6.748581e-22 -4.100557e-20 -4.033072e-20 9.775955e+01
404000 2.491379e-22 -3.902500e-20 -3.877586e-20 3.608997e+01
405000 1.363903e-22 -3.372203e-20 -3.358564e-20 1.975741e+01
406000 9.498706e-22 -3.657017e-20 -3.562030e-20 1.375977e+02
407000 1.163399e-21 -4.046301e-20 -3.929961e-20 1.685292e+02
408000 3.036616e-21 -3.516913e-20 -3.213251e-20 4.398824e+02
409000 7.649492e-23 -3.035061e-20 -3.027411e-20 1.108101e+01
410000 1.528469e-20 -4.109835e-20 -2.581366e-20 2.214131e+03
411000 7.526223e-22 -4.102083e-20 -4.026820e-20 1.090244e+02
412000 7.901316e-22 -4.109983e-20 -4.030970e-20 1.144580e+02
413000 3.780765e-24 -3.825970e-20 -3.825592e-20 5.476794e-01
414000 2.569302e-21 -4.047512e-20 -3.790582e-20 3.721875e+02
415000 5.307075e-22 -3.514701e-20 -3.461630e-20 7.687797e+01
416000 1.210779e-21 -4.087840e-20 -3.966762e-20 1.753928e+02
417000 1.643298e-21 -3.900877e-20 -3.736547e-20 2.380472e+02
418000 1.086556e-21 -3.896910e-20 -3.788255e-20 1.573979e+02
419000 1.306993e-22 -3.781214e-20 -3.768144e-20 1.893303e+01
420000 4.734790e-22 -4.091540e-20 -4.044192e-20 6.858788e+01
421000 7.884632e-21 -3.847730e-20 -3.059267e-20 1.142163e+03
422000 1.205984e-21 -4.002954e-20 -3.882356e-20 1.746981e+02
423000 1.459620e-22 -3.786437e-20 -3.771841e-20 2.114396e+01
424000 4.461795e-22 -3.732600e-20 -3.687982e-20 6.463330e+01
425000 6.338125e-23 -3.922165e-20 -3.915827e-20 9.181370e+00
426000 2.360560e-21 -3.900108e-20 -3.664052e-20 3.419493e+02
427000 3.349512e-22 -3.812044e-20 -3.778549e-20 4.852084e+01
428000 6.618163e-22 -4.019149e-20 -3.952967e-20 9.587033e+01
429000 3.910503e-21 -3.857004e-20 -3.465953e-20 5.664732e+02
430000 8.532094e-22 -4.024809e-20 -3.939489e-20 1.235954e+02
431000 5.369607e-21 -2.566895e-20 -2.029934e-20 7.778380e+02
432000 1.370127e-21 -4.102278e-20 -3.965265e-20 1.984758e+02
433000 7.215544e-23 -3.983025e-20 -3.975809e-20 1.045239e+01
434000 4.477433e-21 -4.109639e-20 -3.661896e-20 6.485983e+02
435000 3.500476e-22 -3.957868e-20 -3.922863e-20 5.070769e+01
436000 4.485710e-21 -3.734871e-20 -3.286300e-20 6.497973e+02
437000 9.972321e-22 -3.887562e-20 -3.787839e-20 1.444584e+02
438000 1.304834e-22 -4.062083e-20 -4.049035e-20 1.890175e+01
439000 4.816584e-23 -3.922912e-20 -3.918095e-20 6.977274e+00
440000 1.541156e-21 -3.893399e-20 -3.739284e-20 2.232509e+02
441000 4.068300e-22 -3.745218e-20 -3.704535e-20 5.893315e+01
442000 3.566808e-21 -3.901072e-20 -3.544391e-20 5.166857e+02
443000 6.057657e-21 -4.075311e-20 -3.469545e-20 8.775086e+02
444000 6.562649e-22 -3.314613e-20 -3.248987e-20 9.506615e+01
445000 2.950769e-23 -4.109079e-20 -4.106129e-20 4.274467e+00
446000 4.595697e-21 -3.734234e-20 -3.274664e-20 6.657300e+02
447000 1.463855e-21 -3.969461e-20 -3.823076e-20 2.120532e+02
448000 3.496528e-22 -3.541540e-20 -3.506574e-20 5.065050e+01
449000 2.128792e-21 -4.078657e-20 -3.865778e-20 3.083755e+02
450000 1.859345e-21 -3.862395e-20 -3.676460e-20 2.693437e+02
451000 2.398425e-21 -3.577192e-20 -3.337349e-20 3.474345e+02
452000 3.971301e-22 -4.098278e-20 -4.058565e-20 5.752803e+01
453000 1.120568e-21 -4.104075e-20 -3.992018e-20 1.623248e+02
454000 7.212305e-21 -4.089260e-20 -3.368030e-20 1.044770e+03
455000 1.469543e-21 -4.005247e-20 -3.858292e-20 2.128771e+02
456000 6.917083e-23 -3.844603e-20 -3.837686e-20 1.002005e+01
457000 2.694811e-21 -4.034177e-20 -3.764695e-20 3.903688e+02
458000 7.154441e-21 -3.974439e-20 -3.258995e-20 1.036388e+03
459000 6.794296e-22 -3.845534e-20 -3.777591e-20 9.842178e+01
460000 6.126077e-21 -4.069058e-20 -3.456451e-20 8.874199e+02
461000 8.959314e-22 -3.991229e-20 -3.901636e-20 1.297841e+02
462000 6.364170e-22 -4.053193e-20 -3.989552e-20 9.219099e+01
463000 9.953883e-22 -3.660097e-20 -3.560559e-20 1.441914e+02
464000 4.451711e-21 -4.109977e-20 -3.664806e-20 6.448723e+02
465000 4.645663e-23 -4.012166e-20 -4.007520e-20 6.729680e+00
466000 3.123733e-21 -3.981175e-20 -3.668802e-20 4.525022e+02
467000 1.379065e-20 -4.106477e-20 -2.727411e-20 1.997706e+03
468000 4.210177e-22 -4.089379e-20 -4.047277e-20 6.098837e+01
469000 3.000069e-21 -4.059986e-20 -3.759979e-20 4.345882e+02
470000 1.814687e-23 -4.102203e-20 -4.100389e-20 2.628745e+00
471000 9.257201e-22 -3.915593e-20 -3.823021e-20 1.340993e+02
472000 2.873930e-23 -3.890565e-20 -3.887691e-20 4.163158e+00
473000 3.614755e-22 -4.096292e-20 -4.060144e-20 5.236313e+01
474000 1.854321e-21 -3.800375e-20 -3.614942e-20 2.686159e+02
475000 2.854354e-21 -3.896614e-20 -3.611179e-20 4.134801e+02
476000 1.047842e-22 -3.878242e-20 -3.867764e-20 1.517898e+01
477000 1.497510e-21 -3.794541e-20 -3.644790e-20 2.169285e+02
478000 4.943334e-22 -4.049102e-20 -3.999668e-20 7.160884e+01
479000 9.232088e-22 -3.928966e-20 -3.836645e-20 1.337355e+02
480000 4.908520e-22 -3.633042e-20 -3.583957e-20 7.110453e+01
481000 3.483811e-21 -4.071556e-20 -3.723175e-20 5.046629e+02
482000 1.619246e-20 -3.554008e-20 -1.934762e-20 2.345630e+03
483000 4.620860e-22 -3.779086e-20 -3.732877e-20 6.693751e+01
484000 1.394407e-21 -4.018717e-20 -3.879277e-20 2.019930e+02
485000 1.221707e-23 -3.756201e-20 -3.754979e-20 1.769757e+00
486000 6.523913e-22 -4.057482e-20 -3.992243e-20 9.450502e+01
487000 2.802371e-21 -4.008092e-20 -3.727855e-20 4.059499e+02
488000 2.701724e-22 -4.104201e-20 -4.077183e-20 3.913702e+01
489000 5.042508e-21 -2.905924e-20 -2.401674e-20 7.304548e+02
490000 6.889327e-24 -3.420316e-20 -3.419628e-20 9.979838e-01
491000 3.216603e-21 -4.076188e-20 -3.754528e-20 4.659552e+02
492000 3.232113e-21 -4.084664e-20 -3.761453e-20 4.682019e+02
493000 6.805193e-21 -3.845990e-20 -3.165471e-20 9.857963e+02
494000 1.770739e-22 -3.923186e-20 -3.905479e-20 2.565082e+01
495000 6.807804e-22 -4.091836e-20 -4.023758e-20 9.861745e+01
496000 2.341427e-21 -3.909004e-20 -3.674861e-20 3.391778e+02
497000 6.037302e-21 -3.649380e-20 -3.045650e-20 8.745600e+02
498000 1.463335e-22 -4.080430e-20 -4.065797e-20 2.119778e+01
499000 1.111515e-22 -4.101670e-20 -4.090555e-20 1.610134e+01
500000 3.785970e-21 -4.043356e-20 -3.664759e-20 5.484333e+02
501000 5.635378e-23 -3.877644e-20 -3.872009e-20 8.163376e+00
502000 2.376329e-21 -4.065122e-20 -3.827489e-20 3.442336e+02
503000 5.621682e-22 -3.980883e-20 -3.924666e-20 8.143535e+01
504000 2.863163e-23 -4.091280e-20 -4.088417e-20 4.147561e+00
505000 1.478839e-23 -3.836116e-20 -3.834638e-20 2.142237e+00
506000 4.140560e-21 -4.089890e-20 -3.675834e-20 5.997991e+02
507000 1.089864e-21 -3.932508e-20 -3.823522e-20 1.578770e+02
508000 2.472314e-22 -4.086871e-20 -4.062148e-20 3.581379e+01
509000 1.434213e-23 -4.109292e-20 -4.107858e-20 2.077592e+00
510000 2.411772e-21 -4.095792e-20 -3.854615e-20 3.493679e+02
511000 2.204950e-22 -4.070899e-20 -4.048850e-20 3.194077e+01
512000 6.624186e-22 -4.009753e-20 -3.943511e-20 9.595756e+01
513000 3.012021e-24 -3.829622e-20 -3.829320e-20 4.363195e-01
514000 1.013199e-21 -4.107662e-20 -4.006343e-20 1.467715e+02
515000 1.051246e-21 -4.074895e-20 -3.969770e-20 1.522829e+02
516000 1.750732e-21 -4.096931e-20 -3.921858e-20 2.536100e+02
517000 1.304456e-20 -4.090360e-20 -2.785905e-20 1.889627e+03
518000 9.526316e-22 -4.005653e-20 -3.910390e-20 1.379977e+02
519000 7.350002e-22 -3.891604e-20 -3.818104e-20 1.064717e+02
520000 1.319203e-21 -4.060130e-20 -3.928209e-20 1.910990e+02
521000 2.234580e-26 -3.882328e-20 -3.882326e-20 3.236999e-03
522000 1.725254e-24 -3.993579e-20 -3.993406e-20 2.499193e-01
523000 2.281978e-21 -4.013368e-20 -3.785170e-20 3.305659e+02
524000 1.751801e-21 -3.216874e-20 -3.041694e-20 2.537648e+02
525000 1.493902e-21 -3.764052e-20 -3.614661e-20 2.164058e+02
526000 1.128483e-22 -4.102815e-20 -4.091530e-20 1.634714e+01
527000 1.120621e-22 -4.106643e-20 -4.095437e-20 1.623325e+01
528000 2.300127e-22 -4.100456e-20 -4.077455e-20 3.331950e+01
529000 9.094622e-21 -4.109862e-20 -3.200400e-20 1.317442e+03
530000 5.047684e-24 -3.978586e-20 -3.978081e-20 7.312045e-01
531000 5.342706e-21 -4.097965e-20 -3.563694e-20 7.739412e+02
532000 4.153841e-26 -4.107601e-20 -4.107597e-20 6.017229e-03
533000 3.144244e-23 -4.050320e-20 -4.047175e-20 4.554733e+00
534000 3.265261e-23 -3.367807e-20 -3.364541e-20 4.730038e+00
535000 1.303269e-21 -4.091388e-20 -3.961061e-20 1.887908e+02
536000 1.751009e-22 -3.401684e-20 -3.384174e-20 2.536502e+01
537000 1.161549e-21 -4.018792e-20 -3.902637e-20 1.682613e+02
538000 8.697393e-22 -4.109344e-20 -4.022370e-20 1.259899e+02
539000 4.692711e-22 -3.276712e-20 -3.229785e-20 6.797834e+01
540000 1.718631e-21 -3.735975e-20 -3.564112e-20 2.489598e+02
541000 2.074107e-21 -4.109980e-20 -3.902569e-20 3.004539e+02
542000 3.569582e-24 -4.100693e-20 -4.100336e-20 5.170876e-01
543000 5.038341e-22 -3.919802e-20 -3.869419e-20 7.298511e+01
544000 5.728244e-22 -4.035342e-20 -3.978060e-20 8.297900e+01
545000 5.365644e-23 -3.833524e-20 -3.828158e-20 7.772640e+00
546000 5.672226e-21 -3.603153e-20 -3.035931e-20 8.216752e+02
547000 2.536475e-21 -4.089644e-20 -3.835996e-20 3.674322e+02
548000 3.033670e-21 -4.095441e-20 -3.792074e-20 4.394557e+02
549000 3.134254e-24 -3.961713e-20 -3.961400e-20 4.540261e-01
550000 7.611813e-21 -4.089414e-20 -3.328233e-20 1.102643e+03
551000 6.902612e-22 -4.103778e-20 -4.034752e-20 9.999083e+01
552000 6.312994e-21 -3.313828e-20 -2.682529e-20 9.144966e+02
553000 7.727809e-22 -3.566463e-20 -3.489185e-20 1.119446e+02
554000 3.443214e-22 -3.551613e-20 -3.517181e-20 4.987819e+01
555000 4.284645e-21 -4.109980e-20 -3.681516e-20 6.206711e+02
556000 3.153315e-21 -3.998767e-20 -3.683435e-20 4.567873e+02
557000 1.586690e-22 -4.096840e-20 -4.080973e-20 2.298470e+01
558000 1.441903e-23 -3.768680e-20 -3.767238e-20 2.088733e+00
559000 3.795292e-21 -3.909032e-20 -3.529502e-20 5.497838e+02
560000 1.072374e-20 -3.778884e-20 -2.706510e-20 1.553435e+03
561000 9.796108e-24 -3.818341e-20 -3.817361e-20 1.419058e+00
562000 3.142773e-22 -3.941459e-20 -3.910031e-20 4.552602e+01
563000 1.591763e-21 -4.018653e-20 -3.859477e-20 2.305818e+02
564000 7.241211e-21 -3.758321e-20 -3.034200e-20 1.048958e+03
565000 1.389988e-21 -3.403918e-20 -3.264919e-20 2.013528e+02
566000 2.578612e-23 -3.327023e-20 -3.324445e-20 3.735362e+00
567000 5.338436e-22 -4.077688e-20 -4.024304e-20 7.733227e+01
568000 3.151366e-21 -4.109722e-20 -3.794585e-20 4.565051e+02
569000 1.628933e-23 -4.080991e-20 -4.079362e-20 2.359662e+00
570000 8.297923e-21 -3.829534e-20 -2.999742e-20 1.202032e+03
571000 4.611176e-21 -4.105252e-20 -3.644135e-20 6.679722e+02
572000 2.173700e-21 -4.077982e-20 -3.860612e-20 3.148809e+02
573000 2.224205e-21 -2.965942e-20 -2.743521e-20 3.221970e+02
574000 7.121668e-22 -4.068046e-20 -3.996829e-20 1.031641e+02
575000 1.951458e-22 -3.894406e-20 -3.874892e-20 2.826871e+01
576000 1.295596e-21 -4.066380e-20 -3.936821e-20 1.876793e+02
577000 1.576965e-21 -3.730257e-20 -3.572560e-20 2.284383e+02
578000 1.367118e-21 -4.081075e-20 -3.944363e-20 1.980400e+02
579000 7.249486e-23 -4.064734e-20 -4.057485e-20 1.050156e+01
580000 2.610737e-21 -3.827047e-20 -3.565973e-20 3.781899e+02
581000 1.706701e-21 -3.906066e-20 -3.735396e-20 2.472317e+02
582000 7.791710e-23 -3.732292e-20 -3.724500e-20 1.128702e+01
583000 1.261628e-21 -3.659698e-20 -3.533535e-20 1.827587e+02
584000 1.001317e-23 -3.092945e-20 -3.091943e-20 1.450502e+00
585000 7.031110e-22 -4.106829e-20 -4.036518e-20 1.018522e+02
586000 1.136636e-21 -4.108178e-20 -3.994514e-20 1.646525e+02
587000 2.175825e-21 -3.915461e-20 -3.697879e-20 3.151887e+02
588000 9.214111e-21 -3.541228e-20 -2.619817e-20 1.334751e+03
589000 1.019516e-22 -3.867643e-20 -3.857448e-20 1.476865e+01
590000 3.012531e-22 -4.037167e-20 -4.007042e-20 4.363934e+01
591000 1.194317e-21 -4.109453e-20 -3.990021e-20 1.730081e+02
592000 9.342285e-23 -3.996807e-20 -3.987465e-20 1.353318e+01
593000 1.653021e-21 -3.779448e-20 -3.614145e-20 2.394556e+02
594000 4.116455e-21 -3.917836e-20 -3.506191e-20 5.963072e+02
595000 2.492594e-22 -4.008475e-20 -3.983549e-20 3.610757e+01
596000 2.096303e-21 -4.108951e-20 -3.899321e-20 3.036693e+02
597000 5.552459e-23 -3.828608e-20 -3.823055e-20 8.043260e+00
598000 4.025851e-22 -3.624649e-20 -3.584391e-20 5.831824e+01
599000 3.155056e-21 -4.106993e-20 -3.791487e-20 4.570396e+02
600000 2.712864e-21 -3.915918e-20 -3.644631e-20 3.929839e+02
601000 4.775700e-21 -3.544796e-20 -3.067226e-20 6.918050e+02
602000 5.131921e-22 -4.096302e-20 -4.044983e-20 7.434071e+01
603000 1.880824e-21 -4.059847e-20 -3.871764e-20 2.724551e+02
604000 3.047966e-21 -4.109883e-20 -3.805086e-20 4.415265e+02
605000 1.072519e-24 -3.631272e-20 -3.631164e-20 1.553645e-01
606000 6.603080e-22 -3.942285e-20 -3.876254e-20 9.565182e+01
607000 5.292173e-22 -4.109956e-20 -4.057035e-20 7.666210e+01
608000 4.418582e-21 -3.978559e-20 -3.536701e-20 6.400731e+02
609000 7.240631e-22 -3.840733e-20 -3.768327e-20 1.048874e+02
610000 4.102753e-21 -3.913462e-20 -3.503186e-20 5.943224e+02
611000 4.068025e-24 -3.931528e-20 -3.931121e-20 5.892917e-01
612000 7.627800e-23 -3.763800e-20 -3.756173e-20 1.104959e+01
613000 1.594123e-23 -4.047622e-20 -4.046028e-20 2.309237e+00
614000 5.611387e-24 -3.908094e-20 -3.907533e-20 8.128622e-01
615000 6.309951e-23 -3.661673e-20 -3.655363e-20 9.140558e+00
616000 2.651862e-23 -3.950680e-20 -3.948028e-20 3.841472e+00
617000 5.853306e-22 -4.102757e-20 -4.044224e-20 8.479065e+01
618000 4.265937e-22 -4.109998e-20 -4.067338e-20 6.179611e+01
619000 7.206488e-21 -4.071687e-20 -3.351038e-20 1.043928e+03
620000 9.047546e-22 -4.109880e-20 -4.019404e-20 1.310622e+02
621000 1.225512e-20 -3.280215e-20 -2.054702e-20 1.775270e+03
622000 6.692011e-24 -3.518010e-20 -3.517340e-20 9.694007e-01
623000 2.676326e-21 -3.837003e-20 -3.569370e-20 3.876910e+02
624000 8.861736e-22 -3.588021e-20 -3.499404e-20 1.283706e+02
625000 7.160333e-22 -4.015108e-20 -3.943505e-20 1.037242e+02
626000 4.362322e-22 -4.095902e-20 -4.052279e-20 6.319234e+01
627000 1.506429e-21 -4.107332e-20 -3.956689e-20 2.182204e+02
628000 2.239389e-22 -3.987585e-20 -3.965191e-20 3.243966e+01
629000 4.601599e-21 -3.895923e-20 -3.435763e-20 6.665849e+02
630000 1.444292e-22 -4.081773e-20 -4.067331e-20 2.092194e+01
631000 8.016295e-22 -3.923236e-20 -3.843073e-20 1.161236e+02
632000 5.964526e-22 -3.396981e-20 -3.337336e-20 8.640177e+01
633000 4.723452e-22 -4.089313e-20 -4.042079e-20 6.842365e+01
634000 3.909288e-22 -4.095199e-20 -4.056106e-20 5.662972e+01
635000 9.342691e-23 -3.826825e-20 -3.817482e-20 1.353377e+01
636000 1.415146e-20 -3.690395e-20 -2.275249e-20 2.049972e+03
637000 3.413848e-21 -4.000209e-20 -3.658824e-20 4.945280e+02
638000 1.833233e-22 -3.858175e-20 -3.839842e-20 2.655611e+01
639000 5.131891e-22 -4.079755e-20 -4.028436e-20 7.434027e+01
640000 2.082322e-21 -4.092862e-20 -3.884630e-20 3.016439e+02
641000 5.494619e-22 -3.510182e-20 -3.455236e-20 7.959473e+01
642000 2.366991e-21 -3.567866e-20 -3.331167e-20 3.428810e+02
643000 5.473944e-21 -4.012998e-20 -3.465603e-20 7.929523e+02
644000 2.058491e-21 -4.051681e-20 -3.845832e-20 2.981918e+02
645000 1.613699e-21 -3.970193e-20 -3.808823e-20 2.337594e+02
646000 1.594622e-21 -4.027176e-20 -3.867714e-20 2.309960e+02
647000 3.806631e-24 -4.045488e-20 -4.045108e-20 5.514264e-01
648000 1.243384e-21 -4.109391e-20 -3.985053e-20 1.801159e+02
649000 1.453549e-20 -4.106588e-20 -2.653038e-20 2.105603e+03
650000 5.257017e-22 -2.600032e-20 -2.547462e-20 7.615284e+01
651000 1.049992e-23 -4.049196e-20 -4.048146e-20 1.521012e+00
652000 8.963493e-21 -3.882732e-20 -2.986383e-20 1.298446e+03
653000 1.508100e-21 -4.104488e-20 -3.953678e-20 2.184625e+02
654000 2.150129e-21 -2.868853e-20 -2.653840e-20 3.114664e+02
655000 9.891648e-23 -4.079365e-20 -4.069473e-20 1.432898e+01
656000 1.585083e-22 -4.090569e-20 -4.074718e-20 2.296142e+01
657000 2.361560e-21 -4.035251e-20 -3.799095e-20 3.420942e+02
658000 1.375145e-22 -3.864906e-20 -3.851155e-20 1.992027e+01
659000 3.998361e-21 -3.826150e-20 -3.426314e-20 5.792002e+02
660000 3.588300e-23 -4.018722e-20 -4.015134e-20 5.197990e+00
661000 5.369137e-23 -4.018904e-20 -4.013535e-20 7.777700e+00
662000 3.813066e-24 -3.569166e-20 -3.568785e-20 5.523585e-01
663000 5.608586e-23 -4.095850e-20 -4.090242e-20 8.124564e+00
664000 5.522427e-22 -4.035309e-20 -3.980085e-20 7.999755e+01
665000 1.183109e-23 -3.983282e-20 -3.982099e-20 1.713845e+00
666000 2.038237e-21 -4.106574e-20 -3.902751e-20 2.952578e+02
667000 2.015411e-21 -4.105068e-20 -3.903527e-20 2.919513e+02
668000 9.361686e-22 -4.071818e-20 -3.978201e-20 1.356128e+02
669000 8.294871e-22 -4.104455e-20 -4.021506e-20 1.201590e+02
670000 1.289068e-21 -4.102823e-20 -3.973916e-20 1.867337e+02
671000 6.459696e-22 -4.109304e-20 -4.044707e-20 9.357478e+01
672000 1.116859e-20 -3.998682e-20 -2.881823e-20 1.617876e+03
673000 1.062225e-20 -4.103805e-20 -3.041580e-20 1.538732e+03
674000 7.097930e-22 -4.068497e-20 -3.997518e-20 1.028202e+02
675000 3.514466e-22 -3.415141e-20 -3.379997e-20 5.091035e+01
676000 1.441343e-21 -4.095672e-20 -3.951537e-20 2.087921e+02
677000 1.013386e-22 -4.080465e-20 -4.070331e-20 1.467985e+01
678000 5.693320e-21 -4.094503e-20 -3.525171e-20 8.247310e+02
679000 1.880151e-21 -4.075502e-20 -3.887487e-20 2.723576e+02
680000 4.765310e-21 -4.043982e-20 -3.567451e-20 6.903000e+02
681000 4.499382e-21 -4.069253e-20 -3.619315e-20 6.517778e+02
682000 1.370725e-21 -4.012436e-20 -3.875363e-20 1.985624e+02
683000 2.426224e-24 -4.109834e-20 -4.109591e-20 3.514613e-01
684000 1.224125e-21 -2.961486e-20 -2.839073e-20 1.773260e+02
685000 2.661634e-21 -4.109124e-20 -3.842960e-20 3.855627e+02
686000 1.934537e-21 -3.599363e-20 -3.405910e-20 2.802358e+02
687000 3.637428e-25 -3.288242e-20 -3.288206e-20 5.269156e-02
688000 4.213559e-21 -4.086388e-20 -3.665032e-20 6.103737e+02
689000 1.202011e-21 -3.766819e-20 -3.646617e-20 1.741226e+02
690000 6.205516e-21 -3.905854e-20 -3.285302e-20 8.989274e+02
691000 3.527007e-22 -3.967143e-20 -3.931872e-20 5.109201e+01
692000 3.201644e-21 -4.109650e-20 -3.789485e-20 4.637882e+02
693000 1.257380e-21 -4.100384e-20 -3.974646e-20 1.821434e+02
694000 7.594236e-23 -3.096093e-20 -3.088499e-20 1.100097e+01
695000 1.940399e-22 -4.108811e-20 -4.089407e-20 2.810851e+01
696000 5.273525e-21 -4.105882e-20 -3.578530e-20 7.639197e+02
697000 3.722161e-21 -3.938031e-20 -3.565815e-20 5.391901e+02
698000 3.626110e-22 -2.813239e-20 -2.776978e-20 5.252761e+01
699000 8.112824e-21 -3.529894e-20 -2.718611e-20 1.175219e+03
700000 1.695813e-21 -2.907122e-20 -2.737541e-20 2.456544e+02
701000 9.478593e-22 -3.949284e-20 -3.854498e-20 1.373063e+02
702000 2.801294e-22 -3.720994e-20 -3.692981e-20 4.057938e+01
703000 5.497621e-22 -4.096878e-20 -4.041902e-20 7.963821e+01
704000 6.995594e-23 -3.851992e-20 -3.844996e-20 1.013378e+01
705000 9.514733e-23 -4.065867e-20 -4.056352e-20 1.378299e+01
706000 2.955425e-22 -4.101537e-20 -4.071983e-20 4.281211e+01
707000 1.364250e-21 -4.104793e-20 -3.968368e-20 1.976244e+02
708000 1.084507e-20 -3.851920e-20 -2.767414e-20 1.571010e+03
709000 8.685830e-22 -4.100492e-20 -4.013634e-20 1.258224e+02
710000 1.790756e-23 -3.890937e-20 -3.889146e-20 2.594079e+00
711000 5.114947e-22 -3.755251e-20 -3.704102e-20 7.409483e+01
712000 1.241315e-21 -4.059777e-20 -3.935645e-20 1.798162e+02
713000 1.213912e-22 -4.101755e-20 -4.089616e-20 1.758466e+01
714000 1.870454e-21 -4.085321e-20 -3.898276e-20 2.709528e+02
715000 2.692432e-21 -4.093575e-20 -3.824332e-20 3.900242e+02
716000 3.322294e-26 -3.843003e-20 -3.843000e-20 4.812655e-03
717000 5.787816e-23 -4.071203e-20 -4.065415e-20 8.384196e+00
718000 6.065739e-23 -4.109804e-20 -4.103739e-20 8.786794e+00
719000 2.630968e-22 -3.879348e-20 -3.853038e-20 3.811205e+01
720000 1.718949e-21 -3.819903e-20 -3.648008e-20 2.490059e+02
721000 1.935902e-22 -4.027114e-20 -4.007755e-20 2.804336e+01
722000 1.933836e-22 -2.831202e-20 -2.811864e-20 2.801343e+01
723000 4.281099e-22 -3.960479e-20 -3.917668e-20 6.201575e+01
724000 1.876360e-21 -4.109690e-20 -3.922054e-20 2.718084e+02
725000 1.828641e-21 -4.032385e-20 -3.849521e-20 2.648958e+02
726000 2.621880e-21 -3.835297e-20 -3.573109e-20 3.798041e+02
727000 6.374311e-22 -4.104148e-20 -4.040405e-20 9.233789e+01
728000 3.510212e-21 -4.086021e-20 -3.735000e-20 5.084873e+02
729000 4.808924e-21 -3.932997e-20 -3.452105e-20 6.966180e+02
730000 3.728155e-22 -3.598562e-20 -3.561281e-20 5.400583e+01
731000 3.800943e-22 -3.921587e-20 -3.883577e-20 5.506024e+01
732000 4.098195e-22 -4.038700e-20 -3.997718e-20 5.936621e+01
733000 1.162143e-21 -3.317708e-20 -3.201494e-20 1.683473e+02
734000 1.191998e-22 -3.992966e-20 -3.981046e-20 1.726722e+01
735000 3.570612e-21 -3.931220e-20 -3.574159e-20 5.172367e+02
736000 2.044008e-22 -4.012345e-20 -3.991905e-20 2.960938e+01
737000 2.618832e-21 -4.065643e-20 -3.803760e-20 3.793624e+02
738000 5.097679e-21 -3.760787e-20 -3.251019e-20 7.384468e+02
739000 3.511297e-22 -4.094627e-20 -4.059514e-20 5.086445e+01
740000 2.682312e-22 -3.934761e-20 -3.907938e-20 3.885581e+01
741000 1.167441e-22 -4.109475e-20 -4.097801e-20 1.691148e+01
742000 2.792321e-21 -4.105001e-20 -3.825769e-20 4.044940e+02
743000 1.182840e-21 -4.088264e-20 -3.969980e-20 1.713455e+02
744000 9.121277e-22 -3.874572e-20 -3.783359e-20 1.321303e+02
745000 6.765968e-22 -4.063997e-20 -3.996338e-20 9.801141e+01
746000 1.788148e-21 -3.891882e-20 -3.713067e-20 2.590301e+02
747000 2.357148e-23 -4.022731e-20 -4.020374e-20 3.414550e+00
748000 2.085995e-21 -3.945614e-20 -3.737014e-20 3.021761e+02
749000 4.499017e-22 -4.026482e-20 -3.981492e-20 6.517249e+01
750000 2.282357e-21 -3.769233e-20 -3.540997e-20 3.306209e+02
751000 1.322742e-21 -4.108962e-20 -3.976688e-20 1.916116e+02
752000 7.625653e-21 -4.054113e-20 -3.291548e-20 1.104648e+03
753000 5.397352e-22 -4.068656e-20 -4.014682e-20 7.818572e+01
754000 4.195968e-22 -3.678959e-20 -3.636999e-20 6.078254e+01
755000 8.409727e-22 -4.080716e-20 -3.996619e-20 1.218228e+02
756000 5.258193e-21 -3.014162e-20 -2.488343e-20 7.616988e+02
757000 3.797073e-22 -3.490933e-20 -3.452963e-20 5.500417e+01
758000 2.105033e-21 -4.084412e-20 -3.873909e-20 3.049338e+02
759000 5.838908e-22 -4.106907e-20 -4.048518e-20 8.458208e+01
760000 7.373072e-22 -4.028962e-20 -3.955231e-20 1.068059e+02
761000 1.218228e-20 -3.992758e-20 -2.774530e-20 1.764718e+03
762000 9.523872e-22 -4.043584e-20 -3.948345e-20 1.379623e+02
763000 1.356916e-23 -4.070682e-20 -4.069325e-20 1.965620e+00
764000 2.222353e-21 -4.105878e-20 -3.883643e-20 3.219287e+02
765000 8.648750e-23 -4.100776e-20 -4.092127e-20 1.252853e+01
766000 7.047439e-22 -4.101497e-20 -4.031023e-20 1.020888e+02
767000 1.009389e-20 -3.317734e-20 -2.308345e-20 1.462195e+03
768000 9.338637e-21 -3.746438e-20 -2.812574e-20 1.352789e+03
769000 5.411461e-21 -3.839912e-20 -3.298766e-20 7.839011e+02
770000 5.780220e-21 -4.108700e-20 -3.530678e-20 8.373193e+02
771000 1.089818e-22 -3.922602e-20 -3.911704e-20 1.578703e+01
772000 1.837159e-21 -3.845525e-20 -3.661809e-20 2.661298e+02
773000 8.325159e-22 -3.895601e-20 -3.812350e-20 1.205978e+02
774000 5.343082e-21 -3.941650e-20 -3.407342e-20 7.739957e+02
775000 1.919250e-21 -3.538875e-20 -3.346950e-20 2.780215e+02
776000 2.570514e-23 -3.873443e-20 -3.870872e-20 3.723631e+00
777000 4.843245e-21 -4.036827e-20 -3.552502e-20 7.015895e+02
778000 9.081629e-23 -2.962942e-20 -2.953860e-20 1.315559e+01
779000 2.187756e-21 -4.105912e-20 -3.887137e-20 3.169170e+02
780000 1.235320e-21 -3.868817e-20 -3.745285e-20 1.789477e+02
781000 2.242031e-21 -4.097423e-20 -3.873220e-20 3.247793e+02
782000 5.803885e-21 -3.664261e-20 -3.083873e-20 8.407473e+02
783000 1.665840e-21 -4.108963e-20 -3.942379e-20 2.413126e+02
784000 2.222514e-22 -4.051143e-20 -4.028918e-20 3.219521e+01
785000 1.770294e-22 -4.044574e-20 -4.026871e-20 2.564438e+01
786000 4.352886e-22 -4.092446e-20 -4.048917e-20 6.305565e+01
787000 2.327677e-21 -3.829633e-20 -3.596866e-20 3.371860e+02
788000 1.129614e-23 -4.096449e-20 -4.095319e-20 1.636352e+00
789000 3.778272e-22 -3.360526e-20 -3.322744e-20 5.473183e+01
790000 3.799613e-21 -3.946238e-20 -3.566277e-20 5.504097e+02
791000 2.565947e-22 -3.210418e-20 -3.184758e-20 3.717016e+01
792000 1.885121e-21 -4.109401e-20 -3.920889e-20 2.730775e+02
793000 3.087405e-21 -3.343353e-20 -3.034613e-20 4.472396e+02
794000 2.480695e-22 -4.087095e-20 -4.062288e-20 3.593520e+01
795000 5.685213e-22 -4.094641e-20 -4.037789e-20 8.235567e+01
796000 3.281071e-23 -3.913495e-20 -3.910214e-20 4.752940e+00
797000 3.234106e-22 -4.106066e-20 -4.073725e-20 4.684906e+01
798000 1.728263e-21 -3.825150e-20 -3.652324e-20 2.503552e+02
799000 5.612489e-22 -3.977926e-20 -3.921801e-20 8.130219e+01
800000 3.156020e-21 -4.023218e-20 -3.707616e-20 4.571791e+02
801000 6.244322e-24 -3.635354e-20 -3.634729e-20 9.045489e-01
802000 4.820960e-22 -4.091473e-20 -4.043263e-20 6.983614e+01
803000 4.088151e-23 -4.079116e-20 -4.075028e-20 5.922072e+00
804000 4.262719e-23 -3.860458e-20 -3.856195e-20 6.174950e+00
805000 1.886867e-22 -4.077921e-20 -4.059052e-20 2.733304e+01
806000 1.345970e-22 -4.109355e-20 -4.095895e-20 1.949764e+01
807000 3.101938e-22 -3.245000e-20 -3.213980e-20 4.493448e+01
808000 9.081137e-22 -4.009000e-20 -3.918189e-20 1.315488e+02
809000 3.295325e-23 -4.108832e-20 -4.105537e-20 4.773588e+00
810000 1.437501e-22 -4.061630e-20 -4.047255e-20 2.082356e+01
811000 3.359961e-22 -3.365934e-20 -3.332335e-20 4.867219e+01
812000 2.942499e-21 -4.088273e-20 -3.794024e-20 4.262486e+02
813000 2.349991e-21 -4.084682e-20 -3.849683e-20 3.404183e+02
814000 2.167978e-22 -3.439688e-20 -3.418008e-20 3.140520e+01
815000 1.569614e-21 -4.083463e-20 -3.926502e-20 2.273734e+02
816000 2.096112e-21 -3.882288e-20 -3.672677e-20 3.036415e+02
817000 4.049690e-21 -3.964019e-20 -3.559050e-20 5.866357e+02
818000 1.175816e-22 -4.012622e-20 -4.000864e-20 1.703281e+01
819000 1.252842e-23 -4.104495e-20 -4.103242e-20 1.814859e+00
820000 2.711430e-21 -3.573182e-20 -3.302039e-20 3.927762e+02
821000 2.523943e-21 -4.104361e-20 -3.851967e-20 3.656168e+02
822000 5.873963e-22 -4.092094e-20 -4.033355e-20 8.508988e+01
823000 2.995164e-21 -4.097379e-20 -3.797862e-20 4.338776e+02
824000 9.040949e-22 -3.981930e-20 -3.891521e-20 1.309667e+02
825000 1.913637e-24 -3.458508e-20 -3.458317e-20 2.772083e-01
826000 3.268423e-22 -4.008317e-20 -3.975633e-20 4.734618e+01
827000 1.238434e-21 -3.219418e-20 -3.095575e-20 1.793988e+02
828000 7.074708e-22 -4.095614e-20 -4.024867e-20 1.024838e+02
829000 4.610353e-23 -4.088923e-20 -4.084313e-20 6.678530e+00
830000 1.081257e-22 -3.676653e-20 -3.665840e-20 1.566303e+01
831000 2.953270e-21 -2.901825e-20 -2.606498e-20 4.278089e+02
832000 2.722594e-24 -4.080900e-20 -4.080627e-20 3.943934e-01
833000 1.923308e-21 -4.086264e-20 -3.893933e-20 2.786093e+02
834000 3.062101e-22 -4.087918e-20 -4.057297e-20 4.435742e+01
835000 5.004148e-22 -3.713628e-20 -3.663587e-20 7.248979e+01
836000 2.445637e-21 -3.881714e-20 -3.637150e-20 3.542735e+02
837000 3.020749e-21 -4.096877e-20 -3.794802e-20 4.375839e+02
838000 5.225612e-24 -3.472681e-20 -3.472158e-20 7.569791e-01
839000 1.444323e-23 -4.086631e-20 -4.085187e-20 2.092238e+00
840000 1.221017e-22 -4.033770e-20 -4.021560e-20 1.768759e+01
841000 2.501915e-21 -4.103839e-20 -3.853648e-20 3.624259e+02
842000 2.882011e-25 -4.078738e-20 -4.078710e-20 4.174864e-02
843000 6.431787e-23 -4.084986e-20 -4.078554e-20 9.317049e+00
844000 1.263124e-25 -4.030123e-20 -4.030110e-20 1.829754e-02
845000 1.377647e-22 -4.058076e-20 -4.044299e-20 1.995652e+01
846000 1.496896e-22 -4.079769e-20 -4.064800e-20 2.168394e+01
847000 4.506663e-21 -4.021232e-20 -3.570566e-20 6.528326e+02
848000 2.143108e-21 -3.769455e-20 -3.555144e-20 3.104494e+02
849000 7.316862e-22 -3.988934e-20 -3.915765e-20 1.059916e+02
850000 4.951427e-22 -3.545053e-20 -3.495539e-20 7.172608e+01
851000 2.153721e-22 -4.069352e-20 -4.047815e-20 3.119868e+01
852000 8.672791e-23 -4.069341e-20 -4.060668e-20 1.256335e+01
853000 4.579277e-22 -4.009791e-20 -3.963998e-20 6.633514e+01
854000 2.735250e-21 -3.522775e-20 -3.249250e-20 3.962267e+02
855000 7.021246e-22 -3.391224e-20 -3.321012e-20 1.017094e+02
856000 1.700893e-21 -4.048674e-20 -3.878585e-20 2.463904e+02
857000 6.507434e-22 -3.855577e-20 -3.790503e-20 9.426631e+01
858000 3.087449e-21 -3.727426e-20 -3.418681e-20 4.472461e+02
859000 2.325937e-21 -3.996677e-20 -3.764083e-20 3.369339e+02
860000 3.159427e-22 -4.030665e-20 -3.999071e-20 4.576727e+01
861000 1.213321e-21 -4.069512e-20 -3.948180e-20 1.757609e+02
862000 1.322531e-21 -3.719644e-20 -3.587391e-20 1.915811e+02
863000 3.006534e-23 -3.800357e-20 -3.797350e-20 4.355247e+00
864000 4.109213e-22 -4.037705e-20 -3.996613e-20 5.952582e+01
865000 2.169322e-21 -4.106747e-20 -3.889814e-20 3.142466e+02
866000 8.377019e-23 -3.601130e-20 -3.592753e-20 1.213490e+01
867000 2.725207e-22 -3.879785e-20 -3.852533e-20 3.947718e+01
868000 9.677314e-21 -4.109797e-20 -3.142065e-20 1.401850e+03
869000 7.249306e-21 -4.099844e-20 -3.374914e-20 1.050130e+03
870000 2.897588e-22 -3.930556e-20 -3.901580e-20 4.197429e+01
871000 2.545970e-22 -4.037020e-20 -4.011560e-20 3.688078e+01
872000 7.814826e-21 -4.026808e-20 -3.245325e-20 1.132051e+03
873000 2.267929e-20 -3.904829e-20 -1.636900e-20 3.285309e+03
874000 9.829799e-23 -3.960992e-20 -3.951162e-20 1.423939e+01
875000 3.688709e-22 -4.039116e-20 -4.002229e-20 5.343442e+01
876000 7.804166e-22 -3.894807e-20 -3.816765e-20 1.130507e+02
877000 5.482784e-21 -3.901441e-20 -3.353162e-20 7.942329e+02
878000 1.276883e-20 -3.829071e-20 -2.552188e-20 1.849686e+03
879000 5.287482e-21 -3.614466e-20 -3.085718e-20 7.659415e+02
