step K U E temp
0 7.471003e-22 -3.494797e-20 -3.420087e-20 1.082245e+02
1000 2.590606e-22 -4.091317e-20 -4.065411e-20 3.752737e+01
2000 7.920384e-22 -4.108980e-20 -4.029776e-20 1.147342e+02
3000 1.272378e-20 -3.817844e-20 -2.545466e-20 1.843159e+03
4000 1.399762e-21 -4.107502e-20 -3.967526e-20 2.027686e+02
5000 1.445062e-22 -3.716160e-20 -3.701709e-20 2.093308e+01
6000 5.837928e-23 -4.066154e-20 -4.060316e-20 8.456788e+00
7000 4.479770e-22 -4.081956e-20 -4.037159e-20 6.489368e+01
8000 2.541846e-21 -3.950939e-20 -3.696755e-20 3.682103e+02
9000 5.975281e-22 -3.898114e-20 -3.838361e-20 8.655756e+01
10000 3.651948e-21 -3.283291e-20 -2.918096e-20 5.290190e+02
11000 7.698916e-21 -3.638260e-20 -2.868369e-20 1.115260e+03
12000 1.707677e-21 -3.712155e-20 -3.541387e-20 2.473731e+02
13000 9.451252e-22 -4.010632e-20 -3.916120e-20 1.369103e+02
14000 4.815192e-21 -4.086511e-20 -3.604992e-20 6.975259e+02
15000 1.064906e-21 -4.073411e-20 -3.966921e-20 1.542617e+02
16000 8.167658e-22 -4.055409e-20 -3.973733e-20 1.183162e+02
17000 5.430644e-21 -4.084258e-20 -3.541194e-20 7.866799e+02
18000 5.296652e-21 -3.612185e-20 -3.082520e-20 7.672699e+02
19000 2.927675e-21 -3.978963e-20 -3.686195e-20 4.241013e+02
20000 3.261755e-22 -2.852856e-20 -2.820238e-20 4.724959e+01
21000 4.170822e-22 -3.980847e-20 -3.939138e-20 6.041828e+01
22000 2.290391e-21 -4.036192e-20 -3.807153e-20 3.317846e+02
23000 1.841483e-23 -3.826942e-20 -3.825101e-20 2.667561e+00
24000 5.269441e-22 -4.097003e-20 -4.044309e-20 7.633281e+01
25000 8.791474e-23 -4.057453e-20 -4.048662e-20 1.273528e+01
26000 1.041024e-20 -4.102845e-20 -3.061821e-20 1.508022e+03
27000 1.634012e-21 -3.831700e-20 -3.668299e-20 2.367020e+02
28000 5.171077e-22 -3.265263e-20 -3.213552e-20 7.490792e+01
29000 2.684176e-21 -4.096532e-20 -3.828114e-20 3.888282e+02
30000 2.122802e-23 -3.829567e-20 -3.827445e-20 3.075078e+00
31000 6.102976e-21 -4.000818e-20 -3.390521e-20 8.840735e+02
32000 2.664212e-21 -3.993876e-20 -3.727455e-20 3.859361e+02
33000 4.925735e-22 -3.970696e-20 -3.921439e-20 7.135390e+01
34000 1.383182e-22 -3.927987e-20 -3.914155e-20 2.003670e+01
35000 3.012095e-22 -4.074424e-20 -4.044303e-20 4.363303e+01
36000 1.645541e-23 -4.045826e-20 -4.044181e-20 2.383721e+00
37000 2.245507e-24 -4.001714e-20 -4.001490e-20 3.252829e-01
38000 7.889223e-21 -3.791041e-20 -3.002119e-20 1.142828e+03
39000 1.956270e-21 -4.074719e-20 -3.879092e-20 2.833841e+02
40000 6.482959e-21 -4.109215e-20 -3.460919e-20 9.391175e+02
41000 7.729137e-22 -4.070612e-20 -3.993320e-20 1.119638e+02
42000 1.375238e-21 -4.078597e-20 -3.941073e-20 1.992161e+02
43000 6.918313e-22 -4.087479e-20 -4.018296e-20 1.002183e+02
44000 1.262132e-22 -4.107384e-20 -4.094762e-20 1.828317e+01
45000 1.353728e-21 -3.773638e-20 -3.638265e-20 1.961002e+02
46000 9.956740e-23 -4.062890e-20 -4.052934e-20 1.442327e+01
47000 8.607449e-21 -4.087016e-20 -3.226271e-20 1.246870e+03
48000 3.130611e-22 -4.014846e-20 -3.983540e-20 4.534985e+01
49000 3.184743e-22 -4.068205e-20 -4.036357e-20 4.613400e+01
50000 1.298755e-21 -3.711669e-20 -3.581793e-20 1.881368e+02
51000 1.147334e-21 -4.027233e-20 -3.912499e-20 1.662021e+02
52000 1.884937e-21 -3.880327e-20 -3.691833e-20 2.730508e+02
53000 4.552744e-24 -4.082400e-20 -4.081944e-20 6.595077e-01
54000 6.575718e-22 -4.109126e-20 -4.043369e-20 9.525546e+01
55000 4.875036e-22 -3.528592e-20 -3.479841e-20 7.061949e+01
56000 1.884521e-21 -4.020714e-20 -3.832262e-20 2.729905e+02
57000 7.960347e-21 -4.056947e-20 -3.260913e-20 1.153131e+03
58000 1.757795e-21 -3.518485e-20 -3.342706e-20 2.546332e+02
59000 5.059090e-23 -3.981129e-20 -3.976070e-20 7.328568e+00
60000 1.054730e-20 -3.592170e-20 -2.537441e-20 1.527875e+03
61000 2.207573e-21 -3.970250e-20 -3.749493e-20 3.197878e+02
62000 1.092682e-21 -4.094776e-20 -3.985508e-20 1.582852e+02
63000 6.886118e-21 -4.089351e-20 -3.400740e-20 9.975190e+02
64000 2.228091e-22 -4.014273e-20 -3.991992e-20 3.227600e+01
65000 4.699207e-21 -4.106297e-20 -3.636376e-20 6.807244e+02
66000 1.937672e-22 -4.091319e-20 -4.071943e-20 2.806900e+01
67000 2.030070e-21 -3.895539e-20 -3.692532e-20 2.940748e+02
68000 2.282360e-21 -3.272072e-20 -3.043836e-20 3.306214e+02
69000 4.064148e-22 -3.779485e-20 -3.738843e-20 5.887302e+01
70000 1.515658e-21 -4.093533e-20 -3.941967e-20 2.195573e+02
71000 4.590620e-21 -4.009735e-20 -3.550673e-20 6.649945e+02
72000 2.827971e-21 -3.740831e-20 -3.458034e-20 4.096582e+02
73000 8.464618e-22 -3.997418e-20 -3.912772e-20 1.226180e+02
74000 3.353156e-21 -3.884043e-20 -3.548728e-20 4.857362e+02
75000 1.693919e-23 -4.077220e-20 -4.075526e-20 2.453802e+00
76000 1.263251e-22 -4.093160e-20 -4.080527e-20 1.829937e+01
77000 2.712975e-23 -4.033503e-20 -4.030790e-20 3.930000e+00
78000 3.680016e-21 -4.096565e-20 -3.728563e-20 5.330849e+02
79000 1.107090e-21 -3.571598e-20 -3.460889e-20 1.603724e+02
80000 6.843211e-24 -4.107939e-20 -4.107255e-20 9.913036e-01
81000 1.592589e-21 -3.947913e-20 -3.788654e-20 2.307015e+02
82000 4.707073e-21 -3.942328e-20 -3.471621e-20 6.818638e+02
83000 1.699706e-21 -4.063084e-20 -3.893114e-20 2.462184e+02
84000 3.527453e-23 -4.029777e-20 -4.026249e-20 5.109848e+00
85000 6.086162e-22 -3.464938e-20 -3.404076e-20 8.816379e+01
86000 1.763261e-21 -4.106068e-20 -3.929741e-20 2.554250e+02
87000 1.655324e-21 -4.109865e-20 -3.944333e-20 2.397892e+02
88000 7.362144e-22 -4.014626e-20 -3.941005e-20 1.066476e+02
89000 1.853740e-22 -4.038163e-20 -4.019626e-20 2.685317e+01
90000 4.536279e-21 -4.086463e-20 -3.632835e-20 6.571227e+02
91000 1.076032e-22 -4.108943e-20 -4.098182e-20 1.558734e+01
92000 3.001934e-22 -4.108489e-20 -4.078470e-20 4.348584e+01
93000 3.235501e-22 -3.537056e-20 -3.504701e-20 4.686928e+01
94000 1.265036e-25 -4.017820e-20 -4.017807e-20 1.832523e-02
95000 3.595986e-21 -4.049284e-20 -3.689686e-20 5.209124e+02
96000 3.299804e-25 -3.893519e-20 -3.893486e-20 4.780077e-02
97000 8.630181e-22 -4.062166e-20 -3.975864e-20 1.250163e+02
98000 3.565710e-22 -4.099042e-20 -4.063385e-20 5.165266e+01
99000 1.734422e-20 -4.080845e-20 -2.346423e-20 2.512474e+03
100000 7.224639e-23 -4.106563e-20 -4.099338e-20 1.046557e+01
101000 1.055670e-21 -3.859758e-20 -3.754191e-20 1.529238e+02
102000 4.383536e-21 -4.080258e-20 -3.641904e-20 6.349965e+02
103000 7.685253e-21 -3.894120e-20 -3.125594e-20 1.113281e+03
104000 4.368655e-23 -3.527621e-20 -3.523253e-20 6.328408e+00
105000 1.037984e-21 -4.077126e-20 -3.973328e-20 1.503617e+02
106000 6.821610e-22 -4.109497e-20 -4.041281e-20 9.881745e+01
107000 2.504412e-21 -4.065625e-20 -3.815184e-20 3.627876e+02
108000 1.202283e-21 -3.960576e-20 -3.840348e-20 1.741620e+02
109000 1.548358e-22 -4.108643e-20 -4.093160e-20 2.242942e+01
110000 1.008351e-21 -4.109947e-20 -4.009112e-20 1.460691e+02
111000 7.437111e-21 -3.988212e-20 -3.244501e-20 1.077336e+03
112000 2.293775e-22 -4.101688e-20 -4.078750e-20 3.322749e+01
113000 5.736320e-23 -4.108814e-20 -4.103077e-20 8.309600e+00
114000 1.066278e-21 -4.037457e-20 -3.930829e-20 1.544604e+02
115000 6.569702e-21 -4.030324e-20 -3.373353e-20 9.516832e+02
116000 1.972473e-21 -4.051766e-20 -3.854519e-20 2.857313e+02
117000 3.363502e-22 -4.103620e-20 -4.069985e-20 4.872350e+01
118000 1.249282e-21 -3.984696e-20 -3.859768e-20 1.809702e+02
119000 2.444571e-21 -3.642686e-20 -3.398229e-20 3.541191e+02
120000 4.124943e-21 -4.025225e-20 -3.612731e-20 5.975368e+02
121000 1.640523e-21 -3.813891e-20 -3.649839e-20 2.376452e+02
122000 2.228758e-23 -4.106238e-20 -4.104009e-20 3.228565e+00
123000 6.372507e-22 -4.094591e-20 -4.030866e-20 9.231176e+01
124000 1.481165e-22 -4.069897e-20 -4.055086e-20 2.145607e+01
125000 2.128584e-21 -3.445569e-20 -3.232711e-20 3.083454e+02
126000 2.252469e-21 -3.776985e-20 -3.551738e-20 3.262914e+02
127000 2.056401e-21 -3.780697e-20 -3.575057e-20 2.978890e+02
128000 1.792226e-21 -4.109878e-20 -3.930656e-20 2.596207e+02
129000 1.142694e-21 -3.550833e-20 -3.436564e-20 1.655300e+02
130000 4.936480e-22 -3.837388e-20 -3.788023e-20 7.150956e+01
131000 1.675227e-21 -3.644135e-20 -3.476613e-20 2.426724e+02
132000 1.913876e-22 -4.055252e-20 -4.036113e-20 2.772430e+01
133000 3.637311e-21 -3.917064e-20 -3.553333e-20 5.268988e+02
134000 3.905302e-24 -3.880531e-20 -3.880141e-20 5.657197e-01
135000 9.634100e-23 -3.778867e-20 -3.769233e-20 1.395590e+01
136000 1.326711e-21 -3.665246e-20 -3.532575e-20 1.921866e+02
137000 2.402540e-22 -4.038215e-20 -4.014189e-20 3.480305e+01
138000 8.241005e-23 -3.208455e-20 -3.200214e-20 1.193787e+01
139000 8.432580e-21 -3.540609e-20 -2.697351e-20 1.221539e+03
140000 5.921304e-22 -4.052982e-20 -3.993769e-20 8.577566e+01
141000 2.588675e-21 -3.488476e-20 -3.229608e-20 3.749939e+02
142000 1.901748e-21 -4.109882e-20 -3.919707e-20 2.754861e+02
143000 1.150946e-21 -4.060774e-20 -3.945680e-20 1.667254e+02
144000 2.741380e-21 -4.107381e-20 -3.833243e-20 3.971147e+02
145000 9.869342e-21 -3.930015e-20 -2.943080e-20 1.429667e+03
146000 9.940685e-21 -4.076835e-20 -3.082766e-20 1.440002e+03
147000 8.616371e-22 -3.832868e-20 -3.746704e-20 1.248162e+02
148000 1.971827e-22 -4.106306e-20 -4.086588e-20 2.856378e+01
149000 5.107115e-24 -3.892785e-20 -3.892274e-20 7.398137e-01
150000 2.617877e-21 -3.986596e-20 -3.724808e-20 3.792241e+02
151000 9.616198e-22 -4.075814e-20 -3.979652e-20 1.392997e+02
152000 1.009873e-20 -3.711953e-20 -2.702080e-20 1.462896e+03
153000 6.818462e-23 -4.109980e-20 -4.103162e-20 9.877184e+00
154000 4.689578e-21 -3.994221e-20 -3.525263e-20 6.793295e+02
155000 6.180204e-23 -3.525836e-20 -3.519656e-20 8.952607e+00
156000 1.584247e-21 -3.945343e-20 -3.786918e-20 2.294931e+02
157000 1.398895e-21 -4.024415e-20 -3.884525e-20 2.026431e+02
158000 1.285301e-21 -4.083853e-20 -3.955323e-20 1.861879e+02
159000 6.587407e-21 -3.421104e-20 -2.762364e-20 9.542479e+02
160000 3.290121e-22 -4.032978e-20 -4.000077e-20 4.766050e+01
161000 2.219916e-21 -3.681908e-20 -3.459917e-20 3.215757e+02
162000 2.023609e-21 -4.079528e-20 -3.877167e-20 2.931387e+02
163000 1.104967e-21 -4.087868e-20 -3.977372e-20 1.600648e+02
164000 4.358417e-21 -3.958751e-20 -3.522909e-20 6.313578e+02
165000 1.522484e-20 -4.038570e-20 -2.516086e-20 2.205461e+03
166000 3.885478e-22 -3.898422e-20 -3.859567e-20 5.628480e+01
167000 8.578693e-25 -4.086371e-20 -4.086285e-20 1.242704e-01
168000 1.580382e-21 -3.905405e-20 -3.747367e-20 2.289332e+02
169000 2.230361e-21 -4.065491e-20 -3.842455e-20 3.230888e+02
170000 3.702721e-21 -3.963978e-20 -3.593706e-20 5.363739e+02
171000 7.999968e-22 -3.583385e-20 -3.503385e-20 1.158871e+02
172000 7.173166e-22 -3.987150e-20 -3.915419e-20 1.039101e+02
173000 1.521026e-21 -4.071510e-20 -3.919408e-20 2.203350e+02
174000 4.803536e-24 -4.065371e-20 -4.064890e-20 6.958374e-01
175000 1.273793e-23 -4.025819e-20 -4.024546e-20 1.845210e+00
176000 1.732342e-21 -3.399311e-20 -3.226077e-20 2.509461e+02
177000 1.275691e-21 -4.078349e-20 -3.950780e-20 1.847959e+02
178000 1.192194e-21 -3.863800e-20 -3.744580e-20 1.727005e+02
179000 3.285745e-23 -4.106052e-20 -4.102766e-20 4.759710e+00
180000 4.413058e-21 -4.106203e-20 -3.664898e-20 6.392730e+02
181000 9.440966e-22 -3.680049e-20 -3.585640e-20 1.367613e+02
182000 7.534041e-22 -4.091545e-20 -4.016205e-20 1.091377e+02
183000 4.364783e-24 -4.090736e-20 -4.090299e-20 6.322799e-01
184000 1.481196e-21 -4.106513e-20 -3.958393e-20 2.145652e+02
185000 1.031954e-22 -3.737307e-20 -3.726987e-20 1.494883e+01
186000 2.231782e-23 -3.699077e-20 -3.696845e-20 3.232947e+00
187000 4.590961e-21 -4.109609e-20 -3.650513e-20 6.650440e+02
188000 6.057210e-22 -4.095626e-20 -4.035054e-20 8.774439e+01
189000 3.259995e-21 -3.978959e-20 -3.652959e-20 4.722409e+02
190000 4.116838e-21 -3.960390e-20 -3.548706e-20 5.963627e+02
191000 1.203140e-21 -4.050413e-20 -3.930099e-20 1.742862e+02
192000 4.494674e-22 -3.925507e-20 -3.880561e-20 6.510959e+01
193000 2.908171e-21 -3.863523e-20 -3.572705e-20 4.212760e+02
194000 6.510093e-22 -4.073758e-20 -4.008657e-20 9.430482e+01
195000 1.654573e-22 -3.937045e-20 -3.920499e-20 2.396804e+01
196000 5.439173e-21 -3.979190e-20 -3.435272e-20 7.879154e+02
197000 1.390124e-23 -3.599008e-20 -3.597618e-20 2.013726e+00
198000 2.445793e-23 -3.924302e-20 -3.921856e-20 3.542961e+00
199000 2.404805e-21 -3.960021e-20 -3.719541e-20 3.483586e+02
200000 8.288105e-22 -4.101751e-20 -4.018870e-20 1.200610e+02
201000 8.106899e-22 -3.898704e-20 -3.817635e-20 1.174361e+02
202000 7.087971e-22 -4.098378e-20 -4.027499e-20 1.026759e+02
203000 1.047254e-21 -4.108658e-20 -4.003933e-20 1.517046e+02
204000 9.414335e-21 -3.968582e-20 -3.027148e-20 1.363755e+03
205000 2.406537e-22 -3.909363e-20 -3.885298e-20 3.486096e+01
206000 2.061297e-21 -3.911013e-20 -3.704883e-20 2.985983e+02
207000 2.157708e-21 -3.588950e-20 -3.373180e-20 3.125642e+02
208000 7.262166e-24 -3.951552e-20 -3.950825e-20 1.051993e+00
209000 3.677386e-22 -3.578830e-20 -3.542056e-20 5.327039e+01
210000 2.264178e-22 -4.097878e-20 -4.075236e-20 3.279875e+01
211000 4.099600e-21 -3.591643e-20 -3.181683e-20 5.938656e+02
212000 2.306322e-22 -4.074960e-20 -4.051896e-20 3.340924e+01
213000 3.886713e-22 -4.000283e-20 -3.961416e-20 5.630269e+01
214000 8.371742e-21 -3.756481e-20 -2.919306e-20 1.212726e+03
215000 7.933260e-22 -4.036371e-20 -3.957039e-20 1.149207e+02
216000 1.331223e-20 -4.102305e-20 -2.771082e-20 1.928402e+03
217000 1.127896e-22 -4.052556e-20 -4.041277e-20 1.633864e+01
218000 2.705816e-22 -4.108552e-20 -4.081494e-20 3.919629e+01
219000 9.214092e-23 -3.876993e-20 -3.867779e-20 1.334748e+01
220000 9.181358e-22 -1.721592e-20 -1.629779e-20 1.330006e+02
221000 6.869181e-23 -4.019214e-20 -4.012345e-20 9.950654e+00
222000 4.511868e-22 -3.984521e-20 -3.939403e-20 6.535866e+01
223000 2.221351e-21 -3.995214e-20 -3.773079e-20 3.217836e+02
224000 3.078411e-22 -4.068869e-20 -4.038085e-20 4.459369e+01
225000 4.618341e-22 -3.814798e-20 -3.768614e-20 6.690102e+01
226000 9.714747e-23 -4.109581e-20 -4.099866e-20 1.407273e+01
227000 5.994870e-23 -3.665517e-20 -3.659522e-20 8.684133e+00
228000 7.061118e-23 -3.971446e-20 -3.964385e-20 1.022869e+01
229000 4.090272e-21 -4.109935e-20 -3.700908e-20 5.925144e+02
230000 1.133790e-20 -3.986297e-20 -2.852507e-20 1.642402e+03
231000 5.250045e-22 -3.837598e-20 -3.785097e-20 7.605185e+01
232000 1.281675e-21 -3.814052e-20 -3.685884e-20 1.856626e+02
233000 2.753263e-21 -4.059042e-20 -3.783716e-20 3.988361e+02
234000 1.853114e-22 -3.965929e-20 -3.947398e-20 2.684410e+01
235000 8.912424e-22 -3.590308e-20 -3.501184e-20 1.291049e+02
236000 2.012476e-21 -3.684889e-20 -3.483642e-20 2.915260e+02
237000 1.856280e-21 -4.106640e-20 -3.921012e-20 2.688996e+02
238000 2.336941e-24 -3.621547e-20 -3.621313e-20 3.385278e-01
239000 1.578248e-21 -3.854559e-20 -3.696734e-20 2.286241e+02
240000 7.456255e-21 -4.087717e-20 -3.342092e-20 1.080109e+03
241000 9.863464e-22 -4.067260e-20 -3.968625e-20 1.428816e+02
242000 4.257505e-21 -3.871553e-20 -3.445802e-20 6.167397e+02
243000 2.465691e-22 -3.322982e-20 -3.298325e-20 3.571785e+01
244000 2.523667e-22 -4.098027e-20 -4.072791e-20 3.655769e+01
245000 7.753274e-22 -4.109280e-20 -4.031747e-20 1.123135e+02
246000 1.241348e-20 -4.108679e-20 -2.867331e-20 1.798210e+03
247000 1.925360e-23 -3.971457e-20 -3.969531e-20 2.789065e+00
248000 2.428198e-21 -3.473654e-20 -3.230834e-20 3.517473e+02
249000 3.131008e-22 -4.089197e-20 -4.057887e-20 4.535560e+01
250000 9.668258e-23 -4.024477e-20 -4.014809e-20 1.400538e+01
251000 1.565535e-22 -3.974938e-20 -3.959283e-20 2.267824e+01
252000 6.715240e-22 -4.098021e-20 -4.030869e-20 9.727658e+01
253000 2.012696e-22 -4.026484e-20 -4.006357e-20 2.915580e+01
254000 6.396205e-22 -4.096166e-20 -4.032204e-20 9.265505e+01
255000 2.264724e-25 -4.093085e-20 -4.093063e-20 3.280666e-02
256000 2.373870e-21 -4.094626e-20 -3.857239e-20 3.438775e+02
257000 1.299765e-21 -3.987637e-20 -3.857660e-20 1.882831e+02
258000 6.278520e-22 -3.464333e-20 -3.401548e-20 9.095027e+01
259000 1.886494e-21 -3.973238e-20 -3.784588e-20 2.732764e+02
260000 8.720863e-22 -4.102917e-20 -4.015709e-20 1.263299e+02
261000 5.080654e-21 -3.891126e-20 -3.383061e-20 7.359806e+02
262000 4.669767e-21 -3.896238e-20 -3.429261e-20 6.764596e+02
263000 2.860942e-22 -3.481822e-20 -3.453212e-20 4.144343e+01
264000 6.122819e-23 -3.217314e-20 -3.211191e-20 8.869480e+00
265000 1.699259e-22 -3.260070e-20 -3.243078e-20 2.461536e+01
266000 6.480590e-21 -4.106640e-20 -3.458581e-20 9.387745e+02
267000 6.450558e-22 -4.044561e-20 -3.980056e-20 9.344240e+01
268000 3.255979e-21 -4.098966e-20 -3.773368e-20 4.716591e+02
269000 2.455574e-22 -3.139548e-20 -3.114992e-20 3.557131e+01
270000 2.092324e-22 -4.105344e-20 -4.084421e-20 3.030928e+01
271000 6.299675e-22 -3.819763e-20 -3.756767e-20 9.125672e+01
272000 1.036734e-22 -4.105819e-20 -4.095452e-20 1.501807e+01
273000 5.608778e-22 -4.014576e-20 -3.958489e-20 8.124843e+01
274000 3.586536e-21 -4.080954e-20 -3.722301e-20 5.195435e+02
275000 1.207424e-21 -4.096472e-20 -3.975729e-20 1.749068e+02
276000 1.978117e-23 -4.109118e-20 -4.107139e-20 2.865489e+00
277000 2.478333e-21 -4.087973e-20 -3.840139e-20 3.590099e+02
278000 8.636056e-22 -4.105841e-20 -4.019481e-20 1.251014e+02
279000 4.610776e-22 -3.938678e-20 -3.892571e-20 6.679143e+01
280000 2.045998e-23 -3.978817e-20 -3.976771e-20 2.963820e+00
281000 4.367076e-21 -4.104978e-20 -3.668270e-20 6.326121e+02
282000 4.722264e-23 -3.928721e-20 -3.923999e-20 6.840644e+00
283000 2.936271e-22 -3.996908e-20 -3.967546e-20 4.253465e+01
284000 4.217077e-23 -3.772801e-20 -3.768584e-20 6.108833e+00
285000 6.582041e-21 -4.088009e-20 -3.429805e-20 9.534705e+02
286000 6.082639e-22 -4.102557e-20 -4.041731e-20 8.811276e+01
287000 1.543049e-21 -3.717927e-20 -3.563622e-20 2.235252e+02
288000 2.083880e-21 -3.799540e-20 -3.591152e-20 3.018697e+02
289000 3.294245e-21 -4.082964e-20 -3.753540e-20 4.772024e+02
290000 8.482889e-21 -4.089533e-20 -3.241244e-20 1.228826e+03
291000 1.610664e-21 -4.061940e-20 -3.900873e-20 2.333198e+02
292000 3.116593e-21 -4.109869e-20 -3.798210e-20 4.514678e+02
293000 1.793851e-21 -4.091627e-20 -3.912242e-20 2.598563e+02
294000 3.227590e-22 -3.708636e-20 -3.676360e-20 4.675468e+01
295000 4.961240e-25 -3.978878e-20 -3.978828e-20 7.186823e-02
296000 8.082174e-24 -4.067936e-20 -4.067127e-20 1.170779e+00
297000 1.191733e-22 -3.925377e-20 -3.913459e-20 1.726337e+01
298000 4.292821e-22 -4.088980e-20 -4.046052e-20 6.218555e+01
299000 1.908416e-21 -3.690649e-20 -3.499808e-20 2.764520e+02
300000 2.800088e-21 -4.031432e-20 -3.751423e-20 4.056192e+02
301000 1.178135e-21 -3.466060e-20 -3.348247e-20 1.706640e+02
302000 2.611229e-22 -4.017146e-20 -3.991033e-20 3.782611e+01
303000 4.511380e-21 -4.090459e-20 -3.639321e-20 6.535159e+02
304000 1.327823e-21 -4.109017e-20 -3.976235e-20 1.923476e+02
305000 1.429742e-22 -4.107888e-20 -4.093591e-20 2.071116e+01
306000 3.991161e-21 -2.761259e-20 -2.362142e-20 5.781572e+02
307000 1.674712e-22 -4.011667e-20 -3.994920e-20 2.425977e+01
308000 4.280330e-21 -3.878077e-20 -3.450044e-20 6.200461e+02
309000 6.711368e-23 -4.102345e-20 -4.095634e-20 9.722049e+00
310000 9.807093e-22 -4.108235e-20 -4.010164e-20 1.420650e+02
311000 7.202080e-22 -4.043267e-20 -3.971246e-20 1.043289e+02
312000 3.465154e-21 -4.086492e-20 -3.739976e-20 5.019602e+02
313000 4.895099e-22 -4.064833e-20 -4.015882e-20 7.091011e+01
314000 1.914380e-22 -4.094934e-20 -4.075790e-20 2.773159e+01
315000 2.889596e-22 -4.084226e-20 -4.055330e-20 4.185852e+01
316000 1.269831e-22 -4.101097e-20 -4.088399e-20 1.839470e+01
317000 1.017460e-20 -3.774282e-20 -2.756823e-20 1.473886e+03
318000 4.725960e-21 -4.061830e-20 -3.589234e-20 6.845998e+02
319000 2.414950e-21 -4.069561e-20 -3.828066e-20 3.498282e+02
320000 5.746355e-22 -3.982863e-20 -3.925400e-20 8.324135e+01
321000 4.116595e-21 -4.071943e-20 -3.660283e-20 5.963276e+02
322000 1.393234e-23 -4.109318e-20 -4.107924e-20 2.018230e+00
323000 6.457712e-22 -3.505184e-20 -3.440607e-20 9.354603e+01
324000 1.666434e-22 -4.107491e-20 -4.090827e-20 2.413986e+01
325000 2.140812e-22 -4.109675e-20 -4.088267e-20 3.101168e+01
326000 3.304653e-21 -4.109951e-20 -3.779486e-20 4.787101e+02
327000 3.134340e-22 -3.973079e-20 -3.941736e-20 4.540386e+01
328000 2.871437e-21 -4.015251e-20 -3.728108e-20 4.159547e+02
329000 2.820887e-21 -3.927617e-20 -3.645528e-20 4.086321e+02
330000 2.985931e-22 -4.109580e-20 -4.079721e-20 4.325402e+01
331000 1.219853e-21 -4.102397e-20 -3.980412e-20 1.767072e+02
332000 4.150731e-21 -4.102038e-20 -3.686965e-20 6.012725e+02
333000 2.502566e-22 -3.548666e-20 -3.523640e-20 3.625202e+01
334000 1.599938e-21 -4.027498e-20 -3.867504e-20 2.317661e+02
335000 1.548683e-21 -3.940415e-20 -3.785546e-20 2.243412e+02
336000 6.831257e-21 -4.047104e-20 -3.363979e-20 9.895718e+02
337000 1.650214e-24 -3.494780e-20 -3.494615e-20 2.390490e-01
338000 2.837445e-21 -3.957791e-20 -3.674046e-20 4.110306e+02
339000 1.455064e-21 -3.814934e-20 -3.669428e-20 2.107796e+02
340000 3.168101e-22 -4.038427e-20 -4.006746e-20 4.589292e+01
341000 1.648470e-20 -4.091375e-20 -2.442905e-20 2.387964e+03
342000 1.017976e-22 -4.104756e-20 -4.094576e-20 1.474634e+01
343000 3.234053e-22 -4.097046e-20 -4.064705e-20 4.684830e+01
344000 4.332075e-22 -4.040120e-20 -3.996799e-20 6.275418e+01
345000 6.686666e-24 -4.095267e-20 -4.094599e-20 9.686264e-01
346000 1.317612e-23 -3.949647e-20 -3.948329e-20 1.908685e+00
347000 9.755142e-22 -3.915011e-20 -3.817459e-20 1.413124e+02
348000 2.753567e-22 -3.923708e-20 -3.896172e-20 3.988801e+01
349000 7.120828e-21 -4.106555e-20 -3.394473e-20 1.031519e+03
350000 1.779714e-21 -4.107480e-20 -3.929508e-20 2.578083e+02
351000 4.260783e-23 -4.108354e-20 -4.104093e-20 6.172145e+00
352000 3.134464e-21 -4.104243e-20 -3.790796e-20 4.540566e+02
353000 1.417553e-21 -3.902751e-20 -3.760995e-20 2.053459e+02
354000 4.559096e-23 -4.089713e-20 -4.085154e-20 6.604280e+00
355000 5.937570e-23 -3.376155e-20 -3.370218e-20 8.601129e+00
356000 3.392039e-23 -4.108842e-20 -4.105450e-20 4.913688e+00
357000 2.992840e-21 -3.425790e-20 -3.126506e-20 4.335411e+02
358000 1.088650e-22 -4.109267e-20 -4.098381e-20 1.577012e+01
359000 8.489715e-21 -3.893872e-20 -3.044900e-20 1.229815e+03
360000 3.793413e-21 -4.067504e-20 -3.688163e-20 5.495116e+02
361000 7.863197e-22 -2.938035e-20 -2.859403e-20 1.139058e+02
362000 8.457010e-21 -4.106605e-20 -3.260904e-20 1.225078e+03
363000 3.406063e-22 -4.109803e-20 -4.075742e-20 4.934003e+01
364000 1.858600e-21 -4.092732e-20 -3.906872e-20 2.692356e+02
365000 5.167330e-21 -3.927027e-20 -3.410294e-20 7.485363e+02
366000 3.243540e-21 -4.094442e-20 -3.770088e-20 4.698573e+02
367000 2.155219e-21 -3.324761e-20 -3.109239e-20 3.122038e+02
368000 6.809229e-22 -4.085441e-20 -4.017349e-20 9.863809e+01
369000 1.539081e-22 -3.665413e-20 -3.650023e-20 2.229503e+01
370000 2.984708e-21 -4.028261e-20 -3.729790e-20 4.323631e+02
371000 1.971640e-21 -4.095377e-20 -3.898213e-20 2.856106e+02
372000 1.108011e-23 -4.000881e-20 -3.999773e-20 1.605058e+00
373000 3.587851e-21 -3.225394e-20 -2.866609e-20 5.197340e+02
374000 5.711295e-23 -3.684508e-20 -3.678797e-20 8.273348e+00
375000 1.524635e-21 -3.703990e-20 -3.551527e-20 2.208577e+02
376000 1.292141e-21 -4.107590e-20 -3.978376e-20 1.871788e+02
377000 1.575020e-22 -4.094724e-20 -4.078974e-20 2.281565e+01
378000 6.884633e-22 -3.998502e-20 -3.929656e-20 9.973039e+01
379000 2.904652e-21 -3.839527e-20 -3.549062e-20 4.207662e+02
380000 2.901896e-21 -3.823744e-20 -3.533554e-20 4.203669e+02
381000 1.223943e-21 -3.405355e-20 -3.282961e-20 1.772996e+02
382000 3.763972e-23 -3.995966e-20 -3.992202e-20 5.452468e+00
383000 3.984851e-21 -4.061810e-20 -3.663325e-20 5.772432e+02
384000 2.191775e-22 -4.075797e-20 -4.053879e-20 3.174992e+01
385000 5.557454e-21 -3.846686e-20 -3.290941e-20 8.050496e+02
386000 3.884821e-21 -4.109693e-20 -3.721211e-20 5.627529e+02
387000 6.770951e-21 -4.032877e-20 -3.355782e-20 9.808360e+02
388000 1.039707e-21 -4.096143e-20 -3.992172e-20 1.506114e+02
389000 4.382951e-23 -4.042969e-20 -4.038586e-20 6.349117e+00
390000 4.871128e-23 -4.008665e-20 -4.003793e-20 7.056287e+00
391000 4.013872e-21 -3.966147e-20 -3.564760e-20 5.814471e+02
392000 1.402403e-21 -4.063488e-20 -3.923248e-20 2.031512e+02
393000 3.839058e-21 -4.101256e-20 -3.717350e-20 5.561237e+02
394000 1.385828e-21 -3.857544e-20 -3.718961e-20 2.007502e+02
395000 1.201326e-20 -4.059228e-20 -2.857902e-20 1.740234e+03
396000 9.059504e-23 -4.074382e-20 -4.065322e-20 1.312354e+01
397000 2.526403e-21 -3.840702e-20 -3.588062e-20 3.659732e+02
398000 7.172560e-21 -4.086913e-20 -3.369657e-20 1.039013e+03
399000 1.158189e-22 -4.023480e-20 -4.011898e-20 1.677745e+01
400000 6.848417e-22 -3.964422e-20 -3.895937e-20 9.920576e+01
401000 1.669756e-21 -4.020536e-20 -3.853560e-20 2.418799e+02
402000 2.547375e-22 -3.989872e-20 -3.964398e-20 3.690113e+01
403000 2.873110e-21 -4.039471e-20 -3.752160e-20 4.161970e+02
404000 2.253178e-21 -4.109449e-20 -3.884131e-20 3.263941e+02
405000 1.582960e-21 -2.873514e-20 -2.715218e-20 2.293066e+02
406000 1.530233e-22 -3.983980e-20 -3.968677e-20 2.216686e+01
407000 3.183730e-21 -3.769072e-20 -3.450699e-20 4.611933e+02
408000 3.444797e-22 -4.109992e-20 -4.075544e-20 4.990112e+01
409000 4.470404e-21 -3.305437e-20 -2.858397e-20 6.475800e+02
410000 6.021290e-21 -3.835557e-20 -3.233428e-20 8.722405e+02
411000 6.969660e-22 -4.048306e-20 -3.978610e-20 1.009621e+02
412000 7.237812e-21 -3.797490e-20 -3.073709e-20 1.048465e+03
413000 5.119113e-21 -3.868389e-20 -3.356477e-20 7.415517e+02
414000 3.678313e-23 -3.913587e-20 -3.909908e-20 5.328383e+00
415000 1.834574e-25 -2.951820e-20 -2.951802e-20 2.657552e-02
416000 4.283274e-21 -3.947360e-20 -3.519032e-20 6.204725e+02
417000 1.771488e-21 -4.087827e-20 -3.910678e-20 2.566167e+02
418000 1.740960e-21 -3.571683e-20 -3.397587e-20 2.521944e+02
419000 2.045015e-21 -4.033662e-20 -3.829160e-20 2.962396e+02
420000 8.245679e-23 -3.873345e-20 -3.865099e-20 1.194464e+01
421000 5.537343e-22 -3.998590e-20 -3.943217e-20 8.021363e+01
422000 2.926592e-21 -3.868243e-20 -3.575583e-20 4.239444e+02
423000 6.636349e-23 -3.947919e-20 -3.941283e-20 9.613376e+00
424000 1.521732e-23 -4.102704e-20 -4.101182e-20 2.204372e+00
425000 3.491116e-21 -3.975961e-20 -3.626850e-20 5.057210e+02
426000 4.990612e-21 -3.945467e-20 -3.446406e-20 7.229371e+02
427000 1.169355e-21 -4.108256e-20 -3.991321e-20 1.693921e+02
428000 4.684756e-22 -3.884778e-20 -3.837930e-20 6.786310e+01
429000 3.712662e-21 -4.109985e-20 -3.738719e-20 5.378140e+02
430000 2.919725e-24 -3.615794e-20 -3.615502e-20 4.229497e-01
431000 7.872975e-23 -4.104787e-20 -4.096914e-20 1.140474e+01
432000 3.476898e-21 -4.019784e-20 -3.672095e-20 5.036614e+02
433000 4.697861e-25 -4.081884e-20 -4.081837e-20 6.805294e-02
434000 1.229347e-22 -3.823488e-20 -3.811194e-20 1.780825e+01
435000 2.966504e-21 -3.975917e-20 -3.679266e-20 4.297261e+02
436000 3.350077e-21 -4.066121e-20 -3.731114e-20 4.852901e+02
437000 9.411812e-24 -4.032919e-20 -4.031977e-20 1.363390e+00
438000 5.929730e-22 -4.081109e-20 -4.021812e-20 8.589772e+01
439000 4.283926e-21 -4.104084e-20 -3.675691e-20 6.205670e+02
440000 3.204420e-21 -4.094318e-20 -3.773876e-20 4.641904e+02
441000 6.704626e-22 -3.778974e-20 -3.711928e-20 9.712282e+01
442000 1.978628e-21 -4.087640e-20 -3.889778e-20 2.866229e+02
443000 6.891911e-21 -3.966838e-20 -3.277647e-20 9.983581e+02
444000 2.647041e-21 -3.991347e-20 -3.726643e-20 3.834489e+02
445000 5.738826e-21 -4.058162e-20 -3.484280e-20 8.313230e+02
446000 1.507630e-20 -4.104800e-20 -2.597170e-20 2.183944e+03
447000 6.040289e-22 -4.050728e-20 -3.990325e-20 8.749927e+01
448000 3.032057e-22 -3.852265e-20 -3.821945e-20 4.392220e+01
449000 7.633902e-24 -3.985449e-20 -3.984686e-20 1.105842e+00
450000 4.588250e-22 -3.992061e-20 -3.946179e-20 6.646513e+01
451000 7.914646e-25 -3.913057e-20 -3.912978e-20 1.146511e-01
452000 9.527931e-21 -3.749913e-20 -2.797120e-20 1.380210e+03
453000 3.012867e-21 -3.990956e-20 -3.689669e-20 4.364422e+02
454000 1.104837e-20 -3.449540e-20 -2.344703e-20 1.600460e+03
455000 1.071284e-21 -3.935828e-20 -3.828700e-20 1.551856e+02
456000 3.364039e-22 -3.850144e-20 -3.816504e-20 4.873128e+01
457000 3.768203e-21 -4.093057e-20 -3.716236e-20 5.458596e+02
458000 7.799273e-21 -4.092564e-20 -3.312637e-20 1.129798e+03
459000 7.138005e-22 -4.058205e-20 -3.986825e-20 1.034007e+02
460000 3.401562e-21 -4.005711e-20 -3.665555e-20 4.927483e+02
461000 4.684807e-21 -4.056584e-20 -3.588104e-20 6.786383e+02
462000 3.487222e-26 -4.075818e-20 -4.075815e-20 5.051569e-03
463000 7.615162e-22 -4.037524e-20 -3.961372e-20 1.103128e+02
464000 1.206388e-22 -4.085488e-20 -4.073424e-20 1.747566e+01
465000 2.799473e-21 -4.075601e-20 -3.795654e-20 4.055300e+02
466000 1.533621e-21 -4.072001e-20 -3.918638e-20 2.221595e+02
467000 4.875798e-21 -3.353831e-20 -2.866251e-20 7.063052e+02
468000 6.168996e-27 -3.520375e-20 -3.520374e-20 8.936371e-04
469000 3.748018e-21 -4.017610e-20 -3.642808e-20 5.429356e+02
470000 1.890536e-21 -4.105457e-20 -3.916403e-20 2.738619e+02
471000 1.537138e-20 -3.750055e-20 -2.212917e-20 2.226690e+03
472000 1.049394e-21 -4.036885e-20 -3.931946e-20 1.520146e+02
473000 9.356898e-25 -3.938021e-20 -3.937927e-20 1.355435e-01
474000 1.161175e-21 -4.101026e-20 -3.984908e-20 1.682071e+02
475000 5.035876e-23 -4.097374e-20 -4.092338e-20 7.294940e+00
476000 4.847589e-22 -3.866773e-20 -3.818297e-20 7.022188e+01
477000 2.226060e-21 -4.004516e-20 -3.781910e-20 3.224658e+02
478000 3.191055e-22 -3.924543e-20 -3.892632e-20 4.622544e+01
479000 1.388005e-21 -4.107629e-20 -3.968829e-20 2.010656e+02
480000 1.608353e-21 -3.808707e-20 -3.647872e-20 2.329851e+02
481000 6.533739e-23 -3.561441e-20 -3.554907e-20 9.464735e+00
482000 4.749465e-23 -4.076179e-20 -4.071430e-20 6.880046e+00
483000 7.189214e-22 -4.094551e-20 -4.022659e-20 1.041425e+02
484000 1.412067e-20 -3.276596e-20 -1.864530e-20 2.045511e+03
485000 1.108290e-21 -3.791933e-20 -3.681104e-20 1.605463e+02
486000 5.210145e-22 -4.033153e-20 -3.981051e-20 7.547385e+01
487000 1.273859e-23 -4.098933e-20 -4.097659e-20 1.845305e+00
488000 9.306893e-21 -4.087503e-20 -3.156813e-20 1.348191e+03
489000 7.986409e-22 -4.058134e-20 -3.978270e-20 1.156907e+02
490000 1.469367e-21 -4.062866e-20 -3.915930e-20 2.128517e+02
491000 7.708627e-23 -3.916040e-20 -3.908332e-20 1.116667e+01
492000 7.653282e-21 -4.071004e-20 -3.305676e-20 1.108650e+03
493000 5.386414e-22 -4.108980e-20 -4.055116e-20 7.802727e+01
494000 1.542520e-23 -4.027262e-20 -4.025720e-20 2.234485e+00
495000 1.022937e-21 -3.732127e-20 -3.629833e-20 1.481821e+02
496000 6.968128e-22 -3.716236e-20 -3.646554e-20 1.009399e+02
497000 2.026259e-21 -4.043270e-20 -3.840645e-20 2.935226e+02
498000 5.794006e-21 -4.036585e-20 -3.457185e-20 8.393163e+02
499000 1.944206e-21 -2.927184e-20 -2.732764e-20 2.816365e+02
500000 8.249527e-23 -4.016937e-20 1.099131e-19 1.195022e+01
501000 2.287705e-21 -4.014078e-20 6.214692e-20 3.313956e+02
502000 6.159006e-21 -4.078057e-20 6.537844e-20 8.921899e+02
503000 1.716914e-21 -3.748513e-20 6.423178e-20 2.487111e+02
504000 8.884973e-22 -3.811637e-20 6.277212e-20 1.287072e+02
505000 7.528954e-21 -4.083812e-20 6.669084e-20 1.090640e+03
506000 2.951548e-23 -4.104533e-20 5.898418e-20 4.275595e+00
507000 9.278787e-22 -4.011189e-20 6.081599e-20 1.344120e+02
508000 2.604641e-22 -4.044992e-20 5.981054e-20 3.773068e+01
509000 5.847752e-21 -3.983198e-20 6.601577e-20 8.471020e+02
510000 4.105584e-22 -4.009781e-20 6.031275e-20 5.947324e+01
511000 3.611953e-22 -3.350497e-20 6.685623e-20 5.232254e+01
512000 4.976351e-21 -4.098868e-20 6.398767e-20 7.208713e+02
513000 2.267247e-21 -4.108838e-20 6.117887e-20 3.284321e+02
514000 1.795627e-21 -4.084124e-20 6.095438e-20 2.601134e+02
515000 7.354748e-23 -4.087902e-20 5.919453e-20 1.065404e+01
516000 9.729469e-23 -4.105361e-20 5.904369e-20 1.409405e+01
517000 4.738974e-21 -4.059598e-20 6.414868e-20 6.864849e+02
518000 1.194026e-20 -4.050945e-20 7.165294e-20 1.729659e+03
519000 1.269974e-21 -4.099650e-20 6.027347e-20 1.839677e+02
520000 4.414982e-21 -4.103236e-20 6.338263e-20 6.395516e+02
521000 4.174332e-22 -4.069509e-20 5.972236e-20 6.046912e+01
522000 1.808574e-21 -4.071518e-20 6.109340e-20 2.619890e+02
523000 8.030993e-21 -4.061012e-20 6.742087e-20 1.163365e+03
524000 2.266320e-22 -4.106156e-20 5.916507e-20 3.282977e+01
525000 8.790465e-22 -4.075075e-20 6.012830e-20 1.273382e+02
526000 1.070907e-23 -4.094416e-20 5.906655e-20 1.551310e+00
527000 2.361659e-21 -4.085977e-20 6.150189e-20 3.421085e+02
528000 3.179388e-22 -4.106897e-20 5.924897e-20 4.605643e+01
529000 5.514435e-22 -3.678186e-20 6.376959e-20 7.988178e+01
530000 7.372775e-21 -4.106527e-20 6.630751e-20 1.068016e+03
531000 6.810685e-22 -3.973772e-20 6.094335e-20 9.865918e+01
532000 3.132154e-21 -4.102938e-20 6.210277e-20 4.537220e+02
533000 6.132412e-25 -4.041149e-20 5.958912e-20 8.883376e-02
534000 1.294346e-21 -4.088666e-20 6.040768e-20 1.874981e+02
535000 8.421977e-23 -4.109395e-20 5.899027e-20 1.220003e+01
536000 8.152757e-22 -4.039468e-20 6.592047e-20 1.181004e+02
537000 5.115397e-22 -4.064527e-20 5.986627e-20 7.410134e+01
538000 1.271541e-20 -4.106173e-20 7.165368e-20 1.841946e+03
539000 5.679690e-21 -4.063411e-20 6.504632e-20 8.227566e+02
540000 8.313042e-22 -4.074091e-20 6.009040e-20 1.204222e+02
541000 2.718894e-22 -4.109377e-20 5.917812e-20 3.938574e+01
542000 5.847654e-21 -4.066349e-20 6.518429e-20 8.470877e+02
543000 3.967292e-21 -2.657643e-20 7.739086e-20 5.746996e+02
544000 3.661225e-21 -3.301758e-20 7.064365e-20 5.303629e+02
545000 6.679906e-22 -4.077478e-20 5.989321e-20 9.676473e+01
546000 8.296392e-22 -4.109699e-20 5.973265e-20 1.201810e+02
547000 6.675740e-21 -3.976314e-20 6.691260e-20 9.670437e+02
548000 3.538509e-23 -4.109977e-20 5.893562e-20 5.125863e+00
549000 1.798791e-21 -4.109707e-20 6.070172e-20 2.605719e+02
550000 2.767679e-21 -4.108827e-20 6.167941e-20 4.009244e+02
551000 1.723686e-21 -4.094881e-20 6.077488e-20 2.496922e+02
552000 5.481543e-22 -4.067053e-20 5.987770e-20 7.940531e+01
553000 1.426616e-21 -4.086047e-20 6.056615e-20 2.066588e+02
554000 2.310152e-21 -4.093479e-20 6.137536e-20 3.346472e+02
555000 2.538994e-22 -4.104382e-20 5.921008e-20 3.677972e+01
556000 8.932227e-21 -4.108128e-20 6.785095e-20 1.293917e+03
557000 5.607311e-22 -4.107906e-20 5.948167e-20 8.122717e+01
558000 4.140915e-23 -4.027083e-20 5.977058e-20 5.998505e+00
559000 7.171311e-21 -4.105867e-20 6.611264e-20 1.038832e+03
560000 3.794210e-21 -4.080915e-20 6.298506e-20 5.496271e+02
561000 7.874792e-21 -2.802306e-20 7.985173e-20 1.140738e+03
562000 9.768627e-22 -3.745183e-20 6.352503e-20 1.415078e+02
563000 4.634225e-22 -3.979063e-20 6.067279e-20 6.713110e+01
564000 3.266794e-25 -4.100894e-20 5.899139e-20 4.732259e-02
565000 1.772827e-21 -4.050121e-20 6.127162e-20 2.568107e+02
566000 2.617063e-21 -3.551179e-20 6.710528e-20 3.791062e+02
567000 1.707426e-21 -4.108125e-20 6.062618e-20 2.473367e+02
568000 3.153419e-21 -4.101833e-20 6.213509e-20 4.568025e+02
569000 8.653020e-21 -4.086132e-20 6.779170e-20 1.253471e+03
570000 4.464199e-21 -4.109852e-20 6.336568e-20 6.466813e+02
571000 1.691284e-21 -4.100392e-20 6.068736e-20 2.449984e+02
572000 1.517925e-22 -4.100712e-20 5.914467e-20 2.198857e+01
573000 2.139611e-22 -4.109425e-20 5.911971e-20 3.099428e+01
574000 8.028644e-22 -4.078727e-20 6.001559e-20 1.163025e+02
575000 1.901372e-22 -3.814499e-20 6.204515e-20 2.754316e+01
576000 1.718481e-24 -4.109677e-20 5.890495e-20 2.489381e-01
577000 2.037465e-20 -4.079945e-20 7.957520e-20 2.951460e+03
578000 2.724104e-21 -4.109943e-20 6.162467e-20 3.946121e+02
579000 7.437487e-23 -4.109469e-20 5.897968e-20 1.077390e+01
580000 7.138224e-22 -3.918448e-20 6.152934e-20 1.034039e+02
581000 1.922247e-22 -4.108074e-20 5.911149e-20 2.784556e+01
582000 3.864303e-21 -4.049307e-20 6.337124e-20 5.597807e+02
583000 6.019864e-22 -3.887666e-20 6.172533e-20 8.720340e+01
584000 1.724930e-23 -4.062900e-20 5.938825e-20 2.498723e+00
585000 9.734771e-22 -3.574732e-20 6.522616e-20 1.410173e+02
586000 4.150701e-22 -4.085875e-20 5.955632e-20 6.012681e+01
587000 6.779904e-21 -3.816950e-20 6.861040e-20 9.821329e+02
588000 1.146923e-23 -3.944152e-20 6.056995e-20 1.661426e+00
589000 3.106316e-21 -3.699221e-20 6.611410e-20 4.499791e+02
590000 3.187675e-21 -3.072817e-20 7.245951e-20 4.617648e+02
591000 2.902178e-22 -4.091667e-20 5.937355e-20 4.204078e+01
592000 6.095020e-21 -4.068450e-20 6.541055e-20 8.829210e+02
593000 9.457740e-22 -3.716070e-20 6.378507e-20 1.370043e+02
594000 5.037321e-23 -4.109985e-20 5.895052e-20 7.297034e+00
595000 2.193741e-21 -4.085117e-20 6.134257e-20 3.177840e+02
596000 1.295909e-21 -2.342967e-20 7.786624e-20 1.877246e+02
597000 5.592702e-21 -3.654938e-20 6.904332e-20 8.101555e+02
598000 1.173798e-21 -4.106386e-20 6.010994e-20 1.700356e+02
599000 1.060256e-20 -3.986850e-20 7.073406e-20 1.535881e+03
600000 5.616467e-22 -4.095375e-20 5.960790e-20 8.135981e+01
601000 7.347844e-22 -4.084732e-20 5.988747e-20 1.064404e+02
602000 2.018437e-22 -4.058206e-20 5.963093e-20 2.923897e+01
603000 1.378471e-21 -4.109886e-20 6.027961e-20 1.996844e+02
604000 3.239102e-23 -4.091347e-20 5.911892e-20 4.692144e+00
605000 5.818425e-21 -3.910651e-20 6.671191e-20 8.428537e+02
606000 1.498963e-21 -4.068619e-20 6.081280e-20 2.171389e+02
607000 7.392859e-23 -4.064160e-20 5.943281e-20 1.070925e+01
608000 3.278718e-23 -4.109979e-20 5.893300e-20 4.749532e+00
609000 2.022415e-21 -3.934342e-20 6.267899e-20 2.929658e+02
610000 9.397059e-22 -4.012309e-20 6.081662e-20 1.361252e+02
611000 4.447157e-23 -4.087892e-20 5.916555e-20 6.442126e+00
612000 2.273591e-21 -4.050045e-20 6.207739e-20 3.293511e+02
613000 3.295602e-22 -3.588689e-20 6.444267e-20 4.773990e+01
614000 1.773824e-23 -4.103476e-20 5.898298e-20 2.569550e+00
615000 1.792411e-21 -4.103094e-20 6.076147e-20 2.596475e+02
616000 8.575811e-23 -4.104608e-20 5.903968e-20 1.242287e+01
617000 1.332103e-21 -4.108286e-20 6.024925e-20 1.929677e+02
618000 2.908471e-21 -4.081934e-20 6.208913e-20 4.213194e+02
619000 1.222971e-21 -4.095543e-20 6.026754e-20 1.771588e+02
620000 3.084749e-24 -4.106362e-20 5.893947e-20 4.468550e-01
621000 2.080513e-22 -3.931197e-20 6.089608e-20 3.013819e+01
622000 9.255667e-22 -4.079964e-20 6.012592e-20 1.340770e+02
623000 3.756174e-21 -3.516360e-20 6.859257e-20 5.441171e+02
624000 4.289726e-22 -2.871209e-20 7.171689e-20 6.214072e+01
625000 1.316210e-22 -4.107341e-20 5.905821e-20 1.906654e+01
626000 1.556550e-22 -4.011039e-20 6.004526e-20 2.254809e+01
627000 3.455904e-22 -3.878198e-20 6.156361e-20 5.006203e+01
628000 3.573493e-22 -3.992344e-20 6.043391e-20 5.176541e+01
629000 8.343778e-22 -3.938075e-20 6.145363e-20 1.208675e+02
630000 2.294219e-21 -4.109927e-20 6.119495e-20 3.323392e+02
631000 5.703707e-21 -4.109633e-20 6.460738e-20 8.262357e+02
632000 9.810695e-21 -4.088798e-20 6.892271e-20 1.421172e+03
633000 1.715735e-21 -3.822977e-20 6.348596e-20 2.485404e+02
634000 9.858030e-22 -3.873406e-20 6.225175e-20 1.428028e+02
635000 1.335020e-21 -3.281984e-20 6.851518e-20 1.933902e+02
636000 8.468933e-22 -4.106612e-20 5.978077e-20 1.226805e+02
637000 2.432607e-21 -3.985917e-20 6.257343e-20 3.523861e+02
638000 6.940099e-23 -4.107987e-20 5.898953e-20 1.005339e+01
639000 3.228793e-22 -4.089900e-20 5.942388e-20 4.677210e+01
640000 1.305554e-27 -4.095360e-20 5.904640e-20 1.891218e-04
641000 1.143001e-21 -3.898467e-20 6.215833e-20 1.655745e+02
642000 1.909331e-21 -4.100051e-20 6.090882e-20 2.765845e+02
643000 2.243695e-22 -3.930412e-20 6.092025e-20 3.250203e+01
644000 6.385008e-21 -4.102062e-20 6.536439e-20 9.249286e+02
645000 2.476064e-21 -3.587680e-20 6.659927e-20 3.586811e+02
646000 4.181721e-24 -4.007305e-20 5.993113e-20 6.057616e-01
647000 6.470963e-21 -4.105595e-20 6.541501e-20 9.373799e+02
648000 1.725696e-22 -3.896518e-20 6.120739e-20 2.499833e+01
649000 6.619400e-21 -4.102509e-20 6.559431e-20 9.588824e+02
650000 2.616566e-22 -4.004273e-20 6.021893e-20 3.790342e+01
651000 1.426038e-22 -3.918434e-20 6.095826e-20 2.065751e+01
652000 7.121067e-23 -4.090814e-20 5.916307e-20 1.031554e+01
653000 1.318005e-20 -4.080222e-20 7.237784e-20 1.909255e+03
654000 6.566643e-21 -4.066177e-20 6.590501e-20 9.512401e+02
655000 9.638697e-22 -3.607170e-20 6.489217e-20 1.396256e+02
656000 1.981546e-21 -4.099453e-20 6.098702e-20 2.870457e+02
657000 1.038018e-24 -3.958741e-20 6.041363e-20 1.503667e-01
658000 1.199743e-21 -4.109911e-20 6.010063e-20 1.737941e+02
659000 4.121629e-21 -4.090751e-20 6.321412e-20 5.970568e+02
660000 1.741920e-23 -4.101882e-20 5.899860e-20 2.523335e+00
661000 1.027029e-20 -3.584628e-20 7.442401e-20 1.487749e+03
662000 5.666603e-23 -3.587688e-20 6.417979e-20 8.208608e+00
663000 9.993466e-24 -3.870430e-20 6.130570e-20 1.447648e+00
664000 2.900604e-21 -4.108287e-20 6.181773e-20 4.201798e+02
665000 2.101841e-22 -4.098475e-20 5.922544e-20 3.044715e+01
666000 4.587720e-22 -4.107431e-20 5.938447e-20 6.645745e+01
667000 2.136962e-21 -4.029267e-20 6.184429e-20 3.095590e+02
668000 1.761870e-21 -3.994068e-20 6.182119e-20 2.552234e+02
669000 9.237807e-22 -3.884065e-20 6.208313e-20 1.338183e+02
670000 3.796696e-21 -4.072351e-20 6.307318e-20 5.499871e+02
671000 9.715690e-22 -4.081356e-20 6.015801e-20 1.407409e+02
672000 1.808679e-23 -4.109982e-20 5.891827e-20 2.620041e+00
673000 4.789750e-22 -4.100592e-20 5.947306e-20 6.938404e+01
674000 1.375334e-22 -3.874706e-20 6.139047e-20 1.992301e+01
675000 3.239068e-21 -4.085177e-20 6.238730e-20 4.692095e+02
676000 5.753132e-23 -4.101976e-20 5.903777e-20 8.333954e+00
677000 3.978688e-21 -3.860666e-20 6.537203e-20 5.763504e+02
678000 3.311009e-21 -4.071355e-20 6.259746e-20 4.796309e+02
679000 4.349191e-22 -4.007875e-20 6.035617e-20 6.300213e+01
680000 2.285919e-21 -4.102850e-20 6.125742e-20 3.311369e+02
681000 4.669379e-22 -4.105475e-20 5.941219e-20 6.764035e+01
682000 1.350176e-22 -4.017853e-20 5.995649e-20 1.955856e+01
683000 2.738274e-23 -4.055108e-20 5.947630e-20 3.966647e+00
684000 3.008789e-22 -3.964532e-20 6.065556e-20 4.358513e+01
685000 3.460720e-23 -4.109592e-20 5.893869e-20 5.013178e+00
686000 5.796776e-22 -3.413530e-20 6.644438e-20 8.397176e+01
687000 1.133882e-21 -4.070523e-20 6.042865e-20 1.642535e+02
688000 7.463872e-22 -4.071429e-20 6.003210e-20 1.081212e+02
689000 5.398155e-22 -3.817939e-20 6.236043e-20 7.819735e+01
690000 3.477271e-22 -4.036580e-20 5.998192e-20 5.037154e+01
691000 4.351056e-23 -4.096033e-20 5.908318e-20 6.302914e+00
692000 2.233470e-23 -4.109511e-20 5.892722e-20 3.235392e+00
693000 2.019616e-21 -4.091374e-20 6.110588e-20 2.925603e+02
694000 2.352095e-21 -4.037618e-20 6.197592e-20 3.407231e+02
695000 1.853363e-21 -4.104954e-20 6.080382e-20 2.684771e+02
696000 5.289448e-23 -4.087947e-20 5.917343e-20 7.662263e+00
697000 2.940612e-21 -4.106226e-20 6.187836e-20 4.259754e+02
698000 6.324518e-21 -4.096064e-20 6.536387e-20 9.161660e+02
699000 1.112477e-20 -3.723913e-20 7.388564e-20 1.611528e+03
700000 4.981559e-26 -3.969822e-20 6.030183e-20 7.216256e-03
701000 1.051459e-23 -3.991625e-20 6.009426e-20 1.523138e+00
702000 2.663586e-21 -4.086811e-20 6.179548e-20 3.858454e+02
703000 1.441638e-21 -4.091664e-20 6.052500e-20 2.088348e+02
704000 4.387904e-22 -3.928680e-20 6.115199e-20 6.356292e+01
705000 8.513935e-25 -4.025576e-20 5.974509e-20 1.233324e-01
706000 1.058840e-22 -4.107623e-20 5.902965e-20 1.533830e+01
707000 1.576958e-21 -4.104704e-20 6.052992e-20 2.284373e+02
708000 9.513492e-23 -4.066819e-20 5.942695e-20 1.378119e+01
709000 3.799905e-23 -4.076277e-20 5.927523e-20 5.504520e+00
710000 2.739933e-21 -4.106505e-20 6.167489e-20 3.969051e+02
711000 5.454578e-22 -3.737883e-20 6.316663e-20 7.901469e+01
712000 6.459159e-22 -4.087119e-20 5.977473e-20 9.356699e+01
713000 5.838490e-25 -3.389299e-20 6.610759e-20 8.457602e-02
714000 9.435541e-23 -4.070355e-20 5.939081e-20 1.366827e+01
715000 3.764242e-21 -3.991893e-20 6.384532e-20 5.452859e+02
716000 4.435382e-21 -4.008850e-20 6.434688e-20 6.425068e+02
717000 1.058717e-21 -3.904431e-20 6.201441e-20 1.533651e+02
718000 2.215499e-21 -4.082658e-20 6.138892e-20 3.209359e+02
719000 1.341165e-21 -4.074352e-20 6.059765e-20 1.942804e+02
720000 8.237280e-24 -4.108919e-20 5.891905e-20 1.193248e+00
721000 1.332464e-21 -4.067073e-20 6.066174e-20 1.930200e+02
722000 1.763279e-22 -4.103993e-20 5.913640e-20 2.554275e+01
723000 2.540912e-23 -4.054725e-20 5.953012e-20 3.680751e+00
724000 4.713184e-21 -4.097817e-20 6.373501e-20 6.827490e+02
725000 1.227746e-20 -4.109013e-20 7.118733e-20 1.778505e+03
726000 2.892187e-21 -3.992291e-20 6.296928e-20 4.189606e+02
727000 1.746840e-22 -3.982701e-20 6.034767e-20 2.530463e+01
728000 1.527582e-22 -4.079148e-20 5.936128e-20 2.212846e+01
729000 6.411052e-22 -4.108026e-20 5.956085e-20 9.287013e+01
730000 3.812441e-23 -4.044151e-20 5.959661e-20 5.522680e+00
731000 9.351891e-23 -2.735763e-20 7.273589e-20 1.354709e+01
732000 4.944593e-22 -4.103507e-20 5.945939e-20 7.162708e+01
733000 3.756135e-22 -4.109136e-20 5.928425e-20 5.441115e+01
734000 7.888056e-22 -3.958957e-20 6.119924e-20 1.142659e+02
735000 2.488339e-21 -4.048319e-20 6.254388e-20 3.604593e+02
736000 5.335831e-22 -4.095342e-20 5.958017e-20 7.729453e+01
737000 6.744397e-21 -3.968114e-20 6.706326e-20 9.769894e+02
738000 1.739169e-22 -2.397626e-20 7.619765e-20 2.519350e+01
739000 4.349738e-23 -4.081460e-20 5.922889e-20 6.301005e+00
740000 6.184130e-21 -4.108466e-20 6.509948e-20 8.958295e+02
741000 1.525441e-21 -4.061099e-20 6.091445e-20 2.209745e+02
742000 2.891977e-21 -4.076218e-20 6.212979e-20 4.189301e+02
743000 1.447482e-21 -4.105312e-20 6.039436e-20 2.096814e+02
744000 1.077066e-21 -4.097055e-20 6.010652e-20 1.560231e+02
745000 1.873434e-21 -4.091539e-20 6.095804e-20 2.713846e+02
746000 7.199793e-21 -3.969751e-20 6.750228e-20 1.042958e+03
747000 3.378171e-21 -4.075139e-20 6.262678e-20 4.893598e+02
748000 6.764835e-21 -3.987860e-20 6.688623e-20 9.799500e+02
749000 3.147773e-22 -4.069675e-20 5.961804e-20 4.559846e+01
750000 6.711028e-22 -4.046078e-20 6.021032e-20 9.721555e+01
751000 3.355768e-21 -3.984851e-20 6.350726e-20 4.861146e+02
752000 1.517286e-22 -4.104995e-20 5.910178e-20 2.197932e+01
753000 6.609944e-21 -3.969675e-20 6.691319e-20 9.575125e+02
754000 4.019277e-21 -4.109998e-20 6.291930e-20 5.822301e+02
755000 2.784497e-21 -4.098083e-20 6.180366e-20 4.033607e+02
756000 1.806437e-22 -4.095692e-20 5.922372e-20 2.616795e+01
757000 3.049998e-21 -4.086948e-20 6.218052e-20 4.418209e+02
758000 5.995504e-22 -4.071911e-20 5.988044e-20 8.685052e+01
759000 6.085849e-23 -3.709403e-20 6.296683e-20 8.815925e+00
760000 3.636386e-21 -4.078491e-20 6.285147e-20 5.267647e+02
761000 1.207385e-21 -4.091950e-20 6.028789e-20 1.749011e+02
762000 3.805523e-24 -4.108941e-20 5.891439e-20 5.512658e-01
763000 1.042270e-21 -3.793654e-20 6.310573e-20 1.509826e+02
764000 1.120267e-21 -3.894150e-20 6.217877e-20 1.622812e+02
765000 2.388171e-21 -3.774387e-20 6.464430e-20 3.459491e+02
766000 4.706742e-22 -4.014657e-20 6.032411e-20 6.818159e+01
767000 2.367611e-21 -4.025751e-20 6.211010e-20 3.429708e+02
768000 1.860904e-22 -3.084410e-20 6.934199e-20 2.695695e+01
769000 2.720209e-22 -4.066752e-20 5.960450e-20 3.940479e+01
770000 4.455879e-21 -4.047040e-20 6.398547e-20 6.454759e+02
771000 3.400478e-21 -4.063630e-20 6.276417e-20 4.925913e+02
772000 2.307900e-21 -4.104812e-20 6.125978e-20 3.343211e+02
773000 4.138824e-21 -4.060072e-20 6.353810e-20 5.995476e+02
774000 6.379389e-21 -3.597669e-20 7.040270e-20 9.241145e+02
775000 3.116575e-22 -4.108387e-20 5.922779e-20 4.514652e+01
776000 7.984006e-21 -4.108817e-20 6.689584e-20 1.156558e+03
777000 6.195010e-22 -3.780899e-20 6.281051e-20 8.974055e+01
778000 2.328765e-22 -4.106401e-20 5.916886e-20 3.373435e+01
779000 3.546180e-21 -4.065822e-20 6.288813e-20 5.136976e+02
780000 1.147950e-21 -4.078011e-20 6.036784e-20 1.662913e+02
781000 3.806237e-23 -3.818389e-20 6.185417e-20 5.513693e+00
782000 9.228536e-23 -4.109938e-20 5.899291e-20 1.336840e+01
783000 5.408761e-22 -2.955065e-20 7.099023e-20 7.835099e+01
784000 2.541266e-22 -4.038243e-20 5.987170e-20 3.681263e+01
785000 3.300489e-21 -2.999994e-20 7.330055e-20 4.781068e+02
786000 3.182744e-21 -4.096839e-20 6.221435e-20 4.610504e+02
787000 4.547663e-21 -4.100906e-20 6.353860e-20 6.587717e+02
788000 1.349359e-21 -4.108714e-20 6.026222e-20 1.954674e+02
789000 8.322100e-23 -4.094416e-20 5.913906e-20 1.205535e+01
790000 4.212138e-22 -2.946697e-20 7.095425e-20 6.101678e+01
791000 3.991322e-21 -4.108317e-20 6.290816e-20 5.781806e+02
792000 8.847488e-21 -4.103567e-20 6.781182e-20 1.281642e+03
793000 7.488356e-22 -4.082634e-20 5.992250e-20 1.084759e+02
794000 9.848249e-23 -3.779720e-20 6.230128e-20 1.426612e+01
795000 7.647651e-23 -4.031153e-20 5.976495e-20 1.107834e+01
796000 1.817833e-22 -4.100932e-20 5.917247e-20 2.633303e+01
797000 8.686046e-22 -3.028676e-20 7.058184e-20 1.258255e+02
798000 3.607997e-22 -4.108456e-20 5.927624e-20 5.226523e+01
799000 9.052211e-22 -4.036903e-20 6.053619e-20 1.311298e+02
800000 5.798842e-22 -4.071712e-20 5.986277e-20 8.400168e+01
801000 4.618497e-23 -4.035489e-20 5.969129e-20 6.690328e+00
802000 2.568613e-24 -4.056012e-20 5.944245e-20 3.720878e-01
803000 4.538312e-22 -4.102552e-20 5.942831e-20 6.574173e+01
804000 1.035128e-22 -3.399112e-20 6.611239e-20 1.499481e+01
805000 7.497399e-22 -3.986433e-20 6.088541e-20 1.086069e+02
806000 2.679874e-23 -3.684217e-20 6.318463e-20 3.882050e+00
807000 1.662990e-21 -4.089693e-20 6.076606e-20 2.408998e+02
808000 1.623475e-22 -4.095800e-20 5.920435e-20 2.351757e+01
809000 4.563741e-21 -4.061410e-20 6.395188e-20 6.611009e+02
810000 1.292317e-22 -4.068375e-20 5.944548e-20 1.872043e+01
811000 4.381781e-22 -4.051208e-20 5.992610e-20 6.347422e+01
812000 7.562400e-22 -4.099056e-20 5.976568e-20 1.095485e+02
813000 4.840016e-22 -4.018649e-20 6.029751e-20 7.011218e+01
814000 5.224437e-22 -3.951205e-20 6.101039e-20 7.568088e+01
815000 2.148608e-22 -4.066676e-20 5.954810e-20 3.112461e+01
816000 7.941679e-22 -4.061096e-20 6.018586e-20 1.150427e+02
817000 1.893538e-22 -4.084180e-20 5.934756e-20 2.742968e+01
818000 1.152314e-22 -4.016986e-20 5.994538e-20 1.669235e+01
819000 1.037182e-23 -3.836576e-20 6.164462e-20 1.502456e+00
820000 3.945101e-21 -4.094910e-20 6.299600e-20 5.714850e+02
821000 8.075995e-23 -4.049522e-20 5.994892e-20 1.169884e+01
822000 4.659855e-22 -4.104933e-20 5.941666e-20 6.750238e+01
823000 2.188214e-21 -4.109868e-20 6.108954e-20 3.169833e+02
824000 5.718180e-21 -4.080460e-20 6.491358e-20 8.283321e+02
825000 3.693597e-22 -2.767942e-20 7.268994e-20 5.350523e+01
826000 2.146778e-20 -4.105036e-20 8.041742e-20 3.109810e+03
827000 4.771342e-22 -4.109918e-20 5.937796e-20 6.911738e+01
828000 1.294765e-22 -4.104298e-20 5.908650e-20 1.875589e+01
829000 1.225514e-21 -4.107258e-20 6.015294e-20 1.775272e+02
830000 6.722598e-23 -3.047538e-20 6.959184e-20 9.738316e+00
831000 3.318090e-21 -4.084136e-20 6.247673e-20 4.806566e+02
832000 2.303129e-22 -4.081771e-20 5.941260e-20 3.336299e+01
833000 6.968900e-23 -4.097498e-20 5.909471e-20 1.009511e+01
834000 2.023006e-21 -4.094352e-20 6.107948e-20 2.930514e+02
835000 9.256426e-22 -3.588359e-20 6.504206e-20 1.340880e+02
836000 1.757300e-21 -3.863680e-20 6.312050e-20 2.545614e+02
837000 1.571038e-21 -3.526926e-20 6.630178e-20 2.275796e+02
838000 1.279882e-23 -3.980830e-20 6.020450e-20 1.854029e+00
839000 6.526840e-21 -4.088633e-20 6.564051e-20 9.454742e+02
840000 2.211856e-21 -4.089129e-20 6.132056e-20 3.204081e+02
841000 2.034495e-21 -4.109996e-20 6.093454e-20 2.947157e+02
842000 1.463385e-21 -4.101063e-20 6.045276e-20 2.119851e+02
843000 4.235888e-21 -3.863666e-20 6.559922e-20 6.136082e+02
844000 2.239065e-21 -4.057835e-20 6.167399e-20 3.243497e+02
845000 1.065321e-20 -4.106992e-20 6.958329e-20 1.543218e+03
846000 3.255565e-21 -4.105306e-20 6.220250e-20 4.715992e+02
847000 3.723782e-22 -3.996068e-20 6.041169e-20 5.394249e+01
848000 6.284601e-22 -4.064053e-20 5.998844e-20 9.103836e+01
849000 2.591494e-21 -3.959282e-20 6.299867e-20 3.754022e+02
850000 3.406475e-22 -2.224679e-20 7.809386e-20 4.934600e+01
851000 2.236689e-22 -4.067286e-20 5.955088e-20 3.240054e+01
852000 3.245430e-22 -4.037525e-20 6.803662e-20 4.701311e+01
853000 5.034960e-21 -3.012385e-20 7.491111e-20 7.293614e+02
854000 3.343144e-22 -4.100261e-20 5.933170e-20 4.842859e+01
855000 2.165747e-21 -4.018929e-20 6.197646e-20 3.137289e+02
856000 3.025192e-23 -4.109594e-20 5.893431e-20 4.382276e+00
857000 8.176102e-21 -4.056288e-20 6.763991e-20 1.184385e+03
858000 1.460815e-21 -4.044738e-20 6.101343e-20 2.116128e+02
859000 3.656280e-21 -4.007272e-20 6.358356e-20 5.296466e+02
860000 5.015026e-21 -3.990520e-20 6.510983e-20 7.264737e+02
861000 6.113550e-21 -4.101347e-20 6.510008e-20 8.856053e+02
862000 1.425618e-21 -3.940098e-20 6.202464e-20 2.065142e+02
863000 5.733443e-23 -4.082761e-20 5.922973e-20 8.305432e+00
864000 1.175391e-21 -4.010364e-20 6.107175e-20 1.702665e+02
865000 7.087083e-23 -4.109567e-20 5.897520e-20 1.026631e+01
866000 2.933839e-23 -4.070648e-20 5.932286e-20 4.249941e+00
867000 3.853786e-23 -4.109849e-20 5.894005e-20 5.582571e+00
868000 3.143794e-23 -3.628053e-20 6.375091e-20 4.554082e+00
869000 3.393439e-22 -4.103441e-20 5.930494e-20 4.915716e+01
870000 1.811473e-21 -3.916185e-20 6.264963e-20 2.624089e+02
871000 5.919151e-21 -3.898997e-20 6.692918e-20 8.574447e+02
872000 6.838998e-21 -4.006072e-20 6.677828e-20 9.906932e+02
873000 1.235974e-22 -4.005224e-20 6.007136e-20 1.790425e+01
874000 1.426510e-21 -3.799093e-20 6.343558e-20 2.066434e+02
875000 5.892057e-23 -4.093230e-20 5.912662e-20 8.535200e+00
876000 2.043886e-21 -4.091363e-20 6.113025e-20 2.960762e+02
877000 1.336623e-21 -3.837103e-20 6.296559e-20 1.936224e+02
878000 5.491034e-22 -4.058530e-20 5.997337e-20 7.954279e+01
879000 5.959873e-21 -4.106080e-20 6.489907e-20 8.633437e+02
