pX pY pZ 
9.955417e-14 0.000000e+00 0.000000e+00
-5.862336e-14 0.000000e+00 0.000000e+00
-1.025045e-13 0.000000e+00 0.000000e+00
-4.108450e-13 0.000000e+00 0.000000e+00
-1.362690e-13 0.000000e+00 0.000000e+00
-4.378377e-14 0.000000e+00 0.000000e+00
2.782911e-14 0.000000e+00 0.000000e+00
7.708996e-14 0.000000e+00 0.000000e+00
-1.836304e-13 0.000000e+00 0.000000e+00
8.903262e-14 0.000000e+00 0.000000e+00
-2.201062e-13 0.000000e+00 0.000000e+00
-3.195838e-13 0.000000e+00 0.000000e+00
-1.505126e-13 0.000000e+00 0.000000e+00
-1.119734e-13 0.000000e+00 0.000000e+00
2.527416e-13 0.000000e+00 0.000000e+00
-1.188573e-13 0.000000e+00 0.000000e+00
1.040923e-13 0.000000e+00 0.000000e+00
2.684081e-13 0.000000e+00 0.000000e+00
2.650762e-13 0.000000e+00 0.000000e+00
1.970749e-13 0.000000e+00 0.000000e+00
6.578027e-14 0.000000e+00 0.000000e+00
-7.438422e-14 0.000000e+00 0.000000e+00
1.743110e-13 0.000000e+00 0.000000e+00
-1.562981e-14 0.000000e+00 0.000000e+00
8.360885e-14 0.000000e+00 0.000000e+00
-3.415080e-14 0.000000e+00 0.000000e+00
-3.716211e-13 0.000000e+00 0.000000e+00
1.472304e-13 0.000000e+00 0.000000e+00
8.282482e-14 0.000000e+00 0.000000e+00
-1.887016e-13 0.000000e+00 0.000000e+00
-1.678127e-14 0.000000e+00 0.000000e+00
2.845384e-13 0.000000e+00 0.000000e+00
-1.879985e-13 0.000000e+00 0.000000e+00
-8.083613e-14 0.000000e+00 0.000000e+00
-4.283608e-14 0.000000e+00 0.000000e+00
6.321270e-14 0.000000e+00 0.000000e+00
1.477489e-14 0.000000e+00 0.000000e+00
5.457921e-15 0.000000e+00 0.000000e+00
-3.235095e-13 0.000000e+00 0.000000e+00
1.610959e-13 0.000000e+00 0.000000e+00
-2.932626e-13 0.000000e+00 0.000000e+00
1.012594e-13 0.000000e+00 0.000000e+00
1.350700e-13 0.000000e+00 0.000000e+00
9.580101e-14 0.000000e+00 0.000000e+00
4.091875e-14 0.000000e+00 0.000000e+00
-1.340095e-13 0.000000e+00 0.000000e+00
3.634365e-14 0.000000e+00 0.000000e+00
3.379148e-13 0.000000e+00 0.000000e+00
6.444431e-14 0.000000e+00 0.000000e+00
6.499908e-14 0.000000e+00 0.000000e+00
-1.312603e-13 0.000000e+00 0.000000e+00
-1.233715e-13 0.000000e+00 0.000000e+00
-1.581315e-13 0.000000e+00 0.000000e+00
7.771531e-15 0.000000e+00 0.000000e+00
-9.339886e-14 0.000000e+00 0.000000e+00
8.041905e-14 0.000000e+00 0.000000e+00
1.581140e-13 0.000000e+00 0.000000e+00
-3.249646e-13 0.000000e+00 0.000000e+00
1.527053e-13 0.000000e+00 0.000000e+00
-2.590635e-14 0.000000e+00 0.000000e+00
-3.740594e-13 0.000000e+00 0.000000e+00
-1.711306e-13 0.000000e+00 0.000000e+00
-1.203973e-13 0.000000e+00 0.000000e+00
3.022437e-13 0.000000e+00 0.000000e+00
-5.436714e-14 0.000000e+00 0.000000e+00
2.496792e-13 0.000000e+00 0.000000e+00
5.070025e-14 0.000000e+00 0.000000e+00
-1.641064e-13 0.000000e+00 0.000000e+00
1.740051e-13 0.000000e+00 0.000000e+00
7.342683e-14 0.000000e+00 0.000000e+00
1.417981e-13 0.000000e+00 0.000000e+00
2.467776e-13 0.000000e+00 0.000000e+00
-1.936901e-13 0.000000e+00 0.000000e+00
-1.059677e-13 0.000000e+00 0.000000e+00
-2.109099e-13 0.000000e+00 0.000000e+00
-1.499051e-14 0.000000e+00 0.000000e+00
4.093688e-14 0.000000e+00 0.000000e+00
1.897112e-14 0.000000e+00 0.000000e+00
-2.209504e-13 0.000000e+00 0.000000e+00
1.211885e-13 0.000000e+00 0.000000e+00
-9.527961e-15 0.000000e+00 0.000000e+00
1.453523e-13 0.000000e+00 0.000000e+00
-2.498880e-13 0.000000e+00 0.000000e+00
-1.501609e-13 0.000000e+00 0.000000e+00
2.163220e-14 0.000000e+00 0.000000e+00
8.985490e-14 0.000000e+00 0.000000e+00
1.529425e-13 0.000000e+00 0.000000e+00
1.481875e-13 0.000000e+00 0.000000e+00
-9.882621e-14 0.000000e+00 0.000000e+00
-4.959004e-14 0.000000e+00 0.000000e+00
-2.453126e-13 0.000000e+00 0.000000e+00
-3.778180e-14 0.000000e+00 0.000000e+00
6.310599e-14 0.000000e+00 0.000000e+00
6.551500e-14 0.000000e+00 0.000000e+00
-1.295452e-15 0.000000e+00 0.000000e+00
2.184133e-13 0.000000e+00 0.000000e+00
2.092252e-15 0.000000e+00 0.000000e+00
-1.069991e-13 0.000000e+00 0.000000e+00
-6.877696e-14 0.000000e+00 0.000000e+00
4.796753e-13 0.000000e+00 0.000000e+00
-3.095837e-14 0.000000e+00 0.000000e+00
1.183407e-13 0.000000e+00 0.000000e+00
-2.411472e-13 0.000000e+00 0.000000e+00
-3.193001e-13 0.000000e+00 0.000000e+00
2.407376e-14 0.000000e+00 0.000000e+00
-1.173452e-13 0.000000e+00 0.000000e+00
-9.512911e-14 0.000000e+00 0.000000e+00
1.822732e-13 0.000000e+00 0.000000e+00
1.262913e-13 0.000000e+00 0.000000e+00
4.532164e-14 0.000000e+00 0.000000e+00
-1.156581e-13 0.000000e+00 0.000000e+00
3.141030e-13 0.000000e+00 0.000000e+00
5.516269e-14 0.000000e+00 0.000000e+00
-2.758587e-14 0.000000e+00 0.000000e+00
1.189338e-13 0.000000e+00 0.000000e+00
-2.952180e-13 0.000000e+00 0.000000e+00
-1.617616e-13 0.000000e+00 0.000000e+00
6.679837e-14 0.000000e+00 0.000000e+00
1.287361e-13 0.000000e+00 0.000000e+00
-1.800824e-13 0.000000e+00 0.000000e+00
-2.339263e-13 0.000000e+00 0.000000e+00
-1.475235e-13 0.000000e+00 0.000000e+00
-1.719497e-14 0.000000e+00 0.000000e+00
-9.194437e-14 0.000000e+00 0.000000e+00
-4.432734e-14 0.000000e+00 0.000000e+00
-1.680410e-13 0.000000e+00 0.000000e+00
-1.728620e-13 0.000000e+00 0.000000e+00
-1.651672e-13 0.000000e+00 0.000000e+00
-1.541936e-13 0.000000e+00 0.000000e+00
-1.231218e-13 0.000000e+00 0.000000e+00
-8.092425e-14 0.000000e+00 0.000000e+00
-1.490757e-13 0.000000e+00 0.000000e+00
5.038798e-14 0.000000e+00 0.000000e+00
2.196647e-13 0.000000e+00 0.000000e+00
-7.197759e-15 0.000000e+00 0.000000e+00
3.574996e-14 0.000000e+00 0.000000e+00
-1.326656e-13 0.000000e+00 0.000000e+00
-5.645537e-14 0.000000e+00 0.000000e+00
-3.306436e-14 0.000000e+00 0.000000e+00
-3.344646e-13 0.000000e+00 0.000000e+00
-8.862958e-14 0.000000e+00 0.000000e+00
-1.853142e-13 0.000000e+00 0.000000e+00
-1.588351e-13 0.000000e+00 0.000000e+00
1.235656e-13 0.000000e+00 0.000000e+00
1.907017e-13 0.000000e+00 0.000000e+00
3.618379e-13 0.000000e+00 0.000000e+00
3.631434e-13 0.000000e+00 0.000000e+00
-1.069134e-13 0.000000e+00 0.000000e+00
5.114515e-14 0.000000e+00 0.000000e+00
8.231099e-15 0.000000e+00 0.000000e+00
1.863565e-13 0.000000e+00 0.000000e+00
1.129462e-13 0.000000e+00 0.000000e+00
3.660188e-13 0.000000e+00 0.000000e+00
3.007552e-14 0.000000e+00 0.000000e+00
-2.494232e-13 0.000000e+00 0.000000e+00
-2.863330e-14 0.000000e+00 0.000000e+00
1.449711e-13 0.000000e+00 0.000000e+00
-1.362268e-13 0.000000e+00 0.000000e+00
-1.305787e-13 0.000000e+00 0.000000e+00
-2.956155e-13 0.000000e+00 0.000000e+00
-6.606568e-14 0.000000e+00 0.000000e+00
1.716083e-13 0.000000e+00 0.000000e+00
1.638450e-13 0.000000e+00 0.000000e+00
-1.210722e-13 0.000000e+00 0.000000e+00
-2.404553e-13 0.000000e+00 0.000000e+00
4.494138e-13 0.000000e+00 0.000000e+00
-7.179467e-14 0.000000e+00 0.000000e+00
-3.373499e-15 0.000000e+00 0.000000e+00
1.447942e-13 0.000000e+00 0.000000e+00
1.720116e-13 0.000000e+00 0.000000e+00
-2.216310e-13 0.000000e+00 0.000000e+00
-1.030182e-13 0.000000e+00 0.000000e+00
9.754959e-14 0.000000e+00 0.000000e+00
-1.420491e-13 0.000000e+00 0.000000e+00
-7.982713e-15 0.000000e+00 0.000000e+00
1.299929e-14 0.000000e+00 0.000000e+00
1.515957e-13 0.000000e+00 0.000000e+00
1.300897e-13 0.000000e+00 0.000000e+00
1.257603e-13 0.000000e+00 0.000000e+00
2.087790e-14 0.000000e+00 0.000000e+00
-2.419579e-13 0.000000e+00 0.000000e+00
1.119124e-13 0.000000e+00 0.000000e+00
9.997329e-14 0.000000e+00 0.000000e+00
-7.609416e-15 0.000000e+00 0.000000e+00
-1.401769e-13 0.000000e+00 0.000000e+00
-3.699987e-14 0.000000e+00 0.000000e+00
1.720663e-14 0.000000e+00 0.000000e+00
-2.467867e-13 0.000000e+00 0.000000e+00
8.964092e-14 0.000000e+00 0.000000e+00
2.079593e-13 0.000000e+00 0.000000e+00
2.336963e-13 0.000000e+00 0.000000e+00
-1.263363e-13 0.000000e+00 0.000000e+00
7.721810e-14 0.000000e+00 0.000000e+00
-1.964174e-13 0.000000e+00 0.000000e+00
-9.293164e-14 0.000000e+00 0.000000e+00
4.685036e-14 0.000000e+00 0.000000e+00
-2.686188e-13 0.000000e+00 0.000000e+00
-1.357991e-14 0.000000e+00 0.000000e+00
1.801274e-14 0.000000e+00 0.000000e+00
1.786117e-13 0.000000e+00 0.000000e+00
-1.048570e-13 0.000000e+00 0.000000e+00
1.037044e-13 0.000000e+00 0.000000e+00
-9.696856e-14 0.000000e+00 0.000000e+00
1.178680e-13 0.000000e+00 0.000000e+00
-3.533986e-13 0.000000e+00 0.000000e+00
5.650232e-14 0.000000e+00 0.000000e+00
1.653638e-13 0.000000e+00 0.000000e+00
1.691867e-13 0.000000e+00 0.000000e+00
9.815289e-15 0.000000e+00 0.000000e+00
-6.984569e-14 0.000000e+00 0.000000e+00
5.480564e-14 0.000000e+00 0.000000e+00
2.332065e-13 0.000000e+00 0.000000e+00
-5.531335e-14 0.000000e+00 0.000000e+00
7.180608e-14 0.000000e+00 0.000000e+00
-3.332560e-13 0.000000e+00 0.000000e+00
1.025878e-13 0.000000e+00 0.000000e+00
4.202381e-13 0.000000e+00 0.000000e+00
-3.868161e-14 0.000000e+00 0.000000e+00
-5.991273e-14 0.000000e+00 0.000000e+00
-3.496200e-14 0.000000e+00 0.000000e+00
1.103630e-13 0.000000e+00 0.000000e+00
-3.018717e-14 0.000000e+00 0.000000e+00
7.736565e-14 0.000000e+00 0.000000e+00
-1.716637e-13 0.000000e+00 0.000000e+00
6.390478e-14 0.000000e+00 0.000000e+00
7.827319e-14 0.000000e+00 0.000000e+00
-3.589928e-14 0.000000e+00 0.000000e+00
-2.820070e-14 0.000000e+00 0.000000e+00
3.060601e-14 0.000000e+00 0.000000e+00
-2.329411e-13 0.000000e+00 0.000000e+00
3.878255e-13 0.000000e+00 0.000000e+00
-8.345484e-14 0.000000e+00 0.000000e+00
-1.303944e-13 0.000000e+00 0.000000e+00
1.911146e-13 0.000000e+00 0.000000e+00
4.958166e-14 0.000000e+00 0.000000e+00
1.087346e-13 0.000000e+00 0.000000e+00
-1.633937e-13 0.000000e+00 0.000000e+00
1.569249e-13 0.000000e+00 0.000000e+00
-5.567931e-15 0.000000e+00 0.000000e+00
1.446964e-13 0.000000e+00 0.000000e+00
3.145070e-13 0.000000e+00 0.000000e+00
-1.143891e-13 0.000000e+00 0.000000e+00
-2.376553e-13 0.000000e+00 0.000000e+00
5.719253e-14 0.000000e+00 0.000000e+00
-5.786101e-14 0.000000e+00 0.000000e+00
1.014174e-13 0.000000e+00 0.000000e+00
4.058045e-13 0.000000e+00 0.000000e+00
1.598181e-14 0.000000e+00 0.000000e+00
1.794783e-13 0.000000e+00 0.000000e+00
-6.444839e-14 0.000000e+00 0.000000e+00
3.581328e-14 0.000000e+00 0.000000e+00
4.557234e-14 0.000000e+00 0.000000e+00
-9.438452e-14 0.000000e+00 0.000000e+00
5.167246e-14 0.000000e+00 0.000000e+00
9.211518e-14 0.000000e+00 0.000000e+00
1.733315e-15 0.000000e+00 0.000000e+00
1.774592e-13 0.000000e+00 0.000000e+00
1.313114e-13 0.000000e+00 0.000000e+00
9.126382e-14 0.000000e+00 0.000000e+00
-1.581968e-13 0.000000e+00 0.000000e+00
1.075597e-13 0.000000e+00 0.000000e+00
2.596150e-13 0.000000e+00 0.000000e+00
-2.488958e-13 0.000000e+00 0.000000e+00
6.160621e-14 0.000000e+00 0.000000e+00
2.850006e-14 0.000000e+00 0.000000e+00
-4.747880e-14 0.000000e+00 0.000000e+00
-2.932090e-13 0.000000e+00 0.000000e+00
9.250573e-14 0.000000e+00 0.000000e+00
-2.078312e-13 0.000000e+00 0.000000e+00
-5.707508e-14 0.000000e+00 0.000000e+00
-5.268469e-14 0.000000e+00 0.000000e+00
-9.141744e-14 0.000000e+00 0.000000e+00
3.708546e-14 0.000000e+00 0.000000e+00
-8.625894e-14 0.000000e+00 0.000000e+00
-2.181261e-13 0.000000e+00 0.000000e+00
1.265610e-13 0.000000e+00 0.000000e+00
1.619929e-14 0.000000e+00 0.000000e+00
-1.813217e-13 0.000000e+00 0.000000e+00
1.070355e-13 0.000000e+00 0.000000e+00
7.820905e-14 0.000000e+00 0.000000e+00
1.647489e-14 0.000000e+00 0.000000e+00
2.406941e-13 0.000000e+00 0.000000e+00
-2.502909e-14 0.000000e+00 0.000000e+00
6.241199e-14 0.000000e+00 0.000000e+00
-2.365243e-14 0.000000e+00 0.000000e+00
-2.954951e-13 0.000000e+00 0.000000e+00
8.982889e-14 0.000000e+00 0.000000e+00
1.430737e-13 0.000000e+00 0.000000e+00
-1.662671e-13 0.000000e+00 0.000000e+00
2.090489e-13 0.000000e+00 0.000000e+00
-3.354609e-13 0.000000e+00 0.000000e+00
1.461748e-13 0.000000e+00 0.000000e+00
2.033340e-13 0.000000e+00 0.000000e+00
-1.542635e-13 0.000000e+00 0.000000e+00
-6.543486e-14 0.000000e+00 0.000000e+00
2.565459e-15 0.000000e+00 0.000000e+00
-1.035462e-14 0.000000e+00 0.000000e+00
-3.976120e-14 0.000000e+00 0.000000e+00
7.546427e-14 0.000000e+00 0.000000e+00
1.591133e-13 0.000000e+00 0.000000e+00
-1.927329e-13 0.000000e+00 0.000000e+00
-1.250166e-13 0.000000e+00 0.000000e+00
-5.885623e-14 0.000000e+00 0.000000e+00
-2.446384e-13 0.000000e+00 0.000000e+00
-1.327211e-13 0.000000e+00 0.000000e+00
4.355108e-14 0.000000e+00 0.000000e+00
2.301016e-13 0.000000e+00 0.000000e+00
4.713462e-14 0.000000e+00 0.000000e+00
2.382915e-13 0.000000e+00 0.000000e+00
-2.983840e-14 0.000000e+00 0.000000e+00
1.140618e-13 0.000000e+00 0.000000e+00
9.774599e-14 0.000000e+00 0.000000e+00
2.144032e-13 0.000000e+00 0.000000e+00
-8.058435e-14 0.000000e+00 0.000000e+00
-5.039460e-14 0.000000e+00 0.000000e+00
-6.191396e-14 0.000000e+00 0.000000e+00
4.104336e-14 0.000000e+00 0.000000e+00
3.673911e-13 0.000000e+00 0.000000e+00
-2.503889e-13 0.000000e+00 0.000000e+00
-1.789881e-13 0.000000e+00 0.000000e+00
-8.731045e-14 0.000000e+00 0.000000e+00
2.336894e-13 0.000000e+00 0.000000e+00
1.359509e-14 0.000000e+00 0.000000e+00
9.255701e-14 0.000000e+00 0.000000e+00
4.701799e-14 0.000000e+00 0.000000e+00
-5.329166e-14 0.000000e+00 0.000000e+00
2.093789e-13 0.000000e+00 0.000000e+00
-6.448267e-14 0.000000e+00 0.000000e+00
-1.951730e-13 0.000000e+00 0.000000e+00
-1.934474e-13 0.000000e+00 0.000000e+00
6.293755e-14 0.000000e+00 0.000000e+00
1.272107e-13 0.000000e+00 0.000000e+00
2.346563e-13 0.000000e+00 0.000000e+00
-5.761860e-14 0.000000e+00 0.000000e+00
1.456873e-13 0.000000e+00 0.000000e+00
-1.433347e-13 0.000000e+00 0.000000e+00
-3.010373e-13 0.000000e+00 0.000000e+00
4.678861e-15 0.000000e+00 0.000000e+00
1.940143e-13 0.000000e+00 0.000000e+00
-1.389348e-13 0.000000e+00 0.000000e+00
-6.482902e-14 0.000000e+00 0.000000e+00
-4.676388e-13 0.000000e+00 0.000000e+00
-3.674843e-14 0.000000e+00 0.000000e+00
-6.550034e-14 0.000000e+00 0.000000e+00
7.580851e-14 0.000000e+00 0.000000e+00
9.418349e-15 0.000000e+00 0.000000e+00
1.322098e-14 0.000000e+00 0.000000e+00
-1.137593e-13 0.000000e+00 0.000000e+00
-6.043907e-14 0.000000e+00 0.000000e+00
3.073514e-13 0.000000e+00 0.000000e+00
1.536544e-13 0.000000e+00 0.000000e+00
2.377468e-14 0.000000e+00 0.000000e+00
2.039162e-13 0.000000e+00 0.000000e+00
1.371323e-13 0.000000e+00 0.000000e+00
2.459288e-14 0.000000e+00 0.000000e+00
-2.806560e-14 0.000000e+00 0.000000e+00
2.121292e-14 0.000000e+00 0.000000e+00
-1.992562e-13 0.000000e+00 0.000000e+00
-3.800267e-14 0.000000e+00 0.000000e+00
3.355958e-13 0.000000e+00 0.000000e+00
2.243288e-13 0.000000e+00 0.000000e+00
1.021338e-13 0.000000e+00 0.000000e+00
3.349488e-13 0.000000e+00 0.000000e+00
-6.721967e-14 0.000000e+00 0.000000e+00
1.570229e-13 0.000000e+00 0.000000e+00
2.618202e-13 0.000000e+00 0.000000e+00
2.074338e-13 0.000000e+00 0.000000e+00
-1.690891e-13 0.000000e+00 0.000000e+00
-9.504274e-14 0.000000e+00 0.000000e+00
-4.518567e-14 0.000000e+00 0.000000e+00
1.989853e-13 0.000000e+00 0.000000e+00
-1.617275e-13 0.000000e+00 0.000000e+00
-1.212389e-14 0.000000e+00 0.000000e+00
-2.181661e-13 0.000000e+00 0.000000e+00
-2.752563e-14 0.000000e+00 0.000000e+00
1.422175e-13 0.000000e+00 0.000000e+00
-1.309257e-13 0.000000e+00 0.000000e+00
-4.571019e-14 0.000000e+00 0.000000e+00
9.556754e-14 0.000000e+00 0.000000e+00
1.962985e-13 0.000000e+00 0.000000e+00
-1.962054e-13 0.000000e+00 0.000000e+00
-1.274238e-13 0.000000e+00 0.000000e+00
-2.234566e-14 0.000000e+00 0.000000e+00
2.299196e-13 0.000000e+00 0.000000e+00
5.392224e-14 0.000000e+00 0.000000e+00
-2.715238e-13 0.000000e+00 0.000000e+00
2.270155e-13 0.000000e+00 0.000000e+00
2.997056e-13 0.000000e+00 0.000000e+00
1.174426e-13 0.000000e+00 0.000000e+00
-2.411311e-14 0.000000e+00 0.000000e+00
-2.542054e-14 0.000000e+00 0.000000e+00
-2.307553e-13 0.000000e+00 0.000000e+00
-1.363975e-13 0.000000e+00 0.000000e+00
2.256744e-13 0.000000e+00 0.000000e+00
-1.355891e-13 0.000000e+00 0.000000e+00
-3.992091e-13 0.000000e+00 0.000000e+00
-3.466747e-14 0.000000e+00 0.000000e+00
1.830717e-13 0.000000e+00 0.000000e+00
3.084658e-13 0.000000e+00 0.000000e+00
3.919762e-14 0.000000e+00 0.000000e+00
-9.531584e-14 0.000000e+00 0.000000e+00
1.488321e-13 0.000000e+00 0.000000e+00
5.813216e-14 0.000000e+00 0.000000e+00
1.952298e-13 0.000000e+00 0.000000e+00
-1.728892e-13 0.000000e+00 0.000000e+00
-1.449122e-13 0.000000e+00 0.000000e+00
-4.505559e-14 0.000000e+00 0.000000e+00
-2.055124e-13 0.000000e+00 0.000000e+00
-6.760079e-14 0.000000e+00 0.000000e+00
2.435249e-13 0.000000e+00 0.000000e+00
-2.826277e-13 0.000000e+00 0.000000e+00
-9.615587e-14 0.000000e+00 0.000000e+00
3.098658e-13 0.000000e+00 0.000000e+00
-2.605958e-13 0.000000e+00 0.000000e+00
-2.208993e-14 0.000000e+00 0.000000e+00
1.560047e-15 0.000000e+00 0.000000e+00
2.383735e-13 0.000000e+00 0.000000e+00
1.532989e-13 0.000000e+00 0.000000e+00
1.519723e-13 0.000000e+00 0.000000e+00
-1.647093e-13 0.000000e+00 0.000000e+00
-3.307373e-14 0.000000e+00 0.000000e+00
-8.570787e-14 0.000000e+00 0.000000e+00
1.970385e-13 0.000000e+00 0.000000e+00
-2.967117e-14 0.000000e+00 0.000000e+00
-1.420820e-14 0.000000e+00 0.000000e+00
-2.152049e-13 0.000000e+00 0.000000e+00
2.573042e-13 0.000000e+00 0.000000e+00
-1.245499e-13 0.000000e+00 0.000000e+00
7.883398e-14 0.000000e+00 0.000000e+00
-2.219283e-13 0.000000e+00 0.000000e+00
-6.223590e-15 0.000000e+00 0.000000e+00
3.231762e-14 0.000000e+00 0.000000e+00
2.147662e-13 0.000000e+00 0.000000e+00
-2.496434e-15 0.000000e+00 0.000000e+00
-4.038381e-14 0.000000e+00 0.000000e+00
-1.983775e-13 0.000000e+00 0.000000e+00
-2.108130e-13 0.000000e+00 0.000000e+00
-1.117395e-14 0.000000e+00 0.000000e+00
-8.869262e-14 0.000000e+00 0.000000e+00
2.383916e-13 0.000000e+00 0.000000e+00
-2.061791e-13 0.000000e+00 0.000000e+00
9.430990e-14 0.000000e+00 0.000000e+00
-1.620138e-13 0.000000e+00 0.000000e+00
3.023708e-13 0.000000e+00 0.000000e+00
1.873917e-13 0.000000e+00 0.000000e+00
-2.759189e-13 0.000000e+00 0.000000e+00
-4.472161e-13 0.000000e+00 0.000000e+00
-8.951562e-14 0.000000e+00 0.000000e+00
6.342182e-14 0.000000e+00 0.000000e+00
-1.006337e-14 0.000000e+00 0.000000e+00
7.801777e-14 0.000000e+00 0.000000e+00
-3.240304e-15 0.000000e+00 0.000000e+00
-3.555243e-13 0.000000e+00 0.000000e+00
-1.999217e-13 0.000000e+00 0.000000e+00
-3.828415e-13 0.000000e+00 0.000000e+00
1.192127e-13 0.000000e+00 0.000000e+00
6.680370e-14 0.000000e+00 0.000000e+00
2.235821e-13 0.000000e+00 0.000000e+00
-3.216600e-13 0.000000e+00 0.000000e+00
-9.731021e-14 0.000000e+00 0.000000e+00
-2.124267e-13 0.000000e+00 0.000000e+00
-2.492963e-13 0.000000e+00 0.000000e+00
-6.801579e-16 0.000000e+00 0.000000e+00
1.005101e-13 0.000000e+00 0.000000e+00
4.000492e-14 0.000000e+00 0.000000e+00
-1.927117e-13 0.000000e+00 0.000000e+00
1.426360e-13 0.000000e+00 0.000000e+00
-2.543272e-13 0.000000e+00 0.000000e+00
-2.860732e-16 0.000000e+00 0.000000e+00
-2.229825e-13 0.000000e+00 0.000000e+00
1.583662e-13 0.000000e+00 0.000000e+00
4.515715e-13 0.000000e+00 0.000000e+00
1.179884e-13 0.000000e+00 0.000000e+00
3.523189e-15 0.000000e+00 0.000000e+00
1.241134e-13 0.000000e+00 0.000000e+00
2.584684e-14 0.000000e+00 0.000000e+00
8.019234e-14 0.000000e+00 0.000000e+00
1.718456e-13 0.000000e+00 0.000000e+00
-6.506346e-14 0.000000e+00 0.000000e+00
-1.356955e-13 0.000000e+00 0.000000e+00
-1.460699e-13 0.000000e+00 0.000000e+00
-2.944089e-14 0.000000e+00 0.000000e+00
-2.510108e-14 0.000000e+00 0.000000e+00
9.765864e-14 0.000000e+00 0.000000e+00
4.328103e-13 0.000000e+00 0.000000e+00
-1.212542e-13 0.000000e+00 0.000000e+00
-8.313710e-14 0.000000e+00 0.000000e+00
-1.299962e-14 0.000000e+00 0.000000e+00
3.513762e-13 0.000000e+00 0.000000e+00
1.029309e-13 0.000000e+00 0.000000e+00
-1.396160e-13 0.000000e+00 0.000000e+00
-3.197853e-14 0.000000e+00 0.000000e+00
-3.186353e-13 0.000000e+00 0.000000e+00
-8.453175e-14 0.000000e+00 0.000000e+00
1.430492e-14 0.000000e+00 0.000000e+00
1.164916e-13 0.000000e+00 0.000000e+00
-9.614530e-14 0.000000e+00 0.000000e+00
-1.639523e-13 0.000000e+00 0.000000e+00
-2.772423e-13 0.000000e+00 0.000000e+00
-1.605984e-13 0.000000e+00 0.000000e+00
3.308145e-14 0.000000e+00 0.000000e+00
-1.742088e-13 0.000000e+00 0.000000e+00
-2.858415e-13 0.000000e+00 0.000000e+00
-1.509191e-13 0.000000e+00 0.000000e+00
1.085671e-13 0.000000e+00 0.000000e+00
3.160366e-13 0.000000e+00 0.000000e+00
-1.978768e-14 0.000000e+00 0.000000e+00
-1.109470e-13 0.000000e+00 0.000000e+00
-5.878195e-14 0.000000e+00 0.000000e+00
2.785252e-13 0.000000e+00 0.000000e+00
7.380018e-14 0.000000e+00 0.000000e+00
-6.922151e-14 0.000000e+00 0.000000e+00
2.569363e-13 0.000000e+00 0.000000e+00
1.734281e-13 0.000000e+00 0.000000e+00
-1.543398e-13 0.000000e+00 0.000000e+00
-3.123589e-14 0.000000e+00 0.000000e+00
-3.592647e-14 0.000000e+00 0.000000e+00
2.507334e-13 0.000000e+00 0.000000e+00
3.979944e-13 0.000000e+00 0.000000e+00
-1.297978e-13 0.000000e+00 0.000000e+00
2.420106e-13 0.000000e+00 0.000000e+00
-7.441551e-14 0.000000e+00 0.000000e+00
1.548953e-13 0.000000e+00 0.000000e+00
-3.264034e-13 0.000000e+00 0.000000e+00
-5.483156e-14 0.000000e+00 0.000000e+00
-1.079881e-13 0.000000e+00 0.000000e+00
1.191917e-14 0.000000e+00 0.000000e+00
-1.770022e-13 0.000000e+00 0.000000e+00
-6.494441e-14 0.000000e+00 0.000000e+00
8.553040e-14 0.000000e+00 0.000000e+00
-3.127415e-13 0.000000e+00 0.000000e+00
9.505290e-14 0.000000e+00 0.000000e+00
-2.038410e-13 0.000000e+00 0.000000e+00
2.852237e-15 0.000000e+00 0.000000e+00
1.310374e-13 0.000000e+00 0.000000e+00
3.342543e-14 0.000000e+00 0.000000e+00
1.039973e-13 0.000000e+00 0.000000e+00
-8.237770e-14 0.000000e+00 0.000000e+00
4.107099e-13 0.000000e+00 0.000000e+00
2.744937e-13 0.000000e+00 0.000000e+00
1.050147e-13 0.000000e+00 0.000000e+00
-6.005735e-14 0.000000e+00 0.000000e+00
2.785229e-13 0.000000e+00 0.000000e+00
-2.294125e-13 0.000000e+00 0.000000e+00
2.203856e-13 0.000000e+00 0.000000e+00
9.413588e-14 0.000000e+00 0.000000e+00
1.049095e-13 0.000000e+00 0.000000e+00
2.975909e-13 0.000000e+00 0.000000e+00
-2.166607e-14 0.000000e+00 0.000000e+00
1.544758e-13 0.000000e+00 0.000000e+00
-1.916143e-13 0.000000e+00 0.000000e+00
-1.512165e-13 0.000000e+00 0.000000e+00
8.527494e-14 0.000000e+00 0.000000e+00
1.375700e-13 0.000000e+00 0.000000e+00
1.750613e-13 0.000000e+00 0.000000e+00
5.803645e-14 0.000000e+00 0.000000e+00
3.442309e-13 0.000000e+00 0.000000e+00
-8.624766e-14 0.000000e+00 0.000000e+00
-2.343787e-14 0.000000e+00 0.000000e+00
-3.084390e-13 0.000000e+00 0.000000e+00
2.243524e-13 0.000000e+00 0.000000e+00
3.232135e-13 0.000000e+00 0.000000e+00
1.138379e-13 0.000000e+00 0.000000e+00
-7.840767e-14 0.000000e+00 0.000000e+00
2.081761e-15 0.000000e+00 0.000000e+00
1.533569e-13 0.000000e+00 0.000000e+00
1.863275e-13 0.000000e+00 0.000000e+00
1.505015e-13 0.000000e+00 0.000000e+00
2.045318e-13 0.000000e+00 0.000000e+00
-3.388081e-13 0.000000e+00 0.000000e+00
-2.433558e-13 0.000000e+00 0.000000e+00
1.497884e-13 0.000000e+00 0.000000e+00
4.487404e-14 0.000000e+00 0.000000e+00
5.327671e-14 0.000000e+00 0.000000e+00
1.032027e-13 0.000000e+00 0.000000e+00
-5.022311e-14 0.000000e+00 0.000000e+00
4.774659e-15 0.000000e+00 0.000000e+00
-5.198944e-13 0.000000e+00 0.000000e+00
1.900999e-13 0.000000e+00 0.000000e+00
3.141110e-14 0.000000e+00 0.000000e+00
9.731170e-14 0.000000e+00 0.000000e+00
-5.049805e-14 0.000000e+00 0.000000e+00
2.264152e-13 0.000000e+00 0.000000e+00
8.936415e-14 0.000000e+00 0.000000e+00
1.512710e-14 0.000000e+00 0.000000e+00
-1.136404e-13 0.000000e+00 0.000000e+00
7.420458e-14 0.000000e+00 0.000000e+00
2.999037e-13 0.000000e+00 0.000000e+00
1.233494e-14 0.000000e+00 0.000000e+00
2.029985e-13 0.000000e+00 0.000000e+00
2.056397e-13 0.000000e+00 0.000000e+00
6.204860e-14 0.000000e+00 0.000000e+00
-2.843528e-13 0.000000e+00 0.000000e+00
-1.120118e-13 0.000000e+00 0.000000e+00
-2.585055e-14 0.000000e+00 0.000000e+00
1.705936e-13 0.000000e+00 0.000000e+00
-1.311165e-13 0.000000e+00 0.000000e+00
2.723835e-13 0.000000e+00 0.000000e+00
1.247862e-13 0.000000e+00 0.000000e+00
3.750381e-13 0.000000e+00 0.000000e+00
-8.631805e-14 0.000000e+00 0.000000e+00
-9.873019e-14 0.000000e+00 0.000000e+00
5.174610e-14 0.000000e+00 0.000000e+00
-1.352287e-13 0.000000e+00 0.000000e+00
2.072919e-14 0.000000e+00 0.000000e+00
2.778259e-13 0.000000e+00 0.000000e+00
1.410150e-13 0.000000e+00 0.000000e+00
-3.131672e-14 0.000000e+00 0.000000e+00
2.085557e-14 0.000000e+00 0.000000e+00
-1.637967e-13 0.000000e+00 0.000000e+00
-1.116519e-13 0.000000e+00 0.000000e+00
-2.428909e-14 0.000000e+00 0.000000e+00
-1.736705e-13 0.000000e+00 0.000000e+00
-6.612069e-14 0.000000e+00 0.000000e+00
1.533999e-14 0.000000e+00 0.000000e+00
-1.542016e-13 0.000000e+00 0.000000e+00
-3.372932e-14 0.000000e+00 0.000000e+00
-1.329349e-13 0.000000e+00 0.000000e+00
1.964275e-13 0.000000e+00 0.000000e+00
-1.273732e-13 0.000000e+00 0.000000e+00
-6.397053e-15 0.000000e+00 0.000000e+00
-5.253579e-14 0.000000e+00 0.000000e+00
1.108087e-13 0.000000e+00 0.000000e+00
-2.232250e-13 0.000000e+00 0.000000e+00
-7.543706e-14 0.000000e+00 0.000000e+00
-4.178617e-14 0.000000e+00 0.000000e+00
-4.544139e-14 0.000000e+00 0.000000e+00
6.770969e-14 0.000000e+00 0.000000e+00
6.885198e-14 0.000000e+00 0.000000e+00
1.052086e-13 0.000000e+00 0.000000e+00
1.744566e-13 0.000000e+00 0.000000e+00
-2.750734e-13 0.000000e+00 0.000000e+00
3.607613e-13 0.000000e+00 0.000000e+00
-1.508673e-13 0.000000e+00 0.000000e+00
1.143576e-13 0.000000e+00 0.000000e+00
1.330803e-13 0.000000e+00 0.000000e+00
-1.059947e-13 0.000000e+00 0.000000e+00
1.796412e-13 0.000000e+00 0.000000e+00
-3.034260e-14 0.000000e+00 0.000000e+00
6.544705e-14 0.000000e+00 0.000000e+00
1.316035e-16 0.000000e+00 0.000000e+00
1.231384e-13 0.000000e+00 0.000000e+00
-1.591514e-13 0.000000e+00 0.000000e+00
5.455717e-14 0.000000e+00 0.000000e+00
-2.910387e-13 0.000000e+00 0.000000e+00
-1.812387e-13 0.000000e+00 0.000000e+00
-7.448135e-15 0.000000e+00 0.000000e+00
2.929911e-13 0.000000e+00 0.000000e+00
-4.784672e-14 0.000000e+00 0.000000e+00
2.963325e-13 0.000000e+00 0.000000e+00
-5.891635e-14 0.000000e+00 0.000000e+00
-4.349463e-14 0.000000e+00 0.000000e+00
3.073566e-14 0.000000e+00 0.000000e+00
-4.181466e-13 0.000000e+00 0.000000e+00
-2.951493e-13 0.000000e+00 0.000000e+00
1.130783e-13 0.000000e+00 0.000000e+00
1.621333e-13 0.000000e+00 0.000000e+00
3.710842e-15 0.000000e+00 0.000000e+00
1.261578e-13 0.000000e+00 0.000000e+00
2.338323e-13 0.000000e+00 0.000000e+00
1.520142e-14 0.000000e+00 0.000000e+00
3.691148e-13 0.000000e+00 0.000000e+00
-2.741772e-14 0.000000e+00 0.000000e+00
1.151405e-14 0.000000e+00 0.000000e+00
1.961617e-13 0.000000e+00 0.000000e+00
5.280438e-14 0.000000e+00 0.000000e+00
-7.801327e-14 0.000000e+00 0.000000e+00
1.683714e-13 0.000000e+00 0.000000e+00
1.528822e-13 0.000000e+00 0.000000e+00
-1.107017e-13 0.000000e+00 0.000000e+00
2.244259e-13 0.000000e+00 0.000000e+00
1.135290e-13 0.000000e+00 0.000000e+00
1.548997e-14 0.000000e+00 0.000000e+00
7.971250e-14 0.000000e+00 0.000000e+00
-4.271438e-14 0.000000e+00 0.000000e+00
-2.072908e-13 0.000000e+00 0.000000e+00
-2.762627e-14 0.000000e+00 0.000000e+00
-2.297418e-13 0.000000e+00 0.000000e+00
-2.095802e-13 0.000000e+00 0.000000e+00
-7.595813e-14 0.000000e+00 0.000000e+00
-1.741408e-13 0.000000e+00 0.000000e+00
-7.870450e-14 0.000000e+00 0.000000e+00
-4.232190e-14 0.000000e+00 0.000000e+00
1.905937e-14 0.000000e+00 0.000000e+00
-6.317799e-14 0.000000e+00 0.000000e+00
2.142660e-14 0.000000e+00 0.000000e+00
-8.769266e-14 0.000000e+00 0.000000e+00
1.226462e-13 0.000000e+00 0.000000e+00
-9.950664e-14 0.000000e+00 0.000000e+00
8.462383e-14 0.000000e+00 0.000000e+00
6.791869e-14 0.000000e+00 0.000000e+00
-2.402522e-14 0.000000e+00 0.000000e+00
1.721314e-14 0.000000e+00 0.000000e+00
-1.636833e-13 0.000000e+00 0.000000e+00
-1.766434e-13 0.000000e+00 0.000000e+00
1.568015e-13 0.000000e+00 0.000000e+00
2.648959e-14 0.000000e+00 0.000000e+00
1.975099e-13 0.000000e+00 0.000000e+00
2.896568e-13 0.000000e+00 0.000000e+00
3.841630e-13 0.000000e+00 0.000000e+00
-8.129290e-16 0.000000e+00 0.000000e+00
1.181044e-14 0.000000e+00 0.000000e+00
1.879764e-13 0.000000e+00 0.000000e+00
1.382923e-13 0.000000e+00 0.000000e+00
-7.629544e-14 0.000000e+00 0.000000e+00
-3.360742e-15 0.000000e+00 0.000000e+00
-3.747876e-14 0.000000e+00 0.000000e+00
-1.446372e-13 0.000000e+00 0.000000e+00
-3.552548e-14 0.000000e+00 0.000000e+00
-2.245207e-14 0.000000e+00 0.000000e+00
1.906514e-13 0.000000e+00 0.000000e+00
8.506493e-14 0.000000e+00 0.000000e+00
-9.256738e-14 0.000000e+00 0.000000e+00
-2.783045e-15 0.000000e+00 0.000000e+00
3.537964e-14 0.000000e+00 0.000000e+00
-2.234646e-13 0.000000e+00 0.000000e+00
-2.425691e-13 0.000000e+00 0.000000e+00
-1.185113e-13 0.000000e+00 0.000000e+00
1.714375e-13 0.000000e+00 0.000000e+00
1.333863e-13 0.000000e+00 0.000000e+00
1.045350e-14 0.000000e+00 0.000000e+00
-1.329529e-13 0.000000e+00 0.000000e+00
-4.836492e-14 0.000000e+00 0.000000e+00
-1.835967e-14 0.000000e+00 0.000000e+00
2.500502e-13 0.000000e+00 0.000000e+00
-4.035750e-13 0.000000e+00 0.000000e+00
-1.958769e-13 0.000000e+00 0.000000e+00
4.813895e-14 0.000000e+00 0.000000e+00
-4.501656e-14 0.000000e+00 0.000000e+00
9.222203e-14 0.000000e+00 0.000000e+00
-2.248907e-14 0.000000e+00 0.000000e+00
-3.522246e-14 0.000000e+00 0.000000e+00
-8.099072e-14 0.000000e+00 0.000000e+00
7.058958e-14 0.000000e+00 0.000000e+00
-1.022951e-13 0.000000e+00 0.000000e+00
-1.816874e-13 0.000000e+00 0.000000e+00
-8.413390e-14 0.000000e+00 0.000000e+00
-2.991173e-13 0.000000e+00 0.000000e+00
4.803313e-14 0.000000e+00 0.000000e+00
-2.402158e-14 0.000000e+00 0.000000e+00
-2.864239e-13 0.000000e+00 0.000000e+00
-1.422551e-13 0.000000e+00 0.000000e+00
-1.958698e-13 0.000000e+00 0.000000e+00
1.385723e-13 0.000000e+00 0.000000e+00
-1.195339e-13 0.000000e+00 0.000000e+00
-1.576483e-13 0.000000e+00 0.000000e+00
3.090509e-13 0.000000e+00 0.000000e+00
-2.116951e-13 0.000000e+00 0.000000e+00
-2.995702e-13 0.000000e+00 0.000000e+00
6.462071e-14 0.000000e+00 0.000000e+00
9.435491e-14 0.000000e+00 0.000000e+00
2.109920e-13 0.000000e+00 0.000000e+00
4.486460e-14 0.000000e+00 0.000000e+00
2.961208e-13 0.000000e+00 0.000000e+00
2.309107e-13 0.000000e+00 0.000000e+00
-1.921956e-13 0.000000e+00 0.000000e+00
-4.895324e-14 0.000000e+00 0.000000e+00
2.011499e-13 0.000000e+00 0.000000e+00
-8.918316e-14 0.000000e+00 0.000000e+00
-2.841388e-14 0.000000e+00 0.000000e+00
-2.196367e-13 0.000000e+00 0.000000e+00
1.265590e-13 0.000000e+00 0.000000e+00
7.105214e-15 0.000000e+00 0.000000e+00
-1.175872e-13 0.000000e+00 0.000000e+00
1.219076e-13 0.000000e+00 0.000000e+00
1.779929e-13 0.000000e+00 0.000000e+00
7.901876e-14 0.000000e+00 0.000000e+00
1.772251e-13 0.000000e+00 0.000000e+00
-4.968576e-14 0.000000e+00 0.000000e+00
6.007187e-14 0.000000e+00 0.000000e+00
-2.431289e-13 0.000000e+00 0.000000e+00
-2.123929e-13 0.000000e+00 0.000000e+00
-1.749760e-13 0.000000e+00 0.000000e+00
2.343195e-13 0.000000e+00 0.000000e+00
-2.909106e-13 0.000000e+00 0.000000e+00
-6.429968e-14 0.000000e+00 0.000000e+00
3.254471e-13 0.000000e+00 0.000000e+00
9.065484e-14 0.000000e+00 0.000000e+00
5.558183e-14 0.000000e+00 0.000000e+00
-2.168954e-13 0.000000e+00 0.000000e+00
1.234046e-13 0.000000e+00 0.000000e+00
-2.247077e-14 0.000000e+00 0.000000e+00
3.498939e-14 0.000000e+00 0.000000e+00
8.470692e-14 0.000000e+00 0.000000e+00
-5.806241e-14 0.000000e+00 0.000000e+00
-2.092469e-13 0.000000e+00 0.000000e+00
-2.054806e-13 0.000000e+00 0.000000e+00
-2.456202e-13 0.000000e+00 0.000000e+00
-1.337931e-13 0.000000e+00 0.000000e+00
-3.322664e-14 0.000000e+00 0.000000e+00
7.475174e-14 0.000000e+00 0.000000e+00
-2.301062e-13 0.000000e+00 0.000000e+00
-3.425942e-13 0.000000e+00 0.000000e+00
-9.966972e-14 0.000000e+00 0.000000e+00
-3.614511e-14 0.000000e+00 0.000000e+00
3.185180e-14 0.000000e+00 0.000000e+00
4.910741e-14 0.000000e+00 0.000000e+00
1.073448e-13 0.000000e+00 0.000000e+00
-6.918359e-14 0.000000e+00 0.000000e+00
-1.095840e-13 0.000000e+00 0.000000e+00
-8.770829e-14 0.000000e+00 0.000000e+00
-2.475257e-14 0.000000e+00 0.000000e+00
-5.837399e-15 0.000000e+00 0.000000e+00
-7.759204e-14 0.000000e+00 0.000000e+00
-3.705673e-14 0.000000e+00 0.000000e+00
-9.972988e-14 0.000000e+00 0.000000e+00
1.885503e-14 0.000000e+00 0.000000e+00
-1.485302e-13 0.000000e+00 0.000000e+00
4.640800e-14 0.000000e+00 0.000000e+00
2.460540e-13 0.000000e+00 0.000000e+00
-4.140517e-14 0.000000e+00 0.000000e+00
7.624218e-14 0.000000e+00 0.000000e+00
1.001613e-13 0.000000e+00 0.000000e+00
8.012968e-14 0.000000e+00 0.000000e+00
-8.325105e-14 0.000000e+00 0.000000e+00
-5.338861e-14 0.000000e+00 0.000000e+00
1.026422e-13 0.000000e+00 0.000000e+00
-5.011953e-14 0.000000e+00 0.000000e+00
3.909808e-14 0.000000e+00 0.000000e+00
1.172999e-14 0.000000e+00 0.000000e+00
-2.287700e-13 0.000000e+00 0.000000e+00
3.273166e-14 0.000000e+00 0.000000e+00
7.862419e-14 0.000000e+00 0.000000e+00
1.703785e-13 0.000000e+00 0.000000e+00
2.754222e-13 0.000000e+00 0.000000e+00
-6.999947e-14 0.000000e+00 0.000000e+00
5.336587e-13 0.000000e+00 0.000000e+00
7.955917e-14 0.000000e+00 0.000000e+00
-4.144436e-14 0.000000e+00 0.000000e+00
-1.275056e-13 0.000000e+00 0.000000e+00
2.986335e-14 0.000000e+00 0.000000e+00
-2.098042e-13 0.000000e+00 0.000000e+00
5.527504e-14 0.000000e+00 0.000000e+00
3.040550e-14 0.000000e+00 0.000000e+00
-1.638206e-13 0.000000e+00 0.000000e+00
-1.108132e-13 0.000000e+00 0.000000e+00
-1.526838e-13 0.000000e+00 0.000000e+00
1.443655e-13 0.000000e+00 0.000000e+00
1.303031e-14 0.000000e+00 0.000000e+00
2.942534e-13 0.000000e+00 0.000000e+00
-1.712965e-13 0.000000e+00 0.000000e+00
1.642851e-13 0.000000e+00 0.000000e+00
1.393315e-13 0.000000e+00 0.000000e+00
-2.370512e-13 0.000000e+00 0.000000e+00
-1.723469e-13 0.000000e+00 0.000000e+00
3.759329e-13 0.000000e+00 0.000000e+00
2.078180e-13 0.000000e+00 0.000000e+00
7.028492e-14 0.000000e+00 0.000000e+00
9.130800e-14 0.000000e+00 0.000000e+00
1.854151e-13 0.000000e+00 0.000000e+00
6.722373e-14 0.000000e+00 0.000000e+00
5.447193e-14 0.000000e+00 0.000000e+00
6.561545e-14 0.000000e+00 0.000000e+00
-2.584449e-13 0.000000e+00 0.000000e+00
6.659591e-14 0.000000e+00 0.000000e+00
1.695016e-13 0.000000e+00 0.000000e+00
2.003302e-14 0.000000e+00 0.000000e+00
3.293390e-13 0.000000e+00 0.000000e+00
-1.392091e-13 0.000000e+00 0.000000e+00
-2.202367e-13 0.000000e+00 0.000000e+00
2.579328e-13 0.000000e+00 0.000000e+00
2.847848e-13 0.000000e+00 0.000000e+00
1.375218e-13 0.000000e+00 0.000000e+00
-2.757895e-14 0.000000e+00 0.000000e+00
1.248709e-13 0.000000e+00 0.000000e+00
-3.066223e-14 0.000000e+00 0.000000e+00
-1.972823e-14 0.000000e+00 0.000000e+00
-2.261069e-14 0.000000e+00 0.000000e+00
-2.042194e-14 0.000000e+00 0.000000e+00
6.709498e-14 0.000000e+00 0.000000e+00
1.550194e-13 0.000000e+00 0.000000e+00
-2.802204e-13 0.000000e+00 0.000000e+00
3.012078e-13 0.000000e+00 0.000000e+00
4.049251e-14 0.000000e+00 0.000000e+00
1.375648e-13 0.000000e+00 0.000000e+00
-2.795783e-14 0.000000e+00 0.000000e+00
-1.646639e-13 0.000000e+00 0.000000e+00
1.331602e-13 0.000000e+00 0.000000e+00
8.534873e-14 0.000000e+00 0.000000e+00
2.811826e-13 0.000000e+00 0.000000e+00
