step K U E temp
0 3.335390e-21 -3.600769e-20 -3.267230e-20 4.831627e+02
1000 1.059688e-21 -4.083255e-20 -3.977287e-20 1.535058e+02
2000 4.238783e-22 -4.079429e-20 -4.037041e-20 6.140275e+01
3000 4.441599e-21 -4.109349e-20 -3.665189e-20 6.434073e+02
4000 1.399086e-21 -4.091820e-20 -3.951911e-20 2.026708e+02
5000 3.852281e-21 -4.000167e-20 -3.614939e-20 5.580391e+02
6000 1.042201e-21 -4.030313e-20 -3.926093e-20 1.509727e+02
7000 1.329332e-21 -3.995261e-20 -3.862328e-20 1.925663e+02
8000 3.789747e-21 -4.084272e-20 -3.705298e-20 5.489805e+02
9000 7.608530e-21 -4.007856e-20 -3.247003e-20 1.102167e+03
10000 9.461639e-23 -4.109803e-20 -4.100341e-20 1.370607e+01
11000 2.564420e-22 -4.103508e-20 -4.077864e-20 3.714804e+01
12000 9.343742e-22 -2.652375e-20 -2.558937e-20 1.353529e+02
13000 3.241021e-22 -4.085789e-20 -4.053379e-20 4.694925e+01
14000 3.060774e-22 -4.045390e-20 -4.014783e-20 4.433819e+01
15000 4.732981e-23 -3.561934e-20 -3.557201e-20 6.856168e+00
16000 6.935232e-23 -3.422947e-20 -3.416011e-20 1.004634e+01
17000 2.595150e-21 -4.103361e-20 -3.843846e-20 3.759318e+02
18000 5.280414e-21 -3.792686e-20 -3.264644e-20 7.649177e+02
19000 1.767098e-23 -4.107917e-20 -4.106150e-20 2.559808e+00
20000 1.922080e-21 -4.061356e-20 -3.869148e-20 2.784313e+02
21000 1.512099e-22 -3.749594e-20 -3.734473e-20 2.190418e+01
22000 1.280187e-21 -3.951321e-20 -3.823303e-20 1.854472e+02
23000 1.690762e-21 -3.925559e-20 -3.756483e-20 2.449228e+02
24000 2.020331e-22 -4.058444e-20 -4.038241e-20 2.926639e+01
25000 1.615987e-21 -4.086231e-20 -3.924632e-20 2.340910e+02
26000 1.416505e-20 -2.483113e-20 -1.066608e-20 2.051941e+03
27000 7.425696e-21 -3.921371e-20 -3.178801e-20 1.075682e+03
28000 1.553355e-20 -2.785110e-20 -1.231755e-20 2.250181e+03
29000 4.883538e-23 -3.543577e-20 -3.538693e-20 7.074264e+00
30000 8.825898e-21 -4.093462e-20 -3.210872e-20 1.278514e+03
31000 1.867454e-22 -4.097782e-20 -4.079107e-20 2.705183e+01
32000 2.601294e-23 -3.694719e-20 -3.692117e-20 3.768219e+00
33000 2.698850e-21 -3.598670e-20 -3.328785e-20 3.909538e+02
34000 6.723783e-22 -3.579986e-20 -3.512748e-20 9.740033e+01
35000 1.447216e-21 -3.902257e-20 -3.757535e-20 2.096428e+02
36000 3.556634e-23 -4.098182e-20 -4.094625e-20 5.152119e+00
37000 2.237556e-21 -4.051427e-20 -3.827671e-20 3.241311e+02
38000 1.873700e-21 -4.109367e-20 -3.921997e-20 2.714230e+02
39000 3.117631e-22 -4.077298e-20 -4.046122e-20 4.516182e+01
40000 4.843566e-22 -4.106349e-20 -4.057914e-20 7.016362e+01
41000 1.440949e-21 -3.693551e-20 -3.549456e-20 2.087351e+02
42000 3.655385e-21 -3.936500e-20 -3.570962e-20 5.295169e+02
43000 2.308703e-21 -3.568285e-20 -3.337414e-20 3.344373e+02
44000 3.595838e-22 -3.913197e-20 -3.877239e-20 5.208909e+01
45000 6.336618e-22 -3.718991e-20 -3.655625e-20 9.179188e+01
46000 7.681868e-22 -3.998825e-20 -3.922006e-20 1.112791e+02
47000 1.566185e-21 -3.830374e-20 -3.673755e-20 2.268766e+02
48000 1.189058e-21 -3.878239e-20 -3.759333e-20 1.722462e+02
49000 1.571626e-22 -3.927292e-20 -3.911575e-20 2.276648e+01
50000 4.034449e-21 -4.103757e-20 -3.700312e-20 5.844278e+02
51000 1.136297e-22 -3.310315e-20 -3.298952e-20 1.646033e+01
52000 4.363124e-21 -3.754685e-20 -3.318373e-20 6.320395e+02
53000 1.661423e-26 -3.773950e-20 -3.773948e-20 2.406728e-03
54000 2.004078e-21 -4.107083e-20 -3.906675e-20 2.903096e+02
55000 1.718960e-21 -3.995081e-20 -3.823185e-20 2.490075e+02
56000 2.325677e-22 -4.107950e-20 -4.084693e-20 3.368963e+01
57000 2.139840e-22 -4.109627e-20 -4.088228e-20 3.099759e+01
58000 2.026495e-21 -3.956895e-20 -3.754246e-20 2.935569e+02
59000 1.770000e-21 -4.094661e-20 -3.917661e-20 2.564011e+02
60000 7.880767e-22 -3.842683e-20 -3.763876e-20 1.141603e+02
61000 1.145173e-21 -3.777821e-20 -3.663304e-20 1.658892e+02
62000 9.914548e-23 -4.065791e-20 -4.055877e-20 1.436216e+01
63000 4.733455e-21 -3.998883e-20 -3.525537e-20 6.856855e+02
64000 3.089168e-21 -3.842584e-20 -3.533667e-20 4.474951e+02
65000 1.097961e-20 -4.089388e-20 -2.991427e-20 1.590500e+03
66000 3.568561e-23 -4.057864e-20 -4.054296e-20 5.169396e+00
67000 1.194780e-21 -4.094536e-20 -3.975058e-20 1.730751e+02
68000 4.289850e-21 -3.870242e-20 -3.441257e-20 6.214251e+02
69000 1.557604e-21 -4.102519e-20 -3.946759e-20 2.256335e+02
70000 5.666203e-22 -4.108980e-20 -4.052318e-20 8.208028e+01
71000 1.485289e-21 -3.743569e-20 -3.595040e-20 2.151580e+02
72000 6.251286e-23 -3.958754e-20 -3.952503e-20 9.055575e+00
73000 1.604200e-23 -3.885813e-20 -3.884209e-20 2.323835e+00
74000 4.578791e-22 -4.035995e-20 -3.990207e-20 6.632809e+01
75000 3.421024e-22 -4.001027e-20 -3.966817e-20 4.955676e+01
76000 4.720392e-23 -3.967618e-20 -3.962898e-20 6.837932e+00
77000 3.620706e-22 -3.816018e-20 -3.779811e-20 5.244933e+01
78000 4.146411e-21 -3.944928e-20 -3.530287e-20 6.006466e+02
79000 1.403523e-21 -4.104376e-20 -3.964023e-20 2.033135e+02
80000 5.269236e-21 -3.893104e-20 -3.366181e-20 7.632984e+02
81000 6.166762e-21 -3.597440e-20 -2.980764e-20 8.933135e+02
82000 1.429669e-21 -4.104980e-20 -3.962013e-20 2.071010e+02
83000 5.882954e-22 -4.042923e-20 -3.984093e-20 8.522012e+01
84000 7.286234e-22 -3.651159e-20 -3.578296e-20 1.055480e+02
85000 7.108928e-22 -4.107843e-20 -4.036753e-20 1.029795e+02
86000 2.258860e-24 -4.107797e-20 -4.107571e-20 3.272171e-01
87000 2.080825e-22 -3.926596e-20 -3.905788e-20 3.014270e+01
88000 2.075281e-22 -4.018588e-20 -3.997835e-20 3.006239e+01
89000 9.100235e-23 -4.071514e-20 -4.062414e-20 1.318255e+01
90000 2.481823e-21 -4.014803e-20 -3.766620e-20 3.595154e+02
91000 7.703221e-24 -3.988051e-20 -3.987281e-20 1.115884e+00
92000 2.012841e-23 -3.705960e-20 -3.703947e-20 2.915790e+00
93000 1.300577e-21 -4.109911e-20 -3.979853e-20 1.884009e+02
94000 4.973290e-23 -3.962306e-20 -3.957333e-20 7.204279e+00
95000 1.868402e-23 -4.093044e-20 -4.091175e-20 2.706556e+00
96000 1.307826e-21 -4.090493e-20 -3.959711e-20 1.894509e+02
97000 1.186095e-20 -3.994578e-20 -2.808483e-20 1.718170e+03
98000 1.085162e-21 -4.070172e-20 -3.961655e-20 1.571960e+02
99000 2.302922e-21 -4.029901e-20 -3.799609e-20 3.336000e+02
100000 1.269743e-22 -3.669536e-20 -3.656839e-20 1.839342e+01
101000 5.345106e-22 -4.027605e-20 -3.974154e-20 7.742889e+01
102000 1.607235e-22 -3.849956e-20 -3.833884e-20 2.328231e+01
103000 6.596929e-21 -3.599169e-20 -2.939476e-20 9.556272e+02
104000 1.758916e-23 -4.097726e-20 -4.095967e-20 2.547955e+00
105000 1.619896e-21 -2.810103e-20 -2.648114e-20 2.346572e+02
106000 1.778020e-22 -3.632384e-20 -3.614603e-20 2.575630e+01
107000 3.459905e-23 -3.162317e-20 -3.158857e-20 5.011999e+00
108000 3.932248e-25 -4.018153e-20 -4.018114e-20 5.696232e-02
109000 1.392100e-22 -4.091209e-20 -4.077288e-20 2.016587e+01
110000 1.186294e-22 -4.037521e-20 -4.025658e-20 1.718459e+01
111000 1.177101e-21 -4.018706e-20 -3.900996e-20 1.705141e+02
112000 5.470885e-22 -3.327182e-20 -3.272473e-20 7.925092e+01
113000 2.107991e-21 -3.896998e-20 -3.686199e-20 3.053623e+02
114000 1.971175e-23 -4.107394e-20 -4.105423e-20 2.855432e+00
115000 6.313474e-21 -4.109198e-20 -3.477851e-20 9.145661e+02
116000 1.380122e-22 -3.632144e-20 -3.618343e-20 1.999236e+01
117000 1.251539e-21 -4.109673e-20 -3.984519e-20 1.812972e+02
118000 5.623270e-22 -4.063233e-20 -4.007000e-20 8.145836e+01
119000 4.628749e-21 -3.160181e-20 -2.697306e-20 6.705179e+02
120000 3.082269e-22 -4.100158e-20 -4.069335e-20 4.464957e+01
121000 5.483807e-21 -3.910770e-20 -3.362389e-20 7.943810e+02
122000 8.954714e-22 -3.349747e-20 -3.260200e-20 1.297175e+02
123000 5.154763e-21 -4.100078e-20 -3.584602e-20 7.467160e+02
124000 1.767741e-22 -3.908255e-20 -3.890578e-20 2.560739e+01
125000 4.433529e-22 -4.100539e-20 -4.056204e-20 6.422384e+01
126000 4.562202e-21 -4.072777e-20 -3.616557e-20 6.608779e+02
127000 7.345150e-21 -3.993199e-20 -3.258684e-20 1.064014e+03
128000 1.132606e-21 -4.096390e-20 -3.983129e-20 1.640687e+02
129000 2.765771e-23 -4.006034e-20 -4.003268e-20 4.006480e+00
130000 3.007183e-22 -4.108402e-20 -4.078330e-20 4.356187e+01
131000 9.099689e-23 -3.141860e-20 -3.132761e-20 1.318176e+01
132000 1.246817e-21 -4.011665e-20 -3.886984e-20 1.806132e+02
133000 7.600115e-21 -3.841025e-20 -3.081013e-20 1.100948e+03
134000 1.800993e-21 -4.106419e-20 -3.926319e-20 2.608908e+02
135000 8.776022e-22 -4.109075e-20 -4.021314e-20 1.271289e+02
136000 3.930334e-21 -4.107635e-20 -3.714602e-20 5.693459e+02
137000 5.362415e-21 -4.108334e-20 -3.572092e-20 7.767963e+02
138000 6.259757e-23 -4.077076e-20 -4.070817e-20 9.067847e+00
139000 1.247225e-21 -3.672959e-20 -3.548237e-20 1.806723e+02
140000 1.550081e-21 -4.018752e-20 -3.863744e-20 2.245438e+02
141000 4.003277e-23 -4.063238e-20 -4.059235e-20 5.799123e+00
142000 5.980238e-23 -2.871675e-20 -2.865694e-20 8.662938e+00
143000 6.222500e-24 -4.016194e-20 -4.015572e-20 9.013876e-01
144000 6.442812e-21 -4.082601e-20 -3.438320e-20 9.333019e+02
145000 1.837645e-24 -4.052682e-20 -4.052499e-20 2.662002e-01
146000 5.417793e-21 -3.951630e-20 -3.409851e-20 7.848182e+02
147000 1.410990e-21 -3.355470e-20 -3.214371e-20 2.043952e+02
148000 4.541124e-22 -3.831094e-20 -3.785683e-20 6.578246e+01
149000 1.132570e-20 -3.960477e-20 -2.827907e-20 1.640634e+03
150000 7.038188e-22 -4.109988e-20 -4.039606e-20 1.019548e+02
151000 7.074467e-21 -4.088283e-20 -3.380837e-20 1.024803e+03
152000 2.492878e-21 -4.060705e-20 -3.811417e-20 3.611169e+02
153000 9.874471e-22 -4.109963e-20 -4.011219e-20 1.430410e+02
154000 2.518288e-21 -3.878157e-20 -3.626328e-20 3.647978e+02
155000 5.537792e-22 -4.108912e-20 -4.053534e-20 8.022013e+01
156000 6.096184e-23 -4.076967e-20 -4.070870e-20 8.830897e+00
157000 2.222411e-21 -3.426449e-20 -3.204208e-20 3.219371e+02
158000 5.986759e-21 -4.095069e-20 -3.496393e-20 8.672384e+02
159000 1.880880e-22 -4.081710e-20 -4.062901e-20 2.724631e+01
160000 2.362560e-22 -4.109314e-20 -4.085688e-20 3.422391e+01
161000 2.747852e-21 -4.076092e-20 -3.801307e-20 3.980522e+02
162000 2.285568e-22 -3.603856e-20 -3.581000e-20 3.310860e+01
163000 2.163160e-21 -4.011385e-20 -3.795069e-20 3.133541e+02
164000 3.294240e-22 -4.107153e-20 -4.074210e-20 4.772017e+01
165000 3.035209e-23 -3.716618e-20 -3.713582e-20 4.396786e+00
166000 5.865714e-21 -4.108687e-20 -3.522116e-20 8.497038e+02
167000 1.291812e-23 -3.855030e-20 -3.853738e-20 1.871311e+00
168000 3.344846e-21 -3.454979e-20 -3.120494e-20 4.845325e+02
169000 4.946170e-21 -4.109966e-20 -3.615349e-20 7.164993e+02
170000 1.076403e-21 -3.990064e-20 -3.882424e-20 1.559270e+02
171000 2.025293e-23 -4.095113e-20 -4.093088e-20 2.933828e+00
172000 1.860892e-21 -4.026429e-20 -3.840339e-20 2.695678e+02
173000 2.347140e-24 -4.109928e-20 -4.109693e-20 3.400053e-01
174000 1.399383e-22 -4.034921e-20 -4.020927e-20 2.027138e+01
175000 2.490655e-21 -3.675219e-20 -3.426154e-20 3.607948e+02
176000 2.987588e-21 -3.962101e-20 -3.663342e-20 4.327802e+02
177000 1.011690e-22 -3.985783e-20 -3.975667e-20 1.465528e+01
178000 5.313407e-21 -3.855620e-20 -3.324279e-20 7.696970e+02
179000 3.745422e-21 -2.611629e-20 -2.237086e-20 5.425596e+02
180000 1.917368e-21 -4.061132e-20 -3.869395e-20 2.777488e+02
181000 6.086536e-21 -4.109978e-20 -3.501324e-20 8.816919e+02
182000 4.141683e-21 -3.469099e-20 -3.054931e-20 5.999618e+02
183000 5.673295e-21 -3.982491e-20 -3.415161e-20 8.218301e+02
184000 1.543197e-21 -4.070164e-20 -3.915844e-20 2.235467e+02
185000 1.923374e-21 -3.922013e-20 -3.729675e-20 2.786189e+02
186000 3.163379e-21 -4.061797e-20 -3.745459e-20 4.582452e+02
187000 9.901860e-21 -4.015518e-20 -3.025331e-20 1.434378e+03
188000 3.356562e-21 -4.075253e-20 -3.739597e-20 4.862296e+02
189000 2.549607e-21 -4.100173e-20 -3.845212e-20 3.693346e+02
190000 8.876312e-23 -4.109994e-20 -4.101117e-20 1.285817e+01
191000 2.941012e-21 -4.065356e-20 -3.771255e-20 4.260333e+02
192000 1.905064e-21 -4.053021e-20 -3.862514e-20 2.759665e+02
193000 1.395775e-21 -4.109695e-20 -3.970117e-20 2.021912e+02
194000 3.982780e-22 -3.594651e-20 -3.554823e-20 5.769431e+01
195000 5.010586e-22 -4.021223e-20 -3.971117e-20 7.258305e+01
196000 8.434201e-22 -3.978898e-20 -3.894556e-20 1.221773e+02
197000 6.097722e-22 -3.990968e-20 -3.929990e-20 8.833124e+01
198000 1.668462e-21 -4.085191e-20 -3.918344e-20 2.416925e+02
199000 4.298489e-23 -3.977395e-20 -3.973097e-20 6.226765e+00
200000 4.856127e-23 -4.096126e-20 1.090873e-19 7.034556e+00
201000 1.906463e-21 -4.049955e-20 6.140692e-20 2.761691e+02
202000 7.066214e-22 -4.048076e-20 6.022586e-20 1.023608e+02
203000 4.662203e-22 -4.008312e-20 6.038310e-20 6.753639e+01
204000 6.002688e-23 -3.723226e-20 6.282776e-20 8.695458e+00
205000 2.748152e-22 -3.935682e-20 6.091800e-20 3.980957e+01
206000 2.434018e-23 -3.750333e-20 6.252101e-20 3.525905e+00
207000 2.710549e-22 -3.921861e-20 6.105244e-20 3.926486e+01
208000 6.588446e-21 -3.882628e-20 6.776217e-20 9.543983e+02
209000 1.694653e-22 -2.949932e-20 7.067015e-20 2.454864e+01
210000 2.444189e-24 -3.893548e-20 6.106697e-20 3.540637e-01
211000 2.009297e-21 -3.578545e-20 6.622385e-20 2.910656e+02
212000 1.549405e-21 -3.893618e-20 6.261323e-20 2.244459e+02
213000 1.923859e-21 -3.828814e-20 6.363572e-20 2.786891e+02
214000 3.857020e-21 -3.886660e-20 6.499042e-20 5.587256e+02
215000 1.493942e-21 -3.834490e-20 6.314904e-20 2.164116e+02
216000 7.614327e-22 -3.981264e-20 6.094879e-20 1.103007e+02
217000 4.720296e-21 -3.866922e-20 6.605108e-20 6.837793e+02
218000 1.023524e-21 -3.991432e-20 6.110921e-20 1.482671e+02
219000 5.419983e-22 -4.037676e-20 6.016524e-20 7.851355e+01
220000 1.577695e-21 -4.036015e-20 6.121754e-20 2.285440e+02
221000 1.396635e-21 -4.020356e-20 6.119307e-20 2.023158e+02
222000 6.457369e-22 -3.941697e-20 6.122876e-20 9.354107e+01
223000 3.021652e-21 -3.771566e-20 6.530599e-20 4.377147e+02
224000 7.679469e-21 -4.028222e-20 6.739724e-20 1.112443e+03
225000 1.270518e-21 -3.984594e-20 6.142458e-20 1.840464e+02
226000 4.866352e-22 -3.635272e-20 6.413392e-20 7.049369e+01
227000 7.800434e-25 -4.051306e-20 5.948772e-20 1.129966e-01
228000 2.258578e-22 -4.006802e-20 6.015784e-20 3.271763e+01
229000 1.183885e-20 -4.077935e-20 7.142114e-20 1.714968e+03
230000 1.257812e-21 -4.033605e-20 6.092176e-20 1.822060e+02
231000 3.166864e-21 -2.606241e-20 7.710445e-20 4.587501e+02
232000 4.464455e-21 -2.887846e-20 7.558600e-20 6.467183e+02
233000 7.714756e-21 -3.910458e-20 6.861017e-20 1.117555e+03
234000 1.068997e-22 -3.873260e-20 6.137430e-20 1.548542e+01
235000 8.803476e-21 -4.069928e-20 6.811060e-20 1.275266e+03
236000 1.881410e-21 -4.054302e-20 6.133839e-20 2.725400e+02
237000 9.591243e-22 -3.744192e-20 6.351721e-20 1.389382e+02
238000 5.456348e-22 -3.912404e-20 6.142159e-20 7.904033e+01
239000 1.546390e-20 -3.919870e-20 7.626519e-20 2.240091e+03
240000 2.429252e-21 -2.497799e-20 7.745126e-20 3.519000e+02
241000 2.855928e-22 -4.009947e-20 6.018613e-20 4.137080e+01
242000 9.502610e-23 -3.457833e-20 6.551670e-20 1.376543e+01
243000 1.259550e-22 -3.900212e-20 6.112383e-20 1.824576e+01
244000 2.286532e-21 -3.927591e-20 6.301062e-20 3.312257e+02
245000 3.136713e-24 -4.006940e-20 5.993374e-20 4.543824e-01
246000 4.866167e-21 -3.963846e-20 6.522770e-20 7.049101e+02
247000 1.117584e-22 -4.076456e-20 5.952951e-20 1.618926e+01
248000 7.243800e-22 -3.582659e-20 6.489779e-20 1.049333e+02
249000 6.923169e-21 -3.924063e-20 6.768254e-20 1.002886e+03
250000 3.503857e-23 -3.987219e-20 6.016285e-20 5.075667e+00
251000 9.226662e-22 -3.761246e-20 6.331021e-20 1.336569e+02
252000 2.861730e-21 -3.416263e-20 6.869910e-20 4.145486e+02
253000 1.562854e-20 -4.030276e-20 7.532578e-20 2.263942e+03
254000 3.233153e-21 -3.968610e-20 6.354705e-20 4.683526e+02
255000 3.535176e-21 -3.293639e-20 7.059879e-20 5.121035e+02
256000 5.714223e-21 -3.367171e-20 7.204251e-20 8.277590e+02
257000 3.448627e-21 -3.989172e-20 6.355690e-20 4.995661e+02
258000 5.305900e-22 -4.025481e-20 6.027578e-20 7.686095e+01
259000 1.034735e-21 -4.084439e-20 6.513579e-20 1.498911e+02
260000 1.324324e-22 -4.063603e-20 5.949657e-20 1.918408e+01
261000 1.452358e-23 -3.815803e-20 6.185650e-20 2.103877e+00
262000 2.995209e-22 -4.020832e-20 6.009120e-20 4.338842e+01
263000 2.562125e-21 -3.795081e-20 6.461132e-20 3.711479e+02
264000 3.908697e-22 -4.030652e-20 6.008435e-20 5.662115e+01
265000 2.898093e-21 -4.080212e-20 6.307254e-20 4.198160e+02
266000 3.193165e-21 -3.848956e-20 6.470361e-20 4.625600e+02
267000 1.864408e-21 -3.911434e-20 6.275006e-20 2.700771e+02
268000 9.495609e-21 -2.912519e-20 8.037042e-20 1.375528e+03
269000 4.149229e-22 -4.066841e-20 5.974764e-20 6.010549e+01
270000 1.144820e-21 -3.688405e-20 6.426077e-20 1.658380e+02
271000 2.223267e-23 -3.665486e-20 6.336737e-20 3.220612e+00
272000 8.564421e-21 -4.004307e-20 6.852135e-20 1.240637e+03
273000 3.341072e-21 -3.982691e-20 6.351416e-20 4.839857e+02
274000 3.410190e-21 -3.734481e-20 6.606538e-20 4.939980e+02
275000 2.224663e-21 -4.067317e-20 6.155297e-20 3.222633e+02
276000 3.875554e-22 -3.212931e-20 6.825824e-20 5.614105e+01
277000 1.657360e-22 -4.027438e-20 5.989136e-20 2.400842e+01
278000 3.350736e-22 -3.821284e-20 6.212224e-20 4.853857e+01
279000 7.496749e-24 -3.289662e-20 6.711088e-20 1.085975e+00
280000 1.882159e-23 -3.958619e-20 6.043263e-20 2.726485e+00
281000 1.599730e-22 -3.109391e-20 6.906607e-20 2.317360e+01
282000 2.059520e-22 -4.074548e-20 5.953266e-20 2.983409e+01
283000 1.680768e-21 -3.778815e-20 6.389261e-20 2.434751e+02
284000 2.754506e-22 -4.008089e-20 6.019456e-20 3.990161e+01
285000 1.369444e-21 -3.412865e-20 6.724079e-20 1.983769e+02
286000 3.240561e-22 -3.881681e-20 6.150725e-20 4.694257e+01
287000 9.018739e-23 -3.636163e-20 6.372856e-20 1.306449e+01
288000 2.103581e-22 -3.836760e-20 6.184276e-20 3.047236e+01
289000 2.303538e-22 -3.718005e-20 6.305030e-20 3.336892e+01
290000 6.322669e-21 -4.061575e-20 6.570696e-20 9.158980e+02
291000 2.763688e-22 -3.733578e-20 6.294058e-20 4.003462e+01
292000 7.672338e-22 -4.049359e-20 6.027364e-20 1.111410e+02
293000 2.882056e-21 -3.961738e-20 6.326467e-20 4.174930e+02
294000 4.523893e-22 -3.906064e-20 6.139175e-20 6.553285e+01
295000 6.276918e-21 -4.068191e-20 6.559744e-20 9.092706e+02
296000 9.163978e-22 -4.047890e-20 6.043750e-20 1.327488e+02
297000 4.760119e-21 -3.210844e-20 7.265168e-20 6.895481e+02
298000 1.179234e-21 -4.062230e-20 6.055700e-20 1.708231e+02
299000 3.057962e-21 -3.917407e-20 6.388390e-20 4.429746e+02
300000 2.649980e-22 -3.711087e-20 6.315413e-20 3.838746e+01
301000 1.361331e-21 -3.944196e-20 6.191937e-20 1.972016e+02
302000 2.704309e-24 -3.786995e-20 6.213275e-20 3.917446e-01
303000 1.675232e-22 -3.871553e-20 6.145199e-20 2.426732e+01
304000 1.488321e-23 -3.364108e-20 6.637380e-20 2.155972e+00
305000 3.323647e-22 -4.051584e-20 5.981653e-20 4.814616e+01
306000 7.945887e-23 -4.048467e-20 5.959479e-20 1.151036e+01
307000 1.216621e-23 -4.025497e-20 5.975719e-20 1.762390e+00
308000 2.322014e-22 -4.049654e-20 5.973566e-20 3.363656e+01
309000 3.409805e-21 -4.047298e-20 6.293682e-20 4.939424e+02
310000 2.028359e-23 -3.400146e-20 6.601882e-20 2.938269e+00
311000 1.208661e-21 -4.063164e-20 6.057715e-20 1.750859e+02
312000 1.337249e-21 -3.984664e-20 6.149061e-20 1.937132e+02
313000 1.699748e-22 -3.735915e-20 6.281082e-20 2.462245e+01
314000 3.356820e-21 -4.037884e-20 6.297798e-20 4.862669e+02
315000 2.320754e-25 -3.809982e-20 6.190041e-20 3.361831e-02
316000 1.353748e-21 -4.070870e-20 6.065575e-20 1.961032e+02
317000 2.584333e-22 -3.981171e-20 6.044672e-20 3.743649e+01
318000 5.696516e-21 -3.784555e-20 6.785096e-20 8.251940e+02
319000 3.996036e-24 -3.018403e-20 6.981997e-20 5.788635e-01
320000 1.508460e-22 -3.978110e-20 6.036974e-20 2.185146e+01
321000 8.126950e-21 -4.056629e-20 6.756067e-20 1.177265e+03
322000 1.161580e-21 -3.843237e-20 6.272921e-20 1.682658e+02
323000 1.301001e-21 -2.851956e-20 7.278144e-20 1.884622e+02
324000 4.354964e-22 -3.242389e-20 6.801161e-20 6.308575e+01
325000 3.760375e-22 -3.938500e-20 6.099104e-20 5.447258e+01
326000 4.009346e-22 -3.790328e-20 6.249765e-20 5.807915e+01
327000 6.796245e-22 -4.063967e-20 6.004016e-20 9.845000e+01
328000 2.500125e-21 -3.990365e-20 6.259647e-20 3.621666e+02
329000 4.130938e-21 -3.523280e-20 6.889814e-20 5.984053e+02
330000 4.800424e-21 -3.386213e-20 7.093830e-20 6.953865e+02
331000 4.557222e-22 -4.013037e-20 6.032535e-20 6.601564e+01
332000 5.099780e-22 -3.987479e-20 6.063519e-20 7.387511e+01
333000 1.828309e-22 -3.551350e-20 6.466933e-20 2.648477e+01
334000 2.718088e-22 -4.007609e-20 6.019572e-20 3.937406e+01
335000 7.569422e-21 -4.042889e-20 6.714053e-20 1.096502e+03
336000 1.598282e-21 -4.022077e-20 6.137751e-20 2.315262e+02
337000 8.581118e-22 -3.855590e-20 6.230221e-20 1.243056e+02
338000 3.640995e-21 -4.040598e-20 6.323502e-20 5.274324e+02
339000 1.528197e-22 -4.035898e-20 5.979383e-20 2.213737e+01
340000 3.934330e-23 -3.937151e-20 6.066783e-20 5.699247e+00
341000 1.743455e-21 -3.226853e-20 6.947492e-20 2.525558e+02
342000 1.371652e-21 -3.961792e-20 6.175373e-20 1.986967e+02
343000 1.134415e-23 -3.568241e-20 6.432893e-20 1.643307e+00
344000 9.482999e-22 -3.068990e-20 7.025840e-20 1.373702e+02
345000 6.040875e-22 -3.996152e-20 6.064257e-20 8.750775e+01
346000 3.463527e-24 -3.633576e-20 6.366771e-20 5.017246e-01
347000 1.430042e-21 -3.824715e-20 6.318289e-20 2.071551e+02
348000 6.859315e-22 -3.768736e-20 6.299857e-20 9.936363e+01
349000 5.310619e-22 -4.046191e-20 6.006915e-20 7.692932e+01
350000 4.916499e-23 -3.976335e-20 6.028582e-20 7.122012e+00
351000 6.859534e-21 -3.855442e-20 6.830511e-20 9.936680e+02
352000 9.925630e-23 -3.584437e-20 6.425489e-20 1.437821e+01
353000 4.044101e-22 -3.534791e-20 6.505650e-20 5.858260e+01
354000 9.399717e-22 -3.699098e-20 6.394899e-20 1.361637e+02
355000 1.569731e-22 -3.771298e-20 6.244399e-20 2.273903e+01
356000 9.303269e-22 -3.953625e-20 6.139408e-20 1.347666e+02
357000 3.135640e-22 -4.049011e-20 5.982345e-20 4.542270e+01
358000 2.034256e-23 -4.051255e-20 5.950780e-20 2.946812e+00
359000 1.474858e-21 -3.920170e-20 6.227316e-20 2.136470e+02
360000 1.860648e-21 -3.946980e-20 6.239085e-20 2.695324e+02
361000 1.608903e-21 -3.123848e-20 7.037042e-20 2.330647e+02
362000 2.975049e-21 -3.980124e-20 6.317380e-20 4.309638e+02
363000 8.804245e-22 -3.951694e-20 6.136349e-20 1.275378e+02
364000 4.078038e-21 -4.065392e-20 6.342460e-20 5.907422e+02
365000 3.274791e-22 -3.758542e-20 6.274206e-20 4.743843e+01
366000 1.220184e-20 -4.009761e-20 7.210423e-20 1.767552e+03
367000 1.904338e-21 -3.723643e-20 6.466791e-20 2.758613e+02
368000 1.041943e-21 -4.078330e-20 6.069066e-20 1.509353e+02
369000 2.011964e-22 -4.027099e-20 5.993021e-20 2.914520e+01
370000 1.421216e-21 -3.646547e-20 6.495575e-20 2.058765e+02
371000 8.894089e-22 -3.395825e-20 6.693116e-20 1.288393e+02
372000 9.927890e-23 -4.066601e-20 5.943424e-20 1.438148e+01
373000 1.021845e-21 -3.783441e-20 6.318743e-20 1.480239e+02
374000 3.539222e-22 -4.024876e-20 6.010516e-20 5.126896e+01
375000 1.625869e-21 -4.050037e-20 6.112550e-20 2.355224e+02
376000 2.026637e-21 -4.034405e-20 6.168259e-20 2.935775e+02
377000 5.401036e-22 -3.722540e-20 6.331470e-20 7.823909e+01
378000 9.991477e-23 -3.840939e-20 6.169052e-20 1.447359e+01
379000 1.275957e-20 -3.914984e-20 7.360972e-20 1.848344e+03
380000 5.030610e-21 -3.980156e-20 6.522905e-20 7.287313e+02
381000 9.537963e-22 -3.984512e-20 6.110868e-20 1.381664e+02
382000 9.782365e-21 -4.065346e-20 6.912937e-20 1.417068e+03
383000 5.219190e-21 -4.047675e-20 6.474244e-20 7.560488e+02
384000 1.411380e-21 -4.065531e-20 6.075659e-20 2.044516e+02
385000 3.414290e-22 -3.827655e-20 6.206488e-20 4.945920e+01
386000 1.025825e-22 -3.972816e-20 6.037442e-20 1.486004e+01
387000 2.826026e-21 -3.694996e-20 6.587606e-20 4.093764e+02
388000 8.386515e-22 -3.840389e-20 6.243477e-20 1.214866e+02
389000 2.533145e-21 -2.894501e-20 7.358814e-20 3.669498e+02
390000 6.691745e-22 -4.077282e-20 6.016458e-20 9.693622e+01
391000 3.766979e-22 -3.496656e-20 6.541014e-20 5.456824e+01
392000 7.110929e-21 -3.662368e-20 7.048725e-20 1.030085e+03
393000 2.140371e-22 -3.980827e-20 6.040577e-20 3.100529e+01
394000 1.208485e-21 -4.015449e-20 6.105399e-20 1.750604e+02
395000 7.072679e-21 -4.037391e-20 6.669877e-20 1.024544e+03
396000 1.184366e-21 -3.886443e-20 6.231994e-20 1.715666e+02
397000 7.906876e-21 -3.998927e-20 6.791761e-20 1.145385e+03
398000 2.887928e-23 -4.008597e-20 5.994291e-20 4.183436e+00
399000 1.326221e-20 -4.003223e-20 7.322998e-20 1.921157e+03
400000 9.036376e-21 -3.789883e-20 7.113755e-20 1.309004e+03
401000 1.098572e-21 -3.773101e-20 6.336756e-20 1.591385e+02
402000 2.255087e-22 -4.011039e-20 6.011512e-20 3.266705e+01
403000 2.208827e-22 -3.849524e-20 6.172565e-20 3.199694e+01
404000 1.935858e-21 -3.955380e-20 6.238206e-20 2.804273e+02
405000 1.439477e-22 -4.068024e-20 5.946592e-20 2.085218e+01
406000 6.779765e-22 -3.809797e-20 6.258001e-20 9.821127e+01
407000 3.967802e-26 -3.781112e-20 6.218892e-20 5.747735e-03
408000 1.066857e-22 -4.045836e-20 5.964833e-20 1.545443e+01
409000 2.057921e-21 -3.401976e-20 6.803816e-20 2.981093e+02
410000 1.493667e-22 -3.526635e-20 6.488302e-20 2.163717e+01
411000 1.314794e-22 -3.784343e-20 6.228805e-20 1.904603e+01
412000 2.087620e-22 -4.074273e-20 5.952897e-20 3.024114e+01
413000 1.212389e-21 -4.046484e-20 6.074755e-20 1.756260e+02
414000 5.349982e-21 -3.832361e-20 6.702638e-20 7.749953e+02
415000 4.116774e-21 -3.591203e-20 6.820475e-20 5.963534e+02
416000 5.529252e-22 -3.990656e-20 6.064636e-20 8.009642e+01
417000 7.563377e-21 -3.564080e-20 7.192258e-20 1.095626e+03
418000 2.403251e-21 -4.028036e-20 6.212289e-20 3.481335e+02
419000 1.540084e-23 -3.874957e-20 6.126583e-20 2.230956e+00
420000 9.158001e-22 -4.077917e-20 6.049525e-20 1.326623e+02
421000 5.633973e-21 -4.081516e-20 6.648310e-20 8.161340e+02
422000 2.676471e-22 -3.344065e-20 6.682700e-20 3.877120e+01
423000 4.762443e-23 -3.317195e-20 6.687567e-20 6.898847e+00
424000 1.130920e-20 -3.675621e-20 7.455299e-20 1.638244e+03
425000 2.206509e-22 -3.900653e-20 6.121412e-20 3.196336e+01
426000 3.748729e-22 -4.008830e-20 6.028657e-20 5.430386e+01
427000 2.878577e-22 -4.047664e-20 5.981122e-20 4.169890e+01
428000 8.317315e-23 -3.955464e-20 6.052854e-20 1.204841e+01
429000 1.067743e-22 -3.950650e-20 6.060027e-20 1.546727e+01
430000 3.192829e-21 -3.762766e-20 6.556517e-20 4.625113e+02
431000 1.221498e-21 -4.044334e-20 6.077816e-20 1.769454e+02
432000 2.829779e-23 -3.992350e-20 6.010480e-20 4.099201e+00
433000 7.536827e-22 -3.992249e-20 6.083119e-20 1.091780e+02
434000 2.838090e-22 -3.997557e-20 6.030824e-20 4.111241e+01
435000 3.911059e-21 -3.987367e-20 6.403739e-20 5.665537e+02
436000 6.953921e-22 -4.026246e-20 6.043293e-20 1.007341e+02
437000 5.452324e-21 -4.076837e-20 6.490205e-20 7.898204e+02
438000 2.294181e-21 -3.732903e-20 6.496515e-20 3.323337e+02
439000 7.581337e-22 -4.075757e-20 6.013113e-20 1.098228e+02
440000 1.259703e-22 -3.747535e-20 6.265062e-20 1.824798e+01
441000 6.521563e-21 -4.046859e-20 6.605297e-20 9.447098e+02
442000 1.119845e-21 -3.476567e-20 6.635417e-20 1.622200e+02
443000 1.360493e-21 -3.987405e-20 6.148645e-20 1.970802e+02
444000 8.526090e-22 -3.999117e-20 6.086144e-20 1.235084e+02
445000 1.247424e-21 -3.891296e-20 6.233447e-20 1.807010e+02
446000 1.133188e-21 -3.829675e-20 6.283644e-20 1.641530e+02
447000 2.675398e-21 -4.075771e-20 6.204909e-20 3.875566e+02
448000 2.488152e-21 -3.679988e-20 6.568827e-20 3.604323e+02
449000 6.137802e-22 -3.966382e-20 6.094996e-20 8.891184e+01
450000 3.091162e-22 -3.995164e-20 6.035747e-20 4.477839e+01
451000 3.630789e-21 -3.887279e-20 6.475800e-20 5.259540e+02
452000 6.265700e-21 -3.995871e-20 6.630699e-20 9.076456e+02
453000 2.244279e-21 -3.879333e-20 6.345095e-20 3.251049e+02
454000 2.023668e-22 -3.164177e-20 6.856059e-20 2.931474e+01
455000 5.482878e-24 -4.053363e-20 5.947185e-20 7.942465e-01
456000 9.313895e-22 -4.080668e-20 6.130505e-20 1.349205e+02
457000 4.281866e-22 -3.623018e-20 6.419800e-20 6.202686e+01
458000 1.583723e-22 -4.005142e-20 6.010695e-20 2.294171e+01
459000 4.749749e-23 -4.050518e-20 5.954232e-20 6.880459e+00
460000 2.960779e-22 -3.917321e-20 6.112287e-20 4.288967e+01
461000 7.486706e-22 -3.384813e-20 6.690054e-20 1.084520e+02
462000 1.259141e-21 -3.924566e-20 6.201348e-20 1.823984e+02
463000 2.856537e-21 -3.672949e-20 6.612704e-20 4.137963e+02
464000 2.190246e-21 -3.888144e-20 6.330880e-20 3.172777e+02
465000 2.923713e-23 -3.741006e-20 6.261918e-20 4.235274e+00
466000 1.362196e-24 -3.827548e-20 6.172588e-20 1.973269e-01
467000 9.794567e-22 -4.041687e-20 6.056259e-20 1.418835e+02
468000 6.300851e-21 -3.660163e-20 6.969922e-20 9.127375e+02
469000 4.796889e-21 -3.829658e-20 6.650031e-20 6.948745e+02
470000 2.700104e-21 -3.986490e-20 6.283521e-20 3.911355e+02
471000 7.659125e-22 -4.053775e-20 6.022816e-20 1.109496e+02
472000 1.217806e-23 -3.859494e-20 6.141723e-20 1.764106e+00
473000 3.505239e-21 -3.897908e-20 6.452616e-20 5.077669e+02
474000 1.128528e-22 -3.901001e-20 6.110284e-20 1.634779e+01
475000 1.660598e-21 -4.008735e-20 6.157325e-20 2.405533e+02
476000 1.413346e-21 -4.087536e-20 7.361141e-20 2.047365e+02
477000 2.505350e-21 -3.401243e-20 6.849292e-20 3.629235e+02
478000 6.790674e-23 -4.010587e-20 5.996203e-20 9.836930e+00
479000 1.203780e-21 -1.865199e-20 8.255179e-20 1.743788e+02
480000 1.554713e-21 -4.044627e-20 6.110844e-20 2.252148e+02
481000 2.638418e-21 -4.078204e-20 6.226462e-20 3.821996e+02
482000 2.701888e-21 -3.374965e-20 6.895223e-20 3.913940e+02
483000 1.416933e-21 -3.932101e-20 6.209593e-20 2.052561e+02
484000 9.221787e-22 -3.904810e-20 6.187408e-20 1.335863e+02
485000 8.978393e-21 -3.628564e-20 7.269275e-20 1.300605e+03
486000 1.319158e-21 -3.206949e-20 6.924967e-20 1.910924e+02
487000 1.395718e-20 -3.979883e-20 7.415835e-20 2.021829e+03
488000 1.760620e-22 -4.035395e-20 5.982211e-20 2.550424e+01
489000 5.645706e-21 -3.986886e-20 6.577685e-20 8.178336e+02
490000 1.360547e-22 -3.601383e-20 6.412223e-20 1.970880e+01
491000 5.326540e-21 -4.014014e-20 6.518640e-20 7.715994e+02
492000 3.261854e-22 -4.050181e-20 5.982438e-20 4.725102e+01
493000 4.227446e-21 -3.996640e-20 6.426105e-20 6.123853e+02
494000 3.258790e-21 -3.725259e-20 6.600620e-20 4.720665e+02
495000 1.522400e-21 -4.026651e-20 6.125589e-20 2.205340e+02
496000 8.060472e-21 -3.814938e-20 6.991109e-20 1.167635e+03
497000 2.299273e-22 -3.990714e-20 6.032279e-20 3.330714e+01
498000 1.714807e-24 -3.905803e-20 6.094368e-20 2.484060e-01
499000 2.009839e-23 -3.718103e-20 6.283906e-20 2.911440e+00
500000 3.452117e-22 -3.557800e-20 6.476722e-20 5.000717e+01
501000 2.497582e-22 -4.080291e-20 6.045624e-20 3.617982e+01
502000 4.060111e-21 -3.778117e-20 6.627894e-20 5.881453e+02
503000 1.126192e-20 -4.077235e-20 7.075200e-20 1.631395e+03
504000 8.339997e-21 -3.502161e-20 7.331839e-20 1.208127e+03
505000 5.832355e-21 -4.016364e-20 6.566871e-20 8.448715e+02
506000 1.375015e-22 -3.322644e-20 6.691107e-20 1.991839e+01
507000 1.112193e-21 -3.926652e-20 6.184568e-20 1.611117e+02
508000 8.927118e-23 -3.794555e-20 6.214372e-20 1.293177e+01
509000 1.944708e-21 -3.943003e-20 6.251468e-20 2.817092e+02
510000 1.674415e-21 -3.249412e-20 6.918030e-20 2.425547e+02
511000 2.209658e-21 -3.909630e-20 6.311336e-20 3.200898e+02
512000 5.380832e-23 -3.962259e-20 6.043121e-20 7.794642e+00
513000 5.176550e-22 -3.928269e-20 6.123496e-20 7.498720e+01
514000 5.317925e-22 -4.001340e-20 6.051840e-20 7.703514e+01
515000 4.631753e-21 -4.068659e-20 6.394833e-20 6.709530e+02
516000 5.167270e-22 -3.845356e-20 6.206316e-20 7.485276e+01
517000 6.006225e-23 -3.532335e-20 6.473671e-20 8.700582e+00
518000 7.576389e-23 -3.846725e-20 6.160851e-20 1.097511e+01
519000 2.562678e-21 -3.643734e-20 6.612534e-20 3.712280e+02
520000 5.057265e-22 -3.708540e-20 6.342033e-20 7.325924e+01
521000 2.723491e-21 -3.999025e-20 6.273324e-20 3.945233e+02
522000 3.076442e-22 -4.027995e-20 6.002770e-20 4.456516e+01
523000 1.571459e-23 -3.665576e-20 6.335996e-20 2.276406e+00
524000 8.818057e-24 -3.952460e-20 6.048421e-20 1.277379e+00
525000 5.328500e-22 -3.594488e-20 6.458797e-20 7.718834e+01
526000 1.027449e-21 -3.573926e-20 6.528819e-20 1.488356e+02
527000 4.821807e-21 -3.252314e-20 7.229867e-20 6.984842e+02
528000 3.864668e-22 -3.727974e-20 6.310673e-20 5.598335e+01
529000 9.107797e-21 -3.597662e-20 7.313118e-20 1.319350e+03
530000 2.060309e-22 -3.788578e-20 6.232026e-20 2.984551e+01
531000 3.215279e-21 -3.816617e-20 6.504910e-20 4.657634e+02
532000 2.930641e-21 -3.993352e-20 6.299712e-20 4.245309e+02
533000 9.994016e-21 -3.814390e-20 7.185011e-20 1.447727e+03
534000 3.063014e-22 -3.308622e-20 6.722008e-20 4.437064e+01
535000 2.603009e-22 -3.542720e-20 6.483310e-20 3.770703e+01
536000 6.151910e-23 -3.782741e-20 6.223411e-20 8.911620e+00
537000 5.186939e-22 -3.746317e-20 6.305552e-20 7.513769e+01
538000 5.506261e-21 -3.121296e-20 7.429330e-20 7.976337e+02
539000 6.715164e-22 -3.634873e-20 6.432278e-20 9.727546e+01
540000 9.369046e-22 -3.785080e-20 6.308611e-20 1.357195e+02
541000 6.314864e-21 -3.957622e-20 6.673865e-20 9.147674e+02
542000 1.722265e-21 -3.960962e-20 6.211264e-20 2.494863e+02
543000 8.433779e-23 -4.024394e-20 5.984040e-20 1.221712e+01
544000 2.208260e-21 -3.733657e-20 6.487169e-20 3.198872e+02
545000 5.651826e-22 -3.769540e-20 6.286978e-20 8.187201e+01
546000 2.328742e-22 -3.895071e-20 6.128217e-20 3.373401e+01
547000 1.506506e-22 -3.885125e-20 6.129940e-20 2.182316e+01
548000 2.255791e-21 -3.993327e-20 6.232252e-20 3.267725e+02
549000 1.015179e-21 -3.178231e-20 6.923287e-20 1.470582e+02
550000 9.759441e-21 -3.536077e-20 7.439867e-20 1.413747e+03
551000 4.419151e-22 -4.057693e-20 5.986498e-20 6.401557e+01
552000 8.993812e-22 -3.968007e-20 6.121931e-20 1.302838e+02
553000 5.884369e-21 -2.918392e-20 7.670045e-20 8.524063e+02
554000 2.399828e-21 -3.917252e-20 6.322731e-20 3.476377e+02
555000 1.877075e-20 -3.995214e-20 7.881861e-20 2.719119e+03
556000 3.081140e-21 -3.974163e-20 6.333951e-20 4.463321e+02
557000 8.056472e-22 -3.993429e-20 6.087136e-20 1.167056e+02
558000 3.835769e-22 -3.830199e-20 6.208158e-20 5.556472e+01
559000 1.028811e-21 -4.015485e-20 6.087396e-20 1.490329e+02
560000 4.073448e-21 -3.875771e-20 6.531574e-20 5.900773e+02
561000 1.147092e-20 -3.961842e-20 7.185250e-20 1.661671e+03
562000 6.421121e-22 -3.552287e-20 6.511925e-20 9.301598e+01
563000 9.814218e-22 -3.209685e-20 6.888457e-20 1.421682e+02
564000 1.421487e-22 -4.045027e-20 5.969188e-20 2.059158e+01
565000 2.105846e-21 -3.328719e-20 6.881866e-20 3.050516e+02
566000 1.141809e-21 -3.960286e-20 6.153895e-20 1.654017e+02
567000 2.519781e-21 -3.826242e-20 6.425736e-20 3.650140e+02
568000 1.624529e-21 -3.554933e-20 6.607520e-20 2.353284e+02
569000 4.041106e-21 -4.049081e-20 6.355029e-20 5.853922e+02
570000 3.805544e-21 -9.439088e-21 9.436646e-20 5.512689e+02
571000 1.413904e-21 -3.918368e-20 6.223022e-20 2.048173e+02
572000 3.138230e-21 -3.879688e-20 6.434135e-20 4.546022e+02
573000 9.025760e-22 -3.952550e-20 6.137708e-20 1.307466e+02
574000 3.438790e-21 -3.945390e-20 6.398489e-20 4.981410e+02
575000 1.973023e-22 -3.984709e-20 6.035021e-20 2.858109e+01
576000 8.834531e-22 -3.820178e-20 6.268168e-20 1.279765e+02
577000 6.816813e-22 -3.978515e-20 6.089653e-20 9.874795e+01
578000 2.123467e-22 -4.020914e-20 6.000320e-20 3.076042e+01
579000 5.166001e-21 -3.968386e-20 6.548214e-20 7.483438e+02
580000 2.256526e-21 -3.959966e-20 6.265686e-20 3.268790e+02
581000 6.840408e-23 -3.987759e-20 6.019081e-20 9.908975e+00
582000 7.221227e-21 -3.630015e-20 7.092108e-20 1.046063e+03
583000 5.446410e-22 -3.978026e-20 6.076438e-20 7.889638e+01
584000 4.640763e-21 -3.876888e-20 6.587189e-20 6.722582e+02
585000 2.165293e-21 -3.987153e-20 6.229376e-20 3.136631e+02
586000 9.594766e-23 -4.041193e-20 5.968402e-20 1.389892e+01
587000 7.972573e-22 -3.180462e-20 6.899263e-20 1.154902e+02
588000 3.809129e-21 -3.288143e-20 7.092769e-20 5.517881e+02
589000 1.166441e-21 -2.933938e-20 7.182706e-20 1.689700e+02
590000 4.733801e-21 -3.868624e-20 6.604756e-20 6.857357e+02
591000 7.123284e-25 -4.084727e-20 6.461304e-20 1.031875e-01
592000 6.386573e-24 -3.455070e-20 6.545569e-20 9.251551e-01
593000 1.819750e-21 -4.071063e-20 6.112100e-20 2.636079e+02
594000 6.238871e-22 -3.992001e-20 6.070388e-20 9.037592e+01
595000 3.090833e-22 -3.937094e-20 6.093814e-20 4.477363e+01
596000 1.533609e-21 -4.024328e-20 6.129033e-20 2.221578e+02
597000 7.611880e-22 -3.833152e-20 6.242967e-20 1.102652e+02
598000 1.296611e-21 -3.876753e-20 6.252908e-20 1.878262e+02
599000 1.034130e-20 -4.011588e-20 7.022543e-20 1.498035e+03
600000 1.070986e-23 -3.733711e-20 6.267360e-20 1.551424e+00
601000 5.566900e-21 -3.957276e-20 6.599414e-20 8.064178e+02
602000 6.716037e-23 -3.896809e-20 6.109907e-20 9.728811e+00
603000 3.228329e-25 -3.451378e-20 6.548654e-20 4.676538e-02
604000 1.596361e-21 -3.861480e-20 6.298156e-20 2.312479e+02
605000 1.247709e-20 -3.440388e-20 7.807322e-20 1.807424e+03
606000 5.442132e-21 -3.966698e-20 6.577515e-20 7.883440e+02
607000 1.579694e-22 -4.008444e-20 6.007353e-20 2.288335e+01
608000 5.725981e-23 -4.059719e-20 5.946008e-20 8.294622e+00
609000 1.901375e-21 -3.807679e-20 6.382459e-20 2.754320e+02
610000 8.161560e-25 -3.664033e-20 6.336048e-20 1.182279e-01
611000 9.827691e-24 -4.036338e-20 5.964645e-20 1.423634e+00
612000 2.982114e-24 -4.013144e-20 5.987155e-20 4.319873e-01
613000 2.258627e-21 -3.706058e-20 6.519805e-20 3.271833e+02
614000 1.384117e-21 -3.978458e-20 6.159954e-20 2.005024e+02
615000 5.010106e-22 -3.946839e-20 6.103262e-20 7.257609e+01
616000 3.729904e-22 -2.483443e-20 7.553856e-20 5.403117e+01
617000 6.119444e-23 -3.660612e-20 6.345508e-20 8.864590e+00
618000 1.270608e-21 -3.961463e-20 6.165597e-20 1.840596e+02
619000 1.933043e-22 -3.898164e-20 6.121166e-20 2.800195e+01
620000 7.396967e-22 -3.874371e-20 6.199598e-20 1.071520e+02
621000 2.968273e-22 -3.434860e-20 6.594823e-20 4.299822e+01
622000 1.396624e-21 -4.015321e-20 6.124341e-20 2.023142e+02
623000 3.590736e-21 -4.073323e-20 6.289641e-20 5.201519e+02
624000 2.935382e-25 -3.977568e-20 6.022461e-20 4.252177e-02
625000 1.449622e-21 -3.557216e-20 6.587747e-20 2.099914e+02
626000 7.680115e-21 -3.917602e-20 6.850410e-20 1.112537e+03
627000 1.768571e-21 -3.109508e-20 7.067349e-20 2.561941e+02
628000 6.837711e-21 -4.040596e-20 6.643176e-20 9.905068e+02
629000 5.183156e-21 -4.072846e-20 6.448513e-20 7.508290e+02
630000 3.826895e-22 -3.869632e-20 6.168637e-20 5.543618e+01
631000 2.204983e-26 -3.410426e-20 6.589577e-20 3.194125e-03
632000 1.756602e-21 -3.989916e-20 6.185744e-20 2.544604e+02
633000 1.369467e-22 -3.968493e-20 6.045202e-20 1.983802e+01
634000 4.090755e-24 -4.061589e-20 5.938825e-20 5.925844e-01
635000 4.513396e-22 -4.079722e-20 6.044798e-20 6.538078e+01
636000 3.291420e-21 -3.902140e-20 6.427002e-20 4.767931e+02
637000 2.915833e-23 -4.039728e-20 5.963188e-20 4.223858e+00
638000 2.890968e-21 -3.869381e-20 6.419716e-20 4.187839e+02
639000 2.883992e-21 -3.472715e-20 6.815685e-20 4.177734e+02
640000 2.224596e-21 -2.266355e-20 7.956105e-20 3.222536e+02
641000 5.064933e-22 -4.006419e-20 6.044231e-20 7.337031e+01
642000 9.709300e-21 -4.055879e-20 6.915051e-20 1.406484e+03
643000 1.092619e-21 -4.045236e-20 6.064026e-20 1.582762e+02
644000 9.597284e-23 -4.060419e-20 5.949180e-20 1.390257e+01
645000 2.486244e-21 -3.841155e-20 6.407469e-20 3.601559e+02
646000 2.341679e-21 -3.657311e-20 6.576857e-20 3.392143e+02
647000 4.188951e-21 -4.018773e-20 6.400122e-20 6.068090e+02
648000 5.019497e-21 -4.060586e-20 6.441366e-20 7.271214e+02
649000 4.262129e-22 -3.820852e-20 6.221769e-20 6.174095e+01
650000 3.687358e-21 -4.061784e-20 6.306957e-20 5.341485e+02
651000 1.156145e-22 -3.936701e-20 6.074861e-20 1.674785e+01
652000 1.092737e-21 -4.023743e-20 6.085531e-20 1.582932e+02
653000 2.109210e-21 -3.998475e-20 6.212446e-20 3.055390e+02
654000 3.946818e-24 -3.966538e-20 6.033856e-20 5.717337e-01
655000 1.770019e-21 -3.828013e-20 6.348989e-20 2.564039e+02
656000 2.440497e-21 -3.990423e-20 6.253627e-20 3.535289e+02
657000 9.871063e-22 -3.938571e-20 6.160139e-20 1.429916e+02
658000 2.254149e-21 -4.059843e-20 6.165573e-20 3.265347e+02
659000 3.599765e-22 -3.983903e-20 6.052094e-20 5.214598e+01
660000 3.481540e-21 -3.793557e-20 6.554597e-20 5.043338e+02
661000 8.015000e-22 -4.007722e-20 6.072428e-20 1.161048e+02
662000 4.169775e-23 -4.020044e-20 5.984125e-20 6.040312e+00
663000 2.053208e-21 -3.984729e-20 6.220592e-20 2.974265e+02
664000 5.667987e-22 -3.930501e-20 6.126179e-20 8.210612e+01
665000 5.945477e-21 -3.760521e-20 6.834026e-20 8.612582e+02
666000 3.594786e-23 -3.186926e-20 6.816669e-20 5.207386e+00
667000 4.627807e-22 -3.768727e-20 6.277551e-20 6.703814e+01
668000 6.286376e-22 -4.059236e-20 6.003628e-20 9.106408e+01
669000 1.264831e-21 -4.036153e-20 6.090330e-20 1.832227e+02
670000 3.336380e-21 -3.784090e-20 6.549548e-20 4.833060e+02
671000 3.927853e-21 -4.058298e-20 6.334488e-20 5.689865e+02
672000 2.844900e-21 -3.879946e-20 6.404544e-20 4.121105e+02
673000 3.273564e-23 -2.085603e-20 7.917670e-20 4.742065e+00
674000 2.681467e-23 -4.054106e-20 5.948575e-20 3.884357e+00
675000 4.214718e-21 -3.831608e-20 6.589864e-20 6.105416e+02
676000 1.220558e-22 -4.078991e-20 5.991096e-20 1.768092e+01
677000 5.734619e-21 -4.002823e-20 6.570638e-20 8.307135e+02
678000 3.079179e-21 -3.914513e-20 6.393405e-20 4.460480e+02
679000 5.004789e-21 -3.888654e-20 6.611825e-20 7.249908e+02
680000 4.166114e-22 -2.560809e-20 7.480852e-20 6.035008e+01
681000 3.414258e-21 -4.028328e-20 6.313098e-20 4.945874e+02
682000 1.154734e-21 -4.053516e-20 6.061957e-20 1.672741e+02
683000 3.129756e-22 -4.044991e-20 5.986307e-20 4.533746e+01
684000 5.093429e-21 -3.834966e-20 6.674377e-20 7.378311e+02
685000 8.230802e-23 -3.567993e-20 6.440238e-20 1.192309e+01
686000 1.295611e-21 -4.006146e-20 6.123415e-20 1.876815e+02
687000 1.851454e-22 -3.591720e-20 6.426795e-20 2.682006e+01
688000 8.868989e-22 -3.531501e-20 6.557189e-20 1.284756e+02
689000 7.087092e-22 -4.064100e-20 6.006793e-20 1.026632e+02
690000 1.473070e-23 -4.079718e-20 6.000990e-20 2.133880e+00
691000 5.916078e-22 -3.939482e-20 6.119679e-20 8.569995e+01
692000 2.835953e-22 -3.778738e-20 6.249622e-20 4.108145e+01
693000 6.069145e-23 -3.242339e-20 6.763730e-20 8.791727e+00
694000 2.439429e-21 -3.966643e-20 6.277300e-20 3.533742e+02
695000 4.680734e-24 -3.251707e-20 6.748761e-20 6.780483e-01
696000 3.456575e-21 -3.442013e-20 6.903645e-20 5.007174e+02
697000 2.931967e-22 -3.388951e-20 6.640369e-20 4.247230e+01
698000 4.015697e-23 -3.994009e-20 6.010007e-20 5.817115e+00
699000 8.453003e-22 -3.534454e-20 6.550076e-20 1.224497e+02
700000 3.411549e-21 -3.670871e-20 6.670283e-20 4.941949e+02
701000 5.805817e-21 -3.920668e-20 6.659914e-20 8.410272e+02
702000 1.642868e-23 -3.631779e-20 6.369864e-20 2.379849e+00
703000 3.325379e-21 -4.015623e-20 6.316915e-20 4.817124e+02
704000 1.014947e-21 -3.680936e-20 6.420559e-20 1.470246e+02
705000 2.481933e-21 -4.031098e-20 6.217095e-20 3.595314e+02
706000 6.159746e-22 -3.561675e-20 6.499922e-20 8.922972e+01
707000 1.086755e-23 -3.859292e-20 6.141795e-20 1.574267e+00
708000 6.860528e-23 -3.316361e-20 6.690500e-20 9.938121e+00
709000 1.197518e-23 -3.942751e-20 6.058446e-20 1.734718e+00
710000 3.754999e-21 -3.473358e-20 6.902142e-20 5.439470e+02
711000 2.018897e-21 -4.025229e-20 6.176661e-20 2.924562e+02
712000 7.230024e-22 -3.972808e-20 6.099492e-20 1.047337e+02
713000 1.588005e-21 -4.011757e-20 6.147044e-20 2.300375e+02
714000 2.564224e-22 -4.013916e-20 6.011726e-20 3.714519e+01
715000 2.386951e-21 -3.925291e-20 6.313404e-20 3.457723e+02
716000 5.604420e-22 -3.910284e-20 6.145760e-20 8.118530e+01
717000 8.260431e-22 -3.948599e-20 6.134006e-20 1.196601e+02
718000 2.664291e-21 -4.009375e-20 6.257055e-20 3.859476e+02
719000 1.337241e-21 -4.059802e-20 6.073924e-20 1.937120e+02
720000 2.266121e-21 -3.520591e-20 6.706022e-20 3.282689e+02
721000 7.122109e-24 -3.144974e-20 6.855738e-20 1.031704e+00
722000 3.613867e-23 -3.959667e-20 6.043947e-20 5.235027e+00
723000 2.184211e-21 -3.846966e-20 6.371455e-20 3.164035e+02
724000 4.646337e-21 -3.940774e-20 6.523859e-20 6.730656e+02
725000 2.089773e-21 -3.868866e-20 6.340111e-20 3.027232e+02
726000 1.378192e-22 -3.874566e-20 6.139216e-20 1.996441e+01
727000 5.932332e-21 -4.063673e-20 6.529577e-20 8.593542e+02
728000 5.148693e-21 -4.014571e-20 6.500298e-20 7.458366e+02
729000 1.322443e-20 -3.642305e-20 7.680138e-20 1.915683e+03
730000 7.446916e-22 -4.073094e-20 6.004834e-20 1.078756e+02
731000 4.333676e-21 -3.597636e-20 6.835731e-20 6.277738e+02
732000 1.572975e-21 -4.030877e-20 6.126421e-20 2.278603e+02
733000 1.078377e-22 -4.059442e-20 5.951343e-20 1.562131e+01
734000 8.964203e-25 -3.854720e-20 6.145370e-20 1.298549e-01
735000 1.249240e-21 -3.848615e-20 6.276309e-20 1.809641e+02
736000 1.022605e-21 -3.851984e-20 6.250276e-20 1.481340e+02
737000 5.997626e-21 -4.083060e-20 6.818213e-20 8.688126e+02
738000 8.284505e-21 -4.082962e-20 7.036230e-20 1.200088e+03
739000 2.036505e-22 -4.028699e-20 5.991666e-20 2.950069e+01
740000 4.453120e-22 -3.945280e-20 6.099251e-20 6.450763e+01
741000 7.079276e-22 -3.000637e-20 7.070155e-20 1.025500e+02
742000 5.458100e-22 -3.416923e-20 6.637658e-20 7.906572e+01
743000 2.708473e-24 -4.027770e-20 5.972501e-20 3.923477e-01
744000 1.240387e-20 -4.044571e-20 7.195816e-20 1.796818e+03
745000 1.100286e-21 -3.936179e-20 6.173849e-20 1.593868e+02
746000 2.428022e-21 -3.931038e-20 6.311764e-20 3.517219e+02
747000 5.619876e-23 -4.017553e-20 5.988066e-20 8.140919e+00
748000 3.293222e-24 -3.653600e-20 6.346730e-20 4.770542e-01
749000 1.900332e-21 -3.565160e-20 6.624873e-20 2.752809e+02
750000 1.995211e-23 -4.023108e-20 5.978887e-20 2.890251e+00
751000 4.463224e-21 -3.932107e-20 6.514215e-20 6.465399e+02
752000 7.339061e-21 -3.653745e-20 7.080161e-20 1.063132e+03
753000 6.930852e-22 -4.012505e-20 6.056804e-20 1.003999e+02
754000 9.799560e-22 -3.426387e-20 6.671609e-20 1.419558e+02
755000 3.421311e-22 -4.058163e-20 5.976051e-20 4.956092e+01
756000 7.017029e-21 -3.424123e-20 7.277580e-20 1.016483e+03
757000 3.184100e-21 -4.046156e-20 6.272254e-20 4.612469e+02
758000 5.043849e-22 -3.833176e-20 6.217263e-20 7.306490e+01
759000 8.851139e-21 -3.455376e-20 7.429738e-20 1.282171e+03
760000 1.296818e-21 -4.000844e-20 6.128838e-20 1.878563e+02
761000 2.540608e-21 -3.941615e-20 6.312446e-20 3.680310e+02
762000 9.144679e-22 -3.953911e-20 6.137536e-20 1.324693e+02
763000 1.975878e-24 -2.920300e-20 7.079898e-20 2.862245e-01
764000 3.407022e-21 -4.061986e-20 6.278722e-20 4.935392e+02
765000 6.457696e-21 -3.546882e-20 7.098888e-20 9.354581e+02
766000 3.543541e-21 -3.804168e-20 6.550187e-20 5.133153e+02
767000 1.439585e-22 -3.728139e-20 6.286257e-20 2.085374e+01
768000 1.687270e-21 -3.899501e-20 6.269226e-20 2.444169e+02
769000 6.698301e-24 -3.796823e-20 6.203847e-20 9.703119e-01
770000 1.202352e-21 -3.753041e-20 6.367194e-20 1.741719e+02
771000 1.338295e-22 -3.896800e-20 6.116583e-20 1.938646e+01
772000 2.606081e-23 -4.046522e-20 5.956084e-20 3.775153e+00
773000 8.851958e-24 -3.951093e-20 6.049792e-20 1.282289e+00
774000 5.066534e-21 -3.545908e-20 6.960745e-20 7.339351e+02
775000 6.697160e-23 -4.064442e-20 5.942283e-20 9.701467e+00
776000 4.593997e-22 -4.069689e-20 5.976813e-20 6.654837e+01
777000 4.529582e-22 -3.911757e-20 6.133539e-20 6.561525e+01
778000 4.497699e-23 -3.883603e-20 6.120894e-20 6.515341e+00
779000 1.123851e-22 -3.609213e-20 6.402025e-20 1.628004e+01
780000 2.354000e-22 -3.699308e-20 6.324232e-20 3.409991e+01
781000 2.308228e-23 -3.829637e-20 6.172671e-20 3.343686e+00
782000 1.415382e-21 -4.062993e-20 6.078556e-20 2.050313e+02
783000 4.014958e-23 -3.048440e-20 6.955575e-20 5.816045e+00
784000 2.389700e-21 -3.797851e-20 6.441119e-20 3.461705e+02
785000 1.494269e-21 -4.015576e-20 6.133851e-20 2.164590e+02
786000 3.002993e-23 -3.866262e-20 6.136741e-20 4.350118e+00
787000 6.867763e-21 -3.851266e-20 6.835510e-20 9.948601e+02
788000 5.072773e-21 -4.011338e-20 6.495939e-20 7.348389e+02
789000 2.176284e-22 -4.082753e-20 6.207852e-20 3.152552e+01
790000 2.431413e-21 -3.228937e-20 7.014204e-20 3.522130e+02
791000 3.662732e-23 -4.059319e-20 5.944344e-20 5.305812e+00
792000 2.471209e-21 -3.358450e-20 6.888670e-20 3.579779e+02
793000 1.843209e-22 -3.989963e-20 6.028470e-20 2.670062e+01
794000 5.032165e-22 -3.632659e-20 6.417662e-20 7.289565e+01
795000 4.077130e-21 -3.347833e-20 7.059880e-20 5.906106e+02
796000 3.660179e-21 -3.712353e-20 6.653665e-20 5.302114e+02
797000 3.937886e-21 -4.075284e-20 6.328881e-20 5.704399e+02
798000 1.231679e-23 -2.899230e-20 7.102002e-20 1.784202e+00
799000 9.529755e-22 -3.983623e-20 6.111675e-20 1.380475e+02
800000 2.696085e-23 -4.027715e-20 5.974982e-20 3.905532e+00
801000 4.550147e-23 -4.058765e-20 5.945786e-20 6.591316e+00
802000 2.328670e-23 -3.874965e-20 6.127364e-20 3.373298e+00
803000 2.230508e-21 -3.913072e-20 6.309979e-20 3.231101e+02
804000 7.975815e-26 -3.900057e-20 6.099951e-20 1.155372e-02
805000 8.575755e-22 -4.072322e-20 6.015752e-20 1.242279e+02
806000 1.220087e-21 -3.987986e-20 6.134022e-20 1.767411e+02
807000 4.062307e-21 -3.906881e-20 6.499349e-20 5.884634e+02
808000 1.976195e-21 -4.072983e-20 6.127903e-20 2.862705e+02
809000 2.244094e-21 -3.899735e-20 6.324675e-20 3.250781e+02
810000 5.190304e-21 -3.932338e-20 6.586692e-20 7.518643e+02
811000 4.600294e-21 -3.897015e-20 6.563014e-20 6.663959e+02
812000 3.055754e-21 -3.803550e-20 6.502026e-20 4.426547e+02
813000 2.495043e-21 -3.996043e-20 6.253461e-20 3.614304e+02
814000 4.822802e-22 -3.868158e-20 6.180070e-20 6.986282e+01
815000 5.138450e-21 -3.459604e-20 7.054241e-20 7.443528e+02
816000 1.015918e-21 -3.902321e-20 6.199271e-20 1.471653e+02
817000 6.234197e-22 -3.973351e-20 6.088991e-20 9.030821e+01
818000 1.697107e-21 -4.033272e-20 6.136438e-20 2.458419e+02
819000 7.115876e-22 -3.961973e-20 6.109186e-20 1.030802e+02
820000 1.360590e-21 -4.061088e-20 6.074974e-20 1.970942e+02
821000 7.063696e-22 -3.940006e-20 6.130631e-20 1.023243e+02
822000 1.857551e-21 -3.986832e-20 6.198923e-20 2.690838e+02
823000 4.685985e-21 -3.864417e-20 6.604181e-20 6.788091e+02
824000 5.424848e-21 -4.013140e-20 6.529344e-20 7.858403e+02
825000 5.066852e-22 -4.014205e-20 6.036463e-20 7.339812e+01
826000 1.882590e-22 -3.572502e-20 6.446324e-20 2.727108e+01
827000 4.767832e-21 -3.910017e-20 6.566766e-20 6.906653e+02
828000 1.416717e-22 -4.046656e-20 5.967511e-20 2.052248e+01
829000 5.912061e-23 -3.648084e-20 6.357828e-20 8.564176e+00
830000 6.965731e-23 -3.845568e-20 6.161398e-20 1.009052e+01
831000 7.590285e-23 -4.073397e-20 5.938234e-20 1.099524e+01
832000 7.152583e-21 -3.991380e-20 6.723878e-20 1.036119e+03
833000 1.050929e-21 -3.900416e-20 6.204677e-20 1.522369e+02
834000 9.735682e-21 -3.816968e-20 7.156601e-20 1.410305e+03
835000 2.913713e-21 -4.012997e-20 6.278374e-20 4.220788e+02
836000 8.265858e-22 -3.881867e-20 6.200792e-20 1.197387e+02
837000 2.783362e-21 -3.985914e-20 6.292422e-20 4.031961e+02
838000 5.756159e-24 -4.011805e-20 5.988771e-20 8.338338e-01
839000 2.518416e-21 -3.939228e-20 6.312614e-20 3.648163e+02
840000 1.788467e-22 -3.645242e-20 6.372643e-20 2.590762e+01
841000 3.560960e-21 -3.693058e-20 6.663038e-20 5.158386e+02
842000 6.786800e-23 -3.071536e-20 6.935250e-20 9.831318e+00
843000 3.406332e-21 -3.933601e-20 6.407032e-20 4.934393e+02
844000 1.410241e-21 -4.022734e-20 6.118290e-20 2.042867e+02
845000 9.782757e-24 -4.001821e-20 5.999158e-20 1.417124e+00
846000 2.247191e-21 -4.042437e-20 6.182282e-20 3.255267e+02
847000 1.857695e-21 -4.036856e-20 6.148914e-20 2.691046e+02
848000 1.474777e-22 -3.915288e-20 6.099460e-20 2.136354e+01
849000 2.505246e-22 -3.985670e-20 6.039382e-20 3.629084e+01
850000 6.592106e-21 -3.850867e-20 6.808344e-20 9.549286e+02
851000 8.211097e-21 -4.044775e-20 6.776334e-20 1.189455e+03
852000 4.749270e-22 -4.018149e-20 6.029343e-20 6.879764e+01
853000 8.962944e-21 -3.673239e-20 7.223055e-20 1.298367e+03
854000 1.082897e-21 -3.952835e-20 6.155454e-20 1.568678e+02
855000 1.829333e-23 -3.492852e-20 6.508978e-20 2.649960e+00
856000 8.304544e-21 -4.046796e-20 6.783659e-20 1.202991e+03
857000 1.441934e-22 -4.026537e-20 5.987882e-20 2.088776e+01
858000 5.414840e-22 -4.026580e-20 6.027569e-20 7.843906e+01
859000 8.685444e-21 -4.071526e-20 6.798540e-20 1.258168e+03
860000 2.242787e-21 -3.651033e-20 6.573246e-20 3.248888e+02
861000 3.034992e-21 -3.843064e-20 6.460435e-20 4.396472e+02
862000 1.220337e-21 -3.805656e-20 6.316378e-20 1.767772e+02
863000 6.968933e-22 -4.032011e-20 6.037678e-20 1.009516e+02
864000 2.994669e-22 -4.034667e-20 5.995280e-20 4.338061e+01
865000 2.792639e-21 -3.628093e-20 6.651171e-20 4.045401e+02
866000 2.627746e-24 -4.067557e-20 5.932875e-20 3.806537e-01
867000 1.382871e-23 -3.901624e-20 6.099759e-20 2.003219e+00
868000 2.046449e-21 -4.034126e-20 6.170519e-20 2.964473e+02
869000 9.628794e-22 -3.594229e-20 6.502059e-20 1.394821e+02
870000 3.855679e-21 -4.044066e-20 6.341502e-20 5.585313e+02
871000 1.790805e-21 -3.890311e-20 6.288769e-20 2.594149e+02
872000 9.022325e-24 -3.773355e-20 6.227547e-20 1.306969e+00
873000 3.641696e-23 -3.799832e-20 6.203810e-20 5.275339e+00
874000 3.614514e-22 -3.989617e-20 6.046528e-20 5.235963e+01
875000 1.013258e-21 -3.785788e-20 6.315538e-20 1.467800e+02
876000 1.606041e-22 -3.541057e-20 6.475004e-20 2.326502e+01
877000 8.828076e-22 -4.047675e-20 6.040605e-20 1.278830e+02
878000 2.351721e-21 -4.032557e-20 6.202615e-20 3.406690e+02
879000 1.995970e-21 -4.032950e-20 6.166648e-20 2.891351e+02
