pX pY pZ 
-2.103504e-13 0.000000e+00 0.000000e+00
1.185657e-13 0.000000e+00 0.000000e+00
-7.498779e-14 0.000000e+00 0.000000e+00
-2.427391e-13 0.000000e+00 0.000000e+00
1.362361e-13 0.000000e+00 0.000000e+00
-2.260627e-13 0.000000e+00 0.000000e+00
1.175833e-13 0.000000e+00 0.000000e+00
-1.327965e-13 0.000000e+00 0.000000e+00
2.242204e-13 0.000000e+00 0.000000e+00
-3.177023e-13 0.000000e+00 0.000000e+00
3.542853e-14 0.000000e+00 0.000000e+00
-5.832633e-14 0.000000e+00 0.000000e+00
-1.113347e-13 0.000000e+00 0.000000e+00
-6.557087e-14 0.000000e+00 0.000000e+00
6.372145e-14 0.000000e+00 0.000000e+00
2.505748e-14 0.000000e+00 0.000000e+00
3.033196e-14 0.000000e+00 0.000000e+00
1.855458e-13 0.000000e+00 0.000000e+00
2.646696e-13 0.000000e+00 0.000000e+00
1.531089e-14 0.000000e+00 0.000000e+00
1.596819e-13 0.000000e+00 0.000000e+00
4.478784e-14 0.000000e+00 0.000000e+00
-1.303187e-13 0.000000e+00 0.000000e+00
-1.497653e-13 0.000000e+00 0.000000e+00
-5.177036e-14 0.000000e+00 0.000000e+00
-1.464161e-13 0.000000e+00 0.000000e+00
-4.334900e-13 0.000000e+00 0.000000e+00
-3.138619e-13 0.000000e+00 0.000000e+00
-4.539473e-13 0.000000e+00 0.000000e+00
2.545290e-14 0.000000e+00 0.000000e+00
3.421759e-13 0.000000e+00 0.000000e+00
4.977313e-14 0.000000e+00 0.000000e+00
1.857654e-14 0.000000e+00 0.000000e+00
-1.892167e-13 0.000000e+00 0.000000e+00
-9.444454e-14 0.000000e+00 0.000000e+00
1.385596e-13 0.000000e+00 0.000000e+00
-2.172149e-14 0.000000e+00 0.000000e+00
-1.722888e-13 0.000000e+00 0.000000e+00
1.576594e-13 0.000000e+00 0.000000e+00
6.431057e-14 0.000000e+00 0.000000e+00
-8.015906e-14 0.000000e+00 0.000000e+00
1.382593e-13 0.000000e+00 0.000000e+00
2.202098e-13 0.000000e+00 0.000000e+00
1.750064e-13 0.000000e+00 0.000000e+00
6.906691e-14 0.000000e+00 0.000000e+00
9.168510e-14 0.000000e+00 0.000000e+00
-1.009493e-13 0.000000e+00 0.000000e+00
-1.441423e-13 0.000000e+00 0.000000e+00
-1.255947e-13 0.000000e+00 0.000000e+00
4.566092e-14 0.000000e+00 0.000000e+00
2.313460e-13 0.000000e+00 0.000000e+00
3.882540e-14 0.000000e+00 0.000000e+00
2.405851e-13 0.000000e+00 0.000000e+00
-4.694725e-16 0.000000e+00 0.000000e+00
1.630525e-13 0.000000e+00 0.000000e+00
1.510090e-13 0.000000e+00 0.000000e+00
5.554497e-14 0.000000e+00 0.000000e+00
-5.327956e-14 0.000000e+00 0.000000e+00
-1.639618e-13 0.000000e+00 0.000000e+00
1.532345e-13 0.000000e+00 0.000000e+00
1.022479e-13 0.000000e+00 0.000000e+00
-1.232553e-13 0.000000e+00 0.000000e+00
3.626657e-14 0.000000e+00 0.000000e+00
2.505873e-13 0.000000e+00 0.000000e+00
-2.024374e-13 0.000000e+00 0.000000e+00
-3.816485e-13 0.000000e+00 0.000000e+00
2.175788e-14 0.000000e+00 0.000000e+00
1.258966e-13 0.000000e+00 0.000000e+00
-2.385564e-13 0.000000e+00 0.000000e+00
1.437469e-13 0.000000e+00 0.000000e+00
8.669939e-14 0.000000e+00 0.000000e+00
-1.403704e-13 0.000000e+00 0.000000e+00
2.879749e-14 0.000000e+00 0.000000e+00
1.458812e-14 0.000000e+00 0.000000e+00
-7.793731e-14 0.000000e+00 0.000000e+00
6.736713e-14 0.000000e+00 0.000000e+00
-2.502413e-14 0.000000e+00 0.000000e+00
-6.930533e-14 0.000000e+00 0.000000e+00
-2.345342e-13 0.000000e+00 0.000000e+00
1.364520e-13 0.000000e+00 0.000000e+00
2.643893e-13 0.000000e+00 0.000000e+00
2.860214e-13 0.000000e+00 0.000000e+00
-1.377170e-13 0.000000e+00 0.000000e+00
-8.834210e-14 0.000000e+00 0.000000e+00
-9.831540e-14 0.000000e+00 0.000000e+00
-9.711181e-14 0.000000e+00 0.000000e+00
-5.474124e-15 0.000000e+00 0.000000e+00
-5.253972e-14 0.000000e+00 0.000000e+00
-5.246968e-14 0.000000e+00 0.000000e+00
3.474532e-14 0.000000e+00 0.000000e+00
-1.814493e-13 0.000000e+00 0.000000e+00
-1.010895e-14 0.000000e+00 0.000000e+00
-1.634085e-14 0.000000e+00 0.000000e+00
1.313524e-13 0.000000e+00 0.000000e+00
-2.568573e-14 0.000000e+00 0.000000e+00
1.574364e-14 0.000000e+00 0.000000e+00
1.317179e-13 0.000000e+00 0.000000e+00
3.966704e-13 0.000000e+00 0.000000e+00
1.199823e-13 0.000000e+00 0.000000e+00
-1.747872e-13 0.000000e+00 0.000000e+00
4.104194e-14 0.000000e+00 0.000000e+00
-8.420699e-14 0.000000e+00 0.000000e+00
4.617529e-14 0.000000e+00 0.000000e+00
-2.958291e-13 0.000000e+00 0.000000e+00
-1.527540e-14 0.000000e+00 0.000000e+00
1.465931e-13 0.000000e+00 0.000000e+00
-4.856667e-14 0.000000e+00 0.000000e+00
-2.142408e-14 0.000000e+00 0.000000e+00
2.283970e-15 0.000000e+00 0.000000e+00
-4.297394e-14 0.000000e+00 0.000000e+00
3.967037e-14 0.000000e+00 0.000000e+00
1.249617e-13 0.000000e+00 0.000000e+00
-8.519200e-14 0.000000e+00 0.000000e+00
1.672262e-13 0.000000e+00 0.000000e+00
1.617084e-14 0.000000e+00 0.000000e+00
2.894038e-13 0.000000e+00 0.000000e+00
-4.278866e-14 0.000000e+00 0.000000e+00
-1.288523e-13 0.000000e+00 0.000000e+00
-8.637031e-14 0.000000e+00 0.000000e+00
2.478003e-13 0.000000e+00 0.000000e+00
-6.394481e-14 0.000000e+00 0.000000e+00
2.697187e-13 0.000000e+00 0.000000e+00
-1.089923e-13 0.000000e+00 0.000000e+00
2.615016e-13 0.000000e+00 0.000000e+00
4.842608e-14 0.000000e+00 0.000000e+00
7.669106e-14 0.000000e+00 0.000000e+00
2.460125e-13 0.000000e+00 0.000000e+00
-3.121550e-13 0.000000e+00 0.000000e+00
1.225771e-13 0.000000e+00 0.000000e+00
-1.915482e-14 0.000000e+00 0.000000e+00
6.316113e-14 0.000000e+00 0.000000e+00
3.474428e-14 0.000000e+00 0.000000e+00
-1.286090e-13 0.000000e+00 0.000000e+00
-3.175266e-13 0.000000e+00 0.000000e+00
1.545703e-13 0.000000e+00 0.000000e+00
-1.078994e-13 0.000000e+00 0.000000e+00
2.283414e-13 0.000000e+00 0.000000e+00
-2.667167e-13 0.000000e+00 0.000000e+00
2.881700e-14 0.000000e+00 0.000000e+00
1.286300e-13 0.000000e+00 0.000000e+00
-1.433993e-13 0.000000e+00 0.000000e+00
-2.304506e-14 0.000000e+00 0.000000e+00
2.816626e-14 0.000000e+00 0.000000e+00
9.085575e-15 0.000000e+00 0.000000e+00
2.923531e-13 0.000000e+00 0.000000e+00
-4.937429e-15 0.000000e+00 0.000000e+00
2.680904e-13 0.000000e+00 0.000000e+00
-1.368145e-13 0.000000e+00 0.000000e+00
7.761608e-14 0.000000e+00 0.000000e+00
3.876167e-13 0.000000e+00 0.000000e+00
-9.662743e-14 0.000000e+00 0.000000e+00
-3.063493e-13 0.000000e+00 0.000000e+00
-1.818530e-13 0.000000e+00 0.000000e+00
1.144529e-13 0.000000e+00 0.000000e+00
1.827775e-13 0.000000e+00 0.000000e+00
8.571135e-14 0.000000e+00 0.000000e+00
2.843800e-14 0.000000e+00 0.000000e+00
-1.717047e-13 0.000000e+00 0.000000e+00
2.818162e-13 0.000000e+00 0.000000e+00
4.995173e-14 0.000000e+00 0.000000e+00
5.598368e-14 0.000000e+00 0.000000e+00
-1.909267e-13 0.000000e+00 0.000000e+00
-5.506391e-14 0.000000e+00 0.000000e+00
-1.694004e-13 0.000000e+00 0.000000e+00
6.610703e-14 0.000000e+00 0.000000e+00
-2.006616e-14 0.000000e+00 0.000000e+00
-2.789526e-13 0.000000e+00 0.000000e+00
1.309090e-14 0.000000e+00 0.000000e+00
2.106484e-13 0.000000e+00 0.000000e+00
-2.561560e-13 0.000000e+00 0.000000e+00
-1.194971e-13 0.000000e+00 0.000000e+00
-1.639132e-14 0.000000e+00 0.000000e+00
1.571197e-13 0.000000e+00 0.000000e+00
5.580068e-15 0.000000e+00 0.000000e+00
4.308621e-14 0.000000e+00 0.000000e+00
-1.817719e-13 0.000000e+00 0.000000e+00
-1.990812e-13 0.000000e+00 0.000000e+00
-3.663479e-14 0.000000e+00 0.000000e+00
2.654951e-13 0.000000e+00 0.000000e+00
-2.229053e-13 0.000000e+00 0.000000e+00
1.594861e-13 0.000000e+00 0.000000e+00
2.841549e-13 0.000000e+00 0.000000e+00
2.344005e-13 0.000000e+00 0.000000e+00
-2.743391e-13 0.000000e+00 0.000000e+00
1.430806e-13 0.000000e+00 0.000000e+00
-1.597357e-13 0.000000e+00 0.000000e+00
2.048545e-13 0.000000e+00 0.000000e+00
3.624336e-13 0.000000e+00 0.000000e+00
2.110170e-13 0.000000e+00 0.000000e+00
1.839105e-13 0.000000e+00 0.000000e+00
3.431518e-14 0.000000e+00 0.000000e+00
1.975233e-13 0.000000e+00 0.000000e+00
-1.589735e-13 0.000000e+00 0.000000e+00
-1.360748e-13 0.000000e+00 0.000000e+00
-7.268807e-14 0.000000e+00 0.000000e+00
-8.152940e-14 0.000000e+00 0.000000e+00
1.057772e-13 0.000000e+00 0.000000e+00
-8.994019e-14 0.000000e+00 0.000000e+00
1.487744e-13 0.000000e+00 0.000000e+00
2.387965e-14 0.000000e+00 0.000000e+00
-2.538137e-14 0.000000e+00 0.000000e+00
1.590319e-13 0.000000e+00 0.000000e+00
-9.681962e-14 0.000000e+00 0.000000e+00
-7.864400e-14 0.000000e+00 0.000000e+00
2.821908e-14 0.000000e+00 0.000000e+00
-6.037962e-14 0.000000e+00 0.000000e+00
1.796933e-14 0.000000e+00 0.000000e+00
-5.996511e-14 0.000000e+00 0.000000e+00
2.956388e-13 0.000000e+00 0.000000e+00
-4.741441e-14 0.000000e+00 0.000000e+00
-5.694261e-15 0.000000e+00 0.000000e+00
1.632646e-13 0.000000e+00 0.000000e+00
1.433681e-13 0.000000e+00 0.000000e+00
-1.597558e-13 0.000000e+00 0.000000e+00
2.262017e-13 0.000000e+00 0.000000e+00
-1.407787e-13 0.000000e+00 0.000000e+00
-1.005046e-13 0.000000e+00 0.000000e+00
-2.502388e-13 0.000000e+00 0.000000e+00
-1.165250e-13 0.000000e+00 0.000000e+00
8.479475e-14 0.000000e+00 0.000000e+00
-1.446710e-13 0.000000e+00 0.000000e+00
1.361167e-13 0.000000e+00 0.000000e+00
-9.255456e-14 0.000000e+00 0.000000e+00
-2.002130e-13 0.000000e+00 0.000000e+00
3.191799e-13 0.000000e+00 0.000000e+00
-1.298256e-13 0.000000e+00 0.000000e+00
-8.034739e-14 0.000000e+00 0.000000e+00
3.216839e-15 0.000000e+00 0.000000e+00
5.473783e-14 0.000000e+00 0.000000e+00
3.963006e-13 0.000000e+00 0.000000e+00
-1.291748e-13 0.000000e+00 0.000000e+00
2.049674e-13 0.000000e+00 0.000000e+00
2.433628e-13 0.000000e+00 0.000000e+00
3.199124e-13 0.000000e+00 0.000000e+00
-3.765808e-14 0.000000e+00 0.000000e+00
-3.417410e-13 0.000000e+00 0.000000e+00
-1.579835e-13 0.000000e+00 0.000000e+00
1.127996e-13 0.000000e+00 0.000000e+00
8.507874e-14 0.000000e+00 0.000000e+00
-4.529283e-13 0.000000e+00 0.000000e+00
-1.795173e-13 0.000000e+00 0.000000e+00
-6.155220e-14 0.000000e+00 0.000000e+00
-3.550516e-14 0.000000e+00 0.000000e+00
4.087687e-14 0.000000e+00 0.000000e+00
-1.741641e-13 0.000000e+00 0.000000e+00
-6.450708e-15 0.000000e+00 0.000000e+00
-2.540759e-13 0.000000e+00 0.000000e+00
-3.850438e-14 0.000000e+00 0.000000e+00
-9.802869e-14 0.000000e+00 0.000000e+00
-3.030557e-13 0.000000e+00 0.000000e+00
-2.155972e-14 0.000000e+00 0.000000e+00
1.106349e-13 0.000000e+00 0.000000e+00
1.948428e-13 0.000000e+00 0.000000e+00
4.553331e-13 0.000000e+00 0.000000e+00
2.071014e-13 0.000000e+00 0.000000e+00
-2.165586e-13 0.000000e+00 0.000000e+00
-2.753269e-13 0.000000e+00 0.000000e+00
2.138913e-13 0.000000e+00 0.000000e+00
-8.389760e-14 0.000000e+00 0.000000e+00
-1.171614e-13 0.000000e+00 0.000000e+00
-4.191478e-14 0.000000e+00 0.000000e+00
-1.388056e-14 0.000000e+00 0.000000e+00
-6.303526e-14 0.000000e+00 0.000000e+00
-1.843615e-13 0.000000e+00 0.000000e+00
7.200887e-14 0.000000e+00 0.000000e+00
1.960768e-13 0.000000e+00 0.000000e+00
2.058167e-13 0.000000e+00 0.000000e+00
-1.572681e-13 0.000000e+00 0.000000e+00
3.549208e-13 0.000000e+00 0.000000e+00
7.419142e-14 0.000000e+00 0.000000e+00
-1.232363e-13 0.000000e+00 0.000000e+00
1.717378e-14 0.000000e+00 0.000000e+00
3.370691e-13 0.000000e+00 0.000000e+00
2.105295e-13 0.000000e+00 0.000000e+00
-2.126960e-13 0.000000e+00 0.000000e+00
-1.717917e-13 0.000000e+00 0.000000e+00
-7.170293e-14 0.000000e+00 0.000000e+00
-4.688981e-14 0.000000e+00 0.000000e+00
6.667149e-14 0.000000e+00 0.000000e+00
9.972556e-15 0.000000e+00 0.000000e+00
1.580150e-14 0.000000e+00 0.000000e+00
4.606737e-14 0.000000e+00 0.000000e+00
5.227006e-14 0.000000e+00 0.000000e+00
1.493220e-13 0.000000e+00 0.000000e+00
6.044938e-14 0.000000e+00 0.000000e+00
-1.347852e-13 0.000000e+00 0.000000e+00
6.556621e-14 0.000000e+00 0.000000e+00
-3.458939e-14 0.000000e+00 0.000000e+00
-5.282623e-14 0.000000e+00 0.000000e+00
-5.527996e-14 0.000000e+00 0.000000e+00
2.896144e-13 0.000000e+00 0.000000e+00
6.055005e-14 0.000000e+00 0.000000e+00
1.008867e-13 0.000000e+00 0.000000e+00
1.955335e-13 0.000000e+00 0.000000e+00
-7.746868e-14 0.000000e+00 0.000000e+00
2.885647e-13 0.000000e+00 0.000000e+00
1.102585e-13 0.000000e+00 0.000000e+00
2.512921e-13 0.000000e+00 0.000000e+00
1.250748e-13 0.000000e+00 0.000000e+00
2.014123e-13 0.000000e+00 0.000000e+00
5.929135e-14 0.000000e+00 0.000000e+00
1.343853e-13 0.000000e+00 0.000000e+00
-5.989605e-15 0.000000e+00 0.000000e+00
4.714195e-14 0.000000e+00 0.000000e+00
-1.405136e-14 0.000000e+00 0.000000e+00
-6.640144e-14 0.000000e+00 0.000000e+00
3.246693e-14 0.000000e+00 0.000000e+00
-1.270421e-14 0.000000e+00 0.000000e+00
-5.550120e-14 0.000000e+00 0.000000e+00
-2.126840e-13 0.000000e+00 0.000000e+00
1.640372e-14 0.000000e+00 0.000000e+00
-1.266258e-13 0.000000e+00 0.000000e+00
1.331914e-13 0.000000e+00 0.000000e+00
4.748564e-14 0.000000e+00 0.000000e+00
2.110250e-13 0.000000e+00 0.000000e+00
1.754626e-15 0.000000e+00 0.000000e+00
-1.340105e-13 0.000000e+00 0.000000e+00
-5.855233e-14 0.000000e+00 0.000000e+00
-2.749000e-13 0.000000e+00 0.000000e+00
7.280894e-15 0.000000e+00 0.000000e+00
-4.473391e-14 0.000000e+00 0.000000e+00
3.283476e-13 0.000000e+00 0.000000e+00
-1.241351e-13 0.000000e+00 0.000000e+00
-1.313738e-13 0.000000e+00 0.000000e+00
7.600852e-14 0.000000e+00 0.000000e+00
-7.062941e-14 0.000000e+00 0.000000e+00
7.293009e-14 0.000000e+00 0.000000e+00
-9.495208e-14 0.000000e+00 0.000000e+00
1.821171e-13 0.000000e+00 0.000000e+00
2.340962e-13 0.000000e+00 0.000000e+00
-2.523538e-13 0.000000e+00 0.000000e+00
-7.775352e-14 0.000000e+00 0.000000e+00
-8.225186e-14 0.000000e+00 0.000000e+00
-4.924870e-14 0.000000e+00 0.000000e+00
-6.004844e-14 0.000000e+00 0.000000e+00
-3.168848e-13 0.000000e+00 0.000000e+00
-1.456119e-13 0.000000e+00 0.000000e+00
-1.066945e-13 0.000000e+00 0.000000e+00
2.197759e-13 0.000000e+00 0.000000e+00
4.502561e-14 0.000000e+00 0.000000e+00
2.284575e-14 0.000000e+00 0.000000e+00
-1.520811e-13 0.000000e+00 0.000000e+00
-1.348938e-13 0.000000e+00 0.000000e+00
-1.226750e-14 0.000000e+00 0.000000e+00
1.121613e-13 0.000000e+00 0.000000e+00
8.951997e-14 0.000000e+00 0.000000e+00
-6.778433e-15 0.000000e+00 0.000000e+00
-1.377350e-13 0.000000e+00 0.000000e+00
-9.539165e-14 0.000000e+00 0.000000e+00
8.393490e-14 0.000000e+00 0.000000e+00
2.553865e-14 0.000000e+00 0.000000e+00
-3.016597e-13 0.000000e+00 0.000000e+00
-3.628683e-14 0.000000e+00 0.000000e+00
7.324550e-14 0.000000e+00 0.000000e+00
-1.116677e-13 0.000000e+00 0.000000e+00
-4.563338e-14 0.000000e+00 0.000000e+00
-1.110933e-13 0.000000e+00 0.000000e+00
-6.449605e-14 0.000000e+00 0.000000e+00
1.642755e-14 0.000000e+00 0.000000e+00
-1.398766e-13 0.000000e+00 0.000000e+00
-1.571094e-13 0.000000e+00 0.000000e+00
-1.460949e-13 0.000000e+00 0.000000e+00
-1.986630e-13 0.000000e+00 0.000000e+00
1.080727e-13 0.000000e+00 0.000000e+00
-2.325925e-13 0.000000e+00 0.000000e+00
-6.591159e-14 0.000000e+00 0.000000e+00
-4.023303e-13 0.000000e+00 0.000000e+00
-1.589432e-13 0.000000e+00 0.000000e+00
1.175688e-13 0.000000e+00 0.000000e+00
-5.166306e-14 0.000000e+00 0.000000e+00
-1.373093e-13 0.000000e+00 0.000000e+00
-1.086227e-13 0.000000e+00 0.000000e+00
-3.629096e-14 0.000000e+00 0.000000e+00
1.164294e-13 0.000000e+00 0.000000e+00
6.852103e-14 0.000000e+00 0.000000e+00
-1.468631e-13 0.000000e+00 0.000000e+00
1.639676e-13 0.000000e+00 0.000000e+00
-8.464641e-14 0.000000e+00 0.000000e+00
-3.640700e-14 0.000000e+00 0.000000e+00
-4.114225e-13 0.000000e+00 0.000000e+00
-2.583333e-13 0.000000e+00 0.000000e+00
-1.124858e-13 0.000000e+00 0.000000e+00
-3.602400e-13 0.000000e+00 0.000000e+00
-2.631307e-13 0.000000e+00 0.000000e+00
-1.368333e-13 0.000000e+00 0.000000e+00
6.730079e-14 0.000000e+00 0.000000e+00
3.688982e-14 0.000000e+00 0.000000e+00
1.936235e-13 0.000000e+00 0.000000e+00
1.054777e-13 0.000000e+00 0.000000e+00
-1.833158e-13 0.000000e+00 0.000000e+00
9.421926e-14 0.000000e+00 0.000000e+00
7.069141e-14 0.000000e+00 0.000000e+00
-3.071377e-13 0.000000e+00 0.000000e+00
5.328617e-14 0.000000e+00 0.000000e+00
1.266166e-13 0.000000e+00 0.000000e+00
3.063106e-13 0.000000e+00 0.000000e+00
-1.253467e-13 0.000000e+00 0.000000e+00
-3.238713e-13 0.000000e+00 0.000000e+00
1.957326e-14 0.000000e+00 0.000000e+00
-4.194479e-13 0.000000e+00 0.000000e+00
-3.462320e-13 0.000000e+00 0.000000e+00
1.207214e-13 0.000000e+00 0.000000e+00
-5.469550e-14 0.000000e+00 0.000000e+00
-5.413160e-14 0.000000e+00 0.000000e+00
-1.602532e-13 0.000000e+00 0.000000e+00
-4.369908e-14 0.000000e+00 0.000000e+00
9.483689e-14 0.000000e+00 0.000000e+00
7.255127e-16 0.000000e+00 0.000000e+00
-3.762037e-14 0.000000e+00 0.000000e+00
1.652283e-13 0.000000e+00 0.000000e+00
4.451403e-14 0.000000e+00 0.000000e+00
-4.176369e-14 0.000000e+00 0.000000e+00
-5.262544e-14 0.000000e+00 0.000000e+00
1.268210e-13 0.000000e+00 0.000000e+00
2.664073e-13 0.000000e+00 0.000000e+00
-2.336945e-13 0.000000e+00 0.000000e+00
8.564523e-14 0.000000e+00 0.000000e+00
-3.167582e-13 0.000000e+00 0.000000e+00
-1.785540e-13 0.000000e+00 0.000000e+00
1.429362e-14 0.000000e+00 0.000000e+00
-1.102225e-13 0.000000e+00 0.000000e+00
2.733867e-13 0.000000e+00 0.000000e+00
-5.958697e-14 0.000000e+00 0.000000e+00
-2.513535e-14 0.000000e+00 0.000000e+00
3.873343e-13 0.000000e+00 0.000000e+00
5.410319e-14 0.000000e+00 0.000000e+00
7.051995e-14 0.000000e+00 0.000000e+00
-6.179580e-14 0.000000e+00 0.000000e+00
3.321709e-14 0.000000e+00 0.000000e+00
3.763600e-14 0.000000e+00 0.000000e+00
2.058059e-13 0.000000e+00 0.000000e+00
1.272964e-13 0.000000e+00 0.000000e+00
-1.937520e-14 0.000000e+00 0.000000e+00
-9.999177e-14 0.000000e+00 0.000000e+00
-6.135968e-14 0.000000e+00 0.000000e+00
-2.277808e-13 0.000000e+00 0.000000e+00
-9.604723e-14 0.000000e+00 0.000000e+00
2.689434e-13 0.000000e+00 0.000000e+00
-1.744552e-13 0.000000e+00 0.000000e+00
1.002866e-13 0.000000e+00 0.000000e+00
-4.087936e-14 0.000000e+00 0.000000e+00
-2.941344e-13 0.000000e+00 0.000000e+00
1.218846e-13 0.000000e+00 0.000000e+00
-1.343439e-13 0.000000e+00 0.000000e+00
-1.063518e-13 0.000000e+00 0.000000e+00
-1.286403e-13 0.000000e+00 0.000000e+00
-1.226086e-13 0.000000e+00 0.000000e+00
-1.883928e-13 0.000000e+00 0.000000e+00
-1.816806e-13 0.000000e+00 0.000000e+00
-9.023529e-14 0.000000e+00 0.000000e+00
-6.403698e-14 0.000000e+00 0.000000e+00
2.194676e-13 0.000000e+00 0.000000e+00
-2.883067e-13 0.000000e+00 0.000000e+00
-1.725474e-13 0.000000e+00 0.000000e+00
-5.181311e-14 0.000000e+00 0.000000e+00
-8.528532e-15 0.000000e+00 0.000000e+00
1.111567e-13 0.000000e+00 0.000000e+00
7.536792e-14 0.000000e+00 0.000000e+00
4.583630e-14 0.000000e+00 0.000000e+00
2.510183e-14 0.000000e+00 0.000000e+00
-6.267192e-14 0.000000e+00 0.000000e+00
9.965874e-14 0.000000e+00 0.000000e+00
-1.292431e-13 0.000000e+00 0.000000e+00
1.946659e-13 0.000000e+00 0.000000e+00
-1.704576e-13 0.000000e+00 0.000000e+00
1.969416e-14 0.000000e+00 0.000000e+00
-4.250987e-15 0.000000e+00 0.000000e+00
1.139889e-13 0.000000e+00 0.000000e+00
-2.891143e-13 0.000000e+00 0.000000e+00
-2.522608e-13 0.000000e+00 0.000000e+00
-1.892606e-13 0.000000e+00 0.000000e+00
1.007998e-13 0.000000e+00 0.000000e+00
1.271039e-14 0.000000e+00 0.000000e+00
-2.156397e-13 0.000000e+00 0.000000e+00
-3.869244e-14 0.000000e+00 0.000000e+00
-1.484234e-13 0.000000e+00 0.000000e+00
-1.369286e-13 0.000000e+00 0.000000e+00
1.823074e-13 0.000000e+00 0.000000e+00
-3.001418e-14 0.000000e+00 0.000000e+00
-1.263699e-13 0.000000e+00 0.000000e+00
-1.436135e-13 0.000000e+00 0.000000e+00
1.870862e-13 0.000000e+00 0.000000e+00
-1.893231e-13 0.000000e+00 0.000000e+00
-1.371023e-13 0.000000e+00 0.000000e+00
-1.106057e-13 0.000000e+00 0.000000e+00
-3.451193e-13 0.000000e+00 0.000000e+00
-1.322874e-13 0.000000e+00 0.000000e+00
4.302975e-13 0.000000e+00 0.000000e+00
-4.832845e-14 0.000000e+00 0.000000e+00
-2.736712e-13 0.000000e+00 0.000000e+00
-4.248413e-14 0.000000e+00 0.000000e+00
2.658230e-13 0.000000e+00 0.000000e+00
-6.578127e-14 0.000000e+00 0.000000e+00
-2.368149e-13 0.000000e+00 0.000000e+00
2.079209e-13 0.000000e+00 0.000000e+00
-1.421132e-13 0.000000e+00 0.000000e+00
-3.270019e-13 0.000000e+00 0.000000e+00
-5.522876e-14 0.000000e+00 0.000000e+00
4.769553e-15 0.000000e+00 0.000000e+00
1.632866e-14 0.000000e+00 0.000000e+00
6.767258e-14 0.000000e+00 0.000000e+00
-5.756120e-14 0.000000e+00 0.000000e+00
2.320807e-13 0.000000e+00 0.000000e+00
-3.865237e-13 0.000000e+00 0.000000e+00
-3.326235e-13 0.000000e+00 0.000000e+00
-2.781583e-13 0.000000e+00 0.000000e+00
-4.270943e-14 0.000000e+00 0.000000e+00
1.214675e-13 0.000000e+00 0.000000e+00
-3.441324e-14 0.000000e+00 0.000000e+00
-1.606191e-13 0.000000e+00 0.000000e+00
-1.490395e-13 0.000000e+00 0.000000e+00
1.712113e-13 0.000000e+00 0.000000e+00
2.671743e-14 0.000000e+00 0.000000e+00
-8.286864e-14 0.000000e+00 0.000000e+00
8.399261e-14 0.000000e+00 0.000000e+00
-2.478807e-13 0.000000e+00 0.000000e+00
-8.279432e-14 0.000000e+00 0.000000e+00
2.822739e-14 0.000000e+00 0.000000e+00
-3.170306e-14 0.000000e+00 0.000000e+00
-1.843813e-13 0.000000e+00 0.000000e+00
8.190829e-14 0.000000e+00 0.000000e+00
-1.900785e-13 0.000000e+00 0.000000e+00
6.388433e-14 0.000000e+00 0.000000e+00
-1.443848e-14 0.000000e+00 0.000000e+00
-1.081575e-14 0.000000e+00 0.000000e+00
-8.407609e-14 0.000000e+00 0.000000e+00
-1.167482e-13 0.000000e+00 0.000000e+00
2.529152e-13 0.000000e+00 0.000000e+00
7.160215e-14 0.000000e+00 0.000000e+00
-3.475975e-13 0.000000e+00 0.000000e+00
5.228007e-14 0.000000e+00 0.000000e+00
-2.065282e-13 0.000000e+00 0.000000e+00
1.971747e-13 0.000000e+00 0.000000e+00
3.641162e-13 0.000000e+00 0.000000e+00
-6.374476e-14 0.000000e+00 0.000000e+00
-5.876352e-14 0.000000e+00 0.000000e+00
2.856768e-14 0.000000e+00 0.000000e+00
-8.295175e-14 0.000000e+00 0.000000e+00
2.702703e-13 0.000000e+00 0.000000e+00
-9.438398e-14 0.000000e+00 0.000000e+00
-1.114853e-13 0.000000e+00 0.000000e+00
2.894356e-13 0.000000e+00 0.000000e+00
-1.511541e-13 0.000000e+00 0.000000e+00
3.344884e-14 0.000000e+00 0.000000e+00
-1.711572e-13 0.000000e+00 0.000000e+00
8.658933e-14 0.000000e+00 0.000000e+00
-5.558155e-14 0.000000e+00 0.000000e+00
4.470493e-14 0.000000e+00 0.000000e+00
-1.729894e-13 0.000000e+00 0.000000e+00
-1.160490e-13 0.000000e+00 0.000000e+00
3.598177e-13 0.000000e+00 0.000000e+00
7.656661e-14 0.000000e+00 0.000000e+00
1.092300e-13 0.000000e+00 0.000000e+00
-2.793959e-13 0.000000e+00 0.000000e+00
-1.784268e-13 0.000000e+00 0.000000e+00
4.990117e-13 0.000000e+00 0.000000e+00
2.021742e-13 0.000000e+00 0.000000e+00
1.033814e-13 0.000000e+00 0.000000e+00
7.133394e-14 0.000000e+00 0.000000e+00
-1.168255e-13 0.000000e+00 0.000000e+00
2.324615e-13 0.000000e+00 0.000000e+00
-3.900938e-13 0.000000e+00 0.000000e+00
-9.229442e-14 0.000000e+00 0.000000e+00
-1.141032e-13 0.000000e+00 0.000000e+00
-4.342516e-14 0.000000e+00 0.000000e+00
1.671411e-13 0.000000e+00 0.000000e+00
-1.230741e-13 0.000000e+00 0.000000e+00
1.828317e-13 0.000000e+00 0.000000e+00
1.468026e-13 0.000000e+00 0.000000e+00
-2.315369e-13 0.000000e+00 0.000000e+00
2.246872e-13 0.000000e+00 0.000000e+00
-1.369556e-13 0.000000e+00 0.000000e+00
2.040386e-13 0.000000e+00 0.000000e+00
-1.094238e-13 0.000000e+00 0.000000e+00
2.135860e-13 0.000000e+00 0.000000e+00
-5.116065e-14 0.000000e+00 0.000000e+00
-1.082584e-13 0.000000e+00 0.000000e+00
9.509566e-14 0.000000e+00 0.000000e+00
5.307534e-14 0.000000e+00 0.000000e+00
-2.617865e-13 0.000000e+00 0.000000e+00
-1.730176e-13 0.000000e+00 0.000000e+00
-3.012389e-14 0.000000e+00 0.000000e+00
3.095106e-13 0.000000e+00 0.000000e+00
8.500122e-14 0.000000e+00 0.000000e+00
2.481217e-13 0.000000e+00 0.000000e+00
-1.694839e-13 0.000000e+00 0.000000e+00
-3.567691e-14 0.000000e+00 0.000000e+00
-1.028417e-13 0.000000e+00 0.000000e+00
-2.247930e-13 0.000000e+00 0.000000e+00
-1.243946e-13 0.000000e+00 0.000000e+00
2.505965e-13 0.000000e+00 0.000000e+00
-3.074044e-15 0.000000e+00 0.000000e+00
9.204579e-15 0.000000e+00 0.000000e+00
-1.553731e-13 0.000000e+00 0.000000e+00
9.097519e-14 0.000000e+00 0.000000e+00
-6.403358e-14 0.000000e+00 0.000000e+00
-1.426354e-13 0.000000e+00 0.000000e+00
-1.004884e-13 0.000000e+00 0.000000e+00
1.311520e-13 0.000000e+00 0.000000e+00
3.703886e-13 0.000000e+00 0.000000e+00
1.191960e-14 0.000000e+00 0.000000e+00
-2.717545e-13 0.000000e+00 0.000000e+00
2.984878e-14 0.000000e+00 0.000000e+00
2.069469e-15 0.000000e+00 0.000000e+00
-1.455243e-13 0.000000e+00 0.000000e+00
-4.068429e-13 0.000000e+00 0.000000e+00
-2.686919e-13 0.000000e+00 0.000000e+00
4.577796e-14 0.000000e+00 0.000000e+00
-2.756100e-14 0.000000e+00 0.000000e+00
1.588195e-13 0.000000e+00 0.000000e+00
3.290460e-15 0.000000e+00 0.000000e+00
1.141815e-14 0.000000e+00 0.000000e+00
-6.289732e-15 0.000000e+00 0.000000e+00
1.730981e-13 0.000000e+00 0.000000e+00
-1.355053e-13 0.000000e+00 0.000000e+00
8.152549e-14 0.000000e+00 0.000000e+00
7.034267e-14 0.000000e+00 0.000000e+00
2.849220e-14 0.000000e+00 0.000000e+00
1.298302e-13 0.000000e+00 0.000000e+00
-5.063966e-14 0.000000e+00 0.000000e+00
-9.905966e-14 0.000000e+00 0.000000e+00
6.275118e-14 0.000000e+00 0.000000e+00
1.361162e-13 0.000000e+00 0.000000e+00
-2.182538e-13 0.000000e+00 0.000000e+00
-1.973342e-15 0.000000e+00 0.000000e+00
-1.386747e-13 0.000000e+00 0.000000e+00
3.191934e-13 0.000000e+00 0.000000e+00
1.531726e-13 0.000000e+00 0.000000e+00
-3.011795e-13 0.000000e+00 0.000000e+00
-2.622208e-13 0.000000e+00 0.000000e+00
7.125138e-14 0.000000e+00 0.000000e+00
5.408447e-16 0.000000e+00 0.000000e+00
1.526535e-13 0.000000e+00 0.000000e+00
4.262317e-14 0.000000e+00 0.000000e+00
-7.366679e-15 0.000000e+00 0.000000e+00
7.737875e-14 0.000000e+00 0.000000e+00
2.089593e-13 0.000000e+00 0.000000e+00
1.966760e-14 0.000000e+00 0.000000e+00
1.958356e-13 0.000000e+00 0.000000e+00
-1.955992e-13 0.000000e+00 0.000000e+00
-1.717891e-13 0.000000e+00 0.000000e+00
-8.197036e-14 0.000000e+00 0.000000e+00
3.588922e-13 0.000000e+00 0.000000e+00
1.203939e-13 0.000000e+00 0.000000e+00
-3.568159e-14 0.000000e+00 0.000000e+00
-1.816109e-13 0.000000e+00 0.000000e+00
-1.762519e-13 0.000000e+00 0.000000e+00
2.357342e-13 0.000000e+00 0.000000e+00
2.580478e-13 0.000000e+00 0.000000e+00
7.519402e-14 0.000000e+00 0.000000e+00
-2.211707e-13 0.000000e+00 0.000000e+00
3.916302e-14 0.000000e+00 0.000000e+00
1.204004e-13 0.000000e+00 0.000000e+00
-1.672746e-13 0.000000e+00 0.000000e+00
7.235916e-15 0.000000e+00 0.000000e+00
-1.532353e-13 0.000000e+00 0.000000e+00
-1.799323e-13 0.000000e+00 0.000000e+00
-1.144332e-13 0.000000e+00 0.000000e+00
-1.729264e-13 0.000000e+00 0.000000e+00
6.910462e-14 0.000000e+00 0.000000e+00
-2.149095e-13 0.000000e+00 0.000000e+00
1.031150e-13 0.000000e+00 0.000000e+00
-2.351941e-14 0.000000e+00 0.000000e+00
-1.650390e-13 0.000000e+00 0.000000e+00
8.671304e-14 0.000000e+00 0.000000e+00
2.808428e-13 0.000000e+00 0.000000e+00
2.183768e-14 0.000000e+00 0.000000e+00
7.835336e-14 0.000000e+00 0.000000e+00
9.132090e-14 0.000000e+00 0.000000e+00
1.295348e-13 0.000000e+00 0.000000e+00
2.103816e-13 0.000000e+00 0.000000e+00
2.282694e-13 0.000000e+00 0.000000e+00
-1.942690e-13 0.000000e+00 0.000000e+00
-2.083917e-14 0.000000e+00 0.000000e+00
1.886063e-14 0.000000e+00 0.000000e+00
2.364581e-13 0.000000e+00 0.000000e+00
4.023918e-14 0.000000e+00 0.000000e+00
-2.758178e-13 0.000000e+00 0.000000e+00
-2.021098e-13 0.000000e+00 0.000000e+00
2.576694e-13 0.000000e+00 0.000000e+00
-7.434223e-14 0.000000e+00 0.000000e+00
-2.128228e-13 0.000000e+00 0.000000e+00
-1.237687e-13 0.000000e+00 0.000000e+00
6.443551e-14 0.000000e+00 0.000000e+00
-2.599412e-13 0.000000e+00 0.000000e+00
3.304388e-14 0.000000e+00 0.000000e+00
1.311014e-13 0.000000e+00 0.000000e+00
-4.955945e-14 0.000000e+00 0.000000e+00
1.084694e-13 0.000000e+00 0.000000e+00
-9.696255e-14 0.000000e+00 0.000000e+00
-1.397918e-14 0.000000e+00 0.000000e+00
8.859045e-14 0.000000e+00 0.000000e+00
6.133657e-14 0.000000e+00 0.000000e+00
-2.837486e-14 0.000000e+00 0.000000e+00
1.798929e-13 0.000000e+00 0.000000e+00
7.880014e-15 0.000000e+00 0.000000e+00
-2.141376e-13 0.000000e+00 0.000000e+00
6.236624e-14 0.000000e+00 0.000000e+00
-2.308078e-14 0.000000e+00 0.000000e+00
1.058950e-13 0.000000e+00 0.000000e+00
2.127383e-13 0.000000e+00 0.000000e+00
2.775247e-13 0.000000e+00 0.000000e+00
1.476289e-14 0.000000e+00 0.000000e+00
2.100345e-13 0.000000e+00 0.000000e+00
1.160357e-13 0.000000e+00 0.000000e+00
-1.814534e-13 0.000000e+00 0.000000e+00
-9.039645e-14 0.000000e+00 0.000000e+00
-1.200704e-14 0.000000e+00 0.000000e+00
3.016816e-14 0.000000e+00 0.000000e+00
1.260408e-14 0.000000e+00 0.000000e+00
2.231901e-13 0.000000e+00 0.000000e+00
-1.636542e-13 0.000000e+00 0.000000e+00
9.793544e-14 0.000000e+00 0.000000e+00
-1.451430e-13 0.000000e+00 0.000000e+00
-5.832409e-14 0.000000e+00 0.000000e+00
-1.779474e-13 0.000000e+00 0.000000e+00
8.622542e-14 0.000000e+00 0.000000e+00
1.046818e-13 0.000000e+00 0.000000e+00
-1.880013e-13 0.000000e+00 0.000000e+00
-1.331910e-13 0.000000e+00 0.000000e+00
1.733850e-13 0.000000e+00 0.000000e+00
-9.720180e-15 0.000000e+00 0.000000e+00
-2.189556e-14 0.000000e+00 0.000000e+00
-1.702226e-13 0.000000e+00 0.000000e+00
-2.482706e-13 0.000000e+00 0.000000e+00
1.665020e-13 0.000000e+00 0.000000e+00
4.275874e-14 0.000000e+00 0.000000e+00
2.805322e-13 0.000000e+00 0.000000e+00
-2.613476e-13 0.000000e+00 0.000000e+00
-4.188499e-13 0.000000e+00 0.000000e+00
-9.939355e-14 0.000000e+00 0.000000e+00
-2.397719e-13 0.000000e+00 0.000000e+00
1.444545e-13 0.000000e+00 0.000000e+00
-3.782294e-14 0.000000e+00 0.000000e+00
3.448465e-15 0.000000e+00 0.000000e+00
1.287339e-13 0.000000e+00 0.000000e+00
-1.164727e-13 0.000000e+00 0.000000e+00
-2.820718e-13 0.000000e+00 0.000000e+00
-3.315151e-13 0.000000e+00 0.000000e+00
-5.197718e-14 0.000000e+00 0.000000e+00
-7.686032e-14 0.000000e+00 0.000000e+00
-9.690907e-14 0.000000e+00 0.000000e+00
-8.509240e-14 0.000000e+00 0.000000e+00
5.994214e-15 0.000000e+00 0.000000e+00
-4.056474e-13 0.000000e+00 0.000000e+00
1.208156e-13 0.000000e+00 0.000000e+00
1.794718e-13 0.000000e+00 0.000000e+00
2.730444e-14 0.000000e+00 0.000000e+00
-6.609681e-15 0.000000e+00 0.000000e+00
1.587759e-13 0.000000e+00 0.000000e+00
1.626913e-14 0.000000e+00 0.000000e+00
2.433292e-13 0.000000e+00 0.000000e+00
3.120256e-13 0.000000e+00 0.000000e+00
-9.588779e-14 0.000000e+00 0.000000e+00
-1.140180e-13 0.000000e+00 0.000000e+00
-6.736996e-14 0.000000e+00 0.000000e+00
-3.051031e-13 0.000000e+00 0.000000e+00
2.055244e-13 0.000000e+00 0.000000e+00
-8.179957e-14 0.000000e+00 0.000000e+00
-3.426649e-13 0.000000e+00 0.000000e+00
-1.311625e-13 0.000000e+00 0.000000e+00
-1.835857e-13 0.000000e+00 0.000000e+00
1.101423e-13 0.000000e+00 0.000000e+00
-5.119765e-15 0.000000e+00 0.000000e+00
2.125972e-13 0.000000e+00 0.000000e+00
2.926906e-13 0.000000e+00 0.000000e+00
-2.168147e-13 0.000000e+00 0.000000e+00
4.370073e-14 0.000000e+00 0.000000e+00
-1.496106e-13 0.000000e+00 0.000000e+00
-9.426540e-15 0.000000e+00 0.000000e+00
-1.262949e-13 0.000000e+00 0.000000e+00
4.213528e-14 0.000000e+00 0.000000e+00
-1.859362e-14 0.000000e+00 0.000000e+00
-1.083652e-14 0.000000e+00 0.000000e+00
2.592540e-13 0.000000e+00 0.000000e+00
2.980680e-14 0.000000e+00 0.000000e+00
7.806662e-14 0.000000e+00 0.000000e+00
7.751737e-14 0.000000e+00 0.000000e+00
2.442672e-14 0.000000e+00 0.000000e+00
-3.861219e-14 0.000000e+00 0.000000e+00
-5.588217e-14 0.000000e+00 0.000000e+00
-1.749884e-14 0.000000e+00 0.000000e+00
1.370272e-13 0.000000e+00 0.000000e+00
-2.307866e-14 0.000000e+00 0.000000e+00
-1.780499e-13 0.000000e+00 0.000000e+00
1.407941e-13 0.000000e+00 0.000000e+00
-1.995938e-14 0.000000e+00 0.000000e+00
-3.018406e-13 0.000000e+00 0.000000e+00
-2.594136e-13 0.000000e+00 0.000000e+00
-5.373135e-14 0.000000e+00 0.000000e+00
-1.795971e-13 0.000000e+00 0.000000e+00
-2.204309e-14 0.000000e+00 0.000000e+00
-1.810609e-13 0.000000e+00 0.000000e+00
-4.944898e-14 0.000000e+00 0.000000e+00
-8.170477e-14 0.000000e+00 0.000000e+00
-2.325666e-13 0.000000e+00 0.000000e+00
-2.203541e-13 0.000000e+00 0.000000e+00
2.285607e-13 0.000000e+00 0.000000e+00
1.278259e-14 0.000000e+00 0.000000e+00
1.124374e-13 0.000000e+00 0.000000e+00
-1.891197e-14 0.000000e+00 0.000000e+00
-2.456873e-14 0.000000e+00 0.000000e+00
1.757616e-14 0.000000e+00 0.000000e+00
-1.720172e-13 0.000000e+00 0.000000e+00
-1.028626e-15 0.000000e+00 0.000000e+00
1.066611e-13 0.000000e+00 0.000000e+00
-1.272230e-13 0.000000e+00 0.000000e+00
-2.321434e-13 0.000000e+00 0.000000e+00
1.619142e-13 0.000000e+00 0.000000e+00
1.725403e-13 0.000000e+00 0.000000e+00
2.624015e-13 0.000000e+00 0.000000e+00
-2.470375e-13 0.000000e+00 0.000000e+00
2.013396e-13 0.000000e+00 0.000000e+00
-1.819320e-13 0.000000e+00 0.000000e+00
7.998705e-14 0.000000e+00 0.000000e+00
2.610875e-13 0.000000e+00 0.000000e+00
1.160912e-13 0.000000e+00 0.000000e+00
9.094111e-14 0.000000e+00 0.000000e+00
1.500460e-13 0.000000e+00 0.000000e+00
-9.715925e-14 0.000000e+00 0.000000e+00
-1.343487e-13 0.000000e+00 0.000000e+00
-9.680237e-14 0.000000e+00 0.000000e+00
1.569786e-13 0.000000e+00 0.000000e+00
-2.493277e-13 0.000000e+00 0.000000e+00
2.682649e-13 0.000000e+00 0.000000e+00
8.198589e-14 0.000000e+00 0.000000e+00
-4.997443e-14 0.000000e+00 0.000000e+00
2.514956e-13 0.000000e+00 0.000000e+00
4.335224e-14 0.000000e+00 0.000000e+00
2.800525e-14 0.000000e+00 0.000000e+00
3.039858e-14 0.000000e+00 0.000000e+00
-3.173212e-14 0.000000e+00 0.000000e+00
-3.080360e-13 0.000000e+00 0.000000e+00
1.180746e-13 0.000000e+00 0.000000e+00
-3.593794e-13 0.000000e+00 0.000000e+00
1.966045e-13 0.000000e+00 0.000000e+00
-1.047162e-13 0.000000e+00 0.000000e+00
-1.921564e-13 0.000000e+00 0.000000e+00
-8.738490e-15 0.000000e+00 0.000000e+00
-1.827821e-13 0.000000e+00 0.000000e+00
4.870913e-14 0.000000e+00 0.000000e+00
2.173470e-13 0.000000e+00 0.000000e+00
3.000561e-14 0.000000e+00 0.000000e+00
-2.125756e-13 0.000000e+00 0.000000e+00
1.367781e-13 0.000000e+00 0.000000e+00
1.139202e-14 0.000000e+00 0.000000e+00
1.726593e-13 0.000000e+00 0.000000e+00
-1.569847e-13 0.000000e+00 0.000000e+00
4.423166e-14 0.000000e+00 0.000000e+00
-5.764945e-14 0.000000e+00 0.000000e+00
2.957209e-13 0.000000e+00 0.000000e+00
3.300430e-13 0.000000e+00 0.000000e+00
7.937494e-14 0.000000e+00 0.000000e+00
3.448223e-13 0.000000e+00 0.000000e+00
-1.198570e-13 0.000000e+00 0.000000e+00
1.557817e-14 0.000000e+00 0.000000e+00
3.319158e-13 0.000000e+00 0.000000e+00
-4.373636e-14 0.000000e+00 0.000000e+00
8.475451e-14 0.000000e+00 0.000000e+00
-3.394423e-13 0.000000e+00 0.000000e+00
-1.724900e-13 0.000000e+00 0.000000e+00
2.006544e-13 0.000000e+00 0.000000e+00
1.272359e-13 0.000000e+00 0.000000e+00
9.615085e-14 0.000000e+00 0.000000e+00
-6.302958e-14 0.000000e+00 0.000000e+00
-1.924764e-13 0.000000e+00 0.000000e+00
-5.904208e-15 0.000000e+00 0.000000e+00
1.354443e-14 0.000000e+00 0.000000e+00
-1.647671e-13 0.000000e+00 0.000000e+00
1.130202e-13 0.000000e+00 0.000000e+00
2.261624e-13 0.000000e+00 0.000000e+00
1.541325e-13 0.000000e+00 0.000000e+00
-1.094030e-14 0.000000e+00 0.000000e+00
-2.197970e-14 0.000000e+00 0.000000e+00
-6.924604e-14 0.000000e+00 0.000000e+00
1.159391e-13 0.000000e+00 0.000000e+00
-4.615815e-14 0.000000e+00 0.000000e+00
1.082189e-13 0.000000e+00 0.000000e+00
1.766294e-13 0.000000e+00 0.000000e+00
-1.627223e-13 0.000000e+00 0.000000e+00
