FX FY FZ 
-6.728621e-10 0.000000e+00 0.000000e+00
1.271554e-10 0.000000e+00 0.000000e+00
1.355352e-10 0.000000e+00 0.000000e+00
-2.082019e-11 0.000000e+00 0.000000e+00
-1.129187e-10 0.000000e+00 0.000000e+00
2.458031e-10 0.000000e+00 0.000000e+00
-2.443334e-10 0.000000e+00 0.000000e+00
-2.967474e-10 0.000000e+00 0.000000e+00
-1.351184e-10 0.000000e+00 0.000000e+00
2.378673e-10 0.000000e+00 0.000000e+00
-1.143410e-11 0.000000e+00 0.000000e+00
6.402746e-11 0.000000e+00 0.000000e+00
6.226560e-10 0.000000e+00 0.000000e+00
-1.309317e-10 0.000000e+00 0.000000e+00
-2.186651e-10 0.000000e+00 0.000000e+00
4.783282e-10 0.000000e+00 0.000000e+00
-7.978294e-10 0.000000e+00 0.000000e+00
6.473426e-11 0.000000e+00 0.000000e+00
3.881833e-10 0.000000e+00 0.000000e+00
3.658977e-11 0.000000e+00 0.000000e+00
-1.883311e-10 0.000000e+00 0.000000e+00
4.084365e-10 0.000000e+00 0.000000e+00
2.895582e-10 0.000000e+00 0.000000e+00
3.091839e-10 0.000000e+00 0.000000e+00
-1.941660e-10 0.000000e+00 0.000000e+00
-1.296895e-10 0.000000e+00 0.000000e+00
6.298769e-10 0.000000e+00 0.000000e+00
-3.880931e-10 0.000000e+00 0.000000e+00
-1.168722e-09 0.000000e+00 0.000000e+00
4.839444e-10 0.000000e+00 0.000000e+00
1.009242e-10 0.000000e+00 0.000000e+00
8.715827e-11 0.000000e+00 0.000000e+00
-5.999132e-10 0.000000e+00 0.000000e+00
4.665282e-10 0.000000e+00 0.000000e+00
4.726261e-10 0.000000e+00 0.000000e+00
3.254204e-10 0.000000e+00 0.000000e+00
-9.048863e-11 0.000000e+00 0.000000e+00
1.841724e-10 0.000000e+00 0.000000e+00
-2.053493e-11 0.000000e+00 0.000000e+00
-1.530449e-10 0.000000e+00 0.000000e+00
4.826094e-11 0.000000e+00 0.000000e+00
-6.008582e-10 0.000000e+00 0.000000e+00
3.010842e-10 0.000000e+00 0.000000e+00
-6.968225e-10 0.000000e+00 0.000000e+00
-3.971616e-10 0.000000e+00 0.000000e+00
-5.800315e-10 0.000000e+00 0.000000e+00
2.471534e-10 0.000000e+00 0.000000e+00
-4.815033e-10 0.000000e+00 0.000000e+00
-4.342776e-10 0.000000e+00 0.000000e+00
-3.814205e-10 0.000000e+00 0.000000e+00
-6.531220e-11 0.000000e+00 0.000000e+00
-8.705379e-10 0.000000e+00 0.000000e+00
4.061458e-10 0.000000e+00 0.000000e+00
3.972364e-10 0.000000e+00 0.000000e+00
-4.437778e-11 0.000000e+00 0.000000e+00
2.508672e-10 0.000000e+00 0.000000e+00
3.630330e-11 0.000000e+00 0.000000e+00
1.559402e-11 0.000000e+00 0.000000e+00
-3.465748e-10 0.000000e+00 0.000000e+00
9.731785e-11 0.000000e+00 0.000000e+00
-4.697005e-10 0.000000e+00 0.000000e+00
3.953982e-10 0.000000e+00 0.000000e+00
1.614203e-10 0.000000e+00 0.000000e+00
2.470951e-10 0.000000e+00 0.000000e+00
-4.697971e-10 0.000000e+00 0.000000e+00
-1.204742e-10 0.000000e+00 0.000000e+00
-1.953100e-10 0.000000e+00 0.000000e+00
9.769909e-11 0.000000e+00 0.000000e+00
-4.424308e-10 0.000000e+00 0.000000e+00
6.862581e-11 0.000000e+00 0.000000e+00
-2.610728e-11 0.000000e+00 0.000000e+00
4.111147e-10 0.000000e+00 0.000000e+00
-3.442944e-10 0.000000e+00 0.000000e+00
-4.264468e-10 0.000000e+00 0.000000e+00
2.052690e-10 0.000000e+00 0.000000e+00
2.449329e-10 0.000000e+00 0.000000e+00
2.760493e-10 0.000000e+00 0.000000e+00
3.763226e-10 0.000000e+00 0.000000e+00
2.946128e-10 0.000000e+00 0.000000e+00
-6.193087e-11 0.000000e+00 0.000000e+00
-4.188031e-10 0.000000e+00 0.000000e+00
4.669357e-10 0.000000e+00 0.000000e+00
-5.845219e-11 0.000000e+00 0.000000e+00
1.961504e-10 0.000000e+00 0.000000e+00
-6.344693e-10 0.000000e+00 0.000000e+00
-3.809349e-11 0.000000e+00 0.000000e+00
3.762243e-11 0.000000e+00 0.000000e+00
-3.822094e-10 0.000000e+00 0.000000e+00
2.261585e-10 0.000000e+00 0.000000e+00
1.511929e-10 0.000000e+00 0.000000e+00
-2.685690e-10 0.000000e+00 0.000000e+00
-3.066057e-10 0.000000e+00 0.000000e+00
4.270720e-10 0.000000e+00 0.000000e+00
7.650571e-12 0.000000e+00 0.000000e+00
-3.399040e-10 0.000000e+00 0.000000e+00
1.021485e-10 0.000000e+00 0.000000e+00
-1.170951e-10 0.000000e+00 0.000000e+00
2.513597e-10 0.000000e+00 0.000000e+00
-1.696157e-10 0.000000e+00 0.000000e+00
2.128844e-10 0.000000e+00 0.000000e+00
-6.200566e-10 0.000000e+00 0.000000e+00
-2.487054e-10 0.000000e+00 0.000000e+00
-4.626216e-10 0.000000e+00 0.000000e+00
4.663625e-10 0.000000e+00 0.000000e+00
8.735107e-11 0.000000e+00 0.000000e+00
6.116198e-10 0.000000e+00 0.000000e+00
-6.489597e-10 0.000000e+00 0.000000e+00
5.691620e-10 0.000000e+00 0.000000e+00
-2.634910e-10 0.000000e+00 0.000000e+00
-1.148585e-10 0.000000e+00 0.000000e+00
2.033049e-10 0.000000e+00 0.000000e+00
2.260256e-10 0.000000e+00 0.000000e+00
5.386259e-10 0.000000e+00 0.000000e+00
3.289118e-10 0.000000e+00 0.000000e+00
-4.191523e-11 0.000000e+00 0.000000e+00
2.280235e-11 0.000000e+00 0.000000e+00
-6.491429e-10 0.000000e+00 0.000000e+00
-1.473957e-11 0.000000e+00 0.000000e+00
1.657517e-10 0.000000e+00 0.000000e+00
5.695066e-10 0.000000e+00 0.000000e+00
7.845661e-11 0.000000e+00 0.000000e+00
-3.998237e-10 0.000000e+00 0.000000e+00
5.337815e-10 0.000000e+00 0.000000e+00
-8.273629e-11 0.000000e+00 0.000000e+00
3.213632e-10 0.000000e+00 0.000000e+00
7.696073e-11 0.000000e+00 0.000000e+00
1.488233e-10 0.000000e+00 0.000000e+00
2.527057e-10 0.000000e+00 0.000000e+00
9.184327e-11 0.000000e+00 0.000000e+00
-2.814997e-10 0.000000e+00 0.000000e+00
3.209276e-11 0.000000e+00 0.000000e+00
-9.724409e-10 0.000000e+00 0.000000e+00
-2.732530e-10 0.000000e+00 0.000000e+00
3.628072e-10 0.000000e+00 0.000000e+00
4.780838e-11 0.000000e+00 0.000000e+00
2.448205e-11 0.000000e+00 0.000000e+00
3.895961e-11 0.000000e+00 0.000000e+00
3.276783e-11 0.000000e+00 0.000000e+00
-1.535848e-10 0.000000e+00 0.000000e+00
4.400907e-10 0.000000e+00 0.000000e+00
-2.625740e-10 0.000000e+00 0.000000e+00
-1.844740e-10 0.000000e+00 0.000000e+00
6.060839e-10 0.000000e+00 0.000000e+00
-2.664700e-10 0.000000e+00 0.000000e+00
1.286338e-10 0.000000e+00 0.000000e+00
1.823207e-10 0.000000e+00 0.000000e+00
-3.529694e-10 0.000000e+00 0.000000e+00
-8.418878e-10 0.000000e+00 0.000000e+00
-4.808189e-10 0.000000e+00 0.000000e+00
-3.421710e-10 0.000000e+00 0.000000e+00
2.822432e-12 0.000000e+00 0.000000e+00
1.150777e-10 0.000000e+00 0.000000e+00
1.699006e-10 0.000000e+00 0.000000e+00
4.909076e-12 0.000000e+00 0.000000e+00
-4.343617e-10 0.000000e+00 0.000000e+00
2.653283e-11 0.000000e+00 0.000000e+00
-1.538515e-10 0.000000e+00 0.000000e+00
-7.954983e-10 0.000000e+00 0.000000e+00
9.605720e-11 0.000000e+00 0.000000e+00
1.306139e-10 0.000000e+00 0.000000e+00
-2.138316e-11 0.000000e+00 0.000000e+00
1.423817e-10 0.000000e+00 0.000000e+00
4.647988e-10 0.000000e+00 0.000000e+00
2.341026e-10 0.000000e+00 0.000000e+00
-4.383776e-11 0.000000e+00 0.000000e+00
-5.819967e-10 0.000000e+00 0.000000e+00
2.912109e-11 0.000000e+00 0.000000e+00
3.548335e-10 0.000000e+00 0.000000e+00
5.087075e-10 0.000000e+00 0.000000e+00
-4.765761e-12 0.000000e+00 0.000000e+00
2.557278e-10 0.000000e+00 0.000000e+00
-1.018765e-10 0.000000e+00 0.000000e+00
2.170713e-10 0.000000e+00 0.000000e+00
-6.898342e-12 0.000000e+00 0.000000e+00
-2.367389e-10 0.000000e+00 0.000000e+00
4.392261e-10 0.000000e+00 0.000000e+00
2.807291e-10 0.000000e+00 0.000000e+00
-3.096538e-10 0.000000e+00 0.000000e+00
-4.570522e-10 0.000000e+00 0.000000e+00
6.248146e-10 0.000000e+00 0.000000e+00
1.692088e-10 0.000000e+00 0.000000e+00
-3.847003e-12 0.000000e+00 0.000000e+00
-7.667362e-10 0.000000e+00 0.000000e+00
2.628325e-10 0.000000e+00 0.000000e+00
1.536789e-10 0.000000e+00 0.000000e+00
3.117406e-10 0.000000e+00 0.000000e+00
-1.874324e-10 0.000000e+00 0.000000e+00
2.295894e-10 0.000000e+00 0.000000e+00
1.440432e-10 0.000000e+00 0.000000e+00
7.839969e-11 0.000000e+00 0.000000e+00
-2.023873e-12 0.000000e+00 0.000000e+00
1.621667e-10 0.000000e+00 0.000000e+00
1.818177e-10 0.000000e+00 0.000000e+00
1.410138e-11 0.000000e+00 0.000000e+00
4.678571e-10 0.000000e+00 0.000000e+00
-2.587659e-10 0.000000e+00 0.000000e+00
-3.187644e-10 0.000000e+00 0.000000e+00
-3.026496e-10 0.000000e+00 0.000000e+00
1.226669e-10 0.000000e+00 0.000000e+00
2.674654e-10 0.000000e+00 0.000000e+00
9.270217e-11 0.000000e+00 0.000000e+00
1.863148e-10 0.000000e+00 0.000000e+00
1.890047e-10 0.000000e+00 0.000000e+00
2.373849e-10 0.000000e+00 0.000000e+00
4.199032e-10 0.000000e+00 0.000000e+00
3.017016e-10 0.000000e+00 0.000000e+00
4.081058e-10 0.000000e+00 0.000000e+00
3.118491e-10 0.000000e+00 0.000000e+00
3.381597e-10 0.000000e+00 0.000000e+00
5.979721e-10 0.000000e+00 0.000000e+00
3.311704e-10 0.000000e+00 0.000000e+00
4.730881e-10 0.000000e+00 0.000000e+00
3.311248e-10 0.000000e+00 0.000000e+00
3.695169e-10 0.000000e+00 0.000000e+00
3.356066e-10 0.000000e+00 0.000000e+00
3.664251e-10 0.000000e+00 0.000000e+00
2.639581e-10 0.000000e+00 0.000000e+00
3.478134e-10 0.000000e+00 0.000000e+00
2.544157e-10 0.000000e+00 0.000000e+00
2.031038e-10 0.000000e+00 0.000000e+00
2.052433e-10 0.000000e+00 0.000000e+00
2.241511e-10 0.000000e+00 0.000000e+00
2.971186e-10 0.000000e+00 0.000000e+00
3.983602e-10 0.000000e+00 0.000000e+00
2.149215e-10 0.000000e+00 0.000000e+00
2.608864e-10 0.000000e+00 0.000000e+00
4.539637e-10 0.000000e+00 0.000000e+00
1.843492e-10 0.000000e+00 0.000000e+00
2.389760e-10 0.000000e+00 0.000000e+00
1.386482e-10 0.000000e+00 0.000000e+00
2.082980e-10 0.000000e+00 0.000000e+00
6.250796e-10 0.000000e+00 0.000000e+00
6.045085e-10 0.000000e+00 0.000000e+00
3.198528e-10 0.000000e+00 0.000000e+00
3.439717e-10 0.000000e+00 0.000000e+00
1.541076e-10 0.000000e+00 0.000000e+00
1.798972e-10 0.000000e+00 0.000000e+00
4.108395e-10 0.000000e+00 0.000000e+00
3.185090e-10 0.000000e+00 0.000000e+00
3.132694e-10 0.000000e+00 0.000000e+00
6.294291e-10 0.000000e+00 0.000000e+00
2.356468e-10 0.000000e+00 0.000000e+00
5.079657e-10 0.000000e+00 0.000000e+00
3.267849e-10 0.000000e+00 0.000000e+00
3.077042e-10 0.000000e+00 0.000000e+00
2.388313e-10 0.000000e+00 0.000000e+00
2.792608e-10 0.000000e+00 0.000000e+00
1.416531e-10 0.000000e+00 0.000000e+00
4.717662e-10 0.000000e+00 0.000000e+00
3.102661e-10 0.000000e+00 0.000000e+00
2.584288e-10 0.000000e+00 0.000000e+00
4.031552e-10 0.000000e+00 0.000000e+00
5.184341e-10 0.000000e+00 0.000000e+00
2.124257e-10 0.000000e+00 0.000000e+00
2.751956e-10 0.000000e+00 0.000000e+00
5.455110e-10 0.000000e+00 0.000000e+00
5.299190e-10 0.000000e+00 0.000000e+00
2.565787e-10 0.000000e+00 0.000000e+00
2.181954e-10 0.000000e+00 0.000000e+00
1.244321e-10 0.000000e+00 0.000000e+00
1.651337e-10 0.000000e+00 0.000000e+00
3.764355e-10 0.000000e+00 0.000000e+00
2.236067e-10 0.000000e+00 0.000000e+00
3.869967e-10 0.000000e+00 0.000000e+00
2.119652e-10 0.000000e+00 0.000000e+00
1.338692e-10 0.000000e+00 0.000000e+00
3.583298e-10 0.000000e+00 0.000000e+00
3.191798e-10 0.000000e+00 0.000000e+00
6.020048e-10 0.000000e+00 0.000000e+00
1.596030e-10 0.000000e+00 0.000000e+00
4.341044e-10 0.000000e+00 0.000000e+00
4.429222e-10 0.000000e+00 0.000000e+00
2.415739e-10 0.000000e+00 0.000000e+00
2.626485e-10 0.000000e+00 0.000000e+00
4.150884e-10 0.000000e+00 0.000000e+00
1.587703e-10 0.000000e+00 0.000000e+00
5.606355e-10 0.000000e+00 0.000000e+00
2.158652e-10 0.000000e+00 0.000000e+00
3.735493e-10 0.000000e+00 0.000000e+00
5.463031e-10 0.000000e+00 0.000000e+00
2.836247e-10 0.000000e+00 0.000000e+00
5.773509e-10 0.000000e+00 0.000000e+00
1.454242e-10 0.000000e+00 0.000000e+00
3.949235e-10 0.000000e+00 0.000000e+00
2.376206e-10 0.000000e+00 0.000000e+00
5.192588e-10 0.000000e+00 0.000000e+00
3.387547e-10 0.000000e+00 0.000000e+00
4.536471e-10 0.000000e+00 0.000000e+00
3.651757e-10 0.000000e+00 0.000000e+00
4.220981e-10 0.000000e+00 0.000000e+00
1.684862e-10 0.000000e+00 0.000000e+00
4.154788e-10 0.000000e+00 0.000000e+00
1.871729e-10 0.000000e+00 0.000000e+00
2.810324e-10 0.000000e+00 0.000000e+00
3.228547e-10 0.000000e+00 0.000000e+00
1.572277e-10 0.000000e+00 0.000000e+00
1.892689e-10 0.000000e+00 0.000000e+00
5.610013e-10 0.000000e+00 0.000000e+00
1.674115e-10 0.000000e+00 0.000000e+00
3.150135e-10 0.000000e+00 0.000000e+00
4.249700e-10 0.000000e+00 0.000000e+00
2.951835e-10 0.000000e+00 0.000000e+00
3.909754e-10 0.000000e+00 0.000000e+00
3.450134e-10 0.000000e+00 0.000000e+00
5.306059e-10 0.000000e+00 0.000000e+00
1.839425e-10 0.000000e+00 0.000000e+00
1.884495e-10 0.000000e+00 0.000000e+00
2.181767e-10 0.000000e+00 0.000000e+00
1.867489e-10 0.000000e+00 0.000000e+00
1.901047e-10 0.000000e+00 0.000000e+00
5.223057e-10 0.000000e+00 0.000000e+00
1.658659e-10 0.000000e+00 0.000000e+00
2.608219e-10 0.000000e+00 0.000000e+00
4.144664e-10 0.000000e+00 0.000000e+00
2.028341e-10 0.000000e+00 0.000000e+00
3.794570e-10 0.000000e+00 0.000000e+00
1.523845e-10 0.000000e+00 0.000000e+00
2.640432e-10 0.000000e+00 0.000000e+00
3.921610e-10 0.000000e+00 0.000000e+00
5.898233e-10 0.000000e+00 0.000000e+00
2.668221e-10 0.000000e+00 0.000000e+00
1.763451e-10 0.000000e+00 0.000000e+00
3.615682e-10 0.000000e+00 0.000000e+00
6.079356e-10 0.000000e+00 0.000000e+00
5.553412e-10 0.000000e+00 0.000000e+00
2.995677e-10 0.000000e+00 0.000000e+00
3.893447e-10 0.000000e+00 0.000000e+00
1.645227e-10 0.000000e+00 0.000000e+00
2.554399e-10 0.000000e+00 0.000000e+00
4.899496e-10 0.000000e+00 0.000000e+00
5.255722e-10 0.000000e+00 0.000000e+00
2.323126e-10 0.000000e+00 0.000000e+00
2.581837e-10 0.000000e+00 0.000000e+00
4.815880e-10 0.000000e+00 0.000000e+00
2.381280e-10 0.000000e+00 0.000000e+00
1.961959e-10 0.000000e+00 0.000000e+00
2.221743e-10 0.000000e+00 0.000000e+00
3.545083e-10 0.000000e+00 0.000000e+00
1.992696e-10 0.000000e+00 0.000000e+00
2.053925e-10 0.000000e+00 0.000000e+00
3.005917e-10 0.000000e+00 0.000000e+00
5.581648e-10 0.000000e+00 0.000000e+00
2.809873e-10 0.000000e+00 0.000000e+00
4.763565e-10 0.000000e+00 0.000000e+00
5.831305e-10 0.000000e+00 0.000000e+00
2.498121e-10 0.000000e+00 0.000000e+00
4.545648e-10 0.000000e+00 0.000000e+00
3.717216e-10 0.000000e+00 0.000000e+00
3.996861e-10 0.000000e+00 0.000000e+00
1.916566e-10 0.000000e+00 0.000000e+00
2.684156e-10 0.000000e+00 0.000000e+00
3.545944e-10 0.000000e+00 0.000000e+00
4.711918e-10 0.000000e+00 0.000000e+00
4.865696e-10 0.000000e+00 0.000000e+00
4.298508e-10 0.000000e+00 0.000000e+00
3.984860e-10 0.000000e+00 0.000000e+00
2.877049e-10 0.000000e+00 0.000000e+00
1.876721e-10 0.000000e+00 0.000000e+00
1.844248e-10 0.000000e+00 0.000000e+00
3.130561e-10 0.000000e+00 0.000000e+00
2.930045e-10 0.000000e+00 0.000000e+00
5.751850e-10 0.000000e+00 0.000000e+00
2.649982e-10 0.000000e+00 0.000000e+00
2.892599e-10 0.000000e+00 0.000000e+00
1.621060e-10 0.000000e+00 0.000000e+00
4.043929e-10 0.000000e+00 0.000000e+00
2.358448e-10 0.000000e+00 0.000000e+00
4.197270e-10 0.000000e+00 0.000000e+00
1.378328e-10 0.000000e+00 0.000000e+00
2.162715e-10 0.000000e+00 0.000000e+00
4.499176e-10 0.000000e+00 0.000000e+00
5.233267e-10 0.000000e+00 0.000000e+00
1.600201e-10 0.000000e+00 0.000000e+00
3.927000e-10 0.000000e+00 0.000000e+00
2.189095e-10 0.000000e+00 0.000000e+00
1.861960e-10 0.000000e+00 0.000000e+00
2.072909e-10 0.000000e+00 0.000000e+00
4.201931e-10 0.000000e+00 0.000000e+00
3.628550e-10 0.000000e+00 0.000000e+00
3.167136e-10 0.000000e+00 0.000000e+00
2.649697e-10 0.000000e+00 0.000000e+00
2.609631e-10 0.000000e+00 0.000000e+00
1.621846e-10 0.000000e+00 0.000000e+00
1.895732e-10 0.000000e+00 0.000000e+00
1.618667e-10 0.000000e+00 0.000000e+00
3.701429e-10 0.000000e+00 0.000000e+00
2.715341e-10 0.000000e+00 0.000000e+00
4.314934e-10 0.000000e+00 0.000000e+00
3.631623e-10 0.000000e+00 0.000000e+00
6.038452e-10 0.000000e+00 0.000000e+00
1.399847e-10 0.000000e+00 0.000000e+00
4.975183e-10 0.000000e+00 0.000000e+00
4.440917e-10 0.000000e+00 0.000000e+00
2.643580e-10 0.000000e+00 0.000000e+00
2.296650e-10 0.000000e+00 0.000000e+00
2.034733e-10 0.000000e+00 0.000000e+00
3.357449e-10 0.000000e+00 0.000000e+00
2.470511e-10 0.000000e+00 0.000000e+00
2.370838e-10 0.000000e+00 0.000000e+00
2.426908e-10 0.000000e+00 0.000000e+00
3.895632e-10 0.000000e+00 0.000000e+00
3.976371e-10 0.000000e+00 0.000000e+00
2.344754e-10 0.000000e+00 0.000000e+00
3.580053e-10 0.000000e+00 0.000000e+00
2.862806e-10 0.000000e+00 0.000000e+00
1.575249e-10 0.000000e+00 0.000000e+00
3.795524e-10 0.000000e+00 0.000000e+00
3.938228e-10 0.000000e+00 0.000000e+00
1.921520e-10 0.000000e+00 0.000000e+00
5.218712e-10 0.000000e+00 0.000000e+00
4.889714e-10 0.000000e+00 0.000000e+00
3.922636e-10 0.000000e+00 0.000000e+00
1.459575e-10 0.000000e+00 0.000000e+00
1.912476e-10 0.000000e+00 0.000000e+00
3.675905e-10 0.000000e+00 0.000000e+00
4.689898e-10 0.000000e+00 0.000000e+00
2.551611e-10 0.000000e+00 0.000000e+00
4.776597e-10 0.000000e+00 0.000000e+00
2.151461e-10 0.000000e+00 0.000000e+00
3.429312e-10 0.000000e+00 0.000000e+00
1.386865e-10 0.000000e+00 0.000000e+00
1.310406e-10 0.000000e+00 0.000000e+00
5.350179e-10 0.000000e+00 0.000000e+00
5.407146e-10 0.000000e+00 0.000000e+00
4.390721e-10 0.000000e+00 0.000000e+00
3.264911e-10 0.000000e+00 0.000000e+00
2.368358e-10 0.000000e+00 0.000000e+00
1.895885e-10 0.000000e+00 0.000000e+00
2.862126e-10 0.000000e+00 0.000000e+00
2.900951e-10 0.000000e+00 0.000000e+00
4.024559e-10 0.000000e+00 0.000000e+00
1.942260e-10 0.000000e+00 0.000000e+00
2.535292e-10 0.000000e+00 0.000000e+00
2.536265e-10 0.000000e+00 0.000000e+00
2.484189e-10 0.000000e+00 0.000000e+00
2.582899e-10 0.000000e+00 0.000000e+00
2.172886e-10 0.000000e+00 0.000000e+00
1.408865e-10 0.000000e+00 0.000000e+00
4.157705e-10 0.000000e+00 0.000000e+00
1.430472e-10 0.000000e+00 0.000000e+00
4.093559e-10 0.000000e+00 0.000000e+00
1.907223e-10 0.000000e+00 0.000000e+00
5.030085e-10 0.000000e+00 0.000000e+00
2.582540e-10 0.000000e+00 0.000000e+00
2.468600e-10 0.000000e+00 0.000000e+00
3.326315e-10 0.000000e+00 0.000000e+00
3.690511e-10 0.000000e+00 0.000000e+00
1.430212e-10 0.000000e+00 0.000000e+00
4.373894e-10 0.000000e+00 0.000000e+00
2.771075e-10 0.000000e+00 0.000000e+00
2.507850e-10 0.000000e+00 0.000000e+00
3.352118e-10 0.000000e+00 0.000000e+00
2.500892e-10 0.000000e+00 0.000000e+00
3.402227e-10 0.000000e+00 0.000000e+00
5.688609e-10 0.000000e+00 0.000000e+00
1.813069e-10 0.000000e+00 0.000000e+00
1.328880e-10 0.000000e+00 0.000000e+00
4.582647e-10 0.000000e+00 0.000000e+00
2.407090e-10 0.000000e+00 0.000000e+00
1.854990e-10 0.000000e+00 0.000000e+00
3.150738e-10 0.000000e+00 0.000000e+00
5.258961e-10 0.000000e+00 0.000000e+00
3.099028e-10 0.000000e+00 0.000000e+00
4.400945e-10 0.000000e+00 0.000000e+00
3.346587e-10 0.000000e+00 0.000000e+00
4.122432e-10 0.000000e+00 0.000000e+00
3.702004e-10 0.000000e+00 0.000000e+00
1.978163e-10 0.000000e+00 0.000000e+00
4.449141e-10 0.000000e+00 0.000000e+00
3.690601e-10 0.000000e+00 0.000000e+00
2.591149e-10 0.000000e+00 0.000000e+00
1.806899e-10 0.000000e+00 0.000000e+00
3.522259e-10 0.000000e+00 0.000000e+00
3.283120e-10 0.000000e+00 0.000000e+00
3.262592e-10 0.000000e+00 0.000000e+00
2.369372e-10 0.000000e+00 0.000000e+00
1.169631e-10 0.000000e+00 0.000000e+00
5.220453e-10 0.000000e+00 0.000000e+00
2.349607e-10 0.000000e+00 0.000000e+00
6.206642e-10 0.000000e+00 0.000000e+00
1.938238e-10 0.000000e+00 0.000000e+00
1.380942e-10 0.000000e+00 0.000000e+00
5.281558e-10 0.000000e+00 0.000000e+00
3.043807e-10 0.000000e+00 0.000000e+00
3.237033e-10 0.000000e+00 0.000000e+00
4.563302e-10 0.000000e+00 0.000000e+00
5.616803e-10 0.000000e+00 0.000000e+00
2.652177e-10 0.000000e+00 0.000000e+00
2.060348e-10 0.000000e+00 0.000000e+00
2.587430e-10 0.000000e+00 0.000000e+00
4.656255e-10 0.000000e+00 0.000000e+00
2.312450e-10 0.000000e+00 0.000000e+00
1.859878e-10 0.000000e+00 0.000000e+00
2.493299e-10 0.000000e+00 0.000000e+00
4.190421e-10 0.000000e+00 0.000000e+00
2.168064e-10 0.000000e+00 0.000000e+00
3.768872e-10 0.000000e+00 0.000000e+00
2.551060e-10 0.000000e+00 0.000000e+00
3.230315e-10 0.000000e+00 0.000000e+00
4.220572e-10 0.000000e+00 0.000000e+00
4.796087e-10 0.000000e+00 0.000000e+00
1.336999e-10 0.000000e+00 0.000000e+00
3.952572e-10 0.000000e+00 0.000000e+00
1.400808e-10 0.000000e+00 0.000000e+00
4.959811e-10 0.000000e+00 0.000000e+00
2.286498e-10 0.000000e+00 0.000000e+00
5.395792e-10 0.000000e+00 0.000000e+00
3.083896e-10 0.000000e+00 0.000000e+00
3.872578e-10 0.000000e+00 0.000000e+00
2.961097e-10 0.000000e+00 0.000000e+00
5.540415e-10 0.000000e+00 0.000000e+00
3.204222e-10 0.000000e+00 0.000000e+00
2.805961e-10 0.000000e+00 0.000000e+00
3.072079e-10 0.000000e+00 0.000000e+00
2.446154e-10 0.000000e+00 0.000000e+00
1.563938e-10 0.000000e+00 0.000000e+00
3.603738e-10 0.000000e+00 0.000000e+00
4.872962e-10 0.000000e+00 0.000000e+00
3.595989e-10 0.000000e+00 0.000000e+00
4.509351e-10 0.000000e+00 0.000000e+00
4.260170e-10 0.000000e+00 0.000000e+00
2.469522e-10 0.000000e+00 0.000000e+00
2.151962e-10 0.000000e+00 0.000000e+00
4.428886e-10 0.000000e+00 0.000000e+00
2.886440e-10 0.000000e+00 0.000000e+00
4.679107e-10 0.000000e+00 0.000000e+00
4.745605e-10 0.000000e+00 0.000000e+00
5.535001e-10 0.000000e+00 0.000000e+00
4.178863e-10 0.000000e+00 0.000000e+00
4.668622e-10 0.000000e+00 0.000000e+00
3.902027e-10 0.000000e+00 0.000000e+00
3.760089e-10 0.000000e+00 0.000000e+00
2.525571e-10 0.000000e+00 0.000000e+00
3.771727e-10 0.000000e+00 0.000000e+00
5.424812e-10 0.000000e+00 0.000000e+00
4.842021e-10 0.000000e+00 0.000000e+00
3.930381e-10 0.000000e+00 0.000000e+00
4.098975e-10 0.000000e+00 0.000000e+00
5.755712e-10 0.000000e+00 0.000000e+00
4.541051e-10 0.000000e+00 0.000000e+00
3.919068e-10 0.000000e+00 0.000000e+00
2.844465e-10 0.000000e+00 0.000000e+00
2.816809e-10 0.000000e+00 0.000000e+00
2.194768e-10 0.000000e+00 0.000000e+00
4.154448e-10 0.000000e+00 0.000000e+00
3.993104e-10 0.000000e+00 0.000000e+00
3.301765e-10 0.000000e+00 0.000000e+00
3.365824e-10 0.000000e+00 0.000000e+00
2.525813e-10 0.000000e+00 0.000000e+00
5.665567e-10 0.000000e+00 0.000000e+00
4.861879e-10 0.000000e+00 0.000000e+00
1.746894e-10 0.000000e+00 0.000000e+00
2.757155e-10 0.000000e+00 0.000000e+00
6.013908e-10 0.000000e+00 0.000000e+00
3.151225e-10 0.000000e+00 0.000000e+00
2.507362e-10 0.000000e+00 0.000000e+00
2.703463e-10 0.000000e+00 0.000000e+00
2.524818e-10 0.000000e+00 0.000000e+00
3.687667e-10 0.000000e+00 0.000000e+00
2.296256e-10 0.000000e+00 0.000000e+00
3.424303e-10 0.000000e+00 0.000000e+00
2.809455e-10 0.000000e+00 0.000000e+00
4.813021e-10 0.000000e+00 0.000000e+00
5.612037e-10 0.000000e+00 0.000000e+00
1.932727e-10 0.000000e+00 0.000000e+00
5.383015e-10 0.000000e+00 0.000000e+00
2.822437e-10 0.000000e+00 0.000000e+00
3.709033e-10 0.000000e+00 0.000000e+00
4.804913e-10 0.000000e+00 0.000000e+00
1.875711e-10 0.000000e+00 0.000000e+00
5.046321e-10 0.000000e+00 0.000000e+00
3.143348e-10 0.000000e+00 0.000000e+00
3.400017e-10 0.000000e+00 0.000000e+00
2.885719e-10 0.000000e+00 0.000000e+00
2.942516e-10 0.000000e+00 0.000000e+00
2.607793e-10 0.000000e+00 0.000000e+00
3.741349e-10 0.000000e+00 0.000000e+00
2.664573e-10 0.000000e+00 0.000000e+00
2.235124e-10 0.000000e+00 0.000000e+00
2.753890e-10 0.000000e+00 0.000000e+00
2.825096e-10 0.000000e+00 0.000000e+00
2.579192e-10 0.000000e+00 0.000000e+00
4.558208e-10 0.000000e+00 0.000000e+00
2.668978e-10 0.000000e+00 0.000000e+00
3.417406e-10 0.000000e+00 0.000000e+00
2.584911e-10 0.000000e+00 0.000000e+00
1.984765e-10 0.000000e+00 0.000000e+00
5.661859e-10 0.000000e+00 0.000000e+00
5.466042e-10 0.000000e+00 0.000000e+00
5.997314e-10 0.000000e+00 0.000000e+00
3.467887e-10 0.000000e+00 0.000000e+00
1.237581e-10 0.000000e+00 0.000000e+00
5.086839e-10 0.000000e+00 0.000000e+00
1.520294e-10 0.000000e+00 0.000000e+00
2.538667e-10 0.000000e+00 0.000000e+00
3.006352e-10 0.000000e+00 0.000000e+00
2.195542e-10 0.000000e+00 0.000000e+00
3.671581e-10 0.000000e+00 0.000000e+00
3.418236e-10 0.000000e+00 0.000000e+00
2.338838e-10 0.000000e+00 0.000000e+00
4.154213e-10 0.000000e+00 0.000000e+00
2.847306e-10 0.000000e+00 0.000000e+00
3.290360e-10 0.000000e+00 0.000000e+00
5.096384e-10 0.000000e+00 0.000000e+00
3.510557e-10 0.000000e+00 0.000000e+00
5.124459e-10 0.000000e+00 0.000000e+00
2.768380e-10 0.000000e+00 0.000000e+00
2.372455e-10 0.000000e+00 0.000000e+00
1.714862e-10 0.000000e+00 0.000000e+00
3.806404e-10 0.000000e+00 0.000000e+00
4.434680e-10 0.000000e+00 0.000000e+00
2.048297e-10 0.000000e+00 0.000000e+00
2.321963e-10 0.000000e+00 0.000000e+00
4.270321e-10 0.000000e+00 0.000000e+00
2.665085e-10 0.000000e+00 0.000000e+00
2.931154e-10 0.000000e+00 0.000000e+00
6.298672e-10 0.000000e+00 0.000000e+00
4.447471e-10 0.000000e+00 0.000000e+00
2.812624e-10 0.000000e+00 0.000000e+00
3.281426e-10 0.000000e+00 0.000000e+00
3.432909e-10 0.000000e+00 0.000000e+00
5.138390e-10 0.000000e+00 0.000000e+00
2.298068e-10 0.000000e+00 0.000000e+00
1.477852e-10 0.000000e+00 0.000000e+00
2.673103e-10 0.000000e+00 0.000000e+00
4.797889e-10 0.000000e+00 0.000000e+00
3.148757e-10 0.000000e+00 0.000000e+00
5.773334e-10 0.000000e+00 0.000000e+00
1.992723e-10 0.000000e+00 0.000000e+00
1.486921e-10 0.000000e+00 0.000000e+00
3.461797e-10 0.000000e+00 0.000000e+00
5.198481e-10 0.000000e+00 0.000000e+00
2.558692e-10 0.000000e+00 0.000000e+00
2.752973e-10 0.000000e+00 0.000000e+00
1.684638e-10 0.000000e+00 0.000000e+00
1.349138e-10 0.000000e+00 0.000000e+00
3.254985e-10 0.000000e+00 0.000000e+00
2.004212e-10 0.000000e+00 0.000000e+00
3.463316e-10 0.000000e+00 0.000000e+00
5.040405e-10 0.000000e+00 0.000000e+00
6.327554e-10 0.000000e+00 0.000000e+00
2.393777e-10 0.000000e+00 0.000000e+00
1.774994e-10 0.000000e+00 0.000000e+00
1.929834e-10 0.000000e+00 0.000000e+00
1.703619e-10 0.000000e+00 0.000000e+00
3.627345e-10 0.000000e+00 0.000000e+00
4.459730e-10 0.000000e+00 0.000000e+00
2.259495e-10 0.000000e+00 0.000000e+00
1.700926e-10 0.000000e+00 0.000000e+00
3.737780e-10 0.000000e+00 0.000000e+00
1.681440e-10 0.000000e+00 0.000000e+00
3.009327e-10 0.000000e+00 0.000000e+00
2.202395e-10 0.000000e+00 0.000000e+00
2.475037e-10 0.000000e+00 0.000000e+00
2.769742e-10 0.000000e+00 0.000000e+00
3.699497e-10 0.000000e+00 0.000000e+00
2.553845e-10 0.000000e+00 0.000000e+00
2.995133e-10 0.000000e+00 0.000000e+00
1.712879e-10 0.000000e+00 0.000000e+00
2.615280e-10 0.000000e+00 0.000000e+00
3.877527e-10 0.000000e+00 0.000000e+00
2.380082e-10 0.000000e+00 0.000000e+00
2.245068e-10 0.000000e+00 0.000000e+00
2.607614e-10 0.000000e+00 0.000000e+00
3.055657e-10 0.000000e+00 0.000000e+00
4.034875e-10 0.000000e+00 0.000000e+00
5.651042e-10 0.000000e+00 0.000000e+00
3.996904e-10 0.000000e+00 0.000000e+00
1.722562e-10 0.000000e+00 0.000000e+00
2.050664e-10 0.000000e+00 0.000000e+00
3.923865e-10 0.000000e+00 0.000000e+00
1.737418e-10 0.000000e+00 0.000000e+00
3.398407e-10 0.000000e+00 0.000000e+00
6.300378e-10 0.000000e+00 0.000000e+00
1.801930e-10 0.000000e+00 0.000000e+00
3.680009e-10 0.000000e+00 0.000000e+00
1.364556e-10 0.000000e+00 0.000000e+00
2.431009e-10 0.000000e+00 0.000000e+00
3.170426e-10 0.000000e+00 0.000000e+00
3.343322e-10 0.000000e+00 0.000000e+00
6.271281e-10 0.000000e+00 0.000000e+00
2.147939e-10 0.000000e+00 0.000000e+00
1.810782e-10 0.000000e+00 0.000000e+00
1.933222e-10 0.000000e+00 0.000000e+00
3.661639e-10 0.000000e+00 0.000000e+00
4.764345e-10 0.000000e+00 0.000000e+00
2.396624e-10 0.000000e+00 0.000000e+00
4.688203e-10 0.000000e+00 0.000000e+00
4.875424e-10 0.000000e+00 0.000000e+00
1.642980e-10 0.000000e+00 0.000000e+00
1.349233e-10 0.000000e+00 0.000000e+00
2.988186e-10 0.000000e+00 0.000000e+00
3.949607e-10 0.000000e+00 0.000000e+00
5.553504e-10 0.000000e+00 0.000000e+00
2.768847e-10 0.000000e+00 0.000000e+00
5.536135e-10 0.000000e+00 0.000000e+00
5.120339e-10 0.000000e+00 0.000000e+00
5.249360e-10 0.000000e+00 0.000000e+00
2.519168e-10 0.000000e+00 0.000000e+00
4.866696e-10 0.000000e+00 0.000000e+00
4.408859e-10 0.000000e+00 0.000000e+00
3.127015e-10 0.000000e+00 0.000000e+00
4.551996e-10 0.000000e+00 0.000000e+00
2.294730e-10 0.000000e+00 0.000000e+00
4.370223e-10 0.000000e+00 0.000000e+00
2.114165e-10 0.000000e+00 0.000000e+00
4.784085e-10 0.000000e+00 0.000000e+00
3.523450e-10 0.000000e+00 0.000000e+00
5.408876e-10 0.000000e+00 0.000000e+00
2.963048e-10 0.000000e+00 0.000000e+00
5.038688e-10 0.000000e+00 0.000000e+00
2.184938e-10 0.000000e+00 0.000000e+00
2.715408e-10 0.000000e+00 0.000000e+00
2.337016e-10 0.000000e+00 0.000000e+00
2.313521e-10 0.000000e+00 0.000000e+00
3.093781e-10 0.000000e+00 0.000000e+00
3.199724e-10 0.000000e+00 0.000000e+00
2.917268e-10 0.000000e+00 0.000000e+00
2.362572e-10 0.000000e+00 0.000000e+00
1.713538e-10 0.000000e+00 0.000000e+00
4.907298e-10 0.000000e+00 0.000000e+00
5.719249e-10 0.000000e+00 0.000000e+00
2.827582e-10 0.000000e+00 0.000000e+00
3.594623e-10 0.000000e+00 0.000000e+00
2.978288e-10 0.000000e+00 0.000000e+00
3.466426e-10 0.000000e+00 0.000000e+00
3.431714e-10 0.000000e+00 0.000000e+00
1.650162e-10 0.000000e+00 0.000000e+00
2.306330e-10 0.000000e+00 0.000000e+00
4.514499e-10 0.000000e+00 0.000000e+00
1.482220e-10 0.000000e+00 0.000000e+00
4.668708e-10 0.000000e+00 0.000000e+00
2.116885e-10 0.000000e+00 0.000000e+00
1.719283e-10 0.000000e+00 0.000000e+00
3.550136e-10 0.000000e+00 0.000000e+00
3.585239e-10 0.000000e+00 0.000000e+00
3.565941e-10 0.000000e+00 0.000000e+00
1.275995e-10 0.000000e+00 0.000000e+00
1.278204e-10 0.000000e+00 0.000000e+00
2.143462e-10 0.000000e+00 0.000000e+00
2.943378e-10 0.000000e+00 0.000000e+00
5.920358e-10 0.000000e+00 0.000000e+00
5.182735e-10 0.000000e+00 0.000000e+00
2.154663e-10 0.000000e+00 0.000000e+00
1.938999e-10 0.000000e+00 0.000000e+00
3.013266e-10 0.000000e+00 0.000000e+00
3.051688e-10 0.000000e+00 0.000000e+00
2.273220e-10 0.000000e+00 0.000000e+00
4.473423e-10 0.000000e+00 0.000000e+00
4.773224e-10 0.000000e+00 0.000000e+00
2.209794e-10 0.000000e+00 0.000000e+00
3.043759e-10 0.000000e+00 0.000000e+00
4.472887e-10 0.000000e+00 0.000000e+00
2.328914e-10 0.000000e+00 0.000000e+00
5.159499e-10 0.000000e+00 0.000000e+00
1.739538e-10 0.000000e+00 0.000000e+00
5.165089e-10 0.000000e+00 0.000000e+00
1.917064e-10 0.000000e+00 0.000000e+00
3.671453e-10 0.000000e+00 0.000000e+00
5.086046e-10 0.000000e+00 0.000000e+00
2.451185e-10 0.000000e+00 0.000000e+00
2.971824e-10 0.000000e+00 0.000000e+00
2.874734e-10 0.000000e+00 0.000000e+00
6.011898e-10 0.000000e+00 0.000000e+00
1.678134e-10 0.000000e+00 0.000000e+00
4.829465e-10 0.000000e+00 0.000000e+00
3.824318e-10 0.000000e+00 0.000000e+00
4.178156e-10 0.000000e+00 0.000000e+00
3.272570e-10 0.000000e+00 0.000000e+00
3.861295e-10 0.000000e+00 0.000000e+00
4.068884e-10 0.000000e+00 0.000000e+00
3.290422e-10 0.000000e+00 0.000000e+00
1.911947e-10 0.000000e+00 0.000000e+00
2.897412e-10 0.000000e+00 0.000000e+00
4.832410e-10 0.000000e+00 0.000000e+00
1.637224e-10 0.000000e+00 0.000000e+00
1.545427e-10 0.000000e+00 0.000000e+00
3.189571e-10 0.000000e+00 0.000000e+00
3.375450e-10 0.000000e+00 0.000000e+00
4.629951e-10 0.000000e+00 0.000000e+00
4.297664e-10 0.000000e+00 0.000000e+00
3.690714e-10 0.000000e+00 0.000000e+00
1.661501e-10 0.000000e+00 0.000000e+00
5.859206e-10 0.000000e+00 0.000000e+00
3.856158e-10 0.000000e+00 0.000000e+00
2.295251e-10 0.000000e+00 0.000000e+00
3.482091e-10 0.000000e+00 0.000000e+00
3.570070e-10 0.000000e+00 0.000000e+00
2.341532e-10 0.000000e+00 0.000000e+00
1.282911e-10 0.000000e+00 0.000000e+00
5.577902e-10 0.000000e+00 0.000000e+00
1.721240e-10 0.000000e+00 0.000000e+00
5.318657e-10 0.000000e+00 0.000000e+00
2.558251e-10 0.000000e+00 0.000000e+00
4.548889e-10 0.000000e+00 0.000000e+00
5.341993e-10 0.000000e+00 0.000000e+00
4.244477e-10 0.000000e+00 0.000000e+00
1.439833e-10 0.000000e+00 0.000000e+00
6.033685e-10 0.000000e+00 0.000000e+00
2.617879e-10 0.000000e+00 0.000000e+00
2.155331e-10 0.000000e+00 0.000000e+00
1.730046e-10 0.000000e+00 0.000000e+00
3.429262e-10 0.000000e+00 0.000000e+00
3.180460e-10 0.000000e+00 0.000000e+00
3.268882e-10 0.000000e+00 0.000000e+00
1.496820e-10 0.000000e+00 0.000000e+00
2.577045e-10 0.000000e+00 0.000000e+00
3.222995e-10 0.000000e+00 0.000000e+00
1.484322e-10 0.000000e+00 0.000000e+00
3.271022e-10 0.000000e+00 0.000000e+00
3.042040e-10 0.000000e+00 0.000000e+00
3.289006e-10 0.000000e+00 0.000000e+00
3.827455e-10 0.000000e+00 0.000000e+00
2.499195e-10 0.000000e+00 0.000000e+00
3.470695e-10 0.000000e+00 0.000000e+00
5.075037e-10 0.000000e+00 0.000000e+00
3.253773e-10 0.000000e+00 0.000000e+00
2.710628e-10 0.000000e+00 0.000000e+00
2.087153e-10 0.000000e+00 0.000000e+00
2.808364e-10 0.000000e+00 0.000000e+00
1.692791e-10 0.000000e+00 0.000000e+00
2.984179e-10 0.000000e+00 0.000000e+00
2.587934e-10 0.000000e+00 0.000000e+00
3.493118e-10 0.000000e+00 0.000000e+00
2.321998e-10 0.000000e+00 0.000000e+00
2.310353e-10 0.000000e+00 0.000000e+00
4.750122e-10 0.000000e+00 0.000000e+00
3.201563e-10 0.000000e+00 0.000000e+00
1.910069e-10 0.000000e+00 0.000000e+00
4.493593e-10 0.000000e+00 0.000000e+00
3.602541e-10 0.000000e+00 0.000000e+00
1.476429e-10 0.000000e+00 0.000000e+00
2.544653e-10 0.000000e+00 0.000000e+00
3.266491e-10 0.000000e+00 0.000000e+00
3.758253e-10 0.000000e+00 0.000000e+00
2.323557e-10 0.000000e+00 0.000000e+00
3.386382e-10 0.000000e+00 0.000000e+00
2.596550e-10 0.000000e+00 0.000000e+00
2.336497e-10 0.000000e+00 0.000000e+00
2.990131e-10 0.000000e+00 0.000000e+00
4.503903e-10 0.000000e+00 0.000000e+00
4.322647e-10 0.000000e+00 0.000000e+00
5.827778e-10 0.000000e+00 0.000000e+00
3.032623e-10 0.000000e+00 0.000000e+00
2.214141e-10 0.000000e+00 0.000000e+00
2.441257e-10 0.000000e+00 0.000000e+00
1.968070e-10 0.000000e+00 0.000000e+00
2.041639e-10 0.000000e+00 0.000000e+00
3.165012e-10 0.000000e+00 0.000000e+00
2.598828e-10 0.000000e+00 0.000000e+00
3.572363e-10 0.000000e+00 0.000000e+00
1.936195e-10 0.000000e+00 0.000000e+00
2.266527e-10 0.000000e+00 0.000000e+00
4.399838e-10 0.000000e+00 0.000000e+00
2.883422e-10 0.000000e+00 0.000000e+00
4.985722e-10 0.000000e+00 0.000000e+00
1.908115e-10 0.000000e+00 0.000000e+00
2.169417e-10 0.000000e+00 0.000000e+00
2.168912e-10 0.000000e+00 0.000000e+00
1.511717e-10 0.000000e+00 0.000000e+00
4.482836e-10 0.000000e+00 0.000000e+00
3.616649e-10 0.000000e+00 0.000000e+00
3.816745e-10 0.000000e+00 0.000000e+00
2.102875e-10 0.000000e+00 0.000000e+00
2.069590e-10 0.000000e+00 0.000000e+00
4.564956e-10 0.000000e+00 0.000000e+00
1.583482e-10 0.000000e+00 0.000000e+00
3.258435e-10 0.000000e+00 0.000000e+00
2.076428e-10 0.000000e+00 0.000000e+00
4.679960e-10 0.000000e+00 0.000000e+00
1.945935e-10 0.000000e+00 0.000000e+00
3.332671e-10 0.000000e+00 0.000000e+00
3.975175e-10 0.000000e+00 0.000000e+00
3.846227e-10 0.000000e+00 0.000000e+00
2.561551e-10 0.000000e+00 0.000000e+00
3.915627e-10 0.000000e+00 0.000000e+00
4.847014e-10 0.000000e+00 0.000000e+00
1.895726e-10 0.000000e+00 0.000000e+00
2.096087e-10 0.000000e+00 0.000000e+00
2.091193e-10 0.000000e+00 0.000000e+00
