FX FY FZ 
2.306559e-10 0.000000e+00 0.000000e+00
1.822827e-10 0.000000e+00 0.000000e+00
2.917754e-10 0.000000e+00 0.000000e+00
-1.893889e-10 0.000000e+00 0.000000e+00
1.603013e-10 0.000000e+00 0.000000e+00
1.597482e-10 0.000000e+00 0.000000e+00
3.826811e-11 0.000000e+00 0.000000e+00
5.023346e-10 0.000000e+00 0.000000e+00
-9.199404e-11 0.000000e+00 0.000000e+00
2.866932e-10 0.000000e+00 0.000000e+00
-6.356238e-10 0.000000e+00 0.000000e+00
2.800719e-10 0.000000e+00 0.000000e+00
-3.355171e-10 0.000000e+00 0.000000e+00
-8.229487e-10 0.000000e+00 0.000000e+00
5.364945e-10 0.000000e+00 0.000000e+00
-5.066538e-10 0.000000e+00 0.000000e+00
6.759356e-11 0.000000e+00 0.000000e+00
-3.730155e-10 0.000000e+00 0.000000e+00
5.309341e-10 0.000000e+00 0.000000e+00
-3.755594e-11 0.000000e+00 0.000000e+00
2.463197e-10 0.000000e+00 0.000000e+00
3.337190e-10 0.000000e+00 0.000000e+00
1.240486e-11 0.000000e+00 0.000000e+00
4.588961e-11 0.000000e+00 0.000000e+00
-9.743243e-11 0.000000e+00 0.000000e+00
1.771654e-10 0.000000e+00 0.000000e+00
3.718226e-10 0.000000e+00 0.000000e+00
-7.454341e-10 0.000000e+00 0.000000e+00
-1.840874e-10 0.000000e+00 0.000000e+00
-1.546182e-10 0.000000e+00 0.000000e+00
-5.199660e-11 0.000000e+00 0.000000e+00
4.634619e-10 0.000000e+00 0.000000e+00
3.473745e-10 0.000000e+00 0.000000e+00
-3.772639e-10 0.000000e+00 0.000000e+00
-3.144781e-10 0.000000e+00 0.000000e+00
-1.206697e-10 0.000000e+00 0.000000e+00
1.819607e-10 0.000000e+00 0.000000e+00
2.641351e-10 0.000000e+00 0.000000e+00
-9.783941e-11 0.000000e+00 0.000000e+00
4.279121e-11 0.000000e+00 0.000000e+00
4.255048e-11 0.000000e+00 0.000000e+00
4.357032e-10 0.000000e+00 0.000000e+00
2.995199e-10 0.000000e+00 0.000000e+00
3.286711e-10 0.000000e+00 0.000000e+00
7.737436e-11 0.000000e+00 0.000000e+00
-5.438882e-11 0.000000e+00 0.000000e+00
-1.765446e-10 0.000000e+00 0.000000e+00
8.687597e-11 0.000000e+00 0.000000e+00
4.327276e-10 0.000000e+00 0.000000e+00
5.250369e-10 0.000000e+00 0.000000e+00
2.235065e-10 0.000000e+00 0.000000e+00
-9.602333e-11 0.000000e+00 0.000000e+00
4.137574e-10 0.000000e+00 0.000000e+00
2.794170e-10 0.000000e+00 0.000000e+00
1.819748e-10 0.000000e+00 0.000000e+00
3.227497e-10 0.000000e+00 0.000000e+00
1.967951e-10 0.000000e+00 0.000000e+00
-3.396134e-10 0.000000e+00 0.000000e+00
3.073230e-10 0.000000e+00 0.000000e+00
1.282306e-10 0.000000e+00 0.000000e+00
-2.072416e-10 0.000000e+00 0.000000e+00
-9.227111e-11 0.000000e+00 0.000000e+00
-2.495326e-10 0.000000e+00 0.000000e+00
2.905931e-10 0.000000e+00 0.000000e+00
-6.586312e-11 0.000000e+00 0.000000e+00
-1.520237e-10 0.000000e+00 0.000000e+00
-4.647674e-10 0.000000e+00 0.000000e+00
3.589145e-10 0.000000e+00 0.000000e+00
2.818390e-10 0.000000e+00 0.000000e+00
-2.193737e-10 0.000000e+00 0.000000e+00
4.065116e-10 0.000000e+00 0.000000e+00
-2.171818e-10 0.000000e+00 0.000000e+00
-2.096514e-10 0.000000e+00 0.000000e+00
-2.365013e-10 0.000000e+00 0.000000e+00
-1.199841e-10 0.000000e+00 0.000000e+00
-4.981947e-11 0.000000e+00 0.000000e+00
3.088323e-10 0.000000e+00 0.000000e+00
4.429961e-10 0.000000e+00 0.000000e+00
-2.961105e-10 0.000000e+00 0.000000e+00
-6.267536e-11 0.000000e+00 0.000000e+00
-1.780277e-10 0.000000e+00 0.000000e+00
7.335366e-11 0.000000e+00 0.000000e+00
-4.313350e-11 0.000000e+00 0.000000e+00
-2.947152e-10 0.000000e+00 0.000000e+00
-6.326598e-10 0.000000e+00 0.000000e+00
-4.403882e-10 0.000000e+00 0.000000e+00
-4.666412e-10 0.000000e+00 0.000000e+00
1.863506e-10 0.000000e+00 0.000000e+00
1.919428e-10 0.000000e+00 0.000000e+00
-5.022801e-10 0.000000e+00 0.000000e+00
-6.315767e-10 0.000000e+00 0.000000e+00
-6.935675e-10 0.000000e+00 0.000000e+00
5.245529e-10 0.000000e+00 0.000000e+00
3.628461e-10 0.000000e+00 0.000000e+00
-4.094475e-10 0.000000e+00 0.000000e+00
-1.196742e-12 0.000000e+00 0.000000e+00
-1.752664e-10 0.000000e+00 0.000000e+00
5.429080e-10 0.000000e+00 0.000000e+00
-2.964794e-10 0.000000e+00 0.000000e+00
3.952687e-10 0.000000e+00 0.000000e+00
-1.011030e-10 0.000000e+00 0.000000e+00
-2.978365e-10 0.000000e+00 0.000000e+00
2.640395e-10 0.000000e+00 0.000000e+00
3.058261e-10 0.000000e+00 0.000000e+00
3.434885e-10 0.000000e+00 0.000000e+00
2.560235e-10 0.000000e+00 0.000000e+00
-1.034661e-10 0.000000e+00 0.000000e+00
-6.300977e-10 0.000000e+00 0.000000e+00
-2.356146e-10 0.000000e+00 0.000000e+00
3.431452e-10 0.000000e+00 0.000000e+00
3.501914e-10 0.000000e+00 0.000000e+00
5.127862e-10 0.000000e+00 0.000000e+00
3.638844e-10 0.000000e+00 0.000000e+00
1.629401e-10 0.000000e+00 0.000000e+00
-6.913396e-10 0.000000e+00 0.000000e+00
2.876931e-11 0.000000e+00 0.000000e+00
-3.645071e-10 0.000000e+00 0.000000e+00
1.986031e-11 0.000000e+00 0.000000e+00
-1.516836e-11 0.000000e+00 0.000000e+00
4.805938e-10 0.000000e+00 0.000000e+00
-4.239342e-11 0.000000e+00 0.000000e+00
3.079799e-10 0.000000e+00 0.000000e+00
1.645819e-10 0.000000e+00 0.000000e+00
1.003771e-10 0.000000e+00 0.000000e+00
-8.297809e-11 0.000000e+00 0.000000e+00
-6.084880e-10 0.000000e+00 0.000000e+00
1.780137e-10 0.000000e+00 0.000000e+00
-3.014890e-10 0.000000e+00 0.000000e+00
-4.502491e-10 0.000000e+00 0.000000e+00
1.411485e-10 0.000000e+00 0.000000e+00
2.132112e-10 0.000000e+00 0.000000e+00
-6.299253e-10 0.000000e+00 0.000000e+00
-7.121389e-10 0.000000e+00 0.000000e+00
3.609104e-10 0.000000e+00 0.000000e+00
3.546870e-10 0.000000e+00 0.000000e+00
-1.611029e-10 0.000000e+00 0.000000e+00
2.167604e-10 0.000000e+00 0.000000e+00
-2.410063e-10 0.000000e+00 0.000000e+00
-1.785296e-10 0.000000e+00 0.000000e+00
-1.280973e-10 0.000000e+00 0.000000e+00
-4.675196e-10 0.000000e+00 0.000000e+00
2.763180e-11 0.000000e+00 0.000000e+00
-2.580258e-10 0.000000e+00 0.000000e+00
-1.393837e-10 0.000000e+00 0.000000e+00
3.547997e-10 0.000000e+00 0.000000e+00
-3.743888e-10 0.000000e+00 0.000000e+00
2.593993e-10 0.000000e+00 0.000000e+00
4.388646e-12 0.000000e+00 0.000000e+00
9.894266e-12 0.000000e+00 0.000000e+00
-1.855344e-11 0.000000e+00 0.000000e+00
2.620540e-10 0.000000e+00 0.000000e+00
2.173465e-10 0.000000e+00 0.000000e+00
4.503762e-11 0.000000e+00 0.000000e+00
8.061035e-11 0.000000e+00 0.000000e+00
3.473686e-11 0.000000e+00 0.000000e+00
2.824822e-10 0.000000e+00 0.000000e+00
-6.894087e-10 0.000000e+00 0.000000e+00
2.191051e-10 0.000000e+00 0.000000e+00
1.253067e-10 0.000000e+00 0.000000e+00
-3.459143e-11 0.000000e+00 0.000000e+00
2.412892e-10 0.000000e+00 0.000000e+00
-3.473241e-10 0.000000e+00 0.000000e+00
-2.810589e-10 0.000000e+00 0.000000e+00
-5.755184e-10 0.000000e+00 0.000000e+00
4.596424e-10 0.000000e+00 0.000000e+00
4.964414e-10 0.000000e+00 0.000000e+00
-9.391911e-10 0.000000e+00 0.000000e+00
-2.471943e-10 0.000000e+00 0.000000e+00
2.151194e-10 0.000000e+00 0.000000e+00
-3.045299e-11 0.000000e+00 0.000000e+00
2.702014e-10 0.000000e+00 0.000000e+00
3.925669e-10 0.000000e+00 0.000000e+00
5.609401e-10 0.000000e+00 0.000000e+00
-2.920753e-11 0.000000e+00 0.000000e+00
1.315132e-10 0.000000e+00 0.000000e+00
2.299206e-10 0.000000e+00 0.000000e+00
-1.543981e-10 0.000000e+00 0.000000e+00
2.909607e-10 0.000000e+00 0.000000e+00
9.364289e-11 0.000000e+00 0.000000e+00
2.749209e-10 0.000000e+00 0.000000e+00
2.286407e-10 0.000000e+00 0.000000e+00
5.350982e-11 0.000000e+00 0.000000e+00
1.118728e-10 0.000000e+00 0.000000e+00
-9.247140e-11 0.000000e+00 0.000000e+00
5.386696e-10 0.000000e+00 0.000000e+00
2.533879e-12 0.000000e+00 0.000000e+00
4.391238e-11 0.000000e+00 0.000000e+00
3.212238e-10 0.000000e+00 0.000000e+00
-3.772024e-10 0.000000e+00 0.000000e+00
2.885710e-10 0.000000e+00 0.000000e+00
1.756556e-10 0.000000e+00 0.000000e+00
-4.881462e-10 0.000000e+00 0.000000e+00
-2.389925e-10 0.000000e+00 0.000000e+00
-1.084980e-10 0.000000e+00 0.000000e+00
6.051982e-10 0.000000e+00 0.000000e+00
-1.185469e-10 0.000000e+00 0.000000e+00
-1.070059e-10 0.000000e+00 0.000000e+00
-6.376588e-11 0.000000e+00 0.000000e+00
-2.753740e-10 0.000000e+00 0.000000e+00
-4.474358e-11 0.000000e+00 0.000000e+00
3.236014e-10 0.000000e+00 0.000000e+00
2.760520e-10 0.000000e+00 0.000000e+00
-5.546259e-10 0.000000e+00 0.000000e+00
2.611231e-10 0.000000e+00 0.000000e+00
9.878198e-11 0.000000e+00 0.000000e+00
-4.328766e-10 0.000000e+00 0.000000e+00
-1.719990e-11 0.000000e+00 0.000000e+00
-8.561841e-11 0.000000e+00 0.000000e+00
6.788978e-11 0.000000e+00 0.000000e+00
-2.099370e-10 0.000000e+00 0.000000e+00
-1.544127e-10 0.000000e+00 0.000000e+00
3.615328e-10 0.000000e+00 0.000000e+00
3.488076e-10 0.000000e+00 0.000000e+00
-7.738465e-11 0.000000e+00 0.000000e+00
-2.392356e-10 0.000000e+00 0.000000e+00
-2.934972e-10 0.000000e+00 0.000000e+00
-2.772548e-10 0.000000e+00 0.000000e+00
2.297859e-10 0.000000e+00 0.000000e+00
1.685809e-10 0.000000e+00 0.000000e+00
-1.106044e-10 0.000000e+00 0.000000e+00
-4.167998e-10 0.000000e+00 0.000000e+00
4.542776e-10 0.000000e+00 0.000000e+00
-7.735599e-10 0.000000e+00 0.000000e+00
4.679311e-10 0.000000e+00 0.000000e+00
2.897959e-10 0.000000e+00 0.000000e+00
4.164212e-10 0.000000e+00 0.000000e+00
-1.577543e-09 0.000000e+00 0.000000e+00
4.552443e-12 0.000000e+00 0.000000e+00
-3.296353e-10 0.000000e+00 0.000000e+00
-6.178154e-10 0.000000e+00 0.000000e+00
-3.072064e-10 0.000000e+00 0.000000e+00
1.698940e-11 0.000000e+00 0.000000e+00
-4.783757e-10 0.000000e+00 0.000000e+00
3.379150e-12 0.000000e+00 0.000000e+00
-5.113234e-12 0.000000e+00 0.000000e+00
-1.357356e-10 0.000000e+00 0.000000e+00
2.684905e-10 0.000000e+00 0.000000e+00
7.474726e-11 0.000000e+00 0.000000e+00
-1.451697e-11 0.000000e+00 0.000000e+00
2.178307e-10 0.000000e+00 0.000000e+00
4.800984e-10 0.000000e+00 0.000000e+00
1.732164e-10 0.000000e+00 0.000000e+00
2.909848e-10 0.000000e+00 0.000000e+00
5.966446e-11 0.000000e+00 0.000000e+00
-2.241010e-10 0.000000e+00 0.000000e+00
-1.780809e-10 0.000000e+00 0.000000e+00
5.209960e-10 0.000000e+00 0.000000e+00
2.778256e-10 0.000000e+00 0.000000e+00
-2.709360e-10 0.000000e+00 0.000000e+00
-5.439389e-10 0.000000e+00 0.000000e+00
9.912111e-11 0.000000e+00 0.000000e+00
-1.507013e-10 0.000000e+00 0.000000e+00
3.956603e-10 0.000000e+00 0.000000e+00
7.273120e-12 0.000000e+00 0.000000e+00
4.373428e-10 0.000000e+00 0.000000e+00
-9.894016e-11 0.000000e+00 0.000000e+00
1.695956e-10 0.000000e+00 0.000000e+00
3.018183e-10 0.000000e+00 0.000000e+00
8.158837e-11 0.000000e+00 0.000000e+00
-5.287013e-11 0.000000e+00 0.000000e+00
-1.020709e-11 0.000000e+00 0.000000e+00
3.659281e-10 0.000000e+00 0.000000e+00
-3.967766e-10 0.000000e+00 0.000000e+00
7.665099e-11 0.000000e+00 0.000000e+00
3.658102e-10 0.000000e+00 0.000000e+00
5.379556e-10 0.000000e+00 0.000000e+00
4.022436e-10 0.000000e+00 0.000000e+00
-3.169571e-11 0.000000e+00 0.000000e+00
3.021096e-10 0.000000e+00 0.000000e+00
4.263306e-10 0.000000e+00 0.000000e+00
-4.736078e-11 0.000000e+00 0.000000e+00
4.425940e-10 0.000000e+00 0.000000e+00
5.009561e-11 0.000000e+00 0.000000e+00
2.054217e-11 0.000000e+00 0.000000e+00
1.042533e-10 0.000000e+00 0.000000e+00
5.269185e-11 0.000000e+00 0.000000e+00
1.551464e-12 0.000000e+00 0.000000e+00
6.179522e-10 0.000000e+00 0.000000e+00
1.476768e-10 0.000000e+00 0.000000e+00
6.488063e-11 0.000000e+00 0.000000e+00
-4.831559e-11 0.000000e+00 0.000000e+00
9.487962e-11 0.000000e+00 0.000000e+00
4.849832e-10 0.000000e+00 0.000000e+00
-2.010387e-10 0.000000e+00 0.000000e+00
1.082899e-10 0.000000e+00 0.000000e+00
-2.377875e-10 0.000000e+00 0.000000e+00
-7.327970e-11 0.000000e+00 0.000000e+00
-5.986041e-10 0.000000e+00 0.000000e+00
-3.230553e-10 0.000000e+00 0.000000e+00
3.704233e-10 0.000000e+00 0.000000e+00
-1.528074e-10 0.000000e+00 0.000000e+00
1.177101e-10 0.000000e+00 0.000000e+00
-4.005175e-10 0.000000e+00 0.000000e+00
7.838158e-11 0.000000e+00 0.000000e+00
1.569788e-10 0.000000e+00 0.000000e+00
2.819293e-11 0.000000e+00 0.000000e+00
1.306889e-10 0.000000e+00 0.000000e+00
2.031622e-10 0.000000e+00 0.000000e+00
-2.757667e-10 0.000000e+00 0.000000e+00
3.220320e-10 0.000000e+00 0.000000e+00
4.501482e-10 0.000000e+00 0.000000e+00
-9.091167e-10 0.000000e+00 0.000000e+00
-1.854546e-10 0.000000e+00 0.000000e+00
3.202934e-10 0.000000e+00 0.000000e+00
5.336195e-10 0.000000e+00 0.000000e+00
-2.210018e-10 0.000000e+00 0.000000e+00
2.917009e-11 0.000000e+00 0.000000e+00
-8.589216e-11 0.000000e+00 0.000000e+00
-1.143045e-09 0.000000e+00 0.000000e+00
-6.412449e-10 0.000000e+00 0.000000e+00
3.007369e-10 0.000000e+00 0.000000e+00
3.655898e-11 0.000000e+00 0.000000e+00
2.669021e-10 0.000000e+00 0.000000e+00
1.087671e-10 0.000000e+00 0.000000e+00
-1.849630e-10 0.000000e+00 0.000000e+00
-5.825905e-10 0.000000e+00 0.000000e+00
-1.502470e-09 0.000000e+00 0.000000e+00
-7.555531e-12 0.000000e+00 0.000000e+00
-1.200760e-10 0.000000e+00 0.000000e+00
3.495761e-10 0.000000e+00 0.000000e+00
3.309859e-10 0.000000e+00 0.000000e+00
-3.037137e-12 0.000000e+00 0.000000e+00
8.635079e-11 0.000000e+00 0.000000e+00
1.737680e-10 0.000000e+00 0.000000e+00
-2.355257e-10 0.000000e+00 0.000000e+00
-1.376649e-10 0.000000e+00 0.000000e+00
6.967525e-11 0.000000e+00 0.000000e+00
-5.352432e-10 0.000000e+00 0.000000e+00
-2.073053e-10 0.000000e+00 0.000000e+00
-2.276930e-11 0.000000e+00 0.000000e+00
3.058606e-10 0.000000e+00 0.000000e+00
4.698351e-10 0.000000e+00 0.000000e+00
1.246877e-10 0.000000e+00 0.000000e+00
-1.414176e-10 0.000000e+00 0.000000e+00
4.443227e-10 0.000000e+00 0.000000e+00
5.533085e-11 0.000000e+00 0.000000e+00
2.070168e-10 0.000000e+00 0.000000e+00
-3.871467e-10 0.000000e+00 0.000000e+00
3.732345e-10 0.000000e+00 0.000000e+00
-1.000402e-09 0.000000e+00 0.000000e+00
1.737370e-12 0.000000e+00 0.000000e+00
3.502211e-10 0.000000e+00 0.000000e+00
-1.107455e-11 0.000000e+00 0.000000e+00
-4.963517e-11 0.000000e+00 0.000000e+00
-1.132703e-10 0.000000e+00 0.000000e+00
1.075279e-10 0.000000e+00 0.000000e+00
4.730971e-10 0.000000e+00 0.000000e+00
-5.092131e-10 0.000000e+00 0.000000e+00
3.953591e-10 0.000000e+00 0.000000e+00
7.847310e-11 0.000000e+00 0.000000e+00
3.891065e-10 0.000000e+00 0.000000e+00
2.081398e-11 0.000000e+00 0.000000e+00
1.421252e-10 0.000000e+00 0.000000e+00
1.977984e-10 0.000000e+00 0.000000e+00
5.236471e-11 0.000000e+00 0.000000e+00
2.096168e-10 0.000000e+00 0.000000e+00
-1.464772e-09 0.000000e+00 0.000000e+00
-9.345144e-10 0.000000e+00 0.000000e+00
4.300722e-11 0.000000e+00 0.000000e+00
-6.905202e-10 0.000000e+00 0.000000e+00
-1.370359e-10 0.000000e+00 0.000000e+00
2.942860e-10 0.000000e+00 0.000000e+00
6.768638e-11 0.000000e+00 0.000000e+00
2.994945e-11 0.000000e+00 0.000000e+00
2.477518e-10 0.000000e+00 0.000000e+00
1.671653e-11 0.000000e+00 0.000000e+00
-1.023166e-09 0.000000e+00 0.000000e+00
1.513526e-10 0.000000e+00 0.000000e+00
5.409436e-10 0.000000e+00 0.000000e+00
-3.549916e-10 0.000000e+00 0.000000e+00
-5.319542e-10 0.000000e+00 0.000000e+00
-4.847809e-10 0.000000e+00 0.000000e+00
8.683587e-11 0.000000e+00 0.000000e+00
2.342161e-10 0.000000e+00 0.000000e+00
-5.763090e-10 0.000000e+00 0.000000e+00
1.571352e-10 0.000000e+00 0.000000e+00
-2.855582e-11 0.000000e+00 0.000000e+00
3.386721e-10 0.000000e+00 0.000000e+00
1.264360e-10 0.000000e+00 0.000000e+00
-2.731740e-10 0.000000e+00 0.000000e+00
2.967739e-10 0.000000e+00 0.000000e+00
2.935479e-11 0.000000e+00 0.000000e+00
4.938225e-11 0.000000e+00 0.000000e+00
-3.371865e-10 0.000000e+00 0.000000e+00
-8.747368e-10 0.000000e+00 0.000000e+00
3.475223e-10 0.000000e+00 0.000000e+00
-1.008738e-10 0.000000e+00 0.000000e+00
1.081457e-10 0.000000e+00 0.000000e+00
1.481828e-10 0.000000e+00 0.000000e+00
6.197346e-10 0.000000e+00 0.000000e+00
-1.374852e-10 0.000000e+00 0.000000e+00
2.684858e-10 0.000000e+00 0.000000e+00
-4.083740e-10 0.000000e+00 0.000000e+00
-5.253633e-10 0.000000e+00 0.000000e+00
3.184129e-11 0.000000e+00 0.000000e+00
4.138071e-11 0.000000e+00 0.000000e+00
3.243287e-10 0.000000e+00 0.000000e+00
-1.520235e-10 0.000000e+00 0.000000e+00
-1.210693e-10 0.000000e+00 0.000000e+00
-4.348494e-10 0.000000e+00 0.000000e+00
-2.271718e-10 0.000000e+00 0.000000e+00
7.292594e-11 0.000000e+00 0.000000e+00
-4.761816e-10 0.000000e+00 0.000000e+00
1.495463e-10 0.000000e+00 0.000000e+00
-1.385433e-10 0.000000e+00 0.000000e+00
-2.641717e-10 0.000000e+00 0.000000e+00
5.742939e-10 0.000000e+00 0.000000e+00
-3.915437e-10 0.000000e+00 0.000000e+00
2.796292e-10 0.000000e+00 0.000000e+00
-2.456333e-10 0.000000e+00 0.000000e+00
5.437809e-10 0.000000e+00 0.000000e+00
3.040735e-10 0.000000e+00 0.000000e+00
-6.703680e-10 0.000000e+00 0.000000e+00
6.116300e-11 0.000000e+00 0.000000e+00
-2.479723e-10 0.000000e+00 0.000000e+00
-3.417715e-10 0.000000e+00 0.000000e+00
3.061643e-10 0.000000e+00 0.000000e+00
-3.986536e-10 0.000000e+00 0.000000e+00
-9.436863e-11 0.000000e+00 0.000000e+00
2.683135e-10 0.000000e+00 0.000000e+00
-3.039429e-10 0.000000e+00 0.000000e+00
-2.021086e-10 0.000000e+00 0.000000e+00
-1.357857e-10 0.000000e+00 0.000000e+00
-5.492998e-10 0.000000e+00 0.000000e+00
-1.937267e-11 0.000000e+00 0.000000e+00
8.811272e-11 0.000000e+00 0.000000e+00
-5.528176e-10 0.000000e+00 0.000000e+00
1.792844e-10 0.000000e+00 0.000000e+00
-4.538202e-10 0.000000e+00 0.000000e+00
4.574666e-10 0.000000e+00 0.000000e+00
4.768491e-10 0.000000e+00 0.000000e+00
-1.707234e-10 0.000000e+00 0.000000e+00
3.335821e-11 0.000000e+00 0.000000e+00
-6.507249e-10 0.000000e+00 0.000000e+00
5.801055e-10 0.000000e+00 0.000000e+00
4.785165e-10 0.000000e+00 0.000000e+00
-7.751716e-12 0.000000e+00 0.000000e+00
-1.002772e-10 0.000000e+00 0.000000e+00
-1.433620e-09 0.000000e+00 0.000000e+00
-1.754269e-10 0.000000e+00 0.000000e+00
1.916647e-11 0.000000e+00 0.000000e+00
-3.625986e-10 0.000000e+00 0.000000e+00
-1.366664e-10 0.000000e+00 0.000000e+00
-5.568147e-10 0.000000e+00 0.000000e+00
-2.807058e-10 0.000000e+00 0.000000e+00
-1.773989e-11 0.000000e+00 0.000000e+00
5.324683e-10 0.000000e+00 0.000000e+00
4.737641e-11 0.000000e+00 0.000000e+00
3.811132e-12 0.000000e+00 0.000000e+00
-2.972217e-10 0.000000e+00 0.000000e+00
-8.027805e-12 0.000000e+00 0.000000e+00
-3.829436e-10 0.000000e+00 0.000000e+00
-3.969081e-10 0.000000e+00 0.000000e+00
-3.025863e-10 0.000000e+00 0.000000e+00
4.463801e-10 0.000000e+00 0.000000e+00
-3.711614e-10 0.000000e+00 0.000000e+00
-1.107754e-10 0.000000e+00 0.000000e+00
3.117555e-10 0.000000e+00 0.000000e+00
-2.850314e-10 0.000000e+00 0.000000e+00
2.296659e-10 0.000000e+00 0.000000e+00
5.579935e-10 0.000000e+00 0.000000e+00
-5.889192e-11 0.000000e+00 0.000000e+00
3.950811e-10 0.000000e+00 0.000000e+00
-6.629055e-10 0.000000e+00 0.000000e+00
4.444016e-10 0.000000e+00 0.000000e+00
1.373508e-10 0.000000e+00 0.000000e+00
1.525674e-10 0.000000e+00 0.000000e+00
3.321331e-10 0.000000e+00 0.000000e+00
4.152688e-10 0.000000e+00 0.000000e+00
2.826670e-10 0.000000e+00 0.000000e+00
1.836942e-10 0.000000e+00 0.000000e+00
-1.264192e-10 0.000000e+00 0.000000e+00
-5.236924e-10 0.000000e+00 0.000000e+00
3.613126e-10 0.000000e+00 0.000000e+00
2.027793e-10 0.000000e+00 0.000000e+00
-2.407275e-11 0.000000e+00 0.000000e+00
-3.373319e-11 0.000000e+00 0.000000e+00
-5.616917e-10 0.000000e+00 0.000000e+00
-1.584392e-10 0.000000e+00 0.000000e+00
3.601608e-10 0.000000e+00 0.000000e+00
2.950527e-11 0.000000e+00 0.000000e+00
5.637738e-11 0.000000e+00 0.000000e+00
5.202816e-10 0.000000e+00 0.000000e+00
-3.678396e-10 0.000000e+00 0.000000e+00
4.567425e-10 0.000000e+00 0.000000e+00
-1.129533e-10 0.000000e+00 0.000000e+00
3.302537e-10 0.000000e+00 0.000000e+00
1.643197e-10 0.000000e+00 0.000000e+00
3.220623e-10 0.000000e+00 0.000000e+00
6.042773e-10 0.000000e+00 0.000000e+00
-4.036834e-10 0.000000e+00 0.000000e+00
3.722347e-10 0.000000e+00 0.000000e+00
-1.539573e-10 0.000000e+00 0.000000e+00
1.518839e-10 0.000000e+00 0.000000e+00
-2.527104e-10 0.000000e+00 0.000000e+00
-2.357924e-10 0.000000e+00 0.000000e+00
4.350895e-10 0.000000e+00 0.000000e+00
1.384108e-10 0.000000e+00 0.000000e+00
3.803188e-10 0.000000e+00 0.000000e+00
1.033387e-10 0.000000e+00 0.000000e+00
3.439368e-10 0.000000e+00 0.000000e+00
3.005732e-10 0.000000e+00 0.000000e+00
-2.115066e-10 0.000000e+00 0.000000e+00
-1.119979e-10 0.000000e+00 0.000000e+00
-1.812045e-11 0.000000e+00 0.000000e+00
-3.247686e-10 0.000000e+00 0.000000e+00
-4.100873e-11 0.000000e+00 0.000000e+00
2.146611e-10 0.000000e+00 0.000000e+00
4.158896e-10 0.000000e+00 0.000000e+00
3.227558e-10 0.000000e+00 0.000000e+00
-2.367739e-11 0.000000e+00 0.000000e+00
-6.113536e-10 0.000000e+00 0.000000e+00
-1.686258e-10 0.000000e+00 0.000000e+00
3.873444e-10 0.000000e+00 0.000000e+00
4.402953e-11 0.000000e+00 0.000000e+00
2.892480e-10 0.000000e+00 0.000000e+00
3.087730e-10 0.000000e+00 0.000000e+00
-4.978766e-10 0.000000e+00 0.000000e+00
1.970539e-10 0.000000e+00 0.000000e+00
-2.694585e-10 0.000000e+00 0.000000e+00
2.795359e-10 0.000000e+00 0.000000e+00
2.540733e-10 0.000000e+00 0.000000e+00
-4.549564e-10 0.000000e+00 0.000000e+00
-3.534035e-11 0.000000e+00 0.000000e+00
2.741882e-10 0.000000e+00 0.000000e+00
-2.737139e-11 0.000000e+00 0.000000e+00
-1.099401e-10 0.000000e+00 0.000000e+00
-1.771943e-10 0.000000e+00 0.000000e+00
-1.475390e-10 0.000000e+00 0.000000e+00
2.803731e-11 0.000000e+00 0.000000e+00
2.819922e-10 0.000000e+00 0.000000e+00
5.158994e-10 0.000000e+00 0.000000e+00
-3.280756e-10 0.000000e+00 0.000000e+00
1.899776e-10 0.000000e+00 0.000000e+00
4.979140e-10 0.000000e+00 0.000000e+00
6.327655e-10 0.000000e+00 0.000000e+00
3.266739e-10 0.000000e+00 0.000000e+00
2.256926e-10 0.000000e+00 0.000000e+00
-2.899049e-10 0.000000e+00 0.000000e+00
3.273813e-10 0.000000e+00 0.000000e+00
4.241845e-11 0.000000e+00 0.000000e+00
2.087001e-10 0.000000e+00 0.000000e+00
3.215088e-10 0.000000e+00 0.000000e+00
-2.771326e-10 0.000000e+00 0.000000e+00
-3.832474e-10 0.000000e+00 0.000000e+00
6.256274e-11 0.000000e+00 0.000000e+00
4.305904e-10 0.000000e+00 0.000000e+00
4.038241e-10 0.000000e+00 0.000000e+00
1.050646e-11 0.000000e+00 0.000000e+00
5.875262e-10 0.000000e+00 0.000000e+00
2.523381e-11 0.000000e+00 0.000000e+00
4.321005e-10 0.000000e+00 0.000000e+00
-3.467074e-10 0.000000e+00 0.000000e+00
3.847192e-10 0.000000e+00 0.000000e+00
1.852473e-10 0.000000e+00 0.000000e+00
6.307633e-10 0.000000e+00 0.000000e+00
-1.374869e-11 0.000000e+00 0.000000e+00
-2.395092e-10 0.000000e+00 0.000000e+00
-5.610277e-12 0.000000e+00 0.000000e+00
7.789626e-11 0.000000e+00 0.000000e+00
6.783588e-13 0.000000e+00 0.000000e+00
-2.977344e-10 0.000000e+00 0.000000e+00
1.118210e-10 0.000000e+00 0.000000e+00
-6.756301e-10 0.000000e+00 0.000000e+00
-3.218731e-10 0.000000e+00 0.000000e+00
4.814096e-10 0.000000e+00 0.000000e+00
3.307142e-10 0.000000e+00 0.000000e+00
-2.884027e-10 0.000000e+00 0.000000e+00
-1.172931e-10 0.000000e+00 0.000000e+00
-1.310277e-10 0.000000e+00 0.000000e+00
-2.350675e-10 0.000000e+00 0.000000e+00
-7.413231e-11 0.000000e+00 0.000000e+00
-2.006318e-11 0.000000e+00 0.000000e+00
3.013315e-10 0.000000e+00 0.000000e+00
3.201890e-10 0.000000e+00 0.000000e+00
7.439604e-11 0.000000e+00 0.000000e+00
-2.006211e-10 0.000000e+00 0.000000e+00
-2.925796e-10 0.000000e+00 0.000000e+00
-4.587047e-11 0.000000e+00 0.000000e+00
3.803065e-10 0.000000e+00 0.000000e+00
-9.001938e-11 0.000000e+00 0.000000e+00
-2.896599e-11 0.000000e+00 0.000000e+00
4.955317e-10 0.000000e+00 0.000000e+00
1.046816e-10 0.000000e+00 0.000000e+00
1.161922e-10 0.000000e+00 0.000000e+00
-5.881523e-10 0.000000e+00 0.000000e+00
-5.379588e-11 0.000000e+00 0.000000e+00
9.377980e-11 0.000000e+00 0.000000e+00
-2.025718e-10 0.000000e+00 0.000000e+00
1.765698e-10 0.000000e+00 0.000000e+00
-3.238815e-10 0.000000e+00 0.000000e+00
5.770315e-10 0.000000e+00 0.000000e+00
9.455223e-11 0.000000e+00 0.000000e+00
-2.090072e-11 0.000000e+00 0.000000e+00
-1.161609e-10 0.000000e+00 0.000000e+00
2.170090e-10 0.000000e+00 0.000000e+00
-3.528198e-10 0.000000e+00 0.000000e+00
-1.112526e-10 0.000000e+00 0.000000e+00
-2.610310e-10 0.000000e+00 0.000000e+00
3.818417e-10 0.000000e+00 0.000000e+00
3.213292e-10 0.000000e+00 0.000000e+00
1.997367e-10 0.000000e+00 0.000000e+00
-9.888946e-12 0.000000e+00 0.000000e+00
-2.164696e-12 0.000000e+00 0.000000e+00
-1.612415e-10 0.000000e+00 0.000000e+00
1.431601e-11 0.000000e+00 0.000000e+00
-3.840626e-10 0.000000e+00 0.000000e+00
-5.009688e-10 0.000000e+00 0.000000e+00
9.100918e-11 0.000000e+00 0.000000e+00
6.456800e-11 0.000000e+00 0.000000e+00
2.473650e-10 0.000000e+00 0.000000e+00
-3.123024e-10 0.000000e+00 0.000000e+00
1.623520e-10 0.000000e+00 0.000000e+00
4.304705e-11 0.000000e+00 0.000000e+00
-3.117055e-10 0.000000e+00 0.000000e+00
-6.304106e-11 0.000000e+00 0.000000e+00
-5.624291e-10 0.000000e+00 0.000000e+00
2.936584e-10 0.000000e+00 0.000000e+00
2.585832e-10 0.000000e+00 0.000000e+00
-6.068231e-10 0.000000e+00 0.000000e+00
-2.599148e-10 0.000000e+00 0.000000e+00
1.022086e-10 0.000000e+00 0.000000e+00
2.225566e-10 0.000000e+00 0.000000e+00
-1.684565e-10 0.000000e+00 0.000000e+00
-4.139624e-10 0.000000e+00 0.000000e+00
-1.169908e-10 0.000000e+00 0.000000e+00
-8.705663e-10 0.000000e+00 0.000000e+00
-3.896260e-10 0.000000e+00 0.000000e+00
3.094509e-11 0.000000e+00 0.000000e+00
2.578640e-10 0.000000e+00 0.000000e+00
-5.008205e-10 0.000000e+00 0.000000e+00
7.751405e-11 0.000000e+00 0.000000e+00
9.617501e-11 0.000000e+00 0.000000e+00
-4.222426e-10 0.000000e+00 0.000000e+00
-1.288809e-10 0.000000e+00 0.000000e+00
-2.292085e-10 0.000000e+00 0.000000e+00
2.342429e-11 0.000000e+00 0.000000e+00
-5.808557e-11 0.000000e+00 0.000000e+00
2.752865e-10 0.000000e+00 0.000000e+00
-5.883589e-10 0.000000e+00 0.000000e+00
-2.662510e-10 0.000000e+00 0.000000e+00
-5.111392e-10 0.000000e+00 0.000000e+00
2.907118e-10 0.000000e+00 0.000000e+00
2.726227e-10 0.000000e+00 0.000000e+00
9.079890e-11 0.000000e+00 0.000000e+00
8.780797e-11 0.000000e+00 0.000000e+00
1.899294e-10 0.000000e+00 0.000000e+00
-5.753019e-10 0.000000e+00 0.000000e+00
6.846381e-11 0.000000e+00 0.000000e+00
1.947594e-11 0.000000e+00 0.000000e+00
-1.020835e-10 0.000000e+00 0.000000e+00
2.722263e-10 0.000000e+00 0.000000e+00
1.103660e-10 0.000000e+00 0.000000e+00
-3.316798e-10 0.000000e+00 0.000000e+00
2.199150e-10 0.000000e+00 0.000000e+00
-6.812861e-10 0.000000e+00 0.000000e+00
-8.587075e-10 0.000000e+00 0.000000e+00
-1.110408e-10 0.000000e+00 0.000000e+00
1.548754e-10 0.000000e+00 0.000000e+00
-5.455307e-10 0.000000e+00 0.000000e+00
-1.014570e-09 0.000000e+00 0.000000e+00
1.378681e-10 0.000000e+00 0.000000e+00
1.605875e-10 0.000000e+00 0.000000e+00
2.089105e-10 0.000000e+00 0.000000e+00
1.031377e-10 0.000000e+00 0.000000e+00
9.122679e-11 0.000000e+00 0.000000e+00
-1.101856e-10 0.000000e+00 0.000000e+00
2.677827e-10 0.000000e+00 0.000000e+00
-6.403343e-10 0.000000e+00 0.000000e+00
-5.592577e-11 0.000000e+00 0.000000e+00
1.601853e-10 0.000000e+00 0.000000e+00
-5.181373e-11 0.000000e+00 0.000000e+00
2.595081e-10 0.000000e+00 0.000000e+00
1.832540e-10 0.000000e+00 0.000000e+00
-9.482252e-11 0.000000e+00 0.000000e+00
1.391399e-10 0.000000e+00 0.000000e+00
4.070559e-11 0.000000e+00 0.000000e+00
-2.571225e-10 0.000000e+00 0.000000e+00
2.740060e-10 0.000000e+00 0.000000e+00
-3.608118e-10 0.000000e+00 0.000000e+00
1.973954e-10 0.000000e+00 0.000000e+00
-5.261580e-11 0.000000e+00 0.000000e+00
2.659544e-10 0.000000e+00 0.000000e+00
-1.100959e-09 0.000000e+00 0.000000e+00
-7.037175e-11 0.000000e+00 0.000000e+00
-2.943386e-10 0.000000e+00 0.000000e+00
-1.981128e-12 0.000000e+00 0.000000e+00
2.210259e-10 0.000000e+00 0.000000e+00
-5.108211e-11 0.000000e+00 0.000000e+00
-6.165561e-10 0.000000e+00 0.000000e+00
9.171484e-11 0.000000e+00 0.000000e+00
-8.524860e-11 0.000000e+00 0.000000e+00
-1.266104e-10 0.000000e+00 0.000000e+00
7.070361e-11 0.000000e+00 0.000000e+00
-7.969566e-11 0.000000e+00 0.000000e+00
-1.480661e-10 0.000000e+00 0.000000e+00
-3.432139e-11 0.000000e+00 0.000000e+00
2.483350e-11 0.000000e+00 0.000000e+00
-2.249741e-10 0.000000e+00 0.000000e+00
6.264892e-11 0.000000e+00 0.000000e+00
2.735400e-10 0.000000e+00 0.000000e+00
2.806422e-10 0.000000e+00 0.000000e+00
1.939230e-10 0.000000e+00 0.000000e+00
-2.723432e-10 0.000000e+00 0.000000e+00
-1.197700e-09 0.000000e+00 0.000000e+00
-4.489460e-10 0.000000e+00 0.000000e+00
2.114020e-10 0.000000e+00 0.000000e+00
-3.109644e-10 0.000000e+00 0.000000e+00
-1.015725e-10 0.000000e+00 0.000000e+00
-3.223128e-11 0.000000e+00 0.000000e+00
1.964205e-10 0.000000e+00 0.000000e+00
1.220416e-10 0.000000e+00 0.000000e+00
-1.013461e-09 0.000000e+00 0.000000e+00
-1.289334e-10 0.000000e+00 0.000000e+00
-3.865660e-10 0.000000e+00 0.000000e+00
8.964248e-11 0.000000e+00 0.000000e+00
1.473977e-10 0.000000e+00 0.000000e+00
1.505410e-10 0.000000e+00 0.000000e+00
-1.041409e-10 0.000000e+00 0.000000e+00
8.092923e-11 0.000000e+00 0.000000e+00
-5.738734e-10 0.000000e+00 0.000000e+00
-1.076731e-09 0.000000e+00 0.000000e+00
-2.664975e-10 0.000000e+00 0.000000e+00
-6.990810e-11 0.000000e+00 0.000000e+00
-7.832968e-11 0.000000e+00 0.000000e+00
1.777389e-10 0.000000e+00 0.000000e+00
-4.226095e-10 0.000000e+00 0.000000e+00
-1.498326e-10 0.000000e+00 0.000000e+00
-6.525963e-10 0.000000e+00 0.000000e+00
-7.316422e-10 0.000000e+00 0.000000e+00
2.105668e-11 0.000000e+00 0.000000e+00
-2.946048e-10 0.000000e+00 0.000000e+00
-8.286945e-11 0.000000e+00 0.000000e+00
-1.333148e-09 0.000000e+00 0.000000e+00
-1.635760e-10 0.000000e+00 0.000000e+00
2.057711e-10 0.000000e+00 0.000000e+00
-3.240320e-10 0.000000e+00 0.000000e+00
3.468582e-11 0.000000e+00 0.000000e+00
-2.032701e-10 0.000000e+00 0.000000e+00
1.106741e-10 0.000000e+00 0.000000e+00
-2.586609e-10 0.000000e+00 0.000000e+00
-6.342849e-10 0.000000e+00 0.000000e+00
1.905196e-10 0.000000e+00 0.000000e+00
2.660878e-10 0.000000e+00 0.000000e+00
-3.937327e-10 0.000000e+00 0.000000e+00
-3.601624e-10 0.000000e+00 0.000000e+00
1.669581e-10 0.000000e+00 0.000000e+00
-4.097352e-10 0.000000e+00 0.000000e+00
1.869050e-10 0.000000e+00 0.000000e+00
2.697504e-10 0.000000e+00 0.000000e+00
2.466083e-10 0.000000e+00 0.000000e+00
-2.835288e-10 0.000000e+00 0.000000e+00
-2.412053e-10 0.000000e+00 0.000000e+00
1.304681e-10 0.000000e+00 0.000000e+00
-3.640131e-10 0.000000e+00 0.000000e+00
-7.773945e-11 0.000000e+00 0.000000e+00
9.498459e-11 0.000000e+00 0.000000e+00
2.645366e-10 0.000000e+00 0.000000e+00
-1.521067e-10 0.000000e+00 0.000000e+00
4.150430e-11 0.000000e+00 0.000000e+00
1.610405e-10 0.000000e+00 0.000000e+00
2.890179e-10 0.000000e+00 0.000000e+00
3.882678e-11 0.000000e+00 0.000000e+00
-3.374621e-10 0.000000e+00 0.000000e+00
1.565694e-10 0.000000e+00 0.000000e+00
-4.928066e-10 0.000000e+00 0.000000e+00
2.293791e-10 0.000000e+00 0.000000e+00
2.593907e-10 0.000000e+00 0.000000e+00
-6.863722e-10 0.000000e+00 0.000000e+00
-4.528415e-10 0.000000e+00 0.000000e+00
-2.439048e-10 0.000000e+00 0.000000e+00
8.070172e-11 0.000000e+00 0.000000e+00
2.775505e-10 0.000000e+00 0.000000e+00
-4.516437e-10 0.000000e+00 0.000000e+00
-6.949936e-10 0.000000e+00 0.000000e+00
2.383989e-10 0.000000e+00 0.000000e+00
-7.225513e-10 0.000000e+00 0.000000e+00
1.861646e-10 0.000000e+00 0.000000e+00
-3.635586e-10 0.000000e+00 0.000000e+00
1.874667e-10 0.000000e+00 0.000000e+00
1.788388e-10 0.000000e+00 0.000000e+00
-4.975650e-10 0.000000e+00 0.000000e+00
2.336021e-10 0.000000e+00 0.000000e+00
1.016504e-10 0.000000e+00 0.000000e+00
1.466255e-10 0.000000e+00 0.000000e+00
-5.546390e-10 0.000000e+00 0.000000e+00
-2.993422e-10 0.000000e+00 0.000000e+00
6.576880e-11 0.000000e+00 0.000000e+00
-2.957517e-10 0.000000e+00 0.000000e+00
2.100952e-10 0.000000e+00 0.000000e+00
-3.362721e-10 0.000000e+00 0.000000e+00
1.985836e-11 0.000000e+00 0.000000e+00
-4.536596e-10 0.000000e+00 0.000000e+00
4.956643e-11 0.000000e+00 0.000000e+00
1.122826e-10 0.000000e+00 0.000000e+00
1.818489e-10 0.000000e+00 0.000000e+00
-1.574825e-10 0.000000e+00 0.000000e+00
1.482355e-10 0.000000e+00 0.000000e+00
-3.859501e-11 0.000000e+00 0.000000e+00
-1.505020e-10 0.000000e+00 0.000000e+00
2.581505e-10 0.000000e+00 0.000000e+00
7.751638e-12 0.000000e+00 0.000000e+00
2.437096e-11 0.000000e+00 0.000000e+00
-6.221993e-10 0.000000e+00 0.000000e+00
-6.442426e-10 0.000000e+00 0.000000e+00
1.875792e-10 0.000000e+00 0.000000e+00
-6.168556e-10 0.000000e+00 0.000000e+00
-7.124941e-11 0.000000e+00 0.000000e+00
-3.087248e-10 0.000000e+00 0.000000e+00
-2.252899e-10 0.000000e+00 0.000000e+00
-2.239955e-10 0.000000e+00 0.000000e+00
-4.864236e-10 0.000000e+00 0.000000e+00
-1.551251e-10 0.000000e+00 0.000000e+00
-1.043255e-10 0.000000e+00 0.000000e+00
1.509990e-10 0.000000e+00 0.000000e+00
-1.256968e-09 0.000000e+00 0.000000e+00
-3.978902e-10 0.000000e+00 0.000000e+00
5.969379e-11 0.000000e+00 0.000000e+00
1.995571e-10 0.000000e+00 0.000000e+00
-5.316223e-10 0.000000e+00 0.000000e+00
4.082314e-11 0.000000e+00 0.000000e+00
-1.829693e-10 0.000000e+00 0.000000e+00
-6.125489e-11 0.000000e+00 0.000000e+00
-2.966316e-10 0.000000e+00 0.000000e+00
-1.022669e-09 0.000000e+00 0.000000e+00
-4.949656e-10 0.000000e+00 0.000000e+00
1.420973e-10 0.000000e+00 0.000000e+00
-5.490948e-11 0.000000e+00 0.000000e+00
-2.190167e-11 0.000000e+00 0.000000e+00
6.366644e-11 0.000000e+00 0.000000e+00
8.520464e-11 0.000000e+00 0.000000e+00
1.298093e-10 0.000000e+00 0.000000e+00
-3.259957e-10 0.000000e+00 0.000000e+00
1.361741e-10 0.000000e+00 0.000000e+00
-2.342971e-10 0.000000e+00 0.000000e+00
-3.840904e-10 0.000000e+00 0.000000e+00
9.303417e-12 0.000000e+00 0.000000e+00
2.125522e-11 0.000000e+00 0.000000e+00
-5.656898e-11 0.000000e+00 0.000000e+00
6.794290e-11 0.000000e+00 0.000000e+00
-3.976570e-10 0.000000e+00 0.000000e+00
-7.020123e-11 0.000000e+00 0.000000e+00
1.214077e-10 0.000000e+00 0.000000e+00
2.138904e-11 0.000000e+00 0.000000e+00
2.341144e-10 0.000000e+00 0.000000e+00
-1.034766e-10 0.000000e+00 0.000000e+00
-6.074525e-10 0.000000e+00 0.000000e+00
-1.199215e-11 0.000000e+00 0.000000e+00
-4.364931e-10 0.000000e+00 0.000000e+00
-2.453580e-10 0.000000e+00 0.000000e+00
-7.115723e-10 0.000000e+00 0.000000e+00
-6.080568e-11 0.000000e+00 0.000000e+00
-3.124109e-10 0.000000e+00 0.000000e+00
-1.714427e-10 0.000000e+00 0.000000e+00
-1.367391e-10 0.000000e+00 0.000000e+00
-1.593885e-10 0.000000e+00 0.000000e+00
-1.022246e-10 0.000000e+00 0.000000e+00
-3.036541e-10 0.000000e+00 0.000000e+00
1.598404e-10 0.000000e+00 0.000000e+00
-3.854105e-10 0.000000e+00 0.000000e+00
-4.897875e-11 0.000000e+00 0.000000e+00
-5.652956e-10 0.000000e+00 0.000000e+00
2.477221e-10 0.000000e+00 0.000000e+00
1.546178e-10 0.000000e+00 0.000000e+00
1.491071e-10 0.000000e+00 0.000000e+00
1.017515e-10 0.000000e+00 0.000000e+00
2.205634e-10 0.000000e+00 0.000000e+00
2.375847e-10 0.000000e+00 0.000000e+00
-1.770927e-10 0.000000e+00 0.000000e+00
-3.107534e-10 0.000000e+00 0.000000e+00
-2.827289e-10 0.000000e+00 0.000000e+00
-1.674570e-10 0.000000e+00 0.000000e+00
-1.899078e-10 0.000000e+00 0.000000e+00
-5.319327e-10 0.000000e+00 0.000000e+00
-2.736095e-10 0.000000e+00 0.000000e+00
-1.933689e-10 0.000000e+00 0.000000e+00
-7.221848e-12 0.000000e+00 0.000000e+00
-9.001347e-11 0.000000e+00 0.000000e+00
1.338697e-10 0.000000e+00 0.000000e+00
-1.493282e-10 0.000000e+00 0.000000e+00
