pX pY pZ 
-4.169454e-14 0.000000e+00 0.000000e+00
1.352779e-13 0.000000e+00 0.000000e+00
-1.005717e-13 0.000000e+00 0.000000e+00
-5.873007e-14 0.000000e+00 0.000000e+00
-1.817307e-13 0.000000e+00 0.000000e+00
-1.364864e-13 0.000000e+00 0.000000e+00
2.966132e-13 0.000000e+00 0.000000e+00
-4.055410e-13 0.000000e+00 0.000000e+00
-3.649943e-14 0.000000e+00 0.000000e+00
9.634901e-14 0.000000e+00 0.000000e+00
-5.203480e-14 0.000000e+00 0.000000e+00
9.996412e-14 0.000000e+00 0.000000e+00
-2.565951e-13 0.000000e+00 0.000000e+00
1.216317e-13 0.000000e+00 0.000000e+00
-9.171194e-14 0.000000e+00 0.000000e+00
3.427424e-14 0.000000e+00 0.000000e+00
2.823075e-13 0.000000e+00 0.000000e+00
-2.321784e-14 0.000000e+00 0.000000e+00
3.866058e-14 0.000000e+00 0.000000e+00
-1.860618e-13 0.000000e+00 0.000000e+00
3.498139e-13 0.000000e+00 0.000000e+00
2.878881e-14 0.000000e+00 0.000000e+00
2.341399e-13 0.000000e+00 0.000000e+00
-4.116912e-14 0.000000e+00 0.000000e+00
6.061584e-14 0.000000e+00 0.000000e+00
5.230370e-13 0.000000e+00 0.000000e+00
-2.349583e-13 0.000000e+00 0.000000e+00
2.951921e-13 0.000000e+00 0.000000e+00
6.567698e-14 0.000000e+00 0.000000e+00
1.780682e-13 0.000000e+00 0.000000e+00
-1.545496e-13 0.000000e+00 0.000000e+00
4.530904e-15 0.000000e+00 0.000000e+00
-1.838317e-13 0.000000e+00 0.000000e+00
1.968520e-14 0.000000e+00 0.000000e+00
-6.899610e-14 0.000000e+00 0.000000e+00
-7.391298e-14 0.000000e+00 0.000000e+00
-3.425934e-13 0.000000e+00 0.000000e+00
8.905817e-14 0.000000e+00 0.000000e+00
-8.879223e-15 0.000000e+00 0.000000e+00
7.989808e-14 0.000000e+00 0.000000e+00
2.603670e-13 0.000000e+00 0.000000e+00
-2.659533e-14 0.000000e+00 0.000000e+00
6.284495e-14 0.000000e+00 0.000000e+00
6.507843e-15 0.000000e+00 0.000000e+00
4.022118e-15 0.000000e+00 0.000000e+00
-3.160218e-14 0.000000e+00 0.000000e+00
-1.206245e-13 0.000000e+00 0.000000e+00
-2.309447e-14 0.000000e+00 0.000000e+00
-6.517922e-14 0.000000e+00 0.000000e+00
-2.679083e-14 0.000000e+00 0.000000e+00
-7.175594e-14 0.000000e+00 0.000000e+00
-1.831764e-13 0.000000e+00 0.000000e+00
2.736241e-13 0.000000e+00 0.000000e+00
-1.577727e-13 0.000000e+00 0.000000e+00
-1.612133e-13 0.000000e+00 0.000000e+00
-7.929160e-14 0.000000e+00 0.000000e+00
-5.239513e-14 0.000000e+00 0.000000e+00
-2.635262e-13 0.000000e+00 0.000000e+00
6.642734e-14 0.000000e+00 0.000000e+00
-6.372687e-14 0.000000e+00 0.000000e+00
-2.846443e-13 0.000000e+00 0.000000e+00
2.213731e-13 0.000000e+00 0.000000e+00
1.100074e-13 0.000000e+00 0.000000e+00
-1.329681e-13 0.000000e+00 0.000000e+00
-7.874487e-14 0.000000e+00 0.000000e+00
-1.666898e-13 0.000000e+00 0.000000e+00
-1.350292e-13 0.000000e+00 0.000000e+00
-9.852753e-14 0.000000e+00 0.000000e+00
3.073285e-13 0.000000e+00 0.000000e+00
-1.292942e-14 0.000000e+00 0.000000e+00
-1.152764e-13 0.000000e+00 0.000000e+00
-3.119210e-13 0.000000e+00 0.000000e+00
-1.807209e-14 0.000000e+00 0.000000e+00
-2.081169e-13 0.000000e+00 0.000000e+00
2.728991e-13 0.000000e+00 0.000000e+00
2.220288e-13 0.000000e+00 0.000000e+00
7.909820e-14 0.000000e+00 0.000000e+00
-3.117507e-13 0.000000e+00 0.000000e+00
-1.028089e-13 0.000000e+00 0.000000e+00
3.703950e-14 0.000000e+00 0.000000e+00
-3.064352e-13 0.000000e+00 0.000000e+00
-2.239967e-14 0.000000e+00 0.000000e+00
3.641051e-14 0.000000e+00 0.000000e+00
6.683757e-14 0.000000e+00 0.000000e+00
1.698093e-13 0.000000e+00 0.000000e+00
-2.362724e-13 0.000000e+00 0.000000e+00
-7.275815e-14 0.000000e+00 0.000000e+00
-2.415485e-13 0.000000e+00 0.000000e+00
-8.153538e-14 0.000000e+00 0.000000e+00
2.087237e-13 0.000000e+00 0.000000e+00
2.120124e-15 0.000000e+00 0.000000e+00
-1.832187e-14 0.000000e+00 0.000000e+00
2.854380e-14 0.000000e+00 0.000000e+00
4.215472e-14 0.000000e+00 0.000000e+00
3.966932e-14 0.000000e+00 0.000000e+00
4.251555e-14 0.000000e+00 0.000000e+00
1.029960e-13 0.000000e+00 0.000000e+00
2.536875e-14 0.000000e+00 0.000000e+00
1.377993e-13 0.000000e+00 0.000000e+00
-1.636508e-13 0.000000e+00 0.000000e+00
-8.236550e-14 0.000000e+00 0.000000e+00
-1.603082e-13 0.000000e+00 0.000000e+00
-1.144510e-13 0.000000e+00 0.000000e+00
-3.417294e-13 0.000000e+00 0.000000e+00
-1.176407e-13 0.000000e+00 0.000000e+00
1.301320e-13 0.000000e+00 0.000000e+00
-5.050530e-13 0.000000e+00 0.000000e+00
6.099883e-14 0.000000e+00 0.000000e+00
-2.817469e-14 0.000000e+00 0.000000e+00
-1.169513e-13 0.000000e+00 0.000000e+00
2.303441e-13 0.000000e+00 0.000000e+00
1.341193e-13 0.000000e+00 0.000000e+00
-2.425726e-13 0.000000e+00 0.000000e+00
-7.750375e-14 0.000000e+00 0.000000e+00
2.029047e-13 0.000000e+00 0.000000e+00
2.384914e-13 0.000000e+00 0.000000e+00
6.453980e-14 0.000000e+00 0.000000e+00
-1.679482e-13 0.000000e+00 0.000000e+00
-1.101687e-13 0.000000e+00 0.000000e+00
1.071024e-14 0.000000e+00 0.000000e+00
-1.380320e-13 0.000000e+00 0.000000e+00
-4.106215e-14 0.000000e+00 0.000000e+00
-3.784875e-14 0.000000e+00 0.000000e+00
2.606778e-14 0.000000e+00 0.000000e+00
-7.563576e-14 0.000000e+00 0.000000e+00
-2.121915e-15 0.000000e+00 0.000000e+00
1.958323e-13 0.000000e+00 0.000000e+00
-1.428298e-13 0.000000e+00 0.000000e+00
-6.655157e-14 0.000000e+00 0.000000e+00
6.271545e-14 0.000000e+00 0.000000e+00
-3.171366e-13 0.000000e+00 0.000000e+00
-8.295762e-14 0.000000e+00 0.000000e+00
-1.294733e-14 0.000000e+00 0.000000e+00
1.203561e-13 0.000000e+00 0.000000e+00
-1.558850e-13 0.000000e+00 0.000000e+00
5.025804e-14 0.000000e+00 0.000000e+00
1.571802e-14 0.000000e+00 0.000000e+00
1.417745e-13 0.000000e+00 0.000000e+00
-1.038650e-13 0.000000e+00 0.000000e+00
5.360267e-14 0.000000e+00 0.000000e+00
8.505908e-14 0.000000e+00 0.000000e+00
2.789263e-13 0.000000e+00 0.000000e+00
-1.197399e-13 0.000000e+00 0.000000e+00
-1.043025e-13 0.000000e+00 0.000000e+00
9.098114e-14 0.000000e+00 0.000000e+00
-2.312174e-13 0.000000e+00 0.000000e+00
1.410736e-14 0.000000e+00 0.000000e+00
-1.770785e-13 0.000000e+00 0.000000e+00
1.657135e-13 0.000000e+00 0.000000e+00
-2.400381e-14 0.000000e+00 0.000000e+00
-2.964282e-13 0.000000e+00 0.000000e+00
-5.246867e-14 0.000000e+00 0.000000e+00
2.347925e-13 0.000000e+00 0.000000e+00
9.388894e-14 0.000000e+00 0.000000e+00
-2.951547e-13 0.000000e+00 0.000000e+00
-1.008910e-13 0.000000e+00 0.000000e+00
-2.893161e-13 0.000000e+00 0.000000e+00
1.019511e-13 0.000000e+00 0.000000e+00
-5.508631e-14 0.000000e+00 0.000000e+00
1.409328e-14 0.000000e+00 0.000000e+00
1.119014e-13 0.000000e+00 0.000000e+00
1.632504e-13 0.000000e+00 0.000000e+00
5.976988e-14 0.000000e+00 0.000000e+00
-1.107485e-13 0.000000e+00 0.000000e+00
6.540521e-14 0.000000e+00 0.000000e+00
-3.169117e-14 0.000000e+00 0.000000e+00
1.083797e-13 0.000000e+00 0.000000e+00
2.337251e-13 0.000000e+00 0.000000e+00
-2.089382e-13 0.000000e+00 0.000000e+00
2.766596e-13 0.000000e+00 0.000000e+00
7.201212e-14 0.000000e+00 0.000000e+00
5.325641e-14 0.000000e+00 0.000000e+00
1.268558e-13 0.000000e+00 0.000000e+00
-3.651476e-14 0.000000e+00 0.000000e+00
-2.415022e-13 0.000000e+00 0.000000e+00
-2.681369e-13 0.000000e+00 0.000000e+00
3.682900e-13 0.000000e+00 0.000000e+00
1.703617e-14 0.000000e+00 0.000000e+00
2.737315e-14 0.000000e+00 0.000000e+00
-2.116939e-14 0.000000e+00 0.000000e+00
-1.985306e-13 0.000000e+00 0.000000e+00
2.114383e-13 0.000000e+00 0.000000e+00
2.371134e-13 0.000000e+00 0.000000e+00
-7.414164e-14 0.000000e+00 0.000000e+00
6.249582e-14 0.000000e+00 0.000000e+00
6.142623e-14 0.000000e+00 0.000000e+00
-1.290022e-13 0.000000e+00 0.000000e+00
-4.560110e-14 0.000000e+00 0.000000e+00
1.219266e-13 0.000000e+00 0.000000e+00
9.080191e-14 0.000000e+00 0.000000e+00
-1.721134e-13 0.000000e+00 0.000000e+00
1.163574e-14 0.000000e+00 0.000000e+00
1.337563e-13 0.000000e+00 0.000000e+00
-1.849230e-13 0.000000e+00 0.000000e+00
-1.922881e-13 0.000000e+00 0.000000e+00
-3.919149e-14 0.000000e+00 0.000000e+00
-3.690388e-14 0.000000e+00 0.000000e+00
1.017737e-13 0.000000e+00 0.000000e+00
-1.541247e-14 0.000000e+00 0.000000e+00
1.736062e-14 0.000000e+00 0.000000e+00
-1.810446e-13 0.000000e+00 0.000000e+00
-1.668223e-14 0.000000e+00 0.000000e+00
-9.393452e-14 0.000000e+00 0.000000e+00
-1.620988e-13 0.000000e+00 0.000000e+00
-4.399992e-14 0.000000e+00 0.000000e+00
-9.284325e-14 0.000000e+00 0.000000e+00
1.173832e-13 0.000000e+00 0.000000e+00
9.174690e-14 0.000000e+00 0.000000e+00
-2.224119e-14 0.000000e+00 0.000000e+00
-4.260278e-14 0.000000e+00 0.000000e+00
-3.258378e-15 0.000000e+00 0.000000e+00
-1.257532e-13 0.000000e+00 0.000000e+00
1.083624e-13 0.000000e+00 0.000000e+00
-2.672696e-13 0.000000e+00 0.000000e+00
8.149985e-14 0.000000e+00 0.000000e+00
-9.850186e-14 0.000000e+00 0.000000e+00
7.822314e-14 0.000000e+00 0.000000e+00
2.263553e-14 0.000000e+00 0.000000e+00
1.285785e-13 0.000000e+00 0.000000e+00
-1.811402e-13 0.000000e+00 0.000000e+00
4.639935e-14 0.000000e+00 0.000000e+00
-5.331024e-14 0.000000e+00 0.000000e+00
-1.127693e-13 0.000000e+00 0.000000e+00
-2.341291e-14 0.000000e+00 0.000000e+00
-5.959809e-14 0.000000e+00 0.000000e+00
8.493121e-14 0.000000e+00 0.000000e+00
-1.810892e-13 0.000000e+00 0.000000e+00
-1.030167e-14 0.000000e+00 0.000000e+00
-1.801348e-13 0.000000e+00 0.000000e+00
1.100730e-13 0.000000e+00 0.000000e+00
-3.446010e-15 0.000000e+00 0.000000e+00
1.353759e-13 0.000000e+00 0.000000e+00
-1.399619e-13 0.000000e+00 0.000000e+00
-1.239993e-13 0.000000e+00 0.000000e+00
-1.317956e-13 0.000000e+00 0.000000e+00
1.855008e-13 0.000000e+00 0.000000e+00
-2.461646e-13 0.000000e+00 0.000000e+00
1.233194e-13 0.000000e+00 0.000000e+00
9.571639e-14 0.000000e+00 0.000000e+00
2.928172e-13 0.000000e+00 0.000000e+00
2.393893e-13 0.000000e+00 0.000000e+00
4.851561e-14 0.000000e+00 0.000000e+00
-3.457259e-14 0.000000e+00 0.000000e+00
2.943966e-14 0.000000e+00 0.000000e+00
-6.817923e-14 0.000000e+00 0.000000e+00
-1.602633e-13 0.000000e+00 0.000000e+00
-9.305470e-15 0.000000e+00 0.000000e+00
-1.297843e-13 0.000000e+00 0.000000e+00
-9.246661e-14 0.000000e+00 0.000000e+00
1.401976e-13 0.000000e+00 0.000000e+00
9.010824e-14 0.000000e+00 0.000000e+00
1.757370e-13 0.000000e+00 0.000000e+00
-1.456620e-13 0.000000e+00 0.000000e+00
1.486718e-14 0.000000e+00 0.000000e+00
1.785015e-13 0.000000e+00 0.000000e+00
-9.416325e-14 0.000000e+00 0.000000e+00
-2.173631e-13 0.000000e+00 0.000000e+00
3.746000e-13 0.000000e+00 0.000000e+00
-2.153265e-13 0.000000e+00 0.000000e+00
1.707565e-13 0.000000e+00 0.000000e+00
3.878299e-14 0.000000e+00 0.000000e+00
3.555860e-13 0.000000e+00 0.000000e+00
2.516149e-14 0.000000e+00 0.000000e+00
-7.059531e-14 0.000000e+00 0.000000e+00
1.614615e-13 0.000000e+00 0.000000e+00
-9.505461e-14 0.000000e+00 0.000000e+00
-2.492251e-13 0.000000e+00 0.000000e+00
9.059712e-14 0.000000e+00 0.000000e+00
-1.899832e-13 0.000000e+00 0.000000e+00
2.037024e-13 0.000000e+00 0.000000e+00
1.772073e-13 0.000000e+00 0.000000e+00
2.140986e-13 0.000000e+00 0.000000e+00
5.808183e-14 0.000000e+00 0.000000e+00
3.000189e-14 0.000000e+00 0.000000e+00
2.952959e-14 0.000000e+00 0.000000e+00
-2.257944e-14 0.000000e+00 0.000000e+00
-1.345442e-13 0.000000e+00 0.000000e+00
7.231054e-14 0.000000e+00 0.000000e+00
5.984297e-14 0.000000e+00 0.000000e+00
1.340923e-13 0.000000e+00 0.000000e+00
1.534505e-13 0.000000e+00 0.000000e+00
1.783880e-13 0.000000e+00 0.000000e+00
1.339115e-13 0.000000e+00 0.000000e+00
9.587188e-14 0.000000e+00 0.000000e+00
-5.692625e-14 0.000000e+00 0.000000e+00
1.719680e-13 0.000000e+00 0.000000e+00
-6.320267e-14 0.000000e+00 0.000000e+00
1.936281e-13 0.000000e+00 0.000000e+00
1.767758e-13 0.000000e+00 0.000000e+00
-3.040029e-13 0.000000e+00 0.000000e+00
5.117880e-14 0.000000e+00 0.000000e+00
-8.411587e-15 0.000000e+00 0.000000e+00
2.903499e-13 0.000000e+00 0.000000e+00
3.431339e-13 0.000000e+00 0.000000e+00
2.323697e-13 0.000000e+00 0.000000e+00
2.201501e-13 0.000000e+00 0.000000e+00
-1.266700e-13 0.000000e+00 0.000000e+00
-7.443092e-14 0.000000e+00 0.000000e+00
5.197643e-14 0.000000e+00 0.000000e+00
-2.038664e-13 0.000000e+00 0.000000e+00
-3.639503e-13 0.000000e+00 0.000000e+00
1.961512e-13 0.000000e+00 0.000000e+00
9.053193e-14 0.000000e+00 0.000000e+00
7.011880e-14 0.000000e+00 0.000000e+00
3.835087e-13 0.000000e+00 0.000000e+00
7.250938e-14 0.000000e+00 0.000000e+00
8.513809e-14 0.000000e+00 0.000000e+00
2.783654e-13 0.000000e+00 0.000000e+00
2.151160e-14 0.000000e+00 0.000000e+00
7.462699e-14 0.000000e+00 0.000000e+00
1.575851e-13 0.000000e+00 0.000000e+00
4.650343e-14 0.000000e+00 0.000000e+00
-1.945521e-13 0.000000e+00 0.000000e+00
1.651611e-13 0.000000e+00 0.000000e+00
6.709410e-14 0.000000e+00 0.000000e+00
-8.958183e-15 0.000000e+00 0.000000e+00
-1.350534e-14 0.000000e+00 0.000000e+00
-2.370359e-13 0.000000e+00 0.000000e+00
-2.570734e-13 0.000000e+00 0.000000e+00
2.489200e-15 0.000000e+00 0.000000e+00
-5.394838e-14 0.000000e+00 0.000000e+00
4.307469e-13 0.000000e+00 0.000000e+00
-8.523809e-14 0.000000e+00 0.000000e+00
-3.711037e-14 0.000000e+00 0.000000e+00
-1.057786e-13 0.000000e+00 0.000000e+00
-8.360524e-14 0.000000e+00 0.000000e+00
-4.243506e-14 0.000000e+00 0.000000e+00
-7.894806e-14 0.000000e+00 0.000000e+00
1.051021e-13 0.000000e+00 0.000000e+00
2.520664e-13 0.000000e+00 0.000000e+00
2.717823e-13 0.000000e+00 0.000000e+00
1.748737e-13 0.000000e+00 0.000000e+00
4.163179e-14 0.000000e+00 0.000000e+00
-1.054028e-13 0.000000e+00 0.000000e+00
-7.898506e-14 0.000000e+00 0.000000e+00
2.609840e-13 0.000000e+00 0.000000e+00
-2.060303e-13 0.000000e+00 0.000000e+00
-1.823656e-13 0.000000e+00 0.000000e+00
1.492788e-13 0.000000e+00 0.000000e+00
-1.437844e-13 0.000000e+00 0.000000e+00
-1.758568e-13 0.000000e+00 0.000000e+00
-8.458114e-14 0.000000e+00 0.000000e+00
1.079980e-13 0.000000e+00 0.000000e+00
-1.092837e-13 0.000000e+00 0.000000e+00
-2.779451e-15 0.000000e+00 0.000000e+00
1.135825e-13 0.000000e+00 0.000000e+00
-3.184413e-14 0.000000e+00 0.000000e+00
4.640313e-14 0.000000e+00 0.000000e+00
-4.795157e-14 0.000000e+00 0.000000e+00
-1.204391e-14 0.000000e+00 0.000000e+00
-1.472088e-13 0.000000e+00 0.000000e+00
-5.263369e-14 0.000000e+00 0.000000e+00
2.038559e-13 0.000000e+00 0.000000e+00
4.943086e-15 0.000000e+00 0.000000e+00
-2.046601e-13 0.000000e+00 0.000000e+00
6.922568e-15 0.000000e+00 0.000000e+00
2.297346e-14 0.000000e+00 0.000000e+00
-1.058912e-13 0.000000e+00 0.000000e+00
-2.862361e-14 0.000000e+00 0.000000e+00
-1.222374e-13 0.000000e+00 0.000000e+00
4.731975e-14 0.000000e+00 0.000000e+00
7.619648e-14 0.000000e+00 0.000000e+00
4.127619e-13 0.000000e+00 0.000000e+00
7.660353e-14 0.000000e+00 0.000000e+00
-2.067540e-13 0.000000e+00 0.000000e+00
-7.178462e-14 0.000000e+00 0.000000e+00
3.212569e-13 0.000000e+00 0.000000e+00
1.021402e-14 0.000000e+00 0.000000e+00
-2.785072e-13 0.000000e+00 0.000000e+00
1.386403e-14 0.000000e+00 0.000000e+00
1.324211e-13 0.000000e+00 0.000000e+00
-2.724177e-13 0.000000e+00 0.000000e+00
-1.510613e-14 0.000000e+00 0.000000e+00
-2.367510e-13 0.000000e+00 0.000000e+00
4.041760e-15 0.000000e+00 0.000000e+00
-2.894333e-14 0.000000e+00 0.000000e+00
9.901454e-14 0.000000e+00 0.000000e+00
1.267813e-13 0.000000e+00 0.000000e+00
-3.041005e-13 0.000000e+00 0.000000e+00
-1.881785e-13 0.000000e+00 0.000000e+00
-8.807299e-14 0.000000e+00 0.000000e+00
2.001922e-14 0.000000e+00 0.000000e+00
5.227748e-14 0.000000e+00 0.000000e+00
-2.788304e-13 0.000000e+00 0.000000e+00
2.459401e-13 0.000000e+00 0.000000e+00
4.886298e-14 0.000000e+00 0.000000e+00
-8.694814e-14 0.000000e+00 0.000000e+00
2.418689e-13 0.000000e+00 0.000000e+00
-1.153794e-13 0.000000e+00 0.000000e+00
-4.031308e-14 0.000000e+00 0.000000e+00
1.512944e-13 0.000000e+00 0.000000e+00
-7.495295e-14 0.000000e+00 0.000000e+00
-9.381687e-14 0.000000e+00 0.000000e+00
2.881328e-14 0.000000e+00 0.000000e+00
-1.591274e-13 0.000000e+00 0.000000e+00
1.009428e-13 0.000000e+00 0.000000e+00
1.823769e-13 0.000000e+00 0.000000e+00
-1.576466e-13 0.000000e+00 0.000000e+00
5.061813e-13 0.000000e+00 0.000000e+00
-1.289137e-13 0.000000e+00 0.000000e+00
1.764687e-13 0.000000e+00 0.000000e+00
-3.481498e-14 0.000000e+00 0.000000e+00
-9.289018e-14 0.000000e+00 0.000000e+00
-9.289668e-14 0.000000e+00 0.000000e+00
-3.728988e-13 0.000000e+00 0.000000e+00
-1.503326e-14 0.000000e+00 0.000000e+00
-1.383239e-13 0.000000e+00 0.000000e+00
-1.180202e-13 0.000000e+00 0.000000e+00
3.882940e-15 0.000000e+00 0.000000e+00
-3.562242e-15 0.000000e+00 0.000000e+00
2.459911e-13 0.000000e+00 0.000000e+00
1.283350e-13 0.000000e+00 0.000000e+00
4.458122e-13 0.000000e+00 0.000000e+00
9.388037e-14 0.000000e+00 0.000000e+00
1.034984e-13 0.000000e+00 0.000000e+00
8.975775e-14 0.000000e+00 0.000000e+00
2.069778e-13 0.000000e+00 0.000000e+00
6.126937e-14 0.000000e+00 0.000000e+00
-1.916454e-13 0.000000e+00 0.000000e+00
-6.171097e-14 0.000000e+00 0.000000e+00
-9.276082e-14 0.000000e+00 0.000000e+00
-2.046990e-13 0.000000e+00 0.000000e+00
-7.381418e-15 0.000000e+00 0.000000e+00
1.221474e-13 0.000000e+00 0.000000e+00
-1.888609e-14 0.000000e+00 0.000000e+00
2.064816e-13 0.000000e+00 0.000000e+00
-1.757523e-13 0.000000e+00 0.000000e+00
-2.223772e-13 0.000000e+00 0.000000e+00
2.524103e-13 0.000000e+00 0.000000e+00
8.143012e-14 0.000000e+00 0.000000e+00
4.716766e-14 0.000000e+00 0.000000e+00
3.274645e-14 0.000000e+00 0.000000e+00
3.905499e-13 0.000000e+00 0.000000e+00
-1.325140e-13 0.000000e+00 0.000000e+00
1.547313e-14 0.000000e+00 0.000000e+00
1.039139e-13 0.000000e+00 0.000000e+00
8.619279e-14 0.000000e+00 0.000000e+00
-8.598899e-14 0.000000e+00 0.000000e+00
-2.127906e-13 0.000000e+00 0.000000e+00
-1.745881e-13 0.000000e+00 0.000000e+00
3.544974e-14 0.000000e+00 0.000000e+00
-8.881929e-14 0.000000e+00 0.000000e+00
-1.478714e-13 0.000000e+00 0.000000e+00
1.733383e-13 0.000000e+00 0.000000e+00
2.946614e-14 0.000000e+00 0.000000e+00
-2.439214e-13 0.000000e+00 0.000000e+00
-8.708890e-14 0.000000e+00 0.000000e+00
-4.048471e-13 0.000000e+00 0.000000e+00
-9.270806e-14 0.000000e+00 0.000000e+00
7.835889e-14 0.000000e+00 0.000000e+00
-1.658451e-13 0.000000e+00 0.000000e+00
1.361969e-13 0.000000e+00 0.000000e+00
-7.845491e-14 0.000000e+00 0.000000e+00
-9.906992e-14 0.000000e+00 0.000000e+00
-2.733738e-15 0.000000e+00 0.000000e+00
2.242466e-15 0.000000e+00 0.000000e+00
1.645003e-13 0.000000e+00 0.000000e+00
1.709185e-13 0.000000e+00 0.000000e+00
5.170403e-14 0.000000e+00 0.000000e+00
-3.003530e-13 0.000000e+00 0.000000e+00
-3.165073e-13 0.000000e+00 0.000000e+00
1.693903e-13 0.000000e+00 0.000000e+00
-8.407036e-14 0.000000e+00 0.000000e+00
2.564394e-14 0.000000e+00 0.000000e+00
-9.049506e-14 0.000000e+00 0.000000e+00
1.355509e-14 0.000000e+00 0.000000e+00
-1.888891e-14 0.000000e+00 0.000000e+00
1.458758e-13 0.000000e+00 0.000000e+00
-1.152670e-13 0.000000e+00 0.000000e+00
7.864720e-14 0.000000e+00 0.000000e+00
1.697104e-14 0.000000e+00 0.000000e+00
2.722937e-13 0.000000e+00 0.000000e+00
1.357011e-13 0.000000e+00 0.000000e+00
4.974243e-14 0.000000e+00 0.000000e+00
-6.100833e-14 0.000000e+00 0.000000e+00
4.484567e-15 0.000000e+00 0.000000e+00
-1.563710e-15 0.000000e+00 0.000000e+00
-4.970482e-14 0.000000e+00 0.000000e+00
8.224608e-14 0.000000e+00 0.000000e+00
-3.578282e-13 0.000000e+00 0.000000e+00
6.145607e-14 0.000000e+00 0.000000e+00
-1.550547e-15 0.000000e+00 0.000000e+00
-9.684102e-14 0.000000e+00 0.000000e+00
-1.645595e-13 0.000000e+00 0.000000e+00
8.601640e-14 0.000000e+00 0.000000e+00
-2.031544e-13 0.000000e+00 0.000000e+00
-3.605036e-14 0.000000e+00 0.000000e+00
-4.710485e-14 0.000000e+00 0.000000e+00
-1.219033e-13 0.000000e+00 0.000000e+00
-2.750015e-13 0.000000e+00 0.000000e+00
1.984722e-13 0.000000e+00 0.000000e+00
-3.583977e-13 0.000000e+00 0.000000e+00
1.877953e-13 0.000000e+00 0.000000e+00
-1.746100e-13 0.000000e+00 0.000000e+00
2.258017e-15 0.000000e+00 0.000000e+00
-6.123396e-14 0.000000e+00 0.000000e+00
-6.946790e-14 0.000000e+00 0.000000e+00
2.341301e-13 0.000000e+00 0.000000e+00
2.346777e-13 0.000000e+00 0.000000e+00
7.336178e-15 0.000000e+00 0.000000e+00
1.525912e-13 0.000000e+00 0.000000e+00
-1.146991e-14 0.000000e+00 0.000000e+00
-1.328153e-13 0.000000e+00 0.000000e+00
-3.445641e-14 0.000000e+00 0.000000e+00
-1.429179e-13 0.000000e+00 0.000000e+00
-1.280070e-13 0.000000e+00 0.000000e+00
-9.302796e-14 0.000000e+00 0.000000e+00
-1.672680e-13 0.000000e+00 0.000000e+00
1.591714e-13 0.000000e+00 0.000000e+00
1.089249e-13 0.000000e+00 0.000000e+00
3.502298e-13 0.000000e+00 0.000000e+00
7.282133e-14 0.000000e+00 0.000000e+00
-3.175894e-13 0.000000e+00 0.000000e+00
5.514890e-14 0.000000e+00 0.000000e+00
-8.065392e-14 0.000000e+00 0.000000e+00
-3.576163e-14 0.000000e+00 0.000000e+00
-4.519507e-14 0.000000e+00 0.000000e+00
5.902235e-13 0.000000e+00 0.000000e+00
-3.633618e-14 0.000000e+00 0.000000e+00
2.992180e-14 0.000000e+00 0.000000e+00
4.878643e-14 0.000000e+00 0.000000e+00
-1.091110e-13 0.000000e+00 0.000000e+00
1.664889e-13 0.000000e+00 0.000000e+00
-1.777054e-14 0.000000e+00 0.000000e+00
1.863854e-13 0.000000e+00 0.000000e+00
1.980188e-13 0.000000e+00 0.000000e+00
1.353955e-13 0.000000e+00 0.000000e+00
-1.266488e-13 0.000000e+00 0.000000e+00
1.507710e-13 0.000000e+00 0.000000e+00
2.522218e-13 0.000000e+00 0.000000e+00
-9.310028e-14 0.000000e+00 0.000000e+00
-7.182546e-14 0.000000e+00 0.000000e+00
2.452174e-13 0.000000e+00 0.000000e+00
-5.419922e-14 0.000000e+00 0.000000e+00
8.853565e-14 0.000000e+00 0.000000e+00
1.224098e-13 0.000000e+00 0.000000e+00
-2.438399e-13 0.000000e+00 0.000000e+00
1.569610e-13 0.000000e+00 0.000000e+00
5.499633e-14 0.000000e+00 0.000000e+00
1.750797e-13 0.000000e+00 0.000000e+00
-1.656782e-13 0.000000e+00 0.000000e+00
-1.478909e-13 0.000000e+00 0.000000e+00
-3.655368e-13 0.000000e+00 0.000000e+00
-4.480901e-14 0.000000e+00 0.000000e+00
1.530310e-13 0.000000e+00 0.000000e+00
2.435434e-13 0.000000e+00 0.000000e+00
-1.555029e-13 0.000000e+00 0.000000e+00
2.842464e-13 0.000000e+00 0.000000e+00
1.313533e-13 0.000000e+00 0.000000e+00
4.713315e-14 0.000000e+00 0.000000e+00
-1.646030e-13 0.000000e+00 0.000000e+00
-1.668710e-13 0.000000e+00 0.000000e+00
-2.801084e-13 0.000000e+00 0.000000e+00
2.170876e-13 0.000000e+00 0.000000e+00
2.120146e-13 0.000000e+00 0.000000e+00
3.893267e-13 0.000000e+00 0.000000e+00
3.033644e-14 0.000000e+00 0.000000e+00
1.793735e-13 0.000000e+00 0.000000e+00
3.467686e-14 0.000000e+00 0.000000e+00
3.227815e-15 0.000000e+00 0.000000e+00
1.656935e-13 0.000000e+00 0.000000e+00
-6.899442e-14 0.000000e+00 0.000000e+00
1.784168e-13 0.000000e+00 0.000000e+00
-1.033382e-13 0.000000e+00 0.000000e+00
1.505493e-13 0.000000e+00 0.000000e+00
4.137549e-16 0.000000e+00 0.000000e+00
1.326674e-13 0.000000e+00 0.000000e+00
-3.930529e-14 0.000000e+00 0.000000e+00
-5.201726e-14 0.000000e+00 0.000000e+00
-5.441805e-14 0.000000e+00 0.000000e+00
1.502926e-13 0.000000e+00 0.000000e+00
-5.516315e-13 0.000000e+00 0.000000e+00
2.678997e-13 0.000000e+00 0.000000e+00
-2.061767e-13 0.000000e+00 0.000000e+00
-3.375304e-15 0.000000e+00 0.000000e+00
2.295361e-13 0.000000e+00 0.000000e+00
-3.692154e-13 0.000000e+00 0.000000e+00
9.550970e-14 0.000000e+00 0.000000e+00
4.472336e-14 0.000000e+00 0.000000e+00
-2.565748e-14 0.000000e+00 0.000000e+00
1.378061e-13 0.000000e+00 0.000000e+00
3.412862e-13 0.000000e+00 0.000000e+00
-1.369259e-13 0.000000e+00 0.000000e+00
7.369232e-14 0.000000e+00 0.000000e+00
3.519888e-15 0.000000e+00 0.000000e+00
4.255651e-14 0.000000e+00 0.000000e+00
-8.145506e-14 0.000000e+00 0.000000e+00
3.167321e-13 0.000000e+00 0.000000e+00
-1.323393e-13 0.000000e+00 0.000000e+00
7.967601e-14 0.000000e+00 0.000000e+00
-3.479481e-14 0.000000e+00 0.000000e+00
2.692919e-13 0.000000e+00 0.000000e+00
-5.047284e-15 0.000000e+00 0.000000e+00
-1.850888e-14 0.000000e+00 0.000000e+00
3.031742e-14 0.000000e+00 0.000000e+00
2.431633e-14 0.000000e+00 0.000000e+00
2.512615e-13 0.000000e+00 0.000000e+00
-4.860556e-14 0.000000e+00 0.000000e+00
-5.377779e-14 0.000000e+00 0.000000e+00
-1.726534e-13 0.000000e+00 0.000000e+00
7.832528e-14 0.000000e+00 0.000000e+00
-1.436997e-13 0.000000e+00 0.000000e+00
-1.180618e-13 0.000000e+00 0.000000e+00
-1.773677e-13 0.000000e+00 0.000000e+00
2.714560e-14 0.000000e+00 0.000000e+00
-2.877320e-13 0.000000e+00 0.000000e+00
-2.112626e-14 0.000000e+00 0.000000e+00
2.043797e-13 0.000000e+00 0.000000e+00
9.075425e-14 0.000000e+00 0.000000e+00
-2.454120e-13 0.000000e+00 0.000000e+00
2.539518e-13 0.000000e+00 0.000000e+00
-1.400262e-13 0.000000e+00 0.000000e+00
-2.999379e-13 0.000000e+00 0.000000e+00
-1.772115e-14 0.000000e+00 0.000000e+00
-1.308950e-13 0.000000e+00 0.000000e+00
2.736236e-13 0.000000e+00 0.000000e+00
8.228484e-15 0.000000e+00 0.000000e+00
-1.312247e-13 0.000000e+00 0.000000e+00
1.150268e-13 0.000000e+00 0.000000e+00
-1.997837e-13 0.000000e+00 0.000000e+00
-2.392782e-13 0.000000e+00 0.000000e+00
1.596381e-13 0.000000e+00 0.000000e+00
-9.903146e-14 0.000000e+00 0.000000e+00
8.993958e-14 0.000000e+00 0.000000e+00
-3.632557e-13 0.000000e+00 0.000000e+00
2.537410e-15 0.000000e+00 0.000000e+00
-1.168644e-13 0.000000e+00 0.000000e+00
1.129956e-13 0.000000e+00 0.000000e+00
3.620581e-13 0.000000e+00 0.000000e+00
4.521810e-14 0.000000e+00 0.000000e+00
2.995485e-13 0.000000e+00 0.000000e+00
-2.782955e-13 0.000000e+00 0.000000e+00
-1.575864e-13 0.000000e+00 0.000000e+00
1.350925e-13 0.000000e+00 0.000000e+00
-1.600098e-13 0.000000e+00 0.000000e+00
2.575857e-13 0.000000e+00 0.000000e+00
-2.046419e-13 0.000000e+00 0.000000e+00
1.963172e-13 0.000000e+00 0.000000e+00
1.179530e-13 0.000000e+00 0.000000e+00
-2.421179e-13 0.000000e+00 0.000000e+00
7.589807e-14 0.000000e+00 0.000000e+00
-5.884418e-14 0.000000e+00 0.000000e+00
-1.396170e-15 0.000000e+00 0.000000e+00
-2.242361e-13 0.000000e+00 0.000000e+00
4.579439e-14 0.000000e+00 0.000000e+00
1.542943e-13 0.000000e+00 0.000000e+00
2.397352e-13 0.000000e+00 0.000000e+00
2.102481e-13 0.000000e+00 0.000000e+00
1.528491e-13 0.000000e+00 0.000000e+00
-1.430612e-13 0.000000e+00 0.000000e+00
2.257953e-13 0.000000e+00 0.000000e+00
6.638896e-14 0.000000e+00 0.000000e+00
-1.626660e-13 0.000000e+00 0.000000e+00
2.633557e-13 0.000000e+00 0.000000e+00
-6.075195e-15 0.000000e+00 0.000000e+00
-4.756799e-14 0.000000e+00 0.000000e+00
-2.012394e-13 0.000000e+00 0.000000e+00
1.788223e-13 0.000000e+00 0.000000e+00
9.433053e-14 0.000000e+00 0.000000e+00
-1.981971e-13 0.000000e+00 0.000000e+00
1.750005e-13 0.000000e+00 0.000000e+00
-1.644428e-13 0.000000e+00 0.000000e+00
1.696376e-13 0.000000e+00 0.000000e+00
1.518512e-13 0.000000e+00 0.000000e+00
-9.066017e-14 0.000000e+00 0.000000e+00
1.247197e-13 0.000000e+00 0.000000e+00
3.454505e-14 0.000000e+00 0.000000e+00
1.691860e-13 0.000000e+00 0.000000e+00
-6.626738e-14 0.000000e+00 0.000000e+00
-2.350555e-13 0.000000e+00 0.000000e+00
7.062061e-14 0.000000e+00 0.000000e+00
4.640545e-14 0.000000e+00 0.000000e+00
1.811306e-13 0.000000e+00 0.000000e+00
-2.141044e-14 0.000000e+00 0.000000e+00
-9.962533e-14 0.000000e+00 0.000000e+00
-8.372905e-14 0.000000e+00 0.000000e+00
4.777380e-13 0.000000e+00 0.000000e+00
5.778299e-14 0.000000e+00 0.000000e+00
2.392435e-13 0.000000e+00 0.000000e+00
1.169422e-14 0.000000e+00 0.000000e+00
-6.519267e-14 0.000000e+00 0.000000e+00
-2.573221e-13 0.000000e+00 0.000000e+00
-3.429950e-14 0.000000e+00 0.000000e+00
1.211156e-13 0.000000e+00 0.000000e+00
-1.644625e-13 0.000000e+00 0.000000e+00
-1.106347e-13 0.000000e+00 0.000000e+00
2.784109e-13 0.000000e+00 0.000000e+00
1.569452e-13 0.000000e+00 0.000000e+00
-6.529726e-14 0.000000e+00 0.000000e+00
4.017044e-14 0.000000e+00 0.000000e+00
-1.410180e-13 0.000000e+00 0.000000e+00
-2.252707e-13 0.000000e+00 0.000000e+00
-3.694098e-13 0.000000e+00 0.000000e+00
-2.061550e-13 0.000000e+00 0.000000e+00
9.955001e-14 0.000000e+00 0.000000e+00
-2.285270e-13 0.000000e+00 0.000000e+00
-1.474798e-14 0.000000e+00 0.000000e+00
1.586154e-14 0.000000e+00 0.000000e+00
-8.822036e-14 0.000000e+00 0.000000e+00
-9.334365e-14 0.000000e+00 0.000000e+00
1.107471e-13 0.000000e+00 0.000000e+00
7.540223e-14 0.000000e+00 0.000000e+00
9.854175e-14 0.000000e+00 0.000000e+00
-5.911028e-15 0.000000e+00 0.000000e+00
-2.030759e-13 0.000000e+00 0.000000e+00
-2.439149e-13 0.000000e+00 0.000000e+00
-8.860517e-14 0.000000e+00 0.000000e+00
-1.994917e-13 0.000000e+00 0.000000e+00
2.944807e-14 0.000000e+00 0.000000e+00
2.672676e-13 0.000000e+00 0.000000e+00
3.339381e-13 0.000000e+00 0.000000e+00
4.175932e-13 0.000000e+00 0.000000e+00
3.329269e-14 0.000000e+00 0.000000e+00
1.850794e-13 0.000000e+00 0.000000e+00
-5.260281e-14 0.000000e+00 0.000000e+00
-5.140964e-14 0.000000e+00 0.000000e+00
3.051455e-13 0.000000e+00 0.000000e+00
-1.273248e-13 0.000000e+00 0.000000e+00
4.603009e-14 0.000000e+00 0.000000e+00
-1.139223e-15 0.000000e+00 0.000000e+00
3.515413e-14 0.000000e+00 0.000000e+00
7.402794e-14 0.000000e+00 0.000000e+00
-4.484576e-14 0.000000e+00 0.000000e+00
-1.475974e-13 0.000000e+00 0.000000e+00
-7.846050e-14 0.000000e+00 0.000000e+00
-5.729486e-14 0.000000e+00 0.000000e+00
-7.922830e-14 0.000000e+00 0.000000e+00
1.773327e-15 0.000000e+00 0.000000e+00
-2.424763e-13 0.000000e+00 0.000000e+00
2.901096e-14 0.000000e+00 0.000000e+00
9.985393e-14 0.000000e+00 0.000000e+00
2.916176e-13 0.000000e+00 0.000000e+00
-1.428607e-13 0.000000e+00 0.000000e+00
-2.590347e-14 0.000000e+00 0.000000e+00
1.549978e-13 0.000000e+00 0.000000e+00
7.877345e-14 0.000000e+00 0.000000e+00
1.325945e-13 0.000000e+00 0.000000e+00
1.753567e-13 0.000000e+00 0.000000e+00
3.397180e-15 0.000000e+00 0.000000e+00
-1.111533e-13 0.000000e+00 0.000000e+00
-2.828990e-13 0.000000e+00 0.000000e+00
-3.486580e-13 0.000000e+00 0.000000e+00
1.952420e-13 0.000000e+00 0.000000e+00
4.378995e-14 0.000000e+00 0.000000e+00
-8.050114e-14 0.000000e+00 0.000000e+00
1.052173e-13 0.000000e+00 0.000000e+00
1.008261e-13 0.000000e+00 0.000000e+00
2.160555e-13 0.000000e+00 0.000000e+00
8.628753e-14 0.000000e+00 0.000000e+00
-4.352528e-14 0.000000e+00 0.000000e+00
3.455088e-15 0.000000e+00 0.000000e+00
2.742767e-13 0.000000e+00 0.000000e+00
-1.447039e-13 0.000000e+00 0.000000e+00
1.984714e-14 0.000000e+00 0.000000e+00
5.547615e-14 0.000000e+00 0.000000e+00
-2.000125e-13 0.000000e+00 0.000000e+00
-1.194006e-13 0.000000e+00 0.000000e+00
-2.551018e-14 0.000000e+00 0.000000e+00
3.242484e-13 0.000000e+00 0.000000e+00
1.338562e-13 0.000000e+00 0.000000e+00
1.016905e-13 0.000000e+00 0.000000e+00
3.144536e-13 0.000000e+00 0.000000e+00
-1.147548e-13 0.000000e+00 0.000000e+00
2.195913e-13 0.000000e+00 0.000000e+00
5.943674e-14 0.000000e+00 0.000000e+00
-2.029678e-13 0.000000e+00 0.000000e+00
-1.430268e-13 0.000000e+00 0.000000e+00
-1.880123e-13 0.000000e+00 0.000000e+00
-2.391406e-13 0.000000e+00 0.000000e+00
-1.654656e-14 0.000000e+00 0.000000e+00
4.885287e-14 0.000000e+00 0.000000e+00
-4.356580e-14 0.000000e+00 0.000000e+00
-9.946415e-14 0.000000e+00 0.000000e+00
-2.267865e-15 0.000000e+00 0.000000e+00
1.124896e-13 0.000000e+00 0.000000e+00
-1.016348e-14 0.000000e+00 0.000000e+00
-1.672168e-13 0.000000e+00 0.000000e+00
-1.672555e-13 0.000000e+00 0.000000e+00
-1.352306e-13 0.000000e+00 0.000000e+00
-1.648545e-14 0.000000e+00 0.000000e+00
-3.074222e-14 0.000000e+00 0.000000e+00
-1.094576e-13 0.000000e+00 0.000000e+00
2.967246e-14 0.000000e+00 0.000000e+00
-2.696582e-13 0.000000e+00 0.000000e+00
1.614539e-13 0.000000e+00 0.000000e+00
-2.296243e-13 0.000000e+00 0.000000e+00
-5.752063e-15 0.000000e+00 0.000000e+00
-1.075957e-13 0.000000e+00 0.000000e+00
-9.706750e-14 0.000000e+00 0.000000e+00
-1.322863e-13 0.000000e+00 0.000000e+00
1.952761e-13 0.000000e+00 0.000000e+00
3.532306e-13 0.000000e+00 0.000000e+00
-2.284345e-14 0.000000e+00 0.000000e+00
-5.181607e-14 0.000000e+00 0.000000e+00
-7.142456e-14 0.000000e+00 0.000000e+00
1.114657e-13 0.000000e+00 0.000000e+00
2.245377e-14 0.000000e+00 0.000000e+00
4.846877e-15 0.000000e+00 0.000000e+00
-1.556816e-13 0.000000e+00 0.000000e+00
3.872496e-14 0.000000e+00 0.000000e+00
-2.995467e-13 0.000000e+00 0.000000e+00
-4.488286e-14 0.000000e+00 0.000000e+00
1.248303e-13 0.000000e+00 0.000000e+00
1.227841e-13 0.000000e+00 0.000000e+00
7.349623e-14 0.000000e+00 0.000000e+00
-1.998854e-13 0.000000e+00 0.000000e+00
-8.280063e-14 0.000000e+00 0.000000e+00
6.197900e-14 0.000000e+00 0.000000e+00
6.401966e-14 0.000000e+00 0.000000e+00
-1.065169e-13 0.000000e+00 0.000000e+00
-8.015487e-14 0.000000e+00 0.000000e+00
-1.403255e-13 0.000000e+00 0.000000e+00
-1.257401e-13 0.000000e+00 0.000000e+00
-1.435395e-13 0.000000e+00 0.000000e+00
2.079176e-13 0.000000e+00 0.000000e+00
2.919175e-13 0.000000e+00 0.000000e+00
9.965367e-14 0.000000e+00 0.000000e+00
4.530004e-14 0.000000e+00 0.000000e+00
7.009603e-15 0.000000e+00 0.000000e+00
-2.974582e-14 0.000000e+00 0.000000e+00
-9.122534e-14 0.000000e+00 0.000000e+00
2.027658e-15 0.000000e+00 0.000000e+00
-2.210701e-13 0.000000e+00 0.000000e+00
-1.774514e-13 0.000000e+00 0.000000e+00
-2.088311e-13 0.000000e+00 0.000000e+00
-2.036570e-13 0.000000e+00 0.000000e+00
1.362859e-14 0.000000e+00 0.000000e+00
-3.707102e-13 0.000000e+00 0.000000e+00
3.351048e-13 0.000000e+00 0.000000e+00
-1.890935e-13 0.000000e+00 0.000000e+00
-5.045181e-14 0.000000e+00 0.000000e+00
5.956203e-14 0.000000e+00 0.000000e+00
-1.460026e-13 0.000000e+00 0.000000e+00
-1.039691e-13 0.000000e+00 0.000000e+00
-2.847075e-14 0.000000e+00 0.000000e+00
3.365653e-14 0.000000e+00 0.000000e+00
-1.403106e-13 0.000000e+00 0.000000e+00
-6.155955e-14 0.000000e+00 0.000000e+00
4.360566e-14 0.000000e+00 0.000000e+00
-1.313476e-13 0.000000e+00 0.000000e+00
3.239784e-14 0.000000e+00 0.000000e+00
9.710344e-14 0.000000e+00 0.000000e+00
-1.199070e-14 0.000000e+00 0.000000e+00
-4.219235e-13 0.000000e+00 0.000000e+00
-1.806786e-13 0.000000e+00 0.000000e+00
-1.571864e-13 0.000000e+00 0.000000e+00
1.139829e-13 0.000000e+00 0.000000e+00
-3.865878e-13 0.000000e+00 0.000000e+00
1.064753e-13 0.000000e+00 0.000000e+00
-1.740956e-14 0.000000e+00 0.000000e+00
-7.655297e-14 0.000000e+00 0.000000e+00
2.438126e-13 0.000000e+00 0.000000e+00
1.096670e-13 0.000000e+00 0.000000e+00
1.130666e-13 0.000000e+00 0.000000e+00
-8.802690e-15 0.000000e+00 0.000000e+00
-2.728386e-13 0.000000e+00 0.000000e+00
-1.804200e-13 0.000000e+00 0.000000e+00
8.750420e-14 0.000000e+00 0.000000e+00
-1.702476e-13 0.000000e+00 0.000000e+00
1.380820e-13 0.000000e+00 0.000000e+00
-1.565295e-13 0.000000e+00 0.000000e+00
1.662162e-13 0.000000e+00 0.000000e+00
7.818374e-14 0.000000e+00 0.000000e+00
-4.781442e-13 0.000000e+00 0.000000e+00
-2.843420e-14 0.000000e+00 0.000000e+00
-9.579418e-14 0.000000e+00 0.000000e+00
1.463570e-14 0.000000e+00 0.000000e+00
-1.205974e-13 0.000000e+00 0.000000e+00
-5.629151e-14 0.000000e+00 0.000000e+00
-3.103546e-13 0.000000e+00 0.000000e+00
-3.073581e-14 0.000000e+00 0.000000e+00
-1.284375e-13 0.000000e+00 0.000000e+00
6.471865e-14 0.000000e+00 0.000000e+00
-1.632564e-13 0.000000e+00 0.000000e+00
-2.251365e-14 0.000000e+00 0.000000e+00
-1.520306e-13 0.000000e+00 0.000000e+00
2.139422e-14 0.000000e+00 0.000000e+00
3.716350e-13 0.000000e+00 0.000000e+00
2.310766e-13 0.000000e+00 0.000000e+00
9.291205e-14 0.000000e+00 0.000000e+00
