FX FY FZ 
-6.603599e-10 0.000000e+00 0.000000e+00
1.230539e-10 0.000000e+00 0.000000e+00
1.346475e-10 0.000000e+00 0.000000e+00
-7.829929e-12 0.000000e+00 0.000000e+00
-1.175611e-10 0.000000e+00 0.000000e+00
2.518082e-10 0.000000e+00 0.000000e+00
-2.485097e-10 0.000000e+00 0.000000e+00
-2.860432e-10 0.000000e+00 0.000000e+00
-1.459680e-10 0.000000e+00 0.000000e+00
2.463720e-10 0.000000e+00 0.000000e+00
-1.331029e-11 0.000000e+00 0.000000e+00
6.618008e-11 0.000000e+00 0.000000e+00
6.230148e-10 0.000000e+00 0.000000e+00
-1.256140e-10 0.000000e+00 0.000000e+00
-2.237484e-10 0.000000e+00 0.000000e+00
4.775471e-10 0.000000e+00 0.000000e+00
-8.005869e-10 0.000000e+00 0.000000e+00
5.678112e-11 0.000000e+00 0.000000e+00
3.805950e-10 0.000000e+00 0.000000e+00
3.489166e-11 0.000000e+00 0.000000e+00
-2.013603e-10 0.000000e+00 0.000000e+00
4.081207e-10 0.000000e+00 0.000000e+00
2.924977e-10 0.000000e+00 0.000000e+00
3.142088e-10 0.000000e+00 0.000000e+00
-1.949630e-10 0.000000e+00 0.000000e+00
-1.248050e-10 0.000000e+00 0.000000e+00
6.307179e-10 0.000000e+00 0.000000e+00
-3.708069e-10 0.000000e+00 0.000000e+00
-1.136581e-09 0.000000e+00 0.000000e+00
4.848068e-10 0.000000e+00 0.000000e+00
8.780552e-11 0.000000e+00 0.000000e+00
8.632951e-11 0.000000e+00 0.000000e+00
-6.007985e-10 0.000000e+00 0.000000e+00
4.689862e-10 0.000000e+00 0.000000e+00
4.741847e-10 0.000000e+00 0.000000e+00
3.226389e-10 0.000000e+00 0.000000e+00
-8.984427e-11 0.000000e+00 0.000000e+00
1.896007e-10 0.000000e+00 0.000000e+00
-2.845563e-11 0.000000e+00 0.000000e+00
-1.553801e-10 0.000000e+00 0.000000e+00
5.018147e-11 0.000000e+00 0.000000e+00
-6.057940e-10 0.000000e+00 0.000000e+00
2.945023e-10 0.000000e+00 0.000000e+00
-7.094129e-10 0.000000e+00 0.000000e+00
-3.999468e-10 0.000000e+00 0.000000e+00
-5.858419e-10 0.000000e+00 0.000000e+00
2.471078e-10 0.000000e+00 0.000000e+00
-4.705010e-10 0.000000e+00 0.000000e+00
-4.281791e-10 0.000000e+00 0.000000e+00
-3.841968e-10 0.000000e+00 0.000000e+00
-7.140110e-11 0.000000e+00 0.000000e+00
-8.768928e-10 0.000000e+00 0.000000e+00
3.991168e-10 0.000000e+00 0.000000e+00
3.967214e-10 0.000000e+00 0.000000e+00
-4.770749e-11 0.000000e+00 0.000000e+00
2.446567e-10 0.000000e+00 0.000000e+00
3.276437e-11 0.000000e+00 0.000000e+00
1.424954e-11 0.000000e+00 0.000000e+00
-3.387380e-10 0.000000e+00 0.000000e+00
9.326065e-11 0.000000e+00 0.000000e+00
-4.715774e-10 0.000000e+00 0.000000e+00
3.979171e-10 0.000000e+00 0.000000e+00
1.603102e-10 0.000000e+00 0.000000e+00
2.395449e-10 0.000000e+00 0.000000e+00
-4.562423e-10 0.000000e+00 0.000000e+00
-1.013240e-10 0.000000e+00 0.000000e+00
-1.946336e-10 0.000000e+00 0.000000e+00
9.270975e-11 0.000000e+00 0.000000e+00
-4.300663e-10 0.000000e+00 0.000000e+00
6.466074e-11 0.000000e+00 0.000000e+00
-2.994847e-11 0.000000e+00 0.000000e+00
4.141257e-10 0.000000e+00 0.000000e+00
-3.435083e-10 0.000000e+00 0.000000e+00
-4.275756e-10 0.000000e+00 0.000000e+00
2.061629e-10 0.000000e+00 0.000000e+00
2.434285e-10 0.000000e+00 0.000000e+00
2.757720e-10 0.000000e+00 0.000000e+00
3.797070e-10 0.000000e+00 0.000000e+00
3.010913e-10 0.000000e+00 0.000000e+00
-6.922944e-11 0.000000e+00 0.000000e+00
-4.309075e-10 0.000000e+00 0.000000e+00
4.609642e-10 0.000000e+00 0.000000e+00
-5.217389e-11 0.000000e+00 0.000000e+00
1.983351e-10 0.000000e+00 0.000000e+00
-6.247831e-10 0.000000e+00 0.000000e+00
-3.470262e-11 0.000000e+00 0.000000e+00
3.768503e-11 0.000000e+00 0.000000e+00
-3.850812e-10 0.000000e+00 0.000000e+00
2.309079e-10 0.000000e+00 0.000000e+00
1.515275e-10 0.000000e+00 0.000000e+00
-2.611162e-10 0.000000e+00 0.000000e+00
-3.042621e-10 0.000000e+00 0.000000e+00
4.281343e-10 0.000000e+00 0.000000e+00
1.917775e-12 0.000000e+00 0.000000e+00
-3.342898e-10 0.000000e+00 0.000000e+00
1.027773e-10 0.000000e+00 0.000000e+00
-1.205421e-10 0.000000e+00 0.000000e+00
2.402166e-10 0.000000e+00 0.000000e+00
-1.734610e-10 0.000000e+00 0.000000e+00
2.179463e-10 0.000000e+00 0.000000e+00
-6.171898e-10 0.000000e+00 0.000000e+00
1.157863e-10 0.000000e+00 0.000000e+00
-2.792574e-10 0.000000e+00 0.000000e+00
4.721050e-10 0.000000e+00 0.000000e+00
8.871222e-11 0.000000e+00 0.000000e+00
6.100734e-10 0.000000e+00 0.000000e+00
-3.720858e-10 0.000000e+00 0.000000e+00
5.692729e-10 0.000000e+00 0.000000e+00
-2.605878e-10 0.000000e+00 0.000000e+00
-2.717513e-11 0.000000e+00 0.000000e+00
2.049513e-10 0.000000e+00 0.000000e+00
2.530276e-10 0.000000e+00 0.000000e+00
5.530573e-10 0.000000e+00 0.000000e+00
3.258336e-10 0.000000e+00 0.000000e+00
-4.513890e-11 0.000000e+00 0.000000e+00
8.776871e-11 0.000000e+00 0.000000e+00
-3.171829e-10 0.000000e+00 0.000000e+00
-5.076722e-12 0.000000e+00 0.000000e+00
1.698578e-10 0.000000e+00 0.000000e+00
5.736175e-10 0.000000e+00 0.000000e+00
1.665507e-10 0.000000e+00 0.000000e+00
-1.478152e-10 0.000000e+00 0.000000e+00
5.389843e-10 0.000000e+00 0.000000e+00
-9.454820e-11 0.000000e+00 0.000000e+00
3.206772e-10 0.000000e+00 0.000000e+00
7.270571e-11 0.000000e+00 0.000000e+00
1.406144e-10 0.000000e+00 0.000000e+00
2.651975e-10 0.000000e+00 0.000000e+00
8.705580e-11 0.000000e+00 0.000000e+00
-1.353665e-10 0.000000e+00 0.000000e+00
1.198163e-10 0.000000e+00 0.000000e+00
-1.651369e-10 0.000000e+00 0.000000e+00
-2.682221e-10 0.000000e+00 0.000000e+00
4.031330e-10 0.000000e+00 0.000000e+00
4.047842e-11 0.000000e+00 0.000000e+00
9.294896e-11 0.000000e+00 0.000000e+00
3.619164e-11 0.000000e+00 0.000000e+00
4.338711e-11 0.000000e+00 0.000000e+00
3.151736e-12 0.000000e+00 0.000000e+00
4.829039e-10 0.000000e+00 0.000000e+00
-2.272426e-10 0.000000e+00 0.000000e+00
-8.405968e-11 0.000000e+00 0.000000e+00
6.080572e-10 0.000000e+00 0.000000e+00
-2.670355e-10 0.000000e+00 0.000000e+00
1.194924e-10 0.000000e+00 0.000000e+00
1.891962e-10 0.000000e+00 0.000000e+00
-3.552954e-10 0.000000e+00 0.000000e+00
-4.471671e-10 0.000000e+00 0.000000e+00
-4.831823e-10 0.000000e+00 0.000000e+00
-3.619937e-10 0.000000e+00 0.000000e+00
7.159078e-12 0.000000e+00 0.000000e+00
1.264265e-10 0.000000e+00 0.000000e+00
1.934182e-10 0.000000e+00 0.000000e+00
-2.196262e-13 0.000000e+00 0.000000e+00
-4.423041e-10 0.000000e+00 0.000000e+00
3.312679e-11 0.000000e+00 0.000000e+00
-9.957542e-11 0.000000e+00 0.000000e+00
-3.814245e-10 0.000000e+00 0.000000e+00
9.058031e-11 0.000000e+00 0.000000e+00
1.276942e-10 0.000000e+00 0.000000e+00
8.144832e-11 0.000000e+00 0.000000e+00
1.578333e-10 0.000000e+00 0.000000e+00
4.808551e-10 0.000000e+00 0.000000e+00
3.565019e-10 0.000000e+00 0.000000e+00
-4.467579e-11 0.000000e+00 0.000000e+00
-5.057646e-10 0.000000e+00 0.000000e+00
6.260057e-11 0.000000e+00 0.000000e+00
3.538159e-10 0.000000e+00 0.000000e+00
5.048604e-10 0.000000e+00 0.000000e+00
3.536315e-11 0.000000e+00 0.000000e+00
2.573648e-10 0.000000e+00 0.000000e+00
-7.484798e-11 0.000000e+00 0.000000e+00
2.127890e-10 0.000000e+00 0.000000e+00
-4.186261e-12 0.000000e+00 0.000000e+00
-2.410348e-10 0.000000e+00 0.000000e+00
4.855588e-10 0.000000e+00 0.000000e+00
2.875627e-10 0.000000e+00 0.000000e+00
-3.061404e-10 0.000000e+00 0.000000e+00
-4.672711e-10 0.000000e+00 0.000000e+00
6.258222e-10 0.000000e+00 0.000000e+00
1.640707e-10 0.000000e+00 0.000000e+00
2.683569e-11 0.000000e+00 0.000000e+00
-2.997787e-10 0.000000e+00 0.000000e+00
2.774190e-10 0.000000e+00 0.000000e+00
1.491616e-10 0.000000e+00 0.000000e+00
3.221464e-10 0.000000e+00 0.000000e+00
-1.939565e-10 0.000000e+00 0.000000e+00
2.206193e-10 0.000000e+00 0.000000e+00
1.359075e-10 0.000000e+00 0.000000e+00
6.727471e-11 0.000000e+00 0.000000e+00
2.544852e-11 0.000000e+00 0.000000e+00
1.575397e-10 0.000000e+00 0.000000e+00
2.663310e-10 0.000000e+00 0.000000e+00
2.561690e-10 0.000000e+00 0.000000e+00
4.799428e-10 0.000000e+00 0.000000e+00
-8.570776e-11 0.000000e+00 0.000000e+00
-2.444249e-10 0.000000e+00 0.000000e+00
-2.569075e-10 0.000000e+00 0.000000e+00
1.389090e-10 0.000000e+00 0.000000e+00
2.655556e-10 0.000000e+00 0.000000e+00
1.025658e-10 0.000000e+00 0.000000e+00
4.731631e-11 0.000000e+00 0.000000e+00
-4.722327e-10 0.000000e+00 0.000000e+00
-1.474328e-10 0.000000e+00 0.000000e+00
2.919217e-10 0.000000e+00 0.000000e+00
1.607536e-10 0.000000e+00 0.000000e+00
1.681691e-10 0.000000e+00 0.000000e+00
5.191718e-11 0.000000e+00 0.000000e+00
1.386429e-10 0.000000e+00 0.000000e+00
5.018166e-10 0.000000e+00 0.000000e+00
2.886937e-10 0.000000e+00 0.000000e+00
3.712683e-10 0.000000e+00 0.000000e+00
2.809613e-10 0.000000e+00 0.000000e+00
-6.358340e-12 0.000000e+00 0.000000e+00
2.796668e-12 0.000000e+00 0.000000e+00
1.028035e-10 0.000000e+00 0.000000e+00
-9.393640e-11 0.000000e+00 0.000000e+00
2.613810e-10 0.000000e+00 0.000000e+00
-4.235140e-13 0.000000e+00 0.000000e+00
-4.456796e-10 0.000000e+00 0.000000e+00
-1.864519e-10 0.000000e+00 0.000000e+00
-4.238027e-10 0.000000e+00 0.000000e+00
-2.343989e-10 0.000000e+00 0.000000e+00
-8.005336e-11 0.000000e+00 0.000000e+00
1.324552e-10 0.000000e+00 0.000000e+00
9.202669e-11 0.000000e+00 0.000000e+00
2.381482e-10 0.000000e+00 0.000000e+00
-4.154398e-10 0.000000e+00 0.000000e+00
-1.515479e-10 0.000000e+00 0.000000e+00
-3.684432e-10 0.000000e+00 0.000000e+00
-3.543277e-10 0.000000e+00 0.000000e+00
5.662551e-10 0.000000e+00 0.000000e+00
5.798439e-10 0.000000e+00 0.000000e+00
8.319209e-11 0.000000e+00 0.000000e+00
6.728165e-11 0.000000e+00 0.000000e+00
-3.490946e-10 0.000000e+00 0.000000e+00
2.818385e-11 0.000000e+00 0.000000e+00
4.307771e-11 0.000000e+00 0.000000e+00
1.376440e-10 0.000000e+00 0.000000e+00
-2.193237e-10 0.000000e+00 0.000000e+00
5.886433e-10 0.000000e+00 0.000000e+00
1.839046e-10 0.000000e+00 0.000000e+00
4.119164e-10 0.000000e+00 0.000000e+00
-3.751007e-11 0.000000e+00 0.000000e+00
-3.231154e-10 0.000000e+00 0.000000e+00
6.075113e-11 0.000000e+00 0.000000e+00
-3.256141e-11 0.000000e+00 0.000000e+00
-4.929710e-10 0.000000e+00 0.000000e+00
1.058656e-10 0.000000e+00 0.000000e+00
1.307255e-10 0.000000e+00 0.000000e+00
-1.728703e-10 0.000000e+00 0.000000e+00
3.824726e-10 0.000000e+00 0.000000e+00
5.138546e-10 0.000000e+00 0.000000e+00
1.598698e-10 0.000000e+00 0.000000e+00
-4.622465e-10 0.000000e+00 0.000000e+00
4.784073e-10 0.000000e+00 0.000000e+00
4.701354e-10 0.000000e+00 0.000000e+00
4.915041e-11 0.000000e+00 0.000000e+00
-4.016562e-10 0.000000e+00 0.000000e+00
-1.657937e-10 0.000000e+00 0.000000e+00
-4.572635e-10 0.000000e+00 0.000000e+00
1.812798e-10 0.000000e+00 0.000000e+00
-2.421736e-10 0.000000e+00 0.000000e+00
3.534770e-10 0.000000e+00 0.000000e+00
-3.301412e-10 0.000000e+00 0.000000e+00
-2.527794e-10 0.000000e+00 0.000000e+00
2.302026e-10 0.000000e+00 0.000000e+00
-7.226722e-11 0.000000e+00 0.000000e+00
5.821974e-10 0.000000e+00 0.000000e+00
-2.431176e-10 0.000000e+00 0.000000e+00
2.389736e-10 0.000000e+00 0.000000e+00
4.317690e-10 0.000000e+00 0.000000e+00
1.208554e-10 0.000000e+00 0.000000e+00
1.975877e-11 0.000000e+00 0.000000e+00
2.819665e-10 0.000000e+00 0.000000e+00
-5.399145e-10 0.000000e+00 0.000000e+00
4.868378e-10 0.000000e+00 0.000000e+00
1.580069e-10 0.000000e+00 0.000000e+00
1.748122e-10 0.000000e+00 0.000000e+00
5.190982e-10 0.000000e+00 0.000000e+00
2.322827e-10 0.000000e+00 0.000000e+00
4.316847e-10 0.000000e+00 0.000000e+00
-8.864555e-11 0.000000e+00 0.000000e+00
3.012442e-10 0.000000e+00 0.000000e+00
-2.636125e-10 0.000000e+00 0.000000e+00
1.713067e-10 0.000000e+00 0.000000e+00
3.111337e-10 0.000000e+00 0.000000e+00
-2.233311e-10 0.000000e+00 0.000000e+00
-2.119670e-10 0.000000e+00 0.000000e+00
2.143880e-10 0.000000e+00 0.000000e+00
2.196524e-11 0.000000e+00 0.000000e+00
3.877416e-10 0.000000e+00 0.000000e+00
-1.473802e-10 0.000000e+00 0.000000e+00
1.665300e-10 0.000000e+00 0.000000e+00
2.879810e-11 0.000000e+00 0.000000e+00
-3.745413e-10 0.000000e+00 0.000000e+00
5.639434e-11 0.000000e+00 0.000000e+00
5.061495e-10 0.000000e+00 0.000000e+00
-2.066537e-10 0.000000e+00 0.000000e+00
3.972710e-11 0.000000e+00 0.000000e+00
3.627013e-10 0.000000e+00 0.000000e+00
-6.006538e-11 0.000000e+00 0.000000e+00
9.091789e-11 0.000000e+00 0.000000e+00
3.055028e-10 0.000000e+00 0.000000e+00
4.462109e-10 0.000000e+00 0.000000e+00
-4.970638e-10 0.000000e+00 0.000000e+00
-4.613315e-10 0.000000e+00 0.000000e+00
-1.650895e-10 0.000000e+00 0.000000e+00
-3.212059e-10 0.000000e+00 0.000000e+00
-4.541987e-11 0.000000e+00 0.000000e+00
4.332811e-10 0.000000e+00 0.000000e+00
-1.037034e-10 0.000000e+00 0.000000e+00
-1.311560e-10 0.000000e+00 0.000000e+00
3.434104e-10 0.000000e+00 0.000000e+00
-2.852385e-10 0.000000e+00 0.000000e+00
2.409637e-10 0.000000e+00 0.000000e+00
-2.761068e-10 0.000000e+00 0.000000e+00
7.118491e-11 0.000000e+00 0.000000e+00
2.164702e-10 0.000000e+00 0.000000e+00
5.622784e-10 0.000000e+00 0.000000e+00
-2.501862e-10 0.000000e+00 0.000000e+00
-1.628872e-11 0.000000e+00 0.000000e+00
1.811827e-10 0.000000e+00 0.000000e+00
5.606901e-10 0.000000e+00 0.000000e+00
4.552422e-10 0.000000e+00 0.000000e+00
-8.068060e-11 0.000000e+00 0.000000e+00
3.588992e-10 0.000000e+00 0.000000e+00
4.792980e-11 0.000000e+00 0.000000e+00
-4.953007e-10 0.000000e+00 0.000000e+00
3.340746e-10 0.000000e+00 0.000000e+00
4.806113e-10 0.000000e+00 0.000000e+00
-1.969554e-10 0.000000e+00 0.000000e+00
4.476011e-11 0.000000e+00 0.000000e+00
2.530848e-10 0.000000e+00 0.000000e+00
-3.682046e-10 0.000000e+00 0.000000e+00
-2.810454e-10 0.000000e+00 0.000000e+00
7.407598e-11 0.000000e+00 0.000000e+00
1.185398e-10 0.000000e+00 0.000000e+00
-4.343624e-10 0.000000e+00 0.000000e+00
-3.714610e-11 0.000000e+00 0.000000e+00
8.294051e-11 0.000000e+00 0.000000e+00
5.157755e-10 0.000000e+00 0.000000e+00
1.510939e-10 0.000000e+00 0.000000e+00
3.290642e-10 0.000000e+00 0.000000e+00
3.864223e-10 0.000000e+00 0.000000e+00
-2.405635e-10 0.000000e+00 0.000000e+00
1.567843e-10 0.000000e+00 0.000000e+00
-2.496574e-10 0.000000e+00 0.000000e+00
2.817793e-10 0.000000e+00 0.000000e+00
-4.774739e-10 0.000000e+00 0.000000e+00
3.708931e-11 0.000000e+00 0.000000e+00
2.600082e-10 0.000000e+00 0.000000e+00
4.241416e-10 0.000000e+00 0.000000e+00
3.706847e-10 0.000000e+00 0.000000e+00
2.507118e-10 0.000000e+00 0.000000e+00
1.892607e-10 0.000000e+00 0.000000e+00
-1.469335e-10 0.000000e+00 0.000000e+00
-3.700254e-10 0.000000e+00 0.000000e+00
-4.505759e-10 0.000000e+00 0.000000e+00
-1.022088e-11 0.000000e+00 0.000000e+00
1.934808e-10 0.000000e+00 0.000000e+00
5.137027e-10 0.000000e+00 0.000000e+00
-3.501782e-10 0.000000e+00 0.000000e+00
2.135024e-10 0.000000e+00 0.000000e+00
4.223636e-12 0.000000e+00 0.000000e+00
1.366931e-10 0.000000e+00 0.000000e+00
-3.788280e-10 0.000000e+00 0.000000e+00
1.682666e-10 0.000000e+00 0.000000e+00
-3.165157e-10 0.000000e+00 0.000000e+00
1.569157e-10 0.000000e+00 0.000000e+00
4.120012e-10 0.000000e+00 0.000000e+00
5.003608e-10 0.000000e+00 0.000000e+00
-2.643994e-10 0.000000e+00 0.000000e+00
2.726015e-10 0.000000e+00 0.000000e+00
-2.253769e-10 0.000000e+00 0.000000e+00
-2.651831e-10 0.000000e+00 0.000000e+00
1.202761e-10 0.000000e+00 0.000000e+00
2.757901e-10 0.000000e+00 0.000000e+00
3.373336e-10 0.000000e+00 0.000000e+00
2.784534e-12 0.000000e+00 0.000000e+00
-8.761952e-11 0.000000e+00 0.000000e+00
1.390525e-11 0.000000e+00 0.000000e+00
-2.509231e-10 0.000000e+00 0.000000e+00
-4.523816e-10 0.000000e+00 0.000000e+00
-3.215763e-10 0.000000e+00 0.000000e+00
2.286408e-10 0.000000e+00 0.000000e+00
1.701899e-11 0.000000e+00 0.000000e+00
3.750363e-10 0.000000e+00 0.000000e+00
1.847765e-10 0.000000e+00 0.000000e+00
5.447768e-10 0.000000e+00 0.000000e+00
-3.328848e-10 0.000000e+00 0.000000e+00
3.790146e-10 0.000000e+00 0.000000e+00
3.099664e-10 0.000000e+00 0.000000e+00
4.812154e-11 0.000000e+00 0.000000e+00
-5.687379e-10 0.000000e+00 0.000000e+00
-4.274463e-10 0.000000e+00 0.000000e+00
-1.823372e-11 0.000000e+00 0.000000e+00
-3.742811e-10 0.000000e+00 0.000000e+00
1.598585e-10 0.000000e+00 0.000000e+00
-2.367539e-10 0.000000e+00 0.000000e+00
-2.700067e-11 0.000000e+00 0.000000e+00
2.460091e-10 0.000000e+00 0.000000e+00
4.526238e-11 0.000000e+00 0.000000e+00
2.276406e-10 0.000000e+00 0.000000e+00
1.799819e-10 0.000000e+00 0.000000e+00
-3.939393e-10 0.000000e+00 0.000000e+00
3.351518e-10 0.000000e+00 0.000000e+00
7.840816e-11 0.000000e+00 0.000000e+00
-3.396364e-10 0.000000e+00 0.000000e+00
3.635460e-10 0.000000e+00 0.000000e+00
2.891399e-10 0.000000e+00 0.000000e+00
2.964095e-10 0.000000e+00 0.000000e+00
-1.734347e-10 0.000000e+00 0.000000e+00
-3.778558e-10 0.000000e+00 0.000000e+00
6.404603e-11 0.000000e+00 0.000000e+00
3.687400e-10 0.000000e+00 0.000000e+00
6.585920e-11 0.000000e+00 0.000000e+00
4.783452e-10 0.000000e+00 0.000000e+00
-2.327100e-10 0.000000e+00 0.000000e+00
1.798775e-10 0.000000e+00 0.000000e+00
-4.143884e-10 0.000000e+00 0.000000e+00
-5.049938e-11 0.000000e+00 0.000000e+00
4.562120e-10 0.000000e+00 0.000000e+00
4.912511e-10 0.000000e+00 0.000000e+00
2.725062e-10 0.000000e+00 0.000000e+00
1.359070e-10 0.000000e+00 0.000000e+00
3.559002e-11 0.000000e+00 0.000000e+00
-3.374327e-10 0.000000e+00 0.000000e+00
-2.381646e-10 0.000000e+00 0.000000e+00
-2.257252e-10 0.000000e+00 0.000000e+00
2.934121e-10 0.000000e+00 0.000000e+00
-3.400351e-10 0.000000e+00 0.000000e+00
-2.294897e-10 0.000000e+00 0.000000e+00
-2.862989e-10 0.000000e+00 0.000000e+00
3.932133e-11 0.000000e+00 0.000000e+00
-1.126258e-10 0.000000e+00 0.000000e+00
-2.321890e-10 0.000000e+00 0.000000e+00
-3.876127e-10 0.000000e+00 0.000000e+00
3.570234e-10 0.000000e+00 0.000000e+00
-3.077983e-10 0.000000e+00 0.000000e+00
1.066322e-10 0.000000e+00 0.000000e+00
-4.695649e-10 0.000000e+00 0.000000e+00
2.034085e-10 0.000000e+00 0.000000e+00
-1.462931e-10 0.000000e+00 0.000000e+00
-1.967910e-10 0.000000e+00 0.000000e+00
2.498333e-10 0.000000e+00 0.000000e+00
2.245550e-10 0.000000e+00 0.000000e+00
-2.273295e-10 0.000000e+00 0.000000e+00
3.040697e-10 0.000000e+00 0.000000e+00
1.485360e-10 0.000000e+00 0.000000e+00
4.230558e-11 0.000000e+00 0.000000e+00
1.926934e-10 0.000000e+00 0.000000e+00
-1.643487e-11 0.000000e+00 0.000000e+00
-3.050008e-10 0.000000e+00 0.000000e+00
4.831698e-10 0.000000e+00 0.000000e+00
-5.161685e-10 0.000000e+00 0.000000e+00
-6.562323e-11 0.000000e+00 0.000000e+00
2.732561e-10 0.000000e+00 0.000000e+00
-8.278134e-11 0.000000e+00 0.000000e+00
1.194979e-10 0.000000e+00 0.000000e+00
-2.595127e-11 0.000000e+00 0.000000e+00
2.568369e-10 0.000000e+00 0.000000e+00
1.420793e-11 0.000000e+00 0.000000e+00
2.195843e-10 0.000000e+00 0.000000e+00
2.233441e-10 0.000000e+00 0.000000e+00
2.652938e-10 0.000000e+00 0.000000e+00
1.961356e-10 0.000000e+00 0.000000e+00
-4.784466e-12 0.000000e+00 0.000000e+00
2.128766e-10 0.000000e+00 0.000000e+00
-8.525368e-11 0.000000e+00 0.000000e+00
-2.019540e-10 0.000000e+00 0.000000e+00
-1.887030e-10 0.000000e+00 0.000000e+00
1.535032e-10 0.000000e+00 0.000000e+00
3.183783e-10 0.000000e+00 0.000000e+00
2.884166e-10 0.000000e+00 0.000000e+00
2.071324e-10 0.000000e+00 0.000000e+00
-2.002868e-10 0.000000e+00 0.000000e+00
4.869627e-10 0.000000e+00 0.000000e+00
-3.389308e-10 0.000000e+00 0.000000e+00
6.319138e-10 0.000000e+00 0.000000e+00
-2.384775e-10 0.000000e+00 0.000000e+00
-2.982529e-10 0.000000e+00 0.000000e+00
4.764696e-10 0.000000e+00 0.000000e+00
-4.110601e-10 0.000000e+00 0.000000e+00
2.256504e-10 0.000000e+00 0.000000e+00
2.362304e-10 0.000000e+00 0.000000e+00
4.975305e-10 0.000000e+00 0.000000e+00
6.961730e-11 0.000000e+00 0.000000e+00
7.598216e-11 0.000000e+00 0.000000e+00
4.838687e-11 0.000000e+00 0.000000e+00
2.472473e-10 0.000000e+00 0.000000e+00
1.074151e-10 0.000000e+00 0.000000e+00
-3.261661e-10 0.000000e+00 0.000000e+00
-2.056671e-10 0.000000e+00 0.000000e+00
2.640744e-10 0.000000e+00 0.000000e+00
-5.418532e-10 0.000000e+00 0.000000e+00
-1.291208e-10 0.000000e+00 0.000000e+00
2.383959e-10 0.000000e+00 0.000000e+00
1.295638e-10 0.000000e+00 0.000000e+00
3.566176e-10 0.000000e+00 0.000000e+00
4.243056e-10 0.000000e+00 0.000000e+00
3.644699e-12 0.000000e+00 0.000000e+00
2.882450e-10 0.000000e+00 0.000000e+00
-1.414614e-11 0.000000e+00 0.000000e+00
1.735411e-10 0.000000e+00 0.000000e+00
-1.470371e-10 0.000000e+00 0.000000e+00
1.843945e-10 0.000000e+00 0.000000e+00
1.092176e-10 0.000000e+00 0.000000e+00
2.646008e-10 0.000000e+00 0.000000e+00
-1.241870e-11 0.000000e+00 0.000000e+00
4.770275e-10 0.000000e+00 0.000000e+00
2.569719e-10 0.000000e+00 0.000000e+00
-2.146900e-10 0.000000e+00 0.000000e+00
-6.527760e-11 0.000000e+00 0.000000e+00
-2.954471e-10 0.000000e+00 0.000000e+00
-5.173544e-10 0.000000e+00 0.000000e+00
-1.643349e-10 0.000000e+00 0.000000e+00
3.684484e-10 0.000000e+00 0.000000e+00
2.379923e-10 0.000000e+00 0.000000e+00
4.105047e-10 0.000000e+00 0.000000e+00
2.848641e-10 0.000000e+00 0.000000e+00
-2.819484e-10 0.000000e+00 0.000000e+00
1.825413e-11 0.000000e+00 0.000000e+00
3.975357e-10 0.000000e+00 0.000000e+00
1.349170e-10 0.000000e+00 0.000000e+00
2.977097e-10 0.000000e+00 0.000000e+00
1.998535e-10 0.000000e+00 0.000000e+00
4.274930e-10 0.000000e+00 0.000000e+00
3.735904e-10 0.000000e+00 0.000000e+00
4.358513e-10 0.000000e+00 0.000000e+00
1.416135e-10 0.000000e+00 0.000000e+00
2.654624e-10 0.000000e+00 0.000000e+00
-3.066536e-10 0.000000e+00 0.000000e+00
3.143444e-10 0.000000e+00 0.000000e+00
5.145283e-10 0.000000e+00 0.000000e+00
3.977574e-10 0.000000e+00 0.000000e+00
2.416977e-10 0.000000e+00 0.000000e+00
3.286155e-10 0.000000e+00 0.000000e+00
4.907318e-10 0.000000e+00 0.000000e+00
2.456212e-10 0.000000e+00 0.000000e+00
-4.190477e-11 0.000000e+00 0.000000e+00
2.169582e-10 0.000000e+00 0.000000e+00
-1.921174e-10 0.000000e+00 0.000000e+00
-3.690865e-10 0.000000e+00 0.000000e+00
1.617242e-10 0.000000e+00 0.000000e+00
3.526154e-10 0.000000e+00 0.000000e+00
-2.687428e-10 0.000000e+00 0.000000e+00
2.732323e-10 0.000000e+00 0.000000e+00
-1.145277e-10 0.000000e+00 0.000000e+00
5.456534e-10 0.000000e+00 0.000000e+00
4.141929e-10 0.000000e+00 0.000000e+00
-3.302602e-11 0.000000e+00 0.000000e+00
-1.137364e-10 0.000000e+00 0.000000e+00
5.244664e-10 0.000000e+00 0.000000e+00
1.736366e-11 0.000000e+00 0.000000e+00
-8.463168e-11 0.000000e+00 0.000000e+00
-3.522829e-10 0.000000e+00 0.000000e+00
2.158594e-11 0.000000e+00 0.000000e+00
4.176896e-11 0.000000e+00 0.000000e+00
1.110700e-10 0.000000e+00 0.000000e+00
1.930565e-11 0.000000e+00 0.000000e+00
-5.778424e-11 0.000000e+00 0.000000e+00
3.628251e-10 0.000000e+00 0.000000e+00
4.040656e-10 0.000000e+00 0.000000e+00
1.048668e-10 0.000000e+00 0.000000e+00
3.009306e-10 0.000000e+00 0.000000e+00
2.034060e-10 0.000000e+00 0.000000e+00
1.435416e-10 0.000000e+00 0.000000e+00
2.807759e-10 0.000000e+00 0.000000e+00
-8.859041e-11 0.000000e+00 0.000000e+00
5.624585e-10 0.000000e+00 0.000000e+00
-7.771508e-11 0.000000e+00 0.000000e+00
1.185761e-10 0.000000e+00 0.000000e+00
-1.060367e-10 0.000000e+00 0.000000e+00
6.926949e-11 0.000000e+00 0.000000e+00
-2.327936e-10 0.000000e+00 0.000000e+00
-6.915134e-11 0.000000e+00 0.000000e+00
-1.827385e-10 0.000000e+00 0.000000e+00
-1.564320e-10 0.000000e+00 0.000000e+00
1.809607e-10 0.000000e+00 0.000000e+00
1.926903e-10 0.000000e+00 0.000000e+00
2.011390e-10 0.000000e+00 0.000000e+00
3.824756e-10 0.000000e+00 0.000000e+00
1.251967e-10 0.000000e+00 0.000000e+00
-5.189828e-11 0.000000e+00 0.000000e+00
-2.053908e-10 0.000000e+00 0.000000e+00
1.150548e-10 0.000000e+00 0.000000e+00
4.955460e-10 0.000000e+00 0.000000e+00
5.124144e-10 0.000000e+00 0.000000e+00
5.965290e-10 0.000000e+00 0.000000e+00
-1.536819e-11 0.000000e+00 0.000000e+00
-6.298598e-11 0.000000e+00 0.000000e+00
4.011554e-10 0.000000e+00 0.000000e+00
-1.379518e-10 0.000000e+00 0.000000e+00
-9.991993e-11 0.000000e+00 0.000000e+00
-1.521853e-10 0.000000e+00 0.000000e+00
-4.329360e-10 0.000000e+00 0.000000e+00
-1.550124e-12 0.000000e+00 0.000000e+00
2.982336e-10 0.000000e+00 0.000000e+00
-7.290629e-11 0.000000e+00 0.000000e+00
3.014078e-10 0.000000e+00 0.000000e+00
6.869314e-12 0.000000e+00 0.000000e+00
2.727273e-10 0.000000e+00 0.000000e+00
1.728934e-11 0.000000e+00 0.000000e+00
3.244814e-11 0.000000e+00 0.000000e+00
2.767743e-10 0.000000e+00 0.000000e+00
2.028868e-10 0.000000e+00 0.000000e+00
-1.214461e-10 0.000000e+00 0.000000e+00
-1.079047e-10 0.000000e+00 0.000000e+00
2.549451e-10 0.000000e+00 0.000000e+00
2.882371e-10 0.000000e+00 0.000000e+00
-9.870876e-11 0.000000e+00 0.000000e+00
-4.125560e-11 0.000000e+00 0.000000e+00
8.986432e-11 0.000000e+00 0.000000e+00
-2.997549e-10 0.000000e+00 0.000000e+00
-1.861625e-10 0.000000e+00 0.000000e+00
5.997286e-10 0.000000e+00 0.000000e+00
3.959828e-10 0.000000e+00 0.000000e+00
1.914730e-10 0.000000e+00 0.000000e+00
2.460837e-11 0.000000e+00 0.000000e+00
2.177462e-10 0.000000e+00 0.000000e+00
4.438050e-10 0.000000e+00 0.000000e+00
-2.342572e-10 0.000000e+00 0.000000e+00
-3.172780e-10 0.000000e+00 0.000000e+00
1.087545e-10 0.000000e+00 0.000000e+00
2.653609e-10 0.000000e+00 0.000000e+00
1.657114e-10 0.000000e+00 0.000000e+00
5.292501e-10 0.000000e+00 0.000000e+00
-3.518808e-10 0.000000e+00 0.000000e+00
-4.628485e-10 0.000000e+00 0.000000e+00
7.003317e-11 0.000000e+00 0.000000e+00
4.406107e-10 0.000000e+00 0.000000e+00
2.223451e-10 0.000000e+00 0.000000e+00
-3.737015e-10 0.000000e+00 0.000000e+00
-5.162028e-11 0.000000e+00 0.000000e+00
-1.079822e-10 0.000000e+00 0.000000e+00
2.686788e-10 0.000000e+00 0.000000e+00
-2.338706e-10 0.000000e+00 0.000000e+00
7.705589e-11 0.000000e+00 0.000000e+00
4.861219e-10 0.000000e+00 0.000000e+00
6.014714e-10 0.000000e+00 0.000000e+00
-1.009930e-10 0.000000e+00 0.000000e+00
-9.182217e-11 0.000000e+00 0.000000e+00
-3.064167e-10 0.000000e+00 0.000000e+00
-3.701495e-10 0.000000e+00 0.000000e+00
-1.261032e-10 0.000000e+00 0.000000e+00
1.967331e-10 0.000000e+00 0.000000e+00
-1.131262e-10 0.000000e+00 0.000000e+00
-3.826299e-10 0.000000e+00 0.000000e+00
2.290405e-10 0.000000e+00 0.000000e+00
-4.075595e-10 0.000000e+00 0.000000e+00
3.582576e-12 0.000000e+00 0.000000e+00
1.117623e-10 0.000000e+00 0.000000e+00
2.752927e-11 0.000000e+00 0.000000e+00
2.248673e-10 0.000000e+00 0.000000e+00
1.556396e-10 0.000000e+00 0.000000e+00
-1.661925e-10 0.000000e+00 0.000000e+00
1.350687e-10 0.000000e+00 0.000000e+00
-2.060875e-10 0.000000e+00 0.000000e+00
-1.007301e-10 0.000000e+00 0.000000e+00
-1.000468e-10 0.000000e+00 0.000000e+00
-5.400751e-11 0.000000e+00 0.000000e+00
-1.613392e-10 0.000000e+00 0.000000e+00
-1.631737e-11 0.000000e+00 0.000000e+00
6.406153e-11 0.000000e+00 0.000000e+00
2.870386e-10 0.000000e+00 0.000000e+00
5.601478e-10 0.000000e+00 0.000000e+00
3.612005e-10 0.000000e+00 0.000000e+00
-8.947191e-11 0.000000e+00 0.000000e+00
-2.139668e-11 0.000000e+00 0.000000e+00
1.123431e-10 0.000000e+00 0.000000e+00
-2.645555e-10 0.000000e+00 0.000000e+00
4.795617e-11 0.000000e+00 0.000000e+00
6.319873e-10 0.000000e+00 0.000000e+00
6.918368e-12 0.000000e+00 0.000000e+00
3.753607e-11 0.000000e+00 0.000000e+00
-1.965338e-10 0.000000e+00 0.000000e+00
-2.853974e-10 0.000000e+00 0.000000e+00
2.582038e-10 0.000000e+00 0.000000e+00
2.815480e-10 0.000000e+00 0.000000e+00
6.268974e-10 0.000000e+00 0.000000e+00
-2.338718e-10 0.000000e+00 0.000000e+00
-1.010087e-10 0.000000e+00 0.000000e+00
-2.981060e-10 0.000000e+00 0.000000e+00
3.159820e-11 0.000000e+00 0.000000e+00
1.493020e-10 0.000000e+00 0.000000e+00
-5.373517e-10 0.000000e+00 0.000000e+00
4.409810e-10 0.000000e+00 0.000000e+00
4.705590e-10 0.000000e+00 0.000000e+00
-4.134514e-10 0.000000e+00 0.000000e+00
8.255231e-12 0.000000e+00 0.000000e+00
1.981881e-10 0.000000e+00 0.000000e+00
1.849782e-10 0.000000e+00 0.000000e+00
3.378412e-10 0.000000e+00 0.000000e+00
1.627330e-10 0.000000e+00 0.000000e+00
4.643211e-10 0.000000e+00 0.000000e+00
4.241453e-10 0.000000e+00 0.000000e+00
4.617020e-10 0.000000e+00 0.000000e+00
-1.949179e-10 0.000000e+00 0.000000e+00
2.762977e-10 0.000000e+00 0.000000e+00
1.771095e-10 0.000000e+00 0.000000e+00
1.843823e-10 0.000000e+00 0.000000e+00
2.866030e-10 0.000000e+00 0.000000e+00
1.361703e-10 0.000000e+00 0.000000e+00
3.495939e-10 0.000000e+00 0.000000e+00
-4.331700e-10 0.000000e+00 0.000000e+00
2.628803e-10 0.000000e+00 0.000000e+00
1.948720e-10 0.000000e+00 0.000000e+00
4.479437e-10 0.000000e+00 0.000000e+00
-1.175028e-10 0.000000e+00 0.000000e+00
4.857282e-10 0.000000e+00 0.000000e+00
-2.661232e-10 0.000000e+00 0.000000e+00
1.462958e-10 0.000000e+00 0.000000e+00
-2.344173e-10 0.000000e+00 0.000000e+00
1.642140e-10 0.000000e+00 0.000000e+00
1.441026e-10 0.000000e+00 0.000000e+00
-2.578834e-10 0.000000e+00 0.000000e+00
5.024701e-11 0.000000e+00 0.000000e+00
-4.502605e-11 0.000000e+00 0.000000e+00
5.705039e-11 0.000000e+00 0.000000e+00
4.542846e-10 0.000000e+00 0.000000e+00
5.614287e-10 0.000000e+00 0.000000e+00
-7.752287e-11 0.000000e+00 0.000000e+00
2.121626e-10 0.000000e+00 0.000000e+00
-2.333995e-10 0.000000e+00 0.000000e+00
1.673913e-10 0.000000e+00 0.000000e+00
2.579932e-10 0.000000e+00 0.000000e+00
1.353275e-10 0.000000e+00 0.000000e+00
-1.963174e-10 0.000000e+00 0.000000e+00
3.784725e-10 0.000000e+00 0.000000e+00
-3.022956e-10 0.000000e+00 0.000000e+00
3.250159e-10 0.000000e+00 0.000000e+00
-3.199417e-10 0.000000e+00 0.000000e+00
-7.970681e-11 0.000000e+00 0.000000e+00
3.043873e-10 0.000000e+00 0.000000e+00
1.680197e-10 0.000000e+00 0.000000e+00
-7.221789e-11 0.000000e+00 0.000000e+00
-5.157588e-10 0.000000e+00 0.000000e+00
-1.142964e-10 0.000000e+00 0.000000e+00
-6.573910e-11 0.000000e+00 0.000000e+00
-1.038933e-10 0.000000e+00 0.000000e+00
5.232366e-10 0.000000e+00 0.000000e+00
4.926517e-10 0.000000e+00 0.000000e+00
-3.580000e-10 0.000000e+00 0.000000e+00
-5.484283e-11 0.000000e+00 0.000000e+00
-2.290890e-10 0.000000e+00 0.000000e+00
-2.390447e-10 0.000000e+00 0.000000e+00
-1.221956e-10 0.000000e+00 0.000000e+00
3.911753e-10 0.000000e+00 0.000000e+00
4.514753e-10 0.000000e+00 0.000000e+00
-1.455052e-11 0.000000e+00 0.000000e+00
8.158469e-11 0.000000e+00 0.000000e+00
3.180022e-10 0.000000e+00 0.000000e+00
-2.599458e-10 0.000000e+00 0.000000e+00
4.700356e-10 0.000000e+00 0.000000e+00
-6.187106e-11 0.000000e+00 0.000000e+00
4.126647e-10 0.000000e+00 0.000000e+00
1.347428e-10 0.000000e+00 0.000000e+00
2.254183e-10 0.000000e+00 0.000000e+00
1.106342e-10 0.000000e+00 0.000000e+00
-1.959734e-10 0.000000e+00 0.000000e+00
-3.136668e-10 0.000000e+00 0.000000e+00
1.799951e-10 0.000000e+00 0.000000e+00
5.988788e-10 0.000000e+00 0.000000e+00
-6.503993e-12 0.000000e+00 0.000000e+00
2.863723e-10 0.000000e+00 0.000000e+00
3.823262e-10 0.000000e+00 0.000000e+00
3.511510e-10 0.000000e+00 0.000000e+00
6.660336e-13 0.000000e+00 0.000000e+00
1.618880e-10 0.000000e+00 0.000000e+00
2.074799e-10 0.000000e+00 0.000000e+00
2.555265e-10 0.000000e+00 0.000000e+00
-5.107766e-10 0.000000e+00 0.000000e+00
1.645306e-10 0.000000e+00 0.000000e+00
4.327776e-10 0.000000e+00 0.000000e+00
3.741066e-11 0.000000e+00 0.000000e+00
-3.848033e-10 0.000000e+00 0.000000e+00
1.925323e-10 0.000000e+00 0.000000e+00
1.726014e-10 0.000000e+00 0.000000e+00
7.241718e-11 0.000000e+00 0.000000e+00
3.228554e-10 0.000000e+00 0.000000e+00
-1.160638e-10 0.000000e+00 0.000000e+00
-9.609055e-11 0.000000e+00 0.000000e+00
5.620509e-10 0.000000e+00 0.000000e+00
-2.567322e-11 0.000000e+00 0.000000e+00
-3.483223e-10 0.000000e+00 0.000000e+00
6.017621e-11 0.000000e+00 0.000000e+00
1.172428e-10 0.000000e+00 0.000000e+00
-4.815707e-10 0.000000e+00 0.000000e+00
-1.211545e-10 0.000000e+00 0.000000e+00
4.356844e-10 0.000000e+00 0.000000e+00
-6.899303e-11 0.000000e+00 0.000000e+00
3.072538e-10 0.000000e+00 0.000000e+00
-6.794833e-11 0.000000e+00 0.000000e+00
4.123839e-10 0.000000e+00 0.000000e+00
4.261710e-10 0.000000e+00 0.000000e+00
1.147967e-10 0.000000e+00 0.000000e+00
-2.642901e-10 0.000000e+00 0.000000e+00
5.294687e-10 0.000000e+00 0.000000e+00
-3.758333e-11 0.000000e+00 0.000000e+00
-5.320320e-11 0.000000e+00 0.000000e+00
-3.753631e-10 0.000000e+00 0.000000e+00
2.846395e-10 0.000000e+00 0.000000e+00
4.125432e-12 0.000000e+00 0.000000e+00
2.238119e-10 0.000000e+00 0.000000e+00
-4.941549e-10 0.000000e+00 0.000000e+00
1.227404e-11 0.000000e+00 0.000000e+00
-1.264060e-10 0.000000e+00 0.000000e+00
-4.902372e-10 0.000000e+00 0.000000e+00
-2.369683e-10 0.000000e+00 0.000000e+00
5.626170e-11 0.000000e+00 0.000000e+00
6.227130e-11 0.000000e+00 0.000000e+00
2.128388e-10 0.000000e+00 0.000000e+00
-2.081920e-10 0.000000e+00 0.000000e+00
2.101565e-10 0.000000e+00 0.000000e+00
2.083024e-10 0.000000e+00 0.000000e+00
-2.471922e-10 0.000000e+00 0.000000e+00
-3.298062e-10 0.000000e+00 0.000000e+00
-2.300413e-10 0.000000e+00 0.000000e+00
3.037719e-11 0.000000e+00 0.000000e+00
-4.444111e-10 0.000000e+00 0.000000e+00
2.458068e-10 0.000000e+00 0.000000e+00
-2.341321e-10 0.000000e+00 0.000000e+00
1.346481e-10 0.000000e+00 0.000000e+00
8.081814e-11 0.000000e+00 0.000000e+00
-1.862848e-10 0.000000e+00 0.000000e+00
3.302908e-10 0.000000e+00 0.000000e+00
-1.562390e-12 0.000000e+00 0.000000e+00
8.687351e-11 0.000000e+00 0.000000e+00
3.333849e-10 0.000000e+00 0.000000e+00
-8.421826e-12 0.000000e+00 0.000000e+00
-3.451890e-10 0.000000e+00 0.000000e+00
5.182244e-12 0.000000e+00 0.000000e+00
-8.424950e-11 0.000000e+00 0.000000e+00
1.285863e-10 0.000000e+00 0.000000e+00
4.758663e-11 0.000000e+00 0.000000e+00
3.712814e-11 0.000000e+00 0.000000e+00
-3.226171e-10 0.000000e+00 0.000000e+00
-2.722254e-10 0.000000e+00 0.000000e+00
1.078623e-10 0.000000e+00 0.000000e+00
3.007807e-10 0.000000e+00 0.000000e+00
3.445443e-10 0.000000e+00 0.000000e+00
5.177971e-10 0.000000e+00 0.000000e+00
-1.301285e-11 0.000000e+00 0.000000e+00
-3.113894e-10 0.000000e+00 0.000000e+00
9.561282e-11 0.000000e+00 0.000000e+00
-3.912769e-10 0.000000e+00 0.000000e+00
-4.553249e-10 0.000000e+00 0.000000e+00
1.910930e-12 0.000000e+00 0.000000e+00
-1.446084e-11 0.000000e+00 0.000000e+00
1.314334e-10 0.000000e+00 0.000000e+00
2.942815e-11 0.000000e+00 0.000000e+00
-5.329164e-10 0.000000e+00 0.000000e+00
1.903368e-10 0.000000e+00 0.000000e+00
1.997769e-10 0.000000e+00 0.000000e+00
4.598924e-10 0.000000e+00 0.000000e+00
6.125612e-11 0.000000e+00 0.000000e+00
1.318665e-10 0.000000e+00 0.000000e+00
-3.406150e-10 0.000000e+00 0.000000e+00
-2.846284e-11 0.000000e+00 0.000000e+00
2.762233e-10 0.000000e+00 0.000000e+00
3.457833e-10 0.000000e+00 0.000000e+00
6.393996e-11 0.000000e+00 0.000000e+00
-5.558587e-10 0.000000e+00 0.000000e+00
-5.098599e-11 0.000000e+00 0.000000e+00
2.920841e-10 0.000000e+00 0.000000e+00
-2.499171e-10 0.000000e+00 0.000000e+00
2.723143e-10 0.000000e+00 0.000000e+00
-4.022653e-10 0.000000e+00 0.000000e+00
3.062325e-10 0.000000e+00 0.000000e+00
-5.306685e-10 0.000000e+00 0.000000e+00
1.281860e-11 0.000000e+00 0.000000e+00
6.092771e-11 0.000000e+00 0.000000e+00
8.370536e-11 0.000000e+00 0.000000e+00
-2.430600e-10 0.000000e+00 0.000000e+00
1.669865e-10 0.000000e+00 0.000000e+00
3.619447e-10 0.000000e+00 0.000000e+00
-3.030041e-10 0.000000e+00 0.000000e+00
7.618704e-12 0.000000e+00 0.000000e+00
-2.876051e-10 0.000000e+00 0.000000e+00
