step K U E temp
0 3.499224e-21 -3.617404e-20 -3.267482e-20 5.068955e+02
1000 8.088135e-22 -4.085027e-20 -4.004145e-20 1.171643e+02
2000 2.200459e-23 -4.079847e-20 -4.077647e-20 3.187572e+00
3000 9.342203e-21 -4.109907e-20 -3.175687e-20 1.353306e+03
4000 5.160923e-22 -4.090343e-20 -4.038733e-20 7.476083e+01
5000 3.597706e-21 -3.994120e-20 -3.634349e-20 5.211616e+02
6000 1.013850e-21 -4.027727e-20 -3.926342e-20 1.468658e+02
7000 1.792370e-21 -4.002872e-20 -3.823635e-20 2.596416e+02
8000 1.654864e-21 -4.080144e-20 -3.914658e-20 2.397227e+02
9000 2.551022e-21 -3.999603e-20 -3.744501e-20 3.695395e+02
10000 7.229922e-23 -4.109733e-20 -4.102503e-20 1.047322e+01
11000 1.361759e-22 -4.103054e-20 -4.089437e-20 1.972636e+01
12000 3.477340e-22 -2.645947e-20 -2.611173e-20 5.037255e+01
13000 1.557051e-21 -4.087653e-20 -3.931948e-20 2.255535e+02
14000 2.407998e-22 -4.042517e-20 -4.018437e-20 3.488212e+01
15000 1.842413e-22 -3.564441e-20 -3.546017e-20 2.668909e+01
16000 4.446783e-22 -3.418794e-20 -3.374326e-20 6.441583e+01
17000 1.142366e-21 -4.104919e-20 -3.990682e-20 1.654825e+02
18000 1.111440e-20 -3.807768e-20 -2.696327e-20 1.610025e+03
19000 2.657568e-22 -4.108108e-20 -4.081532e-20 3.849737e+01
20000 3.585044e-21 -4.054749e-20 -3.696244e-20 5.193274e+02
21000 5.831655e-24 -3.750300e-20 -3.749716e-20 8.447700e-01
22000 3.245302e-22 -3.947623e-20 -3.915170e-20 4.701126e+01
23000 1.597833e-21 -3.918546e-20 -3.758763e-20 2.314611e+02
24000 2.176404e-22 -4.058040e-20 -4.036276e-20 3.152727e+01
25000 1.231034e-21 -4.087931e-20 -3.964827e-20 1.783269e+02
26000 1.378684e-20 -2.451969e-20 -1.073285e-20 1.997154e+03
27000 6.591543e-21 -3.936544e-20 -3.277389e-20 9.548470e+02
28000 1.376413e-20 -2.846290e-20 -1.469876e-20 1.993864e+03
29000 6.896607e-22 -3.540705e-20 -3.471739e-20 9.990384e+01
30000 8.670468e-21 -4.097594e-20 -3.230547e-20 1.255999e+03
31000 5.286189e-22 -4.098020e-20 -4.045158e-20 7.657542e+01
32000 6.218919e-24 -3.693624e-20 -3.693002e-20 9.008689e-01
33000 8.909591e-22 -3.591213e-20 -3.502118e-20 1.290638e+02
34000 3.280483e-22 -3.575109e-20 -3.542304e-20 4.752088e+01
35000 4.385697e-22 -3.906382e-20 -3.862525e-20 6.353095e+01
36000 3.358912e-22 -4.098346e-20 -4.064757e-20 4.865700e+01
37000 4.967064e-22 -4.047655e-20 -3.997985e-20 7.195260e+01
38000 2.889064e-21 -4.108789e-20 -3.819883e-20 4.185081e+02
39000 2.955332e-22 -4.076333e-20 -4.046780e-20 4.281077e+01
40000 2.420602e-22 -4.106048e-20 -4.081842e-20 3.506470e+01
41000 4.961773e-22 -3.687428e-20 -3.637810e-20 7.187595e+01
42000 3.570842e-21 -3.945070e-20 -3.587985e-20 5.172701e+02
43000 1.777290e-21 -3.550902e-20 -3.373173e-20 2.574573e+02
44000 1.099964e-22 -3.910657e-20 -3.899658e-20 1.593401e+01
45000 2.374873e-21 -3.711958e-20 -3.474470e-20 3.440227e+02
46000 6.234940e-24 -3.998870e-20 -3.998247e-20 9.031897e-01
47000 1.397351e-21 -3.841856e-20 -3.702121e-20 2.024194e+02
48000 1.473099e-21 -3.884147e-20 -3.736837e-20 2.133923e+02
49000 5.324136e-22 -3.924838e-20 -3.871597e-20 7.712513e+01
50000 1.442956e-21 -4.102564e-20 -3.958268e-20 2.090258e+02
51000 1.188135e-22 -3.300165e-20 -3.288284e-20 1.721125e+01
52000 7.240206e-21 -3.769954e-20 -3.045933e-20 1.048812e+03
53000 2.276259e-23 -3.775038e-20 -3.772762e-20 3.297375e+00
54000 4.246733e-22 -4.106635e-20 -4.064168e-20 6.151792e+01
55000 2.771974e-21 -4.001299e-20 -3.724101e-20 4.015466e+02
56000 6.049290e-22 -4.108334e-20 -4.047841e-20 8.762965e+01
57000 1.103100e-22 -4.109689e-20 -4.098658e-20 1.597944e+01
58000 1.830414e-21 -3.963243e-20 -3.780202e-20 2.651527e+02
59000 1.604690e-21 -4.095953e-20 -3.935484e-20 2.324544e+02
60000 2.891458e-22 -3.840741e-20 -3.811827e-20 4.188548e+01
61000 5.854780e-23 -3.772507e-20 -3.766653e-20 8.481199e+00
62000 2.093555e-22 -4.066434e-20 -4.045499e-20 3.032712e+01
63000 2.295800e-21 -4.006259e-20 -3.776679e-20 3.325682e+02
64000 3.614536e-21 -3.856439e-20 -3.494986e-20 5.235996e+02
65000 1.905700e-20 -4.095270e-20 -2.189570e-20 2.760586e+03
66000 4.875629e-24 -4.058207e-20 -4.057720e-20 7.062807e-01
67000 1.575020e-21 -4.096123e-20 -3.938621e-20 2.281565e+02
68000 2.096359e-21 -3.882325e-20 -3.672689e-20 3.036774e+02
69000 4.518387e-22 -4.103376e-20 -4.058192e-20 6.545309e+01
70000 2.166273e-22 -4.108660e-20 -4.086998e-20 3.138051e+01
71000 2.037596e-22 -3.736699e-20 -3.716323e-20 2.951650e+01
72000 7.434454e-23 -3.959393e-20 -3.951958e-20 1.076951e+01
73000 1.072180e-22 -3.884728e-20 -3.874006e-20 1.553153e+01
74000 1.352924e-22 -4.035294e-20 -4.021765e-20 1.959838e+01
75000 1.234897e-22 -4.002503e-20 -3.990155e-20 1.788865e+01
76000 8.563152e-25 -3.967941e-20 -3.967855e-20 1.240453e-01
77000 1.377594e-21 -3.809496e-20 -3.671737e-20 1.995575e+02
78000 4.244426e-21 -3.936491e-20 -3.512048e-20 6.148451e+02
79000 3.008611e-21 -4.103001e-20 -3.802140e-20 4.358256e+02
80000 5.023702e-21 -3.881512e-20 -3.379141e-20 7.277305e+02
81000 1.164123e-20 -3.615183e-20 -2.451060e-20 1.686341e+03
82000 1.114242e-21 -4.105986e-20 -3.994562e-20 1.614084e+02
83000 1.722764e-21 -4.041299e-20 -3.869023e-20 2.495586e+02
84000 3.945067e-21 -3.663542e-20 -3.269036e-20 5.714800e+02
85000 6.448426e-22 -4.108206e-20 -4.043722e-20 9.341151e+01
86000 8.833714e-23 -4.107789e-20 -4.098955e-20 1.279647e+01
87000 3.916692e-22 -3.924053e-20 -3.884886e-20 5.673696e+01
88000 6.309677e-22 -4.014321e-20 -3.951225e-20 9.140161e+01
89000 1.613829e-22 -4.071334e-20 -4.055196e-20 2.337783e+01
90000 1.446083e-21 -4.019702e-20 -3.875093e-20 2.094788e+02
91000 3.619987e-22 -3.989783e-20 -3.953583e-20 5.243891e+01
92000 1.176232e-21 -3.703348e-20 -3.585725e-20 1.703883e+02
93000 6.524331e-22 -4.109994e-20 -4.044751e-20 9.451107e+01
94000 1.159066e-21 -3.966795e-20 -3.850889e-20 1.679017e+02
95000 7.432632e-23 -4.092827e-20 -4.085394e-20 1.076687e+01
96000 2.558673e-22 -4.089366e-20 -4.063779e-20 3.706479e+01
97000 8.775890e-21 -4.005615e-20 -3.128026e-20 1.271270e+03
98000 1.176162e-22 -4.068426e-20 -4.056664e-20 1.703781e+01
99000 1.561550e-21 -4.025692e-20 -3.869537e-20 2.262052e+02
100000 3.011164e-22 -3.673156e-20 1.135696e-19 4.361954e+01
101000 1.820685e-22 -4.088004e-20 5.930203e-20 2.637433e+01
102000 2.443071e-22 -4.007579e-20 6.016852e-20 3.539018e+01
103000 9.445850e-21 -3.581607e-20 7.362978e-20 1.368320e+03
104000 3.734699e-22 -4.097329e-20 5.940018e-20 5.410063e+01
105000 3.764255e-21 -2.828132e-20 7.548293e-20 5.452877e+02
106000 1.146295e-23 -3.935440e-20 6.065707e-20 1.660517e+00
107000 4.102469e-22 -3.161630e-20 6.879394e-20 5.942813e+01
108000 6.050536e-23 -4.020045e-20 5.986006e-20 8.764771e+00
109000 1.037051e-21 -4.108895e-20 5.994810e-20 1.502267e+02
110000 5.824270e-22 -4.036243e-20 6.022000e-20 8.437003e+01
111000 2.720832e-21 -3.992867e-20 6.279216e-20 3.941381e+02
112000 2.066160e-23 -3.254678e-20 6.747389e-20 2.993027e+00
113000 1.464607e-21 -3.901639e-20 6.244822e-20 2.121622e+02
114000 2.196060e-22 -4.106983e-20 5.914977e-20 3.181199e+01
115000 9.884081e-21 -4.097605e-20 6.890803e-20 1.431802e+03
116000 6.688513e-23 -3.980104e-20 6.026584e-20 9.688940e+00
117000 2.347415e-21 -4.109961e-20 6.124781e-20 3.400451e+02
118000 2.868996e-21 -4.060732e-20 6.226168e-20 4.156010e+02
119000 3.001615e-21 -3.134098e-20 7.166063e-20 4.348121e+02
120000 1.806835e-22 -4.062752e-20 5.955317e-20 2.617371e+01
121000 6.743056e-21 -4.079413e-20 6.594893e-20 9.767951e+02
122000 1.748684e-21 -3.325479e-20 6.849389e-20 2.533133e+02
123000 5.868344e-21 -4.097127e-20 6.489708e-20 8.500848e+02
124000 1.805897e-22 -3.909258e-20 6.108801e-20 2.616012e+01
125000 7.145204e-22 -4.101580e-20 5.969872e-20 1.035050e+02
126000 6.114899e-21 -4.076972e-20 6.534518e-20 8.858007e+02
127000 6.156499e-21 -3.979905e-20 6.635745e-20 8.918268e+02
128000 3.354531e-22 -4.097811e-20 5.935734e-20 4.859354e+01
129000 2.130766e-22 -4.084181e-20 5.937126e-20 3.086616e+01
130000 4.548765e-22 -4.086378e-20 5.959109e-20 6.589313e+01
131000 1.577295e-21 -4.072161e-20 6.085568e-20 2.284861e+02
132000 3.547785e-23 -4.015033e-20 5.988515e-20 5.139300e+00
133000 4.186818e-21 -3.761294e-20 6.657388e-20 6.065000e+02
134000 2.061119e-21 -4.107445e-20 6.098667e-20 2.985724e+02
135000 6.134553e-22 -4.096049e-20 5.965296e-20 8.886477e+01
136000 4.304306e-21 -4.107963e-20 6.322468e-20 6.235193e+02
137000 7.528962e-21 -4.107059e-20 6.645837e-20 1.090641e+03
138000 1.433709e-21 -4.109985e-20 6.033386e-20 2.076862e+02
139000 2.418548e-22 -3.547022e-20 6.477163e-20 3.503495e+01
140000 1.400853e-21 -4.040509e-20 6.099576e-20 2.029268e+02
141000 3.492464e-23 -4.099766e-20 5.903727e-20 5.059162e+00
142000 5.311831e-23 -2.850634e-20 7.154678e-20 7.694687e+00
143000 3.081348e-23 -4.015820e-20 5.987261e-20 4.463623e+00
144000 7.063444e-21 -4.086511e-20 6.619833e-20 1.023206e+03
145000 2.744756e-22 -4.047941e-20 5.979506e-20 3.976037e+01
146000 2.914269e-21 -3.949696e-20 6.341731e-20 4.221592e+02
147000 8.323700e-26 -3.865545e-20 6.134463e-20 1.205766e-02
148000 1.371840e-23 -3.828604e-20 6.172768e-20 1.987239e+00
149000 1.122774e-20 -3.944071e-20 7.178703e-20 1.626444e+03
150000 7.713208e-22 -4.109922e-20 5.967210e-20 1.117331e+02
151000 7.335438e-21 -4.083575e-20 6.649969e-20 1.062607e+03
152000 2.837504e-21 -4.044921e-20 6.238829e-20 4.110392e+02
153000 2.765045e-21 -4.110000e-20 6.166505e-20 4.005429e+02
154000 1.583151e-21 -3.870367e-20 6.287948e-20 2.293343e+02
155000 6.988137e-22 -4.108297e-20 5.961585e-20 1.012297e+02
156000 3.498277e-23 -4.095760e-20 5.907738e-20 5.067583e+00
157000 1.689420e-21 -3.927288e-20 6.241654e-20 2.447283e+02
158000 3.694189e-21 -4.096773e-20 6.272646e-20 5.351380e+02
159000 3.143063e-22 -4.083018e-20 5.948413e-20 4.553022e+01
160000 3.394237e-23 -4.099372e-20 5.904023e-20 4.916872e+00
161000 3.732767e-21 -4.067849e-20 6.305428e-20 5.407265e+02
162000 1.732003e-22 -3.553747e-20 6.463573e-20 2.508969e+01
163000 3.336589e-22 -3.852144e-20 6.181222e-20 4.833363e+01
164000 5.737652e-23 -4.107044e-20 5.898694e-20 8.311528e+00
165000 7.764211e-25 -3.804361e-20 6.195806e-20 1.124719e-01
166000 3.362402e-21 -4.103800e-20 6.232440e-20 4.870756e+02
167000 2.347067e-22 -3.856779e-20 6.166692e-20 3.399947e+01
168000 4.461440e-21 -3.469637e-20 6.976507e-20 6.462816e+02
169000 4.836645e-21 -4.108056e-20 6.375609e-20 7.006336e+02
170000 2.448857e-22 -3.988345e-20 6.036144e-20 3.547399e+01
171000 3.250354e-22 -4.101844e-20 5.930659e-20 4.708444e+01
172000 1.557043e-21 -4.029979e-20 6.125725e-20 2.255524e+02
173000 6.236136e-23 -4.109973e-20 5.896263e-20 9.033630e+00
174000 5.771888e-22 -4.032329e-20 6.025390e-20 8.361122e+01
175000 3.912952e-21 -3.538189e-20 6.853106e-20 5.668279e+02
176000 2.054822e-21 -3.953801e-20 6.251682e-20 2.976603e+02
177000 2.662671e-23 -3.988396e-20 6.014267e-20 3.857130e+00
178000 2.036128e-21 -3.845189e-20 6.358424e-20 2.949523e+02
179000 1.136309e-21 -2.590603e-20 7.523028e-20 1.646051e+02
180000 1.168413e-21 -4.064235e-20 6.052606e-20 1.692557e+02
181000 3.574576e-21 -4.108887e-20 6.248571e-20 5.178109e+02
182000 2.045233e-22 -3.993065e-20 6.027388e-20 2.962713e+01
183000 9.273279e-21 -3.966017e-20 6.961311e-20 1.343322e+03
184000 3.131565e-21 -4.072598e-20 6.240558e-20 4.536366e+02
185000 5.871114e-22 -3.907107e-20 6.151605e-20 8.504862e+01
186000 2.882955e-21 -4.058550e-20 6.229746e-20 4.176231e+02
187000 5.776871e-21 -4.023417e-20 6.554270e-20 8.368341e+02
188000 4.703196e-21 -4.079252e-20 6.391067e-20 6.813022e+02
189000 5.573352e-21 -4.102817e-20 6.454518e-20 8.073525e+02
190000 3.136458e-22 -4.109000e-20 5.922365e-20 4.543454e+01
191000 1.260357e-21 -4.068015e-20 6.058021e-20 1.825746e+02
192000 1.088567e-21 -3.978655e-20 6.130202e-20 1.576891e+02
193000 2.230774e-21 -3.989602e-20 6.233475e-20 3.231486e+02
194000 3.024773e-22 -3.556716e-20 6.473532e-20 4.381669e+01
195000 3.611354e-22 -4.099370e-20 5.936744e-20 5.231386e+01
196000 1.864932e-21 -4.030257e-20 6.156236e-20 2.701529e+02
197000 7.014497e-22 -4.022418e-20 6.047727e-20 1.016116e+02
198000 1.540705e-21 -4.077808e-20 6.076262e-20 2.231856e+02
199000 1.105492e-21 -3.979511e-20 6.131038e-20 1.601410e+02
200000 3.322136e-22 -4.092900e-20 5.940322e-20 4.812427e+01
201000 2.587966e-21 -4.106493e-20 6.152304e-20 3.748912e+02
202000 6.602114e-21 -3.840062e-20 6.820150e-20 9.563783e+02
203000 7.162607e-22 -4.079565e-20 5.992061e-20 1.037571e+02
204000 1.166687e-22 -3.948352e-20 6.063315e-20 1.690056e+01
205000 1.062995e-21 -4.066178e-20 6.040122e-20 1.539849e+02
206000 9.658940e-23 -4.061769e-20 5.947890e-20 1.399188e+01
207000 1.718449e-21 -4.105765e-20 6.066080e-20 2.489335e+02
208000 8.394625e-21 -4.077938e-20 6.761525e-20 1.216040e+03
209000 1.160662e-21 -3.480986e-20 6.635080e-20 1.681328e+02
210000 2.708384e-23 -3.952399e-20 6.050310e-20 3.923350e+00
211000 2.800005e-21 -3.825561e-20 6.454439e-20 4.056070e+02
212000 2.926776e-21 -3.961823e-20 6.330854e-20 4.239710e+02
213000 3.267931e-21 -4.109939e-20 6.216854e-20 4.733905e+02
214000 1.121109e-21 -4.109988e-20 6.002123e-20 1.624032e+02
215000 4.276701e-21 -4.092818e-20 6.334852e-20 6.195203e+02
216000 2.564511e-21 -4.097288e-20 6.159163e-20 3.714935e+02
217000 2.828092e-21 -3.984062e-20 6.298747e-20 4.096758e+02
218000 5.954781e-22 -4.110000e-20 5.949548e-20 8.626061e+01
219000 3.325076e-22 -3.867024e-20 6.166226e-20 4.816685e+01
220000 3.929519e-21 -4.062277e-20 6.330675e-20 5.692279e+02
221000 3.404634e-21 -3.888347e-20 6.452117e-20 4.931933e+02
222000 2.298587e-22 -4.036315e-20 5.986670e-20 3.329719e+01
223000 2.597311e-21 -4.100697e-20 6.159034e-20 3.762449e+02
224000 6.326184e-21 -4.080868e-20 6.551750e-20 9.164072e+02
225000 2.068799e-21 -4.096333e-20 6.110547e-20 2.996850e+02
226000 4.743764e-22 -4.007589e-20 6.039848e-20 6.871788e+01
227000 1.542757e-21 -3.896281e-20 6.257995e-20 2.234828e+02
228000 2.663844e-23 -4.077910e-20 5.924754e-20 3.858829e+00
229000 9.601243e-21 -3.938576e-20 7.021548e-20 1.390830e+03
230000 3.881760e-21 -3.950502e-20 6.437674e-20 5.623095e+02
231000 5.599470e-21 -3.180046e-20 7.379901e-20 8.111360e+02
232000 1.015077e-21 -3.092302e-20 7.009206e-20 1.470435e+02
233000 6.900374e-21 -4.098899e-20 6.591139e-20 9.995841e+02
234000 5.449516e-22 -4.102816e-20 5.951679e-20 7.894137e+01
235000 1.217321e-22 -3.954830e-20 6.057344e-20 1.763404e+01
236000 3.368620e-21 -4.108771e-20 6.228091e-20 4.879764e+02
237000 1.063188e-22 -4.107101e-20 5.903531e-20 1.540128e+01
238000 6.369064e-22 -4.078421e-20 5.985269e-20 9.226189e+01
239000 7.957679e-21 -4.045021e-20 6.750747e-20 1.152745e+03
240000 1.135640e-21 -3.027654e-20 7.085910e-20 1.645081e+02
241000 4.526061e-22 -4.051609e-20 5.993651e-20 6.556425e+01
242000 3.167177e-23 -3.741750e-20 6.261417e-20 4.587954e+00
243000 1.204134e-22 -4.107908e-20 5.904134e-20 1.744302e+01
244000 3.216249e-21 -3.975552e-20 6.346072e-20 4.659039e+02
245000 2.066788e-22 -4.104168e-20 5.916500e-20 2.993936e+01
246000 3.136792e-21 -4.108419e-20 6.205260e-20 4.543938e+02
247000 1.287447e-20 -3.818196e-20 7.469256e-20 1.864987e+03
248000 1.280964e-21 -4.091740e-20 6.036357e-20 1.855597e+02
249000 5.377956e-21 -4.081659e-20 6.456136e-20 7.790475e+02
250000 3.111790e-24 -4.068696e-20 5.931615e-20 4.507720e-01
251000 6.808888e-22 -3.804087e-20 6.264002e-20 9.863314e+01
252000 1.171859e-21 -3.434797e-20 6.682388e-20 1.697548e+02
253000 9.978632e-21 -4.066688e-20 6.931176e-20 1.445499e+03
254000 4.850972e-21 -3.850339e-20 6.634758e-20 7.027090e+02
255000 3.739284e-21 -3.561679e-20 6.812249e-20 5.416704e+02
256000 8.419452e-21 -3.587693e-20 7.254252e-20 1.219637e+03
257000 2.345630e-21 -4.106211e-20 6.128352e-20 3.397866e+02
258000 6.312737e-21 -3.909092e-20 6.722182e-20 9.144593e+02
259000 2.742818e-21 -4.071872e-20 6.202409e-20 3.973231e+02
260000 3.757391e-22 -3.855406e-20 6.182168e-20 5.442935e+01
261000 9.237795e-23 -4.053381e-20 5.955856e-20 1.338182e+01
262000 3.888069e-22 -4.031636e-20 6.007245e-20 5.632233e+01
263000 4.358885e-21 -3.857360e-20 6.578529e-20 6.314255e+02
264000 3.172770e-21 -3.970074e-20 6.347203e-20 4.596056e+02
265000 2.062241e-21 -4.025046e-20 6.181178e-20 2.987350e+02
266000 6.127362e-23 -4.014962e-20 5.991165e-20 8.876061e+00
267000 1.879274e-21 -4.102386e-20 6.085541e-20 2.722305e+02
268000 8.258501e-21 -3.075703e-20 7.750147e-20 1.196322e+03
269000 1.988285e-22 -4.031059e-20 5.988824e-20 2.880218e+01
270000 1.656106e-21 -4.006804e-20 6.158806e-20 2.399025e+02
271000 1.130747e-22 -3.694305e-20 6.317003e-20 1.637994e+01
272000 4.939983e-21 -4.085949e-20 6.408049e-20 7.156030e+02
273000 2.004297e-21 -4.109399e-20 6.091031e-20 2.903412e+02
274000 3.743256e-21 -3.960619e-20 6.413706e-20 5.422459e+02
275000 2.524391e-21 -3.766161e-20 6.514623e-20 3.656818e+02
276000 8.890376e-22 -3.533886e-20 6.555018e-20 1.287855e+02
277000 2.025164e-21 -4.067751e-20 6.134766e-20 2.933640e+02
278000 5.440739e-23 -4.057615e-20 5.947826e-20 7.881423e+00
279000 6.811150e-22 -3.413529e-20 6.654583e-20 9.866592e+01
280000 2.892846e-24 -4.013064e-20 5.987225e-20 4.190560e-01
281000 6.658719e-23 -3.694516e-20 6.312143e-20 9.645781e+00
282000 4.899765e-22 -4.098647e-20 5.950351e-20 7.097771e+01
283000 3.524407e-21 -3.936289e-20 6.416152e-20 5.105435e+02
284000 8.466436e-23 -4.018074e-20 5.990393e-20 1.226443e+01
285000 1.696635e-21 -4.059831e-20 6.109832e-20 2.457735e+02
286000 1.936973e-26 -3.922858e-20 6.077144e-20 2.805887e-03
287000 5.431387e-27 -4.042755e-20 5.957246e-20 7.867875e-04
288000 1.382791e-21 -4.049091e-20 6.089188e-20 2.003103e+02
289000 1.643479e-21 -4.028664e-20 6.135684e-20 2.380734e+02
290000 6.218405e-21 -4.109256e-20 6.512584e-20 9.007945e+02
291000 4.629815e-22 -3.793579e-20 6.252719e-20 6.706723e+01
292000 4.601743e-22 -4.079586e-20 5.966432e-20 6.666058e+01
293000 2.300742e-21 -4.062764e-20 6.167310e-20 3.332841e+02
294000 1.185692e-21 -4.108716e-20 6.009853e-20 1.717587e+02
295000 3.252990e-21 -3.933312e-20 6.391987e-20 4.712262e+02
296000 3.583844e-22 -4.104989e-20 5.930850e-20 5.191535e+01
297000 3.977973e-21 -3.464764e-20 6.933033e-20 5.762468e+02
298000 9.728585e-22 -4.051956e-20 6.045330e-20 1.409277e+02
299000 4.305846e-21 -4.107540e-20 6.323045e-20 6.237422e+02
300000 2.175344e-23 -3.841214e-20 6.160961e-20 3.151191e+00
301000 1.397784e-21 -4.104704e-20 6.035075e-20 2.024822e+02
302000 1.017475e-22 -4.096671e-20 5.913504e-20 1.473908e+01
303000 2.773613e-22 -3.930586e-20 6.097150e-20 4.017839e+01
304000 5.427624e-22 -3.656668e-20 6.397608e-20 7.862424e+01
305000 2.876222e-21 -3.813799e-20 6.473838e-20 4.166478e+02
306000 1.056209e-21 -3.851273e-20 6.254348e-20 1.530018e+02
307000 5.432133e-22 -4.072182e-20 5.982139e-20 7.868956e+01
308000 5.557097e-21 -3.977025e-20 6.578685e-20 8.049977e+02
309000 5.371539e-23 -4.106946e-20 5.898425e-20 7.781180e+00
310000 8.857896e-22 -3.690493e-20 6.398086e-20 1.283150e+02
311000 2.364961e-22 -4.094590e-20 5.929060e-20 3.425869e+01
312000 1.680650e-22 -4.085709e-20 5.931098e-20 2.434579e+01
313000 6.977461e-23 -3.874177e-20 6.132801e-20 1.010751e+01
314000 9.873179e-21 -4.003435e-20 6.983883e-20 1.430223e+03
315000 1.371039e-23 -4.004896e-20 5.996475e-20 1.986079e+00
316000 3.603862e-22 -4.009732e-20 6.026307e-20 5.220533e+01
317000 1.800851e-21 -4.101937e-20 6.078148e-20 2.608702e+02
318000 3.399408e-21 -4.026933e-20 6.313008e-20 4.924362e+02
319000 4.337049e-23 -3.203498e-20 6.800839e-20 6.282624e+00
320000 4.088949e-23 -4.026679e-20 5.977410e-20 5.923227e+00
321000 6.229214e-21 -4.109600e-20 6.513321e-20 9.023603e+02
322000 8.665634e-22 -4.053446e-20 6.033210e-20 1.255299e+02
323000 4.754846e-21 -3.212621e-20 7.262864e-20 6.887841e+02
324000 7.764734e-23 -3.631658e-20 6.376106e-20 1.124795e+01
325000 3.341450e-21 -4.100554e-20 6.233591e-20 4.840405e+02
326000 1.275544e-22 -3.847956e-20 6.164799e-20 1.847746e+01
327000 1.797589e-21 -4.106400e-20 6.073359e-20 2.603976e+02
328000 2.230557e-21 -3.815696e-20 6.407369e-20 3.231171e+02
329000 3.213787e-21 -3.889056e-20 6.432323e-20 4.655473e+02
330000 3.788942e-21 -3.554542e-20 6.824352e-20 5.488639e+02
331000 1.685243e-21 -4.057025e-20 6.111499e-20 2.441233e+02
332000 1.775401e-21 -4.106867e-20 6.070673e-20 2.571836e+02
333000 1.137348e-23 -3.992808e-20 6.008329e-20 1.647555e+00
334000 1.550397e-22 -3.938781e-20 6.076723e-20 2.245896e+01
335000 4.312269e-21 -4.006347e-20 6.424880e-20 6.246728e+02
336000 5.043382e-22 -4.101252e-20 5.949182e-20 7.305814e+01
337000 2.965200e-21 -4.086900e-20 6.209620e-20 4.295371e+02
338000 1.960450e-21 -3.878156e-20 6.317889e-20 2.839897e+02
339000 1.391908e-22 -4.107948e-20 5.905971e-20 2.016310e+01
340000 8.342454e-23 -4.098967e-20 5.909375e-20 1.208483e+01
341000 8.963043e-22 -3.427091e-20 6.662539e-20 1.298381e+02
342000 6.015893e-22 -4.071567e-20 5.988592e-20 8.714588e+01
343000 6.758928e-22 -3.896766e-20 6.170823e-20 9.790943e+01
344000 2.103251e-21 -3.796235e-20 6.414090e-20 3.046756e+02
345000 6.499846e-23 -4.032615e-20 5.973884e-20 9.415639e+00
346000 2.685096e-22 -4.068441e-20 5.958410e-20 3.889614e+01
347000 1.079603e-22 -4.027010e-20 5.983786e-20 1.563907e+01
348000 1.312846e-21 -3.960844e-20 6.170441e-20 1.901781e+02
349000 3.305845e-22 -3.834602e-20 6.198457e-20 4.788827e+01
350000 7.159733e-23 -4.107859e-20 5.899300e-20 1.037155e+01
351000 8.510094e-21 -3.985536e-20 6.865473e-20 1.232767e+03
352000 5.081458e-23 -3.713093e-20 6.291988e-20 7.360971e+00
353000 1.567389e-22 -3.826648e-20 6.189025e-20 2.270510e+01
354000 1.913039e-23 -3.995239e-20 6.006674e-20 2.771217e+00
355000 1.289372e-21 -4.047896e-20 6.081042e-20 1.867777e+02
356000 3.016541e-21 -4.079763e-20 6.221891e-20 4.369744e+02
357000 4.308724e-22 -3.937217e-20 6.105870e-20 6.241593e+01
358000 5.401970e-23 -3.862141e-20 6.143261e-20 7.825263e+00
359000 3.675757e-22 -4.109842e-20 5.926915e-20 5.324680e+01
360000 2.775682e-21 -4.044876e-20 6.232692e-20 4.020837e+02
361000 4.595790e-21 -3.435403e-20 7.024176e-20 6.657434e+02
362000 2.955489e-21 -3.953938e-20 6.341611e-20 4.281304e+02
363000 4.525420e-22 -4.029394e-20 6.015860e-20 6.555496e+01
364000 2.268415e-22 -4.109973e-20 5.912711e-20 3.286012e+01
365000 8.829463e-22 -4.078878e-20 6.009417e-20 1.279031e+02
366000 2.168346e-20 -3.929570e-20 8.238776e-20 3.141053e+03
367000 2.743823e-21 -4.061709e-20 6.212673e-20 3.974686e+02
368000 5.019697e-23 -3.980612e-20 6.024408e-20 7.271503e+00
369000 4.813899e-22 -4.068367e-20 5.979772e-20 6.973385e+01
370000 3.370420e-21 -3.741557e-20 6.595485e-20 4.882371e+02
371000 6.222799e-23 -3.486339e-20 6.519883e-20 9.014310e+00
372000 2.450413e-21 -4.017558e-20 6.227484e-20 3.549654e+02
373000 1.317728e-21 -3.971598e-20 6.160174e-20 1.908853e+02
374000 3.005709e-23 -4.041584e-20 5.961421e-20 4.354052e+00
375000 5.085178e-22 -4.017043e-20 6.033809e-20 7.366359e+01
376000 7.954999e-22 -4.086189e-20 5.993361e-20 1.152357e+02
377000 5.459582e-23 -3.967920e-20 6.037540e-20 7.908719e+00
378000 1.331820e-22 -3.883938e-20 6.129380e-20 1.929267e+01
379000 3.105025e-22 -4.109988e-20 5.921062e-20 4.497921e+01
380000 2.290138e-21 -4.098902e-20 6.130112e-20 3.317480e+02
381000 7.759408e-22 -4.109703e-20 5.967891e-20 1.124023e+02
382000 9.059641e-22 -4.026217e-20 6.064380e-20 1.312374e+02
383000 1.400743e-21 -3.860330e-20 6.279744e-20 2.029109e+02
384000 1.246650e-21 -3.976740e-20 6.147925e-20 1.805890e+02
385000 3.485684e-23 -4.016373e-20 5.987113e-20 5.049342e+00
386000 5.043156e-22 -4.109555e-20 5.940877e-20 7.305485e+01
387000 3.603683e-21 -3.818469e-20 6.541899e-20 5.220274e+02
388000 4.353626e-22 -4.051014e-20 5.992522e-20 6.306637e+01
389000 4.413929e-21 -3.297303e-20 7.144090e-20 6.393991e+02
390000 1.009599e-21 -3.967909e-20 6.133050e-20 1.462499e+02
391000 4.345868e-22 -3.810840e-20 6.232619e-20 6.295399e+01
392000 3.763093e-21 -3.924478e-20 6.451831e-20 5.451194e+02
393000 4.185831e-23 -4.106371e-20 5.897815e-20 6.063570e+00
394000 2.301030e-21 -3.732516e-20 7.170935e-20 3.333258e+02
395000 3.452966e-21 -3.884852e-20 6.460444e-20 5.001946e+02
396000 2.979480e-21 -4.109500e-20 6.188448e-20 4.316057e+02
397000 6.014443e-22 -3.933538e-20 6.126607e-20 8.712486e+01
398000 5.190839e-22 -4.066694e-20 5.985214e-20 7.519418e+01
399000 8.194727e-22 -4.034912e-20 6.047036e-20 1.187083e+02
400000 6.451549e-21 -4.108909e-20 6.536246e-20 9.345675e+02
401000 6.934890e-22 -3.999963e-20 6.069386e-20 1.004584e+02
402000 3.208123e-22 -4.106795e-20 5.925286e-20 4.647268e+01
403000 1.027836e-22 -4.017269e-20 5.993009e-20 1.488917e+01
404000 2.329012e-21 -4.054246e-20 6.178655e-20 3.373792e+02
405000 6.260500e-23 -3.916118e-20 6.090142e-20 9.068923e+00
406000 1.266183e-21 -3.887373e-20 6.239245e-20 1.834186e+02
407000 3.297663e-22 -4.100170e-20 5.932806e-20 4.776975e+01
408000 4.841465e-22 -3.962522e-20 6.085893e-20 7.013318e+01
409000 1.711610e-21 -3.839700e-20 6.331461e-20 2.479429e+02
410000 4.703355e-24 -3.951843e-20 6.048627e-20 6.813253e-01
411000 1.276908e-21 -3.942616e-20 6.185075e-20 1.849721e+02
412000 7.025501e-24 -4.068438e-20 5.932265e-20 1.017710e+00
413000 1.608492e-21 -3.930422e-20 6.230428e-20 2.330052e+02
414000 2.226683e-21 -4.103504e-20 6.119164e-20 3.225561e+02
415000 7.705244e-22 -3.830249e-20 6.246804e-20 1.116177e+02
416000 4.849995e-23 -4.103123e-20 5.901727e-20 7.025675e+00
417000 1.522240e-21 -3.561879e-20 6.590345e-20 2.205107e+02
418000 7.644856e-23 -4.037315e-20 5.970330e-20 1.107429e+01
419000 3.371264e-24 -4.054315e-20 5.946022e-20 4.883594e-01
420000 5.483107e-25 -3.897270e-20 6.102785e-20 7.942797e-02
421000 6.537258e-21 -4.106236e-20 6.547490e-20 9.469833e+02
422000 1.786793e-21 -3.628901e-20 6.549778e-20 2.588337e+02
423000 5.063633e-23 -3.518787e-20 6.486277e-20 7.335148e+00
424000 9.763649e-21 -3.971707e-20 7.004658e-20 1.414356e+03
425000 1.172573e-21 -4.079252e-20 6.038005e-20 1.698582e+02
426000 7.019750e-23 -4.108031e-20 5.898989e-20 1.016877e+01
427000 7.904432e-23 -3.964290e-20 6.043615e-20 1.145031e+01
428000 5.346953e-21 -4.034065e-20 6.500630e-20 7.745565e+02
429000 9.731052e-22 -4.041384e-20 6.055926e-20 1.409634e+02
430000 4.261425e-21 -3.946462e-20 6.479681e-20 6.173075e+02
431000 1.692459e-21 -3.962201e-20 6.207045e-20 2.451686e+02
432000 3.547711e-21 -4.039204e-20 6.315567e-20 5.139193e+02
433000 9.923462e-23 -4.002693e-20 6.007230e-20 1.437507e+01
434000 2.192551e-21 -4.107590e-20 6.111665e-20 3.176116e+02
435000 3.124187e-22 -4.091911e-20 5.939331e-20 4.525679e+01
436000 4.060553e-22 -4.037622e-20 6.002983e-20 5.882094e+01
437000 2.219139e-21 -3.921800e-20 6.300114e-20 3.214631e+02
438000 4.361223e-21 -3.851237e-20 6.584885e-20 6.317642e+02
439000 1.959671e-23 -3.987166e-20 6.014793e-20 2.838768e+00
440000 5.589710e-22 -4.091464e-20 5.964433e-20 8.097221e+01
441000 2.073605e-21 -3.842823e-20 6.364537e-20 3.003812e+02
442000 5.143209e-22 -4.037441e-20 6.013991e-20 7.450422e+01
443000 3.810365e-24 -4.080016e-20 5.920365e-20 5.519672e-01
444000 1.432956e-21 -4.057109e-20 6.086187e-20 2.075771e+02
445000 1.066811e-21 -3.996131e-20 6.110550e-20 1.545376e+02
446000 1.048741e-21 -4.020002e-20 6.084872e-20 1.519201e+02
447000 3.611603e-21 -4.040459e-20 6.320701e-20 5.231747e+02
448000 4.156563e-21 -3.932519e-20 6.483137e-20 6.021172e+02
449000 4.499088e-21 -4.072929e-20 6.376980e-20 6.517353e+02
450000 7.786359e-23 -4.107205e-20 5.900581e-20 1.127927e+01
451000 1.807650e-21 -4.045446e-20 6.135319e-20 2.618552e+02
452000 5.048232e-21 -4.109593e-20 6.395230e-20 7.312839e+02
453000 2.026444e-21 -3.989238e-20 6.213406e-20 2.935495e+02
454000 1.127076e-21 -3.546143e-20 6.566564e-20 1.632676e+02
455000 6.696266e-22 -3.792917e-20 6.274697e-20 9.700171e+01
456000 3.175504e-21 -4.103698e-20 6.213852e-20 4.600017e+02
457000 7.094878e-25 -3.970848e-20 6.029223e-20 1.027760e-01
458000 8.219185e-22 -4.100067e-20 5.982124e-20 1.190626e+02
459000 1.215327e-22 -4.086509e-20 5.925644e-20 1.760516e+01
460000 7.563392e-22 -4.108992e-20 5.966642e-20 1.095628e+02
461000 7.804934e-22 -3.988901e-20 6.089148e-20 1.130618e+02
462000 2.709546e-21 -4.109690e-20 6.161264e-20 3.925033e+02
463000 1.447680e-21 -4.024302e-20 6.120466e-20 2.097101e+02
464000 2.262431e-21 -4.021061e-20 6.205182e-20 3.277344e+02
465000 7.693725e-23 -3.979799e-20 6.027894e-20 1.114508e+01
466000 1.572158e-22 -4.042933e-20 5.972788e-20 2.277419e+01
467000 7.947116e-22 -4.109965e-20 5.969506e-20 1.151215e+02
468000 1.179010e-20 -4.029907e-20 7.149102e-20 1.707907e+03
469000 4.202955e-21 -4.099480e-20 6.320816e-20 6.088376e+02
470000 1.280670e-22 -4.054438e-20 5.958368e-20 1.855171e+01
471000 4.115694e-22 -4.061172e-20 5.979985e-20 5.961971e+01
472000 8.140289e-23 -4.070260e-20 5.937880e-20 1.179197e+01
473000 3.603890e-21 -3.912593e-20 6.447796e-20 5.220574e+02
474000 1.616014e-22 -3.952743e-20 6.063417e-20 2.340949e+01
475000 2.947012e-21 -4.034530e-20 6.260171e-20 4.269024e+02
476000 7.536563e-21 -4.055307e-20 6.698349e-20 1.091742e+03
477000 1.033349e-23 -3.533464e-20 6.467569e-20 1.496903e+00
478000 1.411645e-21 -3.963089e-20 6.178076e-20 2.044901e+02
479000 6.677805e-22 -2.172724e-20 7.894054e-20 9.673429e+01
480000 3.762330e-23 -4.033876e-20 5.969886e-20 5.450089e+00
481000 8.217750e-22 -3.994173e-20 6.088005e-20 1.190418e+02
482000 1.507735e-21 -3.567881e-20 6.582892e-20 2.184096e+02
483000 5.248784e-22 -3.900387e-20 6.152101e-20 7.603357e+01
484000 1.976816e-21 -4.019037e-20 6.178644e-20 2.863603e+02
485000 7.529406e-21 -4.009400e-20 6.743541e-20 1.090705e+03
486000 3.066178e-21 -3.496612e-20 6.810006e-20 4.441647e+02
487000 1.730655e-20 -4.102296e-20 7.628359e-20 2.507017e+03
488000 6.140530e-28 -4.100784e-20 5.899216e-20 8.895136e-05
489000 1.431669e-21 -4.106330e-20 6.036837e-20 2.073907e+02
490000 1.579244e-21 -3.998731e-20 6.159193e-20 2.287683e+02
491000 5.313229e-21 -4.091181e-20 6.440142e-20 7.696713e+02
492000 7.345823e-22 -3.973185e-20 6.100273e-20 1.064112e+02
493000 1.288026e-21 -4.052481e-20 6.076321e-20 1.865827e+02
494000 5.034648e-21 -3.981137e-20 6.522328e-20 7.293161e+02
495000 5.251652e-24 -3.763938e-20 6.273386e-20 7.607512e-01
496000 8.080092e-21 -4.086432e-20 6.721578e-20 1.170477e+03
497000 3.781230e-23 -4.007354e-20 5.996427e-20 5.477468e+00
498000 3.348046e-22 -4.082184e-20 5.951296e-20 4.849960e+01
499000 2.937724e-21 -3.851943e-20 6.441829e-20 4.255570e+02
500000 1.645789e-22 -3.712697e-20 6.303761e-20 2.384081e+01
501000 8.362879e-24 -4.109980e-20 5.890857e-20 1.211442e+00
502000 6.214283e-21 -3.952956e-20 6.668473e-20 9.001974e+02
503000 2.392725e-20 -4.109698e-20 8.283026e-20 3.466087e+03
504000 1.005746e-20 -4.058425e-20 6.947321e-20 1.456918e+03
505000 7.854218e-21 -4.079722e-20 6.705700e-20 1.137757e+03
506000 7.494565e-22 -4.051275e-20 6.023670e-20 1.085658e+02
507000 5.921932e-22 -4.090519e-20 5.968700e-20 8.578475e+01
508000 4.789432e-25 -3.980561e-20 6.019487e-20 6.937943e-02
509000 7.308386e-22 -4.109767e-20 5.963317e-20 1.058688e+02
510000 2.276015e-21 -3.566102e-20 6.661499e-20 3.297022e+02
511000 1.881542e-21 -3.988759e-20 6.199395e-20 2.725590e+02
512000 8.375139e-24 -4.047598e-20 5.953239e-20 1.213218e+00
513000 3.721702e-22 -4.103763e-20 5.933454e-20 5.391235e+01
514000 5.013606e-22 -3.996198e-20 6.053938e-20 7.262680e+01
515000 4.635468e-22 -3.791602e-20 6.255560e-20 6.714911e+01
516000 2.104555e-21 -4.072513e-20 6.137943e-20 3.048646e+02
517000 9.050649e-23 -3.830785e-20 6.178265e-20 1.311072e+01
518000 1.065090e-21 -4.007737e-20 6.098772e-20 1.542883e+02
519000 9.068898e-22 -3.744948e-20 6.345741e-20 1.313715e+02
520000 6.875635e-22 -3.957113e-20 6.111643e-20 9.960005e+01
521000 1.691708e-21 -4.005723e-20 6.163448e-20 2.450598e+02
522000 3.621708e-23 -4.109488e-20 5.894134e-20 5.246384e+00
523000 3.539882e-22 -3.773316e-20 6.262083e-20 5.127852e+01
524000 6.439532e-22 -4.079721e-20 5.984675e-20 9.328268e+01
525000 5.121151e-22 -3.940929e-20 6.110282e-20 7.418468e+01
526000 1.686215e-21 -4.040157e-20 6.128464e-20 2.442642e+02
527000 2.988849e-21 -3.704927e-20 6.593958e-20 4.329629e+02
528000 1.345412e-22 -3.821206e-20 6.192248e-20 1.948956e+01
529000 1.134427e-20 -3.683947e-20 7.450481e-20 1.643325e+03
530000 2.386834e-23 -4.076476e-20 5.925911e-20 3.457554e+00
531000 6.531050e-21 -3.979614e-20 6.673491e-20 9.460841e+02
532000 3.996038e-21 -3.988016e-20 6.411588e-20 5.788638e+02
533000 1.333151e-20 -3.918354e-20 7.414797e-20 1.931194e+03
534000 8.951335e-24 -3.432106e-20 6.568789e-20 1.296685e+00
535000 1.667530e-21 -3.772846e-20 6.393907e-20 2.415574e+02
536000 2.825204e-22 -4.004187e-20 6.024065e-20 4.092574e+01
537000 8.337508e-22 -3.897448e-20 6.185928e-20 1.207767e+02
538000 9.010613e-21 -3.520584e-20 7.380477e-20 1.305272e+03
539000 2.001341e-21 -4.000347e-20 6.199787e-20 2.899131e+02
540000 1.708943e-22 -4.107395e-20 5.909694e-20 2.475565e+01
541000 5.211435e-21 -4.026524e-20 6.494620e-20 7.549254e+02
542000 1.803221e-22 -4.059475e-20 5.958557e-20 2.612136e+01
543000 1.269373e-22 -3.938024e-20 6.074670e-20 1.838806e+01
544000 2.322700e-21 -4.065614e-20 6.166656e-20 3.364650e+02
545000 1.335352e-21 -3.858831e-20 6.274704e-20 1.934383e+02
546000 9.778498e-23 -4.014687e-20 5.995092e-20 1.416507e+01
547000 2.031995e-23 -3.970875e-20 6.031157e-20 2.943536e+00
548000 1.341728e-22 -4.091314e-20 5.922103e-20 1.943619e+01
549000 1.318363e-22 -3.292926e-20 6.720258e-20 1.909773e+01
550000 8.790419e-21 -3.736545e-20 7.142497e-20 1.273375e+03
551000 4.382726e-23 -4.108374e-20 5.896009e-20 6.348791e+00
552000 1.793902e-21 -4.091563e-20 6.087827e-20 2.598636e+02
553000 5.580367e-21 -3.390965e-20 7.167072e-20 8.083687e+02
554000 2.904239e-21 -4.109537e-20 6.180887e-20 4.207064e+02
555000 1.396649e-20 -4.099629e-20 7.297020e-20 2.023177e+03
556000 1.015532e-21 -3.952199e-20 6.149354e-20 1.471093e+02
557000 1.605420e-22 -4.109282e-20 5.906772e-20 2.325602e+01
558000 6.897848e-22 -4.107277e-20 5.961702e-20 9.992182e+01
559000 8.785121e-22 -4.089827e-20 5.998024e-20 1.272607e+02
560000 5.580062e-21 -4.109426e-20 6.448580e-20 8.083245e+02
561000 1.231758e-22 -4.105092e-20 5.907226e-20 1.784317e+01
562000 1.188952e-21 -3.840993e-20 6.277902e-20 1.722309e+02
563000 2.546459e-21 -3.759259e-20 6.495387e-20 3.688786e+02
564000 9.158954e-22 -4.092095e-20 5.999494e-20 1.326761e+02
565000 1.218716e-21 -3.936704e-20 6.185168e-20 1.765425e+02
566000 1.119069e-21 -4.037443e-20 6.074464e-20 1.621076e+02
567000 2.294257e-21 -4.075508e-20 6.153918e-20 3.323447e+02
568000 9.741216e-22 -3.962045e-20 6.135367e-20 1.411107e+02
569000 9.543248e-21 -4.098661e-20 6.855664e-20 1.382429e+03
570000 2.918494e-21 -1.277592e-20 9.014258e-20 4.227713e+02
571000 3.553412e-21 -4.101221e-20 6.254120e-20 5.147452e+02
572000 1.608125e-21 -4.086885e-20 6.073927e-20 2.329521e+02
573000 2.692151e-21 -4.093909e-20 6.175306e-20 3.899834e+02
574000 4.618002e-21 -4.102375e-20 6.359425e-20 6.689610e+02
575000 7.104477e-22 -4.037266e-20 6.033779e-20 1.029150e+02
576000 9.758876e-23 -4.103016e-20 5.906743e-20 1.413665e+01
577000 7.695230e-22 -4.064074e-20 6.012878e-20 1.114726e+02
578000 2.124841e-22 -4.075894e-20 5.945354e-20 3.078032e+01
579000 6.472789e-21 -4.053595e-20 6.593684e-20 9.376444e+02
580000 3.674266e-21 -4.045448e-20 6.321979e-20 5.322520e+02
581000 3.166653e-23 -4.039182e-20 5.963985e-20 4.587195e+00
582000 1.129945e-20 -3.804081e-20 7.325864e-20 1.636832e+03
583000 3.675593e-22 -4.084110e-20 5.952646e-20 5.324442e+01
584000 4.912568e-22 -4.106028e-20 5.943098e-20 7.116317e+01
585000 3.813508e-21 -4.052628e-20 6.328723e-20 5.524225e+02
586000 1.755756e-21 -4.088292e-20 6.087283e-20 2.543378e+02
587000 2.837298e-21 -3.503710e-20 6.780020e-20 4.110094e+02
588000 1.341613e-21 -3.440512e-20 6.693649e-20 1.943453e+02
589000 6.669033e-22 -2.962701e-20 7.103990e-20 9.660722e+01
590000 1.925579e-21 -4.109644e-20 6.082914e-20 2.789382e+02
591000 1.827061e-21 -4.104186e-20 6.078520e-20 2.646670e+02
592000 1.102851e-22 -3.765579e-20 6.245449e-20 1.597583e+01
593000 4.471569e-23 -4.083222e-20 5.921250e-20 6.477488e+00
594000 7.456733e-23 -4.095664e-20 5.911793e-20 1.080178e+01
595000 1.164415e-21 -4.077650e-20 6.038791e-20 1.686765e+02
596000 4.198326e-21 -3.879544e-20 6.540288e-20 6.081670e+02
597000 1.437097e-22 -4.109996e-20 5.904375e-20 2.081770e+01
598000 4.472600e-22 -3.940247e-20 6.104479e-20 6.478981e+01
599000 6.239784e-21 -4.102253e-20 6.521725e-20 9.038915e+02
600000 4.995481e-23 -3.936072e-20 6.068924e-20 7.236424e+00
601000 7.948708e-21 -4.109928e-20 6.684943e-20 1.151445e+03
602000 9.568644e-22 -3.971454e-20 6.124232e-20 1.386108e+02
603000 4.089708e-24 -4.109541e-20 5.890868e-20 5.924327e-01
604000 3.678538e-21 -4.108366e-20 6.259487e-20 5.328709e+02
605000 9.149302e-21 -3.966772e-20 6.948158e-20 1.325362e+03
606000 8.419555e-21 -4.037843e-20 6.804112e-20 1.219652e+03
607000 4.074332e-22 -4.089065e-20 5.951678e-20 5.902053e+01
608000 2.077052e-21 -4.093353e-20 6.114352e-20 3.008805e+02
609000 7.954668e-22 -3.990881e-20 6.088666e-20 1.152309e+02
610000 1.417905e-22 -3.952966e-20 6.061213e-20 2.053969e+01
611000 2.933488e-23 -4.096000e-20 5.906933e-20 4.249433e+00
612000 3.395201e-22 -4.107474e-20 5.926478e-20 4.918268e+01
613000 1.386493e-21 -4.096987e-20 6.041662e-20 2.008465e+02
614000 1.785663e-21 -3.993082e-20 6.185484e-20 2.586701e+02
615000 1.912043e-21 -4.062418e-20 6.128786e-20 2.769774e+02
616000 5.186064e-22 -2.933964e-20 7.117897e-20 7.512502e+01
617000 7.642387e-23 -3.776594e-20 6.231049e-20 1.107072e+01
618000 8.902005e-22 -4.046323e-20 6.042697e-20 1.289539e+02
619000 8.267584e-22 -4.109065e-20 5.973611e-20 1.197637e+02
620000 1.189568e-21 -4.025861e-20 6.093096e-20 1.723202e+02
621000 1.290219e-25 -3.663134e-20 6.336879e-20 1.869004e-02
622000 9.153797e-22 -4.036400e-20 6.055138e-20 1.326014e+02
623000 1.435422e-21 -3.980032e-20 6.163510e-20 2.079344e+02
624000 3.668027e-22 -4.090691e-20 5.945990e-20 5.313482e+01
625000 7.947948e-25 -3.979725e-20 6.020354e-20 1.151335e-01
626000 2.983988e-21 -4.063257e-20 6.235142e-20 4.322587e+02
627000 6.865422e-22 -3.370140e-20 6.698515e-20 9.945209e+01
628000 2.117382e-23 -3.952532e-20 6.049586e-20 3.067227e+00
629000 9.211275e-23 -3.849724e-20 6.159487e-20 1.334340e+01
630000 3.507574e-21 -4.102202e-20 6.248555e-20 5.081050e+02
631000 8.306177e-22 -3.671595e-20 6.411467e-20 1.203228e+02
632000 1.855932e-21 -4.021929e-20 6.163664e-20 2.688492e+02
633000 3.163654e-23 -3.934041e-20 6.069123e-20 4.582850e+00
634000 1.874142e-22 -4.106069e-20 5.912672e-20 2.714872e+01
635000 3.692084e-22 -4.093330e-20 5.943591e-20 5.348331e+01
636000 3.346785e-21 -3.976040e-20 6.358639e-20 4.848133e+02
637000 1.644315e-23 -4.036629e-20 5.965015e-20 2.381944e+00
638000 1.739186e-21 -4.100515e-20 6.073403e-20 2.519374e+02
639000 2.042262e-21 -3.536299e-20 6.667927e-20 2.958409e+02
640000 3.474603e-21 -2.917625e-20 7.429836e-20 5.033289e+02
641000 1.061374e-21 -4.095363e-20 6.010774e-20 1.537500e+02
642000 1.043220e-20 -4.097840e-20 6.945380e-20 1.511203e+03
643000 6.927072e-21 -3.988191e-20 6.704516e-20 1.003452e+03
644000 1.805593e-21 -3.937110e-20 6.243449e-20 2.615571e+02
645000 4.019223e-21 -4.087485e-20 6.314438e-20 5.822222e+02
646000 5.477232e-22 -4.042492e-20 6.012281e-20 7.934285e+01
647000 3.497501e-21 -4.091755e-20 6.257995e-20 5.066459e+02
648000 5.227981e-21 -3.926224e-20 6.596574e-20 7.573222e+02
649000 5.009922e-22 -4.016013e-20 6.034086e-20 7.257343e+01
650000 1.377481e-20 -3.903646e-20 7.473835e-20 1.995411e+03
651000 3.040936e-22 -4.109980e-20 5.920429e-20 4.405081e+01
652000 9.155136e-24 -4.089564e-20 5.911351e-20 1.326208e+00
653000 1.735932e-21 -4.108828e-20 6.064765e-20 2.514661e+02
654000 1.721318e-22 -4.019728e-20 5.997485e-20 2.493491e+01
655000 3.236736e-21 -4.069081e-20 6.254593e-20 4.688717e+02
656000 5.405748e-21 -4.071697e-20 6.468878e-20 7.830735e+02
657000 1.988357e-21 -4.079649e-20 6.119187e-20 2.880323e+02
658000 4.703057e-21 -4.052258e-20 6.418048e-20 6.812821e+02
659000 1.592521e-22 -4.095437e-20 5.920488e-20 2.306916e+01
660000 1.603863e-21 -4.095629e-20 6.064758e-20 2.323347e+02
661000 2.828008e-21 -4.105703e-20 6.177097e-20 4.096635e+02
662000 2.077016e-23 -4.073812e-20 5.928265e-20 3.008754e+00
663000 3.188492e-21 -4.109599e-20 6.209250e-20 4.618831e+02
664000 9.803304e-22 -4.103501e-20 5.994532e-20 1.420101e+02
665000 4.229749e-21 -3.954448e-20 6.468527e-20 6.127190e+02
666000 7.495303e-22 -3.215704e-20 6.859249e-20 1.085765e+02
667000 7.006419e-23 -3.843890e-20 6.163116e-20 1.014946e+01
668000 3.495215e-22 -4.098440e-20 5.936512e-20 5.063147e+01
669000 3.386919e-23 -4.109313e-20 5.894074e-20 4.906271e+00
670000 2.206222e-21 -4.089343e-20 6.131279e-20 3.195920e+02
671000 4.415877e-21 -4.017455e-20 6.424133e-20 6.396814e+02
672000 4.545432e-21 -4.106396e-20 6.348147e-20 6.584485e+02
673000 1.998915e-22 -2.177559e-20 7.842431e-20 2.895617e+01
674000 1.260688e-21 -4.109927e-20 6.016142e-20 1.826225e+02
675000 7.624830e-21 -4.107807e-20 6.654676e-20 1.104528e+03
676000 1.699251e-22 -4.057241e-20 5.959752e-20 2.461526e+01
677000 9.185385e-21 -4.003324e-20 6.915214e-20 1.330590e+03
678000 8.571607e-22 -3.987458e-20 6.098258e-20 1.241678e+02
679000 5.194177e-21 -3.961121e-20 6.558296e-20 7.524255e+02
680000 2.421642e-25 -2.566316e-20 7.433709e-20 3.507977e-02
681000 3.455534e-21 -4.036628e-20 6.308925e-20 5.005666e+02
682000 4.695069e-22 -4.095359e-20 5.951592e-20 6.801249e+01
683000 6.552591e-23 -3.994279e-20 6.012274e-20 9.492045e+00
684000 1.126749e-20 -4.108452e-20 7.018297e-20 1.632201e+03
685000 3.366809e-23 -4.072524e-20 5.930843e-20 4.877140e+00
686000 3.177191e-22 -3.769091e-20 6.282539e-20 4.602460e+01
687000 3.356111e-23 -3.670621e-20 6.332735e-20 4.861643e+00
688000 1.640318e-21 -3.586390e-20 6.577642e-20 2.376155e+02
689000 3.627998e-21 -3.898149e-20 6.464651e-20 5.255497e+02
690000 4.188065e-22 -4.109896e-20 5.931985e-20 6.066807e+01
691000 2.087818e-21 -4.041409e-20 6.167373e-20 3.024401e+02
692000 6.233997e-25 -4.050876e-20 5.949187e-20 9.030532e-02
693000 2.784211e-22 -3.883134e-20 6.144709e-20 4.033191e+01
694000 1.327231e-21 -4.065024e-20 6.067699e-20 1.922619e+02
695000 3.646763e-22 -3.605280e-20 6.431188e-20 5.282679e+01
696000 2.800824e-21 -3.713084e-20 6.566998e-20 4.057257e+02
697000 9.612593e-22 -3.613022e-20 6.483104e-20 1.392475e+02
698000 1.741206e-23 -4.058063e-20 5.943678e-20 2.522300e+00
699000 2.479094e-21 -3.967329e-20 6.280581e-20 3.591200e+02
700000 6.258169e-21 -4.056133e-20 6.569684e-20 9.065547e+02
701000 1.653856e-21 -4.051284e-20 6.114102e-20 2.395766e+02
702000 1.721895e-22 -3.954984e-20 6.062235e-20 2.494326e+01
703000 2.707956e-21 -4.079127e-20 6.191668e-20 3.922729e+02
704000 3.023522e-23 -3.863944e-20 6.139080e-20 4.379856e+00
705000 3.084539e-21 -3.879317e-20 6.429137e-20 4.468245e+02
706000 1.818836e-21 -3.982439e-20 6.199445e-20 2.634755e+02
707000 4.911822e-23 -4.043862e-20 5.961050e-20 7.115236e+00
708000 8.298427e-23 -3.651961e-20 6.356338e-20 1.202105e+01
709000 1.086796e-21 -4.090362e-20 6.018318e-20 1.574326e+02
710000 2.410137e-21 -3.537621e-20 6.703392e-20 3.491310e+02
711000 2.794134e-21 -4.016423e-20 6.262990e-20 4.047566e+02
712000 6.991673e-23 -4.074098e-20 5.932893e-20 1.012810e+01
713000 6.097913e-24 -4.036305e-20 5.964305e-20 8.833400e-01
714000 1.038077e-21 -4.064150e-20 6.039657e-20 1.503752e+02
715000 3.165422e-21 -4.075223e-20 6.241319e-20 4.585412e+02
716000 6.703598e-22 -4.021791e-20 6.045245e-20 9.710792e+01
717000 1.598654e-21 -4.106038e-20 6.053828e-20 2.315801e+02
718000 4.148005e-21 -4.106998e-20 6.307802e-20 6.008775e+02
719000 4.856008e-21 -4.104869e-20 6.380732e-20 7.034385e+02
720000 1.222621e-21 -3.634367e-20 6.487895e-20 1.771082e+02
721000 1.341274e-22 -3.208395e-20 6.805018e-20 1.942962e+01
722000 1.983311e-22 -4.101264e-20 5.918569e-20 2.873012e+01
723000 2.366749e-21 -4.030491e-20 6.206184e-20 3.428458e+02
724000 2.385792e-21 -4.036908e-20 6.201671e-20 3.456045e+02
725000 1.035780e-21 -4.062243e-20 6.041335e-20 1.500425e+02
726000 5.547949e-23 -3.987681e-20 6.017867e-20 8.036726e+00
727000 3.163771e-21 -4.079527e-20 6.236850e-20 4.583020e+02
728000 2.895622e-21 -4.057351e-20 6.232211e-20 4.194581e+02
729000 1.100437e-20 -3.811888e-20 7.288549e-20 1.594087e+03
730000 2.602097e-22 -3.991227e-20 6.034794e-20 3.769382e+01
731000 3.571521e-21 -3.902860e-20 6.454292e-20 5.173685e+02
732000 4.505552e-22 -3.977996e-20 6.067060e-20 6.526717e+01
733000 1.814204e-21 -4.100776e-20 6.080645e-20 2.628045e+02
734000 1.722300e-22 -3.932092e-20 6.085131e-20 2.494914e+01
735000 7.959338e-22 -4.061860e-20 6.017733e-20 1.152985e+02
736000 4.244839e-21 -4.102396e-20 6.322088e-20 6.149049e+02
737000 7.091455e-22 -3.793371e-20 6.278148e-20 1.027264e+02
738000 8.271065e-21 -4.091387e-20 6.735720e-20 1.198142e+03
739000 6.208736e-22 -4.103676e-20 5.958411e-20 8.993938e+01
740000 3.883014e-23 -4.094535e-20 5.909348e-20 5.624911e+00
741000 7.188849e-22 -3.396207e-20 6.675681e-20 1.041372e+02
742000 1.305890e-25 -3.513913e-20 6.486101e-20 1.891704e-02
743000 3.593415e-22 -3.947435e-20 6.088500e-20 5.205400e+01
744000 3.542029e-22 -4.105572e-20 5.929849e-20 5.130963e+01
745000 6.225738e-22 -4.039438e-20 6.022820e-20 9.018567e+01
746000 9.203103e-22 -4.033534e-20 6.058497e-20 1.333156e+02
747000 3.148690e-22 -4.088815e-20 5.942672e-20 4.561174e+01
748000 1.822175e-23 -3.786585e-20 6.215238e-20 2.639593e+00
749000 4.486257e-22 -3.642234e-20 6.402628e-20 6.498765e+01
750000 1.274082e-21 -4.109681e-20 6.017727e-20 1.845628e+02
751000 2.137348e-21 -4.099335e-20 6.114400e-20 3.096149e+02
752000 4.604701e-21 -3.913135e-20 6.547335e-20 6.670343e+02
753000 6.804583e-22 -4.020461e-20 6.047585e-20 9.857078e+01
754000 1.391251e-21 -3.588000e-20 6.551126e-20 2.015359e+02
755000 2.405220e-21 -4.104386e-20 6.136136e-20 3.484188e+02
756000 6.390169e-21 -3.740045e-20 6.898972e-20 9.256761e+02
757000 4.160167e-21 -4.079803e-20 6.336214e-20 6.026393e+02
758000 1.623919e-21 -4.019242e-20 6.143150e-20 2.352399e+02
759000 1.090457e-20 -4.089991e-20 7.000467e-20 1.579630e+03
760000 1.949776e-23 -4.057526e-20 5.944423e-20 2.824434e+00
761000 2.634271e-21 -3.982770e-20 6.280657e-20 3.815989e+02
762000 1.877124e-21 -4.054237e-20 6.133475e-20 2.719191e+02
763000 2.618085e-23 -2.941749e-20 7.060869e-20 3.792542e+00
764000 1.003792e-21 -4.109936e-20 5.990443e-20 1.454087e+02
765000 2.537227e-21 -3.955267e-20 6.298455e-20 3.675412e+02
766000 6.409087e-21 -3.804375e-20 6.836533e-20 9.284165e+02
767000 2.101127e-22 -3.861319e-20 6.159693e-20 3.043680e+01
768000 1.821895e-21 -4.109999e-20 6.072190e-20 2.639186e+02
769000 4.801079e-23 -4.065519e-20 5.939282e-20 6.954815e+00
770000 1.903800e-21 -4.034255e-20 6.156125e-20 2.757834e+02
771000 2.496594e-22 -3.990275e-20 6.034691e-20 3.616551e+01
772000 1.702043e-24 -3.798869e-20 6.201539e-20 2.465570e-01
773000 2.337234e-23 -4.063962e-20 5.938375e-20 3.385703e+00
774000 3.376370e-21 -3.691766e-20 6.645871e-20 4.890989e+02
775000 3.629402e-22 -4.107822e-20 5.928472e-20 5.257531e+01
776000 1.946929e-21 -3.924300e-20 6.270393e-20 2.820309e+02
777000 1.117863e-21 -4.045562e-20 6.066224e-20 1.619330e+02
778000 1.886913e-22 -4.059019e-20 5.959850e-20 2.733371e+01
779000 1.964503e-22 -4.101649e-20 5.917996e-20 2.845768e+01
780000 1.775453e-22 -3.906063e-20 6.111692e-20 2.571910e+01
781000 1.766658e-22 -4.090825e-20 5.926842e-20 2.559170e+01
782000 1.030281e-21 -4.096714e-20 6.006314e-20 1.492459e+02
783000 2.457938e-23 -3.204813e-20 6.797645e-20 3.560555e+00
784000 1.554410e-21 -4.109013e-20 6.046428e-20 2.251709e+02
785000 9.220435e-22 -3.955464e-20 6.136741e-20 1.335667e+02
786000 1.595316e-22 -4.104280e-20 5.911673e-20 2.310965e+01
787000 8.075110e-21 -4.087424e-20 6.720087e-20 1.169756e+03
788000 2.648399e-21 -3.830303e-20 6.434537e-20 3.836455e+02
789000 3.721282e-21 -4.089163e-20 6.282966e-20 5.390627e+02
790000 3.935932e-21 -3.684374e-20 6.709219e-20 5.701568e+02
791000 9.121822e-21 -4.103047e-20 6.809135e-20 1.321382e+03
792000 3.470885e-21 -3.928206e-20 6.418882e-20 5.027903e+02
793000 4.487063e-22 -4.103252e-20 5.941618e-20 6.499933e+01
794000 5.459373e-22 -3.740686e-20 6.313908e-20 7.908416e+01
795000 5.168011e-21 -3.708164e-20 6.808637e-20 7.486350e+02
796000 4.940768e-21 -4.088393e-20 6.405683e-20 7.157168e+02
797000 3.848398e-21 -4.017629e-20 6.367210e-20 5.574766e+02
798000 4.455035e-24 -3.369171e-20 6.631274e-20 6.453537e-01
799000 9.372731e-23 -4.107900e-20 5.901473e-20 1.357728e+01
800000 1.040474e-22 -4.105828e-20 5.904576e-20 1.507225e+01
801000 7.894151e-22 -3.932597e-20 6.146345e-20 1.143542e+02
802000 5.518057e-22 -3.957387e-20 6.097794e-20 7.993425e+01
803000 3.563340e-21 -4.109974e-20 6.246360e-20 5.161833e+02
804000 7.547706e-23 -4.020653e-20 5.986895e-20 1.093356e+01
805000 5.186297e-22 -3.816927e-20 6.234944e-20 7.512839e+01
806000 2.366877e-21 -4.109769e-20 6.126918e-20 3.428643e+02
807000 4.821013e-22 -4.087380e-20 5.960830e-20 6.983692e+01
808000 2.065505e-21 -3.821119e-20 6.385435e-20 2.992079e+02
809000 2.562885e-21 -4.034783e-20 6.221505e-20 3.712580e+02
810000 4.254620e-21 -4.105013e-20 6.320449e-20 6.163217e+02
811000 9.942561e-21 -4.103866e-20 6.890390e-20 1.440273e+03
812000 4.883185e-22 -4.029938e-20 6.018893e-20 7.073753e+01
813000 7.953165e-24 -4.051133e-20 5.949662e-20 1.152091e+00
814000 7.673810e-23 -4.032117e-20 5.975557e-20 1.111624e+01
815000 2.125094e-21 -4.033602e-20 6.178908e-20 3.078399e+02
816000 7.488624e-22 -4.028547e-20 6.046339e-20 1.084798e+02
817000 3.183319e-22 -3.970338e-20 6.061496e-20 4.611337e+01
818000 1.073046e-21 -4.038882e-20 6.068422e-20 1.554408e+02
819000 3.173175e-21 -4.108570e-20 6.208747e-20 4.596643e+02
820000 7.524056e-22 -3.868283e-20 6.206958e-20 1.089930e+02
821000 1.278957e-21 -4.000163e-20 6.127732e-20 1.852689e+02
822000 3.097467e-21 -4.036474e-20 6.273273e-20 4.486972e+02
823000 5.622968e-21 -4.079847e-20 6.482450e-20 8.145399e+02
824000 4.782200e-21 -4.099540e-20 6.378680e-20 6.927466e+02
825000 1.953317e-23 -4.062359e-20 5.939595e-20 2.829564e+00
826000 3.480317e-22 -3.894896e-20 6.139907e-20 5.041567e+01
827000 4.339213e-21 -4.109996e-20 6.323925e-20 6.285758e+02
828000 2.814933e-22 -4.097864e-20 5.930285e-20 4.077695e+01
829000 1.064617e-23 -3.890128e-20 6.110936e-20 1.542198e+00
830000 9.985916e-26 -4.109893e-20 5.890117e-20 1.446554e-02
831000 2.526122e-21 -3.958026e-20 6.294586e-20 3.659325e+02
832000 2.326631e-21 -4.109959e-20 6.122704e-20 3.370343e+02
833000 4.523217e-23 -4.099720e-20 5.904803e-20 6.552305e+00
834000 8.557325e-21 -4.082622e-20 6.773111e-20 1.239609e+03
835000 9.296983e-22 -4.106452e-20 5.986518e-20 1.346756e+02
836000 1.108765e-21 -4.107855e-20 6.003022e-20 1.606151e+02
837000 4.499872e-21 -3.975937e-20 6.474050e-20 6.518488e+02
838000 1.970148e-23 -4.012357e-20 5.989613e-20 2.853945e+00
839000 2.877044e-21 -4.091018e-20 6.196686e-20 4.167669e+02
840000 1.859528e-23 -3.936902e-20 6.064958e-20 2.693701e+00
841000 2.197060e-21 -3.872323e-20 6.347383e-20 3.182648e+02
842000 4.483416e-23 -3.418875e-20 6.585608e-20 6.494650e+00
843000 6.501503e-21 -4.109745e-20 6.540406e-20 9.418039e+02
844000 9.554720e-22 -3.984484e-20 6.111063e-20 1.384091e+02
845000 7.029232e-23 -4.095211e-20 5.911818e-20 1.018250e+01
846000 1.710419e-21 -3.918518e-20 6.252524e-20 2.477703e+02
847000 2.225626e-21 -3.857366e-20 6.365197e-20 3.224029e+02
848000 6.162340e-22 -4.109994e-20 5.951629e-20 8.926729e+01
849000 3.948834e-22 -4.109685e-20 5.929804e-20 5.720257e+01
850000 5.069566e-21 -4.081337e-20 6.425620e-20 7.343743e+02
851000 9.793847e-21 -4.108659e-20 6.870726e-20 1.418731e+03
852000 7.926725e-23 -3.774138e-20 6.244208e-20 1.148261e+01
853000 7.771991e-21 -4.047133e-20 6.730066e-20 1.125846e+03
854000 2.257624e-21 -4.040215e-20 6.185547e-20 3.270381e+02
855000 2.117853e-23 -3.618308e-20 6.383810e-20 3.067910e+00
856000 7.428721e-21 -4.104069e-20 6.638803e-20 1.076120e+03
857000 6.504420e-23 -4.081139e-20 5.925366e-20 9.422265e+00
858000 5.157630e-22 -3.961733e-20 6.089843e-20 7.471312e+01
859000 3.053582e-21 -4.108789e-20 6.196569e-20 4.423400e+02
860000 3.518698e-21 -3.967416e-20 6.384454e-20 5.097165e+02
861000 2.933521e-21 -3.870286e-20 6.423066e-20 4.249482e+02
862000 2.587805e-22 -4.103526e-20 5.922352e-20 3.748680e+01
863000 9.164902e-22 -3.747706e-20 6.541175e-20 1.327622e+02
864000 8.305879e-22 -4.106164e-20 5.976895e-20 1.203185e+02
865000 4.089904e-21 -3.948147e-20 6.460843e-20 5.924611e+02
866000 3.078799e-21 -4.026848e-20 6.281032e-20 4.459930e+02
867000 5.174124e-22 -3.971927e-20 6.079815e-20 7.495205e+01
868000 4.470974e-21 -3.908533e-20 6.538565e-20 6.476626e+02
869000 2.396296e-22 -3.929597e-20 6.094366e-20 3.471261e+01
870000 3.136354e-21 -3.776684e-20 6.544360e-20 4.543304e+02
871000 1.614945e-21 -4.109748e-20 6.051746e-20 2.339400e+02
872000 1.416072e-22 -4.104133e-20 5.910027e-20 2.051314e+01
873000 1.112132e-22 -4.098757e-20 5.912364e-20 1.611027e+01
874000 1.669631e-21 -4.031094e-20 6.135869e-20 2.418618e+02
875000 4.630599e-22 -4.062488e-20 5.983818e-20 6.707859e+01
876000 6.774146e-23 -3.842566e-20 6.164208e-20 9.812987e+00
877000 8.613344e-22 -3.990708e-20 6.095426e-20 1.247724e+02
878000 3.163531e-21 -4.109911e-20 6.206442e-20 4.582673e+02
879000 8.343695e-21 -4.001776e-20 6.832594e-20 1.208663e+03
