FX FY FZ 
4.980341e-10 0.000000e+00 0.000000e+00
1.070393e-10 0.000000e+00 0.000000e+00
2.569583e-11 0.000000e+00 0.000000e+00
3.753654e-10 0.000000e+00 0.000000e+00
4.002468e-11 0.000000e+00 0.000000e+00
-5.823755e-10 0.000000e+00 0.000000e+00
1.607946e-10 0.000000e+00 0.000000e+00
1.300700e-10 0.000000e+00 0.000000e+00
2.898640e-10 0.000000e+00 0.000000e+00
-4.134889e-10 0.000000e+00 0.000000e+00
5.475615e-10 0.000000e+00 0.000000e+00
4.528996e-10 0.000000e+00 0.000000e+00
4.245296e-10 0.000000e+00 0.000000e+00
-2.747809e-10 0.000000e+00 0.000000e+00
1.194936e-10 0.000000e+00 0.000000e+00
1.476159e-10 0.000000e+00 0.000000e+00
-2.000907e-10 0.000000e+00 0.000000e+00
1.248523e-10 0.000000e+00 0.000000e+00
4.619868e-10 0.000000e+00 0.000000e+00
2.660525e-10 0.000000e+00 0.000000e+00
6.078528e-10 0.000000e+00 0.000000e+00
-3.162072e-10 0.000000e+00 0.000000e+00
-2.346068e-10 0.000000e+00 0.000000e+00
3.705266e-10 0.000000e+00 0.000000e+00
-9.501321e-11 0.000000e+00 0.000000e+00
1.750648e-10 0.000000e+00 0.000000e+00
6.714627e-11 0.000000e+00 0.000000e+00
3.679508e-10 0.000000e+00 0.000000e+00
5.510535e-10 0.000000e+00 0.000000e+00
-9.676487e-11 0.000000e+00 0.000000e+00
3.691094e-10 0.000000e+00 0.000000e+00
2.451444e-10 0.000000e+00 0.000000e+00
-2.986615e-10 0.000000e+00 0.000000e+00
2.733887e-10 0.000000e+00 0.000000e+00
-3.806308e-10 0.000000e+00 0.000000e+00
1.456643e-10 0.000000e+00 0.000000e+00
-2.178849e-10 0.000000e+00 0.000000e+00
2.442339e-10 0.000000e+00 0.000000e+00
-5.178594e-10 0.000000e+00 0.000000e+00
-1.592186e-10 0.000000e+00 0.000000e+00
-2.287612e-11 0.000000e+00 0.000000e+00
-1.686336e-10 0.000000e+00 0.000000e+00
-1.498516e-10 0.000000e+00 0.000000e+00
-1.261198e-10 0.000000e+00 0.000000e+00
4.095219e-11 0.000000e+00 0.000000e+00
3.973837e-10 0.000000e+00 0.000000e+00
-1.851917e-10 0.000000e+00 0.000000e+00
1.182532e-10 0.000000e+00 0.000000e+00
2.303310e-10 0.000000e+00 0.000000e+00
1.572037e-10 0.000000e+00 0.000000e+00
4.247302e-10 0.000000e+00 0.000000e+00
2.161113e-10 0.000000e+00 0.000000e+00
-4.321302e-10 0.000000e+00 0.000000e+00
1.290838e-10 0.000000e+00 0.000000e+00
-2.414781e-11 0.000000e+00 0.000000e+00
4.883982e-10 0.000000e+00 0.000000e+00
-2.595544e-10 0.000000e+00 0.000000e+00
1.758513e-10 0.000000e+00 0.000000e+00
-7.324936e-10 0.000000e+00 0.000000e+00
2.640822e-10 0.000000e+00 0.000000e+00
-6.792612e-10 0.000000e+00 0.000000e+00
-3.299175e-10 0.000000e+00 0.000000e+00
-1.030555e-10 0.000000e+00 0.000000e+00
1.123212e-10 0.000000e+00 0.000000e+00
-2.693641e-10 0.000000e+00 0.000000e+00
4.860041e-11 0.000000e+00 0.000000e+00
-1.145101e-10 0.000000e+00 0.000000e+00
3.298698e-10 0.000000e+00 0.000000e+00
5.497465e-10 0.000000e+00 0.000000e+00
-5.281873e-10 0.000000e+00 0.000000e+00
1.007139e-10 0.000000e+00 0.000000e+00
-2.761030e-10 0.000000e+00 0.000000e+00
-5.617148e-10 0.000000e+00 0.000000e+00
-2.937467e-10 0.000000e+00 0.000000e+00
3.372670e-10 0.000000e+00 0.000000e+00
1.401109e-10 0.000000e+00 0.000000e+00
1.018101e-10 0.000000e+00 0.000000e+00
-2.390976e-10 0.000000e+00 0.000000e+00
9.126782e-11 0.000000e+00 0.000000e+00
4.752983e-10 0.000000e+00 0.000000e+00
-3.722048e-11 0.000000e+00 0.000000e+00
2.922689e-10 0.000000e+00 0.000000e+00
2.966318e-10 0.000000e+00 0.000000e+00
-1.847915e-10 0.000000e+00 0.000000e+00
-2.452046e-10 0.000000e+00 0.000000e+00
-7.695743e-10 0.000000e+00 0.000000e+00
-5.163329e-11 0.000000e+00 0.000000e+00
9.388249e-12 0.000000e+00 0.000000e+00
-2.688338e-10 0.000000e+00 0.000000e+00
2.024709e-10 0.000000e+00 0.000000e+00
1.196095e-10 0.000000e+00 0.000000e+00
2.615473e-11 0.000000e+00 0.000000e+00
-3.182072e-11 0.000000e+00 0.000000e+00
4.858965e-10 0.000000e+00 0.000000e+00
-2.639993e-10 0.000000e+00 0.000000e+00
-2.116114e-10 0.000000e+00 0.000000e+00
-4.183652e-10 0.000000e+00 0.000000e+00
-1.866796e-10 0.000000e+00 0.000000e+00
8.266630e-11 0.000000e+00 0.000000e+00
1.325041e-10 0.000000e+00 0.000000e+00
-4.822432e-11 0.000000e+00 0.000000e+00
-4.529504e-10 0.000000e+00 0.000000e+00
1.337715e-10 0.000000e+00 0.000000e+00
3.307979e-10 0.000000e+00 0.000000e+00
4.886827e-10 0.000000e+00 0.000000e+00
1.403015e-10 0.000000e+00 0.000000e+00
1.808113e-11 0.000000e+00 0.000000e+00
-1.794796e-10 0.000000e+00 0.000000e+00
-3.420481e-10 0.000000e+00 0.000000e+00
-3.013772e-11 0.000000e+00 0.000000e+00
5.906312e-12 0.000000e+00 0.000000e+00
-3.063884e-10 0.000000e+00 0.000000e+00
-7.557657e-11 0.000000e+00 0.000000e+00
-2.816798e-11 0.000000e+00 0.000000e+00
2.033875e-10 0.000000e+00 0.000000e+00
2.123677e-10 0.000000e+00 0.000000e+00
1.836745e-10 0.000000e+00 0.000000e+00
-6.603630e-11 0.000000e+00 0.000000e+00
2.607918e-10 0.000000e+00 0.000000e+00
-6.410368e-10 0.000000e+00 0.000000e+00
2.184980e-10 0.000000e+00 0.000000e+00
3.774326e-10 0.000000e+00 0.000000e+00
4.897971e-11 0.000000e+00 0.000000e+00
9.753218e-11 0.000000e+00 0.000000e+00
1.541643e-10 0.000000e+00 0.000000e+00
-7.826922e-10 0.000000e+00 0.000000e+00
-5.304021e-10 0.000000e+00 0.000000e+00
-5.271107e-10 0.000000e+00 0.000000e+00
-8.974419e-12 0.000000e+00 0.000000e+00
4.817458e-10 0.000000e+00 0.000000e+00
-4.748048e-10 0.000000e+00 0.000000e+00
-6.399167e-10 0.000000e+00 0.000000e+00
1.784580e-10 0.000000e+00 0.000000e+00
3.152547e-10 0.000000e+00 0.000000e+00
3.394750e-10 0.000000e+00 0.000000e+00
3.948989e-10 0.000000e+00 0.000000e+00
4.430124e-10 0.000000e+00 0.000000e+00
2.024038e-10 0.000000e+00 0.000000e+00
5.614183e-10 0.000000e+00 0.000000e+00
-7.167968e-10 0.000000e+00 0.000000e+00
1.818762e-10 0.000000e+00 0.000000e+00
4.997762e-10 0.000000e+00 0.000000e+00
-8.846540e-12 0.000000e+00 0.000000e+00
1.697885e-10 0.000000e+00 0.000000e+00
-4.202219e-11 0.000000e+00 0.000000e+00
-3.783209e-10 0.000000e+00 0.000000e+00
-1.541702e-10 0.000000e+00 0.000000e+00
3.673136e-10 0.000000e+00 0.000000e+00
-5.001806e-11 0.000000e+00 0.000000e+00
-4.191404e-10 0.000000e+00 0.000000e+00
2.590156e-10 0.000000e+00 0.000000e+00
1.429356e-10 0.000000e+00 0.000000e+00
4.246129e-10 0.000000e+00 0.000000e+00
3.589556e-12 0.000000e+00 0.000000e+00
-2.981859e-10 0.000000e+00 0.000000e+00
-7.273037e-10 0.000000e+00 0.000000e+00
-3.604876e-10 0.000000e+00 0.000000e+00
-2.537765e-10 0.000000e+00 0.000000e+00
1.257892e-10 0.000000e+00 0.000000e+00
5.172513e-10 0.000000e+00 0.000000e+00
2.090832e-10 0.000000e+00 0.000000e+00
-6.102194e-10 0.000000e+00 0.000000e+00
1.353262e-10 0.000000e+00 0.000000e+00
-1.249868e-10 0.000000e+00 0.000000e+00
2.835158e-10 0.000000e+00 0.000000e+00
2.019409e-10 0.000000e+00 0.000000e+00
-4.131610e-10 0.000000e+00 0.000000e+00
1.198352e-10 0.000000e+00 0.000000e+00
-4.056599e-10 0.000000e+00 0.000000e+00
-1.797636e-10 0.000000e+00 0.000000e+00
-3.378224e-10 0.000000e+00 0.000000e+00
4.715319e-10 0.000000e+00 0.000000e+00
2.584938e-10 0.000000e+00 0.000000e+00
1.511998e-10 0.000000e+00 0.000000e+00
-1.800181e-10 0.000000e+00 0.000000e+00
2.177951e-10 0.000000e+00 0.000000e+00
-8.134419e-10 0.000000e+00 0.000000e+00
-1.504664e-10 0.000000e+00 0.000000e+00
-4.489173e-10 0.000000e+00 0.000000e+00
5.015979e-11 0.000000e+00 0.000000e+00
4.920092e-11 0.000000e+00 0.000000e+00
4.373656e-10 0.000000e+00 0.000000e+00
1.064075e-10 0.000000e+00 0.000000e+00
-1.163422e-10 0.000000e+00 0.000000e+00
-4.857738e-11 0.000000e+00 0.000000e+00
4.138613e-10 0.000000e+00 0.000000e+00
-5.963783e-10 0.000000e+00 0.000000e+00
-1.610865e-11 0.000000e+00 0.000000e+00
9.430570e-11 0.000000e+00 0.000000e+00
-3.186841e-10 0.000000e+00 0.000000e+00
2.821572e-10 0.000000e+00 0.000000e+00
-2.095297e-10 0.000000e+00 0.000000e+00
3.092214e-10 0.000000e+00 0.000000e+00
3.498445e-10 0.000000e+00 0.000000e+00
-1.614655e-10 0.000000e+00 0.000000e+00
3.006724e-10 0.000000e+00 0.000000e+00
2.658468e-10 0.000000e+00 0.000000e+00
4.664157e-10 0.000000e+00 0.000000e+00
-3.848014e-10 0.000000e+00 0.000000e+00
-3.427338e-10 0.000000e+00 0.000000e+00
-7.528407e-11 0.000000e+00 0.000000e+00
3.277857e-10 0.000000e+00 0.000000e+00
8.506474e-11 0.000000e+00 0.000000e+00
-2.997323e-11 0.000000e+00 0.000000e+00
2.752203e-10 0.000000e+00 0.000000e+00
-4.013604e-10 0.000000e+00 0.000000e+00
3.194705e-10 0.000000e+00 0.000000e+00
-6.816466e-10 0.000000e+00 0.000000e+00
2.893738e-10 0.000000e+00 0.000000e+00
-6.891072e-10 0.000000e+00 0.000000e+00
8.682383e-11 0.000000e+00 0.000000e+00
-6.796521e-10 0.000000e+00 0.000000e+00
1.446198e-10 0.000000e+00 0.000000e+00
2.456863e-10 0.000000e+00 0.000000e+00
-5.483202e-10 0.000000e+00 0.000000e+00
2.047867e-10 0.000000e+00 0.000000e+00
-7.265631e-11 0.000000e+00 0.000000e+00
1.825082e-10 0.000000e+00 0.000000e+00
-3.114348e-11 0.000000e+00 0.000000e+00
3.416756e-10 0.000000e+00 0.000000e+00
-1.663706e-09 0.000000e+00 0.000000e+00
-2.618657e-10 0.000000e+00 0.000000e+00
-3.113397e-10 0.000000e+00 0.000000e+00
2.507361e-10 0.000000e+00 0.000000e+00
-1.724923e-10 0.000000e+00 0.000000e+00
3.769603e-10 0.000000e+00 0.000000e+00
1.652388e-11 0.000000e+00 0.000000e+00
4.429107e-10 0.000000e+00 0.000000e+00
-3.283926e-10 0.000000e+00 0.000000e+00
-6.526682e-12 0.000000e+00 0.000000e+00
-3.089655e-10 0.000000e+00 0.000000e+00
3.647124e-10 0.000000e+00 0.000000e+00
3.773489e-10 0.000000e+00 0.000000e+00
-1.929797e-10 0.000000e+00 0.000000e+00
-3.353787e-10 0.000000e+00 0.000000e+00
-6.806415e-10 0.000000e+00 0.000000e+00
4.354833e-10 0.000000e+00 0.000000e+00
-4.767353e-11 0.000000e+00 0.000000e+00
4.587747e-10 0.000000e+00 0.000000e+00
-4.580997e-10 0.000000e+00 0.000000e+00
-1.254281e-10 0.000000e+00 0.000000e+00
-1.759885e-10 0.000000e+00 0.000000e+00
-4.411023e-10 0.000000e+00 0.000000e+00
5.395085e-10 0.000000e+00 0.000000e+00
8.630305e-11 0.000000e+00 0.000000e+00
2.161731e-11 0.000000e+00 0.000000e+00
-2.973647e-11 0.000000e+00 0.000000e+00
2.727252e-10 0.000000e+00 0.000000e+00
5.037896e-10 0.000000e+00 0.000000e+00
1.127238e-10 0.000000e+00 0.000000e+00
2.193792e-10 0.000000e+00 0.000000e+00
-3.239088e-10 0.000000e+00 0.000000e+00
-9.111929e-11 0.000000e+00 0.000000e+00
-2.504972e-10 0.000000e+00 0.000000e+00
-9.810601e-11 0.000000e+00 0.000000e+00
-1.087969e-10 0.000000e+00 0.000000e+00
-1.035764e-10 0.000000e+00 0.000000e+00
-3.071646e-10 0.000000e+00 0.000000e+00
5.062631e-10 0.000000e+00 0.000000e+00
-3.260990e-10 0.000000e+00 0.000000e+00
6.681509e-11 0.000000e+00 0.000000e+00
3.327410e-10 0.000000e+00 0.000000e+00
-4.154854e-10 0.000000e+00 0.000000e+00
-7.580155e-10 0.000000e+00 0.000000e+00
5.598638e-10 0.000000e+00 0.000000e+00
5.520407e-10 0.000000e+00 0.000000e+00
-4.767214e-11 0.000000e+00 0.000000e+00
-2.201420e-10 0.000000e+00 0.000000e+00
8.294638e-11 0.000000e+00 0.000000e+00
5.727731e-10 0.000000e+00 0.000000e+00
5.439485e-11 0.000000e+00 0.000000e+00
3.743537e-10 0.000000e+00 0.000000e+00
-5.326459e-11 0.000000e+00 0.000000e+00
2.306275e-10 0.000000e+00 0.000000e+00
-1.438965e-10 0.000000e+00 0.000000e+00
-9.698704e-11 0.000000e+00 0.000000e+00
2.391277e-11 0.000000e+00 0.000000e+00
1.158649e-10 0.000000e+00 0.000000e+00
-5.311986e-11 0.000000e+00 0.000000e+00
-3.683241e-10 0.000000e+00 0.000000e+00
-3.188693e-10 0.000000e+00 0.000000e+00
5.645368e-11 0.000000e+00 0.000000e+00
3.068764e-10 0.000000e+00 0.000000e+00
-2.944577e-10 0.000000e+00 0.000000e+00
3.977789e-10 0.000000e+00 0.000000e+00
1.157744e-10 0.000000e+00 0.000000e+00
6.845502e-11 0.000000e+00 0.000000e+00
-5.809127e-10 0.000000e+00 0.000000e+00
-5.101666e-10 0.000000e+00 0.000000e+00
-1.386388e-10 0.000000e+00 0.000000e+00
1.118464e-10 0.000000e+00 0.000000e+00
1.678897e-10 0.000000e+00 0.000000e+00
9.255827e-12 0.000000e+00 0.000000e+00
-1.135344e-10 0.000000e+00 0.000000e+00
-5.885716e-10 0.000000e+00 0.000000e+00
2.661289e-10 0.000000e+00 0.000000e+00
1.576803e-10 0.000000e+00 0.000000e+00
3.093162e-10 0.000000e+00 0.000000e+00
-1.217002e-10 0.000000e+00 0.000000e+00
4.332194e-10 0.000000e+00 0.000000e+00
2.110048e-10 0.000000e+00 0.000000e+00
4.886762e-10 0.000000e+00 0.000000e+00
3.001675e-10 0.000000e+00 0.000000e+00
3.717625e-10 0.000000e+00 0.000000e+00
3.246594e-10 0.000000e+00 0.000000e+00
3.890351e-10 0.000000e+00 0.000000e+00
6.300422e-10 0.000000e+00 0.000000e+00
3.508411e-10 0.000000e+00 0.000000e+00
5.462936e-10 0.000000e+00 0.000000e+00
2.706435e-10 0.000000e+00 0.000000e+00
3.508924e-10 0.000000e+00 0.000000e+00
4.362950e-10 0.000000e+00 0.000000e+00
3.978371e-10 0.000000e+00 0.000000e+00
2.900055e-10 0.000000e+00 0.000000e+00
3.126350e-10 0.000000e+00 0.000000e+00
3.211800e-10 0.000000e+00 0.000000e+00
2.915405e-10 0.000000e+00 0.000000e+00
2.714417e-10 0.000000e+00 0.000000e+00
4.165811e-10 0.000000e+00 0.000000e+00
3.682444e-10 0.000000e+00 0.000000e+00
4.080353e-10 0.000000e+00 0.000000e+00
3.361957e-10 0.000000e+00 0.000000e+00
5.252097e-10 0.000000e+00 0.000000e+00
5.303373e-10 0.000000e+00 0.000000e+00
2.737016e-10 0.000000e+00 0.000000e+00
4.579123e-10 0.000000e+00 0.000000e+00
3.576889e-10 0.000000e+00 0.000000e+00
3.098001e-10 0.000000e+00 0.000000e+00
4.373398e-10 0.000000e+00 0.000000e+00
5.213226e-10 0.000000e+00 0.000000e+00
4.073842e-10 0.000000e+00 0.000000e+00
5.100657e-10 0.000000e+00 0.000000e+00
3.621536e-10 0.000000e+00 0.000000e+00
5.588909e-10 0.000000e+00 0.000000e+00
3.260021e-10 0.000000e+00 0.000000e+00
3.949951e-10 0.000000e+00 0.000000e+00
4.344058e-10 0.000000e+00 0.000000e+00
3.099397e-10 0.000000e+00 0.000000e+00
2.636063e-10 0.000000e+00 0.000000e+00
5.468216e-10 0.000000e+00 0.000000e+00
4.047248e-10 0.000000e+00 0.000000e+00
5.234949e-10 0.000000e+00 0.000000e+00
2.819614e-10 0.000000e+00 0.000000e+00
3.918386e-10 0.000000e+00 0.000000e+00
4.118267e-10 0.000000e+00 0.000000e+00
3.889890e-10 0.000000e+00 0.000000e+00
5.757706e-10 0.000000e+00 0.000000e+00
5.444142e-10 0.000000e+00 0.000000e+00
3.976199e-10 0.000000e+00 0.000000e+00
3.753134e-10 0.000000e+00 0.000000e+00
2.610564e-10 0.000000e+00 0.000000e+00
2.843277e-10 0.000000e+00 0.000000e+00
3.347753e-10 0.000000e+00 0.000000e+00
5.258187e-10 0.000000e+00 0.000000e+00
2.777789e-10 0.000000e+00 0.000000e+00
5.889241e-10 0.000000e+00 0.000000e+00
2.672568e-10 0.000000e+00 0.000000e+00
3.536137e-10 0.000000e+00 0.000000e+00
2.535770e-10 0.000000e+00 0.000000e+00
2.879115e-10 0.000000e+00 0.000000e+00
3.031136e-10 0.000000e+00 0.000000e+00
6.319563e-10 0.000000e+00 0.000000e+00
4.171377e-10 0.000000e+00 0.000000e+00
4.371534e-10 0.000000e+00 0.000000e+00
3.666523e-10 0.000000e+00 0.000000e+00
4.219426e-10 0.000000e+00 0.000000e+00
2.815766e-10 0.000000e+00 0.000000e+00
6.174958e-10 0.000000e+00 0.000000e+00
2.581408e-10 0.000000e+00 0.000000e+00
5.091739e-10 0.000000e+00 0.000000e+00
2.445907e-10 0.000000e+00 0.000000e+00
3.627220e-10 0.000000e+00 0.000000e+00
3.445215e-10 0.000000e+00 0.000000e+00
6.262033e-10 0.000000e+00 0.000000e+00
3.244544e-10 0.000000e+00 0.000000e+00
2.635209e-10 0.000000e+00 0.000000e+00
3.854844e-10 0.000000e+00 0.000000e+00
3.032718e-10 0.000000e+00 0.000000e+00
2.849212e-10 0.000000e+00 0.000000e+00
4.931806e-10 0.000000e+00 0.000000e+00
3.631146e-10 0.000000e+00 0.000000e+00
3.531219e-10 0.000000e+00 0.000000e+00
4.106712e-10 0.000000e+00 0.000000e+00
3.458442e-10 0.000000e+00 0.000000e+00
2.900340e-10 0.000000e+00 0.000000e+00
4.439544e-10 0.000000e+00 0.000000e+00
3.079261e-10 0.000000e+00 0.000000e+00
4.667768e-10 0.000000e+00 0.000000e+00
2.963020e-10 0.000000e+00 0.000000e+00
2.823402e-10 0.000000e+00 0.000000e+00
3.331989e-10 0.000000e+00 0.000000e+00
5.015600e-10 0.000000e+00 0.000000e+00
3.291312e-10 0.000000e+00 0.000000e+00
2.636181e-10 0.000000e+00 0.000000e+00
2.867668e-10 0.000000e+00 0.000000e+00
4.518252e-10 0.000000e+00 0.000000e+00
3.780316e-10 0.000000e+00 0.000000e+00
2.605863e-10 0.000000e+00 0.000000e+00
3.039440e-10 0.000000e+00 0.000000e+00
2.876962e-10 0.000000e+00 0.000000e+00
4.340892e-10 0.000000e+00 0.000000e+00
2.789974e-10 0.000000e+00 0.000000e+00
3.592037e-10 0.000000e+00 0.000000e+00
3.292017e-10 0.000000e+00 0.000000e+00
2.863042e-10 0.000000e+00 0.000000e+00
3.093018e-10 0.000000e+00 0.000000e+00
4.855279e-10 0.000000e+00 0.000000e+00
3.353284e-10 0.000000e+00 0.000000e+00
3.713864e-10 0.000000e+00 0.000000e+00
2.344214e-10 0.000000e+00 0.000000e+00
5.145866e-10 0.000000e+00 0.000000e+00
4.387845e-10 0.000000e+00 0.000000e+00
2.611873e-10 0.000000e+00 0.000000e+00
3.843833e-10 0.000000e+00 0.000000e+00
3.499538e-10 0.000000e+00 0.000000e+00
2.406209e-10 0.000000e+00 0.000000e+00
3.327048e-10 0.000000e+00 0.000000e+00
2.435515e-10 0.000000e+00 0.000000e+00
2.435168e-10 0.000000e+00 0.000000e+00
4.745037e-10 0.000000e+00 0.000000e+00
4.644057e-10 0.000000e+00 0.000000e+00
4.388446e-10 0.000000e+00 0.000000e+00
2.891696e-10 0.000000e+00 0.000000e+00
4.637999e-10 0.000000e+00 0.000000e+00
3.442895e-10 0.000000e+00 0.000000e+00
4.467053e-10 0.000000e+00 0.000000e+00
2.655109e-10 0.000000e+00 0.000000e+00
3.013740e-10 0.000000e+00 0.000000e+00
2.548546e-10 0.000000e+00 0.000000e+00
3.741996e-10 0.000000e+00 0.000000e+00
5.839913e-10 0.000000e+00 0.000000e+00
4.132014e-10 0.000000e+00 0.000000e+00
2.706877e-10 0.000000e+00 0.000000e+00
2.523810e-10 0.000000e+00 0.000000e+00
5.417587e-10 0.000000e+00 0.000000e+00
4.720880e-10 0.000000e+00 0.000000e+00
3.546497e-10 0.000000e+00 0.000000e+00
3.339185e-10 0.000000e+00 0.000000e+00
3.440819e-10 0.000000e+00 0.000000e+00
2.970645e-10 0.000000e+00 0.000000e+00
2.892193e-10 0.000000e+00 0.000000e+00
5.353939e-10 0.000000e+00 0.000000e+00
4.670680e-10 0.000000e+00 0.000000e+00
2.686688e-10 0.000000e+00 0.000000e+00
3.570096e-10 0.000000e+00 0.000000e+00
4.804741e-10 0.000000e+00 0.000000e+00
5.137139e-10 0.000000e+00 0.000000e+00
3.725621e-10 0.000000e+00 0.000000e+00
5.600505e-10 0.000000e+00 0.000000e+00
3.842697e-10 0.000000e+00 0.000000e+00
4.786508e-10 0.000000e+00 0.000000e+00
3.395121e-10 0.000000e+00 0.000000e+00
3.558523e-10 0.000000e+00 0.000000e+00
4.854337e-10 0.000000e+00 0.000000e+00
5.538423e-10 0.000000e+00 0.000000e+00
3.968204e-10 0.000000e+00 0.000000e+00
3.774869e-10 0.000000e+00 0.000000e+00
5.277982e-10 0.000000e+00 0.000000e+00
5.228379e-10 0.000000e+00 0.000000e+00
5.030733e-10 0.000000e+00 0.000000e+00
5.131034e-10 0.000000e+00 0.000000e+00
4.734056e-10 0.000000e+00 0.000000e+00
5.242109e-10 0.000000e+00 0.000000e+00
2.566129e-10 0.000000e+00 0.000000e+00
2.894125e-10 0.000000e+00 0.000000e+00
4.823580e-10 0.000000e+00 0.000000e+00
3.222270e-10 0.000000e+00 0.000000e+00
2.934946e-10 0.000000e+00 0.000000e+00
5.780310e-10 0.000000e+00 0.000000e+00
4.198758e-10 0.000000e+00 0.000000e+00
3.284295e-10 0.000000e+00 0.000000e+00
4.682841e-10 0.000000e+00 0.000000e+00
3.186794e-10 0.000000e+00 0.000000e+00
5.267595e-10 0.000000e+00 0.000000e+00
2.886002e-10 0.000000e+00 0.000000e+00
3.960786e-10 0.000000e+00 0.000000e+00
3.033674e-10 0.000000e+00 0.000000e+00
2.766478e-10 0.000000e+00 0.000000e+00
4.137047e-10 0.000000e+00 0.000000e+00
4.436784e-10 0.000000e+00 0.000000e+00
5.223614e-10 0.000000e+00 0.000000e+00
2.621256e-10 0.000000e+00 0.000000e+00
5.179230e-10 0.000000e+00 0.000000e+00
3.669557e-10 0.000000e+00 0.000000e+00
5.978180e-10 0.000000e+00 0.000000e+00
2.892469e-10 0.000000e+00 0.000000e+00
2.960116e-10 0.000000e+00 0.000000e+00
2.949894e-10 0.000000e+00 0.000000e+00
2.528940e-10 0.000000e+00 0.000000e+00
3.326635e-10 0.000000e+00 0.000000e+00
3.864107e-10 0.000000e+00 0.000000e+00
2.681208e-10 0.000000e+00 0.000000e+00
3.431880e-10 0.000000e+00 0.000000e+00
2.750289e-10 0.000000e+00 0.000000e+00
2.562693e-10 0.000000e+00 0.000000e+00
3.176868e-10 0.000000e+00 0.000000e+00
4.465129e-10 0.000000e+00 0.000000e+00
4.942198e-10 0.000000e+00 0.000000e+00
4.638665e-10 0.000000e+00 0.000000e+00
3.070073e-10 0.000000e+00 0.000000e+00
4.494873e-10 0.000000e+00 0.000000e+00
3.579370e-10 0.000000e+00 0.000000e+00
3.406724e-10 0.000000e+00 0.000000e+00
3.027734e-10 0.000000e+00 0.000000e+00
2.730866e-10 0.000000e+00 0.000000e+00
2.344689e-10 0.000000e+00 0.000000e+00
4.577634e-10 0.000000e+00 0.000000e+00
3.349542e-10 0.000000e+00 0.000000e+00
3.819877e-10 0.000000e+00 0.000000e+00
2.461857e-10 0.000000e+00 0.000000e+00
3.658010e-10 0.000000e+00 0.000000e+00
3.262537e-10 0.000000e+00 0.000000e+00
3.324838e-10 0.000000e+00 0.000000e+00
3.543249e-10 0.000000e+00 0.000000e+00
4.333581e-10 0.000000e+00 0.000000e+00
2.741183e-10 0.000000e+00 0.000000e+00
4.487568e-10 0.000000e+00 0.000000e+00
5.377940e-10 0.000000e+00 0.000000e+00
6.009475e-10 0.000000e+00 0.000000e+00
4.094338e-10 0.000000e+00 0.000000e+00
5.491105e-10 0.000000e+00 0.000000e+00
5.398219e-10 0.000000e+00 0.000000e+00
2.811531e-10 0.000000e+00 0.000000e+00
3.642970e-10 0.000000e+00 0.000000e+00
5.190454e-10 0.000000e+00 0.000000e+00
6.211296e-10 0.000000e+00 0.000000e+00
4.781016e-10 0.000000e+00 0.000000e+00
3.467786e-10 0.000000e+00 0.000000e+00
3.163581e-10 0.000000e+00 0.000000e+00
2.446824e-10 0.000000e+00 0.000000e+00
3.595186e-10 0.000000e+00 0.000000e+00
2.442607e-10 0.000000e+00 0.000000e+00
4.594396e-10 0.000000e+00 0.000000e+00
4.164761e-10 0.000000e+00 0.000000e+00
3.425524e-10 0.000000e+00 0.000000e+00
5.332286e-10 0.000000e+00 0.000000e+00
4.439603e-10 0.000000e+00 0.000000e+00
4.012877e-10 0.000000e+00 0.000000e+00
4.371683e-10 0.000000e+00 0.000000e+00
5.092122e-10 0.000000e+00 0.000000e+00
4.373100e-10 0.000000e+00 0.000000e+00
3.689965e-10 0.000000e+00 0.000000e+00
4.526972e-10 0.000000e+00 0.000000e+00
3.017672e-10 0.000000e+00 0.000000e+00
3.053835e-10 0.000000e+00 0.000000e+00
3.379539e-10 0.000000e+00 0.000000e+00
3.232949e-10 0.000000e+00 0.000000e+00
2.415371e-10 0.000000e+00 0.000000e+00
4.583505e-10 0.000000e+00 0.000000e+00
4.741437e-10 0.000000e+00 0.000000e+00
3.963570e-10 0.000000e+00 0.000000e+00
4.709642e-10 0.000000e+00 0.000000e+00
3.908971e-10 0.000000e+00 0.000000e+00
5.619367e-10 0.000000e+00 0.000000e+00
4.063142e-10 0.000000e+00 0.000000e+00
5.375405e-10 0.000000e+00 0.000000e+00
3.530188e-10 0.000000e+00 0.000000e+00
4.379507e-10 0.000000e+00 0.000000e+00
3.135251e-10 0.000000e+00 0.000000e+00
4.453263e-10 0.000000e+00 0.000000e+00
3.635730e-10 0.000000e+00 0.000000e+00
2.427498e-10 0.000000e+00 0.000000e+00
3.268901e-10 0.000000e+00 0.000000e+00
3.587369e-10 0.000000e+00 0.000000e+00
4.482293e-10 0.000000e+00 0.000000e+00
2.946543e-10 0.000000e+00 0.000000e+00
3.246157e-10 0.000000e+00 0.000000e+00
3.383605e-10 0.000000e+00 0.000000e+00
5.292902e-10 0.000000e+00 0.000000e+00
3.231531e-10 0.000000e+00 0.000000e+00
4.525233e-10 0.000000e+00 0.000000e+00
5.195018e-10 0.000000e+00 0.000000e+00
3.092908e-10 0.000000e+00 0.000000e+00
4.797763e-10 0.000000e+00 0.000000e+00
4.972555e-10 0.000000e+00 0.000000e+00
3.103173e-10 0.000000e+00 0.000000e+00
4.325006e-10 0.000000e+00 0.000000e+00
3.510466e-10 0.000000e+00 0.000000e+00
4.086834e-10 0.000000e+00 0.000000e+00
3.310120e-10 0.000000e+00 0.000000e+00
2.510951e-10 0.000000e+00 0.000000e+00
4.296453e-10 0.000000e+00 0.000000e+00
3.037160e-10 0.000000e+00 0.000000e+00
2.552049e-10 0.000000e+00 0.000000e+00
2.999155e-10 0.000000e+00 0.000000e+00
3.351782e-10 0.000000e+00 0.000000e+00
4.087377e-10 0.000000e+00 0.000000e+00
2.705477e-10 0.000000e+00 0.000000e+00
3.084873e-10 0.000000e+00 0.000000e+00
2.421218e-10 0.000000e+00 0.000000e+00
2.715888e-10 0.000000e+00 0.000000e+00
4.195037e-10 0.000000e+00 0.000000e+00
5.610059e-10 0.000000e+00 0.000000e+00
3.102932e-10 0.000000e+00 0.000000e+00
2.832474e-10 0.000000e+00 0.000000e+00
5.745411e-10 0.000000e+00 0.000000e+00
2.691649e-10 0.000000e+00 0.000000e+00
2.802116e-10 0.000000e+00 0.000000e+00
5.410479e-10 0.000000e+00 0.000000e+00
2.322826e-10 0.000000e+00 0.000000e+00
2.927068e-10 0.000000e+00 0.000000e+00
3.585145e-10 0.000000e+00 0.000000e+00
5.030968e-10 0.000000e+00 0.000000e+00
4.565050e-10 0.000000e+00 0.000000e+00
4.417836e-10 0.000000e+00 0.000000e+00
2.747681e-10 0.000000e+00 0.000000e+00
5.012621e-10 0.000000e+00 0.000000e+00
4.681686e-10 0.000000e+00 0.000000e+00
5.310361e-10 0.000000e+00 0.000000e+00
3.479141e-10 0.000000e+00 0.000000e+00
3.940830e-10 0.000000e+00 0.000000e+00
6.271732e-10 0.000000e+00 0.000000e+00
5.779255e-10 0.000000e+00 0.000000e+00
2.813378e-10 0.000000e+00 0.000000e+00
2.543984e-10 0.000000e+00 0.000000e+00
3.397173e-10 0.000000e+00 0.000000e+00
4.601191e-10 0.000000e+00 0.000000e+00
3.060803e-10 0.000000e+00 0.000000e+00
5.070057e-10 0.000000e+00 0.000000e+00
3.591409e-10 0.000000e+00 0.000000e+00
5.592620e-10 0.000000e+00 0.000000e+00
3.395241e-10 0.000000e+00 0.000000e+00
2.777172e-10 0.000000e+00 0.000000e+00
3.559587e-10 0.000000e+00 0.000000e+00
2.470898e-10 0.000000e+00 0.000000e+00
4.279479e-10 0.000000e+00 0.000000e+00
4.060721e-10 0.000000e+00 0.000000e+00
3.360912e-10 0.000000e+00 0.000000e+00
3.214668e-10 0.000000e+00 0.000000e+00
2.923204e-10 0.000000e+00 0.000000e+00
4.808302e-10 0.000000e+00 0.000000e+00
4.324459e-10 0.000000e+00 0.000000e+00
5.778063e-10 0.000000e+00 0.000000e+00
3.271353e-10 0.000000e+00 0.000000e+00
2.505081e-10 0.000000e+00 0.000000e+00
3.448246e-10 0.000000e+00 0.000000e+00
2.646375e-10 0.000000e+00 0.000000e+00
2.868705e-10 0.000000e+00 0.000000e+00
5.540671e-10 0.000000e+00 0.000000e+00
3.870232e-10 0.000000e+00 0.000000e+00
4.899007e-10 0.000000e+00 0.000000e+00
3.554252e-10 0.000000e+00 0.000000e+00
4.056717e-10 0.000000e+00 0.000000e+00
2.696495e-10 0.000000e+00 0.000000e+00
4.693491e-10 0.000000e+00 0.000000e+00
3.449999e-10 0.000000e+00 0.000000e+00
3.934988e-10 0.000000e+00 0.000000e+00
5.786041e-10 0.000000e+00 0.000000e+00
4.428269e-10 0.000000e+00 0.000000e+00
4.983227e-10 0.000000e+00 0.000000e+00
2.739398e-10 0.000000e+00 0.000000e+00
3.002901e-10 0.000000e+00 0.000000e+00
4.621345e-10 0.000000e+00 0.000000e+00
5.446885e-10 0.000000e+00 0.000000e+00
4.840104e-10 0.000000e+00 0.000000e+00
2.748052e-10 0.000000e+00 0.000000e+00
4.503992e-10 0.000000e+00 0.000000e+00
2.619449e-10 0.000000e+00 0.000000e+00
6.298294e-10 0.000000e+00 0.000000e+00
2.344121e-10 0.000000e+00 0.000000e+00
4.462882e-10 0.000000e+00 0.000000e+00
2.388828e-10 0.000000e+00 0.000000e+00
3.771430e-10 0.000000e+00 0.000000e+00
3.147495e-10 0.000000e+00 0.000000e+00
4.283286e-10 0.000000e+00 0.000000e+00
6.165407e-10 0.000000e+00 0.000000e+00
3.744876e-10 0.000000e+00 0.000000e+00
2.373143e-10 0.000000e+00 0.000000e+00
4.464942e-10 0.000000e+00 0.000000e+00
3.278024e-10 0.000000e+00 0.000000e+00
5.741893e-10 0.000000e+00 0.000000e+00
5.665661e-10 0.000000e+00 0.000000e+00
5.670787e-10 0.000000e+00 0.000000e+00
6.002558e-10 0.000000e+00 0.000000e+00
3.324326e-10 0.000000e+00 0.000000e+00
4.812093e-10 0.000000e+00 0.000000e+00
3.716469e-10 0.000000e+00 0.000000e+00
3.655156e-10 0.000000e+00 0.000000e+00
5.263999e-10 0.000000e+00 0.000000e+00
4.415390e-10 0.000000e+00 0.000000e+00
3.035528e-10 0.000000e+00 0.000000e+00
4.708718e-10 0.000000e+00 0.000000e+00
3.495516e-10 0.000000e+00 0.000000e+00
5.114309e-10 0.000000e+00 0.000000e+00
3.905571e-10 0.000000e+00 0.000000e+00
3.795981e-10 0.000000e+00 0.000000e+00
3.946811e-10 0.000000e+00 0.000000e+00
2.613018e-10 0.000000e+00 0.000000e+00
4.716717e-10 0.000000e+00 0.000000e+00
3.402157e-10 0.000000e+00 0.000000e+00
3.651756e-10 0.000000e+00 0.000000e+00
4.673217e-10 0.000000e+00 0.000000e+00
4.327148e-10 0.000000e+00 0.000000e+00
3.599250e-10 0.000000e+00 0.000000e+00
3.322385e-10 0.000000e+00 0.000000e+00
5.208192e-10 0.000000e+00 0.000000e+00
3.285939e-10 0.000000e+00 0.000000e+00
3.848247e-10 0.000000e+00 0.000000e+00
5.119022e-10 0.000000e+00 0.000000e+00
2.954124e-10 0.000000e+00 0.000000e+00
2.880442e-10 0.000000e+00 0.000000e+00
2.723262e-10 0.000000e+00 0.000000e+00
2.520845e-10 0.000000e+00 0.000000e+00
5.161643e-10 0.000000e+00 0.000000e+00
3.391819e-10 0.000000e+00 0.000000e+00
2.834160e-10 0.000000e+00 0.000000e+00
3.290983e-10 0.000000e+00 0.000000e+00
4.831696e-10 0.000000e+00 0.000000e+00
4.322521e-10 0.000000e+00 0.000000e+00
3.283563e-10 0.000000e+00 0.000000e+00
5.550400e-10 0.000000e+00 0.000000e+00
2.926076e-10 0.000000e+00 0.000000e+00
5.788807e-10 0.000000e+00 0.000000e+00
3.270870e-10 0.000000e+00 0.000000e+00
3.512008e-10 0.000000e+00 0.000000e+00
3.938755e-10 0.000000e+00 0.000000e+00
3.966353e-10 0.000000e+00 0.000000e+00
3.310082e-10 0.000000e+00 0.000000e+00
5.447978e-10 0.000000e+00 0.000000e+00
3.050027e-10 0.000000e+00 0.000000e+00
3.131106e-10 0.000000e+00 0.000000e+00
3.309476e-10 0.000000e+00 0.000000e+00
5.648222e-10 0.000000e+00 0.000000e+00
4.788326e-10 0.000000e+00 0.000000e+00
2.656791e-10 0.000000e+00 0.000000e+00
3.734111e-10 0.000000e+00 0.000000e+00
5.391318e-10 0.000000e+00 0.000000e+00
2.813085e-10 0.000000e+00 0.000000e+00
5.653002e-10 0.000000e+00 0.000000e+00
4.689922e-10 0.000000e+00 0.000000e+00
2.710144e-10 0.000000e+00 0.000000e+00
2.754885e-10 0.000000e+00 0.000000e+00
4.952569e-10 0.000000e+00 0.000000e+00
4.012636e-10 0.000000e+00 0.000000e+00
2.799129e-10 0.000000e+00 0.000000e+00
4.755927e-10 0.000000e+00 0.000000e+00
3.371213e-10 0.000000e+00 0.000000e+00
4.190853e-10 0.000000e+00 0.000000e+00
2.602846e-10 0.000000e+00 0.000000e+00
3.209549e-10 0.000000e+00 0.000000e+00
3.593778e-10 0.000000e+00 0.000000e+00
3.499303e-10 0.000000e+00 0.000000e+00
4.595575e-10 0.000000e+00 0.000000e+00
5.366558e-10 0.000000e+00 0.000000e+00
3.898370e-10 0.000000e+00 0.000000e+00
5.477541e-10 0.000000e+00 0.000000e+00
2.390883e-10 0.000000e+00 0.000000e+00
3.662368e-10 0.000000e+00 0.000000e+00
3.597097e-10 0.000000e+00 0.000000e+00
4.064987e-10 0.000000e+00 0.000000e+00
3.571833e-10 0.000000e+00 0.000000e+00
2.650501e-10 0.000000e+00 0.000000e+00
4.248647e-10 0.000000e+00 0.000000e+00
2.580782e-10 0.000000e+00 0.000000e+00
4.747195e-10 0.000000e+00 0.000000e+00
5.208232e-10 0.000000e+00 0.000000e+00
5.093663e-10 0.000000e+00 0.000000e+00
5.676037e-10 0.000000e+00 0.000000e+00
2.995488e-10 0.000000e+00 0.000000e+00
2.780159e-10 0.000000e+00 0.000000e+00
5.058181e-10 0.000000e+00 0.000000e+00
2.546608e-10 0.000000e+00 0.000000e+00
3.653489e-10 0.000000e+00 0.000000e+00
2.699941e-10 0.000000e+00 0.000000e+00
2.428898e-10 0.000000e+00 0.000000e+00
2.472311e-10 0.000000e+00 0.000000e+00
3.642685e-10 0.000000e+00 0.000000e+00
2.444476e-10 0.000000e+00 0.000000e+00
2.777845e-10 0.000000e+00 0.000000e+00
3.337683e-10 0.000000e+00 0.000000e+00
3.143139e-10 0.000000e+00 0.000000e+00
3.822392e-10 0.000000e+00 0.000000e+00
4.339669e-10 0.000000e+00 0.000000e+00
3.513274e-10 0.000000e+00 0.000000e+00
3.166989e-10 0.000000e+00 0.000000e+00
4.595282e-10 0.000000e+00 0.000000e+00
5.904706e-10 0.000000e+00 0.000000e+00
5.062326e-10 0.000000e+00 0.000000e+00
3.681457e-10 0.000000e+00 0.000000e+00
4.502250e-10 0.000000e+00 0.000000e+00
4.648517e-10 0.000000e+00 0.000000e+00
3.186964e-10 0.000000e+00 0.000000e+00
5.245804e-10 0.000000e+00 0.000000e+00
3.150165e-10 0.000000e+00 0.000000e+00
4.485861e-10 0.000000e+00 0.000000e+00
2.836159e-10 0.000000e+00 0.000000e+00
4.460715e-10 0.000000e+00 0.000000e+00
4.337941e-10 0.000000e+00 0.000000e+00
3.999512e-10 0.000000e+00 0.000000e+00
5.152086e-10 0.000000e+00 0.000000e+00
2.585387e-10 0.000000e+00 0.000000e+00
3.535342e-10 0.000000e+00 0.000000e+00
5.121317e-10 0.000000e+00 0.000000e+00
2.911389e-10 0.000000e+00 0.000000e+00
3.235840e-10 0.000000e+00 0.000000e+00
6.291697e-10 0.000000e+00 0.000000e+00
3.884444e-10 0.000000e+00 0.000000e+00
2.499077e-10 0.000000e+00 0.000000e+00
4.127662e-10 0.000000e+00 0.000000e+00
3.292262e-10 0.000000e+00 0.000000e+00
6.038424e-10 0.000000e+00 0.000000e+00
4.075774e-10 0.000000e+00 0.000000e+00
2.440625e-10 0.000000e+00 0.000000e+00
4.839950e-10 0.000000e+00 0.000000e+00
3.772588e-10 0.000000e+00 0.000000e+00
3.706523e-10 0.000000e+00 0.000000e+00
3.281161e-10 0.000000e+00 0.000000e+00
4.325222e-10 0.000000e+00 0.000000e+00
5.144244e-10 0.000000e+00 0.000000e+00
4.620813e-10 0.000000e+00 0.000000e+00
3.798949e-10 0.000000e+00 0.000000e+00
2.959888e-10 0.000000e+00 0.000000e+00
3.146102e-10 0.000000e+00 0.000000e+00
5.456973e-10 0.000000e+00 0.000000e+00
3.346149e-10 0.000000e+00 0.000000e+00
3.189921e-10 0.000000e+00 0.000000e+00
5.993646e-10 0.000000e+00 0.000000e+00
5.448905e-10 0.000000e+00 0.000000e+00
3.771092e-10 0.000000e+00 0.000000e+00
3.418062e-10 0.000000e+00 0.000000e+00
4.983007e-10 0.000000e+00 0.000000e+00
3.853524e-10 0.000000e+00 0.000000e+00
3.495211e-10 0.000000e+00 0.000000e+00
3.074238e-10 0.000000e+00 0.000000e+00
4.531638e-10 0.000000e+00 0.000000e+00
3.669589e-10 0.000000e+00 0.000000e+00
3.325856e-10 0.000000e+00 0.000000e+00
3.912949e-10 0.000000e+00 0.000000e+00
4.972255e-10 0.000000e+00 0.000000e+00
3.948466e-10 0.000000e+00 0.000000e+00
2.831289e-10 0.000000e+00 0.000000e+00
3.800727e-10 0.000000e+00 0.000000e+00
6.026192e-10 0.000000e+00 0.000000e+00
3.972127e-10 0.000000e+00 0.000000e+00
3.820810e-10 0.000000e+00 0.000000e+00
4.084749e-10 0.000000e+00 0.000000e+00
3.678823e-10 0.000000e+00 0.000000e+00
2.614245e-10 0.000000e+00 0.000000e+00
2.578866e-10 0.000000e+00 0.000000e+00
5.954882e-10 0.000000e+00 0.000000e+00
3.848063e-10 0.000000e+00 0.000000e+00
4.223126e-10 0.000000e+00 0.000000e+00
3.543798e-10 0.000000e+00 0.000000e+00
3.937487e-10 0.000000e+00 0.000000e+00
4.627586e-10 0.000000e+00 0.000000e+00
4.921087e-10 0.000000e+00 0.000000e+00
3.228943e-10 0.000000e+00 0.000000e+00
5.695362e-10 0.000000e+00 0.000000e+00
4.773650e-10 0.000000e+00 0.000000e+00
2.605562e-10 0.000000e+00 0.000000e+00
2.953545e-10 0.000000e+00 0.000000e+00
4.097175e-10 0.000000e+00 0.000000e+00
5.445652e-10 0.000000e+00 0.000000e+00
3.080356e-10 0.000000e+00 0.000000e+00
3.596407e-10 0.000000e+00 0.000000e+00
4.661501e-10 0.000000e+00 0.000000e+00
5.400114e-10 0.000000e+00 0.000000e+00
4.408314e-10 0.000000e+00 0.000000e+00
3.126031e-10 0.000000e+00 0.000000e+00
3.102732e-10 0.000000e+00 0.000000e+00
3.131518e-10 0.000000e+00 0.000000e+00
5.267077e-10 0.000000e+00 0.000000e+00
3.096801e-10 0.000000e+00 0.000000e+00
5.092704e-10 0.000000e+00 0.000000e+00
2.762593e-10 0.000000e+00 0.000000e+00
4.324961e-10 0.000000e+00 0.000000e+00
4.230856e-10 0.000000e+00 0.000000e+00
3.990431e-10 0.000000e+00 0.000000e+00
3.646992e-10 0.000000e+00 0.000000e+00
4.921989e-10 0.000000e+00 0.000000e+00
2.711151e-10 0.000000e+00 0.000000e+00
4.214269e-10 0.000000e+00 0.000000e+00
2.487348e-10 0.000000e+00 0.000000e+00
2.537838e-10 0.000000e+00 0.000000e+00
2.735327e-10 0.000000e+00 0.000000e+00
4.480475e-10 0.000000e+00 0.000000e+00
6.327038e-10 0.000000e+00 0.000000e+00
2.616342e-10 0.000000e+00 0.000000e+00
5.285215e-10 0.000000e+00 0.000000e+00
2.370259e-10 0.000000e+00 0.000000e+00
