step K U E temp
0 7.471003e-22 -3.494797e-20 -3.420087e-20 1.082245e+02
1000 2.590606e-22 -4.091317e-20 -4.065411e-20 3.752737e+01
2000 7.920384e-22 -4.108980e-20 -4.029776e-20 1.147342e+02
3000 1.272378e-20 -3.817844e-20 -2.545466e-20 1.843159e+03
4000 1.399762e-21 -4.107502e-20 -3.967526e-20 2.027686e+02
5000 1.445062e-22 -3.716160e-20 -3.701709e-20 2.093308e+01
6000 5.837928e-23 -4.066154e-20 -4.060316e-20 8.456788e+00
7000 4.479770e-22 -4.081956e-20 -4.037159e-20 6.489368e+01
8000 2.541846e-21 -3.950939e-20 -3.696755e-20 3.682103e+02
9000 5.975281e-22 -3.898114e-20 -3.838361e-20 8.655756e+01
10000 3.651948e-21 -3.283291e-20 -2.918096e-20 5.290190e+02
11000 7.698916e-21 -3.638260e-20 -2.868369e-20 1.115260e+03
12000 1.707677e-21 -3.712155e-20 -3.541387e-20 2.473731e+02
13000 9.451252e-22 -4.010632e-20 -3.916120e-20 1.369103e+02
14000 4.815192e-21 -4.086511e-20 -3.604992e-20 6.975259e+02
15000 1.064906e-21 -4.073411e-20 -3.966921e-20 1.542617e+02
16000 8.167658e-22 -4.055409e-20 -3.973733e-20 1.183162e+02
17000 5.430644e-21 -4.084258e-20 -3.541194e-20 7.866799e+02
18000 5.296652e-21 -3.612185e-20 -3.082520e-20 7.672699e+02
19000 2.927675e-21 -3.978963e-20 -3.686195e-20 4.241013e+02
20000 3.261755e-22 -2.852856e-20 -2.820238e-20 4.724959e+01
21000 4.170822e-22 -3.980847e-20 -3.939138e-20 6.041828e+01
22000 2.290391e-21 -4.036192e-20 -3.807153e-20 3.317846e+02
23000 1.841483e-23 -3.826942e-20 -3.825101e-20 2.667561e+00
24000 5.269441e-22 -4.097003e-20 -4.044309e-20 7.633281e+01
25000 8.791474e-23 -4.057453e-20 -4.048662e-20 1.273528e+01
26000 1.041024e-20 -4.102845e-20 -3.061821e-20 1.508022e+03
27000 1.634012e-21 -3.831700e-20 -3.668299e-20 2.367020e+02
28000 5.171077e-22 -3.265263e-20 -3.213552e-20 7.490792e+01
29000 2.684176e-21 -4.096532e-20 -3.828114e-20 3.888282e+02
30000 2.122802e-23 -3.829567e-20 -3.827445e-20 3.075078e+00
31000 6.102976e-21 -4.000818e-20 -3.390521e-20 8.840735e+02
32000 2.664212e-21 -3.993876e-20 -3.727455e-20 3.859361e+02
33000 4.925735e-22 -3.970696e-20 -3.921439e-20 7.135390e+01
34000 1.383182e-22 -3.927987e-20 -3.914155e-20 2.003670e+01
35000 3.012095e-22 -4.074424e-20 -4.044303e-20 4.363303e+01
36000 1.645541e-23 -4.045826e-20 -4.044181e-20 2.383721e+00
37000 2.245507e-24 -4.001714e-20 -4.001490e-20 3.252829e-01
38000 7.889223e-21 -3.791041e-20 -3.002119e-20 1.142828e+03
39000 1.956270e-21 -4.074719e-20 -3.879092e-20 2.833841e+02
40000 6.482959e-21 -4.109215e-20 -3.460919e-20 9.391175e+02
41000 7.729137e-22 -4.070612e-20 -3.993320e-20 1.119638e+02
42000 1.375238e-21 -4.078597e-20 -3.941073e-20 1.992161e+02
43000 6.918313e-22 -4.087479e-20 -4.018296e-20 1.002183e+02
44000 1.262132e-22 -4.107384e-20 -4.094762e-20 1.828317e+01
45000 1.353728e-21 -3.773638e-20 -3.638265e-20 1.961002e+02
46000 9.956740e-23 -4.062890e-20 -4.052934e-20 1.442327e+01
47000 8.607449e-21 -4.087016e-20 -3.226271e-20 1.246870e+03
48000 3.130611e-22 -4.014846e-20 -3.983540e-20 4.534985e+01
49000 3.184743e-22 -4.068205e-20 -4.036357e-20 4.613400e+01
50000 1.298755e-21 -3.711669e-20 -3.581793e-20 1.881368e+02
51000 1.147334e-21 -4.027233e-20 -3.912499e-20 1.662021e+02
52000 1.884937e-21 -3.880327e-20 -3.691833e-20 2.730508e+02
53000 4.552744e-24 -4.082400e-20 -4.081944e-20 6.595077e-01
54000 6.575718e-22 -4.109126e-20 -4.043369e-20 9.525546e+01
55000 4.875036e-22 -3.528592e-20 -3.479841e-20 7.061949e+01
56000 1.884521e-21 -4.020714e-20 -3.832262e-20 2.729905e+02
57000 7.960347e-21 -4.056947e-20 -3.260913e-20 1.153131e+03
58000 1.757795e-21 -3.518485e-20 -3.342706e-20 2.546332e+02
59000 5.059090e-23 -3.981129e-20 -3.976070e-20 7.328568e+00
60000 1.054730e-20 -3.592170e-20 -2.537441e-20 1.527875e+03
61000 2.207573e-21 -3.970250e-20 -3.749493e-20 3.197878e+02
62000 1.092682e-21 -4.094776e-20 -3.985508e-20 1.582852e+02
63000 6.886118e-21 -4.089351e-20 -3.400740e-20 9.975190e+02
64000 2.228091e-22 -4.014273e-20 -3.991992e-20 3.227600e+01
65000 4.699207e-21 -4.106297e-20 -3.636376e-20 6.807244e+02
66000 1.937672e-22 -4.091319e-20 -4.071943e-20 2.806900e+01
67000 2.030070e-21 -3.895539e-20 -3.692532e-20 2.940748e+02
68000 2.282360e-21 -3.272072e-20 -3.043836e-20 3.306214e+02
69000 4.064148e-22 -3.779485e-20 -3.738843e-20 5.887302e+01
70000 1.515658e-21 -4.093533e-20 -3.941967e-20 2.195573e+02
71000 4.590620e-21 -4.009735e-20 -3.550673e-20 6.649945e+02
72000 2.827971e-21 -3.740831e-20 -3.458034e-20 4.096582e+02
73000 8.464618e-22 -3.997418e-20 -3.912772e-20 1.226180e+02
74000 3.353156e-21 -3.884043e-20 -3.548728e-20 4.857362e+02
75000 1.693919e-23 -4.077220e-20 -4.075526e-20 2.453802e+00
76000 1.263251e-22 -4.093160e-20 -4.080527e-20 1.829937e+01
77000 2.712975e-23 -4.033503e-20 -4.030790e-20 3.930000e+00
78000 3.680016e-21 -4.096565e-20 -3.728563e-20 5.330849e+02
79000 1.107090e-21 -3.571598e-20 -3.460889e-20 1.603724e+02
80000 6.843211e-24 -4.107939e-20 -4.107255e-20 9.913036e-01
81000 1.592589e-21 -3.947913e-20 -3.788654e-20 2.307015e+02
82000 4.707073e-21 -3.942328e-20 -3.471621e-20 6.818638e+02
83000 1.699706e-21 -4.063084e-20 -3.893114e-20 2.462184e+02
84000 3.527453e-23 -4.029777e-20 -4.026249e-20 5.109848e+00
85000 6.086162e-22 -3.464938e-20 -3.404076e-20 8.816379e+01
86000 1.763261e-21 -4.106068e-20 -3.929741e-20 2.554250e+02
87000 1.655324e-21 -4.109865e-20 -3.944333e-20 2.397892e+02
88000 7.362144e-22 -4.014626e-20 -3.941005e-20 1.066476e+02
89000 1.853740e-22 -4.038163e-20 -4.019626e-20 2.685317e+01
90000 4.536279e-21 -4.086463e-20 -3.632835e-20 6.571227e+02
91000 1.076032e-22 -4.108943e-20 -4.098182e-20 1.558734e+01
92000 3.001934e-22 -4.108489e-20 -4.078470e-20 4.348584e+01
93000 3.235501e-22 -3.537056e-20 -3.504701e-20 4.686928e+01
94000 1.265036e-25 -4.017820e-20 -4.017807e-20 1.832523e-02
95000 3.595986e-21 -4.049284e-20 -3.689686e-20 5.209124e+02
96000 3.299804e-25 -3.893519e-20 -3.893486e-20 4.780077e-02
97000 8.630181e-22 -4.062166e-20 -3.975864e-20 1.250163e+02
98000 3.565710e-22 -4.099042e-20 -4.063385e-20 5.165266e+01
99000 1.734422e-20 -4.080845e-20 -2.346423e-20 2.512474e+03
100000 7.224639e-23 -4.106563e-20 -4.099338e-20 1.046557e+01
101000 1.055670e-21 -3.859758e-20 -3.754191e-20 1.529238e+02
102000 4.383536e-21 -4.080258e-20 -3.641904e-20 6.349965e+02
103000 7.685253e-21 -3.894120e-20 -3.125594e-20 1.113281e+03
104000 4.368655e-23 -3.527621e-20 -3.523253e-20 6.328408e+00
105000 1.037984e-21 -4.077126e-20 -3.973328e-20 1.503617e+02
106000 6.821610e-22 -4.109497e-20 -4.041281e-20 9.881745e+01
107000 2.504412e-21 -4.065625e-20 -3.815184e-20 3.627876e+02
108000 1.202283e-21 -3.960576e-20 -3.840348e-20 1.741620e+02
109000 1.548358e-22 -4.108643e-20 -4.093160e-20 2.242942e+01
110000 1.008351e-21 -4.109947e-20 -4.009112e-20 1.460691e+02
111000 7.437111e-21 -3.988212e-20 -3.244501e-20 1.077336e+03
112000 2.293775e-22 -4.101688e-20 -4.078750e-20 3.322749e+01
113000 5.736320e-23 -4.108814e-20 -4.103077e-20 8.309600e+00
114000 1.066278e-21 -4.037457e-20 -3.930829e-20 1.544604e+02
115000 6.569702e-21 -4.030324e-20 -3.373353e-20 9.516832e+02
116000 1.972473e-21 -4.051766e-20 -3.854519e-20 2.857313e+02
117000 3.363502e-22 -4.103620e-20 -4.069985e-20 4.872350e+01
118000 1.249282e-21 -3.984696e-20 -3.859768e-20 1.809702e+02
119000 2.444571e-21 -3.642686e-20 -3.398229e-20 3.541191e+02
120000 4.124943e-21 -4.025225e-20 -3.612731e-20 5.975368e+02
121000 1.640523e-21 -3.813891e-20 -3.649839e-20 2.376452e+02
122000 2.228758e-23 -4.106238e-20 -4.104009e-20 3.228565e+00
123000 6.372507e-22 -4.094591e-20 -4.030866e-20 9.231176e+01
124000 1.481165e-22 -4.069897e-20 -4.055086e-20 2.145607e+01
125000 2.128584e-21 -3.445569e-20 -3.232711e-20 3.083454e+02
126000 2.252469e-21 -3.776985e-20 -3.551738e-20 3.262914e+02
127000 2.056401e-21 -3.780697e-20 -3.575057e-20 2.978890e+02
128000 1.792226e-21 -4.109878e-20 -3.930656e-20 2.596207e+02
129000 1.142694e-21 -3.550833e-20 -3.436564e-20 1.655300e+02
130000 4.936480e-22 -3.837388e-20 -3.788023e-20 7.150956e+01
131000 1.675227e-21 -3.644135e-20 -3.476613e-20 2.426724e+02
132000 1.913876e-22 -4.055252e-20 -4.036113e-20 2.772430e+01
133000 3.637311e-21 -3.917064e-20 -3.553333e-20 5.268988e+02
134000 3.905302e-24 -3.880531e-20 -3.880141e-20 5.657197e-01
135000 9.634100e-23 -3.778867e-20 -3.769233e-20 1.395590e+01
136000 1.326711e-21 -3.665246e-20 -3.532575e-20 1.921866e+02
137000 2.402540e-22 -4.038215e-20 -4.014189e-20 3.480305e+01
138000 8.241005e-23 -3.208455e-20 -3.200214e-20 1.193787e+01
139000 8.432580e-21 -3.540609e-20 -2.697351e-20 1.221539e+03
140000 5.921304e-22 -4.052982e-20 -3.993769e-20 8.577566e+01
141000 2.588675e-21 -3.488476e-20 -3.229608e-20 3.749939e+02
142000 1.901748e-21 -4.109882e-20 -3.919707e-20 2.754861e+02
143000 1.150946e-21 -4.060774e-20 -3.945680e-20 1.667254e+02
144000 2.741380e-21 -4.107381e-20 -3.833243e-20 3.971147e+02
145000 9.869342e-21 -3.930015e-20 -2.943080e-20 1.429667e+03
146000 9.940685e-21 -4.076835e-20 -3.082766e-20 1.440002e+03
147000 8.616371e-22 -3.832868e-20 -3.746704e-20 1.248162e+02
148000 1.971827e-22 -4.106306e-20 -4.086588e-20 2.856378e+01
149000 5.107115e-24 -3.892785e-20 -3.892274e-20 7.398137e-01
150000 2.617877e-21 -3.986596e-20 -3.724808e-20 3.792241e+02
151000 9.616198e-22 -4.075814e-20 -3.979652e-20 1.392997e+02
152000 1.009873e-20 -3.711953e-20 -2.702080e-20 1.462896e+03
153000 6.818462e-23 -4.109980e-20 -4.103162e-20 9.877184e+00
154000 4.689578e-21 -3.994221e-20 -3.525263e-20 6.793295e+02
155000 6.180204e-23 -3.525836e-20 -3.519656e-20 8.952607e+00
156000 1.584247e-21 -3.945343e-20 -3.786918e-20 2.294931e+02
157000 1.398895e-21 -4.024415e-20 -3.884525e-20 2.026431e+02
158000 1.285301e-21 -4.083853e-20 -3.955323e-20 1.861879e+02
159000 6.587407e-21 -3.421104e-20 -2.762364e-20 9.542479e+02
160000 3.290121e-22 -4.032978e-20 -4.000077e-20 4.766050e+01
161000 2.219916e-21 -3.681908e-20 -3.459917e-20 3.215757e+02
162000 2.023609e-21 -4.079528e-20 -3.877167e-20 2.931387e+02
163000 1.104967e-21 -4.087868e-20 -3.977372e-20 1.600648e+02
164000 4.358417e-21 -3.958751e-20 -3.522909e-20 6.313578e+02
165000 1.522484e-20 -4.038570e-20 -2.516086e-20 2.205461e+03
166000 3.885478e-22 -3.898422e-20 -3.859567e-20 5.628480e+01
167000 8.578693e-25 -4.086371e-20 -4.086285e-20 1.242704e-01
168000 1.580382e-21 -3.905405e-20 -3.747367e-20 2.289332e+02
169000 2.230361e-21 -4.065491e-20 -3.842455e-20 3.230888e+02
170000 3.702721e-21 -3.963978e-20 -3.593706e-20 5.363739e+02
171000 7.999968e-22 -3.583385e-20 -3.503385e-20 1.158871e+02
172000 7.173166e-22 -3.987150e-20 -3.915419e-20 1.039101e+02
173000 1.521026e-21 -4.071510e-20 -3.919408e-20 2.203350e+02
174000 4.803536e-24 -4.065371e-20 -4.064890e-20 6.958374e-01
175000 1.273793e-23 -4.025819e-20 -4.024546e-20 1.845210e+00
176000 1.732342e-21 -3.399311e-20 -3.226077e-20 2.509461e+02
177000 1.275691e-21 -4.078349e-20 -3.950780e-20 1.847959e+02
178000 1.192194e-21 -3.863800e-20 -3.744580e-20 1.727005e+02
179000 3.285745e-23 -4.106052e-20 -4.102766e-20 4.759710e+00
180000 4.413058e-21 -4.106203e-20 -3.664898e-20 6.392730e+02
181000 9.440966e-22 -3.680049e-20 -3.585640e-20 1.367613e+02
182000 7.534041e-22 -4.091545e-20 -4.016205e-20 1.091377e+02
183000 4.364783e-24 -4.090736e-20 -4.090299e-20 6.322799e-01
184000 1.481196e-21 -4.106513e-20 -3.958393e-20 2.145652e+02
185000 1.031954e-22 -3.737307e-20 -3.726987e-20 1.494883e+01
186000 2.231782e-23 -3.699077e-20 -3.696845e-20 3.232947e+00
187000 4.590961e-21 -4.109609e-20 -3.650513e-20 6.650440e+02
188000 6.057210e-22 -4.095626e-20 -4.035054e-20 8.774439e+01
189000 3.259995e-21 -3.978959e-20 -3.652959e-20 4.722409e+02
190000 4.116838e-21 -3.960390e-20 -3.548706e-20 5.963627e+02
191000 1.203140e-21 -4.050413e-20 -3.930099e-20 1.742862e+02
192000 4.494674e-22 -3.925507e-20 -3.880561e-20 6.510959e+01
193000 2.908171e-21 -3.863523e-20 -3.572705e-20 4.212760e+02
194000 6.510093e-22 -4.073758e-20 -4.008657e-20 9.430482e+01
195000 1.654573e-22 -3.937045e-20 -3.920499e-20 2.396804e+01
196000 5.439173e-21 -3.979190e-20 -3.435272e-20 7.879154e+02
197000 1.390124e-23 -3.599008e-20 -3.597618e-20 2.013726e+00
198000 2.445793e-23 -3.924302e-20 -3.921856e-20 3.542961e+00
199000 2.404805e-21 -3.960021e-20 -3.719541e-20 3.483586e+02
200000 8.288105e-22 -4.101751e-20 -4.018870e-20 1.200610e+02
201000 8.106899e-22 -3.898704e-20 -3.817635e-20 1.174361e+02
202000 7.087971e-22 -4.098378e-20 -4.027499e-20 1.026759e+02
203000 1.047254e-21 -4.108658e-20 -4.003933e-20 1.517046e+02
204000 9.414335e-21 -3.968582e-20 -3.027148e-20 1.363755e+03
205000 2.406537e-22 -3.909363e-20 -3.885298e-20 3.486096e+01
206000 2.061297e-21 -3.911013e-20 -3.704883e-20 2.985983e+02
207000 2.157708e-21 -3.588950e-20 -3.373180e-20 3.125642e+02
208000 7.262166e-24 -3.951552e-20 -3.950825e-20 1.051993e+00
209000 3.677386e-22 -3.578830e-20 -3.542056e-20 5.327039e+01
210000 2.264178e-22 -4.097878e-20 -4.075236e-20 3.279875e+01
211000 4.099600e-21 -3.591643e-20 -3.181683e-20 5.938656e+02
212000 2.306322e-22 -4.074960e-20 -4.051896e-20 3.340924e+01
213000 3.886713e-22 -4.000283e-20 -3.961416e-20 5.630269e+01
214000 8.371742e-21 -3.756481e-20 -2.919306e-20 1.212726e+03
215000 7.933260e-22 -4.036371e-20 -3.957039e-20 1.149207e+02
216000 1.331223e-20 -4.102305e-20 -2.771082e-20 1.928402e+03
217000 1.127896e-22 -4.052556e-20 -4.041277e-20 1.633864e+01
218000 2.705816e-22 -4.108552e-20 -4.081494e-20 3.919629e+01
219000 9.214092e-23 -3.876993e-20 -3.867779e-20 1.334748e+01
220000 9.181358e-22 -1.721592e-20 -1.629779e-20 1.330006e+02
221000 6.869181e-23 -4.019214e-20 -4.012345e-20 9.950654e+00
222000 4.511868e-22 -3.984521e-20 -3.939403e-20 6.535866e+01
223000 2.221351e-21 -3.995214e-20 -3.773079e-20 3.217836e+02
224000 3.078411e-22 -4.068869e-20 -4.038085e-20 4.459369e+01
225000 4.618341e-22 -3.814798e-20 -3.768614e-20 6.690102e+01
226000 9.714747e-23 -4.109581e-20 -4.099866e-20 1.407273e+01
227000 5.994870e-23 -3.665517e-20 -3.659522e-20 8.684133e+00
228000 7.061118e-23 -3.971446e-20 -3.964385e-20 1.022869e+01
229000 4.090272e-21 -4.109935e-20 -3.700908e-20 5.925144e+02
230000 1.133790e-20 -3.986297e-20 -2.852507e-20 1.642402e+03
231000 5.250045e-22 -3.837598e-20 -3.785097e-20 7.605185e+01
232000 1.281675e-21 -3.814052e-20 -3.685884e-20 1.856626e+02
233000 2.753263e-21 -4.059042e-20 -3.783716e-20 3.988361e+02
234000 1.853114e-22 -3.965929e-20 -3.947398e-20 2.684410e+01
235000 8.912424e-22 -3.590308e-20 -3.501184e-20 1.291049e+02
236000 2.012476e-21 -3.684889e-20 -3.483642e-20 2.915260e+02
237000 1.856280e-21 -4.106640e-20 -3.921012e-20 2.688996e+02
238000 2.336941e-24 -3.621547e-20 -3.621313e-20 3.385278e-01
239000 1.578248e-21 -3.854559e-20 -3.696734e-20 2.286241e+02
240000 7.456255e-21 -4.087717e-20 -3.342092e-20 1.080109e+03
241000 9.863464e-22 -4.067260e-20 -3.968625e-20 1.428816e+02
242000 4.257505e-21 -3.871553e-20 -3.445802e-20 6.167397e+02
243000 2.465691e-22 -3.322982e-20 -3.298325e-20 3.571785e+01
244000 2.523667e-22 -4.098027e-20 -4.072791e-20 3.655769e+01
245000 7.753274e-22 -4.109280e-20 -4.031747e-20 1.123135e+02
246000 1.241348e-20 -4.108679e-20 -2.867331e-20 1.798210e+03
247000 1.925360e-23 -3.971457e-20 -3.969531e-20 2.789065e+00
248000 2.428198e-21 -3.473654e-20 -3.230834e-20 3.517473e+02
249000 3.131008e-22 -4.089197e-20 -4.057887e-20 4.535560e+01
250000 9.668258e-23 -4.024477e-20 -4.014809e-20 1.400538e+01
251000 1.565535e-22 -3.974938e-20 -3.959283e-20 2.267824e+01
252000 6.715240e-22 -4.098021e-20 -4.030869e-20 9.727658e+01
253000 2.012696e-22 -4.026484e-20 -4.006357e-20 2.915580e+01
254000 6.396205e-22 -4.096166e-20 -4.032204e-20 9.265505e+01
255000 2.264724e-25 -4.093085e-20 -4.093063e-20 3.280666e-02
256000 2.373870e-21 -4.094626e-20 -3.857239e-20 3.438775e+02
257000 1.299765e-21 -3.987637e-20 -3.857660e-20 1.882831e+02
258000 6.278520e-22 -3.464333e-20 -3.401548e-20 9.095027e+01
259000 1.886494e-21 -3.973238e-20 -3.784588e-20 2.732764e+02
260000 8.720863e-22 -4.102917e-20 -4.015709e-20 1.263299e+02
261000 5.080654e-21 -3.891126e-20 -3.383061e-20 7.359806e+02
262000 4.669767e-21 -3.896238e-20 -3.429261e-20 6.764596e+02
263000 2.860942e-22 -3.481822e-20 -3.453212e-20 4.144343e+01
264000 6.122819e-23 -3.217314e-20 -3.211191e-20 8.869480e+00
265000 1.699259e-22 -3.260070e-20 -3.243078e-20 2.461536e+01
266000 6.480590e-21 -4.106640e-20 -3.458581e-20 9.387745e+02
267000 6.450558e-22 -4.044561e-20 -3.980056e-20 9.344240e+01
268000 3.255979e-21 -4.098966e-20 -3.773368e-20 4.716591e+02
269000 2.455574e-22 -3.139548e-20 -3.114992e-20 3.557131e+01
270000 2.092324e-22 -4.105344e-20 -4.084421e-20 3.030928e+01
271000 6.299675e-22 -3.819763e-20 -3.756767e-20 9.125672e+01
272000 1.036734e-22 -4.105819e-20 -4.095452e-20 1.501807e+01
273000 5.608778e-22 -4.014576e-20 -3.958489e-20 8.124843e+01
274000 3.586536e-21 -4.080954e-20 -3.722301e-20 5.195435e+02
275000 1.207424e-21 -4.096472e-20 -3.975729e-20 1.749068e+02
276000 1.978117e-23 -4.109118e-20 -4.107139e-20 2.865489e+00
277000 2.478333e-21 -4.087973e-20 -3.840139e-20 3.590099e+02
278000 8.636056e-22 -4.105841e-20 -4.019481e-20 1.251014e+02
279000 4.610776e-22 -3.938678e-20 -3.892571e-20 6.679143e+01
280000 2.045998e-23 -3.978817e-20 -3.976771e-20 2.963820e+00
281000 4.367076e-21 -4.104978e-20 -3.668270e-20 6.326121e+02
282000 4.722264e-23 -3.928721e-20 -3.923999e-20 6.840644e+00
283000 2.936271e-22 -3.996908e-20 -3.967546e-20 4.253465e+01
284000 4.217077e-23 -3.772801e-20 -3.768584e-20 6.108833e+00
285000 6.582041e-21 -4.088009e-20 -3.429805e-20 9.534705e+02
286000 6.082639e-22 -4.102557e-20 -4.041731e-20 8.811276e+01
287000 1.543049e-21 -3.717927e-20 -3.563622e-20 2.235252e+02
288000 2.083880e-21 -3.799540e-20 -3.591152e-20 3.018697e+02
289000 3.294245e-21 -4.082964e-20 -3.753540e-20 4.772024e+02
290000 8.482889e-21 -4.089533e-20 -3.241244e-20 1.228826e+03
291000 1.610664e-21 -4.061940e-20 -3.900873e-20 2.333198e+02
292000 3.116593e-21 -4.109869e-20 -3.798210e-20 4.514678e+02
293000 1.793851e-21 -4.091627e-20 -3.912242e-20 2.598563e+02
294000 3.227590e-22 -3.708636e-20 -3.676360e-20 4.675468e+01
295000 4.961240e-25 -3.978878e-20 -3.978828e-20 7.186823e-02
296000 8.082174e-24 -4.067936e-20 -4.067127e-20 1.170779e+00
297000 1.191733e-22 -3.925377e-20 -3.913459e-20 1.726337e+01
298000 4.292821e-22 -4.088980e-20 -4.046052e-20 6.218555e+01
299000 1.908416e-21 -3.690649e-20 -3.499808e-20 2.764520e+02
300000 2.800088e-21 -4.031432e-20 1.124858e-19 4.056192e+02
301000 4.912147e-21 -3.527644e-20 6.963571e-20 7.115707e+02
302000 1.575196e-21 -3.937711e-20 6.219809e-20 2.281820e+02
303000 2.432387e-21 -3.824639e-20 6.418600e-20 3.523541e+02
304000 6.274350e-22 -3.903391e-20 6.159353e-20 9.088986e+01
305000 6.504167e-22 -3.790958e-20 6.274084e-20 9.421898e+01
306000 4.055499e-21 -2.477403e-20 7.928147e-20 5.874772e+02
307000 3.053310e-22 -3.861843e-20 6.168691e-20 4.423007e+01
308000 5.175627e-21 -3.289709e-20 7.227853e-20 7.497382e+02
309000 6.229771e-23 -3.973827e-20 6.032459e-20 9.024410e+00
310000 1.245436e-21 -3.861756e-20 6.262788e-20 1.804132e+02
311000 1.256282e-21 -3.682808e-20 6.442820e-20 1.819843e+02
312000 6.031184e-21 -3.772677e-20 6.830441e-20 8.736737e+02
313000 8.016144e-22 -3.950762e-20 6.129399e-20 1.161214e+02
314000 3.802108e-23 -3.920761e-20 6.083041e-20 5.507711e+00
315000 2.444588e-22 -3.908523e-20 6.115922e-20 3.541216e+01
316000 6.505454e-23 -3.948834e-20 6.057672e-20 9.423763e+00
317000 1.519107e-20 -3.972921e-20 7.546226e-20 2.200569e+03
318000 2.945218e-21 -3.731021e-20 6.563501e-20 4.266425e+02
319000 9.999990e-22 -3.831161e-20 6.268839e-20 1.448593e+02
320000 3.374380e-22 -3.750490e-20 6.283254e-20 4.888107e+01
321000 5.007154e-21 -3.885734e-20 6.614981e-20 7.253333e+02
322000 6.524005e-22 -3.387774e-20 6.677466e-20 9.450635e+01
323000 7.208870e-22 -3.365308e-20 6.706781e-20 1.044273e+02
324000 4.475221e-22 -3.970336e-20 6.074432e-20 6.482778e+01
325000 1.758445e-23 -3.624033e-20 6.377725e-20 2.547273e+00
326000 5.012337e-21 -3.850077e-20 6.651157e-20 7.260842e+02
327000 3.189266e-22 -3.924708e-20 6.107184e-20 4.619952e+01
328000 1.275748e-21 -3.680116e-20 6.447459e-20 1.848041e+02
329000 2.120085e-21 -3.404279e-20 6.807730e-20 3.071142e+02
330000 1.051571e-21 -3.751940e-20 6.353217e-20 1.523299e+02
331000 2.663135e-21 -3.449718e-20 6.816595e-20 3.857802e+02
332000 5.418045e-21 -3.842193e-20 6.699611e-20 7.848548e+02
333000 1.733729e-22 -3.222794e-20 6.794543e-20 2.511470e+01
334000 1.919452e-21 -3.901387e-20 6.290559e-20 2.780507e+02
335000 8.515454e-22 -3.778666e-20 6.306489e-20 1.233544e+02
336000 5.354803e-21 -3.687639e-20 6.847841e-20 7.756936e+02
337000 6.566667e-22 -3.924515e-20 6.141151e-20 9.512435e+01
338000 1.896689e-22 -3.981649e-20 6.038089e-20 2.747533e+01
339000 1.032112e-21 -3.287045e-20 6.816167e-20 1.495112e+02
340000 2.441219e-23 -3.757814e-20 6.244627e-20 3.536335e+00
341000 1.359606e-20 -3.395109e-20 7.964497e-20 1.969518e+03
342000 5.434937e-24 -3.960625e-20 6.039918e-20 7.873017e-01
343000 4.367463e-23 -3.785220e-20 6.219147e-20 6.326682e+00
344000 4.762392e-22 -3.741954e-20 6.305670e-20 6.898773e+01
345000 5.012555e-23 -3.791051e-20 6.213961e-20 7.261157e+00
346000 2.152188e-22 -3.119974e-20 6.901548e-20 3.117646e+01
347000 5.045337e-22 -3.299104e-20 6.751349e-20 7.308646e+01
348000 1.608419e-21 -3.773138e-20 6.387704e-20 2.329946e+02
349000 9.006649e-21 -3.817943e-20 7.082722e-20 1.304698e+03
350000 1.888330e-22 -3.984411e-20 6.036294e-20 2.735424e+01
351000 3.367280e-22 -3.957766e-20 6.075907e-20 4.877822e+01
352000 4.191218e-21 -3.887962e-20 6.531160e-20 6.071374e+02
353000 2.055863e-21 -3.385148e-20 6.820438e-20 2.978111e+02
354000 4.749884e-22 -3.965595e-20 6.081907e-20 6.880654e+01
355000 2.768664e-23 -3.025466e-20 6.977303e-20 4.010671e+00
356000 2.791852e-22 -3.977627e-20 6.050498e-20 4.044261e+01
357000 4.489900e-21 -3.857126e-20 6.591864e-20 6.504043e+02
358000 2.414726e-22 -3.992300e-20 6.049170e-20 3.497957e+01
359000 1.344197e-20 -3.953369e-20 7.390828e-20 1.947196e+03
360000 4.878115e-24 -3.933800e-20 6.066687e-20 7.066409e-01
361000 8.742108e-22 -2.390124e-20 7.697297e-20 1.266377e+02
362000 1.055609e-20 -3.729724e-20 7.325885e-20 1.529148e+03
363000 8.439156e-26 -3.680597e-20 6.319411e-20 1.222491e-02
364000 3.675114e-21 -3.834076e-20 6.533436e-20 5.323748e+02
365000 5.711100e-21 -3.718377e-20 6.852733e-20 8.273066e+02
366000 3.609365e-21 -3.961087e-20 6.399850e-20 5.228505e+02
367000 1.813040e-21 -2.733932e-20 7.447372e-20 2.626358e+02
368000 1.860203e-22 -3.987525e-20 6.035676e-20 2.694680e+01
369000 1.023041e-22 -3.453178e-20 6.557053e-20 1.481971e+01
370000 1.340669e-21 -4.001364e-20 6.286674e-20 1.942085e+02
371000 1.134559e-21 -3.841177e-20 6.272279e-20 1.643516e+02
372000 1.431109e-25 -3.872360e-20 6.127654e-20 2.073095e-02
373000 3.276324e-21 -2.582236e-20 7.745397e-20 4.746063e+02
374000 1.409711e-21 -3.903696e-20 6.237275e-20 2.042098e+02
375000 2.735375e-21 -3.981742e-20 6.292590e-20 3.962448e+02
376000 3.545598e-22 -3.798114e-20 6.237342e-20 5.136133e+01
377000 2.044326e-23 -3.933589e-20 6.068455e-20 2.961399e+00
378000 2.221230e-21 -3.957044e-20 6.265080e-20 3.217661e+02
379000 3.415694e-21 -3.512061e-20 6.829508e-20 4.947954e+02
380000 7.615051e-22 -3.840474e-20 6.235677e-20 1.103112e+02
381000 1.360298e-21 -3.857967e-20 6.278063e-20 1.970520e+02
382000 5.430531e-25 -3.744572e-20 6.255482e-20 7.866635e-02
383000 4.903434e-21 -3.870186e-20 6.620158e-20 7.103086e+02
384000 1.096292e-22 -3.950727e-20 6.060236e-20 1.588082e+01
385000 8.265550e-21 -3.662735e-20 7.163820e-20 1.197343e+03
386000 5.022162e-21 -3.927287e-20 6.574929e-20 7.275074e+02
387000 8.259922e-21 -3.597920e-20 7.228072e-20 1.196527e+03
388000 1.543943e-21 -3.942755e-20 6.211640e-20 2.236547e+02
389000 8.583507e-23 -3.960170e-20 6.048414e-20 1.243402e+01
390000 1.383135e-23 -3.890417e-20 6.110966e-20 2.003601e+00
391000 2.836255e-21 -3.481933e-20 6.801692e-20 4.108583e+02
392000 3.987491e-22 -3.896664e-20 6.143211e-20 5.776255e+01
393000 3.980497e-21 -3.981636e-20 6.417182e-20 5.766125e+02
394000 1.173313e-22 -3.954782e-20 6.056951e-20 1.699654e+01
395000 1.142284e-20 -3.641261e-20 7.501024e-20 1.654706e+03
396000 1.119227e-24 -3.812738e-20 6.187374e-20 1.621306e-01
397000 2.685663e-21 -3.984917e-20 6.285774e-20 3.890435e+02
398000 8.225701e-21 -3.932688e-20 6.889882e-20 1.191570e+03
399000 7.095812e-23 -3.953636e-20 6.053460e-20 1.027895e+01
400000 4.185471e-22 -3.688444e-20 6.353411e-20 6.063048e+01
401000 1.328053e-21 -3.964158e-20 6.168649e-20 1.923810e+02
402000 3.873472e-22 -3.847421e-20 6.191314e-20 5.611089e+01
403000 3.959017e-21 -3.896557e-20 6.499344e-20 5.735008e+02
404000 1.404903e-21 -3.955351e-20 6.185139e-20 2.035135e+02
405000 8.132607e-22 -3.925396e-20 6.155930e-20 1.178085e+02
406000 1.544440e-23 -3.538293e-20 6.463251e-20 2.237266e+00
407000 5.470230e-22 -3.887096e-20 6.167606e-20 7.924142e+01
408000 1.258136e-23 -3.825341e-20 6.175917e-20 1.822529e+00
409000 1.280759e-23 -4.011089e-20 6.933670e-20 1.855300e+00
410000 5.034957e-21 -3.431872e-20 7.071623e-20 7.293609e+02
411000 2.548419e-22 -3.676370e-20 6.349114e-20 3.691625e+01
412000 1.775785e-21 -3.984270e-20 6.195054e-20 2.572391e+02
413000 2.089760e-21 -3.800308e-20 6.408668e-20 3.027214e+02
414000 2.394795e-23 -3.863339e-20 6.139056e-20 3.469085e+00
415000 1.609978e-21 -4.005226e-20 6.494837e-20 2.332204e+02
416000 4.471169e-21 -3.891182e-20 6.555935e-20 6.476910e+02
417000 4.825618e-23 -4.002383e-20 6.193711e-20 6.990361e+00
418000 2.152162e-22 -4.002417e-20 6.211737e-20 3.117609e+01
419000 1.774120e-21 -3.574105e-20 6.603307e-20 2.569980e+02
420000 1.883628e-23 -3.605028e-20 6.396856e-20 2.728613e+00
421000 1.579647e-26 -3.676214e-20 6.323788e-20 2.288267e-03
422000 4.681471e-21 -3.951806e-20 6.516341e-20 6.781551e+02
423000 2.039863e-24 -3.606829e-20 6.393375e-20 2.954934e-01
424000 9.469589e-22 -3.872740e-20 6.221955e-20 1.371759e+02
425000 2.605778e-21 -3.655329e-20 6.605248e-20 3.774715e+02
426000 7.967059e-21 -3.979560e-20 6.817539e-20 1.154103e+03
427000 6.105764e-22 -3.936116e-20 6.124941e-20 8.844773e+01
428000 1.692713e-25 -3.990975e-20 6.021172e-20 2.452054e-02
429000 2.529064e-21 -3.820055e-20 6.432851e-20 3.663588e+02
430000 1.116238e-23 -3.062727e-20 6.938389e-20 1.616975e+00
431000 4.309249e-22 -3.738819e-20 6.304274e-20 6.242353e+01
432000 3.069475e-23 -3.973777e-20 6.029348e-20 4.446423e+00
433000 2.636356e-25 -3.993533e-20 6.030425e-20 3.819009e-02
434000 1.620843e-23 -3.312142e-20 6.689478e-20 2.347944e+00
435000 2.126089e-21 -3.581660e-20 6.630949e-20 3.079839e+02
436000 2.657808e-21 -3.855347e-20 6.410434e-20 3.850085e+02
437000 2.469137e-22 -3.889299e-20 6.135393e-20 3.576777e+01
438000 1.404146e-21 -3.873080e-20 6.267334e-20 2.034038e+02
439000 5.478857e-21 -3.941768e-20 6.606118e-20 7.936640e+02
440000 2.241583e-21 -3.951744e-20 6.272414e-20 3.247144e+02
441000 9.619101e-22 -3.342327e-20 6.753864e-20 1.393417e+02
442000 9.490971e-22 -3.597041e-20 6.497869e-20 1.374856e+02
443000 8.095969e-22 -3.976051e-20 6.105030e-20 1.172777e+02
444000 4.406942e-21 -3.851261e-20 6.589433e-20 6.383870e+02
445000 4.050843e-21 -3.554989e-20 6.850096e-20 5.868028e+02
446000 1.105539e-20 -3.435358e-20 7.670181e-20 1.601477e+03
447000 3.399905e-22 -3.823141e-20 6.210858e-20 4.925082e+01
448000 6.654932e-22 -3.216256e-20 6.850293e-20 9.640296e+01
449000 4.064003e-24 -3.800533e-20 6.199873e-20 5.887090e-01
450000 8.918827e-22 -3.560895e-20 6.528293e-20 1.291976e+02
451000 8.519978e-22 -3.880472e-20 6.204728e-20 1.234199e+02
452000 1.313345e-20 -3.853271e-20 7.460074e-20 1.902504e+03
453000 1.988411e-21 -3.538609e-20 6.660232e-20 2.880401e+02
454000 1.057734e-20 -3.250481e-20 7.807253e-20 1.532227e+03
455000 1.320362e-21 -3.774829e-20 6.357207e-20 1.912669e+02
456000 1.814577e-21 -3.813787e-20 6.367671e-20 2.628586e+02
457000 6.086038e-21 -3.376534e-20 7.232069e-20 8.816198e+02
458000 4.864249e-21 -3.397897e-20 7.088528e-20 7.046322e+02
459000 6.323213e-25 -3.476326e-20 6.523737e-20 9.159769e-02
460000 2.184765e-21 -3.437785e-20 6.780692e-20 3.164837e+02
461000 3.134268e-21 -3.577552e-20 6.735875e-20 4.540281e+02
462000 1.666382e-22 -3.392058e-20 6.624606e-20 2.413912e+01
463000 6.154911e-22 -3.989137e-20 6.079701e-20 8.915967e+01
464000 7.006132e-22 -3.951503e-20 6.118558e-20 1.014904e+02
465000 1.376062e-21 -3.548822e-20 6.588785e-20 1.993355e+02
466000 2.047794e-21 -3.906988e-20 6.297791e-20 2.966422e+02
467000 9.592232e-22 -3.946357e-20 6.149566e-20 1.389525e+02
468000 1.143520e-23 -3.104777e-20 6.896366e-20 1.656497e+00
469000 2.827635e-21 -3.723291e-20 6.559472e-20 4.096096e+02
470000 2.669805e-21 -3.897730e-20 6.369251e-20 3.867464e+02
471000 1.576388e-20 -3.593353e-20 7.983034e-20 2.283546e+03
472000 4.398234e-22 -3.912158e-20 6.131824e-20 6.371257e+01
473000 1.000482e-22 -3.381069e-20 6.628936e-20 1.449292e+01
474000 1.696283e-21 -3.952515e-20 6.217113e-20 2.457225e+02
475000 3.083976e-22 -3.776392e-20 6.254448e-20 4.467430e+01
476000 1.819086e-21 -3.933461e-20 6.248448e-20 2.635118e+02
477000 2.347927e-21 -3.966920e-20 6.267877e-20 3.401193e+02
478000 1.092875e-22 -3.737666e-20 6.273263e-20 1.583133e+01
479000 1.379515e-21 -3.663472e-20 6.474480e-20 1.998358e+02
480000 1.172198e-21 -3.399911e-20 6.717309e-20 1.698039e+02
481000 2.622373e-24 -3.983257e-20 6.018283e-20 3.798755e-01
482000 5.064488e-23 -3.418360e-20 6.586704e-20 7.336388e+00
483000 1.353024e-21 -3.833522e-20 6.301780e-20 1.959983e+02
484000 1.448136e-20 -2.951310e-20 8.496827e-20 2.097762e+03
485000 4.127654e-21 -3.951710e-20 6.461056e-20 5.979295e+02
486000 3.929556e-22 -3.943130e-20 6.096166e-20 5.692332e+01
487000 2.022079e-23 -3.944445e-20 6.057577e-20 2.929172e+00
488000 1.168359e-20 -3.993005e-20 7.196213e-20 1.692478e+03
489000 1.160807e-21 -3.891246e-20 6.224834e-20 1.681538e+02
490000 8.503486e-22 -3.796259e-20 6.288776e-20 1.231810e+02
491000 1.982773e-22 -3.976664e-20 6.043313e-20 2.872233e+01
492000 4.454371e-21 -3.874539e-20 6.570898e-20 6.452575e+02
493000 4.530579e-22 -3.968804e-20 6.076511e-20 6.562969e+01
494000 2.164292e-22 -3.989497e-20 6.040211e-20 3.135181e+01
495000 1.313952e-21 -3.913589e-20 6.217807e-20 1.903384e+02
496000 6.481440e-22 -3.655851e-20 6.408964e-20 9.388975e+01
497000 3.057162e-22 -3.508407e-20 6.522165e-20 4.428587e+01
498000 4.311391e-21 -3.606631e-20 6.824508e-20 6.245455e+02
499000 2.412348e-21 -3.928543e-20 6.312692e-20 3.494513e+02
500000 2.841144e-22 -3.647732e-20 6.380680e-20 4.115664e+01
501000 4.321849e-22 -3.849643e-20 6.193575e-20 6.260605e+01
502000 4.006568e-21 -3.878610e-20 6.522046e-20 5.803890e+02
503000 3.805516e-22 -3.934255e-20 6.103800e-20 5.512647e+01
504000 1.148834e-23 -3.971043e-20 6.030127e-20 1.664194e+00
505000 1.225908e-23 -4.011045e-20 6.927179e-20 1.775843e+00
506000 1.744401e-22 -3.624461e-20 6.392983e-20 2.526929e+01
507000 2.290369e-21 -3.887682e-20 6.341355e-20 3.317815e+02
508000 1.445167e-23 -3.805041e-20 6.196404e-20 2.093461e+00
509000 9.472681e-21 -3.999788e-20 7.056289e-20 1.372207e+03
510000 1.096181e-21 -3.835626e-20 6.273993e-20 1.587922e+02
511000 9.650085e-23 -3.901010e-20 6.108640e-20 1.397906e+01
512000 6.397073e-21 -3.891524e-20 6.748183e-20 9.266762e+02
513000 3.758201e-21 -3.855906e-20 6.519915e-20 5.444108e+02
514000 9.008938e-22 -3.690298e-20 6.399791e-20 1.305029e+02
515000 3.862971e-23 -3.969856e-20 6.034020e-20 5.595877e+00
516000 4.859791e-23 -3.649737e-20 6.355122e-20 7.039865e+00
517000 5.233595e-21 -3.331116e-20 7.192244e-20 7.581355e+02
518000 3.310173e-21 -2.922591e-20 7.408427e-20 4.795098e+02
519000 2.633245e-22 -3.747360e-20 6.278973e-20 3.814503e+01
520000 6.564056e-21 -3.275358e-20 7.381048e-20 9.508653e+02
521000 2.651979e-23 -3.321483e-20 6.681169e-20 3.841641e+00
522000 1.611299e-21 -3.961594e-20 6.199536e-20 2.334118e+02
523000 4.341996e-21 -3.838348e-20 6.595852e-20 6.289790e+02
524000 2.726998e-22 -3.413746e-20 6.613523e-20 3.950313e+01
525000 1.056073e-22 -2.678451e-20 7.332109e-20 1.529822e+01
526000 5.357682e-22 -3.562662e-20 6.490914e-20 7.761106e+01
527000 8.625169e-22 -3.868641e-20 6.217611e-20 1.249437e+02
528000 5.272735e-23 -3.915493e-20 6.089780e-20 7.638053e+00
529000 5.553389e-22 -4.001274e-20 6.205258e-20 8.044607e+01
530000 5.402566e-21 -3.846867e-20 6.693390e-20 7.826126e+02
531000 4.757949e-22 -4.001688e-20 6.210970e-20 6.892336e+01
532000 1.690430e-21 -3.619622e-20 6.549421e-20 2.448748e+02
533000 5.924929e-22 -3.731265e-20 6.327984e-20 8.582817e+01
534000 2.819977e-21 -3.875572e-20 6.406425e-20 4.085001e+02
535000 1.255119e-22 -3.352272e-20 6.660280e-20 1.818157e+01
536000 2.552560e-21 -3.662719e-20 6.592537e-20 3.697623e+02
537000 1.306472e-21 -3.765294e-20 6.365353e-20 1.892548e+02
538000 1.574317e-20 -3.680559e-20 7.893758e-20 2.280546e+03
539000 1.057268e-21 -3.453029e-20 6.652698e-20 1.531552e+02
540000 1.670302e-21 -3.680193e-20 6.486837e-20 2.419590e+02
541000 1.709307e-24 -3.829776e-20 6.170395e-20 2.476092e-01
542000 3.305168e-21 -3.638827e-20 6.691690e-20 4.787847e+02
543000 2.058775e-22 -3.935595e-20 6.084993e-20 2.982329e+01
544000 6.836356e-21 -3.930748e-20 6.752888e-20 9.903105e+02
545000 2.011845e-21 -3.882955e-20 6.318230e-20 2.914347e+02
546000 1.604449e-21 -3.905414e-20 6.255031e-20 2.324196e+02
547000 2.355579e-21 -4.004343e-20 6.516473e-20 3.412278e+02
548000 1.056152e-22 -3.622771e-20 6.387790e-20 1.529935e+01
549000 3.367755e-21 -3.575237e-20 6.761538e-20 4.878510e+02
550000 1.291512e-21 -3.775806e-20 6.353345e-20 1.870877e+02
551000 6.671712e-22 -3.585140e-20 6.481577e-20 9.664603e+01
552000 1.047700e-21 -3.787156e-20 6.317614e-20 1.517693e+02
553000 1.694279e-22 -3.205472e-20 6.811471e-20 2.454322e+01
554000 4.541254e-21 -3.754313e-20 6.699813e-20 6.578434e+02
555000 7.831567e-24 -3.332309e-20 6.668474e-20 1.134476e+00
556000 1.070251e-20 -3.858143e-20 7.212108e-20 1.550359e+03
557000 4.840246e-23 -3.678535e-20 6.326305e-20 7.011552e+00
558000 2.547843e-23 -3.919510e-20 6.083037e-20 3.690791e+00
559000 4.346517e-21 -3.659055e-20 6.775597e-20 6.296339e+02
560000 6.388299e-21 -3.839651e-20 6.799179e-20 9.254052e+02
561000 8.309067e-21 -4.003166e-20 7.052724e-20 1.203647e+03
562000 2.285565e-21 -3.900054e-20 6.328503e-20 3.310856e+02
563000 9.764755e-24 -3.848241e-20 6.152735e-20 1.414517e+00
564000 3.225656e-22 -3.651181e-20 6.381076e-20 4.672666e+01
565000 3.724754e-21 -3.944875e-20 6.427600e-20 5.395657e+02
566000 5.257449e-21 -3.903456e-20 6.622289e-20 7.615910e+02
567000 3.017803e-21 -3.882309e-20 6.419472e-20 4.371571e+02
568000 2.373570e-21 -3.369962e-20 6.867395e-20 3.438340e+02
569000 5.493126e-21 -3.905623e-20 6.643689e-20 7.957310e+02
570000 2.347082e-21 -3.639313e-20 6.595395e-20 3.399968e+02
571000 3.347303e-21 -3.411861e-20 6.922870e-20 4.848883e+02
572000 7.427721e-21 -3.925412e-20 6.817361e-20 1.075975e+03
573000 1.007353e-21 -3.557257e-20 6.543479e-20 1.459245e+02
574000 1.028728e-21 -3.497601e-20 6.605272e-20 1.490209e+02
575000 1.275023e-22 -3.923992e-20 6.088758e-20 1.846991e+01
576000 7.347174e-24 -3.692464e-20 6.308271e-20 1.064307e+00
577000 2.149635e-20 -3.861495e-20 8.288139e-20 3.113948e+03
578000 3.546218e-21 -3.749042e-20 6.605580e-20 5.137030e+02
579000 4.931642e-22 -3.893791e-20 6.155525e-20 7.143947e+01
580000 6.563455e-23 -3.994848e-20 6.045211e-20 9.507782e+00
581000 4.764231e-24 -3.699609e-20 6.300868e-20 6.901437e-01
582000 6.264786e-21 -3.932994e-20 6.693485e-20 9.075131e+02
583000 3.193197e-21 -3.990610e-20 6.339688e-20 4.625646e+02
584000 1.220492e-21 -3.938043e-20 6.184006e-20 1.767998e+02
585000 2.618973e-21 -3.887332e-20 6.374566e-20 3.793829e+02
586000 9.625957e-22 -3.748921e-20 6.347339e-20 1.394411e+02
587000 5.871724e-21 -3.973935e-20 6.613295e-20 8.505745e+02
588000 7.426459e-22 -3.926517e-20 6.147747e-20 1.075793e+02
589000 2.115514e-21 -4.003776e-20 6.462499e-20 3.064521e+02
590000 2.672002e-21 -3.972754e-20 6.294485e-20 3.870646e+02
591000 8.218056e-22 -3.724170e-20 6.358010e-20 1.190463e+02
592000 3.810089e-21 -3.210817e-20 7.170192e-20 5.519272e+02
593000 1.996921e-21 -3.924026e-20 6.275666e-20 2.892727e+02
594000 1.565563e-23 -3.959076e-20 6.042490e-20 2.267865e+00
595000 2.106436e-21 -3.128080e-20 7.082564e-20 3.051371e+02
596000 4.276329e-21 -3.975494e-20 6.452238e-20 6.194665e+02
597000 1.514711e-21 -3.962718e-20 6.188754e-20 2.194201e+02
598000 1.866938e-21 -3.315587e-20 6.871107e-20 2.704435e+02
599000 1.904395e-21 -4.013064e-20 7.444385e-20 2.758695e+02
600000 8.194423e-23 -3.947358e-20 6.060836e-20 1.187039e+01
601000 1.420519e-21 -3.848632e-20 6.293420e-20 2.057755e+02
602000 5.912540e-23 -3.476238e-20 6.529674e-20 8.564871e+00
603000 4.876230e-22 -3.628066e-20 6.420697e-20 7.063678e+01
604000 3.264442e-22 -3.668504e-20 6.364140e-20 4.728852e+01
605000 7.595038e-21 -3.969106e-20 6.790408e-20 1.100213e+03
606000 9.481747e-22 -3.483031e-20 6.611787e-20 1.373520e+02
607000 4.598793e-24 -3.593705e-20 6.406755e-20 6.661785e-01
608000 4.339513e-22 -3.362182e-20 6.681213e-20 6.286192e+01
609000 3.493556e-21 -3.866754e-20 6.482602e-20 5.060745e+02
610000 5.410974e-23 -3.780570e-20 6.224841e-20 7.838305e+00
611000 3.192179e-23 -1.999780e-20 8.003412e-20 4.624172e+00
612000 1.174992e-21 -3.105495e-20 7.012004e-20 1.702087e+02
613000 2.030837e-22 -3.961373e-20 6.058936e-20 2.941859e+01
614000 3.139854e-21 -3.991450e-20 6.336330e-20 4.548374e+02
615000 2.381530e-21 -3.880143e-20 6.358010e-20 3.449871e+02
616000 4.883770e-23 -3.617648e-20 6.387236e-20 7.074601e+00
617000 9.243171e-22 -3.929804e-20 6.162628e-20 1.338960e+02
618000 1.499094e-21 -3.461507e-20 6.688403e-20 2.171579e+02
619000 4.018763e-22 -3.847531e-20 6.192656e-20 5.821556e+01
620000 1.222802e-22 -3.220710e-20 6.791518e-20 1.771344e+01
621000 6.228800e-21 -3.880452e-20 6.742428e-20 9.023002e+02
622000 1.958758e-21 -3.965667e-20 6.230211e-20 2.837445e+02
623000 3.030043e-21 -3.853086e-20 6.449918e-20 4.389303e+02
624000 1.376726e-21 -3.998888e-20 6.227470e-20 1.994318e+02
625000 4.000318e-23 -3.703807e-20 6.300193e-20 5.794837e+00
626000 2.220939e-22 -3.754848e-20 6.267361e-20 3.217239e+01
627000 5.036120e-22 -3.885898e-20 6.164463e-20 7.295294e+01
628000 9.851859e-22 -3.908104e-20 6.190415e-20 1.427134e+02
629000 2.971420e-21 -3.947848e-20 6.349294e-20 4.304382e+02
630000 1.824251e-21 -3.553828e-20 6.628597e-20 2.642599e+02
631000 3.450262e-21 -3.692602e-20 6.652424e-20 4.998029e+02
632000 4.808449e-21 -3.106306e-20 7.374539e-20 6.965491e+02
633000 6.538404e-23 -3.899685e-20 6.106854e-20 9.471494e+00
634000 4.117516e-22 -3.995446e-20 6.084633e-20 5.964610e+01
635000 6.387833e-21 -3.871863e-20 6.766920e-20 9.253378e+02
636000 6.690137e-22 -3.980521e-20 6.086918e-20 9.691293e+01
637000 2.761984e-21 -3.954655e-20 6.321544e-20 4.000994e+02
638000 9.118082e-24 -3.249274e-20 6.751638e-20 1.320840e+00
639000 1.234853e-21 -3.795027e-20 6.328458e-20 1.788801e+02
640000 2.901053e-22 -3.523449e-20 6.505562e-20 4.202448e+01
641000 1.234930e-22 -3.854009e-20 6.158340e-20 1.788913e+01
642000 9.177576e-22 -3.755731e-20 6.336044e-20 1.329458e+02
643000 4.873323e-22 -3.974949e-20 6.073867e-20 7.059467e+01
644000 3.112977e-21 -3.590104e-20 6.721193e-20 4.509441e+02
645000 2.522698e-21 -3.871575e-20 6.380694e-20 3.654366e+02
646000 7.469413e-23 -3.781785e-20 6.225684e-20 1.082015e+01
647000 1.003804e-20 -3.100862e-20 7.902942e-20 1.454105e+03
648000 4.887343e-21 -3.665739e-20 6.822995e-20 7.079776e+02
649000 7.710899e-21 -3.493754e-20 7.277336e-20 1.116996e+03
650000 2.980980e-23 -3.970062e-20 6.032933e-20 4.318231e+00
651000 1.486580e-23 -3.937549e-20 6.063937e-20 2.153451e+00
652000 9.185775e-22 -3.611751e-20 6.480107e-20 1.330646e+02
653000 7.847145e-21 -3.297742e-20 7.486973e-20 1.136733e+03
654000 4.558346e-21 -3.543357e-20 6.912477e-20 6.603193e+02
655000 1.790617e-21 -3.969063e-20 6.210009e-20 2.593877e+02
656000 2.320251e-21 -3.645217e-20 6.586808e-20 3.361102e+02
657000 3.643510e-22 -3.983453e-20 6.054340e-20 5.277967e+01
658000 2.907282e-21 -2.484725e-20 7.806003e-20 4.211472e+02
659000 3.023291e-22 -4.011098e-20 6.963886e-20 4.379522e+01
660000 3.050684e-22 -3.656459e-20 6.374048e-20 4.419203e+01
661000 7.001031e-21 -4.006891e-20 7.156646e-20 1.014165e+03
662000 7.204348e-22 -3.814447e-20 6.257596e-20 1.043618e+02
663000 9.610969e-22 -3.917781e-20 6.178329e-20 1.392239e+02
664000 4.521819e-21 -3.702869e-20 6.749313e-20 6.550281e+02
665000 3.149631e-24 -2.747289e-20 7.253026e-20 4.562537e-01
666000 2.820713e-23 -3.819510e-20 6.183311e-20 4.086068e+00
667000 2.272639e-21 -4.008379e-20 6.822830e-20 3.292132e+02
668000 4.324272e-21 -3.655902e-20 6.776526e-20 6.264115e+02
669000 1.820333e-23 -3.898679e-20 6.103142e-20 2.636924e+00
670000 9.547641e-22 -3.130379e-20 6.965097e-20 1.383066e+02
671000 3.670821e-21 -3.178174e-20 7.188908e-20 5.317529e+02
672000 5.596893e-22 -3.175075e-20 6.880894e-20 8.107626e+01
673000 2.257310e-21 -2.929074e-20 7.296657e-20 3.269926e+02
674000 1.964323e-20 -3.891603e-20 8.072720e-20 2.845507e+03
675000 1.724390e-21 -3.552590e-20 6.619849e-20 2.497941e+02
676000 1.257414e-23 -3.824855e-20 6.176403e-20 1.821482e+00
677000 2.323018e-21 -3.836143e-20 6.396158e-20 3.365110e+02
678000 5.322773e-21 -3.382631e-20 7.149646e-20 7.710538e+02
679000 4.054697e-22 -3.669151e-20 6.371396e-20 5.873610e+01
680000 1.060269e-21 -3.933213e-20 6.172814e-20 1.535899e+02
681000 2.598930e-23 -3.585425e-20 6.417174e-20 3.764795e+00
682000 1.648390e-22 -3.864015e-20 6.152469e-20 2.387848e+01
683000 9.300642e-22 -3.444384e-20 6.648622e-20 1.347286e+02
684000 2.437226e-23 -3.787853e-20 6.214585e-20 3.530551e+00
685000 4.967186e-22 -3.809708e-20 6.239964e-20 7.195437e+01
686000 1.049982e-25 -3.779322e-20 6.220688e-20 1.520998e-02
687000 2.502188e-21 -3.984147e-20 6.267753e-20 3.624655e+02
688000 1.947671e-22 -3.582952e-20 6.436525e-20 2.821385e+01
689000 1.835114e-21 -3.879344e-20 6.304167e-20 2.658336e+02
690000 1.506561e-21 -3.836760e-20 6.313896e-20 2.182395e+02
691000 2.839701e-23 -3.596274e-20 6.406566e-20 4.113574e+00
692000 5.574129e-22 -3.691924e-20 6.363817e-20 8.074651e+01
693000 8.155877e-22 -3.846150e-20 6.235409e-20 1.181456e+02
694000 6.906041e-22 -3.891903e-20 6.177157e-20 1.000405e+02
695000 5.077585e-22 -3.406384e-20 6.644392e-20 7.355360e+01
696000 6.100074e-22 -3.897480e-20 6.163520e-20 8.836531e+01
697000 5.015879e-21 -3.799429e-20 6.702158e-20 7.265973e+02
698000 4.467512e-21 -3.442532e-20 7.004220e-20 6.471612e+02
699000 7.889773e-21 -3.943902e-20 6.845076e-20 1.142908e+03
700000 2.846596e-21 -3.953205e-20 6.331455e-20 4.123562e+02
701000 4.464869e-22 -3.971913e-20 6.072764e-20 6.467783e+01
702000 7.417095e-21 -3.993837e-20 6.773760e-20 1.074436e+03
703000 1.658304e-21 -3.425520e-20 6.740311e-20 2.402209e+02
704000 1.433205e-20 -3.880999e-20 7.552205e-20 2.076132e+03
705000 4.135676e-22 -3.958872e-20 6.082485e-20 5.990916e+01
706000 2.190209e-23 -3.896714e-20 6.105476e-20 3.172724e+00
707000 8.354996e-22 -3.546144e-20 6.537406e-20 1.210300e+02
708000 9.999241e-24 -3.693090e-20 6.307910e-20 1.448484e+00
709000 1.293187e-22 -3.897840e-20 6.115091e-20 1.873303e+01
710000 3.599963e-21 -3.244024e-20 7.115972e-20 5.214886e+02
711000 1.602780e-23 -3.947484e-20 6.054119e-20 2.321778e+00
712000 1.481259e-22 -3.098963e-20 6.915849e-20 2.145742e+01
713000 4.816347e-22 -3.899757e-20 6.148406e-20 6.976931e+01
714000 7.213440e-22 -3.861234e-20 6.210900e-20 1.044935e+02
715000 1.159103e-21 -3.781002e-20 6.334908e-20 1.679070e+02
716000 1.559383e-21 -3.775220e-20 6.380719e-20 2.258913e+02
717000 3.597089e-23 -3.893797e-20 6.109800e-20 5.210722e+00
718000 1.609509e-22 -3.297198e-20 6.718897e-20 2.331525e+01
719000 2.869076e-21 -3.931262e-20 6.355645e-20 4.156127e+02
720000 2.791782e-22 -3.920094e-20 6.107824e-20 4.044159e+01
721000 8.139054e-22 -3.893890e-20 6.187501e-20 1.179019e+02
722000 4.784742e-23 -3.188600e-20 6.816185e-20 6.931149e+00
723000 1.938185e-23 -3.560309e-20 6.441629e-20 2.807643e+00
724000 6.718436e-21 -3.979375e-20 6.692839e-20 9.732287e+02
725000 9.162194e-21 -3.821544e-20 7.094675e-20 1.327230e+03
726000 6.050116e-22 -1.128165e-20 8.932336e-20 8.764162e+01
727000 9.473766e-22 -3.961408e-20 6.133330e-20 1.372364e+02
728000 2.458644e-21 -3.185760e-20 7.060105e-20 3.561577e+02
729000 1.646309e-21 -3.591195e-20 6.573436e-20 2.384833e+02
730000 3.440757e-23 -3.973406e-20 6.030083e-20 4.984260e+00
731000 2.768949e-22 -3.968271e-20 6.059426e-20 4.011084e+01
732000 2.960666e-23 -3.504737e-20 6.498223e-20 4.288803e+00
733000 1.029427e-21 -3.765346e-20 6.337597e-20 1.491221e+02
734000 8.601440e-23 -3.963073e-20 6.045530e-20 1.246000e+01
735000 1.898569e-21 -3.570666e-20 6.619191e-20 2.750255e+02
736000 3.254072e-22 -3.884274e-20 6.148267e-20 4.713830e+01
737000 3.560229e-21 -3.725157e-20 6.630866e-20 5.157326e+02
738000 5.219606e-22 -3.985240e-20 6.069298e-20 7.561090e+01
739000 6.795167e-24 -3.908852e-20 6.091827e-20 9.843438e-01
740000 3.964228e-21 -3.847115e-20 6.549308e-20 5.742557e+02
741000 3.741239e-22 -3.863378e-20 6.174034e-20 5.419537e+01
742000 1.677650e-21 -3.619280e-20 6.548485e-20 2.430234e+02
743000 1.721129e-21 -3.336458e-20 6.835655e-20 2.493217e+02
744000 4.199466e-22 -3.789325e-20 6.252670e-20 6.083322e+01
745000 6.833338e-22 -3.282310e-20 6.786023e-20 9.898733e+01
746000 5.284081e-21 -4.006695e-20 6.968806e-20 7.654489e+02
747000 2.519181e-21 -3.834833e-20 6.417085e-20 3.649271e+02
748000 3.630694e-21 -3.846530e-20 6.516540e-20 5.259402e+02
749000 7.784064e-22 -3.753904e-20 6.323936e-20 1.127595e+02
750000 1.896685e-21 -3.850959e-20 6.338710e-20 2.747527e+02
751000 9.612541e-22 -3.980067e-20 6.116522e-20 1.392467e+02
752000 7.030790e-22 -3.711343e-20 6.358965e-20 1.018476e+02
753000 4.028807e-21 -3.987591e-20 6.419978e-20 5.836106e+02
754000 6.993036e-21 -3.573425e-20 7.125878e-20 1.013007e+03
755000 2.467680e-21 -3.406367e-20 6.840401e-20 3.574667e+02
756000 5.650629e-23 -3.452433e-20 6.553218e-20 8.185468e+00
757000 5.279865e-21 -3.171885e-20 7.356101e-20 7.648382e+02
758000 8.124790e-22 -3.938525e-20 6.142723e-20 1.176952e+02
759000 8.857359e-22 -3.965316e-20 6.123260e-20 1.283072e+02
760000 1.953189e-21 -3.466021e-20 6.729298e-20 2.829379e+02
761000 1.037974e-23 -3.991177e-20 6.022674e-20 1.503603e+00
762000 2.734565e-22 -3.836446e-20 6.190900e-20 3.961275e+01
763000 1.934045e-22 -3.974561e-20 6.044852e-20 2.801646e+01
764000 6.002696e-23 -4.003029e-20 6.221735e-20 8.695469e+00
765000 7.492711e-23 -3.998747e-20 6.094597e-20 1.085390e+01
766000 1.647350e-21 -3.838399e-20 6.326336e-20 2.386341e+02
767000 2.485303e-21 -4.001504e-20 6.405732e-20 3.600196e+02
768000 1.059908e-21 -3.965588e-20 6.140405e-20 1.535377e+02
769000 1.183545e-21 -3.889532e-20 6.228822e-20 1.714476e+02
770000 3.252271e-21 -3.918397e-20 6.406830e-20 4.711221e+02
771000 2.892923e-21 -3.804547e-20 6.484746e-20 4.190671e+02
772000 8.136668e-22 -3.688755e-20 6.392612e-20 1.178673e+02
773000 5.479135e-21 -3.861020e-20 6.686894e-20 7.937042e+02
774000 2.013732e-21 -3.915005e-20 6.286368e-20 2.917081e+02
775000 4.165812e-23 -3.619365e-20 6.384800e-20 6.034570e+00
776000 9.641865e-21 -3.013263e-20 7.950923e-20 1.396715e+03
777000 3.068847e-21 -3.464449e-20 6.842436e-20 4.445513e+02
778000 8.318310e-22 -3.831342e-20 6.251841e-20 1.204985e+02
779000 2.613754e-21 -3.645698e-20 6.615677e-20 3.786268e+02
780000 2.104078e-21 -3.603698e-20 6.606710e-20 3.047955e+02
781000 6.816090e-22 -3.912134e-20 6.156027e-20 9.873747e+01
782000 8.770675e-22 -3.390476e-20 6.697230e-20 1.270515e+02
783000 1.286406e-22 -3.917402e-20 6.095462e-20 1.863480e+01
784000 1.715653e-22 -3.650205e-20 6.366951e-20 2.485285e+01
785000 9.863376e-23 -3.958630e-20 6.051234e-20 1.428803e+01
786000 1.052687e-21 -3.657045e-20 6.448224e-20 1.524916e+02
787000 2.244801e-21 -3.689193e-20 6.535287e-20 3.251805e+02
788000 4.814435e-22 -3.768168e-20 6.279976e-20 6.974162e+01
789000 1.786817e-23 -3.429376e-20 6.572411e-20 2.588373e+00
790000 7.846430e-21 -3.987103e-20 6.801608e-20 1.136629e+03
791000 2.251866e-21 -3.857262e-20 6.367925e-20 3.262040e+02
792000 5.834837e-21 -3.441628e-20 7.141856e-20 8.452311e+02
793000 5.155317e-22 -3.949340e-20 6.102213e-20 7.467962e+01
794000 4.981607e-22 -3.904987e-20 6.144830e-20 7.216327e+01
795000 1.087520e-21 -2.505842e-20 7.602910e-20 1.575375e+02
796000 6.246695e-22 -3.792157e-20 6.270310e-20 9.048926e+01
797000 1.247935e-22 -3.996055e-20 6.061649e-20 1.807751e+01
798000 2.877164e-25 -3.739814e-20 6.260215e-20 4.167843e-02
799000 1.879205e-22 -3.896520e-20 6.122272e-20 2.722205e+01
800000 9.855427e-25 -2.894528e-20 7.105570e-20 1.427651e-01
801000 3.174312e-22 -3.751510e-20 6.280233e-20 4.598290e+01
802000 3.655223e-22 -4.001883e-20 6.206745e-20 5.294935e+01
803000 1.449252e-23 -3.543408e-20 6.458041e-20 2.099378e+00
804000 2.748082e-22 -3.814225e-20 6.213256e-20 3.980855e+01
805000 9.692999e-23 -3.826709e-20 6.182984e-20 1.404122e+01
806000 3.432840e-23 -3.898204e-20 6.105229e-20 4.972792e+00
807000 7.626963e-22 -3.692410e-20 6.383860e-20 1.104837e+02
808000 8.627756e-22 -3.432522e-20 6.653756e-20 1.249812e+02
809000 1.960049e-21 -3.611908e-20 6.584097e-20 2.839315e+02
810000 9.989778e-23 -3.809131e-20 6.200859e-20 1.447113e+01
811000 1.573492e-21 -3.943159e-20 6.214190e-20 2.279351e+02
812000 1.897323e-21 -3.917978e-20 6.271754e-20 2.748451e+02
813000 1.623763e-21 -3.292706e-20 6.869671e-20 2.352173e+02
814000 5.455360e-24 -3.888213e-20 6.112333e-20 7.902603e-01
815000 1.031109e-22 -3.911706e-20 6.098605e-20 1.493658e+01
816000 2.915100e-21 -2.937313e-20 7.354197e-20 4.222797e+02
817000 8.593675e-24 -3.296737e-20 6.704122e-20 1.244875e+00
818000 1.383766e-21 -3.814512e-20 6.323865e-20 2.004515e+02
819000 1.034666e-21 -3.876781e-20 6.226685e-20 1.498811e+02
820000 2.836227e-21 -3.493834e-20 6.789789e-20 4.108541e+02
821000 8.846354e-22 -3.798377e-20 6.290086e-20 1.281478e+02
822000 1.398168e-21 -3.864066e-20 6.275751e-20 2.025378e+02
823000 3.292811e-21 -3.927974e-20 6.401307e-20 4.769946e+02
824000 7.457426e-21 -3.637520e-20 7.108223e-20 1.080278e+03
825000 5.435472e-23 -3.833516e-20 6.171919e-20 7.873793e+00
826000 2.530308e-20 -3.891367e-20 8.638941e-20 3.665389e+03
827000 1.312272e-21 -3.786339e-20 6.344888e-20 1.900949e+02
828000 2.777174e-23 -3.497708e-20 6.505069e-20 4.022998e+00
829000 3.443451e-22 -3.778976e-20 6.255458e-20 4.988163e+01
830000 1.330847e-21 -3.959219e-20 6.173866e-20 1.927857e+02
831000 1.796787e-21 -3.808785e-20 6.370893e-20 2.602815e+02
832000 1.656808e-21 -2.906574e-20 7.259107e-20 2.400043e+02
833000 6.496772e-22 -3.774000e-20 6.290968e-20 9.411186e+01
834000 6.533862e-22 -3.804858e-20 6.260481e-20 9.464914e+01
835000 3.266589e-21 -3.749508e-20 6.577150e-20 4.731962e+02
836000 2.989738e-22 -3.831826e-20 6.198072e-20 4.330917e+01
837000 3.425593e-24 -3.984015e-20 6.017942e-20 4.962293e-01
838000 4.432574e-23 -3.987794e-20 6.021609e-20 6.421001e+00
839000 3.919316e-21 -2.971726e-20 7.420206e-20 5.677497e+02
840000 7.562910e-22 -3.799466e-20 6.276163e-20 1.095559e+02
841000 3.701847e-21 -3.717492e-20 6.652692e-20 5.362473e+02
842000 2.362582e-21 -3.855811e-20 6.380447e-20 3.422422e+02
843000 2.680611e-21 -3.781266e-20 6.486795e-20 3.883117e+02
844000 1.273931e-21 -3.609912e-20 6.517481e-20 1.845409e+02
845000 4.392332e-21 -3.515807e-20 6.923426e-20 6.362707e+02
846000 3.965734e-21 -3.906005e-20 6.490568e-20 5.744739e+02
847000 2.407743e-21 -3.159997e-20 7.080777e-20 3.487842e+02
848000 1.444936e-21 -3.565024e-20 6.579470e-20 2.093126e+02
849000 7.861810e-21 -3.984949e-20 6.803377e-20 1.138857e+03
850000 6.175107e-23 -3.943976e-20 6.062199e-20 8.945224e+00
851000 6.248801e-22 -3.746722e-20 6.315766e-20 9.051976e+01
852000 5.410479e-21 -3.298355e-20 7.242693e-20 7.837588e+02
853000 1.212605e-21 -3.927137e-20 6.194123e-20 1.756572e+02
854000 1.139804e-21 -3.846651e-20 6.267329e-20 1.651113e+02
855000 4.123469e-21 -3.599807e-20 6.812539e-20 5.973233e+02
856000 6.626945e-23 -3.320575e-20 6.686052e-20 9.599753e+00
857000 2.484599e-21 -3.671015e-20 6.577445e-20 3.599175e+02
858000 2.932909e-22 -3.920806e-20 6.108523e-20 4.248594e+01
859000 2.130389e-21 -3.924054e-20 6.288985e-20 3.086069e+02
860000 8.968100e-21 -3.920036e-20 6.976774e-20 1.299114e+03
861000 4.329513e-22 -3.381294e-20 6.662001e-20 6.271707e+01
862000 3.835228e-21 -3.924874e-20 6.458649e-20 5.555689e+02
863000 2.957419e-22 -3.452804e-20 6.576770e-20 4.284100e+01
864000 3.059346e-21 -3.967374e-20 6.338566e-20 4.431750e+02
865000 5.875490e-23 -3.692476e-20 6.313400e-20 8.511200e+00
866000 2.607562e-23 -3.715638e-20 6.286970e-20 3.777299e+00
867000 7.528491e-23 -3.770111e-20 6.237418e-20 1.090573e+01
868000 4.444321e-21 -3.837622e-20 6.606810e-20 6.438018e+02
869000 1.076830e-21 -3.515493e-20 6.592190e-20 1.559890e+02
870000 3.699653e-22 -3.973292e-20 6.063751e-20 5.359296e+01
871000 4.193886e-21 -3.719608e-20 6.699780e-20 6.075239e+02
872000 9.279279e-21 -3.997240e-20 6.990945e-20 1.344191e+03
873000 2.653993e-22 -3.992087e-20 6.050818e-20 3.844559e+01
874000 2.498207e-24 -3.970530e-20 6.029737e-20 3.618888e-01
875000 1.814206e-22 -3.651678e-20 6.366464e-20 2.628048e+01
876000 3.825011e-22 -2.315132e-20 7.723118e-20 5.540888e+01
877000 2.581622e-21 -3.983789e-20 6.275879e-20 3.739723e+02
878000 1.114477e-21 -3.373357e-20 6.738091e-20 1.614424e+02
879000 1.470782e-21 -4.008651e-20 6.771386e-20 2.130567e+02
