pX pY pZ 
9.955417e-14 0.000000e+00 0.000000e+00
-5.862336e-14 0.000000e+00 0.000000e+00
-1.025045e-13 0.000000e+00 0.000000e+00
-4.108450e-13 0.000000e+00 0.000000e+00
-1.362690e-13 0.000000e+00 0.000000e+00
-4.378377e-14 0.000000e+00 0.000000e+00
2.782911e-14 0.000000e+00 0.000000e+00
7.708996e-14 0.000000e+00 0.000000e+00
-1.836304e-13 0.000000e+00 0.000000e+00
8.903262e-14 0.000000e+00 0.000000e+00
-2.201062e-13 0.000000e+00 0.000000e+00
-3.195838e-13 0.000000e+00 0.000000e+00
-1.505126e-13 0.000000e+00 0.000000e+00
-1.119734e-13 0.000000e+00 0.000000e+00
2.527416e-13 0.000000e+00 0.000000e+00
-1.188573e-13 0.000000e+00 0.000000e+00
1.040923e-13 0.000000e+00 0.000000e+00
2.684081e-13 0.000000e+00 0.000000e+00
2.650762e-13 0.000000e+00 0.000000e+00
1.970749e-13 0.000000e+00 0.000000e+00
6.578027e-14 0.000000e+00 0.000000e+00
-7.438422e-14 0.000000e+00 0.000000e+00
1.743110e-13 0.000000e+00 0.000000e+00
-1.562981e-14 0.000000e+00 0.000000e+00
8.360885e-14 0.000000e+00 0.000000e+00
-3.415080e-14 0.000000e+00 0.000000e+00
-3.716211e-13 0.000000e+00 0.000000e+00
1.472304e-13 0.000000e+00 0.000000e+00
8.282482e-14 0.000000e+00 0.000000e+00
-1.887016e-13 0.000000e+00 0.000000e+00
-1.678127e-14 0.000000e+00 0.000000e+00
2.845384e-13 0.000000e+00 0.000000e+00
-1.879985e-13 0.000000e+00 0.000000e+00
-8.083613e-14 0.000000e+00 0.000000e+00
-4.283608e-14 0.000000e+00 0.000000e+00
6.321270e-14 0.000000e+00 0.000000e+00
1.477489e-14 0.000000e+00 0.000000e+00
5.457921e-15 0.000000e+00 0.000000e+00
-3.235095e-13 0.000000e+00 0.000000e+00
1.610959e-13 0.000000e+00 0.000000e+00
-2.932626e-13 0.000000e+00 0.000000e+00
1.012594e-13 0.000000e+00 0.000000e+00
1.350700e-13 0.000000e+00 0.000000e+00
9.580101e-14 0.000000e+00 0.000000e+00
4.091875e-14 0.000000e+00 0.000000e+00
-1.340095e-13 0.000000e+00 0.000000e+00
3.634365e-14 0.000000e+00 0.000000e+00
3.379148e-13 0.000000e+00 0.000000e+00
6.444431e-14 0.000000e+00 0.000000e+00
6.499908e-14 0.000000e+00 0.000000e+00
-1.312603e-13 0.000000e+00 0.000000e+00
-1.233715e-13 0.000000e+00 0.000000e+00
-1.581315e-13 0.000000e+00 0.000000e+00
7.771531e-15 0.000000e+00 0.000000e+00
-9.339886e-14 0.000000e+00 0.000000e+00
8.041905e-14 0.000000e+00 0.000000e+00
1.581140e-13 0.000000e+00 0.000000e+00
-3.249646e-13 0.000000e+00 0.000000e+00
1.527053e-13 0.000000e+00 0.000000e+00
-2.590635e-14 0.000000e+00 0.000000e+00
-3.740594e-13 0.000000e+00 0.000000e+00
-1.711306e-13 0.000000e+00 0.000000e+00
-1.203973e-13 0.000000e+00 0.000000e+00
3.022437e-13 0.000000e+00 0.000000e+00
-5.436714e-14 0.000000e+00 0.000000e+00
2.496792e-13 0.000000e+00 0.000000e+00
5.070025e-14 0.000000e+00 0.000000e+00
-1.641064e-13 0.000000e+00 0.000000e+00
1.740051e-13 0.000000e+00 0.000000e+00
7.342683e-14 0.000000e+00 0.000000e+00
1.417981e-13 0.000000e+00 0.000000e+00
2.467776e-13 0.000000e+00 0.000000e+00
-1.936901e-13 0.000000e+00 0.000000e+00
-1.059677e-13 0.000000e+00 0.000000e+00
-2.109099e-13 0.000000e+00 0.000000e+00
-1.499051e-14 0.000000e+00 0.000000e+00
4.093688e-14 0.000000e+00 0.000000e+00
1.897112e-14 0.000000e+00 0.000000e+00
-2.209504e-13 0.000000e+00 0.000000e+00
1.211885e-13 0.000000e+00 0.000000e+00
-9.527961e-15 0.000000e+00 0.000000e+00
1.453523e-13 0.000000e+00 0.000000e+00
-2.498880e-13 0.000000e+00 0.000000e+00
-1.501609e-13 0.000000e+00 0.000000e+00
2.163220e-14 0.000000e+00 0.000000e+00
8.985490e-14 0.000000e+00 0.000000e+00
1.529425e-13 0.000000e+00 0.000000e+00
1.481875e-13 0.000000e+00 0.000000e+00
-9.882621e-14 0.000000e+00 0.000000e+00
-4.959004e-14 0.000000e+00 0.000000e+00
-2.453126e-13 0.000000e+00 0.000000e+00
-3.778180e-14 0.000000e+00 0.000000e+00
6.310599e-14 0.000000e+00 0.000000e+00
6.551500e-14 0.000000e+00 0.000000e+00
-1.295452e-15 0.000000e+00 0.000000e+00
2.184133e-13 0.000000e+00 0.000000e+00
2.092252e-15 0.000000e+00 0.000000e+00
-1.069991e-13 0.000000e+00 0.000000e+00
-6.877696e-14 0.000000e+00 0.000000e+00
4.796753e-13 0.000000e+00 0.000000e+00
-3.095837e-14 0.000000e+00 0.000000e+00
1.183407e-13 0.000000e+00 0.000000e+00
-2.411472e-13 0.000000e+00 0.000000e+00
-3.193001e-13 0.000000e+00 0.000000e+00
2.407376e-14 0.000000e+00 0.000000e+00
-1.173452e-13 0.000000e+00 0.000000e+00
-9.512911e-14 0.000000e+00 0.000000e+00
1.822732e-13 0.000000e+00 0.000000e+00
1.262913e-13 0.000000e+00 0.000000e+00
4.532164e-14 0.000000e+00 0.000000e+00
-1.156581e-13 0.000000e+00 0.000000e+00
3.141030e-13 0.000000e+00 0.000000e+00
5.516269e-14 0.000000e+00 0.000000e+00
-2.758587e-14 0.000000e+00 0.000000e+00
1.189338e-13 0.000000e+00 0.000000e+00
-2.952180e-13 0.000000e+00 0.000000e+00
-1.617616e-13 0.000000e+00 0.000000e+00
6.679837e-14 0.000000e+00 0.000000e+00
1.287361e-13 0.000000e+00 0.000000e+00
-1.800824e-13 0.000000e+00 0.000000e+00
-2.339263e-13 0.000000e+00 0.000000e+00
-1.475235e-13 0.000000e+00 0.000000e+00
-1.719497e-14 0.000000e+00 0.000000e+00
-9.194437e-14 0.000000e+00 0.000000e+00
-4.432734e-14 0.000000e+00 0.000000e+00
-1.680410e-13 0.000000e+00 0.000000e+00
-1.728620e-13 0.000000e+00 0.000000e+00
-1.651672e-13 0.000000e+00 0.000000e+00
-1.541936e-13 0.000000e+00 0.000000e+00
-1.231218e-13 0.000000e+00 0.000000e+00
-8.092425e-14 0.000000e+00 0.000000e+00
-1.490757e-13 0.000000e+00 0.000000e+00
5.038798e-14 0.000000e+00 0.000000e+00
2.196647e-13 0.000000e+00 0.000000e+00
-7.197759e-15 0.000000e+00 0.000000e+00
3.574996e-14 0.000000e+00 0.000000e+00
-1.326656e-13 0.000000e+00 0.000000e+00
-5.645537e-14 0.000000e+00 0.000000e+00
-3.306436e-14 0.000000e+00 0.000000e+00
-3.344646e-13 0.000000e+00 0.000000e+00
-8.862958e-14 0.000000e+00 0.000000e+00
-1.853142e-13 0.000000e+00 0.000000e+00
-1.588351e-13 0.000000e+00 0.000000e+00
1.235656e-13 0.000000e+00 0.000000e+00
1.907017e-13 0.000000e+00 0.000000e+00
3.618379e-13 0.000000e+00 0.000000e+00
3.631434e-13 0.000000e+00 0.000000e+00
-1.069134e-13 0.000000e+00 0.000000e+00
5.114515e-14 0.000000e+00 0.000000e+00
8.231099e-15 0.000000e+00 0.000000e+00
1.863565e-13 0.000000e+00 0.000000e+00
1.129462e-13 0.000000e+00 0.000000e+00
3.660188e-13 0.000000e+00 0.000000e+00
3.007552e-14 0.000000e+00 0.000000e+00
-2.494232e-13 0.000000e+00 0.000000e+00
-2.863330e-14 0.000000e+00 0.000000e+00
1.449711e-13 0.000000e+00 0.000000e+00
-1.362268e-13 0.000000e+00 0.000000e+00
-1.305787e-13 0.000000e+00 0.000000e+00
-2.956155e-13 0.000000e+00 0.000000e+00
-6.606568e-14 0.000000e+00 0.000000e+00
1.716083e-13 0.000000e+00 0.000000e+00
1.638450e-13 0.000000e+00 0.000000e+00
-1.210722e-13 0.000000e+00 0.000000e+00
-2.404553e-13 0.000000e+00 0.000000e+00
4.494138e-13 0.000000e+00 0.000000e+00
-7.179467e-14 0.000000e+00 0.000000e+00
-3.373499e-15 0.000000e+00 0.000000e+00
1.447942e-13 0.000000e+00 0.000000e+00
1.720116e-13 0.000000e+00 0.000000e+00
-2.216310e-13 0.000000e+00 0.000000e+00
-1.030182e-13 0.000000e+00 0.000000e+00
9.754959e-14 0.000000e+00 0.000000e+00
-1.420491e-13 0.000000e+00 0.000000e+00
-7.982713e-15 0.000000e+00 0.000000e+00
1.299929e-14 0.000000e+00 0.000000e+00
1.515957e-13 0.000000e+00 0.000000e+00
1.300897e-13 0.000000e+00 0.000000e+00
1.257603e-13 0.000000e+00 0.000000e+00
2.087790e-14 0.000000e+00 0.000000e+00
-2.419579e-13 0.000000e+00 0.000000e+00
1.119124e-13 0.000000e+00 0.000000e+00
9.997329e-14 0.000000e+00 0.000000e+00
-7.609416e-15 0.000000e+00 0.000000e+00
-1.401769e-13 0.000000e+00 0.000000e+00
-3.699987e-14 0.000000e+00 0.000000e+00
1.720663e-14 0.000000e+00 0.000000e+00
-2.467867e-13 0.000000e+00 0.000000e+00
8.964092e-14 0.000000e+00 0.000000e+00
2.079593e-13 0.000000e+00 0.000000e+00
2.336963e-13 0.000000e+00 0.000000e+00
-1.263363e-13 0.000000e+00 0.000000e+00
7.721810e-14 0.000000e+00 0.000000e+00
-1.964174e-13 0.000000e+00 0.000000e+00
-9.293164e-14 0.000000e+00 0.000000e+00
4.685036e-14 0.000000e+00 0.000000e+00
-2.686188e-13 0.000000e+00 0.000000e+00
-1.357991e-14 0.000000e+00 0.000000e+00
1.801274e-14 0.000000e+00 0.000000e+00
1.786117e-13 0.000000e+00 0.000000e+00
-1.048570e-13 0.000000e+00 0.000000e+00
1.037044e-13 0.000000e+00 0.000000e+00
-9.696856e-14 0.000000e+00 0.000000e+00
1.178680e-13 0.000000e+00 0.000000e+00
-3.533986e-13 0.000000e+00 0.000000e+00
5.650232e-14 0.000000e+00 0.000000e+00
1.653638e-13 0.000000e+00 0.000000e+00
1.691867e-13 0.000000e+00 0.000000e+00
9.815289e-15 0.000000e+00 0.000000e+00
-6.984569e-14 0.000000e+00 0.000000e+00
5.480564e-14 0.000000e+00 0.000000e+00
2.332065e-13 0.000000e+00 0.000000e+00
-5.531335e-14 0.000000e+00 0.000000e+00
7.180608e-14 0.000000e+00 0.000000e+00
-3.332560e-13 0.000000e+00 0.000000e+00
1.025878e-13 0.000000e+00 0.000000e+00
4.202381e-13 0.000000e+00 0.000000e+00
-3.868161e-14 0.000000e+00 0.000000e+00
-5.991273e-14 0.000000e+00 0.000000e+00
-3.496200e-14 0.000000e+00 0.000000e+00
1.103630e-13 0.000000e+00 0.000000e+00
-3.018717e-14 0.000000e+00 0.000000e+00
7.736565e-14 0.000000e+00 0.000000e+00
-1.716637e-13 0.000000e+00 0.000000e+00
6.390478e-14 0.000000e+00 0.000000e+00
7.827319e-14 0.000000e+00 0.000000e+00
-3.589928e-14 0.000000e+00 0.000000e+00
-2.820070e-14 0.000000e+00 0.000000e+00
3.060601e-14 0.000000e+00 0.000000e+00
-2.329411e-13 0.000000e+00 0.000000e+00
3.878255e-13 0.000000e+00 0.000000e+00
-8.345484e-14 0.000000e+00 0.000000e+00
-1.303944e-13 0.000000e+00 0.000000e+00
1.911146e-13 0.000000e+00 0.000000e+00
4.958166e-14 0.000000e+00 0.000000e+00
1.087346e-13 0.000000e+00 0.000000e+00
-1.633937e-13 0.000000e+00 0.000000e+00
1.569249e-13 0.000000e+00 0.000000e+00
-5.567931e-15 0.000000e+00 0.000000e+00
1.446964e-13 0.000000e+00 0.000000e+00
3.145070e-13 0.000000e+00 0.000000e+00
-1.143891e-13 0.000000e+00 0.000000e+00
-2.376553e-13 0.000000e+00 0.000000e+00
5.719253e-14 0.000000e+00 0.000000e+00
-5.786101e-14 0.000000e+00 0.000000e+00
1.014174e-13 0.000000e+00 0.000000e+00
4.058045e-13 0.000000e+00 0.000000e+00
1.598181e-14 0.000000e+00 0.000000e+00
1.794783e-13 0.000000e+00 0.000000e+00
-6.444839e-14 0.000000e+00 0.000000e+00
3.581328e-14 0.000000e+00 0.000000e+00
4.557234e-14 0.000000e+00 0.000000e+00
-9.438452e-14 0.000000e+00 0.000000e+00
5.167246e-14 0.000000e+00 0.000000e+00
9.211518e-14 0.000000e+00 0.000000e+00
1.733315e-15 0.000000e+00 0.000000e+00
1.774592e-13 0.000000e+00 0.000000e+00
1.313114e-13 0.000000e+00 0.000000e+00
9.126382e-14 0.000000e+00 0.000000e+00
-1.581968e-13 0.000000e+00 0.000000e+00
1.075597e-13 0.000000e+00 0.000000e+00
2.596150e-13 0.000000e+00 0.000000e+00
-2.488958e-13 0.000000e+00 0.000000e+00
6.160621e-14 0.000000e+00 0.000000e+00
2.850006e-14 0.000000e+00 0.000000e+00
-4.747880e-14 0.000000e+00 0.000000e+00
-2.932090e-13 0.000000e+00 0.000000e+00
9.250573e-14 0.000000e+00 0.000000e+00
-2.078312e-13 0.000000e+00 0.000000e+00
-5.707508e-14 0.000000e+00 0.000000e+00
-5.268469e-14 0.000000e+00 0.000000e+00
-9.141744e-14 0.000000e+00 0.000000e+00
3.708546e-14 0.000000e+00 0.000000e+00
-8.625894e-14 0.000000e+00 0.000000e+00
-2.181261e-13 0.000000e+00 0.000000e+00
1.265610e-13 0.000000e+00 0.000000e+00
1.619929e-14 0.000000e+00 0.000000e+00
-1.813217e-13 0.000000e+00 0.000000e+00
1.070355e-13 0.000000e+00 0.000000e+00
7.820905e-14 0.000000e+00 0.000000e+00
1.647489e-14 0.000000e+00 0.000000e+00
2.406941e-13 0.000000e+00 0.000000e+00
-2.502909e-14 0.000000e+00 0.000000e+00
6.241199e-14 0.000000e+00 0.000000e+00
-2.365243e-14 0.000000e+00 0.000000e+00
-2.954951e-13 0.000000e+00 0.000000e+00
8.982889e-14 0.000000e+00 0.000000e+00
1.430737e-13 0.000000e+00 0.000000e+00
-1.662671e-13 0.000000e+00 0.000000e+00
2.090489e-13 0.000000e+00 0.000000e+00
-3.354609e-13 0.000000e+00 0.000000e+00
1.461748e-13 0.000000e+00 0.000000e+00
2.033340e-13 0.000000e+00 0.000000e+00
-1.542635e-13 0.000000e+00 0.000000e+00
-6.543486e-14 0.000000e+00 0.000000e+00
2.565459e-15 0.000000e+00 0.000000e+00
-1.035462e-14 0.000000e+00 0.000000e+00
-3.976120e-14 0.000000e+00 0.000000e+00
7.546427e-14 0.000000e+00 0.000000e+00
1.591133e-13 0.000000e+00 0.000000e+00
-1.927329e-13 0.000000e+00 0.000000e+00
-2.552735e-13 0.000000e+00 0.000000e+00
-1.445564e-13 0.000000e+00 0.000000e+00
-1.796331e-13 0.000000e+00 0.000000e+00
-9.123350e-14 0.000000e+00 0.000000e+00
9.288933e-14 0.000000e+00 0.000000e+00
2.319488e-13 0.000000e+00 0.000000e+00
6.364371e-14 0.000000e+00 0.000000e+00
2.620303e-13 0.000000e+00 0.000000e+00
-2.874789e-14 0.000000e+00 0.000000e+00
1.285378e-13 0.000000e+00 0.000000e+00
1.290963e-13 0.000000e+00 0.000000e+00
2.828598e-13 0.000000e+00 0.000000e+00
-1.031223e-13 0.000000e+00 0.000000e+00
-2.245858e-14 0.000000e+00 0.000000e+00
-5.694726e-14 0.000000e+00 0.000000e+00
-2.937709e-14 0.000000e+00 0.000000e+00
4.489150e-13 0.000000e+00 0.000000e+00
-1.976645e-13 0.000000e+00 0.000000e+00
-1.151781e-13 0.000000e+00 0.000000e+00
-6.690629e-14 0.000000e+00 0.000000e+00
2.577303e-13 0.000000e+00 0.000000e+00
9.303088e-14 0.000000e+00 0.000000e+00
9.779206e-14 0.000000e+00 0.000000e+00
7.705081e-14 0.000000e+00 0.000000e+00
1.527335e-14 0.000000e+00 0.000000e+00
2.578637e-13 0.000000e+00 0.000000e+00
-6.504522e-14 0.000000e+00 0.000000e+00
-1.300925e-13 0.000000e+00 0.000000e+00
-1.677052e-13 0.000000e+00 0.000000e+00
1.181107e-13 0.000000e+00 0.000000e+00
1.879605e-13 0.000000e+00 0.000000e+00
2.680966e-13 0.000000e+00 0.000000e+00
-4.795795e-14 0.000000e+00 0.000000e+00
1.595727e-13 0.000000e+00 0.000000e+00
-1.062855e-13 0.000000e+00 0.000000e+00
-2.665273e-13 0.000000e+00 0.000000e+00
9.333456e-14 0.000000e+00 0.000000e+00
5.016122e-14 0.000000e+00 0.000000e+00
-1.170128e-13 0.000000e+00 0.000000e+00
1.799589e-14 0.000000e+00 0.000000e+00
-4.246944e-13 0.000000e+00 0.000000e+00
-8.491164e-15 0.000000e+00 0.000000e+00
-2.407047e-14 0.000000e+00 0.000000e+00
7.948452e-14 0.000000e+00 0.000000e+00
-2.578692e-14 0.000000e+00 0.000000e+00
5.343306e-14 0.000000e+00 0.000000e+00
-8.181164e-14 0.000000e+00 0.000000e+00
-1.460729e-13 0.000000e+00 0.000000e+00
3.456620e-13 0.000000e+00 0.000000e+00
5.005056e-14 0.000000e+00 0.000000e+00
6.683587e-14 0.000000e+00 0.000000e+00
2.357980e-13 0.000000e+00 0.000000e+00
1.651456e-13 0.000000e+00 0.000000e+00
7.938007e-14 0.000000e+00 0.000000e+00
-1.916484e-14 0.000000e+00 0.000000e+00
6.085780e-14 0.000000e+00 0.000000e+00
-2.440554e-13 0.000000e+00 0.000000e+00
-5.659837e-14 0.000000e+00 0.000000e+00
4.222809e-13 0.000000e+00 0.000000e+00
8.044444e-15 0.000000e+00 0.000000e+00
1.076907e-13 0.000000e+00 0.000000e+00
3.742152e-13 0.000000e+00 0.000000e+00
-1.058082e-15 0.000000e+00 0.000000e+00
2.208032e-13 0.000000e+00 0.000000e+00
2.752516e-13 0.000000e+00 0.000000e+00
2.188192e-13 0.000000e+00 0.000000e+00
-1.550864e-13 0.000000e+00 0.000000e+00
-4.967641e-14 0.000000e+00 0.000000e+00
-3.683974e-14 0.000000e+00 0.000000e+00
1.333616e-13 0.000000e+00 0.000000e+00
-1.226828e-13 0.000000e+00 0.000000e+00
1.377864e-15 0.000000e+00 0.000000e+00
-2.084795e-13 0.000000e+00 0.000000e+00
-1.367524e-13 0.000000e+00 0.000000e+00
1.904927e-13 0.000000e+00 0.000000e+00
-6.858273e-14 0.000000e+00 0.000000e+00
-1.646816e-14 0.000000e+00 0.000000e+00
1.716591e-13 0.000000e+00 0.000000e+00
2.128676e-13 0.000000e+00 0.000000e+00
-1.005093e-13 0.000000e+00 0.000000e+00
-1.343343e-13 0.000000e+00 0.000000e+00
2.684053e-15 0.000000e+00 0.000000e+00
2.550470e-13 0.000000e+00 0.000000e+00
3.813582e-14 0.000000e+00 0.000000e+00
-3.311356e-13 0.000000e+00 0.000000e+00
2.581163e-13 0.000000e+00 0.000000e+00
3.310229e-13 0.000000e+00 0.000000e+00
1.431152e-13 0.000000e+00 0.000000e+00
-3.374445e-14 0.000000e+00 0.000000e+00
-1.354572e-14 0.000000e+00 0.000000e+00
-1.939736e-13 0.000000e+00 0.000000e+00
-7.273105e-14 0.000000e+00 0.000000e+00
2.297940e-13 0.000000e+00 0.000000e+00
-3.945272e-14 0.000000e+00 0.000000e+00
-3.892755e-13 0.000000e+00 0.000000e+00
-3.853267e-15 0.000000e+00 0.000000e+00
-1.887538e-13 0.000000e+00 0.000000e+00
3.303364e-13 0.000000e+00 0.000000e+00
3.068111e-14 0.000000e+00 0.000000e+00
-7.451473e-14 0.000000e+00 0.000000e+00
1.327327e-13 0.000000e+00 0.000000e+00
7.168367e-14 0.000000e+00 0.000000e+00
2.291731e-13 0.000000e+00 0.000000e+00
-1.365190e-13 0.000000e+00 0.000000e+00
-1.038687e-13 0.000000e+00 0.000000e+00
-1.431382e-14 0.000000e+00 0.000000e+00
-8.518689e-14 0.000000e+00 0.000000e+00
-1.291915e-14 0.000000e+00 0.000000e+00
1.303478e-14 0.000000e+00 0.000000e+00
-2.584448e-13 0.000000e+00 0.000000e+00
-5.814407e-14 0.000000e+00 0.000000e+00
1.534847e-13 0.000000e+00 0.000000e+00
-1.665015e-13 0.000000e+00 0.000000e+00
-1.782396e-14 0.000000e+00 0.000000e+00
-1.461436e-13 0.000000e+00 0.000000e+00
2.435458e-13 0.000000e+00 0.000000e+00
-2.530151e-14 0.000000e+00 0.000000e+00
-5.343274e-14 0.000000e+00 0.000000e+00
-1.534128e-13 0.000000e+00 0.000000e+00
-1.580766e-14 0.000000e+00 0.000000e+00
-4.577729e-16 0.000000e+00 0.000000e+00
2.492075e-13 0.000000e+00 0.000000e+00
-5.202002e-15 0.000000e+00 0.000000e+00
-1.120819e-13 0.000000e+00 0.000000e+00
-1.859254e-13 0.000000e+00 0.000000e+00
-3.251015e-13 0.000000e+00 0.000000e+00
-8.999948e-14 0.000000e+00 0.000000e+00
-1.498517e-15 0.000000e+00 0.000000e+00
-1.831681e-13 0.000000e+00 0.000000e+00
1.216882e-14 0.000000e+00 0.000000e+00
7.560853e-14 0.000000e+00 0.000000e+00
2.017911e-14 0.000000e+00 0.000000e+00
1.870131e-15 0.000000e+00 0.000000e+00
-1.466360e-14 0.000000e+00 0.000000e+00
-1.679425e-13 0.000000e+00 0.000000e+00
-1.877724e-13 0.000000e+00 0.000000e+00
5.723248e-14 0.000000e+00 0.000000e+00
-1.364823e-13 0.000000e+00 0.000000e+00
2.695970e-13 0.000000e+00 0.000000e+00
-1.724437e-13 0.000000e+00 0.000000e+00
1.129633e-13 0.000000e+00 0.000000e+00
-1.122084e-13 0.000000e+00 0.000000e+00
-1.036345e-13 0.000000e+00 0.000000e+00
2.417902e-13 0.000000e+00 0.000000e+00
-2.318156e-13 0.000000e+00 0.000000e+00
-3.829632e-13 0.000000e+00 0.000000e+00
-6.715887e-14 0.000000e+00 0.000000e+00
9.395974e-14 0.000000e+00 0.000000e+00
7.342551e-15 0.000000e+00 0.000000e+00
1.087737e-13 0.000000e+00 0.000000e+00
1.063137e-13 0.000000e+00 0.000000e+00
-4.174067e-13 0.000000e+00 0.000000e+00
-1.624139e-13 0.000000e+00 0.000000e+00
-3.745918e-13 0.000000e+00 0.000000e+00
1.323478e-13 0.000000e+00 0.000000e+00
1.551521e-13 0.000000e+00 0.000000e+00
2.841432e-13 0.000000e+00 0.000000e+00
-2.540258e-13 0.000000e+00 0.000000e+00
2.896269e-15 0.000000e+00 0.000000e+00
-1.702442e-13 0.000000e+00 0.000000e+00
-2.039098e-13 0.000000e+00 0.000000e+00
4.701726e-14 0.000000e+00 0.000000e+00
9.036097e-14 0.000000e+00 0.000000e+00
9.640713e-14 0.000000e+00 0.000000e+00
-1.351105e-13 0.000000e+00 0.000000e+00
1.648212e-13 0.000000e+00 0.000000e+00
-1.128054e-13 0.000000e+00 0.000000e+00
1.231663e-14 0.000000e+00 0.000000e+00
-1.936786e-13 0.000000e+00 0.000000e+00
1.881957e-13 0.000000e+00 0.000000e+00
4.573003e-13 0.000000e+00 0.000000e+00
7.638519e-14 0.000000e+00 0.000000e+00
3.643129e-14 0.000000e+00 0.000000e+00
1.500096e-13 0.000000e+00 0.000000e+00
6.396251e-14 0.000000e+00 0.000000e+00
1.553448e-13 0.000000e+00 0.000000e+00
1.764868e-13 0.000000e+00 0.000000e+00
3.807635e-14 0.000000e+00 0.000000e+00
-1.352799e-13 0.000000e+00 0.000000e+00
-1.247011e-13 0.000000e+00 0.000000e+00
-5.898170e-15 0.000000e+00 0.000000e+00
2.592017e-14 0.000000e+00 0.000000e+00
1.339747e-13 0.000000e+00 0.000000e+00
4.383033e-13 0.000000e+00 0.000000e+00
-2.340031e-13 0.000000e+00 0.000000e+00
-7.220076e-14 0.000000e+00 0.000000e+00
1.637831e-14 0.000000e+00 0.000000e+00
3.936934e-13 0.000000e+00 0.000000e+00
1.240938e-13 0.000000e+00 0.000000e+00
-1.062108e-13 0.000000e+00 0.000000e+00
5.128691e-14 0.000000e+00 0.000000e+00
-2.430878e-13 0.000000e+00 0.000000e+00
-7.752590e-14 0.000000e+00 0.000000e+00
5.358311e-14 0.000000e+00 0.000000e+00
-1.320261e-13 0.000000e+00 0.000000e+00
-9.272690e-14 0.000000e+00 0.000000e+00
-6.368384e-14 0.000000e+00 0.000000e+00
-2.391546e-13 0.000000e+00 0.000000e+00
-1.788916e-13 0.000000e+00 0.000000e+00
6.139268e-14 0.000000e+00 0.000000e+00
-7.571898e-14 0.000000e+00 0.000000e+00
-2.305453e-13 0.000000e+00 0.000000e+00
-7.105207e-14 0.000000e+00 0.000000e+00
1.234521e-14 0.000000e+00 0.000000e+00
1.275261e-14 0.000000e+00 0.000000e+00
4.810532e-14 0.000000e+00 0.000000e+00
-1.743102e-13 0.000000e+00 0.000000e+00
-1.384615e-14 0.000000e+00 0.000000e+00
-3.544920e-13 0.000000e+00 0.000000e+00
-1.205900e-13 0.000000e+00 0.000000e+00
-3.577961e-14 0.000000e+00 0.000000e+00
2.913135e-13 0.000000e+00 0.000000e+00
2.232852e-13 0.000000e+00 0.000000e+00
-1.093218e-13 0.000000e+00 0.000000e+00
2.263762e-14 0.000000e+00 0.000000e+00
2.539094e-14 0.000000e+00 0.000000e+00
-2.634936e-13 0.000000e+00 0.000000e+00
-2.095537e-13 0.000000e+00 0.000000e+00
-5.910383e-14 0.000000e+00 0.000000e+00
2.950911e-13 0.000000e+00 0.000000e+00
-1.875664e-14 0.000000e+00 0.000000e+00
1.462036e-13 0.000000e+00 0.000000e+00
-2.400019e-13 0.000000e+00 0.000000e+00
-6.014678e-14 0.000000e+00 0.000000e+00
-3.742976e-14 0.000000e+00 0.000000e+00
8.430599e-14 0.000000e+00 0.000000e+00
-1.069680e-13 0.000000e+00 0.000000e+00
-2.644770e-14 0.000000e+00 0.000000e+00
-8.583197e-14 0.000000e+00 0.000000e+00
-2.677134e-13 0.000000e+00 0.000000e+00
7.944743e-14 0.000000e+00 0.000000e+00
-1.497506e-13 0.000000e+00 0.000000e+00
8.865670e-14 0.000000e+00 0.000000e+00
1.934162e-13 0.000000e+00 0.000000e+00
4.080491e-14 0.000000e+00 0.000000e+00
-1.840170e-13 0.000000e+00 0.000000e+00
-1.316498e-13 0.000000e+00 0.000000e+00
4.569998e-13 0.000000e+00 0.000000e+00
1.184302e-13 0.000000e+00 0.000000e+00
1.488564e-13 0.000000e+00 0.000000e+00
-4.761897e-15 0.000000e+00 0.000000e+00
-2.093952e-13 0.000000e+00 0.000000e+00
-5.226060e-14 0.000000e+00 0.000000e+00
-3.011496e-13 0.000000e+00 0.000000e+00
1.633681e-13 0.000000e+00 0.000000e+00
1.458925e-13 0.000000e+00 0.000000e+00
1.767742e-13 0.000000e+00 0.000000e+00
3.743115e-14 0.000000e+00 0.000000e+00
2.113685e-13 0.000000e+00 0.000000e+00
-1.308939e-13 0.000000e+00 0.000000e+00
-9.407812e-14 0.000000e+00 0.000000e+00
1.178931e-13 0.000000e+00 0.000000e+00
-4.740918e-14 0.000000e+00 0.000000e+00
2.454471e-13 0.000000e+00 0.000000e+00
-1.019282e-14 0.000000e+00 0.000000e+00
3.768016e-13 0.000000e+00 0.000000e+00
-2.533983e-14 0.000000e+00 0.000000e+00
-1.838469e-14 0.000000e+00 0.000000e+00
-2.401268e-13 0.000000e+00 0.000000e+00
2.911137e-13 0.000000e+00 0.000000e+00
-3.320062e-13 0.000000e+00 0.000000e+00
1.741273e-13 0.000000e+00 0.000000e+00
1.138153e-14 0.000000e+00 0.000000e+00
6.541525e-14 0.000000e+00 0.000000e+00
2.222894e-13 0.000000e+00 0.000000e+00
2.640934e-13 0.000000e+00 0.000000e+00
2.000854e-13 0.000000e+00 0.000000e+00
1.774480e-13 0.000000e+00 0.000000e+00
-2.699478e-13 0.000000e+00 0.000000e+00
-1.764550e-13 0.000000e+00 0.000000e+00
2.107257e-13 0.000000e+00 0.000000e+00
-3.139047e-13 0.000000e+00 0.000000e+00
1.156008e-13 0.000000e+00 0.000000e+00
1.168208e-13 0.000000e+00 0.000000e+00
-4.112719e-14 0.000000e+00 0.000000e+00
9.872568e-15 0.000000e+00 0.000000e+00
-5.340136e-13 0.000000e+00 0.000000e+00
2.168966e-13 0.000000e+00 0.000000e+00
8.088458e-14 0.000000e+00 0.000000e+00
2.950776e-14 0.000000e+00 0.000000e+00
7.949987e-15 0.000000e+00 0.000000e+00
2.882857e-13 0.000000e+00 0.000000e+00
-2.058178e-13 0.000000e+00 0.000000e+00
-1.272441e-13 0.000000e+00 0.000000e+00
-1.863955e-13 0.000000e+00 0.000000e+00
1.130035e-13 0.000000e+00 0.000000e+00
2.790955e-13 0.000000e+00 0.000000e+00
9.925694e-14 0.000000e+00 0.000000e+00
-1.675244e-13 0.000000e+00 0.000000e+00
1.882731e-13 0.000000e+00 0.000000e+00
1.044130e-13 0.000000e+00 0.000000e+00
-2.248213e-13 0.000000e+00 0.000000e+00
-1.627610e-13 0.000000e+00 0.000000e+00
1.441137e-14 0.000000e+00 0.000000e+00
1.671645e-13 0.000000e+00 0.000000e+00
-2.381801e-13 0.000000e+00 0.000000e+00
1.417538e-13 0.000000e+00 0.000000e+00
1.573747e-13 0.000000e+00 0.000000e+00
1.589456e-13 0.000000e+00 0.000000e+00
-3.297078e-14 0.000000e+00 0.000000e+00
-1.372756e-13 0.000000e+00 0.000000e+00
-2.800638e-14 0.000000e+00 0.000000e+00
-8.042889e-14 0.000000e+00 0.000000e+00
6.580736e-14 0.000000e+00 0.000000e+00
-3.174205e-13 0.000000e+00 0.000000e+00
1.121538e-13 0.000000e+00 0.000000e+00
7.810736e-15 0.000000e+00 0.000000e+00
7.587356e-14 0.000000e+00 0.000000e+00
-2.152801e-13 0.000000e+00 0.000000e+00
-2.679216e-14 0.000000e+00 0.000000e+00
-2.057850e-14 0.000000e+00 0.000000e+00
-1.248497e-13 0.000000e+00 0.000000e+00
5.190480e-14 0.000000e+00 0.000000e+00
-2.040914e-13 0.000000e+00 0.000000e+00
-1.777453e-13 0.000000e+00 0.000000e+00
2.545351e-14 0.000000e+00 0.000000e+00
-1.107339e-13 0.000000e+00 0.000000e+00
1.410212e-13 0.000000e+00 0.000000e+00
-7.301569e-14 0.000000e+00 0.000000e+00
4.027616e-14 0.000000e+00 0.000000e+00
-2.874565e-13 0.000000e+00 0.000000e+00
1.611983e-13 0.000000e+00 0.000000e+00
-2.004908e-13 0.000000e+00 0.000000e+00
-1.351431e-13 0.000000e+00 0.000000e+00
2.303654e-14 0.000000e+00 0.000000e+00
5.427981e-14 0.000000e+00 0.000000e+00
8.173688e-14 0.000000e+00 0.000000e+00
-1.143218e-13 0.000000e+00 0.000000e+00
1.985418e-13 0.000000e+00 0.000000e+00
1.555651e-13 0.000000e+00 0.000000e+00
-2.139420e-13 0.000000e+00 0.000000e+00
2.525646e-13 0.000000e+00 0.000000e+00
-2.945140e-14 0.000000e+00 0.000000e+00
-7.390736e-14 0.000000e+00 0.000000e+00
2.911031e-13 0.000000e+00 0.000000e+00
-9.420794e-14 0.000000e+00 0.000000e+00
1.914170e-13 0.000000e+00 0.000000e+00
-1.099820e-14 0.000000e+00 0.000000e+00
1.279905e-13 0.000000e+00 0.000000e+00
6.203658e-14 0.000000e+00 0.000000e+00
4.047540e-14 0.000000e+00 0.000000e+00
-1.103403e-13 0.000000e+00 0.000000e+00
8.040492e-14 0.000000e+00 0.000000e+00
-2.032160e-13 0.000000e+00 0.000000e+00
-1.829375e-13 0.000000e+00 0.000000e+00
3.147844e-14 0.000000e+00 0.000000e+00
3.649173e-13 0.000000e+00 0.000000e+00
-2.546281e-13 0.000000e+00 0.000000e+00
3.198324e-13 0.000000e+00 0.000000e+00
1.988610e-14 0.000000e+00 0.000000e+00
-1.404314e-14 0.000000e+00 0.000000e+00
1.103895e-13 0.000000e+00 0.000000e+00
-3.226457e-13 0.000000e+00 0.000000e+00
-2.459085e-13 0.000000e+00 0.000000e+00
1.541244e-13 0.000000e+00 0.000000e+00
1.754436e-13 0.000000e+00 0.000000e+00
-6.952324e-14 0.000000e+00 0.000000e+00
1.963874e-13 0.000000e+00 0.000000e+00
-6.333007e-14 0.000000e+00 0.000000e+00
6.361633e-14 0.000000e+00 0.000000e+00
-3.047551e-13 0.000000e+00 0.000000e+00
-9.776138e-14 0.000000e+00 0.000000e+00
1.129155e-13 0.000000e+00 0.000000e+00
2.449213e-13 0.000000e+00 0.000000e+00
6.463978e-15 0.000000e+00 0.000000e+00
-1.934414e-14 0.000000e+00 0.000000e+00
-1.736342e-13 0.000000e+00 0.000000e+00
2.395116e-13 0.000000e+00 0.000000e+00
-1.553980e-14 0.000000e+00 0.000000e+00
1.125429e-13 0.000000e+00 0.000000e+00
-2.206742e-13 0.000000e+00 0.000000e+00
8.616750e-14 0.000000e+00 0.000000e+00
1.730476e-13 0.000000e+00 0.000000e+00
-5.104773e-13 0.000000e+00 0.000000e+00
-1.512473e-13 0.000000e+00 0.000000e+00
1.291544e-14 0.000000e+00 0.000000e+00
-1.755482e-13 0.000000e+00 0.000000e+00
-2.657290e-13 0.000000e+00 0.000000e+00
-7.334140e-14 0.000000e+00 0.000000e+00
-1.185982e-13 0.000000e+00 0.000000e+00
-1.856809e-14 0.000000e+00 0.000000e+00
4.676274e-14 0.000000e+00 0.000000e+00
1.110776e-13 0.000000e+00 0.000000e+00
1.798117e-14 0.000000e+00 0.000000e+00
8.117555e-14 0.000000e+00 0.000000e+00
1.180214e-15 0.000000e+00 0.000000e+00
1.821923e-13 0.000000e+00 0.000000e+00
-5.083090e-14 0.000000e+00 0.000000e+00
1.560276e-13 0.000000e+00 0.000000e+00
1.413720e-13 0.000000e+00 0.000000e+00
1.940914e-14 0.000000e+00 0.000000e+00
8.599209e-14 0.000000e+00 0.000000e+00
-1.040172e-13 0.000000e+00 0.000000e+00
-9.571601e-14 0.000000e+00 0.000000e+00
8.207268e-14 0.000000e+00 0.000000e+00
8.995753e-14 0.000000e+00 0.000000e+00
2.579548e-13 0.000000e+00 0.000000e+00
2.434461e-13 0.000000e+00 0.000000e+00
-3.235208e-13 0.000000e+00 0.000000e+00
-1.943269e-13 0.000000e+00 0.000000e+00
7.696165e-14 0.000000e+00 0.000000e+00
-3.136801e-13 0.000000e+00 0.000000e+00
-1.483208e-13 0.000000e+00 0.000000e+00
-4.360377e-13 0.000000e+00 0.000000e+00
7.407016e-14 0.000000e+00 0.000000e+00
1.704562e-14 0.000000e+00 0.000000e+00
-1.052793e-13 0.000000e+00 0.000000e+00
-1.151737e-14 0.000000e+00 0.000000e+00
4.141910e-14 0.000000e+00 0.000000e+00
2.185340e-13 0.000000e+00 0.000000e+00
1.458166e-14 0.000000e+00 0.000000e+00
-4.432875e-14 0.000000e+00 0.000000e+00
-7.993351e-14 0.000000e+00 0.000000e+00
9.782305e-14 0.000000e+00 0.000000e+00
-1.240027e-13 0.000000e+00 0.000000e+00
-1.438290e-13 0.000000e+00 0.000000e+00
-2.184468e-14 0.000000e+00 0.000000e+00
4.620795e-14 0.000000e+00 0.000000e+00
1.950927e-13 0.000000e+00 0.000000e+00
6.085703e-14 0.000000e+00 0.000000e+00
-1.039099e-13 0.000000e+00 0.000000e+00
2.519412e-14 0.000000e+00 0.000000e+00
1.603495e-14 0.000000e+00 0.000000e+00
2.985411e-13 0.000000e+00 0.000000e+00
-3.486340e-13 0.000000e+00 0.000000e+00
-8.958841e-14 0.000000e+00 0.000000e+00
1.121066e-13 0.000000e+00 0.000000e+00
-1.806000e-13 0.000000e+00 0.000000e+00
1.477834e-13 0.000000e+00 0.000000e+00
2.136471e-14 0.000000e+00 0.000000e+00
-6.060766e-14 0.000000e+00 0.000000e+00
-1.981822e-14 0.000000e+00 0.000000e+00
1.168605e-13 0.000000e+00 0.000000e+00
-3.377968e-14 0.000000e+00 0.000000e+00
-1.587023e-13 0.000000e+00 0.000000e+00
-6.570276e-14 0.000000e+00 0.000000e+00
-2.173246e-13 0.000000e+00 0.000000e+00
8.321255e-14 0.000000e+00 0.000000e+00
-9.494455e-15 0.000000e+00 0.000000e+00
-2.293239e-13 0.000000e+00 0.000000e+00
-7.044947e-14 0.000000e+00 0.000000e+00
-1.491835e-13 0.000000e+00 0.000000e+00
1.511042e-13 0.000000e+00 0.000000e+00
-7.463921e-14 0.000000e+00 0.000000e+00
-9.521085e-14 0.000000e+00 0.000000e+00
2.647614e-13 0.000000e+00 0.000000e+00
-1.828099e-13 0.000000e+00 0.000000e+00
-2.194648e-13 0.000000e+00 0.000000e+00
1.016186e-13 0.000000e+00 0.000000e+00
1.586235e-13 0.000000e+00 0.000000e+00
1.129247e-13 0.000000e+00 0.000000e+00
9.657663e-14 0.000000e+00 0.000000e+00
-2.311842e-13 0.000000e+00 0.000000e+00
3.045811e-13 0.000000e+00 0.000000e+00
-1.809316e-13 0.000000e+00 0.000000e+00
2.737905e-14 0.000000e+00 0.000000e+00
2.646558e-13 0.000000e+00 0.000000e+00
-1.038188e-13 0.000000e+00 0.000000e+00
-1.083982e-13 0.000000e+00 0.000000e+00
-1.609690e-13 0.000000e+00 0.000000e+00
-1.173446e-14 0.000000e+00 0.000000e+00
6.023017e-14 0.000000e+00 0.000000e+00
-5.065278e-14 0.000000e+00 0.000000e+00
-2.821910e-14 0.000000e+00 0.000000e+00
-3.152750e-14 0.000000e+00 0.000000e+00
1.478301e-13 0.000000e+00 0.000000e+00
1.815765e-13 0.000000e+00 0.000000e+00
-1.185780e-13 0.000000e+00 0.000000e+00
1.253033e-13 0.000000e+00 0.000000e+00
-2.077129e-13 0.000000e+00 0.000000e+00
-1.959018e-13 0.000000e+00 0.000000e+00
-1.038947e-13 0.000000e+00 0.000000e+00
2.696038e-13 0.000000e+00 0.000000e+00
-1.634447e-13 0.000000e+00 0.000000e+00
-2.350822e-14 0.000000e+00 0.000000e+00
3.576437e-13 0.000000e+00 0.000000e+00
2.017705e-13 0.000000e+00 0.000000e+00
1.050479e-13 0.000000e+00 0.000000e+00
-1.862097e-13 0.000000e+00 0.000000e+00
1.670709e-13 0.000000e+00 0.000000e+00
9.509061e-14 0.000000e+00 0.000000e+00
1.078665e-13 0.000000e+00 0.000000e+00
-4.131036e-14 0.000000e+00 0.000000e+00
4.770729e-14 0.000000e+00 0.000000e+00
-3.617286e-14 0.000000e+00 0.000000e+00
-1.181734e-13 0.000000e+00 0.000000e+00
-1.725675e-13 0.000000e+00 0.000000e+00
-7.991764e-14 0.000000e+00 0.000000e+00
1.539608e-14 0.000000e+00 0.000000e+00
-3.226310e-13 0.000000e+00 0.000000e+00
-1.728388e-13 0.000000e+00 0.000000e+00
-2.782175e-13 0.000000e+00 0.000000e+00
-8.269851e-14 0.000000e+00 0.000000e+00
8.129330e-14 0.000000e+00 0.000000e+00
1.201126e-13 0.000000e+00 0.000000e+00
9.103223e-14 0.000000e+00 0.000000e+00
-4.068796e-14 0.000000e+00 0.000000e+00
-1.953675e-15 0.000000e+00 0.000000e+00
-4.992948e-14 0.000000e+00 0.000000e+00
-3.615828e-15 0.000000e+00 0.000000e+00
6.489255e-14 0.000000e+00 0.000000e+00
-6.963490e-14 0.000000e+00 0.000000e+00
-1.386571e-14 0.000000e+00 0.000000e+00
6.037885e-14 0.000000e+00 0.000000e+00
-3.585907e-14 0.000000e+00 0.000000e+00
-2.134012e-14 0.000000e+00 0.000000e+00
-1.005879e-13 0.000000e+00 0.000000e+00
1.069840e-13 0.000000e+00 0.000000e+00
-1.612514e-13 0.000000e+00 0.000000e+00
3.640390e-14 0.000000e+00 0.000000e+00
1.444782e-13 0.000000e+00 0.000000e+00
1.586502e-13 0.000000e+00 0.000000e+00
1.467680e-13 0.000000e+00 0.000000e+00
8.507104e-15 0.000000e+00 0.000000e+00
-3.698471e-14 0.000000e+00 0.000000e+00
-1.966513e-13 0.000000e+00 0.000000e+00
1.067725e-14 0.000000e+00 0.000000e+00
1.354881e-13 0.000000e+00 0.000000e+00
-1.171575e-13 0.000000e+00 0.000000e+00
-1.939726e-13 0.000000e+00 0.000000e+00
-1.083308e-13 0.000000e+00 0.000000e+00
1.361914e-13 0.000000e+00 0.000000e+00
2.090034e-13 0.000000e+00 0.000000e+00
3.145317e-13 0.000000e+00 0.000000e+00
2.685274e-14 0.000000e+00 0.000000e+00
5.793709e-13 0.000000e+00 0.000000e+00
1.319416e-13 0.000000e+00 0.000000e+00
1.919427e-14 0.000000e+00 0.000000e+00
-6.758759e-14 0.000000e+00 0.000000e+00
-1.328722e-13 0.000000e+00 0.000000e+00
-1.543897e-13 0.000000e+00 0.000000e+00
1.482539e-13 0.000000e+00 0.000000e+00
9.283651e-14 0.000000e+00 0.000000e+00
-9.310113e-14 0.000000e+00 0.000000e+00
-2.081696e-13 0.000000e+00 0.000000e+00
-6.297766e-14 0.000000e+00 0.000000e+00
-6.741210e-15 0.000000e+00 0.000000e+00
2.424923e-14 0.000000e+00 0.000000e+00
2.280211e-13 0.000000e+00 0.000000e+00
-1.001646e-13 0.000000e+00 0.000000e+00
2.216048e-13 0.000000e+00 0.000000e+00
1.770368e-13 0.000000e+00 0.000000e+00
-1.885762e-13 0.000000e+00 0.000000e+00
-1.299999e-13 0.000000e+00 0.000000e+00
2.413891e-13 0.000000e+00 0.000000e+00
2.293675e-13 0.000000e+00 0.000000e+00
1.787208e-13 0.000000e+00 0.000000e+00
1.384504e-13 0.000000e+00 0.000000e+00
-3.229470e-13 0.000000e+00 0.000000e+00
-2.862149e-14 0.000000e+00 0.000000e+00
9.104757e-14 0.000000e+00 0.000000e+00
-2.679093e-13 0.000000e+00 0.000000e+00
-1.268322e-13 0.000000e+00 0.000000e+00
1.229660e-13 0.000000e+00 0.000000e+00
2.338845e-13 0.000000e+00 0.000000e+00
2.965014e-14 0.000000e+00 0.000000e+00
-1.815508e-13 0.000000e+00 0.000000e+00
-6.237625e-14 0.000000e+00 0.000000e+00
-1.681123e-13 0.000000e+00 0.000000e+00
3.449215e-13 0.000000e+00 0.000000e+00
7.578609e-14 0.000000e+00 0.000000e+00
2.255618e-13 0.000000e+00 0.000000e+00
6.263635e-14 0.000000e+00 0.000000e+00
2.014579e-13 0.000000e+00 0.000000e+00
2.791850e-14 0.000000e+00 0.000000e+00
1.859890e-14 0.000000e+00 0.000000e+00
3.160268e-14 0.000000e+00 0.000000e+00
-2.428134e-13 0.000000e+00 0.000000e+00
1.195208e-13 0.000000e+00 0.000000e+00
7.005683e-14 0.000000e+00 0.000000e+00
-2.358730e-13 0.000000e+00 0.000000e+00
3.508545e-13 0.000000e+00 0.000000e+00
5.933623e-14 0.000000e+00 0.000000e+00
-5.756841e-15 0.000000e+00 0.000000e+00
4.905839e-14 0.000000e+00 0.000000e+00
-7.123383e-14 0.000000e+00 0.000000e+00
1.850616e-13 0.000000e+00 0.000000e+00
1.215921e-13 0.000000e+00 0.000000e+00
1.396832e-13 0.000000e+00 0.000000e+00
