step K U E temp
0 7.842233e-22 -4.059044e-20 -3.980622e-20 1.136021e+02
1000 3.388419e-23 -4.044778e-20 -4.041390e-20 4.908443e+00
2000 1.017491e-23 -4.104355e-20 -4.103337e-20 1.473932e+00
3000 1.195764e-22 -4.060643e-20 -4.048685e-20 1.732177e+01
4000 2.357300e-21 -4.093636e-20 -3.857906e-20 3.414771e+02
5000 6.317978e-22 -3.858874e-20 -3.795694e-20 9.152185e+01
6000 2.222207e-21 -3.583371e-20 -3.361150e-20 3.219076e+02
7000 5.545254e-21 -3.765588e-20 -3.211063e-20 8.032822e+02
8000 8.175574e-22 -4.063531e-20 -3.981775e-20 1.184309e+02
9000 5.702485e-22 -4.109355e-20 -4.052330e-20 8.260586e+01
10000 2.777600e-21 -3.911161e-20 -3.633401e-20 4.023615e+02
11000 1.060231e-22 -4.067344e-20 -4.056741e-20 1.535845e+01
12000 1.829625e-22 -4.031668e-20 -4.013372e-20 2.650383e+01
13000 3.100517e-22 -3.487717e-20 -3.456712e-20 4.491391e+01
14000 6.339720e-22 -3.590614e-20 -3.527217e-20 9.183681e+01
15000 1.118395e-23 -3.837789e-20 -3.836670e-20 1.620100e+00
16000 1.904344e-20 -4.094815e-20 -2.190471e-20 2.758622e+03
17000 1.656330e-26 -3.788237e-20 -3.788236e-20 2.399350e-03
18000 1.556998e-21 -3.854740e-20 -3.699040e-20 2.255458e+02
19000 3.353939e-21 -4.108859e-20 -3.773465e-20 4.858496e+02
20000 2.021822e-20 -4.104558e-20 -2.082735e-20 2.928800e+03
21000 1.581282e-23 -3.992288e-20 -3.990707e-20 2.290636e+00
22000 2.617794e-24 -4.104871e-20 -4.104609e-20 3.792120e-01
23000 1.410608e-22 -4.106269e-20 -4.092163e-20 2.043398e+01
24000 1.582090e-21 -4.106281e-20 -3.948072e-20 2.291806e+02
25000 2.337859e-20 -4.090399e-20 -1.752540e-20 3.386609e+03
26000 2.297070e-21 -3.248687e-20 -3.018980e-20 3.327521e+02
27000 6.719746e-21 -2.769581e-20 -2.097606e-20 9.734184e+02
28000 1.643258e-21 -4.080141e-20 -3.915815e-20 2.380414e+02
29000 3.373543e-21 -4.104359e-20 -3.767004e-20 4.886894e+02
30000 8.914930e-22 -4.007112e-20 -3.917962e-20 1.291412e+02
31000 4.805209e-22 -3.898825e-20 -3.850772e-20 6.960798e+01
32000 1.042548e-21 -3.539415e-20 -3.435160e-20 1.510228e+02
33000 2.034994e-23 -3.972537e-20 -3.970502e-20 2.947880e+00
34000 1.063007e-21 -4.037898e-20 -3.931597e-20 1.539866e+02
35000 2.129282e-21 -4.094123e-20 -3.881195e-20 3.084465e+02
36000 5.645647e-21 -4.109365e-20 -3.544800e-20 8.178250e+02
37000 1.036621e-22 -3.978907e-20 -3.968541e-20 1.501644e+01
38000 1.471554e-21 -4.098847e-20 -3.951692e-20 2.131685e+02
39000 6.797980e-22 -4.070493e-20 -4.002513e-20 9.847514e+01
40000 4.252085e-21 -4.107124e-20 -3.681915e-20 6.159545e+02
41000 1.267378e-23 -3.818489e-20 -3.817222e-20 1.835916e+00
42000 8.758643e-22 -3.614012e-20 -3.526425e-20 1.268772e+02
43000 1.908440e-22 -3.998751e-20 -3.979666e-20 2.764554e+01
44000 4.401002e-22 -4.109063e-20 -4.065053e-20 6.375266e+01
45000 7.350687e-23 -3.961502e-20 -3.954151e-20 1.064816e+01
46000 1.447111e-20 -3.615706e-20 -2.168595e-20 2.096276e+03
47000 1.037221e-22 -4.062538e-20 -4.052166e-20 1.502512e+01
48000 2.263611e-21 -4.080915e-20 -3.854554e-20 3.279053e+02
49000 1.937131e-22 -3.463381e-20 -3.444009e-20 2.806116e+01
50000 1.119532e-21 -3.903128e-20 -3.791175e-20 1.621747e+02
51000 2.350762e-21 -4.106950e-20 -3.871873e-20 3.405300e+02
52000 2.865314e-21 -3.784382e-20 -3.497851e-20 4.150677e+02
53000 2.020766e-21 -4.075728e-20 -3.873652e-20 2.927270e+02
54000 1.734462e-21 -4.052429e-20 -3.878983e-20 2.512532e+02
55000 2.970965e-22 -3.961393e-20 -3.931684e-20 4.303723e+01
56000 9.177168e-23 -4.109978e-20 -4.100801e-20 1.329399e+01
57000 2.128515e-21 -4.001051e-20 -3.788200e-20 3.083354e+02
58000 1.064837e-21 -3.797116e-20 -3.690632e-20 1.542517e+02
59000 1.012072e-22 -4.109931e-20 -4.099810e-20 1.466081e+01
60000 2.881028e-21 -3.972371e-20 -3.684269e-20 4.173440e+02
61000 7.787408e-21 -4.096231e-20 -3.317490e-20 1.128079e+03
62000 6.456743e-23 -3.617058e-20 -3.610602e-20 9.353199e+00
63000 1.585266e-22 -3.843306e-20 -3.827453e-20 2.296408e+01
64000 2.675503e-22 -4.107413e-20 -4.080658e-20 3.875717e+01
65000 3.834627e-21 -3.897937e-20 -3.514475e-20 5.554818e+02
66000 3.453645e-21 -3.723972e-20 -3.378607e-20 5.002930e+02
67000 2.241851e-21 -3.806513e-20 -3.582328e-20 3.247532e+02
68000 8.253909e-21 -3.978704e-20 -3.153313e-20 1.195656e+03
69000 6.194550e-23 -4.079842e-20 -4.073647e-20 8.973389e+00
70000 4.135453e-23 -3.129779e-20 -3.125643e-20 5.990592e+00
71000 3.665991e-21 -3.989572e-20 -3.622972e-20 5.310533e+02
72000 9.493179e-22 -4.004613e-20 -3.909681e-20 1.375176e+02
73000 1.777755e-23 -3.888022e-20 -3.886244e-20 2.575246e+00
74000 2.258102e-23 -4.076235e-20 -4.073977e-20 3.271073e+00
75000 4.112822e-21 -4.101887e-20 -3.690605e-20 5.957809e+02
76000 8.991386e-23 -3.981858e-20 -3.972867e-20 1.302487e+01
77000 1.226090e-21 -3.872216e-20 -3.749607e-20 1.776106e+02
78000 2.201916e-21 -4.031143e-20 -3.810952e-20 3.189682e+02
79000 7.466523e-22 -3.983598e-20 -3.908933e-20 1.081596e+02
80000 8.352319e-21 -4.109999e-20 -3.274767e-20 1.209912e+03
81000 9.133357e-22 -4.061800e-20 -3.970466e-20 1.323053e+02
82000 1.925972e-22 -4.099161e-20 -4.079901e-20 2.789951e+01
83000 2.871911e-21 -4.020026e-20 -3.732834e-20 4.160234e+02
84000 1.097480e-21 -2.718846e-20 -2.609098e-20 1.589803e+02
85000 3.134152e-21 -3.832556e-20 -3.519141e-20 4.540115e+02
86000 8.092744e-25 -3.416915e-20 -3.416834e-20 1.172310e-01
87000 9.758289e-22 -3.936219e-20 -3.838636e-20 1.413580e+02
88000 4.812794e-22 -3.934922e-20 -3.886794e-20 6.971785e+01
89000 8.087301e-22 -3.575354e-20 -3.494481e-20 1.171522e+02
90000 1.001846e-21 -3.912849e-20 -3.812664e-20 1.451268e+02
91000 5.621858e-22 -3.907175e-20 -3.850956e-20 8.143790e+01
92000 7.406093e-23 -3.441071e-20 -3.433665e-20 1.072842e+01
93000 1.228481e-22 -4.058714e-20 -4.046429e-20 1.779571e+01
94000 1.732430e-22 -3.868608e-20 -3.851283e-20 2.509588e+01
95000 1.017959e-21 -4.108233e-20 -4.006437e-20 1.474609e+02
96000 1.181568e-21 -3.969952e-20 -3.851795e-20 1.711612e+02
97000 1.106855e-21 -2.567139e-20 -2.456454e-20 1.603383e+02
98000 3.768353e-21 -4.073139e-20 -3.696304e-20 5.458814e+02
99000 6.774112e-22 -3.961261e-20 -3.893520e-20 9.812938e+01
100000 1.687688e-22 -4.003146e-20 -3.986270e-20 2.444775e+01
101000 5.353719e-22 -3.995396e-20 -3.941859e-20 7.755365e+01
102000 4.018891e-22 -4.068344e-20 -4.028155e-20 5.821742e+01
103000 1.841878e-21 -3.940892e-20 -3.756704e-20 2.668134e+02
104000 4.650985e-22 -3.813974e-20 -3.767464e-20 6.737390e+01
105000 2.583127e-21 -4.034026e-20 -3.775714e-20 3.741903e+02
106000 1.431301e-20 -3.964022e-20 -2.532721e-20 2.073374e+03
107000 5.879813e-22 -3.778218e-20 -3.719420e-20 8.517463e+01
108000 9.087440e-22 -3.996869e-20 -3.905995e-20 1.316401e+02
109000 3.705558e-22 -3.894247e-20 -3.857192e-20 5.367850e+01
110000 1.674250e-22 -3.739460e-20 -3.722718e-20 2.425309e+01
111000 2.142261e-21 -3.865877e-20 -3.651651e-20 3.103267e+02
112000 1.298344e-21 -3.641544e-20 -3.511710e-20 1.880773e+02
113000 2.729546e-21 -4.102321e-20 -3.829367e-20 3.954005e+02
114000 2.583267e-21 -3.707940e-20 -3.449614e-20 3.742105e+02
115000 1.661116e-21 -4.077062e-20 -3.910950e-20 2.406282e+02
116000 8.390418e-22 -3.890798e-20 -3.806894e-20 1.215431e+02
117000 5.319837e-22 -4.088506e-20 -4.035307e-20 7.706285e+01
118000 2.869800e-22 -4.071334e-20 -4.042636e-20 4.157175e+01
119000 1.000870e-21 -3.672504e-20 -3.572417e-20 1.449855e+02
120000 1.949813e-21 -4.099986e-20 -3.905005e-20 2.824488e+02
121000 5.125501e-22 -4.061584e-20 -4.010329e-20 7.424771e+01
122000 5.383815e-22 -4.083882e-20 -4.030044e-20 7.798962e+01
123000 3.988622e-24 -4.028093e-20 -4.027694e-20 5.777895e-01
124000 2.431242e-22 -4.001151e-20 -3.976838e-20 3.521883e+01
125000 1.453556e-21 -3.903476e-20 -3.758121e-20 2.105613e+02
126000 9.736386e-23 -4.092727e-20 -4.082991e-20 1.410407e+01
127000 1.036420e-21 -4.068920e-20 -3.965278e-20 1.501351e+02
128000 2.168999e-22 -4.109144e-20 -4.087454e-20 3.141999e+01
129000 1.224819e-24 -4.088173e-20 -4.088050e-20 1.774266e-01
130000 3.397836e-21 -4.081802e-20 -3.742019e-20 4.922086e+02
131000 1.889133e-24 -3.347640e-20 -3.347451e-20 2.736587e-01
132000 9.260924e-22 -4.043092e-20 -3.950482e-20 1.341532e+02
133000 1.303539e-22 -3.823252e-20 -3.810217e-20 1.888300e+01
134000 2.338268e-21 -3.939478e-20 -3.705651e-20 3.387201e+02
135000 1.407498e-21 -4.105539e-20 -3.964789e-20 2.038893e+02
136000 5.340960e-22 -3.879491e-20 -3.826081e-20 7.736884e+01
137000 1.172031e-21 -4.094550e-20 -3.977347e-20 1.697797e+02
138000 1.703996e-22 -4.078578e-20 -4.061538e-20 2.468398e+01
139000 1.079365e-22 -4.108893e-20 -4.098100e-20 1.563562e+01
140000 1.536627e-22 -3.820200e-20 -3.804833e-20 2.225949e+01
141000 1.179711e-20 -4.031792e-20 -2.852080e-20 1.708923e+03
142000 2.841007e-21 -3.824583e-20 -3.540482e-20 4.115466e+02
143000 1.598072e-22 -4.056536e-20 -4.040555e-20 2.314958e+01
144000 3.706482e-21 -3.673718e-20 -3.303069e-20 5.369188e+02
145000 2.330741e-21 -4.100249e-20 -3.867175e-20 3.376298e+02
146000 1.204390e-21 -4.098358e-20 -3.977919e-20 1.744673e+02
147000 4.528012e-21 -4.100776e-20 -3.647974e-20 6.559251e+02
148000 3.656904e-21 -4.055095e-20 -3.689405e-20 5.297369e+02
149000 3.840186e-21 -4.057859e-20 -3.673841e-20 5.562870e+02
150000 9.671553e-23 -3.822307e-20 -3.812636e-20 1.401015e+01
151000 1.252187e-21 -3.947160e-20 -3.821942e-20 1.813910e+02
152000 5.741910e-21 -3.970074e-20 -3.395883e-20 8.317697e+02
153000 1.926100e-23 -4.000384e-20 -3.998457e-20 2.790137e+00
154000 1.744633e-21 -4.035993e-20 -3.861530e-20 2.527265e+02
155000 3.478708e-21 -3.706359e-20 -3.358488e-20 5.039235e+02
156000 3.282827e-21 -3.807583e-20 -3.479300e-20 4.755483e+02
157000 2.930020e-24 -4.090471e-20 -4.090178e-20 4.244410e-01
158000 2.574663e-22 -4.065418e-20 -4.039671e-20 3.729642e+01
159000 6.053867e-22 -3.793350e-20 -3.732811e-20 8.769596e+01
160000 3.079533e-21 -4.099968e-20 -3.792015e-20 4.460994e+02
161000 1.318876e-21 -4.033148e-20 -3.901260e-20 1.910516e+02
162000 3.797933e-24 -3.887808e-20 -3.887428e-20 5.501664e-01
163000 6.002115e-22 -3.411510e-20 -3.351489e-20 8.694628e+01
164000 1.103841e-24 -3.661300e-20 -3.661190e-20 1.599018e-01
165000 4.005229e-22 -4.093650e-20 -4.053597e-20 5.801950e+01
166000 2.493015e-21 -3.055327e-20 -2.806025e-20 3.611367e+02
167000 4.752254e-22 -4.107586e-20 -4.060064e-20 6.884087e+01
168000 1.637400e-21 -4.104224e-20 -3.940484e-20 2.371928e+02
169000 1.085430e-21 -3.906686e-20 -3.798143e-20 1.572348e+02
170000 2.906727e-25 -4.109286e-20 -4.109257e-20 4.210667e-02
171000 3.973267e-22 -4.036619e-20 -3.996887e-20 5.755652e+01
172000 2.550163e-21 -3.745615e-20 -3.490599e-20 3.694152e+02
173000 5.544393e-22 -4.109437e-20 -4.053993e-20 8.031576e+01
174000 6.031410e-21 -3.680538e-20 -3.077397e-20 8.737065e+02
175000 4.942796e-21 -4.070423e-20 -3.576144e-20 7.160105e+02
176000 6.759727e-21 -4.097921e-20 -3.421949e-20 9.792101e+02
177000 6.639785e-24 -3.959511e-20 -3.958847e-20 9.618353e-01
178000 3.305634e-21 -4.109998e-20 -3.779435e-20 4.788522e+02
179000 8.112465e-23 -3.340722e-20 -3.332609e-20 1.175167e+01
180000 1.133501e-22 -4.024772e-20 -4.013437e-20 1.641983e+01
181000 7.968410e-22 -4.107109e-20 -4.027425e-20 1.154299e+02
182000 2.206454e-21 -4.109375e-20 -3.888730e-20 3.196256e+02
183000 3.344894e-22 -3.996730e-20 -3.963281e-20 4.845394e+01
184000 3.841048e-22 -3.945894e-20 -3.907484e-20 5.564119e+01
185000 3.090927e-22 -4.010040e-20 -3.979130e-20 4.477498e+01
186000 7.214024e-22 -4.093078e-20 -4.020937e-20 1.045019e+02
187000 1.924130e-24 -4.098580e-20 -4.098388e-20 2.787283e-01
188000 5.023711e-22 -3.854179e-20 -3.803942e-20 7.277318e+01
189000 1.410028e-21 -3.840923e-20 -3.699920e-20 2.042558e+02
190000 2.623136e-23 -4.062488e-20 -4.059865e-20 3.799859e+00
191000 1.032151e-22 -3.930972e-20 -3.920650e-20 1.495168e+01
192000 1.831367e-21 -4.038717e-20 -3.855581e-20 2.652907e+02
193000 6.185284e-22 -4.093644e-20 -4.031792e-20 8.959967e+01
194000 2.385095e-21 -3.558440e-20 -3.319931e-20 3.455035e+02
195000 5.218878e-24 -4.108909e-20 -4.108387e-20 7.560036e-01
196000 3.442516e-23 -4.060909e-20 -4.057466e-20 4.986808e+00
197000 6.090005e-23 -4.108900e-20 -4.102810e-20 8.821946e+00
198000 3.679862e-22 -3.938282e-20 -3.901483e-20 5.330626e+01
199000 4.006516e-22 -4.092846e-20 -4.052781e-20 5.803816e+01
200000 2.713127e-24 -3.995063e-20 -3.994791e-20 3.930220e-01
201000 8.483762e-23 -3.975165e-20 -3.966681e-20 1.228953e+01
202000 2.850447e-21 -3.302997e-20 -3.017952e-20 4.129141e+02
203000 3.862922e-21 -4.095557e-20 -3.709264e-20 5.595806e+02
204000 3.701735e-22 -3.507092e-20 -3.470074e-20 5.362311e+01
205000 3.014729e-22 -3.898959e-20 -3.868812e-20 4.367118e+01
206000 1.803819e-21 -4.078882e-20 -3.898500e-20 2.613002e+02
207000 1.731873e-21 -4.088827e-20 -3.915640e-20 2.508781e+02
208000 7.735549e-23 -4.061656e-20 -4.053921e-20 1.120567e+01
209000 8.407469e-23 -4.092686e-20 -4.084278e-20 1.217901e+01
210000 2.708825e-22 -4.090822e-20 -4.063733e-20 3.923988e+01
211000 3.931620e-21 -3.977969e-20 -3.584807e-20 5.695321e+02
212000 2.999791e-21 -3.804360e-20 -3.504381e-20 4.345480e+02
213000 1.105338e-21 -4.091219e-20 -3.980685e-20 1.601186e+02
214000 9.954453e-22 -3.592922e-20 -3.493378e-20 1.441996e+02
215000 1.546512e-21 -4.027515e-20 -3.872863e-20 2.240268e+02
216000 2.831487e-21 -3.377438e-20 -3.094289e-20 4.101675e+02
217000 1.981971e-21 -3.970247e-20 -3.772050e-20 2.871072e+02
218000 2.486863e-21 -4.108735e-20 -3.860049e-20 3.602455e+02
219000 2.464569e-21 -4.101880e-20 -3.855424e-20 3.570160e+02
220000 1.655331e-21 -3.986421e-20 -3.820888e-20 2.397902e+02
221000 2.690491e-22 -3.991311e-20 -3.964406e-20 3.897429e+01
222000 1.142054e-21 -3.522411e-20 -3.408205e-20 1.654373e+02
223000 7.204867e-23 -3.693187e-20 -3.685982e-20 1.043693e+01
224000 9.766640e-23 -3.992785e-20 -3.983018e-20 1.414790e+01
225000 1.791400e-22 -4.102216e-20 -4.084302e-20 2.595012e+01
226000 1.588370e-21 -2.375151e-20 -2.216314e-20 2.300903e+02
227000 2.501856e-21 -4.067031e-20 -3.816846e-20 3.624174e+02
228000 6.204881e-22 -4.060944e-20 -3.998895e-20 8.988354e+01
229000 3.719040e-22 -4.086056e-20 -4.048866e-20 5.387380e+01
230000 5.365370e-22 -3.771221e-20 -3.717567e-20 7.772243e+01
231000 3.536446e-22 -4.087919e-20 -4.052554e-20 5.122875e+01
232000 1.569281e-21 -4.014730e-20 -3.857802e-20 2.273252e+02
233000 3.158584e-22 -4.108642e-20 -4.077056e-20 4.575506e+01
234000 2.749255e-21 -4.102274e-20 -3.827349e-20 3.982555e+02
235000 4.190796e-21 -3.883771e-20 -3.464691e-20 6.070762e+02
236000 1.395117e-21 -3.655045e-20 -3.515533e-20 2.020958e+02
237000 1.817763e-21 -3.945525e-20 -3.763749e-20 2.633201e+02
238000 5.543283e-22 -4.099424e-20 -4.043991e-20 8.029967e+01
239000 6.793976e-22 -3.857426e-20 -3.789486e-20 9.841714e+01
240000 2.258257e-21 -4.026405e-20 -3.800579e-20 3.271298e+02
241000 4.689571e-22 -4.096660e-20 -4.049764e-20 6.793285e+01
242000 7.362231e-26 -3.684460e-20 -3.684452e-20 1.066488e-02
243000 8.667400e-24 -4.100303e-20 -4.099436e-20 1.255554e+00
244000 3.030707e-22 -3.958545e-20 -3.928238e-20 4.390265e+01
245000 2.851271e-22 -4.002019e-20 -3.973507e-20 4.130334e+01
246000 1.071839e-21 -3.872539e-20 -3.765355e-20 1.552660e+02
247000 3.542734e-23 -3.899686e-20 -3.896143e-20 5.131984e+00
248000 3.502480e-23 -4.047452e-20 -4.043949e-20 5.073671e+00
249000 2.229656e-22 -4.036998e-20 -4.014702e-20 3.229866e+01
250000 1.575174e-22 -4.092824e-20 -4.077073e-20 2.281788e+01
251000 2.583166e-22 -4.100978e-20 -4.075146e-20 3.741959e+01
252000 1.768797e-22 -4.000960e-20 -3.983272e-20 2.562270e+01
253000 2.083693e-22 -3.939344e-20 -3.918508e-20 3.018425e+01
254000 3.431041e-21 -3.919561e-20 -3.576457e-20 4.970186e+02
255000 9.903983e-22 -4.053962e-20 -3.954923e-20 1.434685e+02
256000 2.952062e-21 -4.090138e-20 -3.794932e-20 4.276339e+02
257000 1.042092e-20 -4.047092e-20 -3.005000e-20 1.509568e+03
258000 1.572935e-23 -3.930582e-20 -3.929009e-20 2.278545e+00
259000 1.916248e-21 -4.026480e-20 -3.834856e-20 2.775865e+02
260000 5.258076e-22 -4.109738e-20 -4.057157e-20 7.616818e+01
261000 4.606861e-21 -3.974302e-20 -3.513616e-20 6.673471e+02
262000 1.664012e-22 -4.106522e-20 -4.089882e-20 2.410478e+01
263000 7.675285e-22 -3.989945e-20 -3.913192e-20 1.111837e+02
264000 6.835184e-22 -4.009267e-20 -3.940915e-20 9.901408e+01
265000 1.435047e-22 -4.033354e-20 -4.019003e-20 2.078801e+01
266000 8.387910e-25 -4.001576e-20 -4.001493e-20 1.215068e-01
267000 1.029063e-21 -4.060346e-20 -3.957439e-20 1.490694e+02
268000 5.947141e-22 -3.686593e-20 -3.627121e-20 8.614993e+01
269000 2.580648e-21 -3.768800e-20 -3.510735e-20 3.738311e+02
270000 2.593138e-21 -4.105248e-20 -3.845934e-20 3.756405e+02
271000 1.687870e-21 -3.322185e-20 -3.153398e-20 2.445038e+02
272000 1.067696e-21 -4.092669e-20 -3.985900e-20 1.546658e+02
273000 4.460252e-24 -4.109859e-20 -4.109412e-20 6.461094e-01
274000 3.093864e-22 -4.092719e-20 -4.061781e-20 4.481754e+01
275000 1.602946e-21 -4.101537e-20 -3.941243e-20 2.322018e+02
276000 3.470281e-23 -3.991583e-20 -3.988112e-20 5.027029e+00
277000 9.814273e-23 -2.754628e-20 -2.744814e-20 1.421690e+01
278000 2.190866e-24 -4.084075e-20 -4.083856e-20 3.173676e-01
279000 5.185124e-21 -4.109976e-20 -3.591464e-20 7.511139e+02
280000 2.453157e-22 -3.968625e-20 -3.944093e-20 3.553629e+01
281000 3.570763e-24 -4.043524e-20 -4.043167e-20 5.172586e-01
282000 3.336911e-21 -3.740282e-20 -3.406591e-20 4.833829e+02
283000 1.036864e-22 -3.776943e-20 -3.766574e-20 1.501996e+01
284000 7.395595e-22 -3.894524e-20 -3.820568e-20 1.071322e+02
285000 1.883748e-21 -4.043718e-20 -3.855343e-20 2.728786e+02
286000 1.297255e-22 -4.090932e-20 -4.077960e-20 1.879196e+01
287000 5.318238e-23 -3.504933e-20 -3.499615e-20 7.703969e+00
288000 1.655554e-21 -3.765372e-20 -3.599816e-20 2.398226e+02
289000 4.338967e-21 -3.933689e-20 -3.499793e-20 6.285401e+02
290000 3.776341e-22 -3.844859e-20 -3.807096e-20 5.470385e+01
291000 3.879275e-22 -4.080106e-20 -4.041313e-20 5.619495e+01
292000 1.585344e-21 -3.153893e-20 -2.995358e-20 2.296520e+02
293000 3.287450e-21 -4.035724e-20 -3.706979e-20 4.762181e+02
294000 2.463184e-21 -4.009530e-20 -3.763212e-20 3.568154e+02
295000 1.183859e-21 -4.109294e-20 -3.990908e-20 1.714931e+02
296000 1.263888e-21 -4.021043e-20 -3.894655e-20 1.830861e+02
297000 1.109755e-21 -3.830434e-20 -3.719459e-20 1.607585e+02
298000 2.187373e-22 -4.109984e-20 -4.088110e-20 3.168616e+01
299000 4.451029e-21 -3.720366e-20 -3.275263e-20 6.447735e+02
300000 3.685436e-21 -3.742612e-20 -3.374068e-20 5.338701e+02
301000 5.130527e-21 -3.380017e-20 -2.866965e-20 7.432052e+02
302000 6.201276e-22 -3.881129e-20 -3.819117e-20 8.983131e+01
303000 2.098891e-21 -3.766057e-20 -3.556168e-20 3.040441e+02
304000 7.626478e-21 -2.944606e-20 -2.181958e-20 1.104767e+03
305000 3.715083e-22 -3.988245e-20 -3.951095e-20 5.381647e+01
306000 1.055489e-22 -4.011497e-20 -4.000943e-20 1.528975e+01
307000 3.164301e-21 -4.088234e-20 -3.771804e-20 4.583788e+02
308000 6.744311e-22 -3.903675e-20 -3.836231e-20 9.769769e+01
309000 3.500856e-22 -3.442433e-20 -3.407424e-20 5.071320e+01
310000 1.255900e-23 -4.025980e-20 -4.024724e-20 1.819290e+00
311000 3.758648e-24 -4.071788e-20 -4.071412e-20 5.444755e-01
312000 8.375285e-22 -3.934029e-20 -3.850276e-20 1.213239e+02
313000 1.485670e-23 -3.628025e-20 -3.626540e-20 2.152133e+00
314000 3.384961e-22 -4.027655e-20 -3.993805e-20 4.903435e+01
315000 1.302752e-22 -3.920177e-20 -3.907150e-20 1.887159e+01
316000 5.010876e-22 -2.909226e-20 -2.859118e-20 7.258725e+01
317000 3.745176e-21 -4.109624e-20 -3.735107e-20 5.425240e+02
318000 3.585196e-21 -3.985362e-20 -3.626843e-20 5.193493e+02
319000 1.601434e-21 -3.591392e-20 -3.431249e-20 2.319828e+02
320000 1.606405e-21 -4.007736e-20 -3.847096e-20 2.327029e+02
321000 1.782724e-20 -4.056497e-20 -2.273774e-20 2.582443e+03
322000 4.996969e-22 -4.028234e-20 -3.978264e-20 7.238580e+01
323000 5.396600e-22 -3.929716e-20 -3.875750e-20 7.817482e+01
324000 4.044728e-21 -4.033196e-20 -3.628723e-20 5.859170e+02
325000 5.872693e-22 -4.082207e-20 -4.023480e-20 8.507148e+01
326000 8.679612e-22 -4.077244e-20 -3.990448e-20 1.257323e+02
327000 1.337369e-22 -4.079829e-20 -4.066455e-20 1.937305e+01
328000 1.978025e-21 -4.047617e-20 -3.849815e-20 2.865356e+02
329000 3.662543e-21 -3.966523e-20 -3.600269e-20 5.305538e+02
330000 4.640206e-21 -4.107760e-20 -3.643740e-20 6.721775e+02
331000 3.714168e-22 -3.759997e-20 -3.722856e-20 5.380322e+01
332000 5.440363e-22 -4.105947e-20 -4.051543e-20 7.880878e+01
333000 1.956195e-24 -3.578581e-20 -3.578385e-20 2.833732e-01
334000 2.779494e-21 -3.129105e-20 -2.851156e-20 4.026358e+02
335000 4.047262e-21 -4.071994e-20 -3.667268e-20 5.862840e+02
336000 2.358934e-21 -3.912195e-20 -3.676302e-20 3.417137e+02
337000 3.350116e-21 -3.471052e-20 -3.136041e-20 4.852958e+02
338000 8.155318e-22 -3.972976e-20 -3.891423e-20 1.181375e+02
339000 1.148739e-21 -3.358500e-20 -3.243626e-20 1.664057e+02
340000 6.273944e-21 -4.055616e-20 -3.428222e-20 9.088399e+02
341000 5.221462e-22 -3.602703e-20 -3.550488e-20 7.563779e+01
342000 4.402146e-22 -4.059621e-20 -4.015599e-20 6.376922e+01
343000 1.718468e-23 -4.102597e-20 -4.100878e-20 2.489363e+00
344000 1.374059e-23 -4.090183e-20 -4.088809e-20 1.990454e+00
345000 1.045928e-20 -3.974605e-20 -2.928677e-20 1.515125e+03
346000 1.492358e-22 -3.982689e-20 -3.967766e-20 2.161821e+01
347000 9.938723e-22 -3.912729e-20 -3.813342e-20 1.439718e+02
348000 7.565920e-23 -3.709238e-20 -3.701672e-20 1.095995e+01
349000 9.138437e-22 -4.092672e-20 -4.001288e-20 1.323789e+02
350000 1.400403e-21 -3.812823e-20 -3.672782e-20 2.028615e+02
351000 9.489941e-23 -4.109453e-20 -4.099963e-20 1.374707e+01
352000 5.886815e-22 -3.942838e-20 -3.883970e-20 8.527606e+01
353000 3.338302e-22 -4.060580e-20 -4.027197e-20 4.835845e+01
354000 6.760895e-22 -4.105556e-20 -4.037947e-20 9.793793e+01
355000 9.550712e-22 -4.079603e-20 -3.984096e-20 1.383510e+02
356000 2.447514e-21 -2.264208e-20 -2.019457e-20 3.545454e+02
357000 2.270872e-21 -3.388701e-20 -3.161614e-20 3.289572e+02
358000 1.820807e-21 -3.703565e-20 -3.521484e-20 2.637610e+02
359000 1.341558e-22 -3.703733e-20 -3.690318e-20 1.943374e+01
360000 3.613811e-22 -4.013788e-20 -3.977650e-20 5.234945e+01
361000 6.748609e-22 -3.780966e-20 -3.713480e-20 9.775995e+01
362000 9.821962e-21 -4.068545e-20 -3.086348e-20 1.422804e+03
363000 4.782823e-23 -4.041985e-20 -4.037202e-20 6.928370e+00
364000 2.222204e-21 -4.073157e-20 -3.850936e-20 3.219072e+02
365000 2.823977e-22 -4.076100e-20 -4.047860e-20 4.090797e+01
366000 1.232809e-20 -2.309459e-20 -1.076650e-20 1.785840e+03
367000 4.487489e-22 -4.109150e-20 -4.064275e-20 6.500550e+01
368000 3.378940e-21 -3.724283e-20 -3.386389e-20 4.894712e+02
369000 1.767146e-21 -4.082952e-20 -3.906237e-20 2.559877e+02
370000 4.651674e-23 -3.705351e-20 -3.700699e-20 6.738387e+00
371000 6.808445e-21 -3.981320e-20 -3.300476e-20 9.862673e+02
372000 9.765445e-23 -4.088218e-20 -4.078452e-20 1.414617e+01
373000 2.703021e-21 -4.072925e-20 -3.802623e-20 3.915580e+02
374000 5.061731e-22 -3.438444e-20 -3.387826e-20 7.332393e+01
375000 1.960966e-22 -3.970546e-20 -3.950936e-20 2.840644e+01
376000 5.524547e-21 -4.002016e-20 -3.449561e-20 8.002826e+02
377000 2.728760e-22 -4.024164e-20 -3.996876e-20 3.952865e+01
378000 1.400744e-20 -4.107301e-20 -2.706557e-20 2.029110e+03
379000 1.555708e-21 -4.090864e-20 -3.935293e-20 2.253590e+02
380000 9.697003e-22 -4.097123e-20 -4.000153e-20 1.404702e+02
381000 7.297328e-22 -4.105478e-20 -4.032505e-20 1.057087e+02
382000 9.863416e-22 -4.015646e-20 -3.917011e-20 1.428809e+02
383000 6.844702e-21 -4.109344e-20 -3.424874e-20 9.915194e+02
384000 1.358781e-21 -4.026326e-20 -3.890448e-20 1.968322e+02
385000 5.419958e-22 -4.108107e-20 -4.053907e-20 7.851319e+01
386000 2.607127e-21 -4.105630e-20 -3.844917e-20 3.776669e+02
387000 1.188956e-21 -4.107353e-20 -3.988458e-20 1.722314e+02
388000 1.292116e-22 -4.109767e-20 -4.096846e-20 1.871751e+01
389000 3.242693e-24 -3.612906e-20 -3.612582e-20 4.697345e-01
390000 8.489220e-24 -3.975643e-20 -3.974795e-20 1.229743e+00
391000 1.420713e-21 -4.043491e-20 -3.901420e-20 2.058037e+02
392000 3.454985e-22 -3.890758e-20 -3.856208e-20 5.004870e+01
393000 2.742688e-23 -4.108161e-20 -4.105419e-20 3.973042e+00
394000 3.355710e-21 -4.106700e-20 -3.771129e-20 4.861062e+02
395000 9.284214e-22 -4.025415e-20 -3.932573e-20 1.344906e+02
396000 1.797512e-21 -3.919287e-20 -3.739536e-20 2.603866e+02
397000 1.991621e-21 -3.996700e-20 -3.797538e-20 2.885050e+02
398000 1.180797e-20 -4.079129e-20 -2.898332e-20 1.710495e+03
399000 1.197806e-23 -3.974945e-20 -3.973747e-20 1.735135e+00
400000 4.416677e-22 -4.037064e-20 -3.992897e-20 6.397973e+01
401000 6.664249e-22 -3.612763e-20 -3.546120e-20 9.653792e+01
402000 5.975066e-22 -3.616937e-20 -3.557186e-20 8.655445e+01
403000 8.794762e-22 -4.025355e-20 -3.937407e-20 1.274004e+02
404000 7.313016e-21 -4.090044e-20 -3.358743e-20 1.059359e+03
405000 1.393288e-22 -4.060715e-20 -4.046782e-20 2.018309e+01
406000 2.921127e-21 -2.928465e-20 -2.636352e-20 4.231527e+02
407000 3.002379e-21 -3.957806e-20 -3.657568e-20 4.349228e+02
408000 2.492342e-21 -4.076077e-20 -3.826843e-20 3.610392e+02
409000 3.020621e-23 -3.944316e-20 -3.941295e-20 4.375654e+00
410000 7.631561e-21 -3.369726e-20 -2.606570e-20 1.105503e+03
411000 2.598551e-21 -4.017484e-20 -3.757628e-20 3.764246e+02
412000 1.033522e-20 -3.487035e-20 -2.453513e-20 1.497154e+03
413000 7.212186e-22 -4.096462e-20 -4.024340e-20 1.044753e+02
414000 2.878602e-21 -4.109317e-20 -3.821457e-20 4.169926e+02
415000 1.442010e-21 -3.974886e-20 -3.830685e-20 2.088887e+02
416000 4.374338e-21 -4.007190e-20 -3.569757e-20 6.336641e+02
417000 3.606306e-23 -4.109920e-20 -4.106314e-20 5.224074e+00
418000 2.040889e-22 -4.102428e-20 -4.082020e-20 2.956419e+01
419000 1.248888e-21 -3.994367e-20 -3.869478e-20 1.809132e+02
420000 5.904861e-23 -4.098961e-20 -4.093056e-20 8.553747e+00
421000 1.879698e-21 -4.065924e-20 -3.877954e-20 2.722920e+02
422000 1.852949e-22 -4.106295e-20 -4.087766e-20 2.684171e+01
423000 3.595894e-21 -4.092569e-20 -3.732979e-20 5.208991e+02
424000 1.371228e-22 -4.106264e-20 -4.092551e-20 1.986353e+01
425000 9.312056e-22 -4.076185e-20 -3.983064e-20 1.348939e+02
426000 8.845999e-22 -3.991887e-20 -3.903427e-20 1.281426e+02
427000 5.000992e-21 -4.107658e-20 -3.607559e-20 7.244407e+02
428000 9.932710e-22 -3.729907e-20 -3.630580e-20 1.438846e+02
429000 2.724961e-21 -3.901543e-20 -3.629047e-20 3.947363e+02
430000 1.659452e-21 -3.670810e-20 -3.504864e-20 2.403872e+02
431000 2.257571e-21 -4.075978e-20 -3.850221e-20 3.270303e+02
432000 7.013250e-21 -4.096333e-20 -3.395008e-20 1.015935e+03
433000 4.985228e-22 -4.055729e-20 -4.005877e-20 7.221572e+01
434000 6.452613e-26 -3.250403e-20 -3.250396e-20 9.347217e-03
435000 2.533983e-23 -3.967254e-20 -3.964720e-20 3.670713e+00
436000 1.506697e-24 -4.096471e-20 -4.096321e-20 2.182593e-01
437000 1.057580e-21 -3.860885e-20 -3.755127e-20 1.532005e+02
438000 2.612960e-21 -1.514526e-20 -1.253230e-20 3.785119e+02
439000 1.644179e-22 -4.106810e-20 -4.090368e-20 2.381748e+01
440000 2.245293e-22 -4.075977e-20 -4.053524e-20 3.252518e+01
441000 1.102274e-21 -4.004823e-20 -3.894596e-20 1.596748e+02
442000 2.521646e-21 -3.896447e-20 -3.644282e-20 3.652842e+02
443000 2.884347e-21 -4.106517e-20 -3.818082e-20 4.178249e+02
444000 2.504514e-21 -4.077789e-20 -3.827338e-20 3.628024e+02
445000 4.522842e-21 -4.048293e-20 -3.596009e-20 6.551762e+02
446000 3.088142e-23 -3.859513e-20 -3.856425e-20 4.473464e+00
447000 1.553116e-20 -4.067484e-20 -2.514368e-20 2.249835e+03
448000 4.419402e-23 -3.967883e-20 -3.963464e-20 6.401920e+00
449000 5.422462e-22 -4.093701e-20 -4.039477e-20 7.854947e+01
450000 1.938292e-21 -4.068325e-20 -3.874495e-20 2.807799e+02
451000 1.342407e-22 -3.846102e-20 -3.832678e-20 1.944602e+01
452000 1.470284e-22 -4.046858e-20 -4.032155e-20 2.129844e+01
453000 4.465004e-21 -4.035758e-20 -3.589257e-20 6.467978e+02
454000 1.049486e-21 -3.143810e-20 -3.038861e-20 1.520280e+02
455000 9.360432e-22 -4.064169e-20 -3.970564e-20 1.355947e+02
456000 5.320894e-22 -4.092731e-20 -4.039522e-20 7.707816e+01
457000 3.979772e-21 -4.109954e-20 -3.711977e-20 5.765075e+02
458000 5.977314e-22 -4.088768e-20 -4.028994e-20 8.658701e+01
459000 5.848149e-21 -3.943061e-20 -3.358246e-20 8.471595e+02
460000 4.344160e-21 -3.149547e-20 -2.715130e-20 6.292925e+02
461000 2.045303e-21 -4.053535e-20 -3.849005e-20 2.962813e+02
462000 9.717728e-23 -4.066898e-20 -4.057181e-20 1.407704e+01
463000 1.014300e-21 -3.983288e-20 -3.881858e-20 1.469309e+02
464000 3.893456e-22 -4.060386e-20 -4.021451e-20 5.640037e+01
465000 6.160064e-22 -4.108336e-20 -4.046736e-20 8.923432e+01
466000 8.770338e-23 -3.836223e-20 -3.827453e-20 1.270466e+01
467000 1.368367e-21 -3.919151e-20 -3.782314e-20 1.982208e+02
468000 1.781170e-22 -3.614937e-20 -3.597126e-20 2.580192e+01
469000 1.302352e-23 -3.975691e-20 -3.974388e-20 1.886580e+00
470000 9.228086e-22 -4.001981e-20 -3.909700e-20 1.336775e+02
471000 6.669299e-21 -4.059146e-20 -3.392216e-20 9.661107e+02
472000 1.561801e-21 -4.042500e-20 -3.886320e-20 2.262416e+02
473000 4.621825e-22 -3.864532e-20 -3.818314e-20 6.695148e+01
474000 2.949568e-21 -3.924175e-20 -3.629218e-20 4.272727e+02
475000 5.037719e-24 -4.102086e-20 -4.101582e-20 7.297609e-01
476000 3.174990e-22 -3.852637e-20 -3.820887e-20 4.599272e+01
477000 1.804728e-21 -3.983624e-20 -3.803151e-20 2.614318e+02
478000 1.324894e-22 -3.933543e-20 -3.920294e-20 1.919234e+01
479000 4.152021e-21 -3.838930e-20 -3.423728e-20 6.014593e+02
480000 7.072793e-22 -4.059614e-20 -3.988886e-20 1.024561e+02
481000 1.056974e-22 -4.100177e-20 -4.089608e-20 1.531126e+01
482000 2.444827e-21 -3.225671e-20 -2.981188e-20 3.541562e+02
483000 5.038933e-21 -3.800706e-20 -3.296813e-20 7.299369e+02
484000 8.437347e-23 -3.503229e-20 -3.494791e-20 1.222229e+01
485000 9.801226e-21 -4.055039e-20 -3.074916e-20 1.419800e+03
486000 3.433337e-24 -3.862418e-20 -3.862075e-20 4.973512e-01
487000 1.031851e-21 -4.006180e-20 -3.902995e-20 1.494733e+02
488000 1.808156e-22 -4.020395e-20 -4.002314e-20 2.619284e+01
489000 7.028958e-21 -3.145418e-20 -2.442522e-20 1.018211e+03
490000 1.370396e-22 -3.884171e-20 -3.870467e-20 1.985147e+01
491000 1.099968e-20 -3.843137e-20 -2.743169e-20 1.593407e+03
492000 4.648324e-22 -4.093976e-20 -4.047493e-20 6.733534e+01
493000 3.764874e-21 -3.613110e-20 -3.236623e-20 5.453774e+02
494000 5.817309e-22 -4.051864e-20 -3.993691e-20 8.426920e+01
495000 1.839478e-21 -4.090302e-20 -3.906354e-20 2.664657e+02
496000 1.757736e-21 -3.577094e-20 -3.401320e-20 2.546245e+02
497000 1.837212e-21 -4.103335e-20 -3.919614e-20 2.661374e+02
498000 2.313063e-21 -3.674549e-20 -3.443243e-20 3.350689e+02
499000 9.231338e-22 -4.069511e-20 -3.977198e-20 1.337246e+02
500000 3.174039e-22 -3.750378e-20 -3.718638e-20 4.597894e+01
501000 3.396595e-22 -3.681995e-20 -3.648029e-20 4.920288e+01
502000 3.871302e-22 -4.001332e-20 -3.962619e-20 5.607946e+01
503000 3.182377e-23 -4.108484e-20 -4.105302e-20 4.609972e+00
504000 2.926199e-22 -4.018465e-20 -3.989203e-20 4.238875e+01
505000 1.425088e-21 -4.048503e-20 -3.905995e-20 2.064375e+02
506000 1.544440e-23 -4.089498e-20 -4.087953e-20 2.237266e+00
507000 1.159667e-21 -3.966441e-20 -3.850474e-20 1.679886e+02
508000 2.077959e-21 -3.861036e-20 -3.653240e-20 3.010119e+02
509000 5.136020e-22 -3.879803e-20 -3.828443e-20 7.440008e+01
510000 7.676108e-21 -3.978035e-20 -3.210424e-20 1.111957e+03
511000 3.996209e-21 -3.478137e-20 -3.078516e-20 5.788884e+02
512000 1.926711e-21 -4.031355e-20 -3.838684e-20 2.791023e+02
513000 7.267667e-22 -4.048979e-20 -3.976303e-20 1.052790e+02
514000 9.757166e-22 -4.057693e-20 -3.960121e-20 1.413417e+02
515000 2.165811e-22 -4.095193e-20 -4.073534e-20 3.137380e+01
516000 1.090145e-21 -4.109214e-20 -4.000200e-20 1.579178e+02
517000 3.302370e-20 -4.100620e-20 -7.982501e-21 4.783793e+03
518000 1.630278e-22 -4.069202e-20 -4.052899e-20 2.361612e+01
519000 1.235184e-22 -3.771376e-20 -3.759024e-20 1.789280e+01
520000 3.758534e-24 -3.527710e-20 -3.527334e-20 5.444590e-01
521000 1.302489e-21 -4.014009e-20 -3.883760e-20 1.886778e+02
522000 1.428978e-21 -3.756013e-20 -3.613115e-20 2.070009e+02
523000 1.140094e-21 -4.088084e-20 -3.974074e-20 1.651533e+02
524000 4.124187e-22 -3.999795e-20 -3.958553e-20 5.974273e+01
525000 1.125585e-21 -4.079216e-20 -3.966657e-20 1.630516e+02
526000 5.157627e-24 -4.048339e-20 -4.047824e-20 7.471308e-01
527000 6.666167e-21 -3.923256e-20 -3.256639e-20 9.656570e+02
528000 9.351818e-24 -3.827283e-20 -3.826347e-20 1.354699e+00
529000 1.614433e-21 -4.109861e-20 -3.948418e-20 2.338658e+02
530000 3.327348e-23 -4.016605e-20 -4.013278e-20 4.819976e+00
531000 2.991812e-22 -3.484400e-20 -3.454482e-20 4.333922e+01
532000 8.316920e-25 -3.870112e-20 -3.870029e-20 1.204784e-01
533000 4.201889e-21 -3.944543e-20 -3.524354e-20 6.086832e+02
534000 1.657397e-21 -3.277738e-20 -3.111998e-20 2.400895e+02
535000 1.868798e-21 -2.662279e-20 -2.475400e-20 2.707130e+02
536000 7.179056e-22 -3.825684e-20 -3.753894e-20 1.039954e+02
537000 3.542829e-21 -4.068721e-20 -3.714438e-20 5.132121e+02
538000 3.105155e-22 -3.996620e-20 -3.965568e-20 4.498110e+01
539000 1.343859e-21 -4.100360e-20 -3.965975e-20 1.946706e+02
540000 5.868331e-23 -4.102443e-20 -4.096575e-20 8.500830e+00
541000 1.140036e-21 -4.104853e-20 -3.990849e-20 1.651449e+02
542000 4.268750e-21 -4.069376e-20 -3.642501e-20 6.183686e+02
543000 6.064682e-24 -3.851379e-20 -3.850773e-20 8.785263e-01
544000 1.214082e-22 -3.846019e-20 -3.833878e-20 1.758712e+01
545000 3.251871e-21 -4.064402e-20 -3.739215e-20 4.710641e+02
546000 1.490381e-22 -3.901229e-20 -3.886325e-20 2.158957e+01
547000 5.026257e-21 -3.683984e-20 -3.181358e-20 7.281007e+02
548000 4.265146e-21 -4.109991e-20 -3.683477e-20 6.178465e+02
549000 3.525538e-23 -1.793209e-20 -1.789684e-20 5.107073e+00
550000 2.533393e-22 -4.105600e-20 -4.080266e-20 3.669858e+01
551000 3.694628e-21 -4.047415e-20 -3.677952e-20 5.352016e+02
552000 3.096098e-21 -4.108975e-20 -3.799365e-20 4.484990e+02
553000 5.011567e-22 -3.296249e-20 -3.246133e-20 7.259727e+01
554000 1.160295e-20 -3.949026e-20 -2.788731e-20 1.680797e+03
555000 1.114089e-20 -3.272709e-20 -2.158621e-20 1.613862e+03
556000 3.407351e-22 -4.046357e-20 -4.012284e-20 4.935868e+01
557000 8.779650e-22 -3.932788e-20 -3.844991e-20 1.271815e+02
558000 1.069591e-21 -3.917125e-20 -3.810166e-20 1.549403e+02
559000 2.495349e-23 -4.051135e-20 -4.048640e-20 3.614748e+00
560000 2.129709e-21 -4.091205e-20 -3.878234e-20 3.085084e+02
561000 2.940469e-22 -3.927871e-20 -3.898466e-20 4.259547e+01
562000 1.355501e-21 -4.108432e-20 -3.972882e-20 1.963571e+02
563000 4.306485e-23 -4.051130e-20 -4.046824e-20 6.238348e+00
564000 1.229363e-21 -4.107787e-20 -3.984851e-20 1.780848e+02
565000 2.900272e-23 -3.823404e-20 -3.820504e-20 4.201316e+00
566000 1.512205e-21 -3.809410e-20 -3.658189e-20 2.190572e+02
567000 2.990667e-22 -4.109997e-20 -4.080090e-20 4.332263e+01
568000 3.859791e-22 -4.108576e-20 -4.069978e-20 5.591270e+01
569000 7.897067e-22 -3.979563e-20 -3.900592e-20 1.143964e+02
570000 5.860986e-21 -4.089621e-20 -3.503522e-20 8.490189e+02
571000 3.639331e-20 -3.994266e-20 -3.549352e-21 5.271913e+03
572000 6.816052e-21 -4.031074e-20 -3.349469e-20 9.873693e+02
573000 1.812077e-21 -3.912108e-20 -3.730901e-20 2.624964e+02
574000 1.993384e-25 -4.078022e-20 -4.078002e-20 2.887605e-02
575000 6.645040e-21 -4.079443e-20 -3.414939e-20 9.625966e+02
576000 2.947772e-21 -4.097340e-20 -3.802563e-20 4.270125e+02
577000 2.510430e-21 -3.914117e-20 -3.663074e-20 3.636594e+02
578000 1.435441e-22 -3.831297e-20 -3.816943e-20 2.079372e+01
579000 1.458835e-21 -4.008032e-20 -3.862148e-20 2.113260e+02
580000 3.504832e-21 -4.048156e-20 -3.697673e-20 5.077079e+02
581000 7.823037e-21 -4.088934e-20 -3.306630e-20 1.133241e+03
582000 7.382076e-24 -3.928636e-20 -3.927898e-20 1.069363e+00
583000 1.076020e-22 -4.109031e-20 -4.098270e-20 1.558717e+01
584000 2.322068e-22 -4.082554e-20 -4.059333e-20 3.363733e+01
585000 3.267511e-22 -3.893101e-20 -3.860426e-20 4.733298e+01
586000 3.264826e-21 -4.084943e-20 -3.758460e-20 4.729407e+02
587000 7.150728e-21 -4.039185e-20 -3.324112e-20 1.035850e+03
588000 1.620237e-22 -3.828336e-20 -3.812134e-20 2.347066e+01
589000 3.604100e-22 -4.101666e-20 -4.065625e-20 5.220878e+01
590000 1.318936e-22 -4.003257e-20 -3.990068e-20 1.910602e+01
591000 2.238873e-21 -3.254835e-20 -3.030948e-20 3.243218e+02
592000 3.541342e-22 -4.096975e-20 -4.061561e-20 5.129968e+01
593000 3.670916e-21 -4.108749e-20 -3.741657e-20 5.317668e+02
594000 4.163854e-22 -4.102781e-20 -4.061143e-20 6.031734e+01
595000 1.471454e-22 -4.052260e-20 -4.037545e-20 2.131539e+01
596000 4.433594e-21 -3.606796e-20 -3.163436e-20 6.422477e+02
597000 1.309947e-21 -4.104940e-20 -3.973946e-20 1.897581e+02
598000 3.272190e-24 -4.107511e-20 -4.107184e-20 4.740074e-01
599000 1.883905e-22 -4.024210e-20 -4.005371e-20 2.729014e+01
600000 1.430312e-22 -3.788800e-20 -3.774497e-20 2.071942e+01
601000 3.097931e-23 -3.989869e-20 -3.986771e-20 4.487644e+00
602000 3.205351e-24 -3.667559e-20 -3.667239e-20 4.643252e-01
603000 5.774499e-22 -3.978256e-20 -3.920511e-20 8.364906e+01
604000 2.331837e-22 -3.971513e-20 -3.948195e-20 3.377885e+01
605000 2.174608e-21 -4.106078e-20 -3.888617e-20 3.150124e+02
606000 2.745046e-22 -3.871751e-20 -3.844301e-20 3.976458e+01
607000 8.040255e-21 -3.097016e-20 -2.292990e-20 1.164707e+03
608000 8.377263e-23 -3.856023e-20 -3.847646e-20 1.213525e+01
609000 2.963617e-21 -3.358723e-20 -3.062361e-20 4.293078e+02
610000 6.706353e-22 -4.057019e-20 -3.989955e-20 9.714784e+01
611000 2.884392e-21 -4.077259e-20 -3.788820e-20 4.178314e+02
612000 4.715897e-21 -4.094617e-20 -3.623028e-20 6.831421e+02
613000 2.918195e-22 -4.056546e-20 -4.027364e-20 4.227280e+01
614000 2.792978e-21 -4.078664e-20 -3.799366e-20 4.045892e+02
615000 7.701172e-21 -4.086764e-20 -3.316647e-20 1.115587e+03
616000 3.071519e-22 -3.429841e-20 -3.399126e-20 4.449385e+01
617000 7.755516e-25 -3.156586e-20 -3.156509e-20 1.123459e-01
618000 6.440170e-21 -3.161761e-20 -2.517744e-20 9.329192e+02
619000 1.044977e-21 -3.975927e-20 -3.871429e-20 1.513747e+02
620000 3.479651e-21 -4.107146e-20 -3.759181e-20 5.040602e+02
621000 3.662710e-21 -3.687487e-20 -3.321216e-20 5.305781e+02
622000 1.459471e-21 -4.071208e-20 -3.925261e-20 2.114181e+02
623000 1.205206e-21 -4.101234e-20 -3.980714e-20 1.745854e+02
624000 3.772004e-21 -3.854267e-20 -3.477067e-20 5.464103e+02
625000 4.664221e-22 -3.977238e-20 -3.930595e-20 6.756563e+01
626000 2.652503e-21 -2.400775e-20 -2.135525e-20 3.842401e+02
627000 5.907529e-21 -4.071700e-20 -3.480947e-20 8.557612e+02
628000 1.060920e-20 -3.423973e-20 -2.363052e-20 1.536843e+03
629000 2.112771e-23 -4.053885e-20 -4.051772e-20 3.060547e+00
630000 3.097898e-21 -3.779747e-20 -3.469957e-20 4.487597e+02
631000 2.594947e-21 -3.760553e-20 -3.501059e-20 3.759025e+02
632000 2.076434e-21 -4.007509e-20 -3.799866e-20 3.007910e+02
633000 6.605863e-21 -4.102846e-20 -3.442259e-20 9.569214e+02
634000 4.730922e-22 -3.975561e-20 -3.928251e-20 6.853186e+01
635000 8.235664e-21 -4.053257e-20 -3.229691e-20 1.193013e+03
636000 1.042317e-21 -3.968364e-20 -3.864132e-20 1.509894e+02
637000 3.084387e-21 -4.028867e-20 -3.720428e-20 4.468025e+02
638000 1.399787e-20 -3.898553e-20 -2.498766e-20 2.027723e+03
639000 1.070386e-21 -4.056376e-20 -3.949338e-20 1.550555e+02
640000 6.385987e-22 -3.581815e-20 -3.517955e-20 9.250702e+01
641000 1.800818e-21 -3.772895e-20 -3.592813e-20 2.608654e+02
642000 1.222303e-21 -3.904671e-20 -3.782441e-20 1.770621e+02
643000 5.472169e-21 -4.089832e-20 -3.542615e-20 7.926952e+02
644000 7.545177e-24 -3.690978e-20 -3.690224e-20 1.092990e+00
645000 3.112665e-21 -4.029539e-20 -3.718272e-20 4.508989e+02
646000 1.151393e-21 -3.982903e-20 -3.867763e-20 1.667901e+02
647000 4.115397e-21 -3.749077e-20 -3.337537e-20 5.961540e+02
648000 1.482943e-21 -4.009978e-20 -3.861683e-20 2.148183e+02
649000 5.396875e-22 -3.904614e-20 -3.850645e-20 7.817881e+01
650000 4.264341e-22 -3.900628e-20 -3.857984e-20 6.177299e+01
651000 9.813505e-22 -4.101258e-20 -4.003123e-20 1.421579e+02
652000 6.507858e-21 -4.109839e-20 -3.459053e-20 9.427245e+02
653000 7.014668e-21 -4.109606e-20 -3.408140e-20 1.016141e+03
654000 4.251548e-22 -3.983993e-20 -3.941477e-20 6.158767e+01
655000 3.268478e-22 -3.976153e-20 -3.943468e-20 4.734698e+01
656000 4.050977e-22 -3.701083e-20 -3.660573e-20 5.868221e+01
657000 7.475487e-22 -4.086371e-20 -4.011617e-20 1.082895e+02
658000 3.883731e-21 -4.087375e-20 -3.699002e-20 5.625949e+02
659000 2.652301e-24 -3.912134e-20 -3.911869e-20 3.842108e-01
660000 1.110957e-20 -4.046538e-20 -2.935581e-20 1.609326e+03
661000 7.006717e-21 -4.108958e-20 -3.408286e-20 1.014989e+03
662000 8.761681e-22 -3.386994e-20 -3.299377e-20 1.269212e+02
663000 3.762992e-21 -4.010042e-20 -3.633743e-20 5.451048e+02
664000 4.166972e-22 -4.072346e-20 -4.030676e-20 6.036251e+01
665000 2.037506e-21 -4.016919e-20 -3.813169e-20 2.951519e+02
666000 4.993843e-22 -3.290264e-20 -3.240326e-20 7.234051e+01
667000 5.121757e-21 -4.098061e-20 -3.585885e-20 7.419347e+02
668000 4.692548e-22 -3.739299e-20 -3.692374e-20 6.797597e+01
669000 7.745406e-21 -4.076993e-20 -3.302453e-20 1.121995e+03
670000 2.860560e-23 -3.974798e-20 -3.971937e-20 4.143791e+00
671000 1.406846e-21 -4.108062e-20 -3.967377e-20 2.037950e+02
672000 8.252608e-21 -3.466346e-20 -2.641085e-20 1.195468e+03
673000 5.970588e-22 -4.070998e-20 -4.011292e-20 8.648959e+01
674000 3.219230e-22 -4.098981e-20 -4.066789e-20 4.663358e+01
675000 1.761563e-22 -3.698159e-20 -3.680543e-20 2.551790e+01
676000 5.845395e-21 -3.999321e-20 -3.414782e-20 8.467604e+02
677000 2.314163e-22 -3.695356e-20 -3.672214e-20 3.352283e+01
678000 1.398636e-21 -4.108738e-20 -3.968875e-20 2.026056e+02
679000 6.848787e-22 -3.887299e-20 -3.818811e-20 9.921112e+01
680000 4.173334e-25 -3.219269e-20 -3.219227e-20 6.045468e-02
681000 8.693932e-21 -3.966677e-20 -3.097284e-20 1.259398e+03
682000 5.838538e-21 -4.108291e-20 -3.524437e-20 8.457672e+02
683000 1.942172e-22 -3.933049e-20 -3.913627e-20 2.813419e+01
684000 1.727863e-21 -4.063043e-20 -3.890256e-20 2.502971e+02
685000 4.918246e-22 -4.108287e-20 -4.059104e-20 7.124542e+01
686000 2.639160e-21 -4.109443e-20 -3.845527e-20 3.823072e+02
687000 1.199130e-21 -4.109999e-20 -3.990086e-20 1.737053e+02
688000 2.231514e-23 -4.085734e-20 -4.083503e-20 3.232558e+00
689000 3.463771e-21 -3.823076e-20 -3.476699e-20 5.017598e+02
690000 2.353971e-24 -4.070019e-20 -4.069784e-20 3.409949e-01
691000 4.601262e-22 -4.097937e-20 -4.051925e-20 6.665360e+01
692000 2.109514e-20 -4.067461e-20 -1.957947e-20 3.055829e+03
693000 6.094769e-21 -4.084270e-20 -3.474793e-20 8.828847e+02
694000 2.130234e-21 -4.094082e-20 -3.881059e-20 3.085844e+02
695000 6.314754e-21 -3.702089e-20 -3.070614e-20 9.147515e+02
696000 5.060660e-22 -3.813403e-20 -3.762796e-20 7.330843e+01
697000 7.731053e-25 -3.886892e-20 -3.886815e-20 1.119916e-01
698000 1.015594e-20 -4.085411e-20 -3.069817e-20 1.471184e+03
699000 1.520724e-21 -4.068403e-20 -3.916331e-20 2.202911e+02
700000 1.979212e-21 -4.109361e-20 1.108856e-19 2.867074e+02
701000 4.535216e-22 -4.077276e-20 5.968076e-20 6.569688e+01
702000 3.753760e-22 -4.067299e-20 5.970239e-20 5.437675e+01
703000 6.810913e-22 -3.952084e-20 6.116025e-20 9.866248e+01
704000 9.212892e-21 -2.736343e-20 8.184946e-20 1.334574e+03
705000 1.001734e-21 -3.736301e-20 6.363873e-20 1.451107e+02
706000 4.461818e-22 -4.077385e-20 5.967234e-20 6.463364e+01
707000 7.717992e-21 -3.821504e-20 6.950295e-20 1.118024e+03
708000 3.364209e-23 -3.974332e-20 6.029032e-20 4.873373e+00
709000 5.086396e-21 -3.985023e-20 6.523617e-20 7.368123e+02
710000 1.657897e-23 -4.090466e-20 5.911192e-20 2.401620e+00
711000 2.403658e-21 -4.015761e-20 6.224605e-20 3.481924e+02
712000 6.973786e-23 -3.068835e-20 6.938138e-20 1.010218e+01
713000 7.766075e-22 -3.753455e-20 6.324206e-20 1.124989e+02
714000 3.182827e-23 -3.877631e-20 6.125551e-20 4.610624e+00
715000 1.933566e-22 -4.075880e-20 5.943456e-20 2.800952e+01
716000 6.032291e-21 -4.049359e-20 6.553870e-20 8.738341e+02
717000 2.550546e-21 -4.079115e-20 6.175940e-20 3.694706e+02
718000 4.787414e-23 -4.000880e-20 6.003907e-20 6.935020e+00
719000 8.298440e-24 -4.093701e-20 5.907129e-20 1.202107e+00
720000 8.885588e-22 -3.702071e-20 6.386785e-20 1.287161e+02
721000 2.281139e-21 -2.824310e-20 7.403804e-20 3.304445e+02
722000 1.873717e-21 -4.087685e-20 6.099687e-20 2.714255e+02
723000 1.232860e-21 -4.009897e-20 6.113389e-20 1.785914e+02
724000 1.035992e-24 -4.097098e-20 5.903006e-20 1.500731e-01
725000 4.121984e-21 -3.923111e-20 6.489087e-20 5.971082e+02
726000 1.697422e-23 -3.974946e-20 6.026751e-20 2.458876e+00
727000 4.137118e-22 -4.068985e-20 5.972386e-20 5.993004e+01
728000 7.588826e-22 -3.383423e-20 6.692465e-20 1.099313e+02
729000 1.583111e-24 -3.632000e-20 6.368159e-20 2.293285e-01
730000 4.665658e-23 -3.854271e-20 6.150394e-20 6.758644e+00
731000 3.123653e-21 -3.659100e-20 6.653265e-20 4.524905e+02
732000 1.281571e-21 -3.864442e-20 6.263715e-20 1.856476e+02
733000 6.770485e-24 -3.541681e-20 6.458996e-20 9.807684e-01
734000 9.182120e-22 -3.804023e-20 6.287798e-20 1.330116e+02
735000 7.234785e-23 -4.105846e-20 5.901695e-20 1.048027e+01
736000 4.525522e-22 -3.786069e-20 6.259186e-20 6.555644e+01
737000 3.258761e-21 -4.007741e-20 6.318135e-20 4.720622e+02
738000 1.514987e-22 -3.985114e-20 6.030036e-20 2.194601e+01
739000 3.286596e-22 -4.100618e-20 5.932248e-20 4.760944e+01
740000 3.019212e-21 -4.067597e-20 6.234324e-20 4.373613e+02
741000 1.007207e-20 -4.040808e-20 6.966399e-20 1.459033e+03
742000 7.200200e-24 -4.107735e-20 5.901091e-20 1.043017e+00
743000 7.067460e-22 -4.048842e-20 6.021832e-20 1.023788e+02
744000 1.369943e-21 -3.916211e-20 6.220784e-20 1.984492e+02
745000 1.263629e-22 -3.794066e-20 6.218570e-20 1.830485e+01
746000 1.035503e-21 -4.089760e-20 6.013791e-20 1.500023e+02
747000 1.398852e-21 -3.143598e-20 6.996287e-20 2.026368e+02
748000 6.978364e-22 -4.047020e-20 6.022764e-20 1.010882e+02
749000 2.008329e-22 -4.057361e-20 5.962722e-20 2.909253e+01
750000 2.053711e-22 -3.904705e-20 6.115832e-20 2.974994e+01
751000 1.661319e-21 -3.898427e-20 6.267705e-20 2.406576e+02
752000 4.886340e-22 -4.109634e-20 6.392269e-20 7.078323e+01
753000 8.825522e-22 -3.876058e-20 6.212197e-20 1.278460e+02
754000 9.393674e-22 -3.756078e-20 6.337859e-20 1.360762e+02
755000 3.887250e-21 -4.069924e-20 6.318801e-20 5.631048e+02
756000 2.384506e-21 -4.056330e-20 6.182121e-20 3.454181e+02
757000 3.817343e-23 -4.105355e-20 5.898598e-20 5.529781e+00
758000 4.449068e-21 -3.962530e-20 6.482377e-20 6.444893e+02
759000 2.175804e-21 -4.056456e-20 6.161125e-20 3.151856e+02
760000 4.993548e-23 -4.033961e-20 5.971033e-20 7.233624e+00
761000 6.438671e-23 -4.103131e-20 5.903312e-20 9.327020e+00
762000 1.747088e-21 -4.108692e-20 6.117280e-20 2.530821e+02
763000 5.776657e-22 -3.997855e-20 6.059911e-20 8.368032e+01
764000 2.022437e-21 -3.971471e-20 6.230773e-20 2.929690e+02
765000 1.631124e-21 -3.628881e-20 6.534232e-20 2.362836e+02
766000 2.445931e-21 -4.104866e-20 6.139789e-20 3.543162e+02
767000 1.584896e-22 -4.087787e-20 5.928062e-20 2.295871e+01
768000 5.663242e-21 -2.862466e-20 7.703859e-20 8.203739e+02
769000 3.996408e-23 -4.103994e-20 5.900018e-20 5.789173e+00
770000 8.508907e-22 -4.044192e-20 6.040898e-20 1.232595e+02
771000 5.342696e-22 -4.013176e-20 6.040251e-20 7.739397e+01
772000 1.308709e-21 -4.051290e-20 6.079581e-20 1.895788e+02
773000 3.283313e-22 -3.736053e-20 6.296780e-20 4.756188e+01
774000 2.126771e-21 -3.233563e-20 6.979114e-20 3.080828e+02
775000 2.766568e-21 -4.090540e-20 6.186117e-20 4.007635e+02
776000 3.393970e-21 -3.670388e-20 6.669009e-20 4.916484e+02
777000 3.232509e-23 -4.096963e-20 5.906269e-20 4.682594e+00
778000 2.721760e-22 -3.994706e-20 6.032511e-20 3.942725e+01
779000 2.736684e-23 -4.068873e-20 5.933864e-20 3.964344e+00
780000 9.235278e-22 -3.917254e-20 6.175099e-20 1.337817e+02
781000 6.212085e-22 -3.904452e-20 6.157669e-20 8.998789e+01
782000 6.854671e-22 -4.077709e-20 5.990837e-20 9.929636e+01
783000 3.078601e-21 -4.084429e-20 6.223431e-20 4.459644e+02
784000 1.756086e-21 -4.074246e-20 6.101363e-20 2.543856e+02
785000 5.375855e-21 -3.371949e-20 7.165637e-20 7.787432e+02
786000 1.568770e-21 -3.848572e-20 6.308305e-20 2.272511e+02
787000 8.874179e-21 -4.095122e-20 6.792296e-20 1.285508e+03
788000 2.249484e-22 -3.890029e-20 6.132466e-20 3.258589e+01
789000 4.506259e-21 -4.102866e-20 6.347763e-20 6.527741e+02
790000 2.364023e-21 -4.032679e-20 6.203723e-20 3.424510e+02
791000 8.152751e-21 -3.757352e-20 7.057924e-20 1.181003e+03
792000 7.964659e-21 -3.206796e-20 7.589670e-20 1.153756e+03
793000 3.942803e-24 -4.008089e-20 5.992305e-20 5.711522e-01
794000 2.034236e-22 -4.109100e-20 6.033212e-20 2.946783e+01
795000 5.329965e-23 -4.099972e-20 5.905358e-20 7.720956e+00
796000 7.970147e-22 -4.022874e-20 6.056828e-20 1.154551e+02
797000 1.571786e-23 -4.108849e-20 5.963740e-20 2.276881e+00
798000 8.015062e-21 -4.070425e-20 6.731081e-20 1.161057e+03
799000 3.231429e-22 -3.876845e-20 6.155470e-20 4.681028e+01
800000 3.418210e-21 -4.105112e-20 6.236801e-20 4.951599e+02
801000 3.493439e-23 -3.951205e-20 6.052289e-20 5.060575e+00
802000 6.804823e-21 -4.016974e-20 6.663509e-20 9.857426e+02
803000 3.421528e-21 -3.846954e-20 6.495199e-20 4.956405e+02
804000 1.095114e-22 -3.704591e-20 6.306361e-20 1.586376e+01
805000 6.937078e-25 -4.103869e-20 5.896213e-20 1.004901e-01
806000 1.209576e-21 -3.572859e-20 6.548099e-20 1.752185e+02
807000 9.356239e-22 -4.009047e-20 6.084516e-20 1.355339e+02
808000 4.843364e-24 -3.986916e-20 6.013569e-20 7.016069e-01
809000 8.469672e-22 -3.951006e-20 6.133691e-20 1.226912e+02
810000 6.297955e-22 -3.969664e-20 6.093315e-20 9.123181e+01
811000 6.936531e-22 -3.893174e-20 6.176191e-20 1.004822e+02
812000 2.274418e-21 -4.043601e-20 6.183841e-20 3.294708e+02
813000 1.020710e-21 -4.094575e-20 6.007496e-20 1.478594e+02
814000 6.618118e-23 -4.100613e-20 5.906005e-20 9.586966e+00
815000 7.290692e-22 -2.670313e-20 7.402594e-20 1.056125e+02
816000 5.835817e-22 -3.527817e-20 6.530542e-20 8.453731e+01
817000 4.161758e-21 -4.064060e-20 6.352116e-20 6.028699e+02
818000 1.530578e-23 -4.078274e-20 5.923256e-20 2.217186e+00
819000 4.424542e-22 -3.451567e-20 6.592679e-20 6.409365e+01
820000 2.651139e-22 -3.918560e-20 6.107952e-20 3.840424e+01
821000 2.362090e-22 -3.950103e-20 6.073518e-20 3.421709e+01
822000 2.146334e-21 -3.985281e-20 6.229352e-20 3.109167e+02
823000 6.386995e-22 -3.665398e-20 6.398472e-20 9.252164e+01
824000 1.103056e-21 -2.672819e-20 7.437486e-20 1.597880e+02
825000 6.506138e-22 -3.507013e-20 6.558048e-20 9.424754e+01
826000 6.422459e-22 -4.058768e-20 6.005457e-20 9.303536e+01
827000 5.820304e-21 -4.100217e-20 6.481813e-20 8.431258e+02
828000 4.453419e-21 -3.909477e-20 6.535865e-20 6.451197e+02
829000 1.851095e-23 -4.104935e-20 5.896985e-20 2.681485e+00
830000 6.919686e-21 -3.508070e-20 7.183898e-20 1.002382e+03
831000 8.568879e-22 -4.070121e-20 6.015568e-20 1.241283e+02
832000 3.304295e-21 -3.865969e-20 6.464460e-20 4.786583e+02
833000 4.659523e-21 -4.030138e-20 6.435814e-20 6.749758e+02
834000 4.984115e-21 -3.617537e-20 6.880874e-20 7.219959e+02
835000 1.048023e-22 -3.752905e-20 6.257575e-20 1.518160e+01
836000 3.628224e-22 -4.087583e-20 5.948699e-20 5.255824e+01
837000 2.404156e-24 -4.022608e-20 5.977632e-20 3.482647e-01
838000 8.741093e-22 -3.895343e-20 6.192067e-20 1.266230e+02
839000 7.085926e-21 -4.087653e-20 6.620940e-20 1.026463e+03
840000 3.858414e-22 -3.934482e-20 6.104102e-20 5.589276e+01
841000 6.016282e-23 -3.928952e-20 6.077064e-20 8.715151e+00
842000 8.787527e-23 -4.099062e-20 5.909725e-20 1.272956e+01
843000 6.056997e-21 -4.109873e-20 7.475573e-20 8.774130e+02
844000 7.551286e-23 -4.072466e-20 5.935086e-20 1.093875e+01
845000 4.470222e-21 -3.981544e-20 6.465479e-20 6.475538e+02
846000 3.967423e-22 -4.101913e-20 5.937762e-20 5.747186e+01
847000 7.362360e-21 -4.037192e-20 6.699044e-20 1.066507e+03
848000 1.508839e-24 -3.756829e-20 6.243321e-20 2.185695e-01
849000 2.390957e-24 -3.857545e-20 6.142694e-20 3.463526e-01
850000 2.832019e-21 -3.391275e-20 6.891927e-20 4.102446e+02
851000 3.906539e-21 -4.059285e-20 6.331369e-20 5.658990e+02
852000 4.847406e-22 -3.881743e-20 6.166732e-20 7.021924e+01
853000 1.781338e-24 -4.039726e-20 5.960452e-20 2.580436e-01
854000 8.832296e-23 -3.946961e-20 6.061872e-20 1.279441e+01
855000 2.385567e-21 -4.009414e-20 6.229143e-20 3.455719e+02
856000 5.968604e-21 -4.012158e-20 6.584703e-20 8.646085e+02
857000 7.928641e-22 -4.041053e-20 6.038234e-20 1.148538e+02
858000 2.098793e-21 -4.104330e-20 6.105575e-20 3.040298e+02
859000 8.720368e-24 -3.857905e-20 6.142967e-20 1.263227e+00
860000 7.897575e-23 -3.968145e-20 6.039753e-20 1.144038e+01
861000 4.386730e-22 -3.514608e-20 6.529260e-20 6.354592e+01
862000 1.607205e-22 -4.093076e-20 5.922996e-20 2.328188e+01
863000 2.779399e-21 -4.108921e-20 6.251673e-20 4.026221e+02
864000 5.449950e-25 -4.064831e-20 5.935224e-20 7.894766e-02
865000 2.477741e-24 -4.036112e-20 5.964135e-20 3.589242e-01
866000 1.999538e-22 -4.032681e-20 5.987314e-20 2.896519e+01
867000 1.269457e-21 -4.101546e-20 6.025400e-20 1.838929e+02
868000 4.937541e-22 -3.846105e-20 6.203270e-20 7.152493e+01
869000 1.508274e-21 -3.615417e-20 6.535410e-20 2.184878e+02
870000 5.773771e-23 -3.922891e-20 6.082882e-20 8.363850e+00
871000 3.994891e-22 -4.014441e-20 6.025508e-20 5.786975e+01
872000 1.645884e-24 -4.018739e-20 5.981426e-20 2.384218e-01
873000 1.044034e-21 -3.886142e-20 6.218262e-20 1.512381e+02
874000 8.605593e-23 -3.993440e-20 6.015166e-20 1.246601e+01
875000 3.457312e-21 -3.754711e-20 6.591020e-20 5.008241e+02
876000 4.238284e-23 -4.084305e-20 5.919933e-20 6.139553e+00
877000 3.604330e-22 -4.098581e-20 5.937462e-20 5.221212e+01
878000 4.134033e-21 -3.883719e-20 6.529684e-20 5.988536e+02
879000 7.862438e-23 -3.940350e-20 6.067512e-20 1.138948e+01
