pX pY pZ 
1.019976e-13 0.000000e+00 0.000000e+00
-2.120159e-14 0.000000e+00 0.000000e+00
1.161811e-14 0.000000e+00 0.000000e+00
-3.982839e-14 0.000000e+00 0.000000e+00
-1.768387e-13 0.000000e+00 0.000000e+00
-9.155015e-14 0.000000e+00 0.000000e+00
1.716968e-13 0.000000e+00 0.000000e+00
-2.712256e-13 0.000000e+00 0.000000e+00
-1.041428e-13 0.000000e+00 0.000000e+00
8.697653e-14 0.000000e+00 0.000000e+00
-1.919574e-13 0.000000e+00 0.000000e+00
-3.750337e-14 0.000000e+00 0.000000e+00
-4.926642e-14 0.000000e+00 0.000000e+00
6.413381e-14 0.000000e+00 0.000000e+00
-9.170754e-14 0.000000e+00 0.000000e+00
-1.218057e-14 0.000000e+00 0.000000e+00
5.026234e-13 0.000000e+00 0.000000e+00
-4.687523e-16 0.000000e+00 0.000000e+00
1.437190e-13 0.000000e+00 0.000000e+00
-2.109345e-13 0.000000e+00 0.000000e+00
5.178947e-13 0.000000e+00 0.000000e+00
1.448354e-14 0.000000e+00 0.000000e+00
5.893017e-15 0.000000e+00 0.000000e+00
4.325867e-14 0.000000e+00 0.000000e+00
1.448724e-13 0.000000e+00 0.000000e+00
5.569025e-13 0.000000e+00 0.000000e+00
-1.745650e-13 0.000000e+00 0.000000e+00
2.985702e-13 0.000000e+00 0.000000e+00
1.476464e-13 0.000000e+00 0.000000e+00
2.115500e-13 0.000000e+00 0.000000e+00
-1.087499e-13 0.000000e+00 0.000000e+00
-7.984103e-14 0.000000e+00 0.000000e+00
-1.176029e-13 0.000000e+00 0.000000e+00
-1.643053e-14 0.000000e+00 0.000000e+00
1.187512e-13 0.000000e+00 0.000000e+00
-1.680686e-13 0.000000e+00 0.000000e+00
-2.736698e-13 0.000000e+00 0.000000e+00
3.708345e-14 0.000000e+00 0.000000e+00
1.397199e-13 0.000000e+00 0.000000e+00
9.496421e-14 0.000000e+00 0.000000e+00
2.375040e-13 0.000000e+00 0.000000e+00
1.296651e-14 0.000000e+00 0.000000e+00
1.077925e-13 0.000000e+00 0.000000e+00
5.031636e-14 0.000000e+00 0.000000e+00
-7.640922e-14 0.000000e+00 0.000000e+00
3.122727e-14 0.000000e+00 0.000000e+00
-4.381481e-13 0.000000e+00 0.000000e+00
-3.709416e-14 0.000000e+00 0.000000e+00
-1.732889e-13 0.000000e+00 0.000000e+00
-5.069317e-14 0.000000e+00 0.000000e+00
-1.218676e-13 0.000000e+00 0.000000e+00
-1.765933e-13 0.000000e+00 0.000000e+00
1.949648e-13 0.000000e+00 0.000000e+00
-1.637299e-13 0.000000e+00 0.000000e+00
1.516884e-13 0.000000e+00 0.000000e+00
6.277963e-14 0.000000e+00 0.000000e+00
-3.489188e-14 0.000000e+00 0.000000e+00
-1.680383e-13 0.000000e+00 0.000000e+00
-1.188534e-13 0.000000e+00 0.000000e+00
-3.664170e-14 0.000000e+00 0.000000e+00
-1.954986e-13 0.000000e+00 0.000000e+00
3.214152e-13 0.000000e+00 0.000000e+00
2.926690e-14 0.000000e+00 0.000000e+00
-4.585864e-14 0.000000e+00 0.000000e+00
-5.957619e-14 0.000000e+00 0.000000e+00
-2.255441e-13 0.000000e+00 0.000000e+00
-2.140468e-13 0.000000e+00 0.000000e+00
-1.724540e-13 0.000000e+00 0.000000e+00
3.309023e-13 0.000000e+00 0.000000e+00
-2.866651e-14 0.000000e+00 0.000000e+00
-2.342241e-14 0.000000e+00 0.000000e+00
-2.205290e-13 0.000000e+00 0.000000e+00
1.122214e-13 0.000000e+00 0.000000e+00
1.535699e-14 0.000000e+00 0.000000e+00
-1.730779e-14 0.000000e+00 0.000000e+00
2.335823e-13 0.000000e+00 0.000000e+00
3.453690e-14 0.000000e+00 0.000000e+00
-1.275355e-13 0.000000e+00 0.000000e+00
-1.709111e-13 0.000000e+00 0.000000e+00
9.952432e-14 0.000000e+00 0.000000e+00
-3.328691e-13 0.000000e+00 0.000000e+00
-1.100741e-13 0.000000e+00 0.000000e+00
5.054695e-14 0.000000e+00 0.000000e+00
1.951891e-13 0.000000e+00 0.000000e+00
1.206614e-13 0.000000e+00 0.000000e+00
-2.039060e-13 0.000000e+00 0.000000e+00
-3.276558e-15 0.000000e+00 0.000000e+00
-1.137776e-13 0.000000e+00 0.000000e+00
-7.990402e-14 0.000000e+00 0.000000e+00
1.035790e-13 0.000000e+00 0.000000e+00
-1.152844e-13 0.000000e+00 0.000000e+00
8.635946e-14 0.000000e+00 0.000000e+00
3.134473e-14 0.000000e+00 0.000000e+00
4.036958e-14 0.000000e+00 0.000000e+00
4.793998e-14 0.000000e+00 0.000000e+00
1.162078e-13 0.000000e+00 0.000000e+00
1.251986e-13 0.000000e+00 0.000000e+00
1.211756e-13 0.000000e+00 0.000000e+00
2.235866e-13 0.000000e+00 0.000000e+00
-9.479735e-14 0.000000e+00 0.000000e+00
4.731688e-14 0.000000e+00 0.000000e+00
8.427481e-14 0.000000e+00 0.000000e+00
-7.301686e-14 0.000000e+00 0.000000e+00
-1.563149e-13 0.000000e+00 0.000000e+00
-7.854933e-14 0.000000e+00 0.000000e+00
1.851155e-13 0.000000e+00 0.000000e+00
-4.357480e-13 0.000000e+00 0.000000e+00
-8.831852e-14 0.000000e+00 0.000000e+00
1.097971e-13 0.000000e+00 0.000000e+00
7.011272e-14 0.000000e+00 0.000000e+00
4.712812e-14 0.000000e+00 0.000000e+00
1.685801e-13 0.000000e+00 0.000000e+00
-1.312396e-13 0.000000e+00 0.000000e+00
-1.902897e-13 0.000000e+00 0.000000e+00
1.851205e-13 0.000000e+00 0.000000e+00
1.484465e-13 0.000000e+00 0.000000e+00
1.055023e-13 0.000000e+00 0.000000e+00
-8.400772e-14 0.000000e+00 0.000000e+00
-6.170151e-14 0.000000e+00 0.000000e+00
-1.152282e-13 0.000000e+00 0.000000e+00
-1.608298e-13 0.000000e+00 0.000000e+00
-8.245902e-14 0.000000e+00 0.000000e+00
-8.451135e-14 0.000000e+00 0.000000e+00
7.274137e-15 0.000000e+00 0.000000e+00
-5.679160e-14 0.000000e+00 0.000000e+00
-1.388628e-13 0.000000e+00 0.000000e+00
3.593924e-14 0.000000e+00 0.000000e+00
-1.172567e-13 0.000000e+00 0.000000e+00
-5.364135e-14 0.000000e+00 0.000000e+00
-4.030937e-15 0.000000e+00 0.000000e+00
-2.123104e-13 0.000000e+00 0.000000e+00
5.006120e-15 0.000000e+00 0.000000e+00
1.108402e-13 0.000000e+00 0.000000e+00
4.158456e-14 0.000000e+00 0.000000e+00
-1.761234e-13 0.000000e+00 0.000000e+00
1.366451e-13 0.000000e+00 0.000000e+00
8.417433e-14 0.000000e+00 0.000000e+00
1.246922e-13 0.000000e+00 0.000000e+00
-4.754494e-14 0.000000e+00 0.000000e+00
-3.784027e-14 0.000000e+00 0.000000e+00
4.514963e-14 0.000000e+00 0.000000e+00
3.956014e-13 0.000000e+00 0.000000e+00
1.941360e-13 0.000000e+00 0.000000e+00
-4.604348e-14 0.000000e+00 0.000000e+00
2.217435e-13 0.000000e+00 0.000000e+00
-1.758397e-13 0.000000e+00 0.000000e+00
-1.264019e-13 0.000000e+00 0.000000e+00
-2.450890e-13 0.000000e+00 0.000000e+00
2.202555e-13 0.000000e+00 0.000000e+00
2.257076e-13 0.000000e+00 0.000000e+00
-3.581938e-14 0.000000e+00 0.000000e+00
-1.288856e-13 0.000000e+00 0.000000e+00
2.759931e-13 0.000000e+00 0.000000e+00
1.598488e-14 0.000000e+00 0.000000e+00
-1.521325e-13 0.000000e+00 0.000000e+00
-2.148221e-13 0.000000e+00 0.000000e+00
-2.086863e-13 0.000000e+00 0.000000e+00
-6.234553e-15 0.000000e+00 0.000000e+00
5.844269e-14 0.000000e+00 0.000000e+00
8.961618e-14 0.000000e+00 0.000000e+00
2.021215e-13 0.000000e+00 0.000000e+00
1.322732e-13 0.000000e+00 0.000000e+00
-7.098125e-15 0.000000e+00 0.000000e+00
-8.923231e-14 0.000000e+00 0.000000e+00
-3.826690e-15 0.000000e+00 0.000000e+00
-7.289263e-14 0.000000e+00 0.000000e+00
1.818580e-13 0.000000e+00 0.000000e+00
7.939987e-14 0.000000e+00 0.000000e+00
-1.473830e-13 0.000000e+00 0.000000e+00
1.199972e-13 0.000000e+00 0.000000e+00
1.963686e-15 0.000000e+00 0.000000e+00
-7.260122e-14 0.000000e+00 0.000000e+00
1.839306e-13 0.000000e+00 0.000000e+00
-8.576242e-14 0.000000e+00 0.000000e+00
-2.828651e-13 0.000000e+00 0.000000e+00
-2.560686e-13 0.000000e+00 0.000000e+00
2.994571e-13 0.000000e+00 0.000000e+00
-9.385275e-15 0.000000e+00 0.000000e+00
2.094100e-13 0.000000e+00 0.000000e+00
-3.280548e-14 0.000000e+00 0.000000e+00
-3.877760e-14 0.000000e+00 0.000000e+00
1.028148e-13 0.000000e+00 0.000000e+00
1.710872e-13 0.000000e+00 0.000000e+00
-6.661334e-14 0.000000e+00 0.000000e+00
7.138301e-14 0.000000e+00 0.000000e+00
-6.403455e-14 0.000000e+00 0.000000e+00
-9.782701e-14 0.000000e+00 0.000000e+00
-5.052278e-15 0.000000e+00 0.000000e+00
8.163611e-14 0.000000e+00 0.000000e+00
1.367678e-13 0.000000e+00 0.000000e+00
1.865436e-14 0.000000e+00 0.000000e+00
-3.700340e-14 0.000000e+00 0.000000e+00
1.558683e-13 0.000000e+00 0.000000e+00
-9.058365e-14 0.000000e+00 0.000000e+00
-1.778783e-13 0.000000e+00 0.000000e+00
-8.320675e-15 0.000000e+00 0.000000e+00
2.137017e-14 0.000000e+00 0.000000e+00
-2.842358e-14 0.000000e+00 0.000000e+00
-6.986919e-14 0.000000e+00 0.000000e+00
7.290435e-14 0.000000e+00 0.000000e+00
-5.999362e-15 0.000000e+00 0.000000e+00
-3.354781e-14 0.000000e+00 0.000000e+00
-1.944583e-13 0.000000e+00 0.000000e+00
-2.263747e-13 0.000000e+00 0.000000e+00
7.007654e-14 0.000000e+00 0.000000e+00
-6.324033e-14 0.000000e+00 0.000000e+00
1.546915e-13 0.000000e+00 0.000000e+00
1.515751e-13 0.000000e+00 0.000000e+00
3.203432e-14 0.000000e+00 0.000000e+00
3.339663e-14 0.000000e+00 0.000000e+00
5.994604e-14 0.000000e+00 0.000000e+00
-2.283788e-13 0.000000e+00 0.000000e+00
1.994874e-13 0.000000e+00 0.000000e+00
-1.210926e-13 0.000000e+00 0.000000e+00
1.149155e-13 0.000000e+00 0.000000e+00
-1.432342e-13 0.000000e+00 0.000000e+00
1.938105e-13 0.000000e+00 0.000000e+00
1.621506e-13 0.000000e+00 0.000000e+00
1.816335e-13 0.000000e+00 0.000000e+00
-1.808175e-13 0.000000e+00 0.000000e+00
1.481878e-13 0.000000e+00 0.000000e+00
-5.974282e-14 0.000000e+00 0.000000e+00
-1.230873e-13 0.000000e+00 0.000000e+00
-3.091598e-14 0.000000e+00 0.000000e+00
-3.599503e-14 0.000000e+00 0.000000e+00
-4.874907e-14 0.000000e+00 0.000000e+00
-1.451596e-13 0.000000e+00 0.000000e+00
1.821802e-13 0.000000e+00 0.000000e+00
-9.072704e-14 0.000000e+00 0.000000e+00
7.024015e-14 0.000000e+00 0.000000e+00
-8.436646e-14 0.000000e+00 0.000000e+00
-6.849416e-14 0.000000e+00 0.000000e+00
-1.442847e-13 0.000000e+00 0.000000e+00
-6.473158e-14 0.000000e+00 0.000000e+00
-1.909754e-13 0.000000e+00 0.000000e+00
2.357861e-13 0.000000e+00 0.000000e+00
-1.360427e-13 0.000000e+00 0.000000e+00
1.552883e-13 0.000000e+00 0.000000e+00
8.575383e-14 0.000000e+00 0.000000e+00
9.493624e-14 0.000000e+00 0.000000e+00
1.730839e-13 0.000000e+00 0.000000e+00
7.887449e-14 0.000000e+00 0.000000e+00
9.882680e-16 0.000000e+00 0.000000e+00
-1.072295e-14 0.000000e+00 0.000000e+00
-6.340770e-14 0.000000e+00 0.000000e+00
-6.150200e-14 0.000000e+00 0.000000e+00
-1.192435e-13 0.000000e+00 0.000000e+00
2.167900e-14 0.000000e+00 0.000000e+00
-2.155549e-14 0.000000e+00 0.000000e+00
-5.438622e-14 0.000000e+00 0.000000e+00
-4.571243e-14 0.000000e+00 0.000000e+00
5.853911e-14 0.000000e+00 0.000000e+00
-4.844055e-14 0.000000e+00 0.000000e+00
-5.257592e-14 0.000000e+00 0.000000e+00
2.133452e-13 0.000000e+00 0.000000e+00
-1.146238e-13 0.000000e+00 0.000000e+00
-1.978940e-13 0.000000e+00 0.000000e+00
3.718116e-13 0.000000e+00 0.000000e+00
-1.444526e-14 0.000000e+00 0.000000e+00
1.594395e-13 0.000000e+00 0.000000e+00
8.351864e-14 0.000000e+00 0.000000e+00
2.472137e-13 0.000000e+00 0.000000e+00
-4.698381e-14 0.000000e+00 0.000000e+00
-1.009061e-13 0.000000e+00 0.000000e+00
9.522371e-14 0.000000e+00 0.000000e+00
-4.363180e-14 0.000000e+00 0.000000e+00
-3.335776e-15 0.000000e+00 0.000000e+00
1.168398e-13 0.000000e+00 0.000000e+00
-8.882273e-14 0.000000e+00 0.000000e+00
1.850267e-13 0.000000e+00 0.000000e+00
1.854739e-13 0.000000e+00 0.000000e+00
1.496372e-13 0.000000e+00 0.000000e+00
1.190128e-13 0.000000e+00 0.000000e+00
7.692184e-15 0.000000e+00 0.000000e+00
6.406497e-14 0.000000e+00 0.000000e+00
-1.458241e-13 0.000000e+00 0.000000e+00
-2.145618e-14 0.000000e+00 0.000000e+00
3.608270e-14 0.000000e+00 0.000000e+00
5.391107e-15 0.000000e+00 0.000000e+00
2.622706e-13 0.000000e+00 0.000000e+00
5.704698e-14 0.000000e+00 0.000000e+00
6.882568e-15 0.000000e+00 0.000000e+00
2.103983e-13 0.000000e+00 0.000000e+00
-3.708779e-14 0.000000e+00 0.000000e+00
9.905048e-14 0.000000e+00 0.000000e+00
1.580816e-13 0.000000e+00 0.000000e+00
-4.148419e-14 0.000000e+00 0.000000e+00
2.656158e-14 0.000000e+00 0.000000e+00
1.481978e-13 0.000000e+00 0.000000e+00
-2.399182e-13 0.000000e+00 0.000000e+00
7.077919e-14 0.000000e+00 0.000000e+00
-7.173734e-14 0.000000e+00 0.000000e+00
1.450213e-13 0.000000e+00 0.000000e+00
2.088332e-13 0.000000e+00 0.000000e+00
1.807667e-13 0.000000e+00 0.000000e+00
1.253199e-13 0.000000e+00 0.000000e+00
-1.294865e-13 0.000000e+00 0.000000e+00
-1.213343e-13 0.000000e+00 0.000000e+00
5.386808e-14 0.000000e+00 0.000000e+00
-2.429966e-13 0.000000e+00 0.000000e+00
-2.211131e-13 0.000000e+00 0.000000e+00
2.608861e-13 0.000000e+00 0.000000e+00
9.070067e-14 0.000000e+00 0.000000e+00
1.668649e-13 0.000000e+00 0.000000e+00
3.180768e-13 0.000000e+00 0.000000e+00
7.020277e-14 0.000000e+00 0.000000e+00
-3.741940e-14 0.000000e+00 0.000000e+00
2.048844e-13 0.000000e+00 0.000000e+00
9.458860e-14 0.000000e+00 0.000000e+00
6.814863e-14 0.000000e+00 0.000000e+00
1.290766e-14 0.000000e+00 0.000000e+00
-7.061319e-15 0.000000e+00 0.000000e+00
-1.054071e-13 0.000000e+00 0.000000e+00
-1.403884e-14 0.000000e+00 0.000000e+00
6.701112e-14 0.000000e+00 0.000000e+00
4.157200e-14 0.000000e+00 0.000000e+00
8.153176e-14 0.000000e+00 0.000000e+00
-2.228980e-13 0.000000e+00 0.000000e+00
-2.180853e-13 0.000000e+00 0.000000e+00
-1.457554e-13 0.000000e+00 0.000000e+00
-1.459814e-13 0.000000e+00 0.000000e+00
4.863087e-13 0.000000e+00 0.000000e+00
-8.141854e-14 0.000000e+00 0.000000e+00
8.461164e-14 0.000000e+00 0.000000e+00
-2.316406e-13 0.000000e+00 0.000000e+00
-8.826502e-14 0.000000e+00 0.000000e+00
-1.073050e-13 0.000000e+00 0.000000e+00
-4.212071e-14 0.000000e+00 0.000000e+00
1.619891e-13 0.000000e+00 0.000000e+00
2.204253e-13 0.000000e+00 0.000000e+00
2.481068e-13 0.000000e+00 0.000000e+00
7.019413e-14 0.000000e+00 0.000000e+00
8.495402e-14 0.000000e+00 0.000000e+00
5.094201e-15 0.000000e+00 0.000000e+00
-1.920228e-13 0.000000e+00 0.000000e+00
2.317131e-13 0.000000e+00 0.000000e+00
-1.769000e-13 0.000000e+00 0.000000e+00
-2.108142e-13 0.000000e+00 0.000000e+00
1.040137e-13 0.000000e+00 0.000000e+00
-1.234470e-13 0.000000e+00 0.000000e+00
-2.884964e-13 0.000000e+00 0.000000e+00
-8.322735e-14 0.000000e+00 0.000000e+00
7.641915e-14 0.000000e+00 0.000000e+00
-1.509874e-14 0.000000e+00 0.000000e+00
1.350121e-14 0.000000e+00 0.000000e+00
3.724954e-13 0.000000e+00 0.000000e+00
4.449452e-14 0.000000e+00 0.000000e+00
1.148247e-13 0.000000e+00 0.000000e+00
3.168114e-14 0.000000e+00 0.000000e+00
1.101047e-13 0.000000e+00 0.000000e+00
-1.363002e-13 0.000000e+00 0.000000e+00
-3.548148e-14 0.000000e+00 0.000000e+00
8.837109e-14 0.000000e+00 0.000000e+00
6.654767e-14 0.000000e+00 0.000000e+00
-9.470482e-14 0.000000e+00 0.000000e+00
1.125610e-13 0.000000e+00 0.000000e+00
-1.801908e-13 0.000000e+00 0.000000e+00
-1.735667e-13 0.000000e+00 0.000000e+00
-1.554182e-13 0.000000e+00 0.000000e+00
-4.218663e-14 0.000000e+00 0.000000e+00
-6.923931e-14 0.000000e+00 0.000000e+00
9.461873e-14 0.000000e+00 0.000000e+00
3.609683e-13 0.000000e+00 0.000000e+00
2.518907e-14 0.000000e+00 0.000000e+00
-1.716967e-13 0.000000e+00 0.000000e+00
-6.120693e-14 0.000000e+00 0.000000e+00
4.044063e-13 0.000000e+00 0.000000e+00
7.715636e-14 0.000000e+00 0.000000e+00
-2.117192e-13 0.000000e+00 0.000000e+00
1.531109e-13 0.000000e+00 0.000000e+00
-2.484132e-14 0.000000e+00 0.000000e+00
-3.005342e-13 0.000000e+00 0.000000e+00
3.599283e-14 0.000000e+00 0.000000e+00
-1.893628e-13 0.000000e+00 0.000000e+00
8.194444e-14 0.000000e+00 0.000000e+00
5.100409e-14 0.000000e+00 0.000000e+00
2.707187e-13 0.000000e+00 0.000000e+00
6.016621e-14 0.000000e+00 0.000000e+00
-4.310716e-13 0.000000e+00 0.000000e+00
-1.436594e-13 0.000000e+00 0.000000e+00
-1.134198e-13 0.000000e+00 0.000000e+00
-9.839022e-14 0.000000e+00 0.000000e+00
1.143888e-13 0.000000e+00 0.000000e+00
-3.013334e-13 0.000000e+00 0.000000e+00
1.342594e-13 0.000000e+00 0.000000e+00
8.479455e-14 0.000000e+00 0.000000e+00
-1.859735e-13 0.000000e+00 0.000000e+00
1.255894e-13 0.000000e+00 0.000000e+00
-4.140194e-14 0.000000e+00 0.000000e+00
-6.558777e-15 0.000000e+00 0.000000e+00
-1.061216e-14 0.000000e+00 0.000000e+00
-1.372850e-13 0.000000e+00 0.000000e+00
-6.770068e-14 0.000000e+00 0.000000e+00
-1.907472e-14 0.000000e+00 0.000000e+00
-2.109902e-13 0.000000e+00 0.000000e+00
1.109794e-13 0.000000e+00 0.000000e+00
1.544208e-13 0.000000e+00 0.000000e+00
-1.625449e-13 0.000000e+00 0.000000e+00
3.957834e-13 0.000000e+00 0.000000e+00
-1.260559e-14 0.000000e+00 0.000000e+00
7.654518e-14 0.000000e+00 0.000000e+00
-9.402549e-14 0.000000e+00 0.000000e+00
-8.903102e-14 0.000000e+00 0.000000e+00
-1.080145e-13 0.000000e+00 0.000000e+00
-3.114715e-13 0.000000e+00 0.000000e+00
4.299228e-14 0.000000e+00 0.000000e+00
-1.968544e-13 0.000000e+00 0.000000e+00
-1.995734e-13 0.000000e+00 0.000000e+00
1.818335e-13 0.000000e+00 0.000000e+00
2.001788e-14 0.000000e+00 0.000000e+00
3.181828e-13 0.000000e+00 0.000000e+00
1.856674e-13 0.000000e+00 0.000000e+00
3.702796e-13 0.000000e+00 0.000000e+00
-9.781455e-14 0.000000e+00 0.000000e+00
1.954163e-13 0.000000e+00 0.000000e+00
1.383102e-13 0.000000e+00 0.000000e+00
2.408941e-13 0.000000e+00 0.000000e+00
2.187264e-14 0.000000e+00 0.000000e+00
-5.203309e-14 0.000000e+00 0.000000e+00
-1.287158e-13 0.000000e+00 0.000000e+00
-2.798819e-14 0.000000e+00 0.000000e+00
-1.579116e-13 0.000000e+00 0.000000e+00
-4.957945e-14 0.000000e+00 0.000000e+00
2.184105e-13 0.000000e+00 0.000000e+00
4.265057e-14 0.000000e+00 0.000000e+00
1.111457e-13 0.000000e+00 0.000000e+00
-1.083287e-13 0.000000e+00 0.000000e+00
-2.575717e-13 0.000000e+00 0.000000e+00
1.147900e-13 0.000000e+00 0.000000e+00
1.901298e-13 0.000000e+00 0.000000e+00
-1.483721e-13 0.000000e+00 0.000000e+00
1.730576e-13 0.000000e+00 0.000000e+00
3.050209e-13 0.000000e+00 0.000000e+00
-8.132283e-14 0.000000e+00 0.000000e+00
9.252046e-16 0.000000e+00 0.000000e+00
1.833462e-14 0.000000e+00 0.000000e+00
4.470777e-15 0.000000e+00 0.000000e+00
-1.184477e-13 0.000000e+00 0.000000e+00
-1.861814e-13 0.000000e+00 0.000000e+00
-4.670298e-14 0.000000e+00 0.000000e+00
5.457661e-14 0.000000e+00 0.000000e+00
-1.209246e-13 0.000000e+00 0.000000e+00
-1.828993e-13 0.000000e+00 0.000000e+00
1.956112e-13 0.000000e+00 0.000000e+00
-1.822769e-13 0.000000e+00 0.000000e+00
-2.449490e-13 0.000000e+00 0.000000e+00
2.024038e-14 0.000000e+00 0.000000e+00
-4.539123e-13 0.000000e+00 0.000000e+00
-2.421318e-14 0.000000e+00 0.000000e+00
8.481414e-14 0.000000e+00 0.000000e+00
-1.603539e-13 0.000000e+00 0.000000e+00
-4.219996e-14 0.000000e+00 0.000000e+00
-4.416422e-14 0.000000e+00 0.000000e+00
-2.433778e-13 0.000000e+00 0.000000e+00
1.179936e-13 0.000000e+00 0.000000e+00
1.114341e-13 0.000000e+00 0.000000e+00
8.401606e-14 0.000000e+00 0.000000e+00
2.297731e-13 0.000000e+00 0.000000e+00
8.904776e-14 0.000000e+00 0.000000e+00
-2.785346e-13 0.000000e+00 0.000000e+00
-2.400617e-13 0.000000e+00 0.000000e+00
1.647209e-13 0.000000e+00 0.000000e+00
3.590479e-14 0.000000e+00 0.000000e+00
1.159987e-13 0.000000e+00 0.000000e+00
-7.186834e-14 0.000000e+00 0.000000e+00
-9.039879e-14 0.000000e+00 0.000000e+00
3.410972e-14 0.000000e+00 0.000000e+00
1.347321e-13 0.000000e+00 0.000000e+00
-4.860967e-14 0.000000e+00 0.000000e+00
-1.314420e-14 0.000000e+00 0.000000e+00
1.106435e-13 0.000000e+00 0.000000e+00
2.974473e-13 0.000000e+00 0.000000e+00
1.439405e-13 0.000000e+00 0.000000e+00
-7.830270e-14 0.000000e+00 0.000000e+00
-1.978104e-13 0.000000e+00 0.000000e+00
8.174985e-15 0.000000e+00 0.000000e+00
6.489948e-14 0.000000e+00 0.000000e+00
1.547305e-13 0.000000e+00 0.000000e+00
4.192379e-14 0.000000e+00 0.000000e+00
-2.346928e-13 0.000000e+00 0.000000e+00
9.686468e-14 0.000000e+00 0.000000e+00
3.744571e-14 0.000000e+00 0.000000e+00
-1.800919e-13 0.000000e+00 0.000000e+00
-2.585469e-13 0.000000e+00 0.000000e+00
3.345592e-14 0.000000e+00 0.000000e+00
-3.605871e-13 0.000000e+00 0.000000e+00
-6.748826e-15 0.000000e+00 0.000000e+00
-1.169980e-13 0.000000e+00 0.000000e+00
4.897653e-14 0.000000e+00 0.000000e+00
-3.053623e-13 0.000000e+00 0.000000e+00
4.263762e-14 0.000000e+00 0.000000e+00
-3.819970e-13 0.000000e+00 0.000000e+00
7.852685e-14 0.000000e+00 0.000000e+00
-2.234834e-13 0.000000e+00 0.000000e+00
8.784784e-14 0.000000e+00 0.000000e+00
-1.562131e-13 0.000000e+00 0.000000e+00
-1.527027e-13 0.000000e+00 0.000000e+00
1.561168e-13 0.000000e+00 0.000000e+00
1.751716e-13 0.000000e+00 0.000000e+00
-1.106630e-13 0.000000e+00 0.000000e+00
6.488975e-14 0.000000e+00 0.000000e+00
6.712618e-14 0.000000e+00 0.000000e+00
-7.166359e-14 0.000000e+00 0.000000e+00
2.054688e-14 0.000000e+00 0.000000e+00
-6.230486e-14 0.000000e+00 0.000000e+00
-1.374963e-13 0.000000e+00 0.000000e+00
-1.431382e-14 0.000000e+00 0.000000e+00
-1.240328e-13 0.000000e+00 0.000000e+00
1.660307e-13 0.000000e+00 0.000000e+00
-8.254359e-14 0.000000e+00 0.000000e+00
3.191101e-13 0.000000e+00 0.000000e+00
2.302470e-13 0.000000e+00 0.000000e+00
-1.598742e-13 0.000000e+00 0.000000e+00
-9.819005e-14 0.000000e+00 0.000000e+00
1.137711e-13 0.000000e+00 0.000000e+00
5.360191e-14 0.000000e+00 0.000000e+00
-1.202575e-13 0.000000e+00 0.000000e+00
6.618855e-13 0.000000e+00 0.000000e+00
-4.650513e-14 0.000000e+00 0.000000e+00
4.047956e-14 0.000000e+00 0.000000e+00
-7.061211e-15 0.000000e+00 0.000000e+00
-1.314489e-13 0.000000e+00 0.000000e+00
1.376838e-13 0.000000e+00 0.000000e+00
-1.229816e-13 0.000000e+00 0.000000e+00
7.396720e-14 0.000000e+00 0.000000e+00
1.221966e-13 0.000000e+00 0.000000e+00
8.271704e-15 0.000000e+00 0.000000e+00
-2.973775e-13 0.000000e+00 0.000000e+00
1.113828e-14 0.000000e+00 0.000000e+00
1.463457e-13 0.000000e+00 0.000000e+00
2.100966e-14 0.000000e+00 0.000000e+00
-6.299951e-14 0.000000e+00 0.000000e+00
-3.321630e-15 0.000000e+00 0.000000e+00
-2.360980e-13 0.000000e+00 0.000000e+00
1.482802e-13 0.000000e+00 0.000000e+00
1.574531e-13 0.000000e+00 0.000000e+00
-9.758963e-14 0.000000e+00 0.000000e+00
2.167929e-13 0.000000e+00 0.000000e+00
6.418177e-14 0.000000e+00 0.000000e+00
1.335202e-13 0.000000e+00 0.000000e+00
2.790148e-14 0.000000e+00 0.000000e+00
-1.229785e-13 0.000000e+00 0.000000e+00
-2.379690e-13 0.000000e+00 0.000000e+00
8.969620e-15 0.000000e+00 0.000000e+00
-4.013230e-14 0.000000e+00 0.000000e+00
2.077001e-13 0.000000e+00 0.000000e+00
-4.446504e-14 0.000000e+00 0.000000e+00
2.582215e-13 0.000000e+00 0.000000e+00
2.378685e-13 0.000000e+00 0.000000e+00
2.162632e-14 0.000000e+00 0.000000e+00
-5.797240e-14 0.000000e+00 0.000000e+00
-2.213886e-13 0.000000e+00 0.000000e+00
-2.026643e-13 0.000000e+00 0.000000e+00
8.153739e-14 0.000000e+00 0.000000e+00
3.923324e-13 0.000000e+00 0.000000e+00
3.844411e-13 0.000000e+00 0.000000e+00
-6.723237e-14 0.000000e+00 0.000000e+00
1.079217e-13 0.000000e+00 0.000000e+00
1.191184e-13 0.000000e+00 0.000000e+00
-1.819431e-14 0.000000e+00 0.000000e+00
1.680855e-13 0.000000e+00 0.000000e+00
-6.245660e-14 0.000000e+00 0.000000e+00
1.340973e-13 0.000000e+00 0.000000e+00
-2.390185e-14 0.000000e+00 0.000000e+00
1.277056e-13 0.000000e+00 0.000000e+00
1.961505e-14 0.000000e+00 0.000000e+00
1.416366e-13 0.000000e+00 0.000000e+00
6.298745e-14 0.000000e+00 0.000000e+00
7.155696e-14 0.000000e+00 0.000000e+00
-1.023536e-13 0.000000e+00 0.000000e+00
2.788402e-13 0.000000e+00 0.000000e+00
-6.948335e-13 0.000000e+00 0.000000e+00
3.007021e-13 0.000000e+00 0.000000e+00
-1.550452e-13 0.000000e+00 0.000000e+00
1.626168e-15 0.000000e+00 0.000000e+00
2.969059e-13 0.000000e+00 0.000000e+00
-1.977502e-13 0.000000e+00 0.000000e+00
1.824921e-13 0.000000e+00 0.000000e+00
-4.363779e-14 0.000000e+00 0.000000e+00
-1.391147e-13 0.000000e+00 0.000000e+00
2.156272e-13 0.000000e+00 0.000000e+00
3.221497e-13 0.000000e+00 0.000000e+00
-9.895990e-15 0.000000e+00 0.000000e+00
-3.778159e-14 0.000000e+00 0.000000e+00
-5.550184e-14 0.000000e+00 0.000000e+00
6.583829e-14 0.000000e+00 0.000000e+00
-2.081134e-13 0.000000e+00 0.000000e+00
3.079960e-13 0.000000e+00 0.000000e+00
-4.636169e-14 0.000000e+00 0.000000e+00
6.914622e-14 0.000000e+00 0.000000e+00
4.182942e-14 0.000000e+00 0.000000e+00
1.723395e-13 0.000000e+00 0.000000e+00
6.854156e-14 0.000000e+00 0.000000e+00
-2.206771e-13 0.000000e+00 0.000000e+00
7.432206e-14 0.000000e+00 0.000000e+00
-4.418179e-14 0.000000e+00 0.000000e+00
2.425202e-13 0.000000e+00 0.000000e+00
-1.318247e-13 0.000000e+00 0.000000e+00
6.588541e-15 0.000000e+00 0.000000e+00
4.999189e-14 0.000000e+00 0.000000e+00
4.355975e-14 0.000000e+00 0.000000e+00
2.027243e-14 0.000000e+00 0.000000e+00
-6.520904e-15 0.000000e+00 0.000000e+00
-8.752400e-14 0.000000e+00 0.000000e+00
-5.561848e-14 0.000000e+00 0.000000e+00
-1.698480e-13 0.000000e+00 0.000000e+00
-6.034549e-14 0.000000e+00 0.000000e+00
3.265915e-13 0.000000e+00 0.000000e+00
-3.333658e-14 0.000000e+00 0.000000e+00
-1.982810e-13 0.000000e+00 0.000000e+00
-9.432205e-14 0.000000e+00 0.000000e+00
-1.956128e-13 0.000000e+00 0.000000e+00
-2.501222e-13 0.000000e+00 0.000000e+00
-6.221959e-14 0.000000e+00 0.000000e+00
-1.924881e-13 0.000000e+00 0.000000e+00
3.196306e-13 0.000000e+00 0.000000e+00
-6.383320e-14 0.000000e+00 0.000000e+00
3.207564e-15 0.000000e+00 0.000000e+00
-2.922932e-13 0.000000e+00 0.000000e+00
-1.177398e-13 0.000000e+00 0.000000e+00
-2.148512e-13 0.000000e+00 0.000000e+00
-2.204303e-13 0.000000e+00 0.000000e+00
1.391451e-13 0.000000e+00 0.000000e+00
1.264447e-13 0.000000e+00 0.000000e+00
-2.236949e-13 0.000000e+00 0.000000e+00
7.866102e-14 0.000000e+00 0.000000e+00
-1.875849e-13 0.000000e+00 0.000000e+00
2.799451e-13 0.000000e+00 0.000000e+00
3.751556e-13 0.000000e+00 0.000000e+00
1.674157e-14 0.000000e+00 0.000000e+00
2.027233e-13 0.000000e+00 0.000000e+00
-1.855386e-13 0.000000e+00 0.000000e+00
-1.659698e-13 0.000000e+00 0.000000e+00
2.960294e-13 0.000000e+00 0.000000e+00
-7.922147e-14 0.000000e+00 0.000000e+00
3.305364e-13 0.000000e+00 0.000000e+00
-1.175899e-13 0.000000e+00 0.000000e+00
2.022807e-13 0.000000e+00 0.000000e+00
-4.309243e-13 0.000000e+00 0.000000e+00
-1.191627e-13 0.000000e+00 0.000000e+00
-9.204157e-14 0.000000e+00 0.000000e+00
-1.545628e-13 0.000000e+00 0.000000e+00
-1.273384e-13 0.000000e+00 0.000000e+00
-2.694324e-13 0.000000e+00 0.000000e+00
1.000471e-14 0.000000e+00 0.000000e+00
2.032059e-13 0.000000e+00 0.000000e+00
1.235896e-13 0.000000e+00 0.000000e+00
2.336554e-13 0.000000e+00 0.000000e+00
1.402595e-13 0.000000e+00 0.000000e+00
-8.461380e-14 0.000000e+00 0.000000e+00
7.521353e-14 0.000000e+00 0.000000e+00
1.140991e-13 0.000000e+00 0.000000e+00
-2.938252e-13 0.000000e+00 0.000000e+00
3.050518e-13 0.000000e+00 0.000000e+00
-7.510062e-14 0.000000e+00 0.000000e+00
6.584803e-14 0.000000e+00 0.000000e+00
-7.330775e-14 0.000000e+00 0.000000e+00
9.958404e-14 0.000000e+00 0.000000e+00
2.269836e-13 0.000000e+00 0.000000e+00
-5.931730e-15 0.000000e+00 0.000000e+00
3.839005e-13 0.000000e+00 0.000000e+00
-3.048788e-13 0.000000e+00 0.000000e+00
1.078112e-13 0.000000e+00 0.000000e+00
2.234275e-13 0.000000e+00 0.000000e+00
-7.434988e-14 0.000000e+00 0.000000e+00
1.644067e-13 0.000000e+00 0.000000e+00
-8.139307e-14 0.000000e+00 0.000000e+00
2.606630e-13 0.000000e+00 0.000000e+00
7.889952e-14 0.000000e+00 0.000000e+00
-3.205473e-13 0.000000e+00 0.000000e+00
-1.948030e-14 0.000000e+00 0.000000e+00
1.366134e-13 0.000000e+00 0.000000e+00
3.308763e-13 0.000000e+00 0.000000e+00
-8.899765e-14 0.000000e+00 0.000000e+00
-6.535006e-14 0.000000e+00 0.000000e+00
-4.834139e-14 0.000000e+00 0.000000e+00
2.784690e-13 0.000000e+00 0.000000e+00
-5.540730e-14 0.000000e+00 0.000000e+00
-1.362142e-13 0.000000e+00 0.000000e+00
9.531842e-14 0.000000e+00 0.000000e+00
2.352944e-15 0.000000e+00 0.000000e+00
-3.396082e-13 0.000000e+00 0.000000e+00
-2.783057e-13 0.000000e+00 0.000000e+00
5.075909e-14 0.000000e+00 0.000000e+00
-1.513996e-13 0.000000e+00 0.000000e+00
-8.077465e-14 0.000000e+00 0.000000e+00
1.871125e-13 0.000000e+00 0.000000e+00
1.261256e-13 0.000000e+00 0.000000e+00
1.720560e-14 0.000000e+00 0.000000e+00
2.143604e-13 0.000000e+00 0.000000e+00
5.588183e-15 0.000000e+00 0.000000e+00
-7.812832e-14 0.000000e+00 0.000000e+00
-5.290067e-13 0.000000e+00 0.000000e+00
-2.843470e-13 0.000000e+00 0.000000e+00
1.681062e-13 0.000000e+00 0.000000e+00
-2.894331e-13 0.000000e+00 0.000000e+00
8.193578e-14 0.000000e+00 0.000000e+00
-3.202501e-15 0.000000e+00 0.000000e+00
-3.670542e-13 0.000000e+00 0.000000e+00
-1.420349e-13 0.000000e+00 0.000000e+00
1.620377e-13 0.000000e+00 0.000000e+00
7.756557e-14 0.000000e+00 0.000000e+00
7.056726e-14 0.000000e+00 0.000000e+00
-9.505449e-14 0.000000e+00 0.000000e+00
-3.495972e-13 0.000000e+00 0.000000e+00
-1.152780e-13 0.000000e+00 0.000000e+00
-7.693535e-14 0.000000e+00 0.000000e+00
-3.199795e-13 0.000000e+00 0.000000e+00
-2.112572e-14 0.000000e+00 0.000000e+00
2.597617e-13 0.000000e+00 0.000000e+00
-1.483026e-14 0.000000e+00 0.000000e+00
1.785691e-13 0.000000e+00 0.000000e+00
-3.041615e-14 0.000000e+00 0.000000e+00
1.015011e-13 0.000000e+00 0.000000e+00
-2.054833e-14 0.000000e+00 0.000000e+00
5.064651e-14 0.000000e+00 0.000000e+00
2.828858e-13 0.000000e+00 0.000000e+00
-1.839444e-13 0.000000e+00 0.000000e+00
-2.520116e-14 0.000000e+00 0.000000e+00
-1.049224e-14 0.000000e+00 0.000000e+00
-1.085708e-13 0.000000e+00 0.000000e+00
-1.739586e-13 0.000000e+00 0.000000e+00
1.576602e-13 0.000000e+00 0.000000e+00
-1.278871e-13 0.000000e+00 0.000000e+00
-3.707218e-15 0.000000e+00 0.000000e+00
-2.338423e-13 0.000000e+00 0.000000e+00
-1.500600e-14 0.000000e+00 0.000000e+00
-7.408306e-14 0.000000e+00 0.000000e+00
-1.003361e-13 0.000000e+00 0.000000e+00
4.582745e-15 0.000000e+00 0.000000e+00
-2.487863e-14 0.000000e+00 0.000000e+00
2.035642e-13 0.000000e+00 0.000000e+00
-1.303891e-13 0.000000e+00 0.000000e+00
9.477196e-15 0.000000e+00 0.000000e+00
1.103676e-13 0.000000e+00 0.000000e+00
-3.098010e-14 0.000000e+00 0.000000e+00
-7.748263e-14 0.000000e+00 0.000000e+00
2.079200e-13 0.000000e+00 0.000000e+00
-4.483058e-14 0.000000e+00 0.000000e+00
-6.603029e-14 0.000000e+00 0.000000e+00
-2.001321e-13 0.000000e+00 0.000000e+00
-3.655352e-13 0.000000e+00 0.000000e+00
9.773323e-15 0.000000e+00 0.000000e+00
9.682816e-14 0.000000e+00 0.000000e+00
-1.348098e-13 0.000000e+00 0.000000e+00
4.094301e-14 0.000000e+00 0.000000e+00
1.172049e-13 0.000000e+00 0.000000e+00
1.362247e-13 0.000000e+00 0.000000e+00
9.621589e-14 0.000000e+00 0.000000e+00
5.161636e-14 0.000000e+00 0.000000e+00
-5.219630e-14 0.000000e+00 0.000000e+00
1.484556e-13 0.000000e+00 0.000000e+00
8.051223e-14 0.000000e+00 0.000000e+00
-1.082032e-13 0.000000e+00 0.000000e+00
-1.116318e-13 0.000000e+00 0.000000e+00
-2.270865e-13 0.000000e+00 0.000000e+00
-1.778563e-13 0.000000e+00 0.000000e+00
2.250353e-14 0.000000e+00 0.000000e+00
2.429431e-13 0.000000e+00 0.000000e+00
1.698947e-13 0.000000e+00 0.000000e+00
-2.573799e-14 0.000000e+00 0.000000e+00
2.922591e-14 0.000000e+00 0.000000e+00
1.522395e-13 0.000000e+00 0.000000e+00
8.754035e-14 0.000000e+00 0.000000e+00
1.637976e-13 0.000000e+00 0.000000e+00
-1.471003e-13 0.000000e+00 0.000000e+00
1.801325e-13 0.000000e+00 0.000000e+00
-4.585328e-14 0.000000e+00 0.000000e+00
-2.740959e-13 0.000000e+00 0.000000e+00
-2.302528e-14 0.000000e+00 0.000000e+00
1.062446e-13 0.000000e+00 0.000000e+00
-8.418800e-14 0.000000e+00 0.000000e+00
-1.317624e-13 0.000000e+00 0.000000e+00
-6.599729e-14 0.000000e+00 0.000000e+00
1.679695e-13 0.000000e+00 0.000000e+00
1.915758e-13 0.000000e+00 0.000000e+00
-2.121895e-13 0.000000e+00 0.000000e+00
-2.070808e-14 0.000000e+00 0.000000e+00
-6.008899e-14 0.000000e+00 0.000000e+00
-1.905383e-14 0.000000e+00 0.000000e+00
-1.106866e-13 0.000000e+00 0.000000e+00
-9.077969e-14 0.000000e+00 0.000000e+00
9.535935e-14 0.000000e+00 0.000000e+00
2.020909e-13 0.000000e+00 0.000000e+00
1.526310e-13 0.000000e+00 0.000000e+00
-2.670507e-13 0.000000e+00 0.000000e+00
-1.442612e-13 0.000000e+00 0.000000e+00
3.431106e-13 0.000000e+00 0.000000e+00
5.462751e-14 0.000000e+00 0.000000e+00
-2.444996e-13 0.000000e+00 0.000000e+00
1.770907e-13 0.000000e+00 0.000000e+00
3.288684e-13 0.000000e+00 0.000000e+00
-3.250526e-13 0.000000e+00 0.000000e+00
7.232235e-15 0.000000e+00 0.000000e+00
5.194822e-14 0.000000e+00 0.000000e+00
-2.659085e-14 0.000000e+00 0.000000e+00
1.028261e-13 0.000000e+00 0.000000e+00
-1.443999e-14 0.000000e+00 0.000000e+00
-3.260795e-13 0.000000e+00 0.000000e+00
-6.547376e-14 0.000000e+00 0.000000e+00
2.129459e-13 0.000000e+00 0.000000e+00
2.152765e-14 0.000000e+00 0.000000e+00
3.004543e-13 0.000000e+00 0.000000e+00
2.130493e-13 0.000000e+00 0.000000e+00
3.811533e-14 0.000000e+00 0.000000e+00
-3.033600e-15 0.000000e+00 0.000000e+00
-1.266737e-13 0.000000e+00 0.000000e+00
1.114091e-13 0.000000e+00 0.000000e+00
8.015739e-15 0.000000e+00 0.000000e+00
-1.059994e-13 0.000000e+00 0.000000e+00
-9.140496e-14 0.000000e+00 0.000000e+00
-9.592706e-14 0.000000e+00 0.000000e+00
-1.737021e-13 0.000000e+00 0.000000e+00
-1.163647e-13 0.000000e+00 0.000000e+00
2.963038e-14 0.000000e+00 0.000000e+00
9.834547e-14 0.000000e+00 0.000000e+00
8.798747e-14 0.000000e+00 0.000000e+00
-2.349678e-13 0.000000e+00 0.000000e+00
-1.424944e-14 0.000000e+00 0.000000e+00
7.661329e-14 0.000000e+00 0.000000e+00
-5.930430e-14 0.000000e+00 0.000000e+00
-5.597810e-14 0.000000e+00 0.000000e+00
-1.687402e-13 0.000000e+00 0.000000e+00
-9.204884e-14 0.000000e+00 0.000000e+00
-1.209675e-13 0.000000e+00 0.000000e+00
-9.290341e-14 0.000000e+00 0.000000e+00
9.230403e-14 0.000000e+00 0.000000e+00
-2.778707e-13 0.000000e+00 0.000000e+00
2.430618e-13 0.000000e+00 0.000000e+00
1.567055e-14 0.000000e+00 0.000000e+00
-3.029795e-13 0.000000e+00 0.000000e+00
-1.066184e-13 0.000000e+00 0.000000e+00
-2.093676e-13 0.000000e+00 0.000000e+00
2.486227e-13 0.000000e+00 0.000000e+00
-2.571367e-13 0.000000e+00 0.000000e+00
3.728683e-14 0.000000e+00 0.000000e+00
-6.937724e-14 0.000000e+00 0.000000e+00
-5.647436e-15 0.000000e+00 0.000000e+00
-1.076844e-13 0.000000e+00 0.000000e+00
-3.065973e-13 0.000000e+00 0.000000e+00
-7.154420e-14 0.000000e+00 0.000000e+00
-2.825102e-14 0.000000e+00 0.000000e+00
-3.414313e-14 0.000000e+00 0.000000e+00
-2.834645e-13 0.000000e+00 0.000000e+00
3.165049e-14 0.000000e+00 0.000000e+00
-2.435200e-13 0.000000e+00 0.000000e+00
7.254780e-14 0.000000e+00 0.000000e+00
-3.125205e-13 0.000000e+00 0.000000e+00
-4.473953e-15 0.000000e+00 0.000000e+00
5.631912e-15 0.000000e+00 0.000000e+00
-1.938287e-13 0.000000e+00 0.000000e+00
2.276492e-13 0.000000e+00 0.000000e+00
8.019083e-14 0.000000e+00 0.000000e+00
-4.861197e-15 0.000000e+00 0.000000e+00
-3.422999e-14 0.000000e+00 0.000000e+00
-1.778959e-13 0.000000e+00 0.000000e+00
-2.813885e-13 0.000000e+00 0.000000e+00
1.025580e-13 0.000000e+00 0.000000e+00
1.668610e-13 0.000000e+00 0.000000e+00
1.075567e-14 0.000000e+00 0.000000e+00
-3.236808e-14 0.000000e+00 0.000000e+00
-7.628523e-14 0.000000e+00 0.000000e+00
-4.617487e-14 0.000000e+00 0.000000e+00
-1.920196e-13 0.000000e+00 0.000000e+00
-2.688848e-15 0.000000e+00 0.000000e+00
5.733212e-15 0.000000e+00 0.000000e+00
-5.150327e-14 0.000000e+00 0.000000e+00
1.297714e-13 0.000000e+00 0.000000e+00
-8.093295e-14 0.000000e+00 0.000000e+00
-1.414524e-13 0.000000e+00 0.000000e+00
2.767577e-14 0.000000e+00 0.000000e+00
7.279850e-14 0.000000e+00 0.000000e+00
4.672719e-15 0.000000e+00 0.000000e+00
-1.176867e-13 0.000000e+00 0.000000e+00
3.378784e-14 0.000000e+00 0.000000e+00
-2.141604e-13 0.000000e+00 0.000000e+00
-2.371183e-14 0.000000e+00 0.000000e+00
6.914843e-14 0.000000e+00 0.000000e+00
2.341839e-13 0.000000e+00 0.000000e+00
-3.229599e-14 0.000000e+00 0.000000e+00
