step K U E temp
0 4.569367e-21 -3.971079e-20 -3.514142e-20 6.619158e+02
1000 1.292662e-21 -4.080788e-20 -3.951522e-20 1.872543e+02
2000 5.374131e-24 -3.910626e-20 -3.910088e-20 7.784934e-01
3000 9.820882e-21 -3.587075e-20 -2.604987e-20 1.422647e+03
4000 9.885215e-22 -3.997705e-20 -3.898853e-20 1.431966e+02
5000 2.514395e-23 -4.005660e-20 -4.003145e-20 3.642337e+00
6000 9.519348e-22 -4.054844e-20 -3.959651e-20 1.378967e+02
7000 1.642053e-21 -4.061380e-20 -3.897174e-20 2.378669e+02
8000 4.483115e-22 -4.061237e-20 -4.016406e-20 6.494213e+01
9000 1.888531e-23 -3.589628e-20 -3.587739e-20 2.735715e+00
10000 3.264055e-21 -3.719859e-20 -3.393453e-20 4.728291e+02
11000 8.313607e-21 -3.798830e-20 -2.967469e-20 1.204304e+03
12000 6.316621e-22 -3.883428e-20 -3.820262e-20 9.150219e+01
13000 7.849006e-22 -4.103066e-20 -4.024576e-20 1.137002e+02
14000 6.216841e-21 -4.088697e-20 -3.467013e-20 9.005679e+02
15000 1.007943e-22 -4.076139e-20 -4.066059e-20 1.460100e+01
16000 3.838369e-22 -4.109996e-20 -4.071613e-20 5.560238e+01
17000 2.009600e-21 -3.931666e-20 -3.730706e-20 2.911095e+02
18000 3.964409e-21 -3.354129e-20 -2.957688e-20 5.742820e+02
19000 2.547266e-22 -3.869780e-20 -3.844307e-20 3.689954e+01
20000 6.310839e-22 -2.581909e-20 -2.518800e-20 9.141844e+01
21000 2.517147e-22 -3.682399e-20 -3.657228e-20 3.646324e+01
22000 8.545448e-22 -4.096415e-20 -4.010961e-20 1.237888e+02
23000 1.198190e-23 -4.099627e-20 -4.098429e-20 1.735691e+00
24000 1.732484e-22 -4.075097e-20 -4.057772e-20 2.509666e+01
25000 6.922686e-22 -4.106774e-20 -4.037547e-20 1.002816e+02
26000 1.117344e-20 -4.063506e-20 -2.946162e-20 1.618577e+03
27000 4.620165e-21 -3.658566e-20 -3.196550e-20 6.692744e+02
28000 4.385976e-21 -3.982269e-20 -3.543671e-20 6.353499e+02
29000 1.220788e-21 -4.108502e-20 -3.986423e-20 1.768426e+02
30000 3.485885e-23 -3.859454e-20 -3.855968e-20 5.049632e+00
31000 3.106606e-21 -3.975191e-20 -3.664531e-20 4.500211e+02
32000 1.568910e-21 -4.005826e-20 -3.848935e-20 2.272714e+02
33000 1.628125e-25 -4.089145e-20 -4.089129e-20 2.358492e-02
34000 4.338681e-22 -4.068722e-20 -4.025335e-20 6.284987e+01
35000 3.694577e-21 -4.079065e-20 -3.709608e-20 5.351943e+02
36000 9.751786e-22 -3.613860e-20 -3.516342e-20 1.412638e+02
37000 4.618045e-22 -4.109033e-20 -4.062852e-20 6.689673e+01
38000 3.979889e-21 -3.343990e-20 -2.946001e-20 5.765244e+02
39000 3.293448e-21 -4.018809e-20 -3.689464e-20 4.770869e+02
40000 4.620011e-21 -3.992850e-20 -3.530849e-20 6.692521e+02
41000 3.151844e-23 -4.092011e-20 -4.088859e-20 4.565743e+00
42000 8.083945e-21 -4.100224e-20 -3.291829e-20 1.171036e+03
43000 2.861862e-22 -3.889591e-20 -3.860972e-20 4.145677e+01
44000 9.367243e-22 -4.043756e-20 -3.950083e-20 1.356933e+02
45000 2.143946e-21 -3.910291e-20 -3.695897e-20 3.105708e+02
46000 1.658537e-21 -4.062200e-20 -3.896346e-20 2.402547e+02
47000 4.094201e-21 -4.082793e-20 -3.673373e-20 5.930835e+02
48000 3.852581e-21 -3.867839e-20 -3.482581e-20 5.580826e+02
49000 4.819254e-22 -4.106875e-20 -4.058683e-20 6.981143e+01
50000 3.046890e-21 -3.566764e-20 -3.262075e-20 4.413707e+02
51000 5.485324e-23 -4.043511e-20 -4.038025e-20 7.946008e+00
52000 2.737320e-22 -4.107877e-20 -4.080504e-20 3.965266e+01
53000 2.719741e-22 -3.934084e-20 -3.906887e-20 3.939801e+01
54000 7.515364e-24 -4.108645e-20 -4.107894e-20 1.088671e+00
55000 2.397312e-21 -2.995637e-20 -2.755906e-20 3.472732e+02
56000 4.734664e-22 -4.093668e-20 -4.046322e-20 6.858606e+01
57000 7.346155e-21 -4.108693e-20 -3.374078e-20 1.064160e+03
58000 4.921205e-21 -3.683191e-20 -3.191070e-20 7.128829e+02
59000 3.152668e-21 -4.026431e-20 -3.711164e-20 4.566936e+02
60000 1.344267e-20 -3.539675e-20 -2.195408e-20 1.947297e+03
61000 1.879524e-21 -3.823194e-20 -3.635242e-20 2.722668e+02
62000 7.509279e-24 -4.102725e-20 -4.101974e-20 1.087790e+00
63000 6.072364e-21 -4.080983e-20 -3.473746e-20 8.796390e+02
64000 1.478822e-22 -4.105827e-20 -4.091039e-20 2.142213e+01
65000 4.245244e-22 -3.964836e-20 -3.922383e-20 6.149636e+01
66000 1.164056e-21 -4.082395e-20 -3.965989e-20 1.686244e+02
67000 8.508958e-22 -3.983287e-20 -3.898198e-20 1.232603e+02
68000 2.724045e-21 -3.189830e-20 -2.917426e-20 3.946035e+02
69000 8.035673e-22 -3.664490e-20 -3.584134e-20 1.164043e+02
70000 5.334632e-22 -4.090614e-20 -4.037268e-20 7.727717e+01
71000 2.455500e-21 -3.975288e-20 -3.729738e-20 3.557023e+02
72000 2.211257e-21 -4.040432e-20 -3.819306e-20 3.203214e+02
73000 8.005742e-22 -3.915639e-20 -3.835582e-20 1.159707e+02
74000 2.146853e-22 -3.712201e-20 -3.690732e-20 3.109919e+01
75000 2.032012e-21 -3.971559e-20 -3.768358e-20 2.943561e+02
76000 3.633007e-22 -4.107779e-20 -4.071449e-20 5.262753e+01
77000 5.935150e-22 -4.068803e-20 -4.009452e-20 8.597624e+01
78000 2.557308e-21 -4.101619e-20 -3.845888e-20 3.704502e+02
79000 9.004464e-23 -4.109544e-20 -4.100540e-20 1.304381e+01
80000 1.156924e-23 -4.107637e-20 -4.106480e-20 1.675913e+00
81000 1.272732e-22 -3.719511e-20 -3.706784e-20 1.843673e+01
82000 3.040211e-21 -3.988478e-20 -3.684457e-20 4.404031e+02
83000 1.971564e-22 -4.108769e-20 -4.089054e-20 2.855996e+01
84000 3.578831e-23 -4.106472e-20 -4.102893e-20 5.184274e+00
85000 4.360475e-24 -3.924557e-20 -3.924121e-20 6.316558e-01
86000 3.479048e-22 -4.060144e-20 -4.025353e-20 5.039729e+01
87000 1.335133e-23 -3.926414e-20 -3.925079e-20 1.934066e+00
88000 5.705966e-22 -4.106626e-20 -4.049566e-20 8.265629e+01
89000 4.036530e-26 -3.932864e-20 -3.932859e-20 5.847294e-03
90000 8.271214e-21 -4.098954e-20 -3.271832e-20 1.198163e+03
91000 2.950150e-21 -4.108567e-20 -3.813552e-20 4.273570e+02
92000 1.877283e-23 -4.094840e-20 -4.092962e-20 2.719422e+00
93000 8.133211e-22 -3.759193e-20 -3.677861e-20 1.178172e+02
94000 3.493994e-21 -4.104066e-20 -3.754667e-20 5.061378e+02
95000 5.673837e-21 -3.899613e-20 -3.332229e-20 8.219087e+02
96000 2.901764e-22 -4.073199e-20 -4.044181e-20 4.203479e+01
97000 8.995881e-23 -3.991107e-20 -3.982111e-20 1.303138e+01
98000 1.940765e-21 -3.841980e-20 -3.647904e-20 2.811381e+02
99000 1.003643e-20 -4.107214e-20 -3.103572e-20 1.453871e+03
100000 1.324365e-22 -4.107942e-20 -4.094699e-20 1.918468e+01
101000 4.501499e-21 -3.832668e-20 -3.382518e-20 6.520845e+02
102000 8.301358e-22 -4.106809e-20 -4.023796e-20 1.202530e+02
103000 1.420660e-20 -3.872111e-20 -2.451451e-20 2.057960e+03
104000 6.693575e-22 -3.402298e-20 -3.335363e-20 9.696274e+01
105000 2.092074e-22 -4.032297e-20 -4.011376e-20 3.030565e+01
106000 3.603806e-22 -3.999263e-20 -3.963225e-20 5.220452e+01
107000 2.399846e-21 -4.090861e-20 -3.850876e-20 3.476403e+02
108000 1.066679e-22 -3.730770e-20 -3.720103e-20 1.545184e+01
109000 2.724083e-23 -3.992141e-20 -3.989417e-20 3.946091e+00
110000 1.701780e-22 -4.065741e-20 -4.048724e-20 2.465188e+01
111000 5.554648e-21 -3.961606e-20 -3.406142e-20 8.046430e+02
112000 7.253245e-22 -4.109092e-20 -4.036560e-20 1.050701e+02
113000 2.710814e-23 -4.064093e-20 -4.061382e-20 3.926869e+00
114000 3.344570e-21 -3.992872e-20 -3.658415e-20 4.844925e+02
115000 6.328525e-21 -3.864573e-20 -3.231720e-20 9.167464e+02
116000 3.859235e-21 -4.108095e-20 -3.722172e-20 5.590464e+02
117000 8.253441e-22 -3.999932e-20 -3.917397e-20 1.195589e+02
118000 3.003866e-22 -4.091763e-20 -4.061724e-20 4.351382e+01
119000 1.936810e-22 -3.767276e-20 -3.747908e-20 2.805652e+01
120000 4.831619e-21 -3.949963e-20 -3.466801e-20 6.999055e+02
121000 3.718775e-22 -3.311380e-20 -3.274192e-20 5.386995e+01
122000 4.973351e-23 -4.085838e-20 -4.080865e-20 7.204366e+00
123000 4.583686e-24 -4.044497e-20 -4.044039e-20 6.639900e-01
124000 9.412578e-22 -3.629224e-20 -3.535098e-20 1.363501e+02
125000 1.876195e-21 -3.330535e-20 -3.142916e-20 2.717845e+02
126000 4.681556e-22 -4.076284e-20 -4.029468e-20 6.781675e+01
127000 9.930971e-21 -3.749468e-20 -2.756371e-20 1.438595e+03
128000 5.394301e-22 -4.001074e-20 -3.947131e-20 7.814153e+01
129000 1.498397e-24 -3.744556e-20 -3.744406e-20 2.170569e-01
130000 3.318815e-24 -3.978014e-20 -3.977682e-20 4.807616e-01
131000 2.360130e-22 -3.877717e-20 -3.854116e-20 3.418871e+01
132000 6.981500e-21 -3.617669e-20 -2.919519e-20 1.011336e+03
133000 3.185651e-21 -3.955622e-20 -3.637057e-20 4.614716e+02
134000 4.018891e-22 -3.637805e-20 -3.597616e-20 5.821743e+01
135000 2.847985e-21 -4.069779e-20 -3.784981e-20 4.125574e+02
136000 2.103639e-21 -3.757714e-20 -3.547350e-20 3.047319e+02
137000 1.211592e-22 -3.788346e-20 -3.776230e-20 1.755105e+01
138000 9.307250e-23 -3.861705e-20 -3.852397e-20 1.348243e+01
139000 6.503734e-21 -3.833851e-20 -3.183478e-20 9.421271e+02
140000 1.730964e-21 -4.087732e-20 -3.914635e-20 2.507464e+02
141000 5.808694e-21 -3.591422e-20 -3.010553e-20 8.414440e+02
142000 1.773735e-21 -4.016453e-20 -3.839080e-20 2.569422e+02
143000 5.360971e-22 -4.090766e-20 -4.037156e-20 7.765871e+01
144000 1.880699e-21 -4.099439e-20 -3.911369e-20 2.724369e+02
145000 8.432451e-21 -3.540563e-20 -2.697318e-20 1.221520e+03
146000 6.729964e-21 -4.050414e-20 -3.377417e-20 9.748986e+02
147000 2.825590e-22 -3.559830e-20 -3.531574e-20 4.093133e+01
148000 2.649189e-24 -3.982494e-20 -3.982229e-20 3.837599e-01
149000 1.612396e-21 -3.816868e-20 -3.655628e-20 2.335707e+02
150000 4.247563e-21 -4.109836e-20 -3.685079e-20 6.152995e+02
151000 4.390545e-23 -3.920418e-20 -3.916027e-20 6.360118e+00
152000 4.453508e-21 -3.438446e-20 -2.993095e-20 6.451325e+02
153000 5.874791e-22 -4.067649e-20 -4.008901e-20 8.510188e+01
154000 1.293060e-21 -3.703027e-20 -3.573721e-20 1.873119e+02
155000 5.847975e-23 -3.913551e-20 -3.907703e-20 8.471343e+00
156000 3.520699e-22 -4.091409e-20 -4.056202e-20 5.100064e+01
157000 1.143205e-24 -3.913079e-20 -3.912965e-20 1.656040e-01
158000 6.735281e-22 -3.836064e-20 -3.768712e-20 9.756689e+01
159000 5.213960e-21 -3.570311e-20 -3.048915e-20 7.552911e+02
160000 6.500736e-22 -4.101016e-20 -4.036009e-20 9.416927e+01
161000 5.239525e-25 -3.879788e-20 -3.879736e-20 7.589945e-02
162000 3.074963e-22 -3.868019e-20 -3.837269e-20 4.454373e+01
163000 5.026705e-21 -4.042249e-20 -3.539578e-20 7.281655e+02
164000 9.197422e-21 -3.967636e-20 -3.047894e-20 1.332333e+03
165000 1.844056e-20 -3.988910e-20 -2.144854e-20 2.671288e+03
166000 1.160282e-21 -3.910223e-20 -3.794195e-20 1.680778e+02
167000 3.578393e-22 -4.108494e-20 -4.072710e-20 5.183639e+01
168000 2.501133e-21 -4.095728e-20 -3.845615e-20 3.623127e+02
169000 2.773784e-22 -4.046272e-20 -4.018534e-20 4.018087e+01
170000 4.551693e-21 -4.088532e-20 -3.633363e-20 6.593555e+02
171000 1.408639e-21 -3.609400e-20 -3.468536e-20 2.040547e+02
172000 4.610156e-21 -3.773143e-20 -3.312128e-20 6.678244e+02
173000 1.734576e-21 -3.996421e-20 -3.822963e-20 2.512696e+02
174000 3.825777e-22 -4.094251e-20 -4.055994e-20 5.541998e+01
175000 1.017653e-21 -4.097782e-20 -3.996016e-20 1.474166e+02
176000 4.481937e-21 -3.382589e-20 -2.934396e-20 6.492508e+02
177000 1.769822e-25 -4.080108e-20 -4.080090e-20 2.563754e-02
178000 6.489679e-22 -4.109992e-20 -4.045096e-20 9.400910e+01
179000 1.530825e-23 -4.105450e-20 -4.103919e-20 2.217544e+00
180000 1.859953e-21 -4.096200e-20 -3.910204e-20 2.694317e+02
181000 3.233187e-21 -3.850361e-20 -3.527042e-20 4.683575e+02
182000 1.192002e-22 -4.029618e-20 -4.017698e-20 1.726727e+01
183000 3.115361e-24 -4.092168e-20 -4.091857e-20 4.512893e-01
184000 3.429682e-21 -4.096424e-20 -3.753456e-20 4.968218e+02
185000 1.496661e-21 -3.669618e-20 -3.519952e-20 2.168054e+02
186000 2.864601e-25 -3.778514e-20 -3.778485e-20 4.149644e-02
187000 2.764731e-21 -4.052049e-20 -3.775576e-20 4.004973e+02
188000 1.414183e-22 -4.095732e-20 -4.081590e-20 2.048577e+01
189000 3.438469e-21 -4.049123e-20 -3.705276e-20 4.980946e+02
190000 5.097115e-21 -3.975891e-20 -3.466179e-20 7.383651e+02
191000 2.477360e-21 -3.944723e-20 -3.696987e-20 3.588689e+02
192000 1.292322e-23 -4.104760e-20 -4.103468e-20 1.872050e+00
193000 5.610150e-21 -3.650623e-20 -3.089608e-20 8.126831e+02
194000 4.942250e-22 -4.093708e-20 -4.044285e-20 7.159314e+01
195000 1.947264e-22 -4.043660e-20 -4.024187e-20 2.820795e+01
196000 3.992576e-21 -3.919701e-20 -3.520443e-20 5.783623e+02
197000 2.362263e-21 -3.486780e-20 -3.250554e-20 3.421960e+02
198000 6.598459e-22 -3.612890e-20 -3.546906e-20 9.558488e+01
199000 8.976822e-23 -3.945601e-20 -3.936624e-20 1.300377e+01
200000 1.001205e-21 -4.102548e-20 -4.002427e-20 1.450340e+02
201000 1.448291e-21 -3.622883e-20 -3.478054e-20 2.097985e+02
202000 9.149586e-22 -4.017311e-20 -3.925816e-20 1.325404e+02
203000 7.397259e-23 -4.082563e-20 -4.075166e-20 1.071563e+01
204000 1.242235e-20 -4.037211e-20 -2.794975e-20 1.799495e+03
205000 1.533414e-21 -3.911481e-20 -3.758140e-20 2.221295e+02
206000 2.040982e-24 -3.893661e-20 -3.893457e-20 2.956555e-01
207000 1.315736e-21 -3.686473e-20 -3.554900e-20 1.905967e+02
208000 5.343097e-22 -4.052353e-20 -3.998922e-20 7.739979e+01
209000 1.015116e-24 -3.290462e-20 -3.290361e-20 1.470492e-01
210000 1.182200e-23 -4.099886e-20 -4.098704e-20 1.712528e+00
211000 4.219165e-21 -3.693089e-20 -3.271173e-20 6.111858e+02
212000 7.074343e-27 -4.033337e-20 -4.033337e-20 1.024785e-03
213000 9.106437e-22 -4.109993e-20 -4.018929e-20 1.319153e+02
214000 5.386855e-21 -3.919600e-20 -3.380914e-20 7.803367e+02
215000 7.511681e-21 -3.626494e-20 -2.875326e-20 1.088138e+03
216000 6.279522e-21 -4.108773e-20 -3.480820e-20 9.096478e+02
217000 5.748109e-22 -4.109186e-20 -4.051705e-20 8.326676e+01
218000 2.981718e-22 -4.020504e-20 -3.990687e-20 4.319299e+01
219000 2.976370e-22 -3.810815e-20 -3.781052e-20 4.311553e+01
220000 4.602181e-22 -8.054108e-21 -7.593890e-21 6.666692e+01
221000 7.701680e-22 -4.006286e-20 -3.929270e-20 1.115661e+02
222000 6.016945e-23 -4.035636e-20 -4.029619e-20 8.716111e+00
223000 1.527392e-21 -3.855308e-20 -3.702569e-20 2.212571e+02
224000 2.422131e-22 -4.062883e-20 -4.038662e-20 3.508685e+01
225000 5.971803e-23 -2.904736e-20 -2.898765e-20 8.650719e+00
226000 1.192153e-21 -4.072174e-20 -3.952959e-20 1.726945e+02
227000 1.140513e-22 -3.618965e-20 -3.607560e-20 1.652140e+01
228000 1.393153e-21 -3.978015e-20 -3.838700e-20 2.018113e+02
229000 4.191440e-21 -3.845245e-20 -3.426101e-20 6.071696e+02
230000 9.235278e-21 -4.097278e-20 -3.173750e-20 1.337817e+03
231000 1.189529e-21 -4.051003e-20 -3.932051e-20 1.723145e+02
232000 6.100832e-21 -3.904184e-20 -3.294101e-20 8.837630e+02
233000 6.302369e-21 -4.095391e-20 -3.465154e-20 9.129575e+02
234000 4.788045e-23 -4.051882e-20 -4.047094e-20 6.935934e+00
235000 6.970404e-22 -3.696496e-20 -3.626792e-20 1.009729e+02
236000 1.663270e-21 -3.653110e-20 -3.486783e-20 2.409403e+02
237000 3.509468e-21 -4.103093e-20 -3.752147e-20 5.083794e+02
238000 2.420156e-21 -3.801272e-20 -3.559256e-20 3.505824e+02
239000 2.454033e-21 -4.009879e-20 -3.764476e-20 3.554897e+02
240000 8.784133e-21 -3.943310e-20 -3.064897e-20 1.272464e+03
241000 1.645268e-21 -4.060588e-20 -3.896061e-20 2.383326e+02
242000 4.963071e-21 -3.592392e-20 -3.096084e-20 7.189475e+02
243000 1.498621e-24 -3.005069e-20 -3.004919e-20 2.170893e-01
244000 7.022585e-22 -4.023733e-20 -3.953508e-20 1.017287e+02
245000 2.219734e-22 -4.094995e-20 -4.072798e-20 3.215493e+01
246000 1.677127e-20 -3.807712e-20 -2.130585e-20 2.429476e+03
247000 2.020302e-21 -4.025010e-20 -3.822979e-20 2.926598e+02
248000 2.004767e-22 -3.899429e-20 -3.879381e-20 2.904094e+01
249000 5.622190e-22 -4.088208e-20 -4.031986e-20 8.144272e+01
250000 2.103483e-23 -4.050209e-20 -4.048106e-20 3.047094e+00
251000 1.273631e-24 -3.877493e-20 -3.877366e-20 1.844975e-01
252000 1.602099e-22 -4.092304e-20 -4.076283e-20 2.320791e+01
253000 1.399834e-22 -4.108986e-20 -4.094988e-20 2.027792e+01
254000 1.973565e-21 -4.106347e-20 -3.908990e-20 2.858894e+02
255000 1.635898e-21 -4.098738e-20 -3.935148e-20 2.369752e+02
256000 2.640965e-21 -3.985574e-20 -3.721478e-20 3.825686e+02
257000 2.139350e-22 -4.079611e-20 -4.058218e-20 3.099050e+01
258000 1.905199e-22 -3.302241e-20 -3.283189e-20 2.759860e+01
259000 1.410316e-21 -3.999414e-20 -3.858383e-20 2.042976e+02
260000 7.192364e-22 -4.087692e-20 -4.015768e-20 1.041882e+02
261000 6.612776e-21 -4.013708e-20 -3.352430e-20 9.579228e+02
262000 1.016725e-21 -3.891988e-20 -3.790316e-20 1.472822e+02
263000 4.585931e-22 -3.709933e-20 -3.664073e-20 6.643153e+01
264000 4.766380e-22 -2.954034e-20 -2.906370e-20 6.904549e+01
265000 1.740556e-21 -2.696978e-20 -2.522923e-20 2.521360e+02
266000 3.104800e-21 -4.108036e-20 -3.797556e-20 4.497595e+02
267000 8.228729e-22 -4.071497e-20 -3.989209e-20 1.192009e+02
268000 6.491001e-21 -3.979542e-20 -3.330442e-20 9.402825e+02
269000 7.081014e-22 -3.985438e-20 -3.914628e-20 1.025752e+02
270000 6.050515e-24 -4.078205e-20 -4.077600e-20 8.764740e-01
271000 9.423548e-22 -3.597509e-20 -3.503273e-20 1.365090e+02
272000 2.425440e-25 -3.972251e-20 -3.972226e-20 3.513478e-02
273000 1.614674e-21 -4.068039e-20 -3.906572e-20 2.339007e+02
274000 4.221370e-22 -4.109832e-20 -4.067618e-20 6.115051e+01
275000 1.903429e-22 -4.078847e-20 -4.059813e-20 2.757295e+01
276000 3.384481e-21 -4.088587e-20 -3.750139e-20 4.902739e+02
277000 4.780624e-21 -3.879696e-20 -3.401634e-20 6.925183e+02
278000 2.256932e-24 -3.706604e-20 -3.706379e-20 3.269378e-01
279000 1.607980e-21 -3.917732e-20 -3.756934e-20 2.329311e+02
280000 1.537105e-21 -4.100375e-20 -3.946665e-20 2.226641e+02
281000 1.200169e-20 -4.058057e-20 -2.857888e-20 1.738558e+03
282000 9.977193e-22 -4.021762e-20 -3.921990e-20 1.445290e+02
283000 1.357850e-22 -3.717313e-20 -3.703734e-20 1.966973e+01
284000 6.065196e-23 -4.075057e-20 -4.068992e-20 8.786007e+00
285000 2.228883e-21 -4.094459e-20 -3.871571e-20 3.228747e+02
286000 3.453849e-21 -4.109668e-20 -3.764283e-20 5.003226e+02
287000 5.240674e-21 -3.841148e-20 -3.317081e-20 7.591609e+02
288000 1.727510e-21 -3.987240e-20 -3.814489e-20 2.502460e+02
289000 1.988239e-21 -4.024189e-20 -3.825365e-20 2.880151e+02
290000 6.127733e-21 -4.098240e-20 -3.485467e-20 8.876598e+02
291000 5.099123e-21 -4.099665e-20 -3.589753e-20 7.386559e+02
292000 5.276027e-22 -3.983758e-20 -3.930998e-20 7.642822e+01
293000 4.381910e-21 -4.103400e-20 -3.665209e-20 6.347609e+02
294000 2.275094e-22 -3.976185e-20 -3.953434e-20 3.295687e+01
295000 1.504436e-22 -4.086162e-20 -4.071118e-20 2.179318e+01
296000 7.448039e-22 -3.960514e-20 -3.886034e-20 1.078918e+02
297000 7.590400e-25 -4.084656e-20 -4.084580e-20 1.099541e-01
298000 1.476851e-23 -4.105952e-20 -4.104475e-20 2.139357e+00
299000 3.229478e-21 -3.371551e-20 -3.048603e-20 4.678202e+02
300000 2.379630e-21 -4.092582e-20 1.114538e-19 3.447118e+02
301000 2.692482e-21 -4.039512e-20 6.229736e-20 3.900313e+02
302000 1.174289e-21 -4.057636e-20 6.059811e-20 1.701068e+02
303000 1.104551e-21 -3.894813e-20 6.215642e-20 1.600047e+02
304000 6.365702e-23 -3.778396e-20 6.227970e-20 9.221318e+00
305000 8.453740e-22 -4.066061e-20 6.020140e-20 1.224604e+02
306000 3.356540e-21 -2.728751e-20 7.606903e-20 4.862264e+02
307000 6.214732e-23 -3.831420e-20 6.174795e-20 9.002624e+00
308000 6.213804e-21 -3.413589e-20 7.207792e-20 9.001280e+02
309000 4.998346e-22 -4.073668e-20 6.029474e-20 7.240574e+01
310000 2.620694e-21 -3.973170e-20 6.288899e-20 3.796322e+02
311000 2.416310e-23 -3.606740e-20 6.395676e-20 3.500252e+00
312000 2.204535e-21 -3.861136e-20 6.359318e-20 3.193477e+02
313000 1.671385e-21 -4.000423e-20 6.166715e-20 2.421159e+02
314000 4.526160e-22 -4.013127e-20 6.032134e-20 6.556568e+01
315000 1.782800e-21 -3.988378e-20 6.189901e-20 2.582553e+02
316000 3.307873e-22 -4.053463e-20 5.979617e-20 4.791765e+01
317000 5.794118e-21 -3.887730e-20 6.691682e-20 8.393324e+02
318000 2.355106e-21 -4.050658e-20 6.184853e-20 3.411593e+02
319000 1.839006e-21 -3.657652e-20 6.526249e-20 2.663974e+02
320000 1.306820e-23 -3.976610e-20 6.024696e-20 1.893052e+00
321000 3.991962e-21 -4.015082e-20 6.384114e-20 5.782732e+02
322000 2.094372e-23 -3.296383e-20 6.705711e-20 3.033895e+00
323000 2.833758e-22 -3.398982e-20 6.629356e-20 4.104965e+01
324000 2.337563e-21 -4.056484e-20 6.177281e-20 3.386180e+02
325000 2.680713e-23 -3.886186e-20 6.116495e-20 3.883266e+00
326000 7.259196e-21 -3.829746e-20 6.896173e-20 1.051563e+03
327000 1.677249e-21 -3.960283e-20 6.207441e-20 2.429653e+02
328000 1.394425e-21 -4.006214e-20 6.133228e-20 2.019956e+02
329000 9.929859e-22 -3.977270e-20 6.122028e-20 1.438433e+02
330000 5.678661e-22 -3.595449e-20 6.461338e-20 8.226075e+01
331000 4.660093e-21 -2.765541e-20 7.700468e-20 6.750584e+02
332000 1.967857e-24 -4.078121e-20 6.209216e-20 2.850626e-01
333000 5.804129e-22 -3.548067e-20 6.509974e-20 8.407827e+01
334000 6.269656e-22 -4.068155e-20 5.999148e-20 9.082187e+01
335000 2.253939e-23 -4.015608e-20 5.986646e-20 3.265043e+00
336000 3.541059e-21 -3.769684e-20 6.584422e-20 5.129557e+02
337000 5.167082e-22 -4.056618e-20 5.995063e-20 7.485004e+01
338000 1.882335e-22 -4.056402e-20 5.962431e-20 2.726739e+01
339000 5.160398e-23 -3.136513e-20 6.868647e-20 7.475323e+00
340000 9.412861e-23 -3.925810e-20 6.083603e-20 1.363541e+01
341000 5.702298e-21 -3.742970e-20 6.827260e-20 8.260315e+02
342000 9.780471e-21 -4.046128e-20 6.931920e-20 1.416793e+03
343000 1.867267e-21 -3.731293e-20 6.455434e-20 2.704912e+02
344000 4.037619e-22 -3.765988e-20 6.274388e-20 5.848871e+01
345000 4.600625e-22 -3.909506e-20 6.136500e-20 6.664438e+01
346000 4.335027e-22 -3.274348e-20 6.769002e-20 6.279695e+01
347000 1.055387e-21 -3.358159e-20 6.747380e-20 1.528827e+02
348000 2.602790e-21 -3.953472e-20 6.306807e-20 3.770387e+02
349000 8.532434e-21 -4.004232e-20 6.849012e-20 1.236003e+03
350000 6.712259e-22 -4.021638e-20 6.045485e-20 9.723339e+01
351000 1.191319e-21 -4.055519e-20 6.063618e-20 1.725738e+02
352000 1.414552e-20 -3.800815e-20 7.613737e-20 2.049112e+03
353000 8.456952e-22 -3.574761e-20 6.509809e-20 1.225069e+02
354000 1.767119e-21 -4.062018e-20 6.114899e-20 2.559838e+02
355000 6.743303e-23 -3.856019e-20 6.150725e-20 9.768309e+00
356000 2.842917e-21 -3.958673e-20 6.325618e-20 4.118233e+02
357000 2.977024e-21 -3.992802e-20 6.304901e-20 4.312499e+02
358000 1.411757e-22 -4.058163e-20 5.955979e-20 2.045063e+01
359000 9.182460e-21 -4.056516e-20 6.861740e-20 1.330166e+03
360000 6.905827e-21 -3.956343e-20 6.734239e-20 1.000374e+03
361000 9.986253e-25 -1.801384e-20 8.198716e-20 1.446603e-01
362000 2.419617e-20 -3.476683e-20 8.942934e-20 3.505043e+03
363000 1.824749e-22 -3.830297e-20 6.187951e-20 2.643321e+01
364000 1.468581e-22 -3.396033e-20 6.618652e-20 2.127378e+01
365000 8.300984e-21 -3.639298e-20 7.190801e-20 1.202476e+03
366000 3.402421e-21 -3.978292e-20 6.361950e-20 4.928727e+02
367000 1.634609e-22 -3.267400e-20 6.748946e-20 2.367884e+01
368000 1.274387e-22 -4.024370e-20 5.988374e-20 1.846069e+01
369000 1.450319e-23 -3.962553e-20 6.038897e-20 2.100923e+00
370000 4.097052e-22 -3.808959e-20 6.232011e-20 5.934965e+01
371000 9.832173e-22 -3.349069e-20 6.749253e-20 1.424283e+02
372000 9.661728e-22 -3.937540e-20 6.159078e-20 1.399592e+02
373000 5.719460e-23 -2.283326e-20 7.722393e-20 8.285176e+00
374000 6.562101e-22 -4.058056e-20 6.007588e-20 9.505821e+01
375000 1.929714e-21 -4.049671e-20 6.143300e-20 2.795373e+02
376000 1.265440e-22 -3.961396e-20 6.051258e-20 1.833108e+01
377000 2.020422e-22 -3.906539e-20 6.113665e-20 2.926771e+01
378000 1.467546e-21 -3.836248e-20 6.310506e-20 2.125878e+02
379000 2.742212e-21 -3.602715e-20 6.671506e-20 3.972352e+02
380000 2.210647e-21 -3.831169e-20 6.389896e-20 3.202330e+02
381000 4.421258e-21 -4.053840e-20 6.388288e-20 6.404608e+02
382000 1.212584e-22 -4.025808e-20 5.986318e-20 1.756541e+01
383000 2.600795e-21 -3.522491e-20 6.737588e-20 3.767496e+02
384000 1.729443e-23 -4.037122e-20 5.964607e-20 2.505261e+00
385000 3.087421e-23 -4.053286e-20 5.949803e-20 4.472420e+00
386000 1.180237e-21 -3.725313e-20 6.392711e-20 1.709685e+02
387000 1.833619e-22 -4.041797e-20 5.976539e-20 2.656170e+01
388000 5.965447e-21 -3.677200e-20 6.919344e-20 8.641512e+02
389000 6.981589e-24 -4.053626e-20 5.947074e-20 1.011349e+00
390000 1.751309e-21 -3.910394e-20 6.264737e-20 2.536936e+02
391000 1.158807e-21 -3.553308e-20 6.562573e-20 1.678641e+02
392000 3.448296e-22 -4.029622e-20 6.004861e-20 4.995181e+01
393000 1.177794e-22 -4.033027e-20 5.978751e-20 1.706145e+01
394000 1.960400e-23 -3.984757e-20 6.017204e-20 2.839824e+00
395000 1.047871e-20 -3.687643e-20 7.360228e-20 1.517939e+03
396000 1.616738e-21 -3.981415e-20 6.180258e-20 2.341997e+02
397000 2.304070e-21 -4.065890e-20 6.166044e-20 3.337662e+02
398000 5.620590e-21 -3.908910e-20 6.653149e-20 8.141954e+02
399000 4.326544e-21 -4.069779e-20 6.372700e-20 6.267406e+02
400000 5.860637e-22 -4.028045e-20 6.030561e-20 8.489684e+01
401000 1.946889e-22 -4.036900e-20 5.982569e-20 2.820252e+01
402000 1.182300e-21 -4.030921e-20 6.087309e-20 1.712672e+02
403000 5.838145e-22 -4.006417e-20 6.051964e-20 8.457103e+01
404000 4.631953e-21 -3.853110e-20 6.610085e-20 6.709820e+02
405000 7.189101e-22 -3.938959e-20 6.132932e-20 1.041409e+02
406000 1.779416e-21 -3.822406e-20 6.355536e-20 2.577652e+02
407000 7.079151e-23 -4.067282e-20 5.942826e-20 1.025482e+01
408000 7.476744e-22 -3.979451e-20 6.095316e-20 1.083077e+02
409000 5.359470e-21 -3.927367e-20 6.608580e-20 7.763696e+02
410000 2.341078e-21 -3.501245e-20 6.732862e-20 3.391272e+02
411000 8.507859e-22 -3.785029e-20 6.300050e-20 1.232443e+02
412000 5.211567e-22 -4.080663e-20 6.627340e-20 7.549445e+01
413000 1.991660e-21 -3.843551e-20 6.355615e-20 2.885108e+02
414000 7.321611e-21 -3.922255e-20 6.809906e-20 1.060604e+03
415000 1.472599e-21 -4.060450e-20 6.086898e-20 2.133198e+02
416000 2.620413e-21 -4.062541e-20 6.199772e-20 3.795914e+02
417000 8.578350e-22 -4.014301e-20 6.071483e-20 1.242655e+02
418000 1.167485e-21 -4.078968e-20 6.420412e-20 1.691212e+02
419000 7.586528e-21 -3.704705e-20 7.053948e-20 1.098980e+03
420000 1.205257e-22 -3.759000e-20 6.253052e-20 1.745928e+01
421000 3.967150e-23 -3.961809e-20 6.042159e-20 5.746791e+00
422000 7.135951e-21 -3.996468e-20 6.717127e-20 1.033710e+03
423000 2.555455e-21 -3.517764e-20 6.737781e-20 3.701817e+02
424000 9.896035e-22 -4.041704e-20 6.057257e-20 1.433534e+02
425000 5.322914e-21 -3.930165e-20 6.602126e-20 7.710742e+02
426000 5.921790e-21 -4.060298e-20 6.531962e-20 8.578271e+02
427000 3.603571e-22 -3.997158e-20 6.038878e-20 5.220112e+01
428000 1.812410e-21 -4.057628e-20 6.123631e-20 2.625446e+02
429000 7.438609e-22 -3.993570e-20 6.080816e-20 1.077553e+02
430000 1.695452e-22 -3.597291e-20 6.419664e-20 2.456021e+01
431000 2.036476e-21 -3.961072e-20 6.242575e-20 2.950027e+02
432000 1.102286e-22 -3.994353e-20 6.016670e-20 1.596765e+01
433000 1.089292e-23 -4.020610e-20 5.980479e-20 1.577942e+00
434000 6.488554e-24 -3.349426e-20 6.651223e-20 9.399281e-01
435000 6.356874e-22 -3.836688e-20 6.226881e-20 9.208531e+01
436000 5.526094e-21 -3.924712e-20 6.627897e-20 8.005067e+02
437000 2.286571e-22 -4.040840e-20 5.982025e-20 3.312313e+01
438000 3.931011e-21 -3.942400e-20 6.450701e-20 5.694439e+02
439000 4.852508e-21 -4.061833e-20 6.423604e-20 7.029314e+02
440000 2.061068e-21 -4.033585e-20 6.172522e-20 2.985651e+02
441000 4.442193e-22 -3.882949e-20 6.161473e-20 6.434935e+01
442000 2.360636e-21 -3.763497e-20 6.472566e-20 3.419603e+02
443000 9.854406e-22 -4.028892e-20 6.069653e-20 1.427503e+02
444000 5.803310e-22 -3.671864e-20 6.386170e-20 8.406640e+01
445000 1.947205e-22 -3.472608e-20 6.546864e-20 2.820710e+01
446000 9.493699e-21 -3.688037e-20 7.261333e-20 1.375252e+03
447000 7.419502e-22 -3.999161e-20 6.075034e-20 1.074785e+02
448000 1.232849e-23 -3.844307e-20 6.156926e-20 1.785898e+00
449000 4.509677e-24 -3.826323e-20 6.174128e-20 6.532692e-01
450000 6.007607e-24 -3.159794e-20 6.840806e-20 8.702584e-01
451000 9.197169e-23 -3.956819e-20 6.052378e-20 1.332297e+01
452000 1.448772e-21 -3.891775e-20 6.253102e-20 2.098683e+02
453000 2.233929e-21 -3.706851e-20 6.516542e-20 3.236057e+02
454000 1.492434e-20 -3.418714e-20 8.073720e-20 2.161931e+03
455000 1.789223e-22 -3.942460e-20 6.075432e-20 2.591858e+01
456000 3.330534e-22 -3.949207e-20 6.084099e-20 4.824592e+01
457000 2.151221e-21 -3.335364e-20 6.879758e-20 3.116246e+02
458000 2.373769e-21 -3.233649e-20 7.003728e-20 3.438628e+02
459000 4.470429e-22 -3.824455e-20 6.220249e-20 6.475837e+01
460000 1.488349e-21 -3.403092e-20 6.745743e-20 2.156014e+02
461000 1.360339e-21 -3.876577e-20 6.259457e-20 1.970579e+02
462000 2.946276e-21 -3.151909e-20 7.142718e-20 4.267958e+02
463000 8.197536e-22 -4.053018e-20 6.028958e-20 1.187490e+02
464000 7.041027e-22 -4.040620e-20 6.029790e-20 1.019959e+02
465000 3.448115e-21 -3.774503e-20 6.570308e-20 4.994919e+02
466000 2.703956e-21 -3.800928e-20 6.469467e-20 3.916935e+02
467000 5.267677e-21 -4.007360e-20 6.519408e-20 7.630726e+02
468000 8.581822e-24 -3.542375e-20 6.458483e-20 1.243158e+00
469000 8.073143e-22 -3.939994e-20 6.140737e-20 1.169471e+02
470000 1.234497e-21 -4.069814e-20 6.063619e-20 1.788286e+02
471000 2.050636e-20 -3.322049e-20 8.728587e-20 2.970539e+03
472000 1.378881e-21 -3.981187e-20 6.156701e-20 1.997439e+02
473000 9.435597e-22 -3.613537e-20 6.480819e-20 1.366835e+02
474000 2.372626e-21 -4.022387e-20 6.214876e-20 3.436971e+02
475000 2.177263e-21 -3.541900e-20 6.675827e-20 3.153970e+02
476000 1.589247e-23 -4.072215e-20 5.958288e-20 2.302173e+00
477000 7.413146e-22 -3.643083e-20 6.431049e-20 1.073864e+02
478000 1.465766e-21 -3.643557e-20 6.503020e-20 2.123299e+02
479000 9.645028e-21 -3.522053e-20 7.442450e-20 1.397173e+03
480000 4.069734e-22 -3.649875e-20 6.390823e-20 5.895393e+01
481000 1.119224e-20 -3.826606e-20 7.292618e-20 1.621302e+03
482000 6.325328e-22 -3.935503e-20 6.127750e-20 9.162833e+01
483000 2.576085e-21 -3.953257e-20 6.304352e-20 3.731701e+02
484000 6.206297e-21 -3.901458e-20 6.719172e-20 8.990405e+02
485000 7.385879e-22 -4.041725e-20 6.032134e-20 1.069914e+02
486000 1.195445e-20 -4.020689e-20 7.174756e-20 1.731714e+03
487000 1.145425e-21 -3.930393e-20 6.184150e-20 1.659257e+02
488000 8.378149e-21 -3.962278e-20 6.875537e-20 1.213654e+03
489000 2.524589e-21 -3.803828e-20 6.448631e-20 3.657105e+02
490000 4.914594e-21 -3.898299e-20 6.593161e-20 7.119252e+02
491000 9.307967e-22 -3.821026e-20 6.272054e-20 1.348347e+02
492000 1.893474e-21 -3.889783e-20 6.299564e-20 2.742875e+02
493000 8.978314e-22 -4.056077e-20 6.033713e-20 1.300593e+02
494000 1.566256e-21 -4.073276e-20 6.128571e-20 2.268869e+02
495000 4.862551e-21 -3.951055e-20 6.535200e-20 7.043863e+02
496000 1.650326e-23 -3.614986e-20 6.386664e-20 2.390653e+00
497000 1.787538e-21 -3.612248e-20 6.566506e-20 2.589418e+02
498000 1.160381e-22 -3.775731e-20 6.235873e-20 1.680921e+01
499000 1.333870e-21 -4.042106e-20 6.091281e-20 1.932236e+02
500000 8.172003e-22 -4.043697e-20 6.038023e-20 1.183791e+02
501000 1.869167e-23 -3.731105e-20 6.270764e-20 2.707665e+00
502000 1.439644e-21 -3.993282e-20 6.150683e-20 2.085460e+02
503000 4.859231e-23 -4.062310e-20 5.942790e-20 7.039054e+00
504000 4.500568e-21 -4.005658e-20 6.444398e-20 6.519496e+02
505000 4.804779e-21 -4.062425e-20 6.418309e-20 6.960174e+02
506000 2.792694e-21 -3.457517e-20 6.821752e-20 4.045480e+02
507000 3.398671e-21 -4.023968e-20 6.315899e-20 4.923294e+02
508000 1.464850e-21 -3.557866e-20 6.588619e-20 2.121973e+02
509000 6.701423e-21 -3.885143e-20 6.785000e-20 9.707641e+02
510000 4.673055e-21 -3.915348e-20 6.551957e-20 6.769360e+02
511000 4.515920e-21 -3.975534e-20 6.476058e-20 6.541735e+02
512000 2.213118e-21 -4.031973e-20 6.189339e-20 3.205910e+02
513000 5.442511e-21 -3.556476e-20 6.987775e-20 7.883990e+02
514000 1.231031e-22 -3.823491e-20 6.188819e-20 1.783265e+01
515000 3.732226e-22 -4.022225e-20 6.015097e-20 5.406481e+01
516000 1.506867e-22 -3.710927e-20 6.304141e-20 2.182839e+01
517000 6.815818e-21 -3.641701e-20 7.039881e-20 9.873354e+02
518000 3.626599e-21 -1.778047e-20 8.584613e-20 5.253470e+02
519000 5.250057e-22 -3.852666e-20 6.199835e-20 7.605202e+01
520000 2.866820e-21 -2.496009e-20 7.790673e-20 4.152859e+02
521000 3.522325e-23 -3.926411e-20 6.077112e-20 5.102419e+00
522000 1.553829e-21 -3.976786e-20 6.178596e-20 2.250867e+02
523000 2.843057e-21 -3.792664e-20 6.491642e-20 4.118435e+02
524000 1.761133e-22 -3.276141e-20 6.741470e-20 2.551167e+01
525000 1.301702e-22 -3.932879e-20 6.080138e-20 1.885638e+01
526000 2.011915e-21 -3.872040e-20 6.329152e-20 2.914448e+02
527000 5.271202e-25 -3.271560e-20 6.728493e-20 7.635832e-02
528000 6.051149e-25 -4.050774e-20 5.949287e-20 8.765659e-02
529000 5.593806e-23 -4.063231e-20 5.942754e-20 8.103155e+00
530000 5.674543e-22 -3.993546e-20 6.063199e-20 8.220110e+01
531000 7.739722e-22 -4.048230e-20 6.029168e-20 1.121172e+02
532000 1.231307e-23 -3.834584e-20 6.166648e-20 1.783664e+00
533000 7.568722e-22 -3.929114e-20 6.146573e-20 1.096401e+02
534000 4.612366e-21 -3.849155e-20 6.612082e-20 6.681447e+02
535000 1.381813e-21 -3.695799e-20 6.442382e-20 2.001686e+02
536000 1.640927e-21 -3.896692e-20 6.267400e-20 2.377037e+02
537000 3.135080e-24 -4.003044e-20 5.997270e-20 4.541459e-01
538000 1.258435e-20 -3.734165e-20 7.524269e-20 1.822961e+03
539000 1.572734e-22 -3.462939e-20 6.552788e-20 2.278253e+01
540000 3.117686e-23 -3.646998e-20 6.356120e-20 4.516262e+00
541000 6.031462e-22 -3.787347e-20 6.272968e-20 8.737141e+01
542000 4.689261e-21 -3.620425e-20 6.848501e-20 6.792836e+02
543000 9.609237e-23 -4.065262e-20 5.945462e-20 1.391988e+01
544000 9.434620e-21 -3.965557e-20 6.977905e-20 1.366694e+03
545000 1.109511e-21 -3.922015e-20 6.188936e-20 1.607231e+02
546000 2.491098e-23 -3.977161e-20 6.025330e-20 3.608591e+00
547000 1.733875e-21 -4.043724e-20 6.129664e-20 2.511681e+02
548000 1.021938e-21 -4.042260e-20 6.059934e-20 1.480373e+02
549000 5.094736e-21 -3.524397e-20 6.985076e-20 7.380205e+02
550000 3.595025e-22 -3.526028e-20 6.509922e-20 5.207732e+01
551000 2.838473e-21 -3.949330e-20 6.334517e-20 4.111795e+02
552000 3.462559e-22 -3.939838e-20 6.094788e-20 5.015842e+01
553000 2.467510e-23 -3.326559e-20 6.675908e-20 3.574421e+00
554000 2.235210e-21 -3.960475e-20 6.263046e-20 3.237912e+02
555000 6.213642e-24 -3.984629e-20 6.015993e-20 9.001045e-01
556000 6.132278e-21 -4.005431e-20 6.607796e-20 8.883182e+02
557000 1.735333e-23 -3.810849e-20 6.190886e-20 2.513793e+00
558000 8.706344e-23 -4.056855e-20 5.951863e-20 1.261196e+01
559000 3.492028e-24 -3.681960e-20 6.318389e-20 5.058532e-01
560000 4.831480e-21 -3.362661e-20 7.120487e-20 6.998854e+02
561000 3.555874e-21 -4.070967e-20 6.301402e-20 5.151018e+02
562000 5.717456e-23 -3.939766e-20 6.065951e-20 8.282272e+00
563000 3.817640e-23 -4.005570e-20 5.998248e-20 5.530210e+00
564000 1.440074e-21 -4.030364e-20 6.113644e-20 2.086082e+02
565000 4.420684e-21 -3.882922e-20 6.559146e-20 6.403776e+02
566000 1.265667e-21 -4.045316e-20 6.081250e-20 1.833437e+02
567000 3.278570e-21 -3.664683e-20 6.663174e-20 4.749317e+02
568000 5.089601e-22 -3.111370e-20 6.939526e-20 7.372766e+01
569000 7.159379e-22 -3.439388e-20 6.632205e-20 1.037103e+02
570000 3.937262e-21 -4.028968e-20 6.364758e-20 5.703495e+02
571000 2.050587e-21 -3.470146e-20 6.734913e-20 2.970469e+02
572000 9.308863e-23 -4.077269e-20 6.144710e-20 1.348476e+01
573000 2.016080e-21 -3.825648e-20 6.375960e-20 2.920481e+02
574000 1.254428e-21 -3.586291e-20 6.539152e-20 1.817157e+02
575000 3.896368e-22 -4.020960e-20 6.018004e-20 5.644256e+01
576000 1.016381e-24 -4.018931e-20 5.981171e-20 1.472323e-01
577000 5.853547e-21 -4.044462e-20 6.540892e-20 8.479413e+02
578000 3.055557e-21 -3.932859e-20 6.372697e-20 4.426262e+02
579000 1.377454e-21 -3.982117e-20 6.155629e-20 1.995371e+02
580000 1.119419e-21 -4.044400e-20 6.067542e-20 1.621584e+02
581000 4.592524e-24 -3.806868e-20 6.193592e-20 6.652703e-01
582000 1.984332e-21 -4.045663e-20 6.152770e-20 2.874492e+02
583000 5.329866e-25 -4.030290e-20 5.969763e-20 7.720812e-02
584000 3.432975e-21 -4.036382e-20 6.306916e-20 4.972987e+02
585000 4.271262e-21 -3.935413e-20 6.491713e-20 6.187325e+02
586000 1.945593e-21 -3.437145e-20 6.757414e-20 2.818375e+02
587000 2.321213e-22 -3.955034e-20 6.068178e-20 3.362495e+01
588000 2.357954e-22 -4.071817e-20 5.976121e-20 3.415718e+01
589000 3.899864e-22 -3.955598e-20 6.083400e-20 5.649320e+01
590000 1.414033e-21 -4.062855e-20 6.078870e-20 2.048360e+02
591000 1.478541e-21 -3.821079e-20 6.326776e-20 2.141806e+02
592000 1.155747e-21 -3.474028e-20 6.641547e-20 1.674208e+02
593000 7.017896e-21 -4.021771e-20 6.680018e-20 1.016608e+03
594000 1.139584e-21 -3.946750e-20 6.167208e-20 1.650794e+02
595000 4.310292e-22 -3.355594e-20 6.687509e-20 6.243864e+01
596000 1.691777e-20 -4.023444e-20 7.668333e-20 2.450698e+03
597000 1.074513e-21 -4.064012e-20 6.044027e-20 1.556533e+02
598000 1.115293e-21 -3.637795e-20 6.473735e-20 1.615607e+02
599000 5.289822e-21 -4.084028e-20 8.081726e-20 7.662805e+02
600000 9.636596e-23 -3.900420e-20 6.109217e-20 1.395952e+01
601000 2.603880e-23 -3.992139e-20 6.010465e-20 3.771965e+00
602000 7.461981e-23 -3.677869e-20 6.329593e-20 1.080938e+01
603000 7.874606e-22 -3.878990e-20 6.199756e-20 1.140711e+02
604000 8.097317e-22 -3.887250e-20 6.193723e-20 1.172973e+02
605000 4.005733e-22 -4.050482e-20 5.989576e-20 5.802681e+01
606000 2.779024e-22 -3.856272e-20 6.171518e-20 4.025678e+01
607000 5.701189e-22 -3.651178e-20 6.405834e-20 8.258709e+01
608000 5.078761e-22 -3.735677e-20 6.315110e-20 7.357064e+01
609000 8.162198e-21 -3.929913e-20 6.886307e-20 1.182371e+03
610000 4.997216e-22 -4.078227e-20 6.269629e-20 7.238938e+01
611000 9.325636e-23 -2.331234e-20 7.678092e-20 1.350906e+01
612000 3.620868e-22 -3.877495e-20 6.158714e-20 5.245168e+01
613000 8.101343e-23 -4.035696e-20 5.972405e-20 1.173556e+01
614000 6.300927e-22 -3.910604e-20 6.152406e-20 9.127485e+01
615000 2.597827e-21 -4.017304e-20 6.242479e-20 3.763198e+02
616000 2.241745e-23 -3.835279e-20 6.166962e-20 3.247378e+00
617000 3.914770e-22 -4.020620e-20 6.018528e-20 5.670913e+01
618000 6.446781e-22 -3.201766e-20 6.862702e-20 9.338769e+01
619000 4.982236e-23 -4.000250e-20 6.004733e-20 7.217238e+00
620000 1.371655e-23 -3.613068e-20 6.388304e-20 1.986971e+00
621000 6.644499e-22 -3.904171e-20 6.162274e-20 9.625183e+01
622000 7.867914e-22 -4.065121e-20 6.014596e-20 1.139741e+02
623000 1.840847e-21 -4.018824e-20 6.165261e-20 2.666640e+02
624000 4.388171e-24 -4.063257e-20 5.937579e-20 6.356679e-01
625000 5.787112e-22 -4.062324e-20 5.995790e-20 8.383177e+01
626000 5.892999e-24 -3.933661e-20 6.066928e-20 8.536563e-01
627000 1.387726e-21 -4.064295e-20 6.075158e-20 2.010251e+02
628000 1.553089e-22 -4.011426e-20 6.004105e-20 2.249795e+01
629000 1.919292e-23 -4.047090e-20 5.954829e-20 2.780275e+00
630000 5.641726e-23 -3.175562e-20 6.830080e-20 8.172571e+00
631000 2.088483e-21 -3.937952e-20 6.270896e-20 3.025365e+02
632000 3.040004e-21 -3.326823e-20 6.977177e-20 4.403732e+02
633000 1.305465e-24 -4.025227e-20 5.974904e-20 1.891089e-01
634000 3.336171e-21 -3.970320e-20 6.363297e-20 4.832757e+02
635000 1.475496e-21 -3.796084e-20 6.351466e-20 2.137395e+02
636000 3.169320e-21 -4.048554e-20 6.268378e-20 4.591058e+02
637000 3.687692e-24 -4.011688e-20 5.988681e-20 5.341969e-01
638000 4.261000e-22 -2.990724e-20 7.051886e-20 6.172459e+01
639000 3.208730e-21 -3.646936e-20 6.673937e-20 4.648147e+02
640000 1.510675e-21 -3.807460e-20 6.343607e-20 2.188355e+02
641000 2.298924e-21 -3.903696e-20 6.326197e-20 3.330208e+02
642000 3.285756e-22 -3.940749e-20 6.092109e-20 4.759727e+01
643000 6.799066e-22 -3.991874e-20 6.076117e-20 9.849088e+01
644000 9.417660e-21 -3.715845e-20 7.225921e-20 1.364237e+03
645000 9.310882e-22 -4.040297e-20 6.052812e-20 1.348769e+02
646000 1.841721e-23 -4.001924e-20 5.999918e-20 2.667906e+00
647000 9.787842e-21 -3.203828e-20 7.774956e-20 1.417861e+03
648000 8.868963e-22 -3.742374e-20 6.346316e-20 1.284753e+02
649000 7.310522e-21 -2.902945e-20 7.828107e-20 1.058998e+03
650000 1.369935e-22 -3.689448e-20 6.324251e-20 1.984480e+01
651000 1.210435e-22 -4.041141e-20 5.970964e-20 1.753430e+01
652000 2.839521e-22 -3.394209e-20 6.634186e-20 4.113314e+01
653000 9.748637e-22 -3.361037e-20 6.736449e-20 1.412182e+02
654000 8.020135e-22 -3.652199e-20 6.428003e-20 1.161792e+02
655000 1.785412e-21 -4.048020e-20 6.130521e-20 2.586338e+02
656000 1.841849e-21 -3.937898e-20 6.246287e-20 2.668092e+02
657000 2.276101e-21 -4.022329e-20 6.205281e-20 3.297147e+02
658000 1.772233e-21 -2.436295e-20 7.740928e-20 2.567246e+02
659000 2.685354e-21 -4.079903e-20 6.706843e-20 3.889987e+02
660000 2.193856e-22 -4.042578e-20 5.979361e-20 3.178007e+01
661000 5.809039e-22 -3.927104e-20 6.130986e-20 8.414940e+01
662000 3.711477e-23 -4.077103e-20 6.126918e-20 5.376424e+00
663000 4.100040e-22 -4.070381e-20 5.983535e-20 5.939293e+01
664000 2.621678e-21 -4.022398e-20 6.239769e-20 3.797747e+02
665000 1.387208e-21 -2.894075e-20 7.244646e-20 2.009502e+02
666000 2.992237e-24 -3.917149e-20 6.083150e-20 4.334537e-01
667000 5.140428e-21 -4.021519e-20 6.492524e-20 7.446393e+02
668000 1.038846e-20 -3.631104e-20 7.407742e-20 1.504866e+03
669000 6.226327e-23 -3.866533e-20 6.139693e-20 9.019421e+00
670000 9.433542e-22 -3.891139e-20 6.203197e-20 1.366537e+02
671000 6.269508e-21 -3.397420e-20 7.229530e-20 9.081973e+02
672000 2.247723e-21 -3.460075e-20 6.764698e-20 3.256039e+02
673000 5.207554e-21 -2.978738e-20 7.542018e-20 7.543633e+02
674000 2.508744e-20 -4.010791e-20 8.497954e-20 3.634152e+03
675000 8.661516e-23 -3.566221e-20 6.442440e-20 1.254702e+01
676000 2.330926e-22 -3.974677e-20 6.048633e-20 3.376566e+01
677000 4.909508e-22 -3.986792e-20 6.062303e-20 7.111884e+01
678000 3.545777e-21 -3.549417e-20 6.805161e-20 5.136392e+02
679000 5.008561e-21 -3.852189e-20 6.648667e-20 7.255372e+02
680000 8.360157e-22 -3.850092e-20 6.233510e-20 1.211047e+02
681000 9.759124e-22 -3.385534e-20 6.712058e-20 1.413701e+02
682000 2.487754e-22 -4.002003e-20 6.022875e-20 3.603746e+01
683000 3.137531e-21 -3.907018e-20 6.406735e-20 4.545008e+02
684000 4.790967e-22 -3.882101e-20 6.165809e-20 6.940167e+01
685000 1.498402e-22 -3.880064e-20 6.134920e-20 2.170576e+01
686000 1.449176e-21 -3.569403e-20 6.575515e-20 2.099269e+02
687000 9.426423e-22 -3.993823e-20 6.100441e-20 1.365506e+02
688000 2.911679e-22 -3.768217e-20 6.260900e-20 4.217841e+01
689000 7.585297e-22 -4.060213e-20 6.015717e-20 1.098802e+02
690000 6.566949e-21 -3.966391e-20 6.690304e-20 9.512844e+02
691000 2.801767e-22 -3.652319e-20 6.375699e-20 4.058624e+01
692000 3.512852e-22 -3.460516e-20 6.574613e-20 5.088697e+01
693000 5.624133e-22 -3.881313e-20 6.174928e-20 8.147086e+01
694000 5.508771e-24 -3.338802e-20 6.661749e-20 7.979973e-01
695000 4.622504e-24 -3.784184e-20 6.216278e-20 6.696131e-01
696000 3.690713e-21 -3.770507e-20 6.598564e-20 5.346346e+02
697000 1.593935e-21 -3.950671e-20 6.208722e-20 2.308965e+02
698000 4.496314e-23 -3.153882e-20 6.850614e-20 6.513334e+00
699000 1.931006e-20 -3.571713e-20 8.359293e-20 2.797243e+03
700000 2.645186e-22 -3.955876e-20 6.070576e-20 3.831801e+01
701000 4.638923e-22 -4.062588e-20 5.984080e-20 6.719917e+01
702000 6.390130e-21 -4.013279e-20 6.625734e-20 9.256705e+02
703000 2.728854e-21 -3.429523e-20 6.843362e-20 3.953002e+02
704000 3.337170e-21 -4.004316e-20 6.329401e-20 4.834205e+02
705000 3.831003e-22 -3.978461e-20 6.059849e-20 5.549568e+01
706000 7.214716e-24 -4.059945e-20 5.940843e-20 1.045120e+00
707000 4.207695e-21 -3.580801e-20 6.839969e-20 6.095242e+02
708000 3.522978e-22 -3.940092e-20 6.095138e-20 5.103365e+01
709000 1.232485e-22 -4.052792e-20 5.959534e-20 1.785370e+01
710000 1.712850e-22 -3.319175e-20 6.697954e-20 2.481224e+01
711000 3.779086e-21 -3.966224e-20 6.411685e-20 5.474362e+02
712000 4.515154e-23 -2.908951e-20 7.095564e-20 6.540626e+00
713000 4.435307e-22 -4.052168e-20 5.992185e-20 6.424960e+01
714000 6.779596e-22 -3.792470e-20 6.275326e-20 9.820883e+01
715000 3.357978e-23 -3.974773e-20 6.028585e-20 4.864346e+00
716000 2.750208e-21 -3.577476e-20 6.697545e-20 3.983935e+02
717000 1.348931e-21 -3.834944e-20 6.299949e-20 1.954054e+02
718000 3.644005e-23 -3.442210e-20 6.561434e-20 5.278684e+00
719000 5.113675e-21 -3.998035e-20 6.513333e-20 7.407640e+02
720000 3.181051e-22 -3.823105e-20 6.208706e-20 4.608052e+01
721000 3.157081e-21 -4.055030e-20 6.260682e-20 4.573329e+02
722000 1.778544e-22 -3.830092e-20 6.187694e-20 2.576389e+01
723000 3.761561e-24 -3.986981e-20 6.013395e-20 5.448976e-01
724000 5.112139e-22 -4.075325e-20 6.078703e-20 7.405415e+01
725000 2.732081e-21 -3.869547e-20 6.403661e-20 3.957676e+02
726000 1.084925e-21 -3.762591e-20 6.345902e-20 1.571616e+02
727000 1.009514e-21 -4.062078e-20 6.039086e-20 1.462376e+02
728000 4.255424e-22 -3.072350e-20 6.970204e-20 6.164383e+01
729000 2.710824e-21 -3.675847e-20 6.595236e-20 3.926884e+02
730000 4.540258e-22 -4.047390e-20 5.998013e-20 6.576991e+01
731000 1.863814e-21 -4.028561e-20 6.157821e-20 2.699910e+02
732000 1.734918e-22 -3.719116e-20 6.298234e-20 2.513192e+01
733000 8.942898e-24 -3.612826e-20 6.388068e-20 1.295463e+00
734000 2.829504e-21 -4.005071e-20 6.277879e-20 4.098803e+02
735000 5.345103e-22 -3.469517e-20 6.583934e-20 7.742884e+01
736000 2.181582e-21 -4.011700e-20 6.206459e-20 3.160226e+02
737000 5.773654e-21 -3.693720e-20 6.883645e-20 8.363681e+02
738000 3.922403e-21 -3.966656e-20 6.425584e-20 5.681970e+02
739000 1.362056e-21 -4.050006e-20 6.086199e-20 1.973066e+02
740000 3.154845e-21 -3.968012e-20 6.347473e-20 4.570090e+02
741000 4.639677e-24 -3.964973e-20 6.035491e-20 6.721009e-01
742000 1.905418e-21 -3.652456e-20 6.538085e-20 2.760177e+02
743000 4.234582e-22 -3.458197e-20 6.584149e-20 6.134191e+01
744000 3.542318e-24 -3.859055e-20 6.141300e-20 5.131381e-01
745000 2.984208e-22 -3.534092e-20 6.495751e-20 4.322907e+01
746000 5.705456e-21 -4.074235e-20 6.563232e-20 8.264890e+02
747000 2.085007e-23 -3.945218e-20 6.056867e-20 3.020330e+00
748000 6.798843e-22 -3.900591e-20 6.167397e-20 9.848764e+01
749000 5.807345e-22 -4.012028e-20 6.046046e-20 8.412485e+01
750000 1.630658e-22 -3.578230e-20 6.438077e-20 2.362162e+01
751000 4.731730e-21 -3.957490e-20 6.515683e-20 6.854355e+02
752000 1.218230e-21 -3.690103e-20 6.431720e-20 1.764721e+02
753000 3.084347e-21 -4.065830e-20 6.244087e-20 4.467967e+02
754000 1.408145e-21 -3.726535e-20 6.414280e-20 2.039830e+02
755000 8.737717e-22 -3.740636e-20 6.346741e-20 1.265740e+02
756000 2.203020e-21 -3.247819e-20 6.972483e-20 3.191282e+02
757000 2.195919e-21 -3.443907e-20 6.775685e-20 3.180996e+02
758000 8.758254e-22 -4.009284e-20 6.078298e-20 1.268715e+02
759000 1.076714e-21 -4.039486e-20 6.068185e-20 1.559721e+02
760000 5.674672e-22 -3.934691e-20 6.122055e-20 8.220297e+01
761000 6.036892e-22 -4.041676e-20 6.018693e-20 8.745007e+01
762000 2.109207e-21 -3.951654e-20 6.259267e-20 3.055384e+02
763000 5.017564e-23 -3.955068e-20 6.049950e-20 7.268413e+00
764000 2.073866e-21 -3.958794e-20 6.248593e-20 3.004190e+02
765000 7.683020e-21 -4.073117e-20 6.737528e-20 1.112958e+03
766000 2.093733e-21 -4.064770e-20 6.145472e-20 3.032969e+02
767000 1.036362e-20 -3.816511e-20 7.219850e-20 1.501267e+03
768000 1.131108e-24 -4.067087e-20 5.935782e-20 1.638516e-01
769000 8.758839e-22 -3.701375e-20 6.386214e-20 1.268800e+02
770000 4.645692e-21 -4.028485e-20 6.436084e-20 6.729722e+02
771000 1.669296e-21 -3.942091e-20 6.224838e-20 2.418133e+02
772000 8.782846e-22 -3.888130e-20 6.199698e-20 1.272278e+02
773000 3.868954e-21 -3.568384e-20 6.818511e-20 5.604544e+02
774000 2.894062e-21 -3.431076e-20 6.858331e-20 4.192321e+02
775000 8.995456e-22 -3.864302e-20 6.225652e-20 1.303077e+02
776000 7.592971e-21 -2.545224e-20 8.214073e-20 1.099913e+03
777000 6.281818e-21 -3.965934e-20 6.662248e-20 9.099804e+02
778000 6.382018e-23 -4.001183e-20 6.005199e-20 9.244953e+00
779000 1.191420e-21 -3.310318e-20 6.808824e-20 1.725884e+02
780000 6.956183e-22 -3.819312e-20 6.250250e-20 1.007669e+02
781000 4.020414e-22 -3.802084e-20 6.238120e-20 5.823948e+01
782000 6.595934e-22 -3.695475e-20 6.370484e-20 9.554831e+01
783000 9.698095e-23 -4.049849e-20 5.959849e-20 1.404860e+01
784000 4.397445e-24 -3.592089e-20 6.408351e-20 6.370113e-01
785000 3.014274e-23 -4.010561e-20 5.992454e-20 4.366459e+00
786000 1.123597e-21 -3.754674e-20 6.357685e-20 1.627635e+02
787000 5.707434e-22 -3.733132e-20 6.323942e-20 8.267755e+01
788000 1.221700e-21 -4.063329e-20 6.059253e-20 1.769748e+02
789000 9.822715e-22 -3.765125e-20 6.333102e-20 1.422913e+02
790000 4.213652e-22 -3.912913e-20 6.129223e-20 6.103872e+01
791000 4.274885e-22 -3.436117e-20 6.606632e-20 6.192573e+01
792000 2.520580e-21 -4.019553e-20 6.232505e-20 3.651298e+02
793000 2.144431e-22 -4.025983e-20 5.995461e-20 3.106410e+01
794000 5.610104e-23 -3.932542e-20 6.073068e-20 8.126763e+00
795000 4.319861e-21 -2.052180e-20 8.379807e-20 6.257726e+02
796000 2.168781e-22 -4.022711e-20 5.998977e-20 3.141683e+01
797000 4.456118e-21 -4.073647e-20 6.424668e-20 6.455106e+02
798000 3.597852e-23 -4.017395e-20 5.986203e-20 5.211827e+00
799000 1.174789e-22 -3.997571e-20 6.014177e-20 1.701792e+01
800000 2.395645e-21 -3.837003e-20 6.402561e-20 3.470317e+02
801000 1.186522e-22 -4.064051e-20 5.948414e-20 1.718789e+01
802000 2.448249e-21 -4.062404e-20 6.182673e-20 3.546519e+02
803000 6.984938e-22 -3.253913e-20 6.815936e-20 1.011834e+02
804000 4.274666e-22 -4.048633e-20 5.994113e-20 6.192256e+01
805000 1.380904e-21 -3.674649e-20 6.463442e-20 2.000370e+02
806000 1.097226e-21 -3.926435e-20 6.183287e-20 1.589435e+02
807000 6.089444e-23 -3.961684e-20 6.044405e-20 8.821132e+00
808000 1.739981e-21 -3.629369e-20 6.544629e-20 2.520526e+02
809000 1.145584e-21 -3.808920e-20 6.305638e-20 1.659486e+02
810000 7.569671e-22 -3.944840e-20 6.130857e-20 1.096538e+02
811000 1.499262e-21 -3.800529e-20 6.349397e-20 2.171822e+02
812000 8.166686e-23 -3.661160e-20 6.347006e-20 1.183021e+01
813000 3.551864e-21 -3.318491e-20 7.036695e-20 5.145210e+02
814000 2.851150e-23 -3.982236e-20 6.020616e-20 4.130159e+00
815000 2.452366e-23 -4.040041e-20 5.962412e-20 3.552483e+00
816000 1.046167e-21 -3.596315e-20 6.508302e-20 1.515472e+02
817000 4.141719e-23 -3.933486e-20 6.070656e-20 5.999670e+00
818000 1.202289e-21 -3.845798e-20 6.274431e-20 1.741629e+02
819000 6.212568e-21 -3.928643e-20 6.692614e-20 8.999490e+02
820000 1.216151e-21 -3.690075e-20 6.431540e-20 1.761710e+02
821000 2.525555e-22 -3.822470e-20 6.202785e-20 3.658504e+01
822000 8.979610e-22 -4.033935e-20 6.055861e-20 1.300781e+02
823000 6.090996e-22 -4.061103e-20 5.999932e-20 8.823381e+01
824000 7.861866e-21 -3.849036e-20 6.937151e-20 1.138865e+03
825000 2.641985e-21 -3.921149e-20 6.343049e-20 3.827164e+02
826000 1.829170e-20 -4.060780e-20 7.768495e-20 2.649725e+03
827000 3.421204e-21 -3.886935e-20 6.455185e-20 4.955936e+02
828000 1.385708e-21 -3.983974e-20 6.154596e-20 2.007328e+02
829000 2.222219e-22 -3.859564e-20 6.162658e-20 3.219094e+01
830000 2.367739e-21 -3.992865e-20 6.243909e-20 3.429893e+02
831000 2.608617e-21 -3.817396e-20 6.443466e-20 3.778827e+02
832000 5.333812e-21 -4.065328e-20 6.469205e-20 7.726528e+02
833000 3.949690e-21 -4.013156e-20 6.381813e-20 5.721498e+02
834000 7.789733e-22 -3.861156e-20 6.216741e-20 1.128416e+02
835000 2.335037e-21 -3.904140e-20 6.329364e-20 3.382520e+02
836000 4.053389e-22 -3.929414e-20 6.111120e-20 5.871716e+01
837000 6.842339e-23 -3.831944e-20 6.174898e-20 9.911772e+00
838000 2.761843e-21 -3.994551e-20 6.281634e-20 4.000790e+02
839000 3.317652e-22 -3.339654e-20 6.693522e-20 4.805931e+01
840000 2.854468e-22 -3.319805e-20 6.708740e-20 4.134966e+01
841000 4.202838e-21 -3.005750e-20 7.414534e-20 6.088207e+02
842000 2.919836e-21 -3.486450e-20 6.805534e-20 4.229657e+02
843000 1.295700e-22 -4.060281e-20 5.952756e-20 1.876944e+01
844000 4.597919e-23 -3.409333e-20 6.595265e-20 6.660518e+00
845000 1.014132e-21 -4.020900e-20 6.080513e-20 1.469066e+02
846000 2.141233e-22 -3.996064e-20 6.025348e-20 3.101777e+01
847000 5.873980e-21 -3.637804e-20 6.949594e-20 8.509013e+02
848000 3.403844e-22 -3.605473e-20 6.428566e-20 4.930789e+01
849000 6.857679e-21 -4.070509e-20 6.628940e-20 9.933993e+02
850000 6.476324e-22 -4.046322e-20 6.018441e-20 9.381565e+01
851000 3.535317e-22 -4.055201e-20 5.980157e-20 5.121239e+01
852000 8.258859e-21 -3.419051e-20 7.406835e-20 1.196373e+03
853000 1.782909e-21 -3.996882e-20 6.181409e-20 2.582712e+02
854000 4.990067e-21 -4.074611e-20 6.502165e-20 7.228581e+02
855000 7.308466e-21 -3.841090e-20 6.889757e-20 1.058700e+03
856000 5.069761e-22 -3.277306e-20 6.773392e-20 7.344027e+01
857000 3.307544e-21 -3.855179e-20 6.475575e-20 4.791288e+02
858000 2.242279e-23 -4.022623e-20 5.979619e-20 3.248153e+00
859000 1.799867e-21 -3.929537e-20 6.250450e-20 2.607277e+02
860000 2.230636e-21 -3.938895e-20 6.284169e-20 3.231286e+02
861000 2.913981e-22 -3.910615e-20 6.118525e-20 4.221176e+01
862000 5.474602e-21 -3.966309e-20 6.581152e-20 7.930476e+02
863000 6.109310e-22 -3.914271e-20 6.146822e-20 8.849911e+01
864000 2.549623e-21 -4.068151e-20 6.191408e-20 3.693369e+02
865000 1.476183e-22 -3.641864e-20 6.372898e-20 2.138390e+01
866000 1.456295e-23 -4.067488e-20 5.937315e-20 2.109580e+00
867000 2.057409e-22 -4.052891e-20 5.967684e-20 2.980350e+01
868000 8.484463e-22 -3.991693e-20 6.093152e-20 1.229054e+02
869000 2.289683e-21 -3.862734e-20 6.366234e-20 3.316822e+02
870000 2.170466e-24 -4.038765e-20 5.961452e-20 3.144124e-01
871000 2.747822e-21 -3.940973e-20 6.333809e-20 3.980479e+02
872000 7.089161e-21 -4.062834e-20 6.646400e-20 1.026932e+03
873000 2.436144e-23 -4.057292e-20 5.945159e-20 3.528983e+00
874000 1.038127e-21 -4.050716e-20 6.053097e-20 1.503825e+02
875000 8.742349e-22 -3.704734e-20 6.382689e-20 1.266412e+02
876000 1.012886e-21 -3.757010e-20 6.344278e-20 1.467260e+02
877000 2.949947e-23 -3.816659e-20 6.186291e-20 4.273275e+00
878000 1.184815e-21 -3.723839e-20 6.394642e-20 1.716316e+02
879000 6.801582e-23 -4.045299e-20 5.961502e-20 9.852732e+00
