FX FY FZ 
2.730548e-10 0.000000e+00 0.000000e+00
-1.443240e-10 0.000000e+00 0.000000e+00
3.197374e-10 0.000000e+00 0.000000e+00
4.703363e-10 0.000000e+00 0.000000e+00
2.482718e-10 0.000000e+00 0.000000e+00
-2.820404e-10 0.000000e+00 0.000000e+00
1.790771e-10 0.000000e+00 0.000000e+00
1.688052e-10 0.000000e+00 0.000000e+00
1.690381e-10 0.000000e+00 0.000000e+00
-6.811453e-10 0.000000e+00 0.000000e+00
4.213218e-10 0.000000e+00 0.000000e+00
3.851256e-10 0.000000e+00 0.000000e+00
3.376555e-10 0.000000e+00 0.000000e+00
-6.889843e-11 0.000000e+00 0.000000e+00
1.140199e-10 0.000000e+00 0.000000e+00
-1.558474e-10 0.000000e+00 0.000000e+00
-1.530611e-12 0.000000e+00 0.000000e+00
3.047034e-10 0.000000e+00 0.000000e+00
5.328204e-10 0.000000e+00 0.000000e+00
3.460899e-10 0.000000e+00 0.000000e+00
6.262179e-10 0.000000e+00 0.000000e+00
-6.098266e-10 0.000000e+00 0.000000e+00
-9.719533e-11 0.000000e+00 0.000000e+00
8.048986e-11 0.000000e+00 0.000000e+00
-1.583267e-10 0.000000e+00 0.000000e+00
-4.670176e-11 0.000000e+00 0.000000e+00
1.652956e-10 0.000000e+00 0.000000e+00
4.455077e-10 0.000000e+00 0.000000e+00
2.630366e-10 0.000000e+00 0.000000e+00
-3.168694e-11 0.000000e+00 0.000000e+00
3.522498e-10 0.000000e+00 0.000000e+00
2.694346e-10 0.000000e+00 0.000000e+00
-2.817993e-10 0.000000e+00 0.000000e+00
1.128595e-10 0.000000e+00 0.000000e+00
-1.728139e-10 0.000000e+00 0.000000e+00
1.363004e-10 0.000000e+00 0.000000e+00
-6.630371e-10 0.000000e+00 0.000000e+00
2.502544e-11 0.000000e+00 0.000000e+00
-8.492317e-10 0.000000e+00 0.000000e+00
2.259091e-10 0.000000e+00 0.000000e+00
-3.000740e-10 0.000000e+00 0.000000e+00
1.051043e-10 0.000000e+00 0.000000e+00
-8.211270e-11 0.000000e+00 0.000000e+00
-4.224998e-10 0.000000e+00 0.000000e+00
-2.215691e-10 0.000000e+00 0.000000e+00
3.199675e-10 0.000000e+00 0.000000e+00
1.674616e-10 0.000000e+00 0.000000e+00
1.282020e-10 0.000000e+00 0.000000e+00
3.472620e-10 0.000000e+00 0.000000e+00
4.470239e-11 0.000000e+00 0.000000e+00
4.768204e-10 0.000000e+00 0.000000e+00
1.953515e-10 0.000000e+00 0.000000e+00
3.693768e-11 0.000000e+00 0.000000e+00
3.029013e-10 0.000000e+00 0.000000e+00
-3.011559e-11 0.000000e+00 0.000000e+00
5.926459e-10 0.000000e+00 0.000000e+00
-1.068489e-10 0.000000e+00 0.000000e+00
2.904937e-11 0.000000e+00 0.000000e+00
-6.091931e-10 0.000000e+00 0.000000e+00
2.170690e-10 0.000000e+00 0.000000e+00
-7.174641e-10 0.000000e+00 0.000000e+00
-4.882883e-10 0.000000e+00 0.000000e+00
6.769756e-11 0.000000e+00 0.000000e+00
1.322062e-10 0.000000e+00 0.000000e+00
5.154338e-11 0.000000e+00 0.000000e+00
2.784235e-10 0.000000e+00 0.000000e+00
1.290941e-10 0.000000e+00 0.000000e+00
2.620979e-10 0.000000e+00 0.000000e+00
5.646145e-10 0.000000e+00 0.000000e+00
-6.240373e-10 0.000000e+00 0.000000e+00
-1.167199e-10 0.000000e+00 0.000000e+00
-3.234568e-10 0.000000e+00 0.000000e+00
-2.273768e-10 0.000000e+00 0.000000e+00
-3.944690e-10 0.000000e+00 0.000000e+00
4.245106e-10 0.000000e+00 0.000000e+00
2.726355e-10 0.000000e+00 0.000000e+00
3.776653e-11 0.000000e+00 0.000000e+00
-1.726366e-10 0.000000e+00 0.000000e+00
7.254366e-11 0.000000e+00 0.000000e+00
-1.740793e-11 0.000000e+00 0.000000e+00
-3.988707e-11 0.000000e+00 0.000000e+00
4.214675e-10 0.000000e+00 0.000000e+00
2.572387e-10 0.000000e+00 0.000000e+00
2.820174e-11 0.000000e+00 0.000000e+00
-4.886712e-11 0.000000e+00 0.000000e+00
-3.845133e-10 0.000000e+00 0.000000e+00
1.708053e-10 0.000000e+00 0.000000e+00
3.085627e-10 0.000000e+00 0.000000e+00
-4.777405e-11 0.000000e+00 0.000000e+00
3.038130e-10 0.000000e+00 0.000000e+00
8.299048e-11 0.000000e+00 0.000000e+00
3.040723e-11 0.000000e+00 0.000000e+00
9.676753e-11 0.000000e+00 0.000000e+00
4.040954e-10 0.000000e+00 0.000000e+00
-6.364307e-11 0.000000e+00 0.000000e+00
-4.118891e-10 0.000000e+00 0.000000e+00
-1.627583e-10 0.000000e+00 0.000000e+00
2.547277e-10 0.000000e+00 0.000000e+00
-4.703806e-10 0.000000e+00 0.000000e+00
4.223828e-11 0.000000e+00 0.000000e+00
3.636994e-11 0.000000e+00 0.000000e+00
-4.793201e-10 0.000000e+00 0.000000e+00
4.516397e-11 0.000000e+00 0.000000e+00
3.446737e-10 0.000000e+00 0.000000e+00
5.217945e-10 0.000000e+00 0.000000e+00
2.099331e-10 0.000000e+00 0.000000e+00
-2.911597e-10 0.000000e+00 0.000000e+00
-1.159524e-10 0.000000e+00 0.000000e+00
-5.702049e-10 0.000000e+00 0.000000e+00
-3.010455e-10 0.000000e+00 0.000000e+00
1.615061e-10 0.000000e+00 0.000000e+00
-3.407725e-10 0.000000e+00 0.000000e+00
2.425150e-11 0.000000e+00 0.000000e+00
1.643101e-10 0.000000e+00 0.000000e+00
2.530229e-10 0.000000e+00 0.000000e+00
3.492191e-10 0.000000e+00 0.000000e+00
-3.576868e-11 0.000000e+00 0.000000e+00
-2.902170e-10 0.000000e+00 0.000000e+00
-1.131000e-10 0.000000e+00 0.000000e+00
-5.389402e-10 0.000000e+00 0.000000e+00
2.906430e-10 0.000000e+00 0.000000e+00
5.419155e-10 0.000000e+00 0.000000e+00
1.211228e-10 0.000000e+00 0.000000e+00
-2.202552e-10 0.000000e+00 0.000000e+00
4.560987e-10 0.000000e+00 0.000000e+00
-8.577863e-10 0.000000e+00 0.000000e+00
-1.554984e-10 0.000000e+00 0.000000e+00
-5.543513e-10 0.000000e+00 0.000000e+00
2.448850e-10 0.000000e+00 0.000000e+00
4.106784e-10 0.000000e+00 0.000000e+00
-3.199183e-10 0.000000e+00 0.000000e+00
-4.348135e-10 0.000000e+00 0.000000e+00
-6.601595e-10 0.000000e+00 0.000000e+00
2.860838e-10 0.000000e+00 0.000000e+00
4.530619e-10 0.000000e+00 0.000000e+00
-1.704861e-10 0.000000e+00 0.000000e+00
4.047707e-10 0.000000e+00 0.000000e+00
3.903160e-10 0.000000e+00 0.000000e+00
3.509227e-10 0.000000e+00 0.000000e+00
-4.781911e-10 0.000000e+00 0.000000e+00
1.164725e-10 0.000000e+00 0.000000e+00
4.689178e-10 0.000000e+00 0.000000e+00
2.285513e-10 0.000000e+00 0.000000e+00
1.085496e-10 0.000000e+00 0.000000e+00
8.119680e-11 0.000000e+00 0.000000e+00
-7.168295e-10 0.000000e+00 0.000000e+00
1.856497e-10 0.000000e+00 0.000000e+00
4.789811e-10 0.000000e+00 0.000000e+00
-3.140331e-10 0.000000e+00 0.000000e+00
-4.942102e-10 0.000000e+00 0.000000e+00
-1.043064e-11 0.000000e+00 0.000000e+00
3.128799e-10 0.000000e+00 0.000000e+00
5.129367e-10 0.000000e+00 0.000000e+00
1.581864e-10 0.000000e+00 0.000000e+00
-5.931616e-10 0.000000e+00 0.000000e+00
-3.967721e-10 0.000000e+00 0.000000e+00
-1.142259e-10 0.000000e+00 0.000000e+00
-3.972912e-10 0.000000e+00 0.000000e+00
3.655592e-10 0.000000e+00 0.000000e+00
4.757048e-10 0.000000e+00 0.000000e+00
7.504350e-11 0.000000e+00 0.000000e+00
-4.326847e-10 0.000000e+00 0.000000e+00
3.471536e-10 0.000000e+00 0.000000e+00
-2.242177e-10 0.000000e+00 0.000000e+00
2.760342e-10 0.000000e+00 0.000000e+00
2.568282e-10 0.000000e+00 0.000000e+00
-4.004215e-10 0.000000e+00 0.000000e+00
-3.176854e-11 0.000000e+00 0.000000e+00
-9.968960e-11 0.000000e+00 0.000000e+00
-2.170850e-10 0.000000e+00 0.000000e+00
-1.230349e-10 0.000000e+00 0.000000e+00
4.629320e-10 0.000000e+00 0.000000e+00
3.976173e-10 0.000000e+00 0.000000e+00
-2.951372e-10 0.000000e+00 0.000000e+00
-1.048680e-10 0.000000e+00 0.000000e+00
8.715898e-11 0.000000e+00 0.000000e+00
-8.243685e-10 0.000000e+00 0.000000e+00
1.340923e-10 0.000000e+00 0.000000e+00
2.226390e-12 0.000000e+00 0.000000e+00
5.378310e-11 0.000000e+00 0.000000e+00
9.246251e-11 0.000000e+00 0.000000e+00
3.575261e-10 0.000000e+00 0.000000e+00
2.132298e-10 0.000000e+00 0.000000e+00
1.046601e-10 0.000000e+00 0.000000e+00
9.173122e-11 0.000000e+00 0.000000e+00
4.413619e-10 0.000000e+00 0.000000e+00
-5.290484e-10 0.000000e+00 0.000000e+00
1.832584e-10 0.000000e+00 0.000000e+00
9.396616e-11 0.000000e+00 0.000000e+00
-2.119085e-10 0.000000e+00 0.000000e+00
2.688119e-10 0.000000e+00 0.000000e+00
-3.612218e-10 0.000000e+00 0.000000e+00
-5.973735e-11 0.000000e+00 0.000000e+00
4.484335e-10 0.000000e+00 0.000000e+00
-1.067158e-10 0.000000e+00 0.000000e+00
1.951485e-10 0.000000e+00 0.000000e+00
3.133897e-10 0.000000e+00 0.000000e+00
5.002404e-10 0.000000e+00 0.000000e+00
-6.637685e-10 0.000000e+00 0.000000e+00
-3.601812e-10 0.000000e+00 0.000000e+00
6.849663e-11 0.000000e+00 0.000000e+00
4.583117e-10 0.000000e+00 0.000000e+00
2.275931e-10 0.000000e+00 0.000000e+00
1.287184e-10 0.000000e+00 0.000000e+00
2.037061e-10 0.000000e+00 0.000000e+00
-3.990446e-10 0.000000e+00 0.000000e+00
3.310970e-10 0.000000e+00 0.000000e+00
-6.065608e-10 0.000000e+00 0.000000e+00
1.828095e-10 0.000000e+00 0.000000e+00
-8.829399e-10 0.000000e+00 0.000000e+00
7.950376e-11 0.000000e+00 0.000000e+00
-6.012309e-10 0.000000e+00 0.000000e+00
2.086342e-10 0.000000e+00 0.000000e+00
-2.139544e-12 0.000000e+00 0.000000e+00
-3.900718e-10 0.000000e+00 0.000000e+00
4.570546e-10 0.000000e+00 0.000000e+00
-2.865561e-11 0.000000e+00 0.000000e+00
2.297119e-11 0.000000e+00 0.000000e+00
-2.598794e-10 0.000000e+00 0.000000e+00
3.790271e-10 0.000000e+00 0.000000e+00
-2.030190e-09 0.000000e+00 0.000000e+00
-2.811336e-10 0.000000e+00 0.000000e+00
-2.355404e-10 0.000000e+00 0.000000e+00
3.546723e-10 0.000000e+00 0.000000e+00
-1.852070e-10 0.000000e+00 0.000000e+00
6.028077e-10 0.000000e+00 0.000000e+00
1.499594e-10 0.000000e+00 0.000000e+00
4.596661e-10 0.000000e+00 0.000000e+00
-3.199171e-10 0.000000e+00 0.000000e+00
-4.672166e-10 0.000000e+00 0.000000e+00
8.888469e-11 0.000000e+00 0.000000e+00
1.847916e-10 0.000000e+00 0.000000e+00
3.241253e-10 0.000000e+00 0.000000e+00
-1.008942e-10 0.000000e+00 0.000000e+00
-2.067930e-10 0.000000e+00 0.000000e+00
-5.984737e-10 0.000000e+00 0.000000e+00
4.475223e-10 0.000000e+00 0.000000e+00
-6.875980e-11 0.000000e+00 0.000000e+00
3.838976e-10 0.000000e+00 0.000000e+00
-2.758908e-10 0.000000e+00 0.000000e+00
-3.628916e-10 0.000000e+00 0.000000e+00
-1.898839e-10 0.000000e+00 0.000000e+00
-6.790969e-10 0.000000e+00 0.000000e+00
5.914905e-10 0.000000e+00 0.000000e+00
2.202503e-10 0.000000e+00 0.000000e+00
-1.022903e-10 0.000000e+00 0.000000e+00
3.806236e-10 0.000000e+00 0.000000e+00
2.187524e-10 0.000000e+00 0.000000e+00
3.273053e-10 0.000000e+00 0.000000e+00
1.152681e-10 0.000000e+00 0.000000e+00
1.859466e-10 0.000000e+00 0.000000e+00
-4.350432e-10 0.000000e+00 0.000000e+00
-1.113580e-10 0.000000e+00 0.000000e+00
-2.602404e-11 0.000000e+00 0.000000e+00
-4.973989e-11 0.000000e+00 0.000000e+00
-8.828079e-11 0.000000e+00 0.000000e+00
2.599724e-10 0.000000e+00 0.000000e+00
-1.473163e-10 0.000000e+00 0.000000e+00
5.437804e-10 0.000000e+00 0.000000e+00
-2.909460e-10 0.000000e+00 0.000000e+00
1.165720e-10 0.000000e+00 0.000000e+00
2.315800e-10 0.000000e+00 0.000000e+00
-4.199799e-10 0.000000e+00 0.000000e+00
-5.875075e-10 0.000000e+00 0.000000e+00
5.975122e-10 0.000000e+00 0.000000e+00
6.199751e-10 0.000000e+00 0.000000e+00
3.554077e-11 0.000000e+00 0.000000e+00
-1.666449e-10 0.000000e+00 0.000000e+00
2.655275e-10 0.000000e+00 0.000000e+00
2.601002e-10 0.000000e+00 0.000000e+00
1.380921e-10 0.000000e+00 0.000000e+00
4.669131e-10 0.000000e+00 0.000000e+00
-3.273644e-10 0.000000e+00 0.000000e+00
1.574973e-10 0.000000e+00 0.000000e+00
-1.055774e-11 0.000000e+00 0.000000e+00
1.367569e-10 0.000000e+00 0.000000e+00
1.143022e-10 0.000000e+00 0.000000e+00
3.399965e-10 0.000000e+00 0.000000e+00
-5.902373e-10 0.000000e+00 0.000000e+00
-3.921504e-10 0.000000e+00 0.000000e+00
-8.145779e-11 0.000000e+00 0.000000e+00
1.741197e-10 0.000000e+00 0.000000e+00
2.225377e-10 0.000000e+00 0.000000e+00
-5.814215e-10 0.000000e+00 0.000000e+00
1.444285e-10 0.000000e+00 0.000000e+00
9.793436e-11 0.000000e+00 0.000000e+00
-1.484562e-11 0.000000e+00 0.000000e+00
-4.711844e-10 0.000000e+00 0.000000e+00
-3.076985e-10 0.000000e+00 0.000000e+00
2.197176e-10 0.000000e+00 0.000000e+00
-9.026153e-11 0.000000e+00 0.000000e+00
-8.448007e-11 0.000000e+00 0.000000e+00
-3.123555e-10 0.000000e+00 0.000000e+00
-6.718898e-11 0.000000e+00 0.000000e+00
-3.222956e-10 0.000000e+00 0.000000e+00
1.203413e-10 0.000000e+00 0.000000e+00
2.820542e-10 0.000000e+00 0.000000e+00
1.239260e-10 0.000000e+00 0.000000e+00
-5.239665e-11 0.000000e+00 0.000000e+00
5.289310e-10 0.000000e+00 0.000000e+00
1.034822e-10 0.000000e+00 0.000000e+00
2.007046e-10 0.000000e+00 0.000000e+00
1.747787e-10 0.000000e+00 0.000000e+00
3.303449e-10 0.000000e+00 0.000000e+00
3.951240e-10 0.000000e+00 0.000000e+00
1.609558e-10 0.000000e+00 0.000000e+00
6.178577e-10 0.000000e+00 0.000000e+00
3.681035e-10 0.000000e+00 0.000000e+00
5.190836e-10 0.000000e+00 0.000000e+00
1.471249e-10 0.000000e+00 0.000000e+00
2.712223e-10 0.000000e+00 0.000000e+00
4.638298e-10 0.000000e+00 0.000000e+00
3.512591e-10 0.000000e+00 0.000000e+00
2.455442e-10 0.000000e+00 0.000000e+00
2.322143e-10 0.000000e+00 0.000000e+00
2.573330e-10 0.000000e+00 0.000000e+00
1.811580e-10 0.000000e+00 0.000000e+00
3.349239e-10 0.000000e+00 0.000000e+00
1.852950e-10 0.000000e+00 0.000000e+00
4.458468e-10 0.000000e+00 0.000000e+00
2.681689e-10 0.000000e+00 0.000000e+00
2.300704e-10 0.000000e+00 0.000000e+00
5.449615e-10 0.000000e+00 0.000000e+00
5.225815e-10 0.000000e+00 0.000000e+00
1.765677e-10 0.000000e+00 0.000000e+00
3.359086e-10 0.000000e+00 0.000000e+00
3.690123e-10 0.000000e+00 0.000000e+00
2.822460e-10 0.000000e+00 0.000000e+00
2.395917e-10 0.000000e+00 0.000000e+00
2.675777e-10 0.000000e+00 0.000000e+00
4.675940e-10 0.000000e+00 0.000000e+00
6.151845e-10 0.000000e+00 0.000000e+00
1.382658e-10 0.000000e+00 0.000000e+00
4.825872e-10 0.000000e+00 0.000000e+00
1.572923e-10 0.000000e+00 0.000000e+00
2.294898e-10 0.000000e+00 0.000000e+00
3.992432e-10 0.000000e+00 0.000000e+00
1.763617e-10 0.000000e+00 0.000000e+00
1.766953e-10 0.000000e+00 0.000000e+00
5.732443e-10 0.000000e+00 0.000000e+00
3.090015e-10 0.000000e+00 0.000000e+00
4.113789e-10 0.000000e+00 0.000000e+00
1.917456e-10 0.000000e+00 0.000000e+00
4.164640e-10 0.000000e+00 0.000000e+00
4.009657e-10 0.000000e+00 0.000000e+00
3.205070e-10 0.000000e+00 0.000000e+00
5.493063e-10 0.000000e+00 0.000000e+00
5.319304e-10 0.000000e+00 0.000000e+00
2.878283e-10 0.000000e+00 0.000000e+00
2.416519e-10 0.000000e+00 0.000000e+00
2.226815e-10 0.000000e+00 0.000000e+00
1.780503e-10 0.000000e+00 0.000000e+00
3.841277e-10 0.000000e+00 0.000000e+00
4.742953e-10 0.000000e+00 0.000000e+00
1.677603e-10 0.000000e+00 0.000000e+00
3.542591e-10 0.000000e+00 0.000000e+00
2.835801e-10 0.000000e+00 0.000000e+00
2.530915e-10 0.000000e+00 0.000000e+00
1.739530e-10 0.000000e+00 0.000000e+00
1.765194e-10 0.000000e+00 0.000000e+00
2.854945e-10 0.000000e+00 0.000000e+00
6.167165e-10 0.000000e+00 0.000000e+00
5.029774e-10 0.000000e+00 0.000000e+00
3.687138e-10 0.000000e+00 0.000000e+00
5.232775e-10 0.000000e+00 0.000000e+00
4.525288e-10 0.000000e+00 0.000000e+00
2.666582e-10 0.000000e+00 0.000000e+00
5.506448e-10 0.000000e+00 0.000000e+00
2.195052e-10 0.000000e+00 0.000000e+00
2.803495e-10 0.000000e+00 0.000000e+00
3.799834e-10 0.000000e+00 0.000000e+00
5.339297e-10 0.000000e+00 0.000000e+00
3.002975e-10 0.000000e+00 0.000000e+00
6.327759e-10 0.000000e+00 0.000000e+00
1.741215e-10 0.000000e+00 0.000000e+00
1.867234e-10 0.000000e+00 0.000000e+00
2.813186e-10 0.000000e+00 0.000000e+00
3.225324e-10 0.000000e+00 0.000000e+00
3.654579e-10 0.000000e+00 0.000000e+00
4.651805e-10 0.000000e+00 0.000000e+00
3.682398e-10 0.000000e+00 0.000000e+00
1.805931e-10 0.000000e+00 0.000000e+00
2.178083e-10 0.000000e+00 0.000000e+00
4.901789e-10 0.000000e+00 0.000000e+00
2.038201e-10 0.000000e+00 0.000000e+00
1.814225e-10 0.000000e+00 0.000000e+00
4.190193e-10 0.000000e+00 0.000000e+00
1.976679e-10 0.000000e+00 0.000000e+00
4.384652e-10 0.000000e+00 0.000000e+00
1.809143e-10 0.000000e+00 0.000000e+00
3.198969e-10 0.000000e+00 0.000000e+00
4.809896e-10 0.000000e+00 0.000000e+00
2.132244e-10 0.000000e+00 0.000000e+00
2.090227e-10 0.000000e+00 0.000000e+00
2.607352e-10 0.000000e+00 0.000000e+00
4.344042e-10 0.000000e+00 0.000000e+00
2.638198e-10 0.000000e+00 0.000000e+00
1.612511e-10 0.000000e+00 0.000000e+00
3.209157e-10 0.000000e+00 0.000000e+00
1.543796e-10 0.000000e+00 0.000000e+00
2.151354e-10 0.000000e+00 0.000000e+00
2.041072e-10 0.000000e+00 0.000000e+00
2.116339e-10 0.000000e+00 0.000000e+00
2.393791e-10 0.000000e+00 0.000000e+00
3.559449e-10 0.000000e+00 0.000000e+00
2.992183e-10 0.000000e+00 0.000000e+00
3.729532e-10 0.000000e+00 0.000000e+00
1.588312e-10 0.000000e+00 0.000000e+00
2.656097e-10 0.000000e+00 0.000000e+00
3.078678e-10 0.000000e+00 0.000000e+00
4.962378e-10 0.000000e+00 0.000000e+00
3.919313e-10 0.000000e+00 0.000000e+00
1.328994e-10 0.000000e+00 0.000000e+00
3.613914e-10 0.000000e+00 0.000000e+00
3.115665e-10 0.000000e+00 0.000000e+00
1.703130e-10 0.000000e+00 0.000000e+00
1.668987e-10 0.000000e+00 0.000000e+00
2.309305e-10 0.000000e+00 0.000000e+00
1.365050e-10 0.000000e+00 0.000000e+00
4.275830e-10 0.000000e+00 0.000000e+00
4.041838e-10 0.000000e+00 0.000000e+00
2.809738e-10 0.000000e+00 0.000000e+00
2.494996e-10 0.000000e+00 0.000000e+00
4.915458e-10 0.000000e+00 0.000000e+00
1.977934e-10 0.000000e+00 0.000000e+00
3.058138e-10 0.000000e+00 0.000000e+00
1.705569e-10 0.000000e+00 0.000000e+00
2.488159e-10 0.000000e+00 0.000000e+00
1.747912e-10 0.000000e+00 0.000000e+00
2.523446e-10 0.000000e+00 0.000000e+00
4.669853e-10 0.000000e+00 0.000000e+00
2.815889e-10 0.000000e+00 0.000000e+00
2.515800e-10 0.000000e+00 0.000000e+00
2.238611e-10 0.000000e+00 0.000000e+00
5.338518e-10 0.000000e+00 0.000000e+00
3.652153e-10 0.000000e+00 0.000000e+00
3.097975e-10 0.000000e+00 0.000000e+00
1.989467e-10 0.000000e+00 0.000000e+00
2.965763e-10 0.000000e+00 0.000000e+00
1.680642e-10 0.000000e+00 0.000000e+00
2.083237e-10 0.000000e+00 0.000000e+00
3.379577e-10 0.000000e+00 0.000000e+00
4.021186e-10 0.000000e+00 0.000000e+00
2.141126e-10 0.000000e+00 0.000000e+00
4.405085e-10 0.000000e+00 0.000000e+00
5.040690e-10 0.000000e+00 0.000000e+00
4.342492e-10 0.000000e+00 0.000000e+00
2.468158e-10 0.000000e+00 0.000000e+00
3.609658e-10 0.000000e+00 0.000000e+00
3.708595e-10 0.000000e+00 0.000000e+00
5.695688e-10 0.000000e+00 0.000000e+00
2.851052e-10 0.000000e+00 0.000000e+00
3.323215e-10 0.000000e+00 0.000000e+00
4.267082e-10 0.000000e+00 0.000000e+00
5.178364e-10 0.000000e+00 0.000000e+00
2.965296e-10 0.000000e+00 0.000000e+00
2.912447e-10 0.000000e+00 0.000000e+00
5.368895e-10 0.000000e+00 0.000000e+00
5.569384e-10 0.000000e+00 0.000000e+00
3.718607e-10 0.000000e+00 0.000000e+00
5.216056e-10 0.000000e+00 0.000000e+00
3.419326e-10 0.000000e+00 0.000000e+00
5.708295e-10 0.000000e+00 0.000000e+00
1.818216e-10 0.000000e+00 0.000000e+00
1.992394e-10 0.000000e+00 0.000000e+00
3.969746e-10 0.000000e+00 0.000000e+00
3.840706e-10 0.000000e+00 0.000000e+00
2.383900e-10 0.000000e+00 0.000000e+00
4.843058e-10 0.000000e+00 0.000000e+00
2.984268e-10 0.000000e+00 0.000000e+00
1.543159e-10 0.000000e+00 0.000000e+00
5.397035e-10 0.000000e+00 0.000000e+00
2.640289e-10 0.000000e+00 0.000000e+00
4.615263e-10 0.000000e+00 0.000000e+00
2.218162e-10 0.000000e+00 0.000000e+00
4.844486e-10 0.000000e+00 0.000000e+00
1.498834e-10 0.000000e+00 0.000000e+00
4.511698e-10 0.000000e+00 0.000000e+00
4.509990e-10 0.000000e+00 0.000000e+00
4.903060e-10 0.000000e+00 0.000000e+00
4.487067e-10 0.000000e+00 0.000000e+00
3.707073e-10 0.000000e+00 0.000000e+00
3.018362e-10 0.000000e+00 0.000000e+00
2.880021e-10 0.000000e+00 0.000000e+00
3.259546e-10 0.000000e+00 0.000000e+00
1.977654e-10 0.000000e+00 0.000000e+00
2.237708e-10 0.000000e+00 0.000000e+00
3.056459e-10 0.000000e+00 0.000000e+00
2.805808e-10 0.000000e+00 0.000000e+00
3.826044e-10 0.000000e+00 0.000000e+00
3.280537e-10 0.000000e+00 0.000000e+00
3.736860e-10 0.000000e+00 0.000000e+00
3.336069e-10 0.000000e+00 0.000000e+00
1.771947e-10 0.000000e+00 0.000000e+00
1.478755e-10 0.000000e+00 0.000000e+00
2.897715e-10 0.000000e+00 0.000000e+00
4.610315e-10 0.000000e+00 0.000000e+00
4.619656e-10 0.000000e+00 0.000000e+00
3.963926e-10 0.000000e+00 0.000000e+00
1.972528e-10 0.000000e+00 0.000000e+00
1.950976e-10 0.000000e+00 0.000000e+00
4.165447e-10 0.000000e+00 0.000000e+00
2.526253e-10 0.000000e+00 0.000000e+00
1.672803e-10 0.000000e+00 0.000000e+00
2.401715e-10 0.000000e+00 0.000000e+00
1.670908e-10 0.000000e+00 0.000000e+00
5.080480e-10 0.000000e+00 0.000000e+00
2.199763e-10 0.000000e+00 0.000000e+00
4.795882e-10 0.000000e+00 0.000000e+00
3.365711e-10 0.000000e+00 0.000000e+00
3.164592e-10 0.000000e+00 0.000000e+00
2.691293e-10 0.000000e+00 0.000000e+00
2.103353e-10 0.000000e+00 0.000000e+00
4.800167e-10 0.000000e+00 0.000000e+00
3.723754e-10 0.000000e+00 0.000000e+00
2.220032e-10 0.000000e+00 0.000000e+00
4.250359e-10 0.000000e+00 0.000000e+00
4.516671e-10 0.000000e+00 0.000000e+00
6.151338e-10 0.000000e+00 0.000000e+00
3.562014e-10 0.000000e+00 0.000000e+00
6.294854e-10 0.000000e+00 0.000000e+00
3.085650e-10 0.000000e+00 0.000000e+00
2.680114e-10 0.000000e+00 0.000000e+00
3.881940e-10 0.000000e+00 0.000000e+00
5.489585e-10 0.000000e+00 0.000000e+00
3.038017e-10 0.000000e+00 0.000000e+00
3.447171e-10 0.000000e+00 0.000000e+00
5.498452e-10 0.000000e+00 0.000000e+00
1.851265e-10 0.000000e+00 0.000000e+00
1.657539e-10 0.000000e+00 0.000000e+00
2.523679e-10 0.000000e+00 0.000000e+00
1.887864e-10 0.000000e+00 0.000000e+00
3.663737e-10 0.000000e+00 0.000000e+00
3.065877e-10 0.000000e+00 0.000000e+00
3.582161e-10 0.000000e+00 0.000000e+00
4.311728e-10 0.000000e+00 0.000000e+00
3.291127e-10 0.000000e+00 0.000000e+00
2.428752e-10 0.000000e+00 0.000000e+00
4.152251e-10 0.000000e+00 0.000000e+00
5.066298e-10 0.000000e+00 0.000000e+00
4.497539e-10 0.000000e+00 0.000000e+00
3.908040e-10 0.000000e+00 0.000000e+00
4.591624e-10 0.000000e+00 0.000000e+00
1.623278e-10 0.000000e+00 0.000000e+00
2.778113e-10 0.000000e+00 0.000000e+00
3.117389e-10 0.000000e+00 0.000000e+00
2.676753e-10 0.000000e+00 0.000000e+00
1.950606e-10 0.000000e+00 0.000000e+00
1.970461e-10 0.000000e+00 0.000000e+00
4.896245e-10 0.000000e+00 0.000000e+00
4.891487e-10 0.000000e+00 0.000000e+00
2.911465e-10 0.000000e+00 0.000000e+00
2.985466e-10 0.000000e+00 0.000000e+00
5.387571e-10 0.000000e+00 0.000000e+00
2.820864e-10 0.000000e+00 0.000000e+00
2.608542e-10 0.000000e+00 0.000000e+00
2.404079e-10 0.000000e+00 0.000000e+00
3.790095e-10 0.000000e+00 0.000000e+00
1.759941e-10 0.000000e+00 0.000000e+00
4.366246e-10 0.000000e+00 0.000000e+00
5.309292e-10 0.000000e+00 0.000000e+00
1.522056e-10 0.000000e+00 0.000000e+00
2.986015e-10 0.000000e+00 0.000000e+00
2.402635e-10 0.000000e+00 0.000000e+00
2.123185e-10 0.000000e+00 0.000000e+00
3.379745e-10 0.000000e+00 0.000000e+00
1.928723e-10 0.000000e+00 0.000000e+00
4.432242e-10 0.000000e+00 0.000000e+00
5.770575e-10 0.000000e+00 0.000000e+00
5.126987e-10 0.000000e+00 0.000000e+00
2.140201e-10 0.000000e+00 0.000000e+00
5.047251e-10 0.000000e+00 0.000000e+00
1.400112e-10 0.000000e+00 0.000000e+00
3.712221e-10 0.000000e+00 0.000000e+00
4.705911e-10 0.000000e+00 0.000000e+00
2.234603e-10 0.000000e+00 0.000000e+00
2.257711e-10 0.000000e+00 0.000000e+00
1.940498e-10 0.000000e+00 0.000000e+00
3.038166e-10 0.000000e+00 0.000000e+00
2.631766e-10 0.000000e+00 0.000000e+00
1.941354e-10 0.000000e+00 0.000000e+00
3.810557e-10 0.000000e+00 0.000000e+00
1.923917e-10 0.000000e+00 0.000000e+00
2.124084e-10 0.000000e+00 0.000000e+00
2.047734e-10 0.000000e+00 0.000000e+00
3.019040e-10 0.000000e+00 0.000000e+00
5.132646e-10 0.000000e+00 0.000000e+00
2.865621e-10 0.000000e+00 0.000000e+00
1.506286e-10 0.000000e+00 0.000000e+00
2.861027e-10 0.000000e+00 0.000000e+00
1.663802e-10 0.000000e+00 0.000000e+00
3.736580e-10 0.000000e+00 0.000000e+00
5.036895e-10 0.000000e+00 0.000000e+00
2.225277e-10 0.000000e+00 0.000000e+00
2.931855e-10 0.000000e+00 0.000000e+00
5.324975e-10 0.000000e+00 0.000000e+00
2.205877e-10 0.000000e+00 0.000000e+00
1.644470e-10 0.000000e+00 0.000000e+00
4.530657e-10 0.000000e+00 0.000000e+00
1.253864e-10 0.000000e+00 0.000000e+00
3.266465e-10 0.000000e+00 0.000000e+00
2.537333e-10 0.000000e+00 0.000000e+00
4.382075e-10 0.000000e+00 0.000000e+00
3.404360e-10 0.000000e+00 0.000000e+00
3.352305e-10 0.000000e+00 0.000000e+00
1.855513e-10 0.000000e+00 0.000000e+00
3.541114e-10 0.000000e+00 0.000000e+00
4.482305e-10 0.000000e+00 0.000000e+00
4.145697e-10 0.000000e+00 0.000000e+00
3.059999e-10 0.000000e+00 0.000000e+00
1.380458e-10 0.000000e+00 0.000000e+00
6.326120e-10 0.000000e+00 0.000000e+00
3.413647e-10 0.000000e+00 0.000000e+00
2.056511e-10 0.000000e+00 0.000000e+00
3.197526e-10 0.000000e+00 0.000000e+00
2.276016e-10 0.000000e+00 0.000000e+00
3.659914e-10 0.000000e+00 0.000000e+00
2.238497e-10 0.000000e+00 0.000000e+00
5.625773e-10 0.000000e+00 0.000000e+00
2.457197e-10 0.000000e+00 0.000000e+00
4.616864e-10 0.000000e+00 0.000000e+00
3.241342e-10 0.000000e+00 0.000000e+00
1.625689e-10 0.000000e+00 0.000000e+00
2.258921e-10 0.000000e+00 0.000000e+00
1.657108e-10 0.000000e+00 0.000000e+00
1.672581e-10 0.000000e+00 0.000000e+00
3.032176e-10 0.000000e+00 0.000000e+00
1.639694e-10 0.000000e+00 0.000000e+00
2.340591e-10 0.000000e+00 0.000000e+00
1.903975e-10 0.000000e+00 0.000000e+00
5.669983e-10 0.000000e+00 0.000000e+00
2.999844e-10 0.000000e+00 0.000000e+00
5.387014e-10 0.000000e+00 0.000000e+00
2.184966e-10 0.000000e+00 0.000000e+00
2.737153e-10 0.000000e+00 0.000000e+00
3.864979e-10 0.000000e+00 0.000000e+00
1.883250e-10 0.000000e+00 0.000000e+00
2.337758e-10 0.000000e+00 0.000000e+00
5.932401e-10 0.000000e+00 0.000000e+00
4.497763e-10 0.000000e+00 0.000000e+00
3.807526e-10 0.000000e+00 0.000000e+00
3.244545e-10 0.000000e+00 0.000000e+00
2.978483e-10 0.000000e+00 0.000000e+00
2.539896e-10 0.000000e+00 0.000000e+00
4.229995e-10 0.000000e+00 0.000000e+00
1.996682e-10 0.000000e+00 0.000000e+00
2.440209e-10 0.000000e+00 0.000000e+00
5.622213e-10 0.000000e+00 0.000000e+00
4.116417e-10 0.000000e+00 0.000000e+00
6.029908e-10 0.000000e+00 0.000000e+00
4.336936e-10 0.000000e+00 0.000000e+00
1.985465e-10 0.000000e+00 0.000000e+00
5.237065e-10 0.000000e+00 0.000000e+00
5.312911e-10 0.000000e+00 0.000000e+00
4.478566e-10 0.000000e+00 0.000000e+00
1.890846e-10 0.000000e+00 0.000000e+00
3.000253e-10 0.000000e+00 0.000000e+00
2.218830e-10 0.000000e+00 0.000000e+00
6.310857e-10 0.000000e+00 0.000000e+00
1.345300e-10 0.000000e+00 0.000000e+00
1.966166e-10 0.000000e+00 0.000000e+00
3.080599e-10 0.000000e+00 0.000000e+00
1.403489e-10 0.000000e+00 0.000000e+00
1.532815e-10 0.000000e+00 0.000000e+00
2.218029e-10 0.000000e+00 0.000000e+00
6.038879e-10 0.000000e+00 0.000000e+00
3.151950e-10 0.000000e+00 0.000000e+00
2.228182e-10 0.000000e+00 0.000000e+00
4.554377e-10 0.000000e+00 0.000000e+00
3.480467e-10 0.000000e+00 0.000000e+00
3.327329e-10 0.000000e+00 0.000000e+00
5.229505e-10 0.000000e+00 0.000000e+00
5.073806e-10 0.000000e+00 0.000000e+00
5.946675e-10 0.000000e+00 0.000000e+00
2.347425e-10 0.000000e+00 0.000000e+00
4.769903e-10 0.000000e+00 0.000000e+00
2.698914e-10 0.000000e+00 0.000000e+00
2.588312e-10 0.000000e+00 0.000000e+00
4.821771e-10 0.000000e+00 0.000000e+00
3.564760e-10 0.000000e+00 0.000000e+00
3.576804e-10 0.000000e+00 0.000000e+00
5.257295e-10 0.000000e+00 0.000000e+00
2.439401e-10 0.000000e+00 0.000000e+00
3.222069e-10 0.000000e+00 0.000000e+00
3.384910e-10 0.000000e+00 0.000000e+00
3.397666e-10 0.000000e+00 0.000000e+00
4.759911e-10 0.000000e+00 0.000000e+00
2.520982e-10 0.000000e+00 0.000000e+00
3.999284e-10 0.000000e+00 0.000000e+00
1.706939e-10 0.000000e+00 0.000000e+00
2.771004e-10 0.000000e+00 0.000000e+00
4.478125e-10 0.000000e+00 0.000000e+00
5.072652e-10 0.000000e+00 0.000000e+00
3.389856e-10 0.000000e+00 0.000000e+00
5.361532e-10 0.000000e+00 0.000000e+00
3.923407e-10 0.000000e+00 0.000000e+00
3.988574e-10 0.000000e+00 0.000000e+00
2.900784e-10 0.000000e+00 0.000000e+00
5.705156e-10 0.000000e+00 0.000000e+00
4.752619e-10 0.000000e+00 0.000000e+00
2.858765e-10 0.000000e+00 0.000000e+00
1.668223e-10 0.000000e+00 0.000000e+00
2.320485e-10 0.000000e+00 0.000000e+00
5.151719e-10 0.000000e+00 0.000000e+00
2.415651e-10 0.000000e+00 0.000000e+00
2.665055e-10 0.000000e+00 0.000000e+00
1.711253e-10 0.000000e+00 0.000000e+00
4.723643e-10 0.000000e+00 0.000000e+00
2.983520e-10 0.000000e+00 0.000000e+00
1.821580e-10 0.000000e+00 0.000000e+00
5.403032e-10 0.000000e+00 0.000000e+00
2.772431e-10 0.000000e+00 0.000000e+00
6.023744e-10 0.000000e+00 0.000000e+00
1.830815e-10 0.000000e+00 0.000000e+00
3.882898e-10 0.000000e+00 0.000000e+00
2.698055e-10 0.000000e+00 0.000000e+00
4.734298e-10 0.000000e+00 0.000000e+00
3.661757e-10 0.000000e+00 0.000000e+00
5.119840e-10 0.000000e+00 0.000000e+00
2.479432e-10 0.000000e+00 0.000000e+00
3.725812e-10 0.000000e+00 0.000000e+00
1.787947e-10 0.000000e+00 0.000000e+00
3.688250e-10 0.000000e+00 0.000000e+00
2.586534e-10 0.000000e+00 0.000000e+00
1.439031e-10 0.000000e+00 0.000000e+00
3.462308e-10 0.000000e+00 0.000000e+00
4.025366e-10 0.000000e+00 0.000000e+00
1.676621e-10 0.000000e+00 0.000000e+00
5.826648e-10 0.000000e+00 0.000000e+00
4.389854e-10 0.000000e+00 0.000000e+00
1.899759e-10 0.000000e+00 0.000000e+00
2.145133e-10 0.000000e+00 0.000000e+00
4.216335e-10 0.000000e+00 0.000000e+00
4.617687e-10 0.000000e+00 0.000000e+00
2.407821e-10 0.000000e+00 0.000000e+00
5.048920e-10 0.000000e+00 0.000000e+00
2.337632e-10 0.000000e+00 0.000000e+00
4.320017e-10 0.000000e+00 0.000000e+00
2.768738e-10 0.000000e+00 0.000000e+00
1.862400e-10 0.000000e+00 0.000000e+00
2.757113e-10 0.000000e+00 0.000000e+00
2.783074e-10 0.000000e+00 0.000000e+00
4.477621e-10 0.000000e+00 0.000000e+00
5.078709e-10 0.000000e+00 0.000000e+00
3.524844e-10 0.000000e+00 0.000000e+00
4.867769e-10 0.000000e+00 0.000000e+00
1.460317e-10 0.000000e+00 0.000000e+00
2.943865e-10 0.000000e+00 0.000000e+00
3.265324e-10 0.000000e+00 0.000000e+00
2.334083e-10 0.000000e+00 0.000000e+00
4.731887e-10 0.000000e+00 0.000000e+00
2.845546e-10 0.000000e+00 0.000000e+00
4.334352e-10 0.000000e+00 0.000000e+00
1.613538e-10 0.000000e+00 0.000000e+00
4.184999e-10 0.000000e+00 0.000000e+00
4.124056e-10 0.000000e+00 0.000000e+00
5.543376e-10 0.000000e+00 0.000000e+00
5.115525e-10 0.000000e+00 0.000000e+00
2.363530e-10 0.000000e+00 0.000000e+00
2.007390e-10 0.000000e+00 0.000000e+00
3.024462e-10 0.000000e+00 0.000000e+00
1.978299e-10 0.000000e+00 0.000000e+00
2.892920e-10 0.000000e+00 0.000000e+00
2.865350e-10 0.000000e+00 0.000000e+00
2.834807e-10 0.000000e+00 0.000000e+00
1.481768e-10 0.000000e+00 0.000000e+00
1.631665e-10 0.000000e+00 0.000000e+00
3.760645e-10 0.000000e+00 0.000000e+00
1.591734e-10 0.000000e+00 0.000000e+00
4.289331e-10 0.000000e+00 0.000000e+00
2.146044e-10 0.000000e+00 0.000000e+00
2.968148e-10 0.000000e+00 0.000000e+00
3.346678e-10 0.000000e+00 0.000000e+00
4.763116e-10 0.000000e+00 0.000000e+00
5.147854e-10 0.000000e+00 0.000000e+00
3.493805e-10 0.000000e+00 0.000000e+00
6.277551e-10 0.000000e+00 0.000000e+00
2.774901e-10 0.000000e+00 0.000000e+00
2.447746e-10 0.000000e+00 0.000000e+00
5.421337e-10 0.000000e+00 0.000000e+00
3.745921e-10 0.000000e+00 0.000000e+00
3.834874e-10 0.000000e+00 0.000000e+00
4.313023e-10 0.000000e+00 0.000000e+00
1.864672e-10 0.000000e+00 0.000000e+00
4.686994e-10 0.000000e+00 0.000000e+00
2.349893e-10 0.000000e+00 0.000000e+00
4.061507e-10 0.000000e+00 0.000000e+00
4.156717e-10 0.000000e+00 0.000000e+00
1.655906e-10 0.000000e+00 0.000000e+00
4.013658e-10 0.000000e+00 0.000000e+00
3.181561e-10 0.000000e+00 0.000000e+00
5.135233e-10 0.000000e+00 0.000000e+00
2.250663e-10 0.000000e+00 0.000000e+00
2.176010e-10 0.000000e+00 0.000000e+00
3.040524e-10 0.000000e+00 0.000000e+00
6.290416e-10 0.000000e+00 0.000000e+00
2.214405e-10 0.000000e+00 0.000000e+00
1.471652e-10 0.000000e+00 0.000000e+00
2.275001e-10 0.000000e+00 0.000000e+00
2.484053e-10 0.000000e+00 0.000000e+00
3.650411e-10 0.000000e+00 0.000000e+00
1.643808e-10 0.000000e+00 0.000000e+00
1.671247e-10 0.000000e+00 0.000000e+00
5.532008e-10 0.000000e+00 0.000000e+00
1.882115e-10 0.000000e+00 0.000000e+00
4.394448e-10 0.000000e+00 0.000000e+00
3.085471e-10 0.000000e+00 0.000000e+00
2.810776e-10 0.000000e+00 0.000000e+00
4.560477e-10 0.000000e+00 0.000000e+00
3.800035e-10 0.000000e+00 0.000000e+00
2.946817e-10 0.000000e+00 0.000000e+00
3.842717e-10 0.000000e+00 0.000000e+00
4.445425e-10 0.000000e+00 0.000000e+00
5.404454e-10 0.000000e+00 0.000000e+00
2.630674e-10 0.000000e+00 0.000000e+00
2.000078e-10 0.000000e+00 0.000000e+00
4.673081e-10 0.000000e+00 0.000000e+00
3.033490e-10 0.000000e+00 0.000000e+00
3.601239e-10 0.000000e+00 0.000000e+00
3.069337e-10 0.000000e+00 0.000000e+00
4.334463e-10 0.000000e+00 0.000000e+00
3.729191e-10 0.000000e+00 0.000000e+00
2.078830e-10 0.000000e+00 0.000000e+00
1.692551e-10 0.000000e+00 0.000000e+00
3.582841e-10 0.000000e+00 0.000000e+00
3.123580e-10 0.000000e+00 0.000000e+00
1.697789e-10 0.000000e+00 0.000000e+00
3.354312e-10 0.000000e+00 0.000000e+00
2.614621e-10 0.000000e+00 0.000000e+00
3.521850e-10 0.000000e+00 0.000000e+00
2.530298e-10 0.000000e+00 0.000000e+00
3.756007e-10 0.000000e+00 0.000000e+00
1.622156e-10 0.000000e+00 0.000000e+00
2.321830e-10 0.000000e+00 0.000000e+00
3.512468e-10 0.000000e+00 0.000000e+00
3.241555e-10 0.000000e+00 0.000000e+00
3.063674e-10 0.000000e+00 0.000000e+00
3.678176e-10 0.000000e+00 0.000000e+00
2.513869e-10 0.000000e+00 0.000000e+00
5.359700e-10 0.000000e+00 0.000000e+00
5.401719e-10 0.000000e+00 0.000000e+00
5.914063e-10 0.000000e+00 0.000000e+00
5.003307e-10 0.000000e+00 0.000000e+00
1.705847e-10 0.000000e+00 0.000000e+00
5.201112e-10 0.000000e+00 0.000000e+00
2.235286e-10 0.000000e+00 0.000000e+00
2.498991e-10 0.000000e+00 0.000000e+00
4.530623e-10 0.000000e+00 0.000000e+00
4.642562e-10 0.000000e+00 0.000000e+00
1.530472e-10 0.000000e+00 0.000000e+00
1.914736e-10 0.000000e+00 0.000000e+00
1.785351e-10 0.000000e+00 0.000000e+00
5.177541e-10 0.000000e+00 0.000000e+00
2.490901e-10 0.000000e+00 0.000000e+00
1.453018e-10 0.000000e+00 0.000000e+00
3.627709e-10 0.000000e+00 0.000000e+00
5.487320e-10 0.000000e+00 0.000000e+00
3.547470e-10 0.000000e+00 0.000000e+00
2.215428e-10 0.000000e+00 0.000000e+00
3.062769e-10 0.000000e+00 0.000000e+00
2.992669e-10 0.000000e+00 0.000000e+00
3.197447e-10 0.000000e+00 0.000000e+00
2.771705e-10 0.000000e+00 0.000000e+00
3.172114e-10 0.000000e+00 0.000000e+00
1.572997e-10 0.000000e+00 0.000000e+00
4.516084e-10 0.000000e+00 0.000000e+00
1.584699e-10 0.000000e+00 0.000000e+00
1.820110e-10 0.000000e+00 0.000000e+00
2.541639e-10 0.000000e+00 0.000000e+00
3.503130e-10 0.000000e+00 0.000000e+00
2.016857e-10 0.000000e+00 0.000000e+00
2.976763e-10 0.000000e+00 0.000000e+00
1.664140e-10 0.000000e+00 0.000000e+00
1.753158e-10 0.000000e+00 0.000000e+00
1.852110e-10 0.000000e+00 0.000000e+00
4.275713e-10 0.000000e+00 0.000000e+00
4.050910e-10 0.000000e+00 0.000000e+00
3.759870e-10 0.000000e+00 0.000000e+00
4.196439e-10 0.000000e+00 0.000000e+00
1.928962e-10 0.000000e+00 0.000000e+00
