step K U E temp
0 7.842233e-22 -4.059044e-20 -3.980622e-20 1.136021e+02
1000 3.388419e-23 -4.044778e-20 -4.041390e-20 4.908443e+00
2000 1.017491e-23 -4.104355e-20 -4.103337e-20 1.473932e+00
3000 1.195764e-22 -4.060643e-20 -4.048685e-20 1.732177e+01
4000 2.357300e-21 -4.093636e-20 -3.857906e-20 3.414771e+02
5000 6.317978e-22 -3.858874e-20 -3.795694e-20 9.152185e+01
6000 2.222207e-21 -3.583371e-20 -3.361150e-20 3.219076e+02
7000 5.545254e-21 -3.765588e-20 -3.211063e-20 8.032822e+02
8000 8.175574e-22 -4.063531e-20 -3.981775e-20 1.184309e+02
9000 5.702485e-22 -4.109355e-20 -4.052330e-20 8.260586e+01
10000 2.777600e-21 -3.911161e-20 -3.633401e-20 4.023615e+02
11000 1.060231e-22 -4.067344e-20 -4.056741e-20 1.535845e+01
12000 1.829625e-22 -4.031668e-20 -4.013372e-20 2.650383e+01
13000 3.100517e-22 -3.487717e-20 -3.456712e-20 4.491391e+01
14000 6.339720e-22 -3.590614e-20 -3.527217e-20 9.183681e+01
15000 1.118395e-23 -3.837789e-20 -3.836670e-20 1.620100e+00
16000 1.904344e-20 -4.094815e-20 -2.190471e-20 2.758622e+03
17000 1.656330e-26 -3.788237e-20 -3.788236e-20 2.399350e-03
18000 1.556998e-21 -3.854740e-20 -3.699040e-20 2.255458e+02
19000 3.353939e-21 -4.108859e-20 -3.773465e-20 4.858496e+02
20000 2.021822e-20 -4.104558e-20 -2.082735e-20 2.928800e+03
21000 1.581282e-23 -3.992288e-20 -3.990707e-20 2.290636e+00
22000 2.617794e-24 -4.104871e-20 -4.104609e-20 3.792120e-01
23000 1.410608e-22 -4.106269e-20 -4.092163e-20 2.043398e+01
24000 1.582090e-21 -4.106281e-20 -3.948072e-20 2.291806e+02
25000 2.337859e-20 -4.090399e-20 -1.752540e-20 3.386609e+03
26000 2.297070e-21 -3.248687e-20 -3.018980e-20 3.327521e+02
27000 6.719746e-21 -2.769581e-20 -2.097606e-20 9.734184e+02
28000 1.643258e-21 -4.080141e-20 -3.915815e-20 2.380414e+02
29000 3.373543e-21 -4.104359e-20 -3.767004e-20 4.886894e+02
30000 8.914930e-22 -4.007112e-20 -3.917962e-20 1.291412e+02
31000 4.805209e-22 -3.898825e-20 -3.850772e-20 6.960798e+01
32000 1.042548e-21 -3.539415e-20 -3.435160e-20 1.510228e+02
33000 2.034994e-23 -3.972537e-20 -3.970502e-20 2.947880e+00
34000 1.063007e-21 -4.037898e-20 -3.931597e-20 1.539866e+02
35000 2.129282e-21 -4.094123e-20 -3.881195e-20 3.084465e+02
36000 5.645647e-21 -4.109365e-20 -3.544800e-20 8.178250e+02
37000 1.036621e-22 -3.978907e-20 -3.968541e-20 1.501644e+01
38000 1.471554e-21 -4.098847e-20 -3.951692e-20 2.131685e+02
39000 6.797980e-22 -4.070493e-20 -4.002513e-20 9.847514e+01
40000 4.252085e-21 -4.107124e-20 -3.681915e-20 6.159545e+02
41000 1.267378e-23 -3.818489e-20 -3.817222e-20 1.835916e+00
42000 8.758643e-22 -3.614012e-20 -3.526425e-20 1.268772e+02
43000 1.908440e-22 -3.998751e-20 -3.979666e-20 2.764554e+01
44000 4.401002e-22 -4.109063e-20 -4.065053e-20 6.375266e+01
45000 7.350687e-23 -3.961502e-20 -3.954151e-20 1.064816e+01
46000 1.447111e-20 -3.615706e-20 -2.168595e-20 2.096276e+03
47000 1.037221e-22 -4.062538e-20 -4.052166e-20 1.502512e+01
48000 2.263611e-21 -4.080915e-20 -3.854554e-20 3.279053e+02
49000 1.937131e-22 -3.463381e-20 -3.444009e-20 2.806116e+01
50000 1.119532e-21 -3.903128e-20 -3.791175e-20 1.621747e+02
51000 2.350762e-21 -4.106950e-20 -3.871873e-20 3.405300e+02
52000 2.865314e-21 -3.784382e-20 -3.497851e-20 4.150677e+02
53000 2.020766e-21 -4.075728e-20 -3.873652e-20 2.927270e+02
54000 1.734462e-21 -4.052429e-20 -3.878983e-20 2.512532e+02
55000 2.970965e-22 -3.961393e-20 -3.931684e-20 4.303723e+01
56000 9.177168e-23 -4.109978e-20 -4.100801e-20 1.329399e+01
57000 2.128515e-21 -4.001051e-20 -3.788200e-20 3.083354e+02
58000 1.064837e-21 -3.797116e-20 -3.690632e-20 1.542517e+02
59000 1.012072e-22 -4.109931e-20 -4.099810e-20 1.466081e+01
60000 2.881028e-21 -3.972371e-20 -3.684269e-20 4.173440e+02
61000 7.787408e-21 -4.096231e-20 -3.317490e-20 1.128079e+03
62000 6.456743e-23 -3.617058e-20 -3.610602e-20 9.353199e+00
63000 1.585266e-22 -3.843306e-20 -3.827453e-20 2.296408e+01
64000 2.675503e-22 -4.107413e-20 -4.080658e-20 3.875717e+01
65000 3.834627e-21 -3.897937e-20 -3.514475e-20 5.554818e+02
66000 3.453645e-21 -3.723972e-20 -3.378607e-20 5.002930e+02
67000 2.241851e-21 -3.806513e-20 -3.582328e-20 3.247532e+02
68000 8.253909e-21 -3.978704e-20 -3.153313e-20 1.195656e+03
69000 6.194550e-23 -4.079842e-20 -4.073647e-20 8.973389e+00
70000 4.135453e-23 -3.129779e-20 -3.125643e-20 5.990592e+00
71000 3.665991e-21 -3.989572e-20 -3.622972e-20 5.310533e+02
72000 9.493179e-22 -4.004613e-20 -3.909681e-20 1.375176e+02
73000 1.777755e-23 -3.888022e-20 -3.886244e-20 2.575246e+00
74000 2.258102e-23 -4.076235e-20 -4.073977e-20 3.271073e+00
75000 4.112822e-21 -4.101887e-20 -3.690605e-20 5.957809e+02
76000 8.991386e-23 -3.981858e-20 -3.972867e-20 1.302487e+01
77000 1.226090e-21 -3.872216e-20 -3.749607e-20 1.776106e+02
78000 2.201916e-21 -4.031143e-20 -3.810952e-20 3.189682e+02
79000 7.466523e-22 -3.983598e-20 -3.908933e-20 1.081596e+02
80000 8.352319e-21 -4.109999e-20 -3.274767e-20 1.209912e+03
81000 9.133357e-22 -4.061800e-20 -3.970466e-20 1.323053e+02
82000 1.925972e-22 -4.099161e-20 -4.079901e-20 2.789951e+01
83000 2.871911e-21 -4.020026e-20 -3.732834e-20 4.160234e+02
84000 1.097480e-21 -2.718846e-20 -2.609098e-20 1.589803e+02
85000 3.134152e-21 -3.832556e-20 -3.519141e-20 4.540115e+02
86000 8.092744e-25 -3.416915e-20 -3.416834e-20 1.172310e-01
87000 9.758289e-22 -3.936219e-20 -3.838636e-20 1.413580e+02
88000 4.812794e-22 -3.934922e-20 -3.886794e-20 6.971785e+01
89000 8.087301e-22 -3.575354e-20 -3.494481e-20 1.171522e+02
90000 1.001846e-21 -3.912849e-20 -3.812664e-20 1.451268e+02
91000 5.621858e-22 -3.907175e-20 -3.850956e-20 8.143790e+01
92000 7.406093e-23 -3.441071e-20 -3.433665e-20 1.072842e+01
93000 1.228481e-22 -4.058714e-20 -4.046429e-20 1.779571e+01
94000 1.732430e-22 -3.868608e-20 -3.851283e-20 2.509588e+01
95000 1.017959e-21 -4.108233e-20 -4.006437e-20 1.474609e+02
96000 1.181568e-21 -3.969952e-20 -3.851795e-20 1.711612e+02
97000 1.106855e-21 -2.567139e-20 -2.456454e-20 1.603383e+02
98000 3.768353e-21 -4.073139e-20 -3.696304e-20 5.458814e+02
99000 6.774112e-22 -3.961261e-20 -3.893520e-20 9.812938e+01
100000 1.687688e-22 -4.003146e-20 -3.986270e-20 2.444775e+01
101000 5.353719e-22 -3.995396e-20 -3.941859e-20 7.755365e+01
102000 4.018891e-22 -4.068344e-20 -4.028155e-20 5.821742e+01
103000 1.841878e-21 -3.940892e-20 -3.756704e-20 2.668134e+02
104000 4.650985e-22 -3.813974e-20 -3.767464e-20 6.737390e+01
105000 2.583127e-21 -4.034026e-20 -3.775714e-20 3.741903e+02
106000 1.431301e-20 -3.964022e-20 -2.532721e-20 2.073374e+03
107000 5.879813e-22 -3.778218e-20 -3.719420e-20 8.517463e+01
108000 9.087440e-22 -3.996869e-20 -3.905995e-20 1.316401e+02
109000 3.705558e-22 -3.894247e-20 -3.857192e-20 5.367850e+01
110000 1.674250e-22 -3.739460e-20 -3.722718e-20 2.425309e+01
111000 2.142261e-21 -3.865877e-20 -3.651651e-20 3.103267e+02
112000 1.298344e-21 -3.641544e-20 -3.511710e-20 1.880773e+02
113000 2.729546e-21 -4.102321e-20 -3.829367e-20 3.954005e+02
114000 2.583267e-21 -3.707940e-20 -3.449614e-20 3.742105e+02
115000 1.661116e-21 -4.077062e-20 -3.910950e-20 2.406282e+02
116000 8.390418e-22 -3.890798e-20 -3.806894e-20 1.215431e+02
117000 5.319837e-22 -4.088506e-20 -4.035307e-20 7.706285e+01
118000 2.869800e-22 -4.071334e-20 -4.042636e-20 4.157175e+01
119000 1.000870e-21 -3.672504e-20 -3.572417e-20 1.449855e+02
120000 1.949813e-21 -4.099986e-20 -3.905005e-20 2.824488e+02
121000 5.125501e-22 -4.061584e-20 -4.010329e-20 7.424771e+01
122000 5.383815e-22 -4.083882e-20 -4.030044e-20 7.798962e+01
123000 3.988622e-24 -4.028093e-20 -4.027694e-20 5.777895e-01
124000 2.431242e-22 -4.001151e-20 -3.976838e-20 3.521883e+01
125000 1.453556e-21 -3.903476e-20 -3.758121e-20 2.105613e+02
126000 9.736386e-23 -4.092727e-20 -4.082991e-20 1.410407e+01
127000 1.036420e-21 -4.068920e-20 -3.965278e-20 1.501351e+02
128000 2.168999e-22 -4.109144e-20 -4.087454e-20 3.141999e+01
129000 1.224819e-24 -4.088173e-20 -4.088050e-20 1.774266e-01
130000 3.397836e-21 -4.081802e-20 -3.742019e-20 4.922086e+02
131000 1.889133e-24 -3.347640e-20 -3.347451e-20 2.736587e-01
132000 9.260924e-22 -4.043092e-20 -3.950482e-20 1.341532e+02
133000 1.303539e-22 -3.823252e-20 -3.810217e-20 1.888300e+01
134000 2.338268e-21 -3.939478e-20 -3.705651e-20 3.387201e+02
135000 1.407498e-21 -4.105539e-20 -3.964789e-20 2.038893e+02
136000 5.340960e-22 -3.879491e-20 -3.826081e-20 7.736884e+01
137000 1.172031e-21 -4.094550e-20 -3.977347e-20 1.697797e+02
138000 1.703996e-22 -4.078578e-20 -4.061538e-20 2.468398e+01
139000 1.079365e-22 -4.108893e-20 -4.098100e-20 1.563562e+01
140000 1.536627e-22 -3.820200e-20 -3.804833e-20 2.225949e+01
141000 1.179711e-20 -4.031792e-20 -2.852080e-20 1.708923e+03
142000 2.841007e-21 -3.824583e-20 -3.540482e-20 4.115466e+02
143000 1.598072e-22 -4.056536e-20 -4.040555e-20 2.314958e+01
144000 3.706482e-21 -3.673718e-20 -3.303069e-20 5.369188e+02
145000 2.330741e-21 -4.100249e-20 -3.867175e-20 3.376298e+02
146000 1.204390e-21 -4.098358e-20 -3.977919e-20 1.744673e+02
147000 4.528012e-21 -4.100776e-20 -3.647974e-20 6.559251e+02
148000 3.656904e-21 -4.055095e-20 -3.689405e-20 5.297369e+02
149000 3.840186e-21 -4.057859e-20 -3.673841e-20 5.562870e+02
150000 9.671553e-23 -3.822307e-20 -3.812636e-20 1.401015e+01
151000 1.252187e-21 -3.947160e-20 -3.821942e-20 1.813910e+02
152000 5.741910e-21 -3.970074e-20 -3.395883e-20 8.317697e+02
153000 1.926100e-23 -4.000384e-20 -3.998457e-20 2.790137e+00
154000 1.744633e-21 -4.035993e-20 -3.861530e-20 2.527265e+02
155000 3.478708e-21 -3.706359e-20 -3.358488e-20 5.039235e+02
156000 3.282827e-21 -3.807583e-20 -3.479300e-20 4.755483e+02
157000 2.930020e-24 -4.090471e-20 -4.090178e-20 4.244410e-01
158000 2.574663e-22 -4.065418e-20 -4.039671e-20 3.729642e+01
159000 6.053867e-22 -3.793350e-20 -3.732811e-20 8.769596e+01
160000 3.079533e-21 -4.099968e-20 -3.792015e-20 4.460994e+02
161000 1.318876e-21 -4.033148e-20 -3.901260e-20 1.910516e+02
162000 3.797933e-24 -3.887808e-20 -3.887428e-20 5.501664e-01
163000 6.002115e-22 -3.411510e-20 -3.351489e-20 8.694628e+01
164000 1.103841e-24 -3.661300e-20 -3.661190e-20 1.599018e-01
165000 4.005229e-22 -4.093650e-20 -4.053597e-20 5.801950e+01
166000 2.493015e-21 -3.055327e-20 -2.806025e-20 3.611367e+02
167000 4.752254e-22 -4.107586e-20 -4.060064e-20 6.884087e+01
168000 1.637400e-21 -4.104224e-20 -3.940484e-20 2.371928e+02
169000 1.085430e-21 -3.906686e-20 -3.798143e-20 1.572348e+02
170000 2.906727e-25 -4.109286e-20 -4.109257e-20 4.210667e-02
171000 3.973267e-22 -4.036619e-20 -3.996887e-20 5.755652e+01
172000 2.550163e-21 -3.745615e-20 -3.490599e-20 3.694152e+02
173000 5.544393e-22 -4.109437e-20 -4.053993e-20 8.031576e+01
174000 6.031410e-21 -3.680538e-20 -3.077397e-20 8.737065e+02
175000 4.942796e-21 -4.070423e-20 -3.576144e-20 7.160105e+02
176000 6.759727e-21 -4.097921e-20 -3.421949e-20 9.792101e+02
177000 6.639785e-24 -3.959511e-20 -3.958847e-20 9.618353e-01
178000 3.305634e-21 -4.109998e-20 -3.779435e-20 4.788522e+02
179000 8.112465e-23 -3.340722e-20 -3.332609e-20 1.175167e+01
180000 1.133501e-22 -4.024772e-20 -4.013437e-20 1.641983e+01
181000 7.968410e-22 -4.107109e-20 -4.027425e-20 1.154299e+02
182000 2.206454e-21 -4.109375e-20 -3.888730e-20 3.196256e+02
183000 3.344894e-22 -3.996730e-20 -3.963281e-20 4.845394e+01
184000 3.841048e-22 -3.945894e-20 -3.907484e-20 5.564119e+01
185000 3.090927e-22 -4.010040e-20 -3.979130e-20 4.477498e+01
186000 7.214024e-22 -4.093078e-20 -4.020937e-20 1.045019e+02
187000 1.924130e-24 -4.098580e-20 -4.098388e-20 2.787283e-01
188000 5.023711e-22 -3.854179e-20 -3.803942e-20 7.277318e+01
189000 1.410028e-21 -3.840923e-20 -3.699920e-20 2.042558e+02
190000 2.623136e-23 -4.062488e-20 -4.059865e-20 3.799859e+00
191000 1.032151e-22 -3.930972e-20 -3.920650e-20 1.495168e+01
192000 1.831367e-21 -4.038717e-20 -3.855581e-20 2.652907e+02
193000 6.185284e-22 -4.093644e-20 -4.031792e-20 8.959967e+01
194000 2.385095e-21 -3.558440e-20 -3.319931e-20 3.455035e+02
195000 5.218878e-24 -4.108909e-20 -4.108387e-20 7.560036e-01
196000 3.442516e-23 -4.060909e-20 -4.057466e-20 4.986808e+00
197000 6.090005e-23 -4.108900e-20 -4.102810e-20 8.821946e+00
198000 3.679862e-22 -3.938282e-20 -3.901483e-20 5.330626e+01
199000 4.006516e-22 -4.092846e-20 -4.052781e-20 5.803816e+01
200000 2.713127e-24 -3.995063e-20 -3.994791e-20 3.930220e-01
201000 8.483762e-23 -3.975165e-20 -3.966681e-20 1.228953e+01
202000 2.850447e-21 -3.302997e-20 -3.017952e-20 4.129141e+02
203000 3.862922e-21 -4.095557e-20 -3.709264e-20 5.595806e+02
204000 3.701735e-22 -3.507092e-20 -3.470074e-20 5.362311e+01
205000 3.014729e-22 -3.898959e-20 -3.868812e-20 4.367118e+01
206000 1.803819e-21 -4.078882e-20 -3.898500e-20 2.613002e+02
207000 1.731873e-21 -4.088827e-20 -3.915640e-20 2.508781e+02
208000 7.735549e-23 -4.061656e-20 -4.053921e-20 1.120567e+01
209000 8.407469e-23 -4.092686e-20 -4.084278e-20 1.217901e+01
210000 2.708825e-22 -4.090822e-20 -4.063733e-20 3.923988e+01
211000 3.931620e-21 -3.977969e-20 -3.584807e-20 5.695321e+02
212000 2.999791e-21 -3.804360e-20 -3.504381e-20 4.345480e+02
213000 1.105338e-21 -4.091219e-20 -3.980685e-20 1.601186e+02
214000 9.954453e-22 -3.592922e-20 -3.493378e-20 1.441996e+02
215000 1.546512e-21 -4.027515e-20 -3.872863e-20 2.240268e+02
216000 2.831487e-21 -3.377438e-20 -3.094289e-20 4.101675e+02
217000 1.981971e-21 -3.970247e-20 -3.772050e-20 2.871072e+02
218000 2.486863e-21 -4.108735e-20 -3.860049e-20 3.602455e+02
219000 2.464569e-21 -4.101880e-20 -3.855424e-20 3.570160e+02
220000 1.655331e-21 -3.986421e-20 -3.820888e-20 2.397902e+02
221000 2.690491e-22 -3.991311e-20 -3.964406e-20 3.897429e+01
222000 1.142054e-21 -3.522411e-20 -3.408205e-20 1.654373e+02
223000 7.204867e-23 -3.693187e-20 -3.685982e-20 1.043693e+01
224000 9.766640e-23 -3.992785e-20 -3.983018e-20 1.414790e+01
225000 1.791400e-22 -4.102216e-20 -4.084302e-20 2.595012e+01
226000 1.588370e-21 -2.375151e-20 -2.216314e-20 2.300903e+02
227000 2.501856e-21 -4.067031e-20 -3.816846e-20 3.624174e+02
228000 6.204881e-22 -4.060944e-20 -3.998895e-20 8.988354e+01
229000 3.719040e-22 -4.086056e-20 -4.048866e-20 5.387380e+01
230000 5.365370e-22 -3.771221e-20 -3.717567e-20 7.772243e+01
231000 3.536446e-22 -4.087919e-20 -4.052554e-20 5.122875e+01
232000 1.569281e-21 -4.014730e-20 -3.857802e-20 2.273252e+02
233000 3.158584e-22 -4.108642e-20 -4.077056e-20 4.575506e+01
234000 2.749255e-21 -4.102274e-20 -3.827349e-20 3.982555e+02
235000 4.190796e-21 -3.883771e-20 -3.464691e-20 6.070762e+02
236000 1.395117e-21 -3.655045e-20 -3.515533e-20 2.020958e+02
237000 1.817763e-21 -3.945525e-20 -3.763749e-20 2.633201e+02
238000 5.543283e-22 -4.099424e-20 -4.043991e-20 8.029967e+01
239000 6.793976e-22 -3.857426e-20 -3.789486e-20 9.841714e+01
240000 2.258257e-21 -4.026405e-20 -3.800579e-20 3.271298e+02
241000 4.689571e-22 -4.096660e-20 -4.049764e-20 6.793285e+01
242000 7.362231e-26 -3.684460e-20 -3.684452e-20 1.066488e-02
243000 8.667400e-24 -4.100303e-20 -4.099436e-20 1.255554e+00
244000 3.030707e-22 -3.958545e-20 -3.928238e-20 4.390265e+01
245000 2.851271e-22 -4.002019e-20 -3.973507e-20 4.130334e+01
246000 1.071839e-21 -3.872539e-20 -3.765355e-20 1.552660e+02
247000 3.542734e-23 -3.899686e-20 -3.896143e-20 5.131984e+00
248000 3.502480e-23 -4.047452e-20 -4.043949e-20 5.073671e+00
249000 2.229656e-22 -4.036998e-20 -4.014702e-20 3.229866e+01
250000 1.575174e-22 -4.092824e-20 -4.077073e-20 2.281788e+01
251000 2.583166e-22 -4.100978e-20 -4.075146e-20 3.741959e+01
252000 1.768797e-22 -4.000960e-20 -3.983272e-20 2.562270e+01
253000 2.083693e-22 -3.939344e-20 -3.918508e-20 3.018425e+01
254000 3.431041e-21 -3.919561e-20 -3.576457e-20 4.970186e+02
255000 9.903983e-22 -4.053962e-20 -3.954923e-20 1.434685e+02
256000 2.952062e-21 -4.090138e-20 -3.794932e-20 4.276339e+02
257000 1.042092e-20 -4.047092e-20 -3.005000e-20 1.509568e+03
258000 1.572935e-23 -3.930582e-20 -3.929009e-20 2.278545e+00
259000 1.916248e-21 -4.026480e-20 -3.834856e-20 2.775865e+02
260000 5.258076e-22 -4.109738e-20 -4.057157e-20 7.616818e+01
261000 4.606861e-21 -3.974302e-20 -3.513616e-20 6.673471e+02
262000 1.664012e-22 -4.106522e-20 -4.089882e-20 2.410478e+01
263000 7.675285e-22 -3.989945e-20 -3.913192e-20 1.111837e+02
264000 6.835184e-22 -4.009267e-20 -3.940915e-20 9.901408e+01
265000 1.435047e-22 -4.033354e-20 -4.019003e-20 2.078801e+01
266000 8.387910e-25 -4.001576e-20 -4.001493e-20 1.215068e-01
267000 1.029063e-21 -4.060346e-20 -3.957439e-20 1.490694e+02
268000 5.947141e-22 -3.686593e-20 -3.627121e-20 8.614993e+01
269000 2.580648e-21 -3.768800e-20 -3.510735e-20 3.738311e+02
270000 2.593138e-21 -4.105248e-20 -3.845934e-20 3.756405e+02
271000 1.687870e-21 -3.322185e-20 -3.153398e-20 2.445038e+02
272000 1.067696e-21 -4.092669e-20 -3.985900e-20 1.546658e+02
273000 4.460252e-24 -4.109859e-20 -4.109412e-20 6.461094e-01
274000 3.093864e-22 -4.092719e-20 -4.061781e-20 4.481754e+01
275000 1.602946e-21 -4.101537e-20 -3.941243e-20 2.322018e+02
276000 3.470281e-23 -3.991583e-20 -3.988112e-20 5.027029e+00
277000 9.814273e-23 -2.754628e-20 -2.744814e-20 1.421690e+01
278000 2.190866e-24 -4.084075e-20 -4.083856e-20 3.173676e-01
279000 5.185124e-21 -4.109976e-20 -3.591464e-20 7.511139e+02
280000 2.453157e-22 -3.968625e-20 -3.944093e-20 3.553629e+01
281000 3.570763e-24 -4.043524e-20 -4.043167e-20 5.172586e-01
282000 3.336911e-21 -3.740282e-20 -3.406591e-20 4.833829e+02
283000 1.036864e-22 -3.776943e-20 -3.766574e-20 1.501996e+01
284000 7.395595e-22 -3.894524e-20 -3.820568e-20 1.071322e+02
285000 1.883748e-21 -4.043718e-20 -3.855343e-20 2.728786e+02
286000 1.297255e-22 -4.090932e-20 -4.077960e-20 1.879196e+01
287000 5.318238e-23 -3.504933e-20 -3.499615e-20 7.703969e+00
288000 1.655554e-21 -3.765372e-20 -3.599816e-20 2.398226e+02
289000 4.338967e-21 -3.933689e-20 -3.499793e-20 6.285401e+02
290000 3.776341e-22 -3.844859e-20 -3.807096e-20 5.470385e+01
291000 3.879275e-22 -4.080106e-20 -4.041313e-20 5.619495e+01
292000 1.585344e-21 -3.153893e-20 -2.995358e-20 2.296520e+02
293000 3.287450e-21 -4.035724e-20 -3.706979e-20 4.762181e+02
294000 2.463184e-21 -4.009530e-20 -3.763212e-20 3.568154e+02
295000 1.183859e-21 -4.109294e-20 -3.990908e-20 1.714931e+02
296000 1.263888e-21 -4.021043e-20 -3.894655e-20 1.830861e+02
297000 1.109755e-21 -3.830434e-20 -3.719459e-20 1.607585e+02
298000 2.187373e-22 -4.109984e-20 -4.088110e-20 3.168616e+01
299000 4.451029e-21 -3.720366e-20 -3.275263e-20 6.447735e+02
300000 3.685436e-21 -3.742612e-20 -3.374068e-20 5.338701e+02
301000 5.130527e-21 -3.380017e-20 -2.866965e-20 7.432052e+02
302000 6.201276e-22 -3.881129e-20 -3.819117e-20 8.983131e+01
303000 2.098891e-21 -3.766057e-20 -3.556168e-20 3.040441e+02
304000 7.626478e-21 -2.944606e-20 -2.181958e-20 1.104767e+03
305000 3.715083e-22 -3.988245e-20 -3.951095e-20 5.381647e+01
306000 1.055489e-22 -4.011497e-20 -4.000943e-20 1.528975e+01
307000 3.164301e-21 -4.088234e-20 -3.771804e-20 4.583788e+02
308000 6.744311e-22 -3.903675e-20 -3.836231e-20 9.769769e+01
309000 3.500856e-22 -3.442433e-20 -3.407424e-20 5.071320e+01
310000 1.255900e-23 -4.025980e-20 -4.024724e-20 1.819290e+00
311000 3.758648e-24 -4.071788e-20 -4.071412e-20 5.444755e-01
312000 8.375285e-22 -3.934029e-20 -3.850276e-20 1.213239e+02
313000 1.485670e-23 -3.628025e-20 -3.626540e-20 2.152133e+00
314000 3.384961e-22 -4.027655e-20 -3.993805e-20 4.903435e+01
315000 1.302752e-22 -3.920177e-20 -3.907150e-20 1.887159e+01
316000 5.010876e-22 -2.909226e-20 -2.859118e-20 7.258725e+01
317000 3.745176e-21 -4.109624e-20 -3.735107e-20 5.425240e+02
318000 3.585196e-21 -3.985362e-20 -3.626843e-20 5.193493e+02
319000 1.601434e-21 -3.591392e-20 -3.431249e-20 2.319828e+02
320000 1.606405e-21 -4.007736e-20 -3.847096e-20 2.327029e+02
321000 1.782724e-20 -4.056497e-20 -2.273774e-20 2.582443e+03
322000 4.996969e-22 -4.028234e-20 -3.978264e-20 7.238580e+01
323000 5.396600e-22 -3.929716e-20 -3.875750e-20 7.817482e+01
324000 4.044728e-21 -4.033196e-20 -3.628723e-20 5.859170e+02
325000 5.872693e-22 -4.082207e-20 -4.023480e-20 8.507148e+01
326000 8.679612e-22 -4.077244e-20 -3.990448e-20 1.257323e+02
327000 1.337369e-22 -4.079829e-20 -4.066455e-20 1.937305e+01
328000 1.978025e-21 -4.047617e-20 -3.849815e-20 2.865356e+02
329000 3.662543e-21 -3.966523e-20 -3.600269e-20 5.305538e+02
330000 4.640206e-21 -4.107760e-20 -3.643740e-20 6.721775e+02
331000 3.714168e-22 -3.759997e-20 -3.722856e-20 5.380322e+01
332000 5.440363e-22 -4.105947e-20 -4.051543e-20 7.880878e+01
333000 1.956195e-24 -3.578581e-20 -3.578385e-20 2.833732e-01
334000 2.779494e-21 -3.129105e-20 -2.851156e-20 4.026358e+02
335000 4.047262e-21 -4.071994e-20 -3.667268e-20 5.862840e+02
336000 2.358934e-21 -3.912195e-20 -3.676302e-20 3.417137e+02
337000 3.350116e-21 -3.471052e-20 -3.136041e-20 4.852958e+02
338000 8.155318e-22 -3.972976e-20 -3.891423e-20 1.181375e+02
339000 1.148739e-21 -3.358500e-20 -3.243626e-20 1.664057e+02
340000 6.273944e-21 -4.055616e-20 -3.428222e-20 9.088399e+02
341000 5.221462e-22 -3.602703e-20 -3.550488e-20 7.563779e+01
342000 4.402146e-22 -4.059621e-20 -4.015599e-20 6.376922e+01
343000 1.718468e-23 -4.102597e-20 -4.100878e-20 2.489363e+00
344000 1.374059e-23 -4.090183e-20 -4.088809e-20 1.990454e+00
345000 1.045928e-20 -3.974605e-20 -2.928677e-20 1.515125e+03
346000 1.492358e-22 -3.982689e-20 -3.967766e-20 2.161821e+01
347000 9.938723e-22 -3.912729e-20 -3.813342e-20 1.439718e+02
348000 7.565920e-23 -3.709238e-20 -3.701672e-20 1.095995e+01
349000 9.138437e-22 -4.092672e-20 -4.001288e-20 1.323789e+02
350000 1.400403e-21 -3.812823e-20 -3.672782e-20 2.028615e+02
351000 9.489941e-23 -4.109453e-20 -4.099963e-20 1.374707e+01
352000 5.886815e-22 -3.942838e-20 -3.883970e-20 8.527606e+01
353000 3.338302e-22 -4.060580e-20 -4.027197e-20 4.835845e+01
354000 6.760895e-22 -4.105556e-20 -4.037947e-20 9.793793e+01
355000 9.550712e-22 -4.079603e-20 -3.984096e-20 1.383510e+02
356000 2.447514e-21 -2.264208e-20 -2.019457e-20 3.545454e+02
357000 2.270872e-21 -3.388701e-20 -3.161614e-20 3.289572e+02
358000 1.820807e-21 -3.703565e-20 -3.521484e-20 2.637610e+02
359000 1.341558e-22 -3.703733e-20 -3.690318e-20 1.943374e+01
360000 3.613811e-22 -4.013788e-20 -3.977650e-20 5.234945e+01
361000 6.748609e-22 -3.780966e-20 -3.713480e-20 9.775995e+01
362000 9.821962e-21 -4.068545e-20 -3.086348e-20 1.422804e+03
363000 4.782823e-23 -4.041985e-20 -4.037202e-20 6.928370e+00
364000 2.222204e-21 -4.073157e-20 -3.850936e-20 3.219072e+02
365000 2.823977e-22 -4.076100e-20 -4.047860e-20 4.090797e+01
366000 1.232809e-20 -2.309459e-20 -1.076650e-20 1.785840e+03
367000 4.487489e-22 -4.109150e-20 -4.064275e-20 6.500550e+01
368000 3.378940e-21 -3.724283e-20 -3.386389e-20 4.894712e+02
369000 1.767146e-21 -4.082952e-20 -3.906237e-20 2.559877e+02
370000 4.651674e-23 -3.705351e-20 -3.700699e-20 6.738387e+00
371000 6.808445e-21 -3.981320e-20 -3.300476e-20 9.862673e+02
372000 9.765445e-23 -4.088218e-20 -4.078452e-20 1.414617e+01
373000 2.703021e-21 -4.072925e-20 -3.802623e-20 3.915580e+02
374000 5.061731e-22 -3.438444e-20 -3.387826e-20 7.332393e+01
375000 1.960966e-22 -3.970546e-20 -3.950936e-20 2.840644e+01
376000 5.524547e-21 -4.002016e-20 -3.449561e-20 8.002826e+02
377000 2.728760e-22 -4.024164e-20 -3.996876e-20 3.952865e+01
378000 1.400744e-20 -4.107301e-20 -2.706557e-20 2.029110e+03
379000 1.555708e-21 -4.090864e-20 -3.935293e-20 2.253590e+02
380000 9.697003e-22 -4.097123e-20 -4.000153e-20 1.404702e+02
381000 7.297328e-22 -4.105478e-20 -4.032505e-20 1.057087e+02
382000 9.863416e-22 -4.015646e-20 -3.917011e-20 1.428809e+02
383000 6.844702e-21 -4.109344e-20 -3.424874e-20 9.915194e+02
384000 1.358781e-21 -4.026326e-20 -3.890448e-20 1.968322e+02
385000 5.419958e-22 -4.108107e-20 -4.053907e-20 7.851319e+01
386000 2.607127e-21 -4.105630e-20 -3.844917e-20 3.776669e+02
387000 1.188956e-21 -4.107353e-20 -3.988458e-20 1.722314e+02
388000 1.292116e-22 -4.109767e-20 -4.096846e-20 1.871751e+01
389000 3.242693e-24 -3.612906e-20 -3.612582e-20 4.697345e-01
390000 8.489220e-24 -3.975643e-20 -3.974795e-20 1.229743e+00
391000 1.420713e-21 -4.043491e-20 -3.901420e-20 2.058037e+02
392000 3.454985e-22 -3.890758e-20 -3.856208e-20 5.004870e+01
393000 2.742688e-23 -4.108161e-20 -4.105419e-20 3.973042e+00
394000 3.355710e-21 -4.106700e-20 -3.771129e-20 4.861062e+02
395000 9.284214e-22 -4.025415e-20 -3.932573e-20 1.344906e+02
396000 1.797512e-21 -3.919287e-20 -3.739536e-20 2.603866e+02
397000 1.991621e-21 -3.996700e-20 -3.797538e-20 2.885050e+02
398000 1.180797e-20 -4.079129e-20 -2.898332e-20 1.710495e+03
399000 1.197806e-23 -3.974945e-20 -3.973747e-20 1.735135e+00
400000 4.416677e-22 -4.037064e-20 -3.992897e-20 6.397973e+01
401000 6.664249e-22 -3.612763e-20 -3.546120e-20 9.653792e+01
402000 5.975066e-22 -3.616937e-20 -3.557186e-20 8.655445e+01
403000 8.794762e-22 -4.025355e-20 -3.937407e-20 1.274004e+02
404000 7.313016e-21 -4.090044e-20 -3.358743e-20 1.059359e+03
405000 1.393288e-22 -4.060715e-20 -4.046782e-20 2.018309e+01
406000 2.921127e-21 -2.928465e-20 -2.636352e-20 4.231527e+02
407000 3.002379e-21 -3.957806e-20 -3.657568e-20 4.349228e+02
408000 2.492342e-21 -4.076077e-20 -3.826843e-20 3.610392e+02
409000 3.020621e-23 -3.944316e-20 -3.941295e-20 4.375654e+00
410000 7.631561e-21 -3.369726e-20 -2.606570e-20 1.105503e+03
411000 2.598551e-21 -4.017484e-20 -3.757628e-20 3.764246e+02
412000 1.033522e-20 -3.487035e-20 -2.453513e-20 1.497154e+03
413000 7.212186e-22 -4.096462e-20 -4.024340e-20 1.044753e+02
414000 2.878602e-21 -4.109317e-20 -3.821457e-20 4.169926e+02
415000 1.442010e-21 -3.974886e-20 -3.830685e-20 2.088887e+02
416000 4.374338e-21 -4.007190e-20 -3.569757e-20 6.336641e+02
417000 3.606306e-23 -4.109920e-20 -4.106314e-20 5.224074e+00
418000 2.040889e-22 -4.102428e-20 -4.082020e-20 2.956419e+01
419000 1.248888e-21 -3.994367e-20 -3.869478e-20 1.809132e+02
420000 5.904861e-23 -4.098961e-20 -4.093056e-20 8.553747e+00
421000 1.879698e-21 -4.065924e-20 -3.877954e-20 2.722920e+02
422000 1.852949e-22 -4.106295e-20 -4.087766e-20 2.684171e+01
423000 3.595894e-21 -4.092569e-20 -3.732979e-20 5.208991e+02
424000 1.371228e-22 -4.106264e-20 -4.092551e-20 1.986353e+01
425000 9.312056e-22 -4.076185e-20 -3.983064e-20 1.348939e+02
426000 8.845999e-22 -3.991887e-20 -3.903427e-20 1.281426e+02
427000 5.000992e-21 -4.107658e-20 -3.607559e-20 7.244407e+02
428000 9.932710e-22 -3.729907e-20 -3.630580e-20 1.438846e+02
429000 2.724961e-21 -3.901543e-20 -3.629047e-20 3.947363e+02
430000 1.659452e-21 -3.670810e-20 -3.504864e-20 2.403872e+02
431000 2.257571e-21 -4.075978e-20 -3.850221e-20 3.270303e+02
432000 7.013250e-21 -4.096333e-20 -3.395008e-20 1.015935e+03
433000 4.985228e-22 -4.055729e-20 -4.005877e-20 7.221572e+01
434000 6.452613e-26 -3.250403e-20 -3.250396e-20 9.347217e-03
435000 2.533983e-23 -3.967254e-20 -3.964720e-20 3.670713e+00
436000 1.506697e-24 -4.096471e-20 -4.096321e-20 2.182593e-01
437000 1.057580e-21 -3.860885e-20 -3.755127e-20 1.532005e+02
438000 2.612960e-21 -1.514526e-20 -1.253230e-20 3.785119e+02
439000 1.644179e-22 -4.106810e-20 -4.090368e-20 2.381748e+01
440000 2.245293e-22 -4.075977e-20 -4.053524e-20 3.252518e+01
441000 1.102274e-21 -4.004823e-20 -3.894596e-20 1.596748e+02
442000 2.521646e-21 -3.896447e-20 -3.644282e-20 3.652842e+02
443000 2.884347e-21 -4.106517e-20 -3.818082e-20 4.178249e+02
444000 2.504514e-21 -4.077789e-20 -3.827338e-20 3.628024e+02
445000 4.522842e-21 -4.048293e-20 -3.596009e-20 6.551762e+02
446000 3.088142e-23 -3.859513e-20 -3.856425e-20 4.473464e+00
447000 1.553116e-20 -4.067484e-20 -2.514368e-20 2.249835e+03
448000 4.419402e-23 -3.967883e-20 -3.963464e-20 6.401920e+00
449000 5.422462e-22 -4.093701e-20 -4.039477e-20 7.854947e+01
450000 1.938292e-21 -4.068325e-20 -3.874495e-20 2.807799e+02
451000 1.342407e-22 -3.846102e-20 -3.832678e-20 1.944602e+01
452000 1.470284e-22 -4.046858e-20 -4.032155e-20 2.129844e+01
453000 4.465004e-21 -4.035758e-20 -3.589257e-20 6.467978e+02
454000 1.049486e-21 -3.143810e-20 -3.038861e-20 1.520280e+02
455000 9.360432e-22 -4.064169e-20 -3.970564e-20 1.355947e+02
456000 5.320894e-22 -4.092731e-20 -4.039522e-20 7.707816e+01
457000 3.979772e-21 -4.109954e-20 -3.711977e-20 5.765075e+02
458000 5.977314e-22 -4.088768e-20 -4.028994e-20 8.658701e+01
459000 5.848149e-21 -3.943061e-20 -3.358246e-20 8.471595e+02
460000 4.344160e-21 -3.149547e-20 -2.715130e-20 6.292925e+02
461000 2.045303e-21 -4.053535e-20 -3.849005e-20 2.962813e+02
462000 9.717728e-23 -4.066898e-20 -4.057181e-20 1.407704e+01
463000 1.014300e-21 -3.983288e-20 -3.881858e-20 1.469309e+02
464000 3.893456e-22 -4.060386e-20 -4.021451e-20 5.640037e+01
465000 6.160064e-22 -4.108336e-20 -4.046736e-20 8.923432e+01
466000 8.770338e-23 -3.836223e-20 -3.827453e-20 1.270466e+01
467000 1.368367e-21 -3.919151e-20 -3.782314e-20 1.982208e+02
468000 1.781170e-22 -3.614937e-20 -3.597126e-20 2.580192e+01
469000 1.302352e-23 -3.975691e-20 -3.974388e-20 1.886580e+00
470000 9.228086e-22 -4.001981e-20 -3.909700e-20 1.336775e+02
471000 6.669299e-21 -4.059146e-20 -3.392216e-20 9.661107e+02
472000 1.561801e-21 -4.042500e-20 -3.886320e-20 2.262416e+02
473000 4.621825e-22 -3.864532e-20 -3.818314e-20 6.695148e+01
474000 2.949568e-21 -3.924175e-20 -3.629218e-20 4.272727e+02
475000 5.037719e-24 -4.102086e-20 -4.101582e-20 7.297609e-01
476000 3.174990e-22 -3.852637e-20 -3.820887e-20 4.599272e+01
477000 1.804728e-21 -3.983624e-20 -3.803151e-20 2.614318e+02
478000 1.324894e-22 -3.933543e-20 -3.920294e-20 1.919234e+01
479000 4.152021e-21 -3.838930e-20 -3.423728e-20 6.014593e+02
480000 7.072793e-22 -4.059614e-20 -3.988886e-20 1.024561e+02
481000 1.056974e-22 -4.100177e-20 -4.089608e-20 1.531126e+01
482000 2.444827e-21 -3.225671e-20 -2.981188e-20 3.541562e+02
483000 5.038933e-21 -3.800706e-20 -3.296813e-20 7.299369e+02
484000 8.437347e-23 -3.503229e-20 -3.494791e-20 1.222229e+01
485000 9.801226e-21 -4.055039e-20 -3.074916e-20 1.419800e+03
486000 3.433337e-24 -3.862418e-20 -3.862075e-20 4.973512e-01
487000 1.031851e-21 -4.006180e-20 -3.902995e-20 1.494733e+02
488000 1.808156e-22 -4.020395e-20 -4.002314e-20 2.619284e+01
489000 7.028958e-21 -3.145418e-20 -2.442522e-20 1.018211e+03
490000 1.370396e-22 -3.884171e-20 -3.870467e-20 1.985147e+01
491000 1.099968e-20 -3.843137e-20 -2.743169e-20 1.593407e+03
492000 4.648324e-22 -4.093976e-20 -4.047493e-20 6.733534e+01
493000 3.764874e-21 -3.613110e-20 -3.236623e-20 5.453774e+02
494000 5.817309e-22 -4.051864e-20 -3.993691e-20 8.426920e+01
495000 1.839478e-21 -4.090302e-20 -3.906354e-20 2.664657e+02
496000 1.757736e-21 -3.577094e-20 -3.401320e-20 2.546245e+02
497000 1.837212e-21 -4.103335e-20 -3.919614e-20 2.661374e+02
498000 2.313063e-21 -3.674549e-20 -3.443243e-20 3.350689e+02
499000 9.231338e-22 -4.069511e-20 -3.977198e-20 1.337246e+02
500000 3.174039e-22 -3.750378e-20 -3.718638e-20 4.597894e+01
501000 3.396595e-22 -3.681995e-20 -3.648029e-20 4.920288e+01
502000 3.871302e-22 -4.001332e-20 -3.962619e-20 5.607946e+01
503000 3.182377e-23 -4.108484e-20 -4.105302e-20 4.609972e+00
504000 2.926199e-22 -4.018465e-20 -3.989203e-20 4.238875e+01
505000 1.425088e-21 -4.048503e-20 -3.905995e-20 2.064375e+02
506000 1.544440e-23 -4.089498e-20 -4.087953e-20 2.237266e+00
507000 1.159667e-21 -3.966441e-20 -3.850474e-20 1.679886e+02
508000 2.077959e-21 -3.861036e-20 -3.653240e-20 3.010119e+02
509000 5.136020e-22 -3.879803e-20 -3.828443e-20 7.440008e+01
510000 7.676108e-21 -3.978035e-20 -3.210424e-20 1.111957e+03
511000 3.996209e-21 -3.478137e-20 -3.078516e-20 5.788884e+02
512000 1.926711e-21 -4.031355e-20 -3.838684e-20 2.791023e+02
513000 7.267667e-22 -4.048979e-20 -3.976303e-20 1.052790e+02
514000 9.757166e-22 -4.057693e-20 -3.960121e-20 1.413417e+02
515000 2.165811e-22 -4.095193e-20 -4.073534e-20 3.137380e+01
516000 1.090145e-21 -4.109214e-20 -4.000200e-20 1.579178e+02
517000 3.302370e-20 -4.100620e-20 -7.982501e-21 4.783793e+03
518000 1.630278e-22 -4.069202e-20 -4.052899e-20 2.361612e+01
519000 1.235184e-22 -3.771376e-20 -3.759024e-20 1.789280e+01
520000 3.758534e-24 -3.527710e-20 -3.527334e-20 5.444590e-01
521000 1.302489e-21 -4.014009e-20 -3.883760e-20 1.886778e+02
522000 1.428978e-21 -3.756013e-20 -3.613115e-20 2.070009e+02
523000 1.140094e-21 -4.088084e-20 -3.974074e-20 1.651533e+02
524000 4.124187e-22 -3.999795e-20 -3.958553e-20 5.974273e+01
525000 1.125585e-21 -4.079216e-20 -3.966657e-20 1.630516e+02
526000 5.157627e-24 -4.048339e-20 -4.047824e-20 7.471308e-01
527000 6.666167e-21 -3.923256e-20 -3.256639e-20 9.656570e+02
528000 9.351818e-24 -3.827283e-20 -3.826347e-20 1.354699e+00
529000 1.614433e-21 -4.109861e-20 -3.948418e-20 2.338658e+02
530000 3.327348e-23 -4.016605e-20 -4.013278e-20 4.819976e+00
531000 2.991812e-22 -3.484400e-20 -3.454482e-20 4.333922e+01
532000 8.316920e-25 -3.870112e-20 -3.870029e-20 1.204784e-01
533000 4.201889e-21 -3.944543e-20 -3.524354e-20 6.086832e+02
534000 1.657397e-21 -3.277738e-20 -3.111998e-20 2.400895e+02
535000 1.868798e-21 -2.662279e-20 -2.475400e-20 2.707130e+02
536000 7.179056e-22 -3.825684e-20 -3.753894e-20 1.039954e+02
537000 3.542829e-21 -4.068721e-20 -3.714438e-20 5.132121e+02
538000 3.105155e-22 -3.996620e-20 -3.965568e-20 4.498110e+01
539000 1.343859e-21 -4.100360e-20 -3.965975e-20 1.946706e+02
540000 5.868331e-23 -4.102443e-20 -4.096575e-20 8.500830e+00
541000 1.140036e-21 -4.104853e-20 -3.990849e-20 1.651449e+02
542000 4.268750e-21 -4.069376e-20 -3.642501e-20 6.183686e+02
543000 6.064682e-24 -3.851379e-20 -3.850773e-20 8.785263e-01
544000 1.214082e-22 -3.846019e-20 -3.833878e-20 1.758712e+01
545000 3.251871e-21 -4.064402e-20 -3.739215e-20 4.710641e+02
546000 1.490381e-22 -3.901229e-20 -3.886325e-20 2.158957e+01
547000 5.026257e-21 -3.683984e-20 -3.181358e-20 7.281007e+02
548000 4.265146e-21 -4.109991e-20 -3.683477e-20 6.178465e+02
549000 3.525538e-23 -1.793209e-20 -1.789684e-20 5.107073e+00
550000 2.533393e-22 -4.105600e-20 -4.080266e-20 3.669858e+01
551000 3.694628e-21 -4.047415e-20 -3.677952e-20 5.352016e+02
552000 3.096098e-21 -4.108975e-20 -3.799365e-20 4.484990e+02
553000 5.011567e-22 -3.296249e-20 -3.246133e-20 7.259727e+01
554000 1.160295e-20 -3.949026e-20 -2.788731e-20 1.680797e+03
555000 1.114089e-20 -3.272709e-20 -2.158621e-20 1.613862e+03
556000 3.407351e-22 -4.046357e-20 -4.012284e-20 4.935868e+01
557000 8.779650e-22 -3.932788e-20 -3.844991e-20 1.271815e+02
558000 1.069591e-21 -3.917125e-20 -3.810166e-20 1.549403e+02
559000 2.495349e-23 -4.051135e-20 -4.048640e-20 3.614748e+00
560000 2.129709e-21 -4.091205e-20 -3.878234e-20 3.085084e+02
561000 2.940469e-22 -3.927871e-20 -3.898466e-20 4.259547e+01
562000 1.355501e-21 -4.108432e-20 -3.972882e-20 1.963571e+02
563000 4.306485e-23 -4.051130e-20 -4.046824e-20 6.238348e+00
564000 1.229363e-21 -4.107787e-20 -3.984851e-20 1.780848e+02
565000 2.900272e-23 -3.823404e-20 -3.820504e-20 4.201316e+00
566000 1.512205e-21 -3.809410e-20 -3.658189e-20 2.190572e+02
567000 2.990667e-22 -4.109997e-20 -4.080090e-20 4.332263e+01
568000 3.859791e-22 -4.108576e-20 -4.069978e-20 5.591270e+01
569000 7.897067e-22 -3.979563e-20 -3.900592e-20 1.143964e+02
570000 5.860986e-21 -4.089621e-20 -3.503522e-20 8.490189e+02
571000 3.639331e-20 -3.994266e-20 -3.549352e-21 5.271913e+03
572000 6.816052e-21 -4.031074e-20 -3.349469e-20 9.873693e+02
573000 1.812077e-21 -3.912108e-20 -3.730901e-20 2.624964e+02
574000 1.993384e-25 -4.078022e-20 -4.078002e-20 2.887605e-02
575000 6.645040e-21 -4.079443e-20 -3.414939e-20 9.625966e+02
576000 2.947772e-21 -4.097340e-20 -3.802563e-20 4.270125e+02
577000 2.510430e-21 -3.914117e-20 -3.663074e-20 3.636594e+02
578000 1.435441e-22 -3.831297e-20 -3.816943e-20 2.079372e+01
579000 1.458835e-21 -4.008032e-20 -3.862148e-20 2.113260e+02
580000 3.504832e-21 -4.048156e-20 -3.697673e-20 5.077079e+02
581000 7.823037e-21 -4.088934e-20 -3.306630e-20 1.133241e+03
582000 7.382076e-24 -3.928636e-20 -3.927898e-20 1.069363e+00
583000 1.076020e-22 -4.109031e-20 -4.098270e-20 1.558717e+01
584000 2.322068e-22 -4.082554e-20 -4.059333e-20 3.363733e+01
585000 3.267511e-22 -3.893101e-20 -3.860426e-20 4.733298e+01
586000 3.264826e-21 -4.084943e-20 -3.758460e-20 4.729407e+02
587000 7.150728e-21 -4.039185e-20 -3.324112e-20 1.035850e+03
588000 1.620237e-22 -3.828336e-20 -3.812134e-20 2.347066e+01
589000 3.604100e-22 -4.101666e-20 -4.065625e-20 5.220878e+01
590000 1.318936e-22 -4.003257e-20 -3.990068e-20 1.910602e+01
591000 2.238873e-21 -3.254835e-20 -3.030948e-20 3.243218e+02
592000 3.541342e-22 -4.096975e-20 -4.061561e-20 5.129968e+01
593000 3.670916e-21 -4.108749e-20 -3.741657e-20 5.317668e+02
594000 4.163854e-22 -4.102781e-20 -4.061143e-20 6.031734e+01
595000 1.471454e-22 -4.052260e-20 -4.037545e-20 2.131539e+01
596000 4.433594e-21 -3.606796e-20 -3.163436e-20 6.422477e+02
597000 1.309947e-21 -4.104940e-20 -3.973946e-20 1.897581e+02
598000 3.272190e-24 -4.107511e-20 -4.107184e-20 4.740074e-01
599000 1.883905e-22 -4.024210e-20 -4.005371e-20 2.729014e+01
600000 1.430312e-22 -3.788800e-20 1.122550e-19 2.071942e+01
601000 5.961000e-25 -4.091880e-20 5.908179e-20 8.635069e-02
602000 3.971852e-23 -3.851399e-20 6.170847e-20 5.753602e+00
603000 9.683985e-22 -4.096482e-20 6.000357e-20 1.402816e+02
604000 2.408560e-22 -3.966846e-20 6.057240e-20 3.489026e+01
605000 2.174613e-21 -4.106077e-20 6.111384e-20 3.150132e+02
606000 8.637792e-22 -4.109666e-20 5.976711e-20 1.251265e+02
607000 8.036385e-21 -3.096070e-20 7.707568e-20 1.164146e+03
608000 6.361588e-23 -3.863902e-20 6.143787e-20 9.215359e+00
609000 1.060196e-21 -3.833500e-20 6.580404e-20 1.535794e+02
610000 6.798320e-22 -4.059425e-20 6.008558e-20 9.848007e+01
611000 2.923363e-21 -4.073590e-20 6.218746e-20 4.234767e+02
612000 4.715948e-21 -4.094620e-20 6.376975e-20 6.831495e+02
613000 2.950221e-22 -4.055368e-20 5.974134e-20 4.273673e+01
614000 4.241730e-21 -3.865744e-20 6.558429e-20 6.144546e+02
615000 7.645390e-21 -4.083502e-20 6.681037e-20 1.107507e+03
616000 3.071716e-22 -3.429821e-20 6.600896e-20 4.449669e+01
617000 3.064779e-21 -3.923338e-20 6.383140e-20 4.439620e+02
618000 8.255571e-21 -3.885940e-20 6.939620e-20 1.195897e+03
619000 1.237448e-21 -3.921005e-20 6.202740e-20 1.792560e+02
620000 4.416278e-21 -4.086945e-20 6.354683e-20 6.397394e+02
621000 1.831898e-22 -3.829689e-20 6.680063e-20 2.653677e+01
622000 1.442649e-21 -4.073983e-20 6.070282e-20 2.089813e+02
623000 1.205198e-21 -4.101235e-20 6.019285e-20 1.745842e+02
624000 3.822839e-21 -3.845275e-20 6.537009e-20 5.537742e+02
625000 2.201435e-22 -4.098528e-20 5.923486e-20 3.188986e+01
626000 2.715633e-21 -2.373147e-20 7.898416e-20 3.933850e+02
627000 3.418529e-21 -3.936421e-20 6.405432e-20 4.952061e+02
628000 1.000831e-20 -4.098561e-20 6.902270e-20 1.449798e+03
629000 2.012139e-23 -4.055742e-20 5.946270e-20 2.914772e+00
630000 2.248185e-21 -4.098949e-20 6.125869e-20 3.256707e+02
631000 1.727500e-21 -3.885341e-20 6.287412e-20 2.502446e+02
632000 2.302795e-21 -4.055003e-20 6.175276e-20 3.335815e+02
633000 6.561881e-21 -4.101289e-20 6.554899e-20 9.505502e+02
634000 1.030844e-21 -4.109985e-20 5.993099e-20 1.493275e+02
635000 8.087414e-21 -4.041430e-20 6.767311e-20 1.171538e+03
636000 1.043435e-21 -3.968841e-20 6.135503e-20 1.511514e+02
637000 3.084384e-21 -4.028867e-20 6.279572e-20 4.468020e+02
638000 1.399791e-20 -3.898558e-20 7.501233e-20 2.027729e+03
639000 1.071273e-21 -4.056209e-20 6.050919e-20 1.551840e+02
640000 1.259890e-21 -4.103821e-20 6.022168e-20 1.825069e+02
641000 1.894872e-21 -3.742538e-20 6.446950e-20 2.744900e+02
642000 1.698914e-21 -4.059160e-20 6.110732e-20 2.461037e+02
643000 5.507745e-21 -4.091773e-20 6.459002e-20 7.978487e+02
644000 1.002448e-22 -4.109979e-20 5.900045e-20 1.452141e+01
645000 3.095693e-21 -4.032872e-20 6.276697e-20 4.484403e+02
646000 1.130098e-21 -3.991387e-20 6.121623e-20 1.637053e+02
647000 4.050353e-21 -3.732942e-20 6.672093e-20 5.867318e+02
648000 1.482934e-21 -4.009975e-20 6.138318e-20 2.148169e+02
649000 5.396875e-22 -3.904614e-20 6.149355e-20 7.817881e+01
650000 5.941232e-22 -4.092375e-20 5.967037e-20 8.606433e+01
651000 9.809566e-22 -4.101295e-20 5.996801e-20 1.421008e+02
652000 6.717405e-21 -4.107736e-20 6.564004e-20 9.730794e+02
653000 4.103479e-21 -3.692586e-20 6.717762e-20 5.944275e+02
654000 4.256705e-22 -3.984333e-20 6.058234e-20 6.166238e+01
655000 3.254791e-22 -3.977247e-20 6.055301e-20 4.714871e+01
656000 1.384048e-21 -3.117718e-20 7.020686e-20 2.004924e+02
657000 7.067158e-22 -4.093414e-20 5.977257e-20 1.023744e+02
658000 3.883637e-21 -4.087369e-20 6.300995e-20 5.625814e+02
659000 1.409085e-22 -3.642891e-20 6.371200e-20 2.041192e+01
660000 1.110566e-20 -4.046215e-20 7.064350e-20 1.608759e+03
661000 7.006719e-21 -4.108958e-20 6.591714e-20 1.014989e+03
662000 1.732151e-21 -4.108855e-20 6.064360e-20 2.509184e+02
663000 3.753274e-21 -4.012189e-20 6.363139e-20 5.436971e+02
664000 4.167112e-22 -4.072343e-20 5.969329e-20 6.036454e+01
665000 2.037506e-21 -4.016919e-20 6.186831e-20 2.951519e+02
666000 1.166489e-21 -4.098149e-20 6.018500e-20 1.689769e+02
667000 5.102952e-21 -4.098983e-20 6.411313e-20 7.392106e+02
668000 4.668404e-22 -3.737793e-20 6.308891e-20 6.762623e+01
669000 7.745427e-21 -4.076992e-20 6.697551e-20 1.121998e+03
670000 3.321857e-23 -3.986503e-20 6.016819e-20 4.812022e+00
671000 1.406813e-21 -4.108061e-20 6.032621e-20 2.037901e+02
672000 9.687486e-21 -3.984926e-20 6.983823e-20 1.403324e+03
673000 5.978157e-22 -4.071226e-20 5.988555e-20 8.659923e+01
674000 6.198304e-22 -4.099623e-20 5.962360e-20 8.978826e+01
675000 3.942036e-22 -3.999451e-20 6.039969e-20 5.710410e+01
676000 5.630985e-21 -4.032588e-20 6.530511e-20 8.157012e+02
677000 2.314811e-22 -3.695290e-20 6.327858e-20 3.353222e+01
678000 1.409847e-21 -4.109017e-20 6.031968e-20 2.042296e+02
679000 3.836000e-22 -4.070929e-20 5.967431e-20 5.556807e+01
680000 3.223757e-24 -3.898285e-20 6.102038e-20 4.669915e-01
681000 8.874356e-21 -3.948973e-20 6.938462e-20 1.285534e+03
682000 6.111027e-21 -4.109963e-20 6.501140e-20 8.852398e+02
683000 1.941352e-22 -3.932974e-20 6.086440e-20 2.812231e+01
684000 1.727863e-21 -4.063043e-20 6.109744e-20 2.502972e+02
685000 1.142771e-21 -4.017338e-20 6.096939e-20 1.655412e+02
686000 2.637970e-21 -4.109424e-20 6.154373e-20 3.821347e+02
687000 1.199130e-21 -4.109999e-20 6.009914e-20 1.737052e+02
688000 2.039396e-23 -4.087884e-20 5.914156e-20 2.954257e+00
689000 1.858486e-21 -3.283701e-20 6.902148e-20 2.692192e+02
690000 2.332621e-24 -4.069947e-20 5.930286e-20 3.379021e-01
691000 4.601266e-22 -4.097937e-20 5.948075e-20 6.665366e+01
692000 2.109514e-20 -4.067461e-20 8.042053e-20 3.055829e+03
693000 6.094769e-21 -4.084270e-20 6.525207e-20 8.828847e+02
694000 2.130234e-21 -4.094082e-20 6.118941e-20 3.085844e+02
695000 8.648583e-21 -4.100504e-20 6.764354e-20 1.252829e+03
696000 1.812737e-22 -4.079716e-20 5.938412e-20 2.625921e+01
697000 2.808650e-23 -4.041822e-20 5.960986e-20 4.068594e+00
698000 1.020398e-20 -4.083144e-20 6.937254e-20 1.478142e+03
699000 1.535287e-21 -4.066299e-20 6.087230e-20 2.224008e+02
700000 1.977366e-21 -4.109393e-20 6.088344e-20 2.864400e+02
701000 1.071889e-23 -4.085617e-20 5.915455e-20 1.552732e+00
702000 9.726244e-22 -4.079685e-20 6.017578e-20 1.408938e+02
703000 4.209636e-23 -4.059607e-20 5.944603e-20 6.098053e+00
704000 9.170379e-21 -2.745641e-20 8.171397e-20 1.328416e+03
705000 7.381024e-22 -3.845838e-20 6.227972e-20 1.069211e+02
706000 2.366234e-22 -3.934211e-20 6.089452e-20 3.427713e+01
707000 6.663318e-21 -3.960737e-20 6.705595e-20 9.652444e+02
708000 1.341569e-25 -4.065538e-20 5.934475e-20 1.943389e-02
709000 7.000981e-21 -4.078239e-20 6.621859e-20 1.014158e+03
710000 4.600089e-23 -4.068602e-20 5.935998e-20 6.663661e+00
711000 1.662505e-21 -3.994722e-20 6.171529e-20 2.408295e+02
712000 6.387474e-23 -3.667684e-20 6.338704e-20 9.252857e+00
713000 1.018077e-21 -3.872184e-20 6.229624e-20 1.474781e+02
714000 2.435091e-23 -3.893129e-20 6.109306e-20 3.527458e+00
715000 2.362479e-22 -4.088673e-20 5.934951e-20 3.422274e+01
716000 7.255280e-21 -4.107768e-20 6.617760e-20 1.050996e+03
717000 2.532878e-21 -4.080741e-20 6.172547e-20 3.669111e+02
718000 7.370488e-24 -4.104919e-20 5.895818e-20 1.067685e+00
719000 7.460364e-23 -3.935664e-20 6.071796e-20 1.080704e+01
720000 6.185564e-22 -3.843768e-20 6.218088e-20 8.960371e+01
721000 1.428109e-21 -3.263918e-20 6.878893e-20 2.068750e+02
722000 2.911473e-21 -4.072706e-20 6.218441e-20 4.217543e+02
723000 9.505551e-22 -4.067634e-20 6.027421e-20 1.376969e+02
724000 1.558264e-23 -4.066768e-20 5.934791e-20 2.257292e+00
725000 2.368423e-21 -4.087542e-20 6.149300e-20 3.430884e+02
726000 6.755635e-23 -4.109916e-20 5.896839e-20 9.786173e+00
727000 2.994174e-22 -3.965911e-20 6.064030e-20 4.337343e+01
728000 3.657901e-22 -3.640787e-20 6.395792e-20 5.298813e+01
729000 6.109303e-23 -3.813259e-20 6.192851e-20 8.849901e+00
730000 2.140669e-23 -4.096808e-20 5.905332e-20 3.100961e+00
731000 4.817877e-21 -4.034329e-20 6.447459e-20 6.979148e+02
732000 1.269976e-21 -3.867980e-20 6.259018e-20 1.839680e+02
733000 2.874812e-22 -3.977619e-20 6.051130e-20 4.164435e+01
734000 1.866430e-21 -4.060916e-20 6.125727e-20 2.703699e+02
735000 2.030907e-24 -4.045600e-20 5.954603e-20 2.941960e-01
736000 1.021019e-23 -4.109950e-20 5.891071e-20 1.479042e+00
737000 4.263633e-21 -4.109644e-20 6.316720e-20 6.176274e+02
738000 1.407084e-22 -3.993247e-20 6.020824e-20 2.038294e+01
739000 2.378761e-22 -4.109502e-20 5.914286e-20 3.445859e+01
740000 1.891319e-21 -4.098256e-20 6.090876e-20 2.739754e+02
741000 7.751238e-21 -4.105168e-20 6.669956e-20 1.122840e+03
742000 7.601985e-22 -3.925061e-20 6.150959e-20 1.101219e+02
743000 1.466645e-22 -4.082966e-20 5.931701e-20 2.124573e+01
744000 9.099943e-22 -4.040215e-20 6.050785e-20 1.318212e+02
745000 8.035831e-22 -4.101456e-20 5.978902e-20 1.164066e+02
746000 7.046738e-21 -3.915552e-20 6.789122e-20 1.020786e+03
747000 1.398928e-21 -3.143640e-20 6.996253e-20 2.026479e+02
748000 1.687793e-21 -4.069796e-20 6.098983e-20 2.444926e+02
749000 5.143083e-23 -4.032595e-20 5.972548e-20 7.450239e+00
750000 4.828947e-23 -3.936812e-20 6.068017e-20 6.995184e+00
751000 2.483780e-21 -4.087804e-20 6.160574e-20 3.597989e+02
752000 3.324923e-21 -3.884128e-20 6.448370e-20 4.816464e+02
753000 1.143947e-22 -4.080053e-20 5.931387e-20 1.657115e+01
754000 4.749916e-22 -3.975005e-20 6.072494e-20 6.880700e+01
755000 3.859559e-21 -4.072207e-20 6.313748e-20 5.590934e+02
756000 2.090953e-21 -4.088594e-20 6.120501e-20 3.028942e+02
757000 4.439876e-21 -4.103037e-20 6.340950e-20 6.431578e+02
758000 6.078672e-21 -4.001798e-20 6.606069e-20 8.805529e+02
759000 3.405700e-21 -4.085986e-20 6.254584e-20 4.933477e+02
760000 6.459414e-23 -4.040724e-20 5.965736e-20 9.357069e+00
761000 2.985654e-22 -4.081234e-20 5.948623e-20 4.325001e+01
762000 7.820607e-26 -4.083063e-20 5.916944e-20 1.132889e-02
763000 1.544003e-21 -4.108768e-20 6.045632e-20 2.236633e+02
764000 3.213181e-21 -4.044179e-20 6.277139e-20 4.654595e+02
765000 1.580797e-21 -3.646632e-20 6.511448e-20 2.289933e+02
766000 1.814308e-23 -3.883903e-20 6.117917e-20 2.628195e+00
767000 7.718538e-22 -4.100911e-20 5.976275e-20 1.118103e+02
768000 5.659596e-21 -2.863423e-20 7.702537e-20 8.198457e+02
769000 2.255229e-24 -4.109982e-20 5.890244e-20 3.266911e-01
770000 9.742492e-22 -4.092822e-20 6.004603e-20 1.411292e+02
771000 2.772108e-22 -4.091247e-20 5.936474e-20 4.015659e+01
772000 1.910718e-21 -4.008600e-20 6.182471e-20 2.767855e+02
773000 4.348230e-23 -4.005030e-20 5.999318e-20 6.298820e+00
774000 2.850428e-21 -3.510854e-20 6.774189e-20 4.129113e+02
775000 9.415242e-22 -4.109520e-20 5.984632e-20 1.363886e+02
776000 2.151769e-21 -3.970127e-20 6.245050e-20 3.117040e+02
777000 4.148508e-22 -3.974483e-20 6.067002e-20 6.009504e+01
778000 1.076342e-22 -4.080448e-20 5.930315e-20 1.559182e+01
779000 1.860104e-23 -4.078262e-20 5.923598e-20 2.694535e+00
780000 2.408446e-22 -4.079213e-20 5.944871e-20 3.488860e+01
781000 2.777205e-22 -4.049974e-20 5.977798e-20 4.023043e+01
782000 4.642100e-23 -3.993628e-20 6.011014e-20 6.724519e+00
783000 1.698340e-21 -3.926460e-20 6.243374e-20 2.460205e+02
784000 1.861981e-21 -4.094555e-20 6.091644e-20 2.697255e+02
785000 5.368635e-21 -3.373490e-20 7.163373e-20 7.776973e+02
786000 1.074083e-21 -4.004543e-20 6.102865e-20 1.555911e+02
787000 9.821753e-22 -4.097898e-20 6.000320e-20 1.422773e+02
788000 4.375930e-22 -4.001887e-20 6.041872e-20 6.338946e+01
789000 2.807606e-21 -3.975868e-20 6.304893e-20 4.067082e+02
790000 4.033770e-21 -4.062006e-20 6.341371e-20 5.843295e+02
791000 9.998437e-21 -4.028364e-20 6.971480e-20 1.448368e+03
792000 7.953860e-21 -3.209330e-20 7.586056e-20 1.152191e+03
793000 2.284358e-23 -4.047960e-20 5.954324e-20 3.309107e+00
794000 4.772603e-22 -4.036700e-20 6.011026e-20 6.913565e+01
795000 1.657085e-22 -4.038933e-20 5.977638e-20 2.400444e+01
796000 1.430293e-21 -4.109421e-20 6.033608e-20 2.071914e+02
797000 6.871111e-23 -3.914005e-20 6.092866e-20 9.953451e+00
798000 5.238398e-21 -4.003757e-20 6.520083e-20 7.588313e+02
799000 2.411285e-22 -3.931069e-20 6.093043e-20 3.492973e+01
800000 8.072674e-21 -4.101746e-20 6.705522e-20 1.169403e+03
801000 3.516416e-23 -3.951597e-20 6.051920e-20 5.093859e+00
802000 5.338355e-21 -4.106842e-20 6.426994e-20 7.733109e+02
803000 3.765468e-21 -3.915464e-20 6.461083e-20 5.454634e+02
804000 6.290661e-22 -4.058963e-20 6.003944e-20 9.112615e+01
805000 2.151109e-21 -4.081528e-20 6.133583e-20 3.116084e+02
806000 6.899248e-22 -3.829502e-20 6.239490e-20 9.994210e+01
807000 1.673815e-21 -4.108564e-20 6.058818e-20 2.424678e+02
808000 1.090092e-22 -4.099233e-20 5.911668e-20 1.579100e+01
809000 7.561716e-22 -3.980711e-20 6.094907e-20 1.095386e+02
810000 2.568492e-22 -4.092850e-20 5.932835e-20 3.720702e+01
811000 3.419660e-22 -4.039546e-20 5.994650e-20 4.953699e+01
812000 1.832407e-21 -4.094918e-20 6.088323e-20 2.654413e+02
813000 2.763459e-22 -3.987629e-20 6.040005e-20 4.003131e+01
814000 4.169389e-22 -3.982242e-20 6.059452e-20 6.039752e+01
815000 2.265873e-21 -3.739903e-20 6.486685e-20 3.282330e+02
816000 9.459201e-22 -3.746976e-20 6.347616e-20 1.370254e+02
817000 2.986238e-21 -4.069849e-20 6.228774e-20 4.325847e+02
818000 3.564459e-24 -4.106218e-20 5.894138e-20 5.163455e-01
819000 4.559050e-22 -3.462212e-20 6.583379e-20 6.604213e+01
820000 2.512844e-22 -3.927196e-20 6.097932e-20 3.640091e+01
821000 1.806611e-23 -4.095637e-20 5.906169e-20 2.617047e+00
822000 1.809658e-21 -4.040316e-20 6.140650e-20 2.621460e+02
823000 5.336177e-22 -3.724575e-20 6.328787e-20 7.729955e+01
824000 9.679061e-22 -2.764654e-20 7.332137e-20 1.402103e+02
825000 4.306036e-22 -3.648583e-20 6.394477e-20 6.237699e+01
826000 2.929785e-22 -4.092324e-20 5.936974e-20 4.244069e+01
827000 5.233153e-21 -4.109990e-20 6.413326e-20 7.580714e+02
828000 7.098304e-21 -4.061266e-20 6.648564e-20 1.028256e+03
829000 7.276758e-21 -3.980040e-20 6.747636e-20 1.054107e+03
830000 4.388193e-21 -4.097708e-20 6.341112e-20 6.356711e+02
831000 3.006495e-22 -4.032061e-20 5.998004e-20 4.355191e+01
832000 2.493567e-21 -4.008621e-20 6.240735e-20 3.612166e+02
833000 2.686532e-22 -4.040745e-20 5.986121e-20 3.891694e+01
834000 3.606258e-21 -3.993205e-20 6.367421e-20 5.224004e+02
835000 4.724681e-22 -4.010604e-20 6.036643e-20 6.844145e+01
836000 2.526707e-22 -4.106365e-20 5.918902e-20 3.660173e+01
837000 1.823832e-23 -4.088617e-20 5.913207e-20 2.641993e+00
838000 8.540306e-22 -3.903491e-20 6.181912e-20 1.237144e+02
839000 5.755204e-21 -4.100672e-20 6.474848e-20 8.336955e+02
840000 6.536014e-23 -4.103356e-20 5.903180e-20 9.468032e+00
841000 1.548740e-24 -4.093309e-20 5.906846e-20 2.243495e-01
842000 1.253855e-21 -3.992575e-20 6.132810e-20 1.816327e+02
843000 1.480063e-20 -4.098435e-20 7.381628e-20 2.144011e+03
844000 1.302984e-21 -3.956869e-20 6.173429e-20 1.887494e+02
845000 4.111123e-21 -4.026857e-20 6.384255e-20 5.955349e+02
846000 9.459643e-22 -4.083864e-20 6.010732e-20 1.370318e+02
847000 6.843961e-21 -4.070220e-20 6.614176e-20 9.914121e+02
848000 6.021334e-26 -3.797974e-20 6.202032e-20 8.722469e-03
849000 1.562866e-23 -3.913827e-20 6.087736e-20 2.263959e+00
850000 2.802848e-21 -3.401493e-20 6.878792e-20 4.060189e+02
851000 6.229517e-21 -4.059190e-20 6.563761e-20 9.024042e+02
852000 9.659293e-22 -4.054632e-20 6.041961e-20 1.399239e+02
853000 8.809031e-23 -4.105747e-20 5.903062e-20 1.276071e+01
854000 5.414871e-25 -4.076605e-20 5.923449e-20 7.843950e-02
855000 1.614714e-21 -4.100497e-20 6.060974e-20 2.339065e+02
856000 5.948584e-21 -4.014121e-20 6.580738e-20 8.617083e+02
857000 2.131777e-21 -4.009982e-20 6.203196e-20 3.088080e+02
858000 5.110886e-22 -4.083474e-20 5.967635e-20 7.403599e+01
859000 4.347206e-22 -4.107126e-20 5.936346e-20 6.297337e+01
860000 2.678195e-23 -4.028759e-20 5.973919e-20 3.879618e+00
861000 3.955001e-26 -4.089478e-20 5.910526e-20 5.729192e-03
862000 1.527070e-22 -4.070642e-20 5.944629e-20 2.212105e+01
863000 2.927235e-21 -4.093531e-20 6.199192e-20 4.240375e+02
864000 8.834832e-23 -3.947261e-20 6.061574e-20 1.279809e+01
865000 1.146772e-23 -4.058435e-20 5.942712e-20 1.661207e+00
866000 3.844688e-23 -4.107035e-20 5.896809e-20 5.569393e+00
867000 3.498770e-21 -3.887510e-20 6.462369e-20 5.068298e+02
868000 3.192043e-22 -3.946220e-20 6.085700e-20 4.623974e+01
869000 1.472979e-21 -3.627228e-20 6.520070e-20 2.133748e+02
870000 2.455945e-22 -4.062631e-20 5.961928e-20 3.557667e+01
871000 5.501791e-22 -4.059300e-20 5.995718e-20 7.969861e+01
872000 1.233896e-22 -4.109510e-20 5.902829e-20 1.787415e+01
873000 7.013709e-22 -3.998763e-20 6.071374e-20 1.016002e+02
874000 2.327799e-22 -4.077258e-20 5.946020e-20 3.372035e+01
875000 3.058639e-21 -3.844675e-20 6.461189e-20 4.430726e+02
876000 1.203224e-23 -4.104998e-20 5.896205e-20 1.742983e+00
877000 2.113481e-23 -3.950076e-20 6.052038e-20 3.061576e+00
878000 5.439694e-21 -4.099694e-20 6.444275e-20 7.879909e+02
879000 4.077923e-23 -4.107816e-20 5.896262e-20 5.907256e+00
