pX pY pZ 
1.019976e-13 0.000000e+00 0.000000e+00
-2.120159e-14 0.000000e+00 0.000000e+00
1.161811e-14 0.000000e+00 0.000000e+00
-3.982839e-14 0.000000e+00 0.000000e+00
-1.768387e-13 0.000000e+00 0.000000e+00
-9.155015e-14 0.000000e+00 0.000000e+00
1.716968e-13 0.000000e+00 0.000000e+00
-2.712256e-13 0.000000e+00 0.000000e+00
-1.041428e-13 0.000000e+00 0.000000e+00
8.697653e-14 0.000000e+00 0.000000e+00
-1.919574e-13 0.000000e+00 0.000000e+00
-3.750337e-14 0.000000e+00 0.000000e+00
-4.926642e-14 0.000000e+00 0.000000e+00
6.413381e-14 0.000000e+00 0.000000e+00
-9.170754e-14 0.000000e+00 0.000000e+00
-1.218057e-14 0.000000e+00 0.000000e+00
5.026234e-13 0.000000e+00 0.000000e+00
-4.687523e-16 0.000000e+00 0.000000e+00
1.437190e-13 0.000000e+00 0.000000e+00
-2.109345e-13 0.000000e+00 0.000000e+00
5.178947e-13 0.000000e+00 0.000000e+00
1.448354e-14 0.000000e+00 0.000000e+00
5.893017e-15 0.000000e+00 0.000000e+00
4.325867e-14 0.000000e+00 0.000000e+00
1.448724e-13 0.000000e+00 0.000000e+00
5.569025e-13 0.000000e+00 0.000000e+00
-1.745650e-13 0.000000e+00 0.000000e+00
2.985702e-13 0.000000e+00 0.000000e+00
1.476464e-13 0.000000e+00 0.000000e+00
2.115500e-13 0.000000e+00 0.000000e+00
-1.087499e-13 0.000000e+00 0.000000e+00
-7.984103e-14 0.000000e+00 0.000000e+00
-1.176029e-13 0.000000e+00 0.000000e+00
-1.643053e-14 0.000000e+00 0.000000e+00
1.187512e-13 0.000000e+00 0.000000e+00
-1.680686e-13 0.000000e+00 0.000000e+00
-2.736698e-13 0.000000e+00 0.000000e+00
3.708345e-14 0.000000e+00 0.000000e+00
1.397199e-13 0.000000e+00 0.000000e+00
9.496421e-14 0.000000e+00 0.000000e+00
2.375040e-13 0.000000e+00 0.000000e+00
1.296651e-14 0.000000e+00 0.000000e+00
1.077925e-13 0.000000e+00 0.000000e+00
5.031636e-14 0.000000e+00 0.000000e+00
-7.640922e-14 0.000000e+00 0.000000e+00
3.122727e-14 0.000000e+00 0.000000e+00
-4.381481e-13 0.000000e+00 0.000000e+00
-3.709416e-14 0.000000e+00 0.000000e+00
-1.732889e-13 0.000000e+00 0.000000e+00
-5.069317e-14 0.000000e+00 0.000000e+00
-1.218676e-13 0.000000e+00 0.000000e+00
-1.765933e-13 0.000000e+00 0.000000e+00
1.949648e-13 0.000000e+00 0.000000e+00
-1.637299e-13 0.000000e+00 0.000000e+00
1.516884e-13 0.000000e+00 0.000000e+00
6.277963e-14 0.000000e+00 0.000000e+00
-3.489188e-14 0.000000e+00 0.000000e+00
-1.680383e-13 0.000000e+00 0.000000e+00
-1.188534e-13 0.000000e+00 0.000000e+00
-3.664170e-14 0.000000e+00 0.000000e+00
-1.954986e-13 0.000000e+00 0.000000e+00
3.214152e-13 0.000000e+00 0.000000e+00
2.926690e-14 0.000000e+00 0.000000e+00
-4.585864e-14 0.000000e+00 0.000000e+00
-5.957619e-14 0.000000e+00 0.000000e+00
-2.255441e-13 0.000000e+00 0.000000e+00
-2.140468e-13 0.000000e+00 0.000000e+00
-1.724540e-13 0.000000e+00 0.000000e+00
3.309023e-13 0.000000e+00 0.000000e+00
-2.866651e-14 0.000000e+00 0.000000e+00
-2.342241e-14 0.000000e+00 0.000000e+00
-2.205290e-13 0.000000e+00 0.000000e+00
1.122214e-13 0.000000e+00 0.000000e+00
1.535699e-14 0.000000e+00 0.000000e+00
-1.730779e-14 0.000000e+00 0.000000e+00
2.335823e-13 0.000000e+00 0.000000e+00
3.453690e-14 0.000000e+00 0.000000e+00
-1.275355e-13 0.000000e+00 0.000000e+00
-1.709111e-13 0.000000e+00 0.000000e+00
9.952432e-14 0.000000e+00 0.000000e+00
-3.328691e-13 0.000000e+00 0.000000e+00
-1.100741e-13 0.000000e+00 0.000000e+00
5.054695e-14 0.000000e+00 0.000000e+00
1.951891e-13 0.000000e+00 0.000000e+00
1.206614e-13 0.000000e+00 0.000000e+00
-2.039060e-13 0.000000e+00 0.000000e+00
-3.276558e-15 0.000000e+00 0.000000e+00
-1.137776e-13 0.000000e+00 0.000000e+00
-7.990402e-14 0.000000e+00 0.000000e+00
1.035790e-13 0.000000e+00 0.000000e+00
-1.152844e-13 0.000000e+00 0.000000e+00
8.635946e-14 0.000000e+00 0.000000e+00
3.134473e-14 0.000000e+00 0.000000e+00
4.036958e-14 0.000000e+00 0.000000e+00
4.793998e-14 0.000000e+00 0.000000e+00
1.162078e-13 0.000000e+00 0.000000e+00
1.251986e-13 0.000000e+00 0.000000e+00
1.211756e-13 0.000000e+00 0.000000e+00
2.235866e-13 0.000000e+00 0.000000e+00
-9.479735e-14 0.000000e+00 0.000000e+00
4.731688e-14 0.000000e+00 0.000000e+00
8.427481e-14 0.000000e+00 0.000000e+00
-7.301686e-14 0.000000e+00 0.000000e+00
-1.563149e-13 0.000000e+00 0.000000e+00
-7.854933e-14 0.000000e+00 0.000000e+00
1.851155e-13 0.000000e+00 0.000000e+00
-4.357480e-13 0.000000e+00 0.000000e+00
-8.831852e-14 0.000000e+00 0.000000e+00
1.097971e-13 0.000000e+00 0.000000e+00
7.011272e-14 0.000000e+00 0.000000e+00
4.712812e-14 0.000000e+00 0.000000e+00
1.685801e-13 0.000000e+00 0.000000e+00
-1.312396e-13 0.000000e+00 0.000000e+00
-1.902897e-13 0.000000e+00 0.000000e+00
1.851205e-13 0.000000e+00 0.000000e+00
1.484465e-13 0.000000e+00 0.000000e+00
1.055023e-13 0.000000e+00 0.000000e+00
-8.400772e-14 0.000000e+00 0.000000e+00
-6.170151e-14 0.000000e+00 0.000000e+00
-1.152282e-13 0.000000e+00 0.000000e+00
-1.608298e-13 0.000000e+00 0.000000e+00
-8.245902e-14 0.000000e+00 0.000000e+00
-8.451135e-14 0.000000e+00 0.000000e+00
7.274137e-15 0.000000e+00 0.000000e+00
-5.679160e-14 0.000000e+00 0.000000e+00
-1.388628e-13 0.000000e+00 0.000000e+00
3.593924e-14 0.000000e+00 0.000000e+00
-1.172567e-13 0.000000e+00 0.000000e+00
-5.364135e-14 0.000000e+00 0.000000e+00
-4.030937e-15 0.000000e+00 0.000000e+00
-2.123104e-13 0.000000e+00 0.000000e+00
5.006120e-15 0.000000e+00 0.000000e+00
1.108402e-13 0.000000e+00 0.000000e+00
4.158456e-14 0.000000e+00 0.000000e+00
-1.761234e-13 0.000000e+00 0.000000e+00
1.366451e-13 0.000000e+00 0.000000e+00
8.417433e-14 0.000000e+00 0.000000e+00
1.246922e-13 0.000000e+00 0.000000e+00
-4.754494e-14 0.000000e+00 0.000000e+00
-3.784027e-14 0.000000e+00 0.000000e+00
4.514963e-14 0.000000e+00 0.000000e+00
3.956014e-13 0.000000e+00 0.000000e+00
1.941360e-13 0.000000e+00 0.000000e+00
-4.604348e-14 0.000000e+00 0.000000e+00
2.217435e-13 0.000000e+00 0.000000e+00
-1.758397e-13 0.000000e+00 0.000000e+00
-1.264019e-13 0.000000e+00 0.000000e+00
-2.450890e-13 0.000000e+00 0.000000e+00
2.202555e-13 0.000000e+00 0.000000e+00
2.257076e-13 0.000000e+00 0.000000e+00
-3.581938e-14 0.000000e+00 0.000000e+00
-1.288856e-13 0.000000e+00 0.000000e+00
2.759931e-13 0.000000e+00 0.000000e+00
1.598488e-14 0.000000e+00 0.000000e+00
-1.521325e-13 0.000000e+00 0.000000e+00
-2.148221e-13 0.000000e+00 0.000000e+00
-2.086863e-13 0.000000e+00 0.000000e+00
-6.234553e-15 0.000000e+00 0.000000e+00
5.844269e-14 0.000000e+00 0.000000e+00
8.961618e-14 0.000000e+00 0.000000e+00
2.021215e-13 0.000000e+00 0.000000e+00
1.322732e-13 0.000000e+00 0.000000e+00
-7.098125e-15 0.000000e+00 0.000000e+00
-8.923231e-14 0.000000e+00 0.000000e+00
-3.826690e-15 0.000000e+00 0.000000e+00
-7.289263e-14 0.000000e+00 0.000000e+00
1.818580e-13 0.000000e+00 0.000000e+00
7.939987e-14 0.000000e+00 0.000000e+00
-1.473830e-13 0.000000e+00 0.000000e+00
1.199972e-13 0.000000e+00 0.000000e+00
1.963686e-15 0.000000e+00 0.000000e+00
-7.260122e-14 0.000000e+00 0.000000e+00
1.839306e-13 0.000000e+00 0.000000e+00
-8.576242e-14 0.000000e+00 0.000000e+00
-2.828651e-13 0.000000e+00 0.000000e+00
-2.560686e-13 0.000000e+00 0.000000e+00
2.994571e-13 0.000000e+00 0.000000e+00
-9.385275e-15 0.000000e+00 0.000000e+00
2.094100e-13 0.000000e+00 0.000000e+00
-3.280548e-14 0.000000e+00 0.000000e+00
-3.877760e-14 0.000000e+00 0.000000e+00
1.028148e-13 0.000000e+00 0.000000e+00
1.710872e-13 0.000000e+00 0.000000e+00
-6.661334e-14 0.000000e+00 0.000000e+00
7.138301e-14 0.000000e+00 0.000000e+00
-6.403455e-14 0.000000e+00 0.000000e+00
-9.782701e-14 0.000000e+00 0.000000e+00
-5.052278e-15 0.000000e+00 0.000000e+00
8.163611e-14 0.000000e+00 0.000000e+00
1.367678e-13 0.000000e+00 0.000000e+00
1.865436e-14 0.000000e+00 0.000000e+00
-3.700340e-14 0.000000e+00 0.000000e+00
1.558683e-13 0.000000e+00 0.000000e+00
-9.058365e-14 0.000000e+00 0.000000e+00
-1.778783e-13 0.000000e+00 0.000000e+00
-8.320675e-15 0.000000e+00 0.000000e+00
2.137017e-14 0.000000e+00 0.000000e+00
-2.842358e-14 0.000000e+00 0.000000e+00
-6.986919e-14 0.000000e+00 0.000000e+00
7.290435e-14 0.000000e+00 0.000000e+00
-5.999362e-15 0.000000e+00 0.000000e+00
-3.354781e-14 0.000000e+00 0.000000e+00
-1.944583e-13 0.000000e+00 0.000000e+00
-2.263747e-13 0.000000e+00 0.000000e+00
7.007654e-14 0.000000e+00 0.000000e+00
-6.324033e-14 0.000000e+00 0.000000e+00
1.546915e-13 0.000000e+00 0.000000e+00
1.515751e-13 0.000000e+00 0.000000e+00
3.203432e-14 0.000000e+00 0.000000e+00
3.339663e-14 0.000000e+00 0.000000e+00
5.994604e-14 0.000000e+00 0.000000e+00
-2.283788e-13 0.000000e+00 0.000000e+00
1.994874e-13 0.000000e+00 0.000000e+00
-1.210926e-13 0.000000e+00 0.000000e+00
1.149155e-13 0.000000e+00 0.000000e+00
-1.432342e-13 0.000000e+00 0.000000e+00
1.938105e-13 0.000000e+00 0.000000e+00
1.621506e-13 0.000000e+00 0.000000e+00
1.816335e-13 0.000000e+00 0.000000e+00
-1.808175e-13 0.000000e+00 0.000000e+00
1.481878e-13 0.000000e+00 0.000000e+00
-5.974282e-14 0.000000e+00 0.000000e+00
-1.230873e-13 0.000000e+00 0.000000e+00
-3.091598e-14 0.000000e+00 0.000000e+00
-3.599503e-14 0.000000e+00 0.000000e+00
-4.874907e-14 0.000000e+00 0.000000e+00
-1.451596e-13 0.000000e+00 0.000000e+00
1.821802e-13 0.000000e+00 0.000000e+00
-9.072704e-14 0.000000e+00 0.000000e+00
7.024015e-14 0.000000e+00 0.000000e+00
-8.436646e-14 0.000000e+00 0.000000e+00
-6.849416e-14 0.000000e+00 0.000000e+00
-1.442847e-13 0.000000e+00 0.000000e+00
-6.473158e-14 0.000000e+00 0.000000e+00
-1.909754e-13 0.000000e+00 0.000000e+00
2.357861e-13 0.000000e+00 0.000000e+00
-1.360427e-13 0.000000e+00 0.000000e+00
1.552883e-13 0.000000e+00 0.000000e+00
8.575383e-14 0.000000e+00 0.000000e+00
9.493624e-14 0.000000e+00 0.000000e+00
1.730839e-13 0.000000e+00 0.000000e+00
7.887449e-14 0.000000e+00 0.000000e+00
9.882680e-16 0.000000e+00 0.000000e+00
-1.072295e-14 0.000000e+00 0.000000e+00
-6.340770e-14 0.000000e+00 0.000000e+00
-6.150200e-14 0.000000e+00 0.000000e+00
-1.192435e-13 0.000000e+00 0.000000e+00
2.167900e-14 0.000000e+00 0.000000e+00
-2.155549e-14 0.000000e+00 0.000000e+00
-5.438622e-14 0.000000e+00 0.000000e+00
-4.571243e-14 0.000000e+00 0.000000e+00
5.853911e-14 0.000000e+00 0.000000e+00
-4.844055e-14 0.000000e+00 0.000000e+00
-5.257592e-14 0.000000e+00 0.000000e+00
2.133452e-13 0.000000e+00 0.000000e+00
-1.146238e-13 0.000000e+00 0.000000e+00
-1.978940e-13 0.000000e+00 0.000000e+00
3.718116e-13 0.000000e+00 0.000000e+00
-1.444526e-14 0.000000e+00 0.000000e+00
1.594395e-13 0.000000e+00 0.000000e+00
8.351864e-14 0.000000e+00 0.000000e+00
2.472137e-13 0.000000e+00 0.000000e+00
-4.698381e-14 0.000000e+00 0.000000e+00
-1.009061e-13 0.000000e+00 0.000000e+00
9.522371e-14 0.000000e+00 0.000000e+00
-4.363180e-14 0.000000e+00 0.000000e+00
-3.335776e-15 0.000000e+00 0.000000e+00
1.168398e-13 0.000000e+00 0.000000e+00
-8.882273e-14 0.000000e+00 0.000000e+00
1.850267e-13 0.000000e+00 0.000000e+00
1.854739e-13 0.000000e+00 0.000000e+00
1.496372e-13 0.000000e+00 0.000000e+00
1.190128e-13 0.000000e+00 0.000000e+00
7.692184e-15 0.000000e+00 0.000000e+00
6.406497e-14 0.000000e+00 0.000000e+00
-1.458241e-13 0.000000e+00 0.000000e+00
-2.145618e-14 0.000000e+00 0.000000e+00
3.608270e-14 0.000000e+00 0.000000e+00
5.391107e-15 0.000000e+00 0.000000e+00
2.622706e-13 0.000000e+00 0.000000e+00
5.704698e-14 0.000000e+00 0.000000e+00
6.882568e-15 0.000000e+00 0.000000e+00
2.103983e-13 0.000000e+00 0.000000e+00
-3.708779e-14 0.000000e+00 0.000000e+00
9.905048e-14 0.000000e+00 0.000000e+00
1.580816e-13 0.000000e+00 0.000000e+00
-4.148419e-14 0.000000e+00 0.000000e+00
2.656158e-14 0.000000e+00 0.000000e+00
1.481978e-13 0.000000e+00 0.000000e+00
-2.399182e-13 0.000000e+00 0.000000e+00
7.077919e-14 0.000000e+00 0.000000e+00
-7.173734e-14 0.000000e+00 0.000000e+00
1.450213e-13 0.000000e+00 0.000000e+00
2.088332e-13 0.000000e+00 0.000000e+00
1.807667e-13 0.000000e+00 0.000000e+00
1.253199e-13 0.000000e+00 0.000000e+00
-1.294865e-13 0.000000e+00 0.000000e+00
-1.213343e-13 0.000000e+00 0.000000e+00
5.386808e-14 0.000000e+00 0.000000e+00
-2.429966e-13 0.000000e+00 0.000000e+00
-2.211131e-13 0.000000e+00 0.000000e+00
2.608861e-13 0.000000e+00 0.000000e+00
9.070067e-14 0.000000e+00 0.000000e+00
1.668649e-13 0.000000e+00 0.000000e+00
3.180768e-13 0.000000e+00 0.000000e+00
7.020277e-14 0.000000e+00 0.000000e+00
-3.741940e-14 0.000000e+00 0.000000e+00
2.048844e-13 0.000000e+00 0.000000e+00
9.458860e-14 0.000000e+00 0.000000e+00
6.814863e-14 0.000000e+00 0.000000e+00
1.290766e-14 0.000000e+00 0.000000e+00
-7.061319e-15 0.000000e+00 0.000000e+00
-1.054071e-13 0.000000e+00 0.000000e+00
-1.403884e-14 0.000000e+00 0.000000e+00
6.701112e-14 0.000000e+00 0.000000e+00
4.157200e-14 0.000000e+00 0.000000e+00
8.153176e-14 0.000000e+00 0.000000e+00
-2.228980e-13 0.000000e+00 0.000000e+00
-2.180853e-13 0.000000e+00 0.000000e+00
-1.457554e-13 0.000000e+00 0.000000e+00
-1.459814e-13 0.000000e+00 0.000000e+00
4.863087e-13 0.000000e+00 0.000000e+00
-8.141854e-14 0.000000e+00 0.000000e+00
8.461164e-14 0.000000e+00 0.000000e+00
-2.316406e-13 0.000000e+00 0.000000e+00
-8.826502e-14 0.000000e+00 0.000000e+00
-1.073050e-13 0.000000e+00 0.000000e+00
-4.212071e-14 0.000000e+00 0.000000e+00
1.619891e-13 0.000000e+00 0.000000e+00
2.204253e-13 0.000000e+00 0.000000e+00
2.481068e-13 0.000000e+00 0.000000e+00
7.019413e-14 0.000000e+00 0.000000e+00
8.495402e-14 0.000000e+00 0.000000e+00
5.094201e-15 0.000000e+00 0.000000e+00
-1.920228e-13 0.000000e+00 0.000000e+00
2.317131e-13 0.000000e+00 0.000000e+00
-1.769000e-13 0.000000e+00 0.000000e+00
-2.108142e-13 0.000000e+00 0.000000e+00
1.040137e-13 0.000000e+00 0.000000e+00
-1.234470e-13 0.000000e+00 0.000000e+00
-2.884964e-13 0.000000e+00 0.000000e+00
-8.322735e-14 0.000000e+00 0.000000e+00
7.641915e-14 0.000000e+00 0.000000e+00
-1.509874e-14 0.000000e+00 0.000000e+00
1.350121e-14 0.000000e+00 0.000000e+00
3.724954e-13 0.000000e+00 0.000000e+00
4.449452e-14 0.000000e+00 0.000000e+00
1.148247e-13 0.000000e+00 0.000000e+00
3.168114e-14 0.000000e+00 0.000000e+00
1.101047e-13 0.000000e+00 0.000000e+00
-1.363002e-13 0.000000e+00 0.000000e+00
-3.548148e-14 0.000000e+00 0.000000e+00
8.837109e-14 0.000000e+00 0.000000e+00
6.654767e-14 0.000000e+00 0.000000e+00
-9.470482e-14 0.000000e+00 0.000000e+00
1.125610e-13 0.000000e+00 0.000000e+00
-1.801908e-13 0.000000e+00 0.000000e+00
-1.735667e-13 0.000000e+00 0.000000e+00
-1.554182e-13 0.000000e+00 0.000000e+00
-4.218663e-14 0.000000e+00 0.000000e+00
-6.923931e-14 0.000000e+00 0.000000e+00
9.461873e-14 0.000000e+00 0.000000e+00
3.609683e-13 0.000000e+00 0.000000e+00
2.518907e-14 0.000000e+00 0.000000e+00
-1.716967e-13 0.000000e+00 0.000000e+00
-6.120693e-14 0.000000e+00 0.000000e+00
4.044063e-13 0.000000e+00 0.000000e+00
7.715636e-14 0.000000e+00 0.000000e+00
-2.117192e-13 0.000000e+00 0.000000e+00
1.531109e-13 0.000000e+00 0.000000e+00
-2.484132e-14 0.000000e+00 0.000000e+00
-3.005342e-13 0.000000e+00 0.000000e+00
3.599283e-14 0.000000e+00 0.000000e+00
-1.893628e-13 0.000000e+00 0.000000e+00
8.194444e-14 0.000000e+00 0.000000e+00
5.100409e-14 0.000000e+00 0.000000e+00
2.707187e-13 0.000000e+00 0.000000e+00
6.016621e-14 0.000000e+00 0.000000e+00
-4.310716e-13 0.000000e+00 0.000000e+00
-1.436594e-13 0.000000e+00 0.000000e+00
-1.134198e-13 0.000000e+00 0.000000e+00
-9.839022e-14 0.000000e+00 0.000000e+00
1.143888e-13 0.000000e+00 0.000000e+00
-3.013334e-13 0.000000e+00 0.000000e+00
1.342594e-13 0.000000e+00 0.000000e+00
8.479455e-14 0.000000e+00 0.000000e+00
-1.859735e-13 0.000000e+00 0.000000e+00
1.255894e-13 0.000000e+00 0.000000e+00
-4.140194e-14 0.000000e+00 0.000000e+00
-6.558777e-15 0.000000e+00 0.000000e+00
-1.061216e-14 0.000000e+00 0.000000e+00
-1.372850e-13 0.000000e+00 0.000000e+00
-6.770068e-14 0.000000e+00 0.000000e+00
-1.907472e-14 0.000000e+00 0.000000e+00
-2.109902e-13 0.000000e+00 0.000000e+00
1.109794e-13 0.000000e+00 0.000000e+00
1.544208e-13 0.000000e+00 0.000000e+00
-1.625449e-13 0.000000e+00 0.000000e+00
3.957834e-13 0.000000e+00 0.000000e+00
-1.260559e-14 0.000000e+00 0.000000e+00
7.654518e-14 0.000000e+00 0.000000e+00
-9.402549e-14 0.000000e+00 0.000000e+00
-8.903102e-14 0.000000e+00 0.000000e+00
-1.080145e-13 0.000000e+00 0.000000e+00
-3.114715e-13 0.000000e+00 0.000000e+00
4.299228e-14 0.000000e+00 0.000000e+00
-1.968544e-13 0.000000e+00 0.000000e+00
-1.995734e-13 0.000000e+00 0.000000e+00
1.818335e-13 0.000000e+00 0.000000e+00
2.001788e-14 0.000000e+00 0.000000e+00
3.181828e-13 0.000000e+00 0.000000e+00
1.856674e-13 0.000000e+00 0.000000e+00
3.702796e-13 0.000000e+00 0.000000e+00
-9.781455e-14 0.000000e+00 0.000000e+00
1.954163e-13 0.000000e+00 0.000000e+00
1.383102e-13 0.000000e+00 0.000000e+00
2.408941e-13 0.000000e+00 0.000000e+00
2.187264e-14 0.000000e+00 0.000000e+00
-5.203309e-14 0.000000e+00 0.000000e+00
-1.287158e-13 0.000000e+00 0.000000e+00
-2.798819e-14 0.000000e+00 0.000000e+00
-1.579116e-13 0.000000e+00 0.000000e+00
-4.957945e-14 0.000000e+00 0.000000e+00
2.184105e-13 0.000000e+00 0.000000e+00
4.265057e-14 0.000000e+00 0.000000e+00
1.111457e-13 0.000000e+00 0.000000e+00
-1.083287e-13 0.000000e+00 0.000000e+00
-2.575717e-13 0.000000e+00 0.000000e+00
1.147900e-13 0.000000e+00 0.000000e+00
1.901298e-13 0.000000e+00 0.000000e+00
-1.483721e-13 0.000000e+00 0.000000e+00
1.730576e-13 0.000000e+00 0.000000e+00
3.050209e-13 0.000000e+00 0.000000e+00
-8.132283e-14 0.000000e+00 0.000000e+00
9.252046e-16 0.000000e+00 0.000000e+00
1.833462e-14 0.000000e+00 0.000000e+00
4.470777e-15 0.000000e+00 0.000000e+00
-1.184477e-13 0.000000e+00 0.000000e+00
-1.861814e-13 0.000000e+00 0.000000e+00
-4.670298e-14 0.000000e+00 0.000000e+00
5.457661e-14 0.000000e+00 0.000000e+00
-1.209246e-13 0.000000e+00 0.000000e+00
-1.828993e-13 0.000000e+00 0.000000e+00
1.956112e-13 0.000000e+00 0.000000e+00
-1.822769e-13 0.000000e+00 0.000000e+00
-2.449490e-13 0.000000e+00 0.000000e+00
2.024038e-14 0.000000e+00 0.000000e+00
-4.539123e-13 0.000000e+00 0.000000e+00
-2.421318e-14 0.000000e+00 0.000000e+00
8.481414e-14 0.000000e+00 0.000000e+00
-1.603539e-13 0.000000e+00 0.000000e+00
-4.219996e-14 0.000000e+00 0.000000e+00
-4.416422e-14 0.000000e+00 0.000000e+00
-2.433778e-13 0.000000e+00 0.000000e+00
1.179936e-13 0.000000e+00 0.000000e+00
1.114341e-13 0.000000e+00 0.000000e+00
8.401606e-14 0.000000e+00 0.000000e+00
2.297731e-13 0.000000e+00 0.000000e+00
8.904776e-14 0.000000e+00 0.000000e+00
-2.785346e-13 0.000000e+00 0.000000e+00
-2.400617e-13 0.000000e+00 0.000000e+00
1.647209e-13 0.000000e+00 0.000000e+00
3.590479e-14 0.000000e+00 0.000000e+00
1.159987e-13 0.000000e+00 0.000000e+00
-7.186834e-14 0.000000e+00 0.000000e+00
-9.039879e-14 0.000000e+00 0.000000e+00
3.410972e-14 0.000000e+00 0.000000e+00
1.347321e-13 0.000000e+00 0.000000e+00
-4.860967e-14 0.000000e+00 0.000000e+00
-1.314420e-14 0.000000e+00 0.000000e+00
1.106435e-13 0.000000e+00 0.000000e+00
2.974473e-13 0.000000e+00 0.000000e+00
1.439405e-13 0.000000e+00 0.000000e+00
-7.830270e-14 0.000000e+00 0.000000e+00
-1.978104e-13 0.000000e+00 0.000000e+00
8.174985e-15 0.000000e+00 0.000000e+00
6.489948e-14 0.000000e+00 0.000000e+00
1.547305e-13 0.000000e+00 0.000000e+00
4.192379e-14 0.000000e+00 0.000000e+00
-2.346928e-13 0.000000e+00 0.000000e+00
9.686468e-14 0.000000e+00 0.000000e+00
3.744571e-14 0.000000e+00 0.000000e+00
-1.800919e-13 0.000000e+00 0.000000e+00
-2.585469e-13 0.000000e+00 0.000000e+00
3.345592e-14 0.000000e+00 0.000000e+00
-3.605871e-13 0.000000e+00 0.000000e+00
-6.748826e-15 0.000000e+00 0.000000e+00
-1.169980e-13 0.000000e+00 0.000000e+00
4.897653e-14 0.000000e+00 0.000000e+00
-3.053623e-13 0.000000e+00 0.000000e+00
4.263762e-14 0.000000e+00 0.000000e+00
-3.819970e-13 0.000000e+00 0.000000e+00
7.852685e-14 0.000000e+00 0.000000e+00
-2.234834e-13 0.000000e+00 0.000000e+00
8.784784e-14 0.000000e+00 0.000000e+00
-1.562131e-13 0.000000e+00 0.000000e+00
-1.527027e-13 0.000000e+00 0.000000e+00
1.561168e-13 0.000000e+00 0.000000e+00
1.751716e-13 0.000000e+00 0.000000e+00
-1.106630e-13 0.000000e+00 0.000000e+00
6.488975e-14 0.000000e+00 0.000000e+00
6.712618e-14 0.000000e+00 0.000000e+00
-7.166359e-14 0.000000e+00 0.000000e+00
2.054688e-14 0.000000e+00 0.000000e+00
-6.230486e-14 0.000000e+00 0.000000e+00
-1.374963e-13 0.000000e+00 0.000000e+00
-1.431382e-14 0.000000e+00 0.000000e+00
-1.240328e-13 0.000000e+00 0.000000e+00
1.660307e-13 0.000000e+00 0.000000e+00
-8.254359e-14 0.000000e+00 0.000000e+00
3.191101e-13 0.000000e+00 0.000000e+00
2.302470e-13 0.000000e+00 0.000000e+00
-1.598742e-13 0.000000e+00 0.000000e+00
-9.819005e-14 0.000000e+00 0.000000e+00
1.137711e-13 0.000000e+00 0.000000e+00
5.360191e-14 0.000000e+00 0.000000e+00
-1.202575e-13 0.000000e+00 0.000000e+00
6.618855e-13 0.000000e+00 0.000000e+00
-4.650513e-14 0.000000e+00 0.000000e+00
4.047956e-14 0.000000e+00 0.000000e+00
-7.061211e-15 0.000000e+00 0.000000e+00
-1.314489e-13 0.000000e+00 0.000000e+00
1.376838e-13 0.000000e+00 0.000000e+00
-1.229816e-13 0.000000e+00 0.000000e+00
7.396720e-14 0.000000e+00 0.000000e+00
1.221966e-13 0.000000e+00 0.000000e+00
8.271704e-15 0.000000e+00 0.000000e+00
-2.973775e-13 0.000000e+00 0.000000e+00
1.113828e-14 0.000000e+00 0.000000e+00
1.463457e-13 0.000000e+00 0.000000e+00
2.100966e-14 0.000000e+00 0.000000e+00
-6.299951e-14 0.000000e+00 0.000000e+00
-3.321630e-15 0.000000e+00 0.000000e+00
-2.360980e-13 0.000000e+00 0.000000e+00
1.482802e-13 0.000000e+00 0.000000e+00
1.574531e-13 0.000000e+00 0.000000e+00
-9.758963e-14 0.000000e+00 0.000000e+00
2.167929e-13 0.000000e+00 0.000000e+00
6.418177e-14 0.000000e+00 0.000000e+00
1.335202e-13 0.000000e+00 0.000000e+00
2.790148e-14 0.000000e+00 0.000000e+00
-1.229785e-13 0.000000e+00 0.000000e+00
-2.379690e-13 0.000000e+00 0.000000e+00
8.969620e-15 0.000000e+00 0.000000e+00
-4.013230e-14 0.000000e+00 0.000000e+00
2.077001e-13 0.000000e+00 0.000000e+00
-4.446504e-14 0.000000e+00 0.000000e+00
2.582215e-13 0.000000e+00 0.000000e+00
2.378685e-13 0.000000e+00 0.000000e+00
2.162632e-14 0.000000e+00 0.000000e+00
-5.797240e-14 0.000000e+00 0.000000e+00
-2.213886e-13 0.000000e+00 0.000000e+00
-2.026643e-13 0.000000e+00 0.000000e+00
8.153739e-14 0.000000e+00 0.000000e+00
3.923324e-13 0.000000e+00 0.000000e+00
3.844411e-13 0.000000e+00 0.000000e+00
-6.723237e-14 0.000000e+00 0.000000e+00
1.079217e-13 0.000000e+00 0.000000e+00
1.191184e-13 0.000000e+00 0.000000e+00
-1.819431e-14 0.000000e+00 0.000000e+00
1.680855e-13 0.000000e+00 0.000000e+00
-6.245660e-14 0.000000e+00 0.000000e+00
1.340973e-13 0.000000e+00 0.000000e+00
-2.390185e-14 0.000000e+00 0.000000e+00
1.277056e-13 0.000000e+00 0.000000e+00
1.961505e-14 0.000000e+00 0.000000e+00
1.416366e-13 0.000000e+00 0.000000e+00
6.298745e-14 0.000000e+00 0.000000e+00
7.155696e-14 0.000000e+00 0.000000e+00
-1.023536e-13 0.000000e+00 0.000000e+00
2.788402e-13 0.000000e+00 0.000000e+00
-6.948335e-13 0.000000e+00 0.000000e+00
3.007021e-13 0.000000e+00 0.000000e+00
-1.550452e-13 0.000000e+00 0.000000e+00
1.626168e-15 0.000000e+00 0.000000e+00
2.969059e-13 0.000000e+00 0.000000e+00
-1.977502e-13 0.000000e+00 0.000000e+00
1.824921e-13 0.000000e+00 0.000000e+00
-4.363779e-14 0.000000e+00 0.000000e+00
-1.391147e-13 0.000000e+00 0.000000e+00
2.156272e-13 0.000000e+00 0.000000e+00
3.221497e-13 0.000000e+00 0.000000e+00
-9.895990e-15 0.000000e+00 0.000000e+00
-3.778159e-14 0.000000e+00 0.000000e+00
-5.550184e-14 0.000000e+00 0.000000e+00
6.583829e-14 0.000000e+00 0.000000e+00
-2.081134e-13 0.000000e+00 0.000000e+00
3.079960e-13 0.000000e+00 0.000000e+00
-4.636169e-14 0.000000e+00 0.000000e+00
6.914622e-14 0.000000e+00 0.000000e+00
4.182942e-14 0.000000e+00 0.000000e+00
1.723395e-13 0.000000e+00 0.000000e+00
6.854156e-14 0.000000e+00 0.000000e+00
-2.206771e-13 0.000000e+00 0.000000e+00
7.432206e-14 0.000000e+00 0.000000e+00
-4.418179e-14 0.000000e+00 0.000000e+00
2.425202e-13 0.000000e+00 0.000000e+00
-1.318247e-13 0.000000e+00 0.000000e+00
6.588541e-15 0.000000e+00 0.000000e+00
4.999189e-14 0.000000e+00 0.000000e+00
4.355975e-14 0.000000e+00 0.000000e+00
-2.812092e-15 0.000000e+00 0.000000e+00
2.295443e-14 0.000000e+00 0.000000e+00
-1.133436e-13 0.000000e+00 0.000000e+00
-5.652606e-14 0.000000e+00 0.000000e+00
-1.698482e-13 0.000000e+00 0.000000e+00
-1.070462e-13 0.000000e+00 0.000000e+00
3.265129e-13 0.000000e+00 0.000000e+00
-2.905044e-14 0.000000e+00 0.000000e+00
1.185941e-13 0.000000e+00 0.000000e+00
-9.496658e-14 0.000000e+00 0.000000e+00
-1.969298e-13 0.000000e+00 0.000000e+00
-2.501235e-13 0.000000e+00 0.000000e+00
-6.256008e-14 0.000000e+00 0.000000e+00
-2.372147e-13 0.000000e+00 0.000000e+00
3.184710e-13 0.000000e+00 0.000000e+00
-6.383524e-14 0.000000e+00 0.000000e+00
2.016367e-13 0.000000e+00 0.000000e+00
-3.309357e-13 0.000000e+00 0.000000e+00
-1.281249e-13 0.000000e+00 0.000000e+00
-2.420462e-13 0.000000e+00 0.000000e+00
4.929702e-14 0.000000e+00 0.000000e+00
1.383408e-13 0.000000e+00 0.000000e+00
1.264443e-13 0.000000e+00 0.000000e+00
-2.251972e-13 0.000000e+00 0.000000e+00
5.404094e-14 0.000000e+00 0.000000e+00
-1.898041e-13 0.000000e+00 0.000000e+00
2.129559e-13 0.000000e+00 0.000000e+00
3.643766e-13 0.000000e+00 0.000000e+00
1.633800e-14 0.000000e+00 0.000000e+00
1.726975e-13 0.000000e+00 0.000000e+00
1.513837e-13 0.000000e+00 0.000000e+00
-1.747824e-13 0.000000e+00 0.000000e+00
2.950422e-13 0.000000e+00 0.000000e+00
-1.169409e-13 0.000000e+00 0.000000e+00
3.275479e-13 0.000000e+00 0.000000e+00
-1.176529e-13 0.000000e+00 0.000000e+00
2.022806e-13 0.000000e+00 0.000000e+00
-4.309249e-13 0.000000e+00 0.000000e+00
-1.192120e-13 0.000000e+00 0.000000e+00
-1.292815e-13 0.000000e+00 0.000000e+00
-1.585477e-13 0.000000e+00 0.000000e+00
-1.501259e-13 0.000000e+00 0.000000e+00
-2.703068e-13 0.000000e+00 0.000000e+00
-3.646708e-14 0.000000e+00 0.000000e+00
2.026511e-13 0.000000e+00 0.000000e+00
1.224413e-13 0.000000e+00 0.000000e+00
2.318016e-13 0.000000e+00 0.000000e+00
1.402590e-13 0.000000e+00 0.000000e+00
-8.461379e-14 0.000000e+00 0.000000e+00
8.877859e-14 0.000000e+00 0.000000e+00
1.140762e-13 0.000000e+00 0.000000e+00
-2.985182e-13 0.000000e+00 0.000000e+00
2.333168e-13 0.000000e+00 0.000000e+00
-7.514616e-14 0.000000e+00 0.000000e+00
6.571001e-14 0.000000e+00 0.000000e+00
-1.355020e-13 0.000000e+00 0.000000e+00
9.682609e-14 0.000000e+00 0.000000e+00
2.269809e-13 0.000000e+00 0.000000e+00
-4.323531e-14 0.000000e+00 0.000000e+00
3.838328e-13 0.000000e+00 0.000000e+00
-3.048789e-13 0.000000e+00 0.000000e+00
1.515873e-13 0.000000e+00 0.000000e+00
2.231388e-13 0.000000e+00 0.000000e+00
-7.435113e-14 0.000000e+00 0.000000e+00
1.644067e-13 0.000000e+00 0.000000e+00
-1.243971e-13 0.000000e+00 0.000000e+00
2.601841e-13 0.000000e+00 0.000000e+00
7.869628e-14 0.000000e+00 0.000000e+00
-3.205477e-13 0.000000e+00 0.000000e+00
-2.099232e-14 0.000000e+00 0.000000e+00
1.366118e-13 0.000000e+00 0.000000e+00
3.584888e-13 0.000000e+00 0.000000e+00
-8.905404e-14 0.000000e+00 0.000000e+00
-9.067894e-14 0.000000e+00 0.000000e+00
-7.231531e-14 0.000000e+00 0.000000e+00
2.733142e-13 0.000000e+00 0.000000e+00
-5.541506e-14 0.000000e+00 0.000000e+00
-1.367590e-13 0.000000e+00 0.000000e+00
7.133609e-14 0.000000e+00 0.000000e+00
6.539599e-15 0.000000e+00 0.000000e+00
-3.431140e-13 0.000000e+00 0.000000e+00
-2.847260e-13 0.000000e+00 0.000000e+00
5.074837e-14 0.000000e+00 0.000000e+00
-1.513996e-13 0.000000e+00 0.000000e+00
-1.231260e-13 0.000000e+00 0.000000e+00
1.870703e-13 0.000000e+00 0.000000e+00
1.261255e-13 0.000000e+00 0.000000e+00
1.644829e-14 0.000000e+00 0.000000e+00
1.570181e-13 0.000000e+00 0.000000e+00
5.562782e-15 0.000000e+00 0.000000e+00
-7.812835e-14 0.000000e+00 0.000000e+00
-5.290067e-13 0.000000e+00 0.000000e+00
-2.843470e-13 0.000000e+00 0.000000e+00
1.681062e-13 0.000000e+00 0.000000e+00
-3.387213e-13 0.000000e+00 0.000000e+00
4.903853e-14 0.000000e+00 0.000000e+00
-1.930273e-14 0.000000e+00 0.000000e+00
-3.679211e-13 0.000000e+00 0.000000e+00
-1.427134e-13 0.000000e+00 0.000000e+00
1.619621e-13 0.000000e+00 0.000000e+00
-1.192463e-14 0.000000e+00 0.000000e+00
1.135906e-13 0.000000e+00 0.000000e+00
-2.363155e-14 0.000000e+00 0.000000e+00
-3.487897e-13 0.000000e+00 0.000000e+00
-9.895285e-14 0.000000e+00 0.000000e+00
-5.602719e-14 0.000000e+00 0.000000e+00
-2.973139e-13 0.000000e+00 0.000000e+00
1.334063e-15 0.000000e+00 0.000000e+00
3.047540e-13 0.000000e+00 0.000000e+00
-2.470319e-14 0.000000e+00 0.000000e+00
-1.485086e-13 0.000000e+00 0.000000e+00
2.910949e-14 0.000000e+00 0.000000e+00
1.162145e-13 0.000000e+00 0.000000e+00
-1.797329e-14 0.000000e+00 0.000000e+00
5.598272e-14 0.000000e+00 0.000000e+00
3.102395e-13 0.000000e+00 0.000000e+00
-1.833062e-13 0.000000e+00 0.000000e+00
9.888220e-15 0.000000e+00 0.000000e+00
3.145937e-14 0.000000e+00 0.000000e+00
-9.058570e-14 0.000000e+00 0.000000e+00
-1.376419e-13 0.000000e+00 0.000000e+00
1.965289e-13 0.000000e+00 0.000000e+00
-1.122945e-13 0.000000e+00 0.000000e+00
-1.437773e-14 0.000000e+00 0.000000e+00
-1.772555e-13 0.000000e+00 0.000000e+00
2.993664e-14 0.000000e+00 0.000000e+00
-6.302437e-14 0.000000e+00 0.000000e+00
-6.966040e-14 0.000000e+00 0.000000e+00
2.846858e-14 0.000000e+00 0.000000e+00
1.685174e-14 0.000000e+00 0.000000e+00
2.528121e-13 0.000000e+00 0.000000e+00
-1.297979e-13 0.000000e+00 0.000000e+00
6.175536e-14 0.000000e+00 0.000000e+00
1.573533e-13 0.000000e+00 0.000000e+00
-5.190570e-15 0.000000e+00 0.000000e+00
-1.163823e-14 0.000000e+00 0.000000e+00
2.378263e-13 0.000000e+00 0.000000e+00
-4.320461e-14 0.000000e+00 0.000000e+00
-5.617529e-14 0.000000e+00 0.000000e+00
-1.583990e-13 0.000000e+00 0.000000e+00
-3.206679e-13 0.000000e+00 0.000000e+00
1.004231e-13 0.000000e+00 0.000000e+00
4.410953e-14 0.000000e+00 0.000000e+00
-1.098726e-13 0.000000e+00 0.000000e+00
1.032489e-13 0.000000e+00 0.000000e+00
3.057483e-13 0.000000e+00 0.000000e+00
1.362284e-13 0.000000e+00 0.000000e+00
1.496337e-13 0.000000e+00 0.000000e+00
2.612052e-14 0.000000e+00 0.000000e+00
2.531024e-14 0.000000e+00 0.000000e+00
1.815209e-13 0.000000e+00 0.000000e+00
-2.100201e-13 0.000000e+00 0.000000e+00
-3.895588e-14 0.000000e+00 0.000000e+00
-7.938034e-14 0.000000e+00 0.000000e+00
-2.262762e-13 0.000000e+00 0.000000e+00
-1.665490e-13 0.000000e+00 0.000000e+00
-2.426920e-13 0.000000e+00 0.000000e+00
2.839712e-13 0.000000e+00 0.000000e+00
2.125559e-13 0.000000e+00 0.000000e+00
2.927295e-14 0.000000e+00 0.000000e+00
-6.293464e-14 0.000000e+00 0.000000e+00
1.018568e-15 0.000000e+00 0.000000e+00
1.431179e-13 0.000000e+00 0.000000e+00
2.064608e-13 0.000000e+00 0.000000e+00
-1.448132e-13 0.000000e+00 0.000000e+00
-1.551406e-14 0.000000e+00 0.000000e+00
-1.011900e-13 0.000000e+00 0.000000e+00
-2.740077e-13 0.000000e+00 0.000000e+00
-5.469723e-15 0.000000e+00 0.000000e+00
1.136855e-13 0.000000e+00 0.000000e+00
-6.064221e-14 0.000000e+00 0.000000e+00
-1.592093e-13 0.000000e+00 0.000000e+00
-2.401741e-14 0.000000e+00 0.000000e+00
1.944576e-13 0.000000e+00 0.000000e+00
1.117598e-13 0.000000e+00 0.000000e+00
-1.689538e-13 0.000000e+00 0.000000e+00
-7.418497e-14 0.000000e+00 0.000000e+00
-3.778723e-14 0.000000e+00 0.000000e+00
-1.570864e-14 0.000000e+00 0.000000e+00
-5.652472e-14 0.000000e+00 0.000000e+00
-6.069794e-14 0.000000e+00 0.000000e+00
-2.481574e-14 0.000000e+00 0.000000e+00
-1.501006e-13 0.000000e+00 0.000000e+00
1.571657e-13 0.000000e+00 0.000000e+00
-2.668713e-13 0.000000e+00 0.000000e+00
-1.193683e-13 0.000000e+00 0.000000e+00
1.141470e-13 0.000000e+00 0.000000e+00
7.619126e-14 0.000000e+00 0.000000e+00
-1.929915e-13 0.000000e+00 0.000000e+00
2.313266e-13 0.000000e+00 0.000000e+00
3.641967e-13 0.000000e+00 0.000000e+00
-3.248321e-13 0.000000e+00 0.000000e+00
1.740813e-14 0.000000e+00 0.000000e+00
-7.956969e-14 0.000000e+00 0.000000e+00
-4.688592e-14 0.000000e+00 0.000000e+00
1.377471e-13 0.000000e+00 0.000000e+00
-3.019142e-14 0.000000e+00 0.000000e+00
-2.636145e-13 0.000000e+00 0.000000e+00
-5.655803e-14 0.000000e+00 0.000000e+00
-3.272493e-13 0.000000e+00 0.000000e+00
2.159833e-14 0.000000e+00 0.000000e+00
2.661177e-13 0.000000e+00 0.000000e+00
2.235010e-13 0.000000e+00 0.000000e+00
9.135202e-14 0.000000e+00 0.000000e+00
-1.689278e-13 0.000000e+00 0.000000e+00
-9.566892e-14 0.000000e+00 0.000000e+00
1.490128e-13 0.000000e+00 0.000000e+00
3.802783e-14 0.000000e+00 0.000000e+00
-1.001567e-13 0.000000e+00 0.000000e+00
-5.837261e-14 0.000000e+00 0.000000e+00
-6.735370e-14 0.000000e+00 0.000000e+00
-1.559125e-13 0.000000e+00 0.000000e+00
-6.054754e-14 0.000000e+00 0.000000e+00
7.437144e-14 0.000000e+00 0.000000e+00
1.733755e-13 0.000000e+00 0.000000e+00
1.120204e-13 0.000000e+00 0.000000e+00
-1.990363e-13 0.000000e+00 0.000000e+00
6.876490e-15 0.000000e+00 0.000000e+00
7.776912e-14 0.000000e+00 0.000000e+00
-5.773680e-14 0.000000e+00 0.000000e+00
-1.548112e-14 0.000000e+00 0.000000e+00
-1.549417e-13 0.000000e+00 0.000000e+00
-8.413663e-14 0.000000e+00 0.000000e+00
-1.133148e-13 0.000000e+00 0.000000e+00
-7.558034e-14 0.000000e+00 0.000000e+00
6.234302e-14 0.000000e+00 0.000000e+00
-2.634825e-13 0.000000e+00 0.000000e+00
3.068650e-13 0.000000e+00 0.000000e+00
-3.106984e-13 0.000000e+00 0.000000e+00
-2.412753e-13 0.000000e+00 0.000000e+00
-6.315391e-14 0.000000e+00 0.000000e+00
-1.818781e-13 0.000000e+00 0.000000e+00
5.969885e-14 0.000000e+00 0.000000e+00
-2.187250e-13 0.000000e+00 0.000000e+00
7.916920e-14 0.000000e+00 0.000000e+00
-5.789585e-14 0.000000e+00 0.000000e+00
1.555473e-14 0.000000e+00 0.000000e+00
-1.064405e-13 0.000000e+00 0.000000e+00
-2.763124e-13 0.000000e+00 0.000000e+00
-2.944601e-14 0.000000e+00 0.000000e+00
4.532723e-15 0.000000e+00 0.000000e+00
-1.289715e-13 0.000000e+00 0.000000e+00
-4.431085e-13 0.000000e+00 0.000000e+00
-1.314739e-13 0.000000e+00 0.000000e+00
-2.335341e-13 0.000000e+00 0.000000e+00
1.120230e-13 0.000000e+00 0.000000e+00
-3.013171e-13 0.000000e+00 0.000000e+00
8.937506e-16 0.000000e+00 0.000000e+00
1.439895e-14 0.000000e+00 0.000000e+00
-1.928279e-13 0.000000e+00 0.000000e+00
2.874731e-13 0.000000e+00 0.000000e+00
1.131990e-13 0.000000e+00 0.000000e+00
3.418488e-14 0.000000e+00 0.000000e+00
-2.680180e-15 0.000000e+00 0.000000e+00
-1.463584e-13 0.000000e+00 0.000000e+00
-2.809162e-13 0.000000e+00 0.000000e+00
1.681671e-13 0.000000e+00 0.000000e+00
-8.234137e-14 0.000000e+00 0.000000e+00
7.594079e-14 0.000000e+00 0.000000e+00
-1.884912e-14 0.000000e+00 0.000000e+00
-7.243414e-16 0.000000e+00 0.000000e+00
-4.500902e-14 0.000000e+00 0.000000e+00
-1.970601e-13 0.000000e+00 0.000000e+00
3.423491e-14 0.000000e+00 0.000000e+00
1.233413e-14 0.000000e+00 0.000000e+00
-2.258398e-14 0.000000e+00 0.000000e+00
2.154407e-13 0.000000e+00 0.000000e+00
-6.507352e-14 0.000000e+00 0.000000e+00
-1.397875e-13 0.000000e+00 0.000000e+00
5.707939e-14 0.000000e+00 0.000000e+00
8.543229e-14 0.000000e+00 0.000000e+00
4.045846e-14 0.000000e+00 0.000000e+00
-9.645924e-14 0.000000e+00 0.000000e+00
5.557029e-14 0.000000e+00 0.000000e+00
-2.014346e-13 0.000000e+00 0.000000e+00
-1.263407e-14 0.000000e+00 0.000000e+00
-1.674438e-14 0.000000e+00 0.000000e+00
2.686317e-13 0.000000e+00 0.000000e+00
2.325892e-14 0.000000e+00 0.000000e+00
