FX FY FZ 
1.725612e-10 0.000000e+00 0.000000e+00
1.936150e-10 0.000000e+00 0.000000e+00
-6.204784e-11 0.000000e+00 0.000000e+00
-1.897743e-10 0.000000e+00 0.000000e+00
1.004089e-10 0.000000e+00 0.000000e+00
3.525904e-10 0.000000e+00 0.000000e+00
4.715364e-10 0.000000e+00 0.000000e+00
4.011513e-10 0.000000e+00 0.000000e+00
1.652540e-10 0.000000e+00 0.000000e+00
2.046493e-11 0.000000e+00 0.000000e+00
-3.993951e-10 0.000000e+00 0.000000e+00
-1.758083e-10 0.000000e+00 0.000000e+00
-2.421205e-10 0.000000e+00 0.000000e+00
-7.539514e-10 0.000000e+00 0.000000e+00
4.691823e-10 0.000000e+00 0.000000e+00
-4.744198e-10 0.000000e+00 0.000000e+00
-1.029187e-10 0.000000e+00 0.000000e+00
-5.203788e-10 0.000000e+00 0.000000e+00
3.550020e-10 0.000000e+00 0.000000e+00
-2.761874e-11 0.000000e+00 0.000000e+00
-6.090227e-11 0.000000e+00 0.000000e+00
2.535890e-10 0.000000e+00 0.000000e+00
-5.909162e-11 0.000000e+00 0.000000e+00
4.877843e-11 0.000000e+00 0.000000e+00
-5.019225e-11 0.000000e+00 0.000000e+00
1.095416e-10 0.000000e+00 0.000000e+00
5.541763e-10 0.000000e+00 0.000000e+00
-1.176795e-09 0.000000e+00 0.000000e+00
-1.459765e-10 0.000000e+00 0.000000e+00
-6.202589e-11 0.000000e+00 0.000000e+00
2.386510e-10 0.000000e+00 0.000000e+00
3.277057e-10 0.000000e+00 0.000000e+00
4.851929e-10 0.000000e+00 0.000000e+00
-3.269978e-10 0.000000e+00 0.000000e+00
-2.317204e-10 0.000000e+00 0.000000e+00
-1.053075e-10 0.000000e+00 0.000000e+00
-2.056257e-11 0.000000e+00 0.000000e+00
2.661030e-10 0.000000e+00 0.000000e+00
-8.784187e-11 0.000000e+00 0.000000e+00
1.530772e-10 0.000000e+00 0.000000e+00
-4.406054e-11 0.000000e+00 0.000000e+00
3.750256e-10 0.000000e+00 0.000000e+00
4.613645e-10 0.000000e+00 0.000000e+00
2.472275e-10 0.000000e+00 0.000000e+00
2.463084e-11 0.000000e+00 0.000000e+00
2.812301e-10 0.000000e+00 0.000000e+00
-6.616439e-10 0.000000e+00 0.000000e+00
-1.859161e-10 0.000000e+00 0.000000e+00
1.323530e-10 0.000000e+00 0.000000e+00
5.065138e-10 0.000000e+00 0.000000e+00
3.248358e-10 0.000000e+00 0.000000e+00
-4.539315e-11 0.000000e+00 0.000000e+00
3.922448e-10 0.000000e+00 0.000000e+00
1.431048e-10 0.000000e+00 0.000000e+00
1.826961e-10 0.000000e+00 0.000000e+00
2.813209e-10 0.000000e+00 0.000000e+00
3.756787e-12 0.000000e+00 0.000000e+00
-2.886341e-10 0.000000e+00 0.000000e+00
3.859833e-10 0.000000e+00 0.000000e+00
6.739206e-12 0.000000e+00 0.000000e+00
-3.272099e-10 0.000000e+00 0.000000e+00
-9.787009e-11 0.000000e+00 0.000000e+00
-6.606215e-10 0.000000e+00 0.000000e+00
3.615291e-10 0.000000e+00 0.000000e+00
-4.175607e-11 0.000000e+00 0.000000e+00
-4.136773e-10 0.000000e+00 0.000000e+00
4.195878e-10 0.000000e+00 0.000000e+00
3.812368e-10 0.000000e+00 0.000000e+00
2.662866e-10 0.000000e+00 0.000000e+00
-1.467334e-10 0.000000e+00 0.000000e+00
5.742813e-10 0.000000e+00 0.000000e+00
-3.045486e-10 0.000000e+00 0.000000e+00
-2.835484e-10 0.000000e+00 0.000000e+00
-4.241425e-10 0.000000e+00 0.000000e+00
-1.556167e-10 0.000000e+00 0.000000e+00
-7.464473e-11 0.000000e+00 0.000000e+00
2.634137e-10 0.000000e+00 0.000000e+00
3.446094e-10 0.000000e+00 0.000000e+00
-2.429792e-10 0.000000e+00 0.000000e+00
2.618107e-10 0.000000e+00 0.000000e+00
9.510110e-13 0.000000e+00 0.000000e+00
1.681188e-10 0.000000e+00 0.000000e+00
8.222896e-11 0.000000e+00 0.000000e+00
-2.606175e-10 0.000000e+00 0.000000e+00
-1.202937e-09 0.000000e+00 0.000000e+00
-4.794266e-10 0.000000e+00 0.000000e+00
-8.018329e-10 0.000000e+00 0.000000e+00
3.012968e-10 0.000000e+00 0.000000e+00
3.022733e-10 0.000000e+00 0.000000e+00
-6.916570e-10 0.000000e+00 0.000000e+00
-3.975445e-10 0.000000e+00 0.000000e+00
-4.037416e-10 0.000000e+00 0.000000e+00
5.122729e-10 0.000000e+00 0.000000e+00
1.730854e-10 0.000000e+00 0.000000e+00
-4.440834e-10 0.000000e+00 0.000000e+00
-3.444256e-11 0.000000e+00 0.000000e+00
-3.302972e-10 0.000000e+00 0.000000e+00
6.268625e-10 0.000000e+00 0.000000e+00
1.481353e-10 0.000000e+00 0.000000e+00
2.814317e-10 0.000000e+00 0.000000e+00
-2.856514e-10 0.000000e+00 0.000000e+00
-2.965605e-10 0.000000e+00 0.000000e+00
1.569569e-10 0.000000e+00 0.000000e+00
2.977382e-10 0.000000e+00 0.000000e+00
3.773893e-10 0.000000e+00 0.000000e+00
2.077682e-10 0.000000e+00 0.000000e+00
-3.377674e-10 0.000000e+00 0.000000e+00
-5.293102e-10 0.000000e+00 0.000000e+00
2.491024e-10 0.000000e+00 0.000000e+00
3.307146e-10 0.000000e+00 0.000000e+00
4.129210e-10 0.000000e+00 0.000000e+00
3.484397e-10 0.000000e+00 0.000000e+00
4.517235e-10 0.000000e+00 0.000000e+00
-7.257897e-11 0.000000e+00 0.000000e+00
-5.891426e-10 0.000000e+00 0.000000e+00
-1.536198e-10 0.000000e+00 0.000000e+00
-4.212323e-10 0.000000e+00 0.000000e+00
-1.231128e-10 0.000000e+00 0.000000e+00
-1.670119e-10 0.000000e+00 0.000000e+00
4.402643e-10 0.000000e+00 0.000000e+00
7.912156e-11 0.000000e+00 0.000000e+00
1.684723e-10 0.000000e+00 0.000000e+00
1.257214e-10 0.000000e+00 0.000000e+00
2.150773e-10 0.000000e+00 0.000000e+00
-2.884929e-10 0.000000e+00 0.000000e+00
-4.077418e-10 0.000000e+00 0.000000e+00
-1.099770e-10 0.000000e+00 0.000000e+00
-1.723802e-10 0.000000e+00 0.000000e+00
-2.389241e-11 0.000000e+00 0.000000e+00
-1.240958e-10 0.000000e+00 0.000000e+00
1.304104e-10 0.000000e+00 0.000000e+00
-8.469016e-10 0.000000e+00 0.000000e+00
-2.227394e-10 0.000000e+00 0.000000e+00
3.725027e-10 0.000000e+00 0.000000e+00
2.988220e-10 0.000000e+00 0.000000e+00
5.326528e-11 0.000000e+00 0.000000e+00
3.401243e-10 0.000000e+00 0.000000e+00
-1.038408e-10 0.000000e+00 0.000000e+00
1.373194e-10 0.000000e+00 0.000000e+00
-2.719714e-11 0.000000e+00 0.000000e+00
-4.910980e-10 0.000000e+00 0.000000e+00
-2.419178e-10 0.000000e+00 0.000000e+00
-4.869818e-10 0.000000e+00 0.000000e+00
-1.979094e-10 0.000000e+00 0.000000e+00
4.398011e-10 0.000000e+00 0.000000e+00
-8.200275e-11 0.000000e+00 0.000000e+00
8.513707e-11 0.000000e+00 0.000000e+00
-7.970760e-11 0.000000e+00 0.000000e+00
1.786966e-10 0.000000e+00 0.000000e+00
-1.953195e-10 0.000000e+00 0.000000e+00
3.730057e-10 0.000000e+00 0.000000e+00
2.928626e-10 0.000000e+00 0.000000e+00
2.739297e-10 0.000000e+00 0.000000e+00
-2.895789e-10 0.000000e+00 0.000000e+00
-2.349410e-10 0.000000e+00 0.000000e+00
4.269092e-10 0.000000e+00 0.000000e+00
-5.028067e-10 0.000000e+00 0.000000e+00
-1.171646e-10 0.000000e+00 0.000000e+00
-1.799186e-10 0.000000e+00 0.000000e+00
3.878549e-10 0.000000e+00 0.000000e+00
7.918935e-11 0.000000e+00 0.000000e+00
-2.396848e-10 0.000000e+00 0.000000e+00
-4.243661e-10 0.000000e+00 0.000000e+00
-8.054093e-10 0.000000e+00 0.000000e+00
4.444904e-10 0.000000e+00 0.000000e+00
1.003683e-10 0.000000e+00 0.000000e+00
-1.022196e-09 0.000000e+00 0.000000e+00
3.935360e-11 0.000000e+00 0.000000e+00
-6.277451e-11 0.000000e+00 0.000000e+00
-4.042719e-10 0.000000e+00 0.000000e+00
-2.180605e-11 0.000000e+00 0.000000e+00
2.044685e-10 0.000000e+00 0.000000e+00
4.102090e-10 0.000000e+00 0.000000e+00
1.912701e-11 0.000000e+00 0.000000e+00
4.371765e-10 0.000000e+00 0.000000e+00
1.532053e-10 0.000000e+00 0.000000e+00
8.667334e-11 0.000000e+00 0.000000e+00
2.828872e-10 0.000000e+00 0.000000e+00
-1.113709e-12 0.000000e+00 0.000000e+00
5.357402e-10 0.000000e+00 0.000000e+00
2.190321e-10 0.000000e+00 0.000000e+00
-4.417525e-11 0.000000e+00 0.000000e+00
2.014703e-11 0.000000e+00 0.000000e+00
2.492407e-10 0.000000e+00 0.000000e+00
2.938572e-10 0.000000e+00 0.000000e+00
2.355474e-10 0.000000e+00 0.000000e+00
1.020495e-10 0.000000e+00 0.000000e+00
8.434363e-11 0.000000e+00 0.000000e+00
-4.584736e-10 0.000000e+00 0.000000e+00
3.628640e-10 0.000000e+00 0.000000e+00
1.669873e-10 0.000000e+00 0.000000e+00
-3.772268e-10 0.000000e+00 0.000000e+00
-2.303232e-10 0.000000e+00 0.000000e+00
-1.069297e-10 0.000000e+00 0.000000e+00
4.794109e-10 0.000000e+00 0.000000e+00
2.657082e-11 0.000000e+00 0.000000e+00
-1.892371e-10 0.000000e+00 0.000000e+00
-2.711083e-11 0.000000e+00 0.000000e+00
-3.687868e-10 0.000000e+00 0.000000e+00
1.027219e-10 0.000000e+00 0.000000e+00
2.508848e-10 0.000000e+00 0.000000e+00
2.694578e-10 0.000000e+00 0.000000e+00
-8.751227e-10 0.000000e+00 0.000000e+00
-1.003050e-10 0.000000e+00 0.000000e+00
4.945922e-10 0.000000e+00 0.000000e+00
-4.125870e-10 0.000000e+00 0.000000e+00
-1.491442e-10 0.000000e+00 0.000000e+00
1.136831e-10 0.000000e+00 0.000000e+00
-1.877200e-10 0.000000e+00 0.000000e+00
-1.101122e-10 0.000000e+00 0.000000e+00
-1.160740e-10 0.000000e+00 0.000000e+00
2.669497e-10 0.000000e+00 0.000000e+00
3.823342e-10 0.000000e+00 0.000000e+00
1.073101e-10 0.000000e+00 0.000000e+00
-6.787031e-10 0.000000e+00 0.000000e+00
-2.488507e-10 0.000000e+00 0.000000e+00
-8.277154e-10 0.000000e+00 0.000000e+00
2.737794e-10 0.000000e+00 0.000000e+00
-2.909627e-11 0.000000e+00 0.000000e+00
-7.467759e-11 0.000000e+00 0.000000e+00
-3.087994e-10 0.000000e+00 0.000000e+00
2.545316e-10 0.000000e+00 0.000000e+00
-7.297255e-10 0.000000e+00 0.000000e+00
4.322137e-10 0.000000e+00 0.000000e+00
2.531076e-10 0.000000e+00 0.000000e+00
6.997348e-11 0.000000e+00 0.000000e+00
-1.371872e-09 0.000000e+00 0.000000e+00
-1.764805e-10 0.000000e+00 0.000000e+00
-1.891658e-10 0.000000e+00 0.000000e+00
-1.301810e-10 0.000000e+00 0.000000e+00
-5.354830e-10 0.000000e+00 0.000000e+00
1.160016e-10 0.000000e+00 0.000000e+00
-2.686786e-10 0.000000e+00 0.000000e+00
-3.015370e-11 0.000000e+00 0.000000e+00
6.971459e-11 0.000000e+00 0.000000e+00
-4.285693e-10 0.000000e+00 0.000000e+00
4.468103e-10 0.000000e+00 0.000000e+00
-3.602709e-10 0.000000e+00 0.000000e+00
8.125251e-11 0.000000e+00 0.000000e+00
3.534383e-10 0.000000e+00 0.000000e+00
2.170997e-10 0.000000e+00 0.000000e+00
9.095542e-11 0.000000e+00 0.000000e+00
4.356511e-10 0.000000e+00 0.000000e+00
7.789120e-11 0.000000e+00 0.000000e+00
-3.445522e-10 0.000000e+00 0.000000e+00
-2.872587e-10 0.000000e+00 0.000000e+00
3.444122e-10 0.000000e+00 0.000000e+00
3.271346e-10 0.000000e+00 0.000000e+00
1.898880e-10 0.000000e+00 0.000000e+00
-2.332464e-10 0.000000e+00 0.000000e+00
1.027838e-10 0.000000e+00 0.000000e+00
7.519973e-11 0.000000e+00 0.000000e+00
2.450009e-10 0.000000e+00 0.000000e+00
-3.675469e-10 0.000000e+00 0.000000e+00
3.134894e-10 0.000000e+00 0.000000e+00
-2.028626e-10 0.000000e+00 0.000000e+00
1.102416e-10 0.000000e+00 0.000000e+00
1.903952e-10 0.000000e+00 0.000000e+00
3.055058e-10 0.000000e+00 0.000000e+00
-2.505030e-10 0.000000e+00 0.000000e+00
1.307815e-11 0.000000e+00 0.000000e+00
2.702236e-10 0.000000e+00 0.000000e+00
4.712036e-11 0.000000e+00 0.000000e+00
2.558418e-10 0.000000e+00 0.000000e+00
2.363721e-10 0.000000e+00 0.000000e+00
2.086138e-10 0.000000e+00 0.000000e+00
2.443744e-10 0.000000e+00 0.000000e+00
1.704809e-10 0.000000e+00 0.000000e+00
4.348164e-10 0.000000e+00 0.000000e+00
3.996564e-10 0.000000e+00 0.000000e+00
-5.684168e-11 0.000000e+00 0.000000e+00
5.396751e-10 0.000000e+00 0.000000e+00
1.032303e-10 0.000000e+00 0.000000e+00
9.617391e-12 0.000000e+00 0.000000e+00
-1.100027e-10 0.000000e+00 0.000000e+00
-7.627393e-11 0.000000e+00 0.000000e+00
2.542703e-10 0.000000e+00 0.000000e+00
6.160026e-10 0.000000e+00 0.000000e+00
1.252762e-10 0.000000e+00 0.000000e+00
-3.981731e-12 0.000000e+00 0.000000e+00
2.751832e-10 0.000000e+00 0.000000e+00
-2.219777e-10 0.000000e+00 0.000000e+00
4.125610e-10 0.000000e+00 0.000000e+00
-5.304393e-10 0.000000e+00 0.000000e+00
3.305340e-10 0.000000e+00 0.000000e+00
-2.216357e-10 0.000000e+00 0.000000e+00
1.080971e-10 0.000000e+00 0.000000e+00
-7.419968e-10 0.000000e+00 0.000000e+00
-5.406034e-10 0.000000e+00 0.000000e+00
3.031965e-10 0.000000e+00 0.000000e+00
3.606546e-10 0.000000e+00 0.000000e+00
1.340968e-10 0.000000e+00 0.000000e+00
-9.653944e-10 0.000000e+00 0.000000e+00
-2.353942e-10 0.000000e+00 0.000000e+00
-2.764035e-10 0.000000e+00 0.000000e+00
-2.169197e-11 0.000000e+00 0.000000e+00
-2.590444e-10 0.000000e+00 0.000000e+00
3.686391e-10 0.000000e+00 0.000000e+00
3.245280e-12 0.000000e+00 0.000000e+00
4.211086e-10 0.000000e+00 0.000000e+00
4.115370e-10 0.000000e+00 0.000000e+00
-8.260405e-10 0.000000e+00 0.000000e+00
-4.313021e-10 0.000000e+00 0.000000e+00
4.009339e-10 0.000000e+00 0.000000e+00
5.985638e-10 0.000000e+00 0.000000e+00
-3.063438e-10 0.000000e+00 0.000000e+00
2.339815e-10 0.000000e+00 0.000000e+00
1.152017e-10 0.000000e+00 0.000000e+00
-4.075283e-10 0.000000e+00 0.000000e+00
-7.848024e-10 0.000000e+00 0.000000e+00
2.176049e-10 0.000000e+00 0.000000e+00
-1.659846e-10 0.000000e+00 0.000000e+00
3.029429e-10 0.000000e+00 0.000000e+00
4.565191e-10 0.000000e+00 0.000000e+00
-2.486258e-10 0.000000e+00 0.000000e+00
-3.894275e-10 0.000000e+00 0.000000e+00
-1.102922e-09 0.000000e+00 0.000000e+00
-1.579304e-11 0.000000e+00 0.000000e+00
-3.102171e-10 0.000000e+00 0.000000e+00
4.689277e-10 0.000000e+00 0.000000e+00
2.379935e-10 0.000000e+00 0.000000e+00
1.765478e-10 0.000000e+00 0.000000e+00
2.149080e-10 0.000000e+00 0.000000e+00
3.061453e-10 0.000000e+00 0.000000e+00
-2.396056e-10 0.000000e+00 0.000000e+00
-1.406392e-10 0.000000e+00 0.000000e+00
-1.531775e-10 0.000000e+00 0.000000e+00
-1.467666e-10 0.000000e+00 0.000000e+00
-2.146555e-10 0.000000e+00 0.000000e+00
2.769873e-10 0.000000e+00 0.000000e+00
3.792637e-11 0.000000e+00 0.000000e+00
4.037277e-10 0.000000e+00 0.000000e+00
5.081185e-11 0.000000e+00 0.000000e+00
-6.892905e-10 0.000000e+00 0.000000e+00
5.743844e-10 0.000000e+00 0.000000e+00
-1.655173e-10 0.000000e+00 0.000000e+00
3.186537e-10 0.000000e+00 0.000000e+00
-7.654021e-10 0.000000e+00 0.000000e+00
2.713936e-10 0.000000e+00 0.000000e+00
-8.399424e-10 0.000000e+00 0.000000e+00
-1.996917e-10 0.000000e+00 0.000000e+00
4.651846e-10 0.000000e+00 0.000000e+00
1.716433e-10 0.000000e+00 0.000000e+00
-7.123937e-11 0.000000e+00 0.000000e+00
1.101220e-10 0.000000e+00 0.000000e+00
2.699550e-10 0.000000e+00 0.000000e+00
2.626497e-10 0.000000e+00 0.000000e+00
-3.976762e-10 0.000000e+00 0.000000e+00
4.257307e-10 0.000000e+00 0.000000e+00
-1.101578e-10 0.000000e+00 0.000000e+00
3.779879e-10 0.000000e+00 0.000000e+00
1.885801e-11 0.000000e+00 0.000000e+00
2.962377e-10 0.000000e+00 0.000000e+00
1.701025e-10 0.000000e+00 0.000000e+00
-5.494184e-11 0.000000e+00 0.000000e+00
1.351661e-10 0.000000e+00 0.000000e+00
-1.423802e-09 0.000000e+00 0.000000e+00
-8.203860e-10 0.000000e+00 0.000000e+00
4.280463e-10 0.000000e+00 0.000000e+00
-5.925848e-10 0.000000e+00 0.000000e+00
-2.700916e-10 0.000000e+00 0.000000e+00
3.938927e-10 0.000000e+00 0.000000e+00
-1.732018e-10 0.000000e+00 0.000000e+00
1.974156e-10 0.000000e+00 0.000000e+00
1.481023e-10 0.000000e+00 0.000000e+00
1.423665e-10 0.000000e+00 0.000000e+00
-1.402757e-09 0.000000e+00 0.000000e+00
-2.380692e-11 0.000000e+00 0.000000e+00
4.194562e-10 0.000000e+00 0.000000e+00
1.278430e-10 0.000000e+00 0.000000e+00
-5.912631e-10 0.000000e+00 0.000000e+00
-3.155833e-10 0.000000e+00 0.000000e+00
1.152438e-10 0.000000e+00 0.000000e+00
1.485420e-10 0.000000e+00 0.000000e+00
-7.874810e-10 0.000000e+00 0.000000e+00
2.735195e-10 0.000000e+00 0.000000e+00
2.439269e-10 0.000000e+00 0.000000e+00
2.197469e-10 0.000000e+00 0.000000e+00
4.158381e-11 0.000000e+00 0.000000e+00
-1.159426e-10 0.000000e+00 0.000000e+00
8.940968e-11 0.000000e+00 0.000000e+00
5.361975e-11 0.000000e+00 0.000000e+00
2.294477e-10 0.000000e+00 0.000000e+00
2.063484e-11 0.000000e+00 0.000000e+00
-2.507485e-10 0.000000e+00 0.000000e+00
-3.566271e-11 0.000000e+00 0.000000e+00
5.272837e-11 0.000000e+00 0.000000e+00
4.118475e-11 0.000000e+00 0.000000e+00
-1.241635e-11 0.000000e+00 0.000000e+00
4.617415e-10 0.000000e+00 0.000000e+00
-3.229975e-10 0.000000e+00 0.000000e+00
1.953783e-10 0.000000e+00 0.000000e+00
-4.212743e-10 0.000000e+00 0.000000e+00
3.440112e-11 0.000000e+00 0.000000e+00
-4.724188e-11 0.000000e+00 0.000000e+00
-2.521955e-10 0.000000e+00 0.000000e+00
3.136838e-10 0.000000e+00 0.000000e+00
-2.947479e-10 0.000000e+00 0.000000e+00
1.361667e-10 0.000000e+00 0.000000e+00
-3.239005e-10 0.000000e+00 0.000000e+00
-2.331354e-10 0.000000e+00 0.000000e+00
4.617903e-10 0.000000e+00 0.000000e+00
-6.607136e-10 0.000000e+00 0.000000e+00
2.183448e-10 0.000000e+00 0.000000e+00
-1.184785e-10 0.000000e+00 0.000000e+00
-1.896278e-10 0.000000e+00 0.000000e+00
6.003213e-10 0.000000e+00 0.000000e+00
-3.454590e-10 0.000000e+00 0.000000e+00
1.424117e-10 0.000000e+00 0.000000e+00
-3.617040e-10 0.000000e+00 0.000000e+00
5.293436e-10 0.000000e+00 0.000000e+00
2.274004e-10 0.000000e+00 0.000000e+00
-7.544222e-10 0.000000e+00 0.000000e+00
-9.702393e-11 0.000000e+00 0.000000e+00
2.105466e-11 0.000000e+00 0.000000e+00
-3.239764e-10 0.000000e+00 0.000000e+00
2.385682e-10 0.000000e+00 0.000000e+00
7.216800e-12 0.000000e+00 0.000000e+00
6.903165e-11 0.000000e+00 0.000000e+00
2.515668e-10 0.000000e+00 0.000000e+00
-8.738202e-11 0.000000e+00 0.000000e+00
-1.788462e-10 0.000000e+00 0.000000e+00
-5.009264e-11 0.000000e+00 0.000000e+00
-1.104964e-10 0.000000e+00 0.000000e+00
4.881501e-11 0.000000e+00 0.000000e+00
1.421965e-10 0.000000e+00 0.000000e+00
-3.013942e-10 0.000000e+00 0.000000e+00
3.876981e-11 0.000000e+00 0.000000e+00
-5.709287e-10 0.000000e+00 0.000000e+00
3.258973e-10 0.000000e+00 0.000000e+00
4.409095e-10 0.000000e+00 0.000000e+00
-1.562315e-10 0.000000e+00 0.000000e+00
-9.749805e-11 0.000000e+00 0.000000e+00
-1.994734e-10 0.000000e+00 0.000000e+00
5.538569e-10 0.000000e+00 0.000000e+00
2.763617e-10 0.000000e+00 0.000000e+00
-9.698867e-11 0.000000e+00 0.000000e+00
3.514072e-10 0.000000e+00 0.000000e+00
-1.750176e-09 0.000000e+00 0.000000e+00
4.515795e-11 0.000000e+00 0.000000e+00
1.426117e-10 0.000000e+00 0.000000e+00
-2.832462e-10 0.000000e+00 0.000000e+00
-4.152633e-10 0.000000e+00 0.000000e+00
4.715844e-11 0.000000e+00 0.000000e+00
-1.518452e-10 0.000000e+00 0.000000e+00
-2.134261e-10 0.000000e+00 0.000000e+00
3.522149e-10 0.000000e+00 0.000000e+00
-1.755056e-10 0.000000e+00 0.000000e+00
2.758216e-10 0.000000e+00 0.000000e+00
-1.067377e-10 0.000000e+00 0.000000e+00
-1.736821e-10 0.000000e+00 0.000000e+00
-4.663831e-10 0.000000e+00 0.000000e+00
-2.160292e-10 0.000000e+00 0.000000e+00
-2.353369e-10 0.000000e+00 0.000000e+00
5.721076e-10 0.000000e+00 0.000000e+00
-1.825413e-10 0.000000e+00 0.000000e+00
1.030537e-10 0.000000e+00 0.000000e+00
5.504035e-12 0.000000e+00 0.000000e+00
-1.223355e-10 0.000000e+00 0.000000e+00
2.960646e-10 0.000000e+00 0.000000e+00
5.712041e-10 0.000000e+00 0.000000e+00
1.810499e-10 0.000000e+00 0.000000e+00
1.595024e-10 0.000000e+00 0.000000e+00
-3.129797e-10 0.000000e+00 0.000000e+00
1.704163e-10 0.000000e+00 0.000000e+00
-3.340593e-11 0.000000e+00 0.000000e+00
3.654717e-10 0.000000e+00 0.000000e+00
3.137803e-10 0.000000e+00 0.000000e+00
4.610483e-10 0.000000e+00 0.000000e+00
2.689902e-10 0.000000e+00 0.000000e+00
2.439625e-10 0.000000e+00 0.000000e+00
1.723997e-10 0.000000e+00 0.000000e+00
-2.237779e-10 0.000000e+00 0.000000e+00
3.492433e-10 0.000000e+00 0.000000e+00
3.101853e-10 0.000000e+00 0.000000e+00
-7.370698e-11 0.000000e+00 0.000000e+00
-4.599915e-10 0.000000e+00 0.000000e+00
-3.125341e-10 0.000000e+00 0.000000e+00
-3.742746e-10 0.000000e+00 0.000000e+00
3.639740e-10 0.000000e+00 0.000000e+00
1.716538e-10 0.000000e+00 0.000000e+00
-8.231083e-11 0.000000e+00 0.000000e+00
5.583768e-10 0.000000e+00 0.000000e+00
-5.091043e-10 0.000000e+00 0.000000e+00
4.956814e-10 0.000000e+00 0.000000e+00
-2.008035e-10 0.000000e+00 0.000000e+00
3.505001e-10 0.000000e+00 0.000000e+00
2.396268e-10 0.000000e+00 0.000000e+00
2.241063e-10 0.000000e+00 0.000000e+00
5.718552e-10 0.000000e+00 0.000000e+00
-4.281542e-10 0.000000e+00 0.000000e+00
3.616241e-10 0.000000e+00 0.000000e+00
9.939603e-11 0.000000e+00 0.000000e+00
4.616718e-10 0.000000e+00 0.000000e+00
-2.068264e-10 0.000000e+00 0.000000e+00
-1.176871e-10 0.000000e+00 0.000000e+00
4.735519e-10 0.000000e+00 0.000000e+00
6.485629e-11 0.000000e+00 0.000000e+00
4.394830e-10 0.000000e+00 0.000000e+00
1.548641e-10 0.000000e+00 0.000000e+00
4.080854e-10 0.000000e+00 0.000000e+00
4.366110e-10 0.000000e+00 0.000000e+00
-2.882355e-10 0.000000e+00 0.000000e+00
-3.187183e-11 0.000000e+00 0.000000e+00
-2.630145e-10 0.000000e+00 0.000000e+00
-2.130419e-10 0.000000e+00 0.000000e+00
-1.201434e-10 0.000000e+00 0.000000e+00
2.770576e-10 0.000000e+00 0.000000e+00
3.513179e-10 0.000000e+00 0.000000e+00
3.399295e-10 0.000000e+00 0.000000e+00
2.668903e-10 0.000000e+00 0.000000e+00
-7.605484e-10 0.000000e+00 0.000000e+00
-2.426327e-10 0.000000e+00 0.000000e+00
1.877174e-10 0.000000e+00 0.000000e+00
-1.956471e-10 0.000000e+00 0.000000e+00
9.567099e-11 0.000000e+00 0.000000e+00
2.257629e-11 0.000000e+00 0.000000e+00
7.664001e-11 0.000000e+00 0.000000e+00
1.554213e-10 0.000000e+00 0.000000e+00
-5.353466e-10 0.000000e+00 0.000000e+00
4.886568e-10 0.000000e+00 0.000000e+00
2.312509e-10 0.000000e+00 0.000000e+00
-5.487239e-10 0.000000e+00 0.000000e+00
-1.243563e-10 0.000000e+00 0.000000e+00
2.461784e-10 0.000000e+00 0.000000e+00
1.359842e-10 0.000000e+00 0.000000e+00
-2.133413e-10 0.000000e+00 0.000000e+00
-3.859786e-10 0.000000e+00 0.000000e+00
-4.844333e-10 0.000000e+00 0.000000e+00
-9.592783e-12 0.000000e+00 0.000000e+00
2.283821e-10 0.000000e+00 0.000000e+00
5.008896e-10 0.000000e+00 0.000000e+00
-4.425628e-10 0.000000e+00 0.000000e+00
2.949130e-10 0.000000e+00 0.000000e+00
5.486479e-10 0.000000e+00 0.000000e+00
6.220897e-10 0.000000e+00 0.000000e+00
3.712025e-10 0.000000e+00 0.000000e+00
1.562837e-10 0.000000e+00 0.000000e+00
-2.948599e-10 0.000000e+00 0.000000e+00
7.766583e-11 0.000000e+00 0.000000e+00
6.896476e-11 0.000000e+00 0.000000e+00
5.714010e-11 0.000000e+00 0.000000e+00
1.551078e-10 0.000000e+00 0.000000e+00
-4.612272e-10 0.000000e+00 0.000000e+00
-4.664637e-10 0.000000e+00 0.000000e+00
-1.820543e-10 0.000000e+00 0.000000e+00
3.261072e-10 0.000000e+00 0.000000e+00
4.358367e-10 0.000000e+00 0.000000e+00
-2.366780e-12 0.000000e+00 0.000000e+00
6.161706e-10 0.000000e+00 0.000000e+00
5.290197e-11 0.000000e+00 0.000000e+00
1.899400e-10 0.000000e+00 0.000000e+00
-2.616954e-11 0.000000e+00 0.000000e+00
5.449884e-10 0.000000e+00 0.000000e+00
2.913882e-10 0.000000e+00 0.000000e+00
5.496234e-10 0.000000e+00 0.000000e+00
-2.169315e-10 0.000000e+00 0.000000e+00
-3.751439e-10 0.000000e+00 0.000000e+00
3.152115e-10 0.000000e+00 0.000000e+00
1.845994e-10 0.000000e+00 0.000000e+00
1.073496e-10 0.000000e+00 0.000000e+00
-3.807630e-10 0.000000e+00 0.000000e+00
-3.242496e-11 0.000000e+00 0.000000e+00
-2.081965e-10 0.000000e+00 0.000000e+00
3.770161e-11 0.000000e+00 0.000000e+00
3.724219e-10 0.000000e+00 0.000000e+00
3.797517e-10 0.000000e+00 0.000000e+00
1.404719e-12 0.000000e+00 0.000000e+00
3.031154e-11 0.000000e+00 0.000000e+00
2.655083e-10 0.000000e+00 0.000000e+00
-1.197717e-10 0.000000e+00 0.000000e+00
-2.981242e-10 0.000000e+00 0.000000e+00
2.114456e-10 0.000000e+00 0.000000e+00
3.187139e-10 0.000000e+00 0.000000e+00
1.384699e-10 0.000000e+00 0.000000e+00
-1.477383e-10 0.000000e+00 0.000000e+00
-9.374044e-11 0.000000e+00 0.000000e+00
-3.961492e-10 0.000000e+00 0.000000e+00
-4.806255e-10 0.000000e+00 0.000000e+00
2.376813e-10 0.000000e+00 0.000000e+00
1.888907e-10 0.000000e+00 0.000000e+00
-1.218401e-10 0.000000e+00 0.000000e+00
3.069389e-10 0.000000e+00 0.000000e+00
-2.544155e-11 0.000000e+00 0.000000e+00
1.287388e-10 0.000000e+00 0.000000e+00
-4.188066e-10 0.000000e+00 0.000000e+00
-1.332824e-10 0.000000e+00 0.000000e+00
-2.295221e-10 0.000000e+00 0.000000e+00
-4.834364e-10 0.000000e+00 0.000000e+00
7.234290e-11 0.000000e+00 0.000000e+00
-2.854930e-10 0.000000e+00 0.000000e+00
5.530278e-10 0.000000e+00 0.000000e+00
8.990715e-11 0.000000e+00 0.000000e+00
-2.893498e-11 0.000000e+00 0.000000e+00
6.743880e-11 0.000000e+00 0.000000e+00
1.829464e-10 0.000000e+00 0.000000e+00
-6.683514e-10 0.000000e+00 0.000000e+00
5.666134e-11 0.000000e+00 0.000000e+00
3.995318e-11 0.000000e+00 0.000000e+00
2.196925e-10 0.000000e+00 0.000000e+00
3.900937e-10 0.000000e+00 0.000000e+00
1.054716e-10 0.000000e+00 0.000000e+00
3.569304e-10 0.000000e+00 0.000000e+00
9.153894e-11 0.000000e+00 0.000000e+00
-3.342261e-10 0.000000e+00 0.000000e+00
-5.156772e-11 0.000000e+00 0.000000e+00
-1.487603e-11 0.000000e+00 0.000000e+00
-9.989651e-10 0.000000e+00 0.000000e+00
3.496187e-10 0.000000e+00 0.000000e+00
3.669678e-10 0.000000e+00 0.000000e+00
1.719558e-10 0.000000e+00 0.000000e+00
-1.618540e-10 0.000000e+00 0.000000e+00
9.744362e-11 0.000000e+00 0.000000e+00
-2.001700e-10 0.000000e+00 0.000000e+00
-4.469669e-10 0.000000e+00 0.000000e+00
-1.372026e-10 0.000000e+00 0.000000e+00
-7.932503e-10 0.000000e+00 0.000000e+00
3.107891e-10 0.000000e+00 0.000000e+00
3.360649e-10 0.000000e+00 0.000000e+00
-3.885024e-10 0.000000e+00 0.000000e+00
-1.276586e-10 0.000000e+00 0.000000e+00
3.690436e-10 0.000000e+00 0.000000e+00
1.465181e-10 0.000000e+00 0.000000e+00
7.414703e-11 0.000000e+00 0.000000e+00
-4.671877e-10 0.000000e+00 0.000000e+00
8.453078e-11 0.000000e+00 0.000000e+00
-1.372820e-09 0.000000e+00 0.000000e+00
-3.709491e-10 0.000000e+00 0.000000e+00
8.441310e-11 0.000000e+00 0.000000e+00
1.777091e-10 0.000000e+00 0.000000e+00
-8.742825e-11 0.000000e+00 0.000000e+00
3.364450e-10 0.000000e+00 0.000000e+00
1.788361e-10 0.000000e+00 0.000000e+00
-7.740936e-11 0.000000e+00 0.000000e+00
3.136766e-12 0.000000e+00 0.000000e+00
-2.256452e-10 0.000000e+00 0.000000e+00
2.749971e-10 0.000000e+00 0.000000e+00
-2.466768e-10 0.000000e+00 0.000000e+00
3.278819e-10 0.000000e+00 0.000000e+00
-1.985445e-10 0.000000e+00 0.000000e+00
6.249571e-11 0.000000e+00 0.000000e+00
-5.602652e-10 0.000000e+00 0.000000e+00
1.723781e-10 0.000000e+00 0.000000e+00
1.057738e-10 0.000000e+00 0.000000e+00
-3.688528e-12 0.000000e+00 0.000000e+00
2.092156e-10 0.000000e+00 0.000000e+00
2.544589e-10 0.000000e+00 0.000000e+00
-5.683796e-10 0.000000e+00 0.000000e+00
-2.757490e-10 0.000000e+00 0.000000e+00
3.238356e-10 0.000000e+00 0.000000e+00
1.040732e-10 0.000000e+00 0.000000e+00
7.389941e-11 0.000000e+00 0.000000e+00
-3.903121e-11 0.000000e+00 0.000000e+00
-6.016380e-10 0.000000e+00 0.000000e+00
2.611293e-10 0.000000e+00 0.000000e+00
2.675988e-10 0.000000e+00 0.000000e+00
-9.864818e-10 0.000000e+00 0.000000e+00
1.010639e-10 0.000000e+00 0.000000e+00
-1.264384e-10 0.000000e+00 0.000000e+00
-6.408787e-10 0.000000e+00 0.000000e+00
-2.171871e-10 0.000000e+00 0.000000e+00
-2.638473e-11 0.000000e+00 0.000000e+00
-2.767269e-11 0.000000e+00 0.000000e+00
2.332340e-10 0.000000e+00 0.000000e+00
-1.647239e-10 0.000000e+00 0.000000e+00
2.280316e-10 0.000000e+00 0.000000e+00
8.587737e-11 0.000000e+00 0.000000e+00
8.288501e-11 0.000000e+00 0.000000e+00
-5.642883e-10 0.000000e+00 0.000000e+00
-1.537896e-10 0.000000e+00 0.000000e+00
2.591023e-10 0.000000e+00 0.000000e+00
-3.609812e-11 0.000000e+00 0.000000e+00
2.605775e-10 0.000000e+00 0.000000e+00
1.517271e-10 0.000000e+00 0.000000e+00
-8.465593e-11 0.000000e+00 0.000000e+00
2.465245e-10 0.000000e+00 0.000000e+00
2.095709e-10 0.000000e+00 0.000000e+00
-5.994507e-10 0.000000e+00 0.000000e+00
2.523160e-11 0.000000e+00 0.000000e+00
1.522761e-10 0.000000e+00 0.000000e+00
3.280630e-10 0.000000e+00 0.000000e+00
-3.561615e-10 0.000000e+00 0.000000e+00
-4.931498e-12 0.000000e+00 0.000000e+00
-3.749298e-10 0.000000e+00 0.000000e+00
-1.848777e-10 0.000000e+00 0.000000e+00
-2.647340e-10 0.000000e+00 0.000000e+00
-1.957239e-11 0.000000e+00 0.000000e+00
7.421542e-13 0.000000e+00 0.000000e+00
1.160893e-10 0.000000e+00 0.000000e+00
-8.871378e-10 0.000000e+00 0.000000e+00
-1.701149e-10 0.000000e+00 0.000000e+00
8.661844e-11 0.000000e+00 0.000000e+00
-1.755547e-10 0.000000e+00 0.000000e+00
1.248262e-10 0.000000e+00 0.000000e+00
-1.054463e-10 0.000000e+00 0.000000e+00
7.709819e-11 0.000000e+00 0.000000e+00
1.349279e-10 0.000000e+00 0.000000e+00
1.976343e-10 0.000000e+00 0.000000e+00
-1.381602e-10 0.000000e+00 0.000000e+00
-1.780482e-10 0.000000e+00 0.000000e+00
1.986494e-11 0.000000e+00 0.000000e+00
1.216513e-10 0.000000e+00 0.000000e+00
1.349931e-10 0.000000e+00 0.000000e+00
1.716657e-10 0.000000e+00 0.000000e+00
-1.189174e-09 0.000000e+00 0.000000e+00
-4.666400e-10 0.000000e+00 0.000000e+00
3.028066e-10 0.000000e+00 0.000000e+00
-3.418496e-10 0.000000e+00 0.000000e+00
-1.796642e-10 0.000000e+00 0.000000e+00
1.380214e-10 0.000000e+00 0.000000e+00
1.564971e-10 0.000000e+00 0.000000e+00
2.512192e-10 0.000000e+00 0.000000e+00
-6.215203e-10 0.000000e+00 0.000000e+00
-4.404617e-10 0.000000e+00 0.000000e+00
-4.187775e-10 0.000000e+00 0.000000e+00
-1.226156e-10 0.000000e+00 0.000000e+00
3.785966e-11 0.000000e+00 0.000000e+00
-1.444441e-10 0.000000e+00 0.000000e+00
-5.881273e-11 0.000000e+00 0.000000e+00
3.017151e-10 0.000000e+00 0.000000e+00
-4.686502e-10 0.000000e+00 0.000000e+00
-8.993466e-10 0.000000e+00 0.000000e+00
1.489569e-10 0.000000e+00 0.000000e+00
-1.751806e-10 0.000000e+00 0.000000e+00
1.597304e-10 0.000000e+00 0.000000e+00
1.169469e-10 0.000000e+00 0.000000e+00
-7.439861e-12 0.000000e+00 0.000000e+00
2.775093e-10 0.000000e+00 0.000000e+00
-6.425026e-10 0.000000e+00 0.000000e+00
-4.975646e-10 0.000000e+00 0.000000e+00
-9.574052e-11 0.000000e+00 0.000000e+00
-2.377253e-10 0.000000e+00 0.000000e+00
-4.447166e-10 0.000000e+00 0.000000e+00
-3.204335e-10 0.000000e+00 0.000000e+00
-1.892214e-10 0.000000e+00 0.000000e+00
1.924789e-10 0.000000e+00 0.000000e+00
5.726900e-12 0.000000e+00 0.000000e+00
-1.537754e-11 0.000000e+00 0.000000e+00
-2.995278e-10 0.000000e+00 0.000000e+00
-1.819455e-11 0.000000e+00 0.000000e+00
8.549770e-11 0.000000e+00 0.000000e+00
5.539331e-11 0.000000e+00 0.000000e+00
3.095450e-10 0.000000e+00 0.000000e+00
1.278116e-10 0.000000e+00 0.000000e+00
-2.277512e-10 0.000000e+00 0.000000e+00
-7.664682e-11 0.000000e+00 0.000000e+00
3.163164e-10 0.000000e+00 0.000000e+00
-9.714008e-10 0.000000e+00 0.000000e+00
1.543482e-10 0.000000e+00 0.000000e+00
2.095616e-10 0.000000e+00 0.000000e+00
3.008490e-10 0.000000e+00 0.000000e+00
-1.251735e-10 0.000000e+00 0.000000e+00
3.372133e-10 0.000000e+00 0.000000e+00
1.342095e-10 0.000000e+00 0.000000e+00
-3.238224e-10 0.000000e+00 0.000000e+00
-1.650318e-10 0.000000e+00 0.000000e+00
-1.228521e-10 0.000000e+00 0.000000e+00
6.625949e-11 0.000000e+00 0.000000e+00
2.441484e-10 0.000000e+00 0.000000e+00
1.207665e-10 0.000000e+00 0.000000e+00
1.991021e-10 0.000000e+00 0.000000e+00
1.316593e-10 0.000000e+00 0.000000e+00
1.275910e-10 0.000000e+00 0.000000e+00
2.821375e-11 0.000000e+00 0.000000e+00
1.944386e-10 0.000000e+00 0.000000e+00
-6.379842e-10 0.000000e+00 0.000000e+00
3.373554e-10 0.000000e+00 0.000000e+00
7.547273e-11 0.000000e+00 0.000000e+00
-1.127479e-09 0.000000e+00 0.000000e+00
-3.474904e-12 0.000000e+00 0.000000e+00
1.027915e-10 0.000000e+00 0.000000e+00
-1.147399e-10 0.000000e+00 0.000000e+00
2.370796e-10 0.000000e+00 0.000000e+00
-2.829486e-10 0.000000e+00 0.000000e+00
-7.378553e-10 0.000000e+00 0.000000e+00
-1.785672e-11 0.000000e+00 0.000000e+00
-3.300747e-10 0.000000e+00 0.000000e+00
2.700632e-10 0.000000e+00 0.000000e+00
-1.451933e-10 0.000000e+00 0.000000e+00
-1.506810e-10 0.000000e+00 0.000000e+00
1.359897e-10 0.000000e+00 0.000000e+00
-2.103419e-10 0.000000e+00 0.000000e+00
2.522878e-10 0.000000e+00 0.000000e+00
3.085294e-10 0.000000e+00 0.000000e+00
-1.038245e-10 0.000000e+00 0.000000e+00
-8.302738e-10 0.000000e+00 0.000000e+00
-2.836489e-10 0.000000e+00 0.000000e+00
8.675645e-11 0.000000e+00 0.000000e+00
-2.874468e-10 0.000000e+00 0.000000e+00
2.688324e-10 0.000000e+00 0.000000e+00
1.677803e-10 0.000000e+00 0.000000e+00
-2.474876e-10 0.000000e+00 0.000000e+00
-9.324925e-10 0.000000e+00 0.000000e+00
-2.140326e-10 0.000000e+00 0.000000e+00
2.043651e-10 0.000000e+00 0.000000e+00
2.014653e-10 0.000000e+00 0.000000e+00
-1.963110e-11 0.000000e+00 0.000000e+00
3.173969e-10 0.000000e+00 0.000000e+00
2.421415e-10 0.000000e+00 0.000000e+00
-3.771149e-10 0.000000e+00 0.000000e+00
7.200597e-11 0.000000e+00 0.000000e+00
-3.530093e-10 0.000000e+00 0.000000e+00
4.493628e-11 0.000000e+00 0.000000e+00
-3.946632e-10 0.000000e+00 0.000000e+00
-1.931380e-10 0.000000e+00 0.000000e+00
1.310142e-10 0.000000e+00 0.000000e+00
-4.823305e-10 0.000000e+00 0.000000e+00
-3.101873e-11 0.000000e+00 0.000000e+00
-8.627354e-11 0.000000e+00 0.000000e+00
-3.163860e-10 0.000000e+00 0.000000e+00
-1.095724e-10 0.000000e+00 0.000000e+00
-2.289024e-10 0.000000e+00 0.000000e+00
-1.025603e-10 0.000000e+00 0.000000e+00
2.580418e-10 0.000000e+00 0.000000e+00
2.630614e-10 0.000000e+00 0.000000e+00
-5.625019e-10 0.000000e+00 0.000000e+00
-5.564827e-10 0.000000e+00 0.000000e+00
1.542512e-10 0.000000e+00 0.000000e+00
4.910544e-11 0.000000e+00 0.000000e+00
-7.714299e-10 0.000000e+00 0.000000e+00
-3.815286e-10 0.000000e+00 0.000000e+00
-1.000156e-10 0.000000e+00 0.000000e+00
-2.275769e-10 0.000000e+00 0.000000e+00
-5.753879e-10 0.000000e+00 0.000000e+00
-1.179349e-09 0.000000e+00 0.000000e+00
-6.364708e-10 0.000000e+00 0.000000e+00
1.042183e-10 0.000000e+00 0.000000e+00
2.617844e-12 0.000000e+00 0.000000e+00
1.689905e-10 0.000000e+00 0.000000e+00
2.650751e-10 0.000000e+00 0.000000e+00
8.741541e-11 0.000000e+00 0.000000e+00
2.102260e-10 0.000000e+00 0.000000e+00
-2.777352e-10 0.000000e+00 0.000000e+00
1.990742e-10 0.000000e+00 0.000000e+00
-2.995862e-10 0.000000e+00 0.000000e+00
-2.748234e-10 0.000000e+00 0.000000e+00
-4.961539e-11 0.000000e+00 0.000000e+00
-1.227843e-10 0.000000e+00 0.000000e+00
-4.077266e-10 0.000000e+00 0.000000e+00
7.643240e-11 0.000000e+00 0.000000e+00
-6.741522e-11 0.000000e+00 0.000000e+00
-1.080538e-10 0.000000e+00 0.000000e+00
2.533110e-10 0.000000e+00 0.000000e+00
8.486289e-11 0.000000e+00 0.000000e+00
2.850640e-10 0.000000e+00 0.000000e+00
-2.499025e-10 0.000000e+00 0.000000e+00
1.257635e-10 0.000000e+00 0.000000e+00
-1.695084e-10 0.000000e+00 0.000000e+00
-5.115903e-10 0.000000e+00 0.000000e+00
-3.964684e-10 0.000000e+00 0.000000e+00
-8.120091e-10 0.000000e+00 0.000000e+00
1.723294e-10 0.000000e+00 0.000000e+00
-2.015834e-10 0.000000e+00 0.000000e+00
5.202504e-11 0.000000e+00 0.000000e+00
-1.547258e-10 0.000000e+00 0.000000e+00
-8.092837e-11 0.000000e+00 0.000000e+00
-2.695930e-10 0.000000e+00 0.000000e+00
2.356090e-10 0.000000e+00 0.000000e+00
1.266581e-10 0.000000e+00 0.000000e+00
4.289706e-11 0.000000e+00 0.000000e+00
-2.468506e-10 0.000000e+00 0.000000e+00
-1.202028e-10 0.000000e+00 0.000000e+00
1.528038e-10 0.000000e+00 0.000000e+00
1.007193e-10 0.000000e+00 0.000000e+00
2.927834e-10 0.000000e+00 0.000000e+00
-1.941844e-10 0.000000e+00 0.000000e+00
4.355595e-11 0.000000e+00 0.000000e+00
3.350641e-10 0.000000e+00 0.000000e+00
-3.594458e-10 0.000000e+00 0.000000e+00
-6.528988e-10 0.000000e+00 0.000000e+00
-1.857245e-10 0.000000e+00 0.000000e+00
-1.924661e-10 0.000000e+00 0.000000e+00
-1.805644e-11 0.000000e+00 0.000000e+00
-2.918624e-10 0.000000e+00 0.000000e+00
-1.531425e-10 0.000000e+00 0.000000e+00
-4.677700e-10 0.000000e+00 0.000000e+00
-5.834343e-11 0.000000e+00 0.000000e+00
2.905533e-10 0.000000e+00 0.000000e+00
-8.435990e-11 0.000000e+00 0.000000e+00
3.745831e-11 0.000000e+00 0.000000e+00
