pX pY pZ 
4.777780e-14 0.000000e+00 0.000000e+00
3.729930e-13 0.000000e+00 0.000000e+00
-3.114304e-13 0.000000e+00 0.000000e+00
1.919512e-13 0.000000e+00 0.000000e+00
-1.781600e-13 0.000000e+00 0.000000e+00
-8.288147e-15 0.000000e+00 0.000000e+00
-9.755240e-14 0.000000e+00 0.000000e+00
-4.895845e-14 0.000000e+00 0.000000e+00
7.199379e-14 0.000000e+00 0.000000e+00
1.599098e-14 0.000000e+00 0.000000e+00
1.394182e-13 0.000000e+00 0.000000e+00
-1.086092e-13 0.000000e+00 0.000000e+00
3.315856e-14 0.000000e+00 0.000000e+00
1.243518e-13 0.000000e+00 0.000000e+00
-1.798519e-13 0.000000e+00 0.000000e+00
-8.548976e-14 0.000000e+00 0.000000e+00
1.741330e-13 0.000000e+00 0.000000e+00
-1.850961e-13 0.000000e+00 0.000000e+00
1.147633e-13 0.000000e+00 0.000000e+00
-9.404914e-14 0.000000e+00 0.000000e+00
-1.367706e-13 0.000000e+00 0.000000e+00
-3.996230e-13 0.000000e+00 0.000000e+00
-9.790198e-14 0.000000e+00 0.000000e+00
-3.054721e-13 0.000000e+00 0.000000e+00
-3.561462e-13 0.000000e+00 0.000000e+00
-2.458272e-13 0.000000e+00 0.000000e+00
4.195630e-13 0.000000e+00 0.000000e+00
7.932310e-15 0.000000e+00 0.000000e+00
9.619646e-14 0.000000e+00 0.000000e+00
-1.291652e-13 0.000000e+00 0.000000e+00
3.276778e-13 0.000000e+00 0.000000e+00
-1.429926e-13 0.000000e+00 0.000000e+00
-2.360568e-13 0.000000e+00 0.000000e+00
1.353659e-13 0.000000e+00 0.000000e+00
3.411916e-14 0.000000e+00 0.000000e+00
7.606355e-15 0.000000e+00 0.000000e+00
8.036851e-14 0.000000e+00 0.000000e+00
1.378740e-13 0.000000e+00 0.000000e+00
4.279008e-14 0.000000e+00 0.000000e+00
1.284620e-13 0.000000e+00 0.000000e+00
-1.852906e-13 0.000000e+00 0.000000e+00
-6.547078e-14 0.000000e+00 0.000000e+00
-1.283847e-13 0.000000e+00 0.000000e+00
1.181225e-13 0.000000e+00 0.000000e+00
1.024989e-13 0.000000e+00 0.000000e+00
-5.841292e-15 0.000000e+00 0.000000e+00
-7.123318e-14 0.000000e+00 0.000000e+00
1.171112e-14 0.000000e+00 0.000000e+00
9.342916e-14 0.000000e+00 0.000000e+00
1.261895e-13 0.000000e+00 0.000000e+00
1.336917e-13 0.000000e+00 0.000000e+00
1.644603e-13 0.000000e+00 0.000000e+00
-4.788572e-13 0.000000e+00 0.000000e+00
1.324060e-13 0.000000e+00 0.000000e+00
-2.849518e-14 0.000000e+00 0.000000e+00
1.505650e-13 0.000000e+00 0.000000e+00
5.920060e-15 0.000000e+00 0.000000e+00
-4.619183e-14 0.000000e+00 0.000000e+00
-2.146385e-13 0.000000e+00 0.000000e+00
1.003944e-13 0.000000e+00 0.000000e+00
-7.022645e-14 0.000000e+00 0.000000e+00
-4.224115e-14 0.000000e+00 0.000000e+00
3.922263e-14 0.000000e+00 0.000000e+00
7.025314e-14 0.000000e+00 0.000000e+00
1.431176e-13 0.000000e+00 0.000000e+00
-2.876544e-13 0.000000e+00 0.000000e+00
-2.165795e-13 0.000000e+00 0.000000e+00
2.875096e-13 0.000000e+00 0.000000e+00
8.304912e-15 0.000000e+00 0.000000e+00
-1.671916e-13 0.000000e+00 0.000000e+00
1.947665e-13 0.000000e+00 0.000000e+00
-6.553192e-14 0.000000e+00 0.000000e+00
-6.639423e-14 0.000000e+00 0.000000e+00
1.177608e-13 0.000000e+00 0.000000e+00
1.369926e-13 0.000000e+00 0.000000e+00
-1.544457e-13 0.000000e+00 0.000000e+00
-1.246975e-13 0.000000e+00 0.000000e+00
1.806780e-14 0.000000e+00 0.000000e+00
1.679293e-13 0.000000e+00 0.000000e+00
1.914351e-13 0.000000e+00 0.000000e+00
-1.629401e-13 0.000000e+00 0.000000e+00
4.895713e-14 0.000000e+00 0.000000e+00
7.249177e-15 0.000000e+00 0.000000e+00
-3.396632e-14 0.000000e+00 0.000000e+00
-6.504776e-14 0.000000e+00 0.000000e+00
-2.271375e-14 0.000000e+00 0.000000e+00
-1.033270e-13 0.000000e+00 0.000000e+00
-1.009566e-14 0.000000e+00 0.000000e+00
-3.694439e-13 0.000000e+00 0.000000e+00
-7.412940e-15 0.000000e+00 0.000000e+00
-1.586899e-13 0.000000e+00 0.000000e+00
-1.234088e-13 0.000000e+00 0.000000e+00
-1.897051e-13 0.000000e+00 0.000000e+00
1.954899e-13 0.000000e+00 0.000000e+00
8.160849e-15 0.000000e+00 0.000000e+00
-5.243916e-15 0.000000e+00 0.000000e+00
-1.533158e-14 0.000000e+00 0.000000e+00
-2.537548e-14 0.000000e+00 0.000000e+00
-2.856136e-13 0.000000e+00 0.000000e+00
3.098631e-14 0.000000e+00 0.000000e+00
1.653584e-13 0.000000e+00 0.000000e+00
-3.969120e-14 0.000000e+00 0.000000e+00
1.918447e-13 0.000000e+00 0.000000e+00
-3.020861e-13 0.000000e+00 0.000000e+00
2.729284e-13 0.000000e+00 0.000000e+00
3.798925e-13 0.000000e+00 0.000000e+00
9.275234e-15 0.000000e+00 0.000000e+00
2.396794e-13 0.000000e+00 0.000000e+00
-3.217908e-14 0.000000e+00 0.000000e+00
-1.452308e-13 0.000000e+00 0.000000e+00
1.290324e-14 0.000000e+00 0.000000e+00
1.120229e-13 0.000000e+00 0.000000e+00
-1.989557e-13 0.000000e+00 0.000000e+00
-2.226837e-13 0.000000e+00 0.000000e+00
9.598570e-14 0.000000e+00 0.000000e+00
-1.804487e-13 0.000000e+00 0.000000e+00
-2.024661e-13 0.000000e+00 0.000000e+00
-1.437802e-13 0.000000e+00 0.000000e+00
-1.437881e-14 0.000000e+00 0.000000e+00
9.265007e-14 0.000000e+00 0.000000e+00
3.700642e-13 0.000000e+00 0.000000e+00
1.007493e-13 0.000000e+00 0.000000e+00
8.227723e-14 0.000000e+00 0.000000e+00
7.276094e-14 0.000000e+00 0.000000e+00
-1.884949e-13 0.000000e+00 0.000000e+00
1.287470e-13 0.000000e+00 0.000000e+00
2.415836e-13 0.000000e+00 0.000000e+00
-1.107057e-13 0.000000e+00 0.000000e+00
-6.768517e-14 0.000000e+00 0.000000e+00
5.951063e-14 0.000000e+00 0.000000e+00
-2.157387e-13 0.000000e+00 0.000000e+00
1.526472e-13 0.000000e+00 0.000000e+00
-9.332109e-14 0.000000e+00 0.000000e+00
-2.600188e-14 0.000000e+00 0.000000e+00
7.115275e-14 0.000000e+00 0.000000e+00
-1.248755e-13 0.000000e+00 0.000000e+00
1.188177e-13 0.000000e+00 0.000000e+00
-1.053452e-13 0.000000e+00 0.000000e+00
1.779571e-13 0.000000e+00 0.000000e+00
6.536553e-14 0.000000e+00 0.000000e+00
1.539115e-13 0.000000e+00 0.000000e+00
-2.113778e-13 0.000000e+00 0.000000e+00
8.047836e-14 0.000000e+00 0.000000e+00
1.846435e-16 0.000000e+00 0.000000e+00
-4.977142e-13 0.000000e+00 0.000000e+00
2.625876e-13 0.000000e+00 0.000000e+00
2.435749e-14 0.000000e+00 0.000000e+00
1.857374e-13 0.000000e+00 0.000000e+00
9.833032e-14 0.000000e+00 0.000000e+00
-6.027965e-14 0.000000e+00 0.000000e+00
2.705203e-13 0.000000e+00 0.000000e+00
-5.145735e-14 0.000000e+00 0.000000e+00
-8.952112e-14 0.000000e+00 0.000000e+00
6.333854e-14 0.000000e+00 0.000000e+00
-1.701796e-13 0.000000e+00 0.000000e+00
-7.521697e-16 0.000000e+00 0.000000e+00
-2.739155e-14 0.000000e+00 0.000000e+00
-1.701596e-13 0.000000e+00 0.000000e+00
1.409812e-14 0.000000e+00 0.000000e+00
-3.064357e-13 0.000000e+00 0.000000e+00
-2.126894e-13 0.000000e+00 0.000000e+00
-2.655108e-14 0.000000e+00 0.000000e+00
-2.928115e-13 0.000000e+00 0.000000e+00
-3.545615e-15 0.000000e+00 0.000000e+00
1.574833e-15 0.000000e+00 0.000000e+00
-8.445125e-14 0.000000e+00 0.000000e+00
-2.588309e-14 0.000000e+00 0.000000e+00
-3.702331e-14 0.000000e+00 0.000000e+00
-1.962369e-13 0.000000e+00 0.000000e+00
3.508084e-13 0.000000e+00 0.000000e+00
4.041982e-13 0.000000e+00 0.000000e+00
1.523332e-13 0.000000e+00 0.000000e+00
2.970572e-13 0.000000e+00 0.000000e+00
1.594796e-14 0.000000e+00 0.000000e+00
1.867348e-13 0.000000e+00 0.000000e+00
-6.986673e-14 0.000000e+00 0.000000e+00
-1.369402e-13 0.000000e+00 0.000000e+00
-1.545902e-13 0.000000e+00 0.000000e+00
1.599556e-13 0.000000e+00 0.000000e+00
1.622205e-13 0.000000e+00 0.000000e+00
3.780348e-14 0.000000e+00 0.000000e+00
3.641619e-13 0.000000e+00 0.000000e+00
9.494314e-14 0.000000e+00 0.000000e+00
1.864899e-13 0.000000e+00 0.000000e+00
2.040590e-15 0.000000e+00 0.000000e+00
1.522684e-14 0.000000e+00 0.000000e+00
-2.162975e-13 0.000000e+00 0.000000e+00
-2.805362e-13 0.000000e+00 0.000000e+00
2.633973e-13 0.000000e+00 0.000000e+00
5.953663e-14 0.000000e+00 0.000000e+00
1.184031e-13 0.000000e+00 0.000000e+00
-1.807349e-13 0.000000e+00 0.000000e+00
2.652765e-13 0.000000e+00 0.000000e+00
-4.576924e-13 0.000000e+00 0.000000e+00
1.122241e-13 0.000000e+00 0.000000e+00
-2.050574e-13 0.000000e+00 0.000000e+00
7.184908e-14 0.000000e+00 0.000000e+00
1.102536e-13 0.000000e+00 0.000000e+00
3.151889e-13 0.000000e+00 0.000000e+00
-9.264169e-14 0.000000e+00 0.000000e+00
-3.031979e-14 0.000000e+00 0.000000e+00
1.753138e-13 0.000000e+00 0.000000e+00
1.245573e-13 0.000000e+00 0.000000e+00
2.049814e-13 0.000000e+00 0.000000e+00
3.924089e-14 0.000000e+00 0.000000e+00
2.907720e-13 0.000000e+00 0.000000e+00
-1.106307e-13 0.000000e+00 0.000000e+00
1.391669e-13 0.000000e+00 0.000000e+00
-1.935034e-14 0.000000e+00 0.000000e+00
-2.188455e-13 0.000000e+00 0.000000e+00
6.110680e-14 0.000000e+00 0.000000e+00
-6.770089e-14 0.000000e+00 0.000000e+00
1.254639e-13 0.000000e+00 0.000000e+00
1.099302e-14 0.000000e+00 0.000000e+00
-1.665076e-13 0.000000e+00 0.000000e+00
3.327854e-13 0.000000e+00 0.000000e+00
-1.367419e-13 0.000000e+00 0.000000e+00
1.478323e-13 0.000000e+00 0.000000e+00
2.154150e-13 0.000000e+00 0.000000e+00
-8.645539e-14 0.000000e+00 0.000000e+00
-1.735593e-13 0.000000e+00 0.000000e+00
-2.473378e-14 0.000000e+00 0.000000e+00
-3.344966e-13 0.000000e+00 0.000000e+00
-3.232344e-14 0.000000e+00 0.000000e+00
-2.945377e-13 0.000000e+00 0.000000e+00
2.367373e-13 0.000000e+00 0.000000e+00
2.617588e-14 0.000000e+00 0.000000e+00
-3.383265e-13 0.000000e+00 0.000000e+00
3.194935e-14 0.000000e+00 0.000000e+00
-1.719289e-14 0.000000e+00 0.000000e+00
-1.612350e-14 0.000000e+00 0.000000e+00
1.304420e-13 0.000000e+00 0.000000e+00
1.934628e-13 0.000000e+00 0.000000e+00
-2.684936e-13 0.000000e+00 0.000000e+00
-6.140276e-14 0.000000e+00 0.000000e+00
-9.903019e-14 0.000000e+00 0.000000e+00
2.207528e-13 0.000000e+00 0.000000e+00
-3.100715e-13 0.000000e+00 0.000000e+00
1.928731e-13 0.000000e+00 0.000000e+00
3.449168e-13 0.000000e+00 0.000000e+00
-1.836009e-14 0.000000e+00 0.000000e+00
-1.671999e-13 0.000000e+00 0.000000e+00
1.411669e-13 0.000000e+00 0.000000e+00
1.481643e-13 0.000000e+00 0.000000e+00
8.195619e-14 0.000000e+00 0.000000e+00
1.496342e-13 0.000000e+00 0.000000e+00
1.908975e-14 0.000000e+00 0.000000e+00
-9.137249e-14 0.000000e+00 0.000000e+00
-1.819371e-13 0.000000e+00 0.000000e+00
-1.802901e-13 0.000000e+00 0.000000e+00
5.828986e-14 0.000000e+00 0.000000e+00
1.363949e-13 0.000000e+00 0.000000e+00
-9.345834e-14 0.000000e+00 0.000000e+00
1.883649e-13 0.000000e+00 0.000000e+00
-9.724847e-14 0.000000e+00 0.000000e+00
3.165504e-13 0.000000e+00 0.000000e+00
-6.047638e-14 0.000000e+00 0.000000e+00
1.637833e-13 0.000000e+00 0.000000e+00
-2.049549e-14 0.000000e+00 0.000000e+00
6.191061e-14 0.000000e+00 0.000000e+00
1.110107e-13 0.000000e+00 0.000000e+00
2.623696e-13 0.000000e+00 0.000000e+00
-7.045422e-14 0.000000e+00 0.000000e+00
-1.947253e-13 0.000000e+00 0.000000e+00
-2.642927e-13 0.000000e+00 0.000000e+00
1.129326e-13 0.000000e+00 0.000000e+00
-2.299336e-13 0.000000e+00 0.000000e+00
3.871578e-14 0.000000e+00 0.000000e+00
9.876001e-14 0.000000e+00 0.000000e+00
-1.405061e-14 0.000000e+00 0.000000e+00
2.234495e-13 0.000000e+00 0.000000e+00
2.736088e-13 0.000000e+00 0.000000e+00
7.446744e-14 0.000000e+00 0.000000e+00
-2.059169e-14 0.000000e+00 0.000000e+00
2.662400e-14 0.000000e+00 0.000000e+00
4.788377e-14 0.000000e+00 0.000000e+00
-1.303072e-13 0.000000e+00 0.000000e+00
9.228772e-15 0.000000e+00 0.000000e+00
1.268598e-14 0.000000e+00 0.000000e+00
1.094515e-14 0.000000e+00 0.000000e+00
1.400277e-13 0.000000e+00 0.000000e+00
9.094428e-14 0.000000e+00 0.000000e+00
-3.737615e-13 0.000000e+00 0.000000e+00
1.499644e-13 0.000000e+00 0.000000e+00
6.861702e-14 0.000000e+00 0.000000e+00
1.596581e-13 0.000000e+00 0.000000e+00
-7.241703e-14 0.000000e+00 0.000000e+00
8.570468e-14 0.000000e+00 0.000000e+00
-6.705501e-14 0.000000e+00 0.000000e+00
-7.821435e-16 0.000000e+00 0.000000e+00
-1.326340e-13 0.000000e+00 0.000000e+00
7.555681e-14 0.000000e+00 0.000000e+00
7.341614e-15 0.000000e+00 0.000000e+00
-3.985844e-14 0.000000e+00 0.000000e+00
1.073394e-13 0.000000e+00 0.000000e+00
-3.794275e-13 0.000000e+00 0.000000e+00
1.527781e-13 0.000000e+00 0.000000e+00
7.529283e-14 0.000000e+00 0.000000e+00
-1.713871e-14 0.000000e+00 0.000000e+00
-2.551776e-13 0.000000e+00 0.000000e+00
-7.147323e-14 0.000000e+00 0.000000e+00
6.850501e-14 0.000000e+00 0.000000e+00
7.874286e-14 0.000000e+00 0.000000e+00
-1.928433e-13 0.000000e+00 0.000000e+00
2.431960e-13 0.000000e+00 0.000000e+00
-6.885855e-16 0.000000e+00 0.000000e+00
-8.239337e-14 0.000000e+00 0.000000e+00
8.410258e-14 0.000000e+00 0.000000e+00
2.105855e-13 0.000000e+00 0.000000e+00
-1.579103e-13 0.000000e+00 0.000000e+00
2.421031e-13 0.000000e+00 0.000000e+00
-1.683704e-14 0.000000e+00 0.000000e+00
1.308105e-13 0.000000e+00 0.000000e+00
-1.381700e-13 0.000000e+00 0.000000e+00
-2.357134e-13 0.000000e+00 0.000000e+00
-2.049281e-13 0.000000e+00 0.000000e+00
-1.945124e-13 0.000000e+00 0.000000e+00
-1.355812e-13 0.000000e+00 0.000000e+00
8.891878e-15 0.000000e+00 0.000000e+00
-4.820321e-14 0.000000e+00 0.000000e+00
-1.327989e-13 0.000000e+00 0.000000e+00
-3.339113e-14 0.000000e+00 0.000000e+00
1.455557e-13 0.000000e+00 0.000000e+00
1.347130e-13 0.000000e+00 0.000000e+00
3.548613e-14 0.000000e+00 0.000000e+00
-3.140186e-13 0.000000e+00 0.000000e+00
-1.413808e-13 0.000000e+00 0.000000e+00
4.366948e-14 0.000000e+00 0.000000e+00
-2.280685e-14 0.000000e+00 0.000000e+00
2.836047e-13 0.000000e+00 0.000000e+00
-1.221748e-13 0.000000e+00 0.000000e+00
7.030539e-14 0.000000e+00 0.000000e+00
8.404670e-14 0.000000e+00 0.000000e+00
1.216192e-13 0.000000e+00 0.000000e+00
-2.295472e-13 0.000000e+00 0.000000e+00
-3.075319e-14 0.000000e+00 0.000000e+00
1.729669e-13 0.000000e+00 0.000000e+00
-5.669201e-14 0.000000e+00 0.000000e+00
-9.763596e-14 0.000000e+00 0.000000e+00
2.120099e-13 0.000000e+00 0.000000e+00
2.682231e-13 0.000000e+00 0.000000e+00
7.220671e-14 0.000000e+00 0.000000e+00
-5.256155e-14 0.000000e+00 0.000000e+00
-1.872181e-13 0.000000e+00 0.000000e+00
1.299262e-13 0.000000e+00 0.000000e+00
1.470331e-13 0.000000e+00 0.000000e+00
-2.115359e-13 0.000000e+00 0.000000e+00
1.044983e-13 0.000000e+00 0.000000e+00
1.411519e-13 0.000000e+00 0.000000e+00
-9.616627e-14 0.000000e+00 0.000000e+00
-4.146829e-14 0.000000e+00 0.000000e+00
1.393066e-14 0.000000e+00 0.000000e+00
-2.156945e-13 0.000000e+00 0.000000e+00
-1.324778e-13 0.000000e+00 0.000000e+00
-2.955518e-14 0.000000e+00 0.000000e+00
2.735719e-13 0.000000e+00 0.000000e+00
2.694448e-13 0.000000e+00 0.000000e+00
-2.096204e-13 0.000000e+00 0.000000e+00
-6.816457e-14 0.000000e+00 0.000000e+00
1.734002e-13 0.000000e+00 0.000000e+00
-1.372551e-14 0.000000e+00 0.000000e+00
-1.122835e-13 0.000000e+00 0.000000e+00
-6.353738e-14 0.000000e+00 0.000000e+00
3.428921e-13 0.000000e+00 0.000000e+00
8.506079e-14 0.000000e+00 0.000000e+00
3.683649e-14 0.000000e+00 0.000000e+00
2.273371e-13 0.000000e+00 0.000000e+00
7.076707e-14 0.000000e+00 0.000000e+00
9.587986e-14 0.000000e+00 0.000000e+00
2.619362e-13 0.000000e+00 0.000000e+00
-8.497950e-14 0.000000e+00 0.000000e+00
4.676356e-13 0.000000e+00 0.000000e+00
1.774033e-13 0.000000e+00 0.000000e+00
-2.634413e-13 0.000000e+00 0.000000e+00
5.177880e-13 0.000000e+00 0.000000e+00
-8.127719e-14 0.000000e+00 0.000000e+00
-3.249596e-14 0.000000e+00 0.000000e+00
-1.511696e-13 0.000000e+00 0.000000e+00
3.164891e-14 0.000000e+00 0.000000e+00
-1.009652e-13 0.000000e+00 0.000000e+00
1.178925e-13 0.000000e+00 0.000000e+00
-4.153793e-14 0.000000e+00 0.000000e+00
1.058613e-13 0.000000e+00 0.000000e+00
-8.888458e-14 0.000000e+00 0.000000e+00
-1.216854e-13 0.000000e+00 0.000000e+00
-4.196244e-14 0.000000e+00 0.000000e+00
1.933787e-13 0.000000e+00 0.000000e+00
1.034947e-13 0.000000e+00 0.000000e+00
-1.683781e-13 0.000000e+00 0.000000e+00
1.776512e-13 0.000000e+00 0.000000e+00
4.416173e-14 0.000000e+00 0.000000e+00
8.278653e-14 0.000000e+00 0.000000e+00
-8.919072e-14 0.000000e+00 0.000000e+00
2.713086e-13 0.000000e+00 0.000000e+00
-8.422060e-14 0.000000e+00 0.000000e+00
-2.028807e-13 0.000000e+00 0.000000e+00
6.274958e-14 0.000000e+00 0.000000e+00
-2.194846e-14 0.000000e+00 0.000000e+00
-4.419068e-14 0.000000e+00 0.000000e+00
-1.585306e-13 0.000000e+00 0.000000e+00
4.216248e-14 0.000000e+00 0.000000e+00
-2.438133e-13 0.000000e+00 0.000000e+00
-1.538571e-14 0.000000e+00 0.000000e+00
1.364450e-13 0.000000e+00 0.000000e+00
-5.782194e-14 0.000000e+00 0.000000e+00
1.857322e-13 0.000000e+00 0.000000e+00
5.190749e-14 0.000000e+00 0.000000e+00
-2.287568e-14 0.000000e+00 0.000000e+00
-1.615284e-13 0.000000e+00 0.000000e+00
1.068148e-13 0.000000e+00 0.000000e+00
-5.108343e-13 0.000000e+00 0.000000e+00
-2.175081e-13 0.000000e+00 0.000000e+00
-1.197502e-13 0.000000e+00 0.000000e+00
-5.741940e-14 0.000000e+00 0.000000e+00
-4.850091e-14 0.000000e+00 0.000000e+00
-1.470400e-13 0.000000e+00 0.000000e+00
8.306908e-14 0.000000e+00 0.000000e+00
1.260354e-13 0.000000e+00 0.000000e+00
-1.600882e-13 0.000000e+00 0.000000e+00
7.544840e-14 0.000000e+00 0.000000e+00
-5.279302e-14 0.000000e+00 0.000000e+00
-2.092566e-13 0.000000e+00 0.000000e+00
1.567791e-13 0.000000e+00 0.000000e+00
8.317692e-14 0.000000e+00 0.000000e+00
-5.564934e-14 0.000000e+00 0.000000e+00
1.071132e-14 0.000000e+00 0.000000e+00
-1.119495e-13 0.000000e+00 0.000000e+00
-8.108522e-14 0.000000e+00 0.000000e+00
-2.008935e-13 0.000000e+00 0.000000e+00
1.527998e-13 0.000000e+00 0.000000e+00
-5.519840e-14 0.000000e+00 0.000000e+00
-1.951635e-13 0.000000e+00 0.000000e+00
2.181309e-14 0.000000e+00 0.000000e+00
1.013131e-13 0.000000e+00 0.000000e+00
1.705924e-13 0.000000e+00 0.000000e+00
-8.140012e-15 0.000000e+00 0.000000e+00
2.749389e-13 0.000000e+00 0.000000e+00
1.012895e-13 0.000000e+00 0.000000e+00
-2.123171e-15 0.000000e+00 0.000000e+00
-3.783206e-14 0.000000e+00 0.000000e+00
-5.190617e-15 0.000000e+00 0.000000e+00
1.538065e-13 0.000000e+00 0.000000e+00
1.781330e-13 0.000000e+00 0.000000e+00
1.677231e-13 0.000000e+00 0.000000e+00
-8.410183e-14 0.000000e+00 0.000000e+00
-8.145153e-14 0.000000e+00 0.000000e+00
-3.336780e-13 0.000000e+00 0.000000e+00
-1.634113e-13 0.000000e+00 0.000000e+00
-9.967248e-14 0.000000e+00 0.000000e+00
-6.578079e-15 0.000000e+00 0.000000e+00
-1.395867e-13 0.000000e+00 0.000000e+00
-7.658030e-14 0.000000e+00 0.000000e+00
-7.373641e-14 0.000000e+00 0.000000e+00
-1.322812e-13 0.000000e+00 0.000000e+00
-6.287017e-14 0.000000e+00 0.000000e+00
-5.097698e-14 0.000000e+00 0.000000e+00
-1.197332e-13 0.000000e+00 0.000000e+00
-8.733123e-14 0.000000e+00 0.000000e+00
-2.499310e-13 0.000000e+00 0.000000e+00
2.987493e-14 0.000000e+00 0.000000e+00
2.640600e-13 0.000000e+00 0.000000e+00
-2.006493e-14 0.000000e+00 0.000000e+00
3.679535e-14 0.000000e+00 0.000000e+00
-1.216219e-14 0.000000e+00 0.000000e+00
7.520262e-14 0.000000e+00 0.000000e+00
-1.178500e-13 0.000000e+00 0.000000e+00
-2.642175e-13 0.000000e+00 0.000000e+00
3.822945e-13 0.000000e+00 0.000000e+00
-5.972081e-14 0.000000e+00 0.000000e+00
8.296411e-14 0.000000e+00 0.000000e+00
-1.189816e-13 0.000000e+00 0.000000e+00
1.373023e-13 0.000000e+00 0.000000e+00
-5.344679e-14 0.000000e+00 0.000000e+00
-5.404990e-14 0.000000e+00 0.000000e+00
-1.050177e-13 0.000000e+00 0.000000e+00
2.164910e-13 0.000000e+00 0.000000e+00
5.421075e-16 0.000000e+00 0.000000e+00
-2.528667e-13 0.000000e+00 0.000000e+00
9.407444e-14 0.000000e+00 0.000000e+00
-1.123153e-13 0.000000e+00 0.000000e+00
-1.264293e-13 0.000000e+00 0.000000e+00
-3.149737e-13 0.000000e+00 0.000000e+00
3.939487e-13 0.000000e+00 0.000000e+00
6.545533e-14 0.000000e+00 0.000000e+00
1.913682e-13 0.000000e+00 0.000000e+00
-4.828354e-14 0.000000e+00 0.000000e+00
-2.171054e-14 0.000000e+00 0.000000e+00
1.705552e-13 0.000000e+00 0.000000e+00
-6.301869e-14 0.000000e+00 0.000000e+00
-1.988074e-13 0.000000e+00 0.000000e+00
1.045869e-14 0.000000e+00 0.000000e+00
-2.295406e-13 0.000000e+00 0.000000e+00
2.665638e-13 0.000000e+00 0.000000e+00
4.768949e-13 0.000000e+00 0.000000e+00
1.453781e-13 0.000000e+00 0.000000e+00
8.060388e-14 0.000000e+00 0.000000e+00
1.768232e-13 0.000000e+00 0.000000e+00
1.390246e-13 0.000000e+00 0.000000e+00
7.165849e-14 0.000000e+00 0.000000e+00
1.008064e-13 0.000000e+00 0.000000e+00
2.490065e-13 0.000000e+00 0.000000e+00
-1.031373e-13 0.000000e+00 0.000000e+00
2.788828e-13 0.000000e+00 0.000000e+00
-4.388216e-14 0.000000e+00 0.000000e+00
-1.194595e-13 0.000000e+00 0.000000e+00
-3.667932e-14 0.000000e+00 0.000000e+00
-2.852512e-13 0.000000e+00 0.000000e+00
1.592721e-13 0.000000e+00 0.000000e+00
4.767828e-14 0.000000e+00 0.000000e+00
-6.447442e-15 0.000000e+00 0.000000e+00
2.420242e-13 0.000000e+00 0.000000e+00
-4.918756e-14 0.000000e+00 0.000000e+00
-2.791064e-14 0.000000e+00 0.000000e+00
1.306160e-13 0.000000e+00 0.000000e+00
-6.103317e-14 0.000000e+00 0.000000e+00
-1.206066e-13 0.000000e+00 0.000000e+00
8.362559e-14 0.000000e+00 0.000000e+00
4.033738e-13 0.000000e+00 0.000000e+00
-1.222558e-13 0.000000e+00 0.000000e+00
7.478059e-14 0.000000e+00 0.000000e+00
2.400579e-13 0.000000e+00 0.000000e+00
-9.276913e-14 0.000000e+00 0.000000e+00
1.821211e-13 0.000000e+00 0.000000e+00
8.347630e-15 0.000000e+00 0.000000e+00
2.332367e-13 0.000000e+00 0.000000e+00
1.592959e-13 0.000000e+00 0.000000e+00
-7.462337e-14 0.000000e+00 0.000000e+00
1.553230e-14 0.000000e+00 0.000000e+00
9.826407e-14 0.000000e+00 0.000000e+00
-3.242077e-13 0.000000e+00 0.000000e+00
1.897636e-14 0.000000e+00 0.000000e+00
-1.495874e-13 0.000000e+00 0.000000e+00
2.524378e-14 0.000000e+00 0.000000e+00
1.143357e-13 0.000000e+00 0.000000e+00
1.028546e-13 0.000000e+00 0.000000e+00
6.866561e-14 0.000000e+00 0.000000e+00
-7.453098e-15 0.000000e+00 0.000000e+00
2.357919e-13 0.000000e+00 0.000000e+00
6.769981e-15 0.000000e+00 0.000000e+00
-2.325759e-13 0.000000e+00 0.000000e+00
9.374540e-14 0.000000e+00 0.000000e+00
1.814259e-13 0.000000e+00 0.000000e+00
6.938278e-14 0.000000e+00 0.000000e+00
1.363057e-13 0.000000e+00 0.000000e+00
-5.866694e-14 0.000000e+00 0.000000e+00
1.398506e-13 0.000000e+00 0.000000e+00
-2.041302e-13 0.000000e+00 0.000000e+00
-1.236764e-13 0.000000e+00 0.000000e+00
1.299116e-13 0.000000e+00 0.000000e+00
-1.024561e-13 0.000000e+00 0.000000e+00
2.307193e-13 0.000000e+00 0.000000e+00
-1.065795e-13 0.000000e+00 0.000000e+00
2.106959e-13 0.000000e+00 0.000000e+00
2.678049e-13 0.000000e+00 0.000000e+00
-9.411478e-14 0.000000e+00 0.000000e+00
2.318914e-13 0.000000e+00 0.000000e+00
1.779904e-13 0.000000e+00 0.000000e+00
9.992062e-14 0.000000e+00 0.000000e+00
4.066313e-17 0.000000e+00 0.000000e+00
-2.153611e-13 0.000000e+00 0.000000e+00
4.627101e-13 0.000000e+00 0.000000e+00
1.615933e-13 0.000000e+00 0.000000e+00
1.321853e-13 0.000000e+00 0.000000e+00
-1.513054e-13 0.000000e+00 0.000000e+00
-1.610467e-13 0.000000e+00 0.000000e+00
-3.433191e-14 0.000000e+00 0.000000e+00
6.064138e-15 0.000000e+00 0.000000e+00
5.465537e-15 0.000000e+00 0.000000e+00
1.820803e-13 0.000000e+00 0.000000e+00
-8.756273e-14 0.000000e+00 0.000000e+00
2.575151e-13 0.000000e+00 0.000000e+00
-2.464876e-13 0.000000e+00 0.000000e+00
6.102884e-14 0.000000e+00 0.000000e+00
-7.960526e-14 0.000000e+00 0.000000e+00
2.841514e-14 0.000000e+00 0.000000e+00
-9.756647e-14 0.000000e+00 0.000000e+00
-3.318294e-13 0.000000e+00 0.000000e+00
-2.218413e-13 0.000000e+00 0.000000e+00
-1.314260e-13 0.000000e+00 0.000000e+00
8.083014e-15 0.000000e+00 0.000000e+00
2.934315e-13 0.000000e+00 0.000000e+00
-7.026746e-14 0.000000e+00 0.000000e+00
-1.688357e-13 0.000000e+00 0.000000e+00
9.354670e-14 0.000000e+00 0.000000e+00
1.733645e-14 0.000000e+00 0.000000e+00
1.196639e-13 0.000000e+00 0.000000e+00
-1.126358e-13 0.000000e+00 0.000000e+00
1.121018e-13 0.000000e+00 0.000000e+00
-2.821335e-13 0.000000e+00 0.000000e+00
-6.743437e-14 0.000000e+00 0.000000e+00
-4.149367e-15 0.000000e+00 0.000000e+00
1.181239e-13 0.000000e+00 0.000000e+00
2.057795e-13 0.000000e+00 0.000000e+00
2.143122e-13 0.000000e+00 0.000000e+00
-2.277188e-13 0.000000e+00 0.000000e+00
-1.016816e-13 0.000000e+00 0.000000e+00
-2.125866e-13 0.000000e+00 0.000000e+00
7.001846e-14 0.000000e+00 0.000000e+00
1.213108e-13 0.000000e+00 0.000000e+00
-2.009594e-13 0.000000e+00 0.000000e+00
-1.230312e-13 0.000000e+00 0.000000e+00
2.305791e-13 0.000000e+00 0.000000e+00
1.282062e-13 0.000000e+00 0.000000e+00
1.885115e-13 0.000000e+00 0.000000e+00
-4.894654e-14 0.000000e+00 0.000000e+00
-8.609855e-14 0.000000e+00 0.000000e+00
6.718543e-14 0.000000e+00 0.000000e+00
7.049240e-14 0.000000e+00 0.000000e+00
-2.492227e-13 0.000000e+00 0.000000e+00
1.137870e-13 0.000000e+00 0.000000e+00
2.331535e-13 0.000000e+00 0.000000e+00
-1.302608e-14 0.000000e+00 0.000000e+00
1.612846e-14 0.000000e+00 0.000000e+00
-9.128609e-14 0.000000e+00 0.000000e+00
-1.222792e-13 0.000000e+00 0.000000e+00
5.840500e-14 0.000000e+00 0.000000e+00
-8.307095e-14 0.000000e+00 0.000000e+00
-4.838530e-14 0.000000e+00 0.000000e+00
-7.697734e-15 0.000000e+00 0.000000e+00
-3.892302e-13 0.000000e+00 0.000000e+00
4.156774e-14 0.000000e+00 0.000000e+00
-2.599445e-13 0.000000e+00 0.000000e+00
8.591930e-14 0.000000e+00 0.000000e+00
1.177543e-13 0.000000e+00 0.000000e+00
1.537886e-13 0.000000e+00 0.000000e+00
1.828795e-13 0.000000e+00 0.000000e+00
-1.012139e-13 0.000000e+00 0.000000e+00
1.354403e-13 0.000000e+00 0.000000e+00
5.791571e-14 0.000000e+00 0.000000e+00
1.371434e-13 0.000000e+00 0.000000e+00
1.169594e-13 0.000000e+00 0.000000e+00
-1.677200e-13 0.000000e+00 0.000000e+00
1.361620e-13 0.000000e+00 0.000000e+00
-4.294090e-14 0.000000e+00 0.000000e+00
-8.729636e-14 0.000000e+00 0.000000e+00
3.748271e-15 0.000000e+00 0.000000e+00
-4.245109e-13 0.000000e+00 0.000000e+00
-2.023416e-13 0.000000e+00 0.000000e+00
1.324697e-13 0.000000e+00 0.000000e+00
-3.590321e-15 0.000000e+00 0.000000e+00
8.853145e-14 0.000000e+00 0.000000e+00
1.354606e-14 0.000000e+00 0.000000e+00
-1.615798e-13 0.000000e+00 0.000000e+00
-2.174166e-13 0.000000e+00 0.000000e+00
7.460070e-14 0.000000e+00 0.000000e+00
-1.433847e-14 0.000000e+00 0.000000e+00
-1.120317e-13 0.000000e+00 0.000000e+00
4.354124e-14 0.000000e+00 0.000000e+00
1.142531e-13 0.000000e+00 0.000000e+00
-5.690619e-13 0.000000e+00 0.000000e+00
-1.219693e-13 0.000000e+00 0.000000e+00
6.152535e-14 0.000000e+00 0.000000e+00
-2.715335e-13 0.000000e+00 0.000000e+00
-1.458190e-13 0.000000e+00 0.000000e+00
2.569043e-14 0.000000e+00 0.000000e+00
1.317303e-14 0.000000e+00 0.000000e+00
-1.695104e-13 0.000000e+00 0.000000e+00
5.462606e-14 0.000000e+00 0.000000e+00
1.190321e-13 0.000000e+00 0.000000e+00
-3.247532e-13 0.000000e+00 0.000000e+00
1.485306e-13 0.000000e+00 0.000000e+00
9.983500e-14 0.000000e+00 0.000000e+00
1.437315e-13 0.000000e+00 0.000000e+00
7.650321e-14 0.000000e+00 0.000000e+00
-3.573582e-14 0.000000e+00 0.000000e+00
2.699321e-14 0.000000e+00 0.000000e+00
1.267822e-13 0.000000e+00 0.000000e+00
-2.771599e-13 0.000000e+00 0.000000e+00
3.053614e-14 0.000000e+00 0.000000e+00
5.569707e-14 0.000000e+00 0.000000e+00
-1.222920e-14 0.000000e+00 0.000000e+00
-1.846550e-13 0.000000e+00 0.000000e+00
6.364804e-13 0.000000e+00 0.000000e+00
2.125955e-13 0.000000e+00 0.000000e+00
-1.835433e-14 0.000000e+00 0.000000e+00
1.670250e-13 0.000000e+00 0.000000e+00
-1.247151e-13 0.000000e+00 0.000000e+00
2.073802e-13 0.000000e+00 0.000000e+00
1.308128e-13 0.000000e+00 0.000000e+00
1.127117e-13 0.000000e+00 0.000000e+00
1.426727e-13 0.000000e+00 0.000000e+00
1.644934e-13 0.000000e+00 0.000000e+00
1.157366e-13 0.000000e+00 0.000000e+00
5.088278e-14 0.000000e+00 0.000000e+00
-2.633418e-13 0.000000e+00 0.000000e+00
-1.421585e-13 0.000000e+00 0.000000e+00
-9.809352e-14 0.000000e+00 0.000000e+00
7.104563e-14 0.000000e+00 0.000000e+00
-2.822130e-13 0.000000e+00 0.000000e+00
1.712043e-13 0.000000e+00 0.000000e+00
2.187988e-13 0.000000e+00 0.000000e+00
5.335483e-14 0.000000e+00 0.000000e+00
-3.721553e-13 0.000000e+00 0.000000e+00
-1.690880e-13 0.000000e+00 0.000000e+00
1.640366e-14 0.000000e+00 0.000000e+00
1.267269e-15 0.000000e+00 0.000000e+00
-1.118970e-13 0.000000e+00 0.000000e+00
9.975508e-14 0.000000e+00 0.000000e+00
7.509235e-14 0.000000e+00 0.000000e+00
-3.840675e-13 0.000000e+00 0.000000e+00
-1.586508e-13 0.000000e+00 0.000000e+00
1.238081e-13 0.000000e+00 0.000000e+00
1.904252e-14 0.000000e+00 0.000000e+00
6.982559e-14 0.000000e+00 0.000000e+00
-1.906923e-13 0.000000e+00 0.000000e+00
-5.566230e-14 0.000000e+00 0.000000e+00
-5.265115e-14 0.000000e+00 0.000000e+00
9.475634e-14 0.000000e+00 0.000000e+00
-3.882061e-13 0.000000e+00 0.000000e+00
2.073209e-14 0.000000e+00 0.000000e+00
1.111610e-13 0.000000e+00 0.000000e+00
9.807850e-14 0.000000e+00 0.000000e+00
-1.014465e-13 0.000000e+00 0.000000e+00
-8.664545e-14 0.000000e+00 0.000000e+00
3.494864e-14 0.000000e+00 0.000000e+00
-2.121171e-13 0.000000e+00 0.000000e+00
-4.402879e-15 0.000000e+00 0.000000e+00
9.349615e-14 0.000000e+00 0.000000e+00
4.608588e-14 0.000000e+00 0.000000e+00
-2.437561e-14 0.000000e+00 0.000000e+00
7.831026e-14 0.000000e+00 0.000000e+00
-1.275132e-13 0.000000e+00 0.000000e+00
3.658340e-14 0.000000e+00 0.000000e+00
-1.506722e-14 0.000000e+00 0.000000e+00
9.698670e-14 0.000000e+00 0.000000e+00
7.572279e-14 0.000000e+00 0.000000e+00
6.479673e-14 0.000000e+00 0.000000e+00
9.733537e-14 0.000000e+00 0.000000e+00
3.112916e-13 0.000000e+00 0.000000e+00
-3.159418e-13 0.000000e+00 0.000000e+00
1.640348e-13 0.000000e+00 0.000000e+00
-2.322351e-13 0.000000e+00 0.000000e+00
1.403218e-13 0.000000e+00 0.000000e+00
6.970262e-14 0.000000e+00 0.000000e+00
1.675255e-13 0.000000e+00 0.000000e+00
-1.674829e-13 0.000000e+00 0.000000e+00
6.051282e-14 0.000000e+00 0.000000e+00
2.254843e-13 0.000000e+00 0.000000e+00
4.293869e-13 0.000000e+00 0.000000e+00
1.429306e-13 0.000000e+00 0.000000e+00
7.660429e-14 0.000000e+00 0.000000e+00
4.703802e-14 0.000000e+00 0.000000e+00
-1.722012e-13 0.000000e+00 0.000000e+00
1.279574e-13 0.000000e+00 0.000000e+00
7.815255e-14 0.000000e+00 0.000000e+00
8.599182e-15 0.000000e+00 0.000000e+00
5.358987e-14 0.000000e+00 0.000000e+00
3.643960e-14 0.000000e+00 0.000000e+00
8.010582e-14 0.000000e+00 0.000000e+00
-2.180737e-14 0.000000e+00 0.000000e+00
1.651068e-13 0.000000e+00 0.000000e+00
1.746537e-13 0.000000e+00 0.000000e+00
2.984674e-13 0.000000e+00 0.000000e+00
4.593667e-14 0.000000e+00 0.000000e+00
-2.929408e-14 0.000000e+00 0.000000e+00
8.181963e-15 0.000000e+00 0.000000e+00
-2.676267e-14 0.000000e+00 0.000000e+00
2.893078e-14 0.000000e+00 0.000000e+00
-2.244179e-13 0.000000e+00 0.000000e+00
-1.191327e-13 0.000000e+00 0.000000e+00
-7.911869e-14 0.000000e+00 0.000000e+00
-3.938228e-13 0.000000e+00 0.000000e+00
-3.140479e-14 0.000000e+00 0.000000e+00
-7.487283e-14 0.000000e+00 0.000000e+00
6.971000e-15 0.000000e+00 0.000000e+00
5.893674e-15 0.000000e+00 0.000000e+00
-1.088405e-14 0.000000e+00 0.000000e+00
-2.335455e-13 0.000000e+00 0.000000e+00
-3.804120e-13 0.000000e+00 0.000000e+00
-2.880396e-13 0.000000e+00 0.000000e+00
2.961727e-13 0.000000e+00 0.000000e+00
2.285757e-13 0.000000e+00 0.000000e+00
-7.660506e-14 0.000000e+00 0.000000e+00
1.702941e-13 0.000000e+00 0.000000e+00
1.819329e-13 0.000000e+00 0.000000e+00
-4.881145e-14 0.000000e+00 0.000000e+00
-6.426482e-14 0.000000e+00 0.000000e+00
-3.220339e-13 0.000000e+00 0.000000e+00
-2.364637e-14 0.000000e+00 0.000000e+00
2.274651e-13 0.000000e+00 0.000000e+00
5.336107e-14 0.000000e+00 0.000000e+00
9.182708e-14 0.000000e+00 0.000000e+00
-2.334323e-13 0.000000e+00 0.000000e+00
-1.989642e-13 0.000000e+00 0.000000e+00
7.532497e-15 0.000000e+00 0.000000e+00
6.295625e-14 0.000000e+00 0.000000e+00
1.686609e-14 0.000000e+00 0.000000e+00
-1.625277e-13 0.000000e+00 0.000000e+00
-2.453199e-14 0.000000e+00 0.000000e+00
1.834983e-13 0.000000e+00 0.000000e+00
4.848812e-14 0.000000e+00 0.000000e+00
-1.800112e-13 0.000000e+00 0.000000e+00
-3.015941e-14 0.000000e+00 0.000000e+00
4.534256e-14 0.000000e+00 0.000000e+00
7.767561e-14 0.000000e+00 0.000000e+00
-2.560387e-13 0.000000e+00 0.000000e+00
-2.331201e-13 0.000000e+00 0.000000e+00
-1.131144e-13 0.000000e+00 0.000000e+00
6.699662e-14 0.000000e+00 0.000000e+00
1.139134e-13 0.000000e+00 0.000000e+00
-1.131788e-13 0.000000e+00 0.000000e+00
-5.401198e-14 0.000000e+00 0.000000e+00
5.464690e-14 0.000000e+00 0.000000e+00
-6.667736e-14 0.000000e+00 0.000000e+00
-1.412106e-13 0.000000e+00 0.000000e+00
-6.295037e-14 0.000000e+00 0.000000e+00
-4.857685e-14 0.000000e+00 0.000000e+00
2.112104e-13 0.000000e+00 0.000000e+00
1.599039e-13 0.000000e+00 0.000000e+00
-8.456921e-14 0.000000e+00 0.000000e+00
-6.928891e-14 0.000000e+00 0.000000e+00
-4.826298e-14 0.000000e+00 0.000000e+00
-1.023811e-13 0.000000e+00 0.000000e+00
-1.245001e-13 0.000000e+00 0.000000e+00
1.567424e-13 0.000000e+00 0.000000e+00
1.050102e-13 0.000000e+00 0.000000e+00
1.520606e-13 0.000000e+00 0.000000e+00
1.752619e-13 0.000000e+00 0.000000e+00
6.444675e-14 0.000000e+00 0.000000e+00
7.874996e-14 0.000000e+00 0.000000e+00
-1.279400e-13 0.000000e+00 0.000000e+00
-5.448499e-14 0.000000e+00 0.000000e+00
5.285089e-14 0.000000e+00 0.000000e+00
1.855744e-13 0.000000e+00 0.000000e+00
-1.281302e-13 0.000000e+00 0.000000e+00
-1.022180e-13 0.000000e+00 0.000000e+00
-1.537864e-13 0.000000e+00 0.000000e+00
-1.771968e-13 0.000000e+00 0.000000e+00
-1.926234e-13 0.000000e+00 0.000000e+00
-3.965933e-15 0.000000e+00 0.000000e+00
1.629941e-14 0.000000e+00 0.000000e+00
9.750211e-14 0.000000e+00 0.000000e+00
1.075100e-13 0.000000e+00 0.000000e+00
-2.051595e-13 0.000000e+00 0.000000e+00
7.229209e-14 0.000000e+00 0.000000e+00
-1.826775e-13 0.000000e+00 0.000000e+00
6.494670e-14 0.000000e+00 0.000000e+00
3.097781e-13 0.000000e+00 0.000000e+00
1.800592e-13 0.000000e+00 0.000000e+00
1.867009e-13 0.000000e+00 0.000000e+00
-3.837425e-14 0.000000e+00 0.000000e+00
1.092038e-13 0.000000e+00 0.000000e+00
-1.447902e-13 0.000000e+00 0.000000e+00
7.817414e-14 0.000000e+00 0.000000e+00
6.313662e-14 0.000000e+00 0.000000e+00
-3.639535e-14 0.000000e+00 0.000000e+00
8.247969e-14 0.000000e+00 0.000000e+00
2.728359e-13 0.000000e+00 0.000000e+00
-1.571750e-13 0.000000e+00 0.000000e+00
-7.593150e-14 0.000000e+00 0.000000e+00
4.455337e-14 0.000000e+00 0.000000e+00
-7.919113e-14 0.000000e+00 0.000000e+00
-4.708985e-14 0.000000e+00 0.000000e+00
-9.338193e-14 0.000000e+00 0.000000e+00
-1.280881e-13 0.000000e+00 0.000000e+00
-1.132959e-14 0.000000e+00 0.000000e+00
-1.960253e-13 0.000000e+00 0.000000e+00
1.732589e-14 0.000000e+00 0.000000e+00
-1.374601e-13 0.000000e+00 0.000000e+00
-2.079473e-13 0.000000e+00 0.000000e+00
-2.514779e-14 0.000000e+00 0.000000e+00
-1.580811e-13 0.000000e+00 0.000000e+00
-1.111732e-13 0.000000e+00 0.000000e+00
-5.990560e-16 0.000000e+00 0.000000e+00
6.909979e-14 0.000000e+00 0.000000e+00
1.395050e-13 0.000000e+00 0.000000e+00
-6.987236e-14 0.000000e+00 0.000000e+00
5.623036e-14 0.000000e+00 0.000000e+00
3.636455e-13 0.000000e+00 0.000000e+00
2.153360e-13 0.000000e+00 0.000000e+00
-1.147072e-13 0.000000e+00 0.000000e+00
3.458117e-14 0.000000e+00 0.000000e+00
-2.916601e-13 0.000000e+00 0.000000e+00
-3.374891e-13 0.000000e+00 0.000000e+00
8.365123e-14 0.000000e+00 0.000000e+00
1.039007e-13 0.000000e+00 0.000000e+00
2.527663e-14 0.000000e+00 0.000000e+00
-2.526130e-13 0.000000e+00 0.000000e+00
2.642602e-13 0.000000e+00 0.000000e+00
-1.889345e-13 0.000000e+00 0.000000e+00
