step K U E temp
0 1.720729e-22 -4.041269e-20 -4.024061e-20 2.492637e+01
1000 1.048724e-20 -4.079964e-20 -3.031240e-20 1.519176e+03
2000 7.311088e-21 -4.088057e-20 -3.356948e-20 1.059080e+03
3000 2.777420e-21 -3.974783e-20 -3.697041e-20 4.023354e+02
4000 2.392656e-21 -4.089519e-20 -3.850253e-20 3.465987e+02
5000 5.178153e-24 -3.990609e-20 -3.990091e-20 7.501042e-01
6000 7.173580e-22 -3.901648e-20 -3.829912e-20 1.039161e+02
7000 1.806822e-22 -3.891810e-20 -3.873741e-20 2.617351e+01
8000 3.907060e-22 -3.811121e-20 -3.772051e-20 5.659743e+01
9000 1.927570e-23 -4.097802e-20 -4.095875e-20 2.792267e+00
10000 1.465207e-21 -4.101453e-20 -3.954932e-20 2.122491e+02
11000 8.891876e-22 -3.607416e-20 -3.518497e-20 1.288072e+02
12000 8.288028e-23 -4.081596e-20 -4.073308e-20 1.200599e+01
13000 1.165639e-21 -4.003497e-20 -3.886933e-20 1.688538e+02
14000 2.438315e-21 -4.094701e-20 -3.850870e-20 3.532129e+02
15000 5.509196e-22 -4.058091e-20 -4.002999e-20 7.980588e+01
16000 2.285716e-21 -4.058357e-20 -3.829785e-20 3.311075e+02
17000 2.582586e-21 -3.946134e-20 -3.687875e-20 3.741119e+02
18000 9.928098e-22 -3.875563e-20 -3.776282e-20 1.438178e+02
19000 6.667601e-22 -3.968773e-20 -3.902097e-20 9.658648e+01
20000 1.410085e-21 -3.831832e-20 -3.690823e-20 2.042641e+02
21000 1.203819e-20 -4.023703e-20 -2.819884e-20 1.743844e+03
22000 7.225085e-22 -3.867932e-20 -3.795681e-20 1.046621e+02
23000 7.034013e-21 -3.850081e-20 -3.146680e-20 1.018943e+03
24000 9.561294e-21 -4.069604e-20 -3.113475e-20 1.385043e+03
25000 4.555331e-21 -3.475242e-20 -3.019709e-20 6.598826e+02
26000 1.326949e-20 -4.072543e-20 -2.745594e-20 1.922211e+03
27000 4.743069e-24 -3.988715e-20 -3.988241e-20 6.870781e-01
28000 6.975546e-22 -4.092293e-20 -4.022537e-20 1.010473e+02
29000 1.257624e-21 -3.457566e-20 -3.331803e-20 1.821787e+02
30000 8.093831e-21 -4.091264e-20 -3.281881e-20 1.172468e+03
31000 1.541300e-21 -4.109958e-20 -3.955828e-20 2.232717e+02
32000 4.200424e-21 -4.106346e-20 -3.686304e-20 6.084709e+02
33000 1.381271e-21 -4.109676e-20 -3.971549e-20 2.000901e+02
34000 8.775192e-23 -3.595951e-20 -3.587176e-20 1.271169e+01
35000 4.361273e-24 -4.065294e-20 -4.064858e-20 6.317714e-01
36000 4.868911e-22 -3.880763e-20 -3.832074e-20 7.053076e+01
37000 1.432930e-21 -3.955973e-20 -3.812680e-20 2.075734e+02
38000 1.380213e-22 -3.755599e-20 -3.741796e-20 1.999369e+01
39000 1.243968e-21 -4.101464e-20 -3.977067e-20 1.802005e+02
40000 2.588016e-21 -3.493339e-20 -3.234537e-20 3.748984e+02
41000 3.231134e-22 -4.087778e-20 -4.055467e-20 4.680602e+01
42000 1.242472e-21 -4.109999e-20 -3.985751e-20 1.799837e+02
43000 1.051782e-21 -3.841843e-20 -3.736665e-20 1.523605e+02
44000 7.919509e-22 -3.976169e-20 -3.896974e-20 1.147215e+02
45000 2.572041e-24 -3.568446e-20 -3.568189e-20 3.725843e-01
46000 3.824941e-22 -4.026029e-20 -3.987780e-20 5.540786e+01
47000 1.033849e-23 -3.999258e-20 -3.998224e-20 1.497628e+00
48000 6.579984e-22 -2.243861e-20 -2.178061e-20 9.531727e+01
49000 1.200346e-21 -3.502461e-20 -3.382426e-20 1.738814e+02
50000 1.347314e-21 -3.650289e-20 -3.515558e-20 1.951711e+02
51000 2.038836e-21 -3.108255e-20 -2.904372e-20 2.953446e+02
52000 1.728511e-20 -3.943599e-20 -2.215088e-20 2.503911e+03
53000 1.321526e-21 -4.029265e-20 -3.897112e-20 1.914354e+02
54000 6.120724e-23 -3.987682e-20 -3.981561e-20 8.866445e+00
55000 1.708866e-21 -4.083845e-20 -3.912958e-20 2.475453e+02
56000 2.641875e-24 -4.101431e-20 -4.101167e-20 3.827004e-01
57000 1.608386e-22 -4.108977e-20 -4.092893e-20 2.329899e+01
58000 3.472762e-21 -3.989806e-20 -3.642530e-20 5.030623e+02
59000 7.597645e-22 -4.087706e-20 -4.011729e-20 1.100590e+02
60000 3.717590e-22 -3.737758e-20 -3.700582e-20 5.385278e+01
61000 1.345029e-22 -4.059700e-20 -4.046250e-20 1.948401e+01
62000 1.159667e-22 -4.047365e-20 -4.035769e-20 1.679887e+01
63000 3.720416e-22 -3.605180e-20 -3.567976e-20 5.389373e+01
64000 1.543997e-21 -3.767621e-20 -3.613221e-20 2.236625e+02
65000 6.237378e-21 -4.108761e-20 -3.485023e-20 9.035429e+02
66000 3.535858e-21 -3.986946e-20 -3.633360e-20 5.122023e+02
67000 6.231099e-21 -4.023911e-20 -3.400801e-20 9.026333e+02
68000 5.199122e-24 -3.768207e-20 -3.767687e-20 7.531418e-01
69000 2.107119e-21 -4.109800e-20 -3.899088e-20 3.052360e+02
70000 2.859490e-21 -3.932675e-20 -3.646726e-20 4.142240e+02
71000 3.237173e-22 -3.865731e-20 -3.833359e-20 4.689349e+01
72000 3.322926e-22 -3.796315e-20 -3.763086e-20 4.813571e+01
73000 1.045349e-21 -3.630997e-20 -3.526462e-20 1.514286e+02
74000 1.414667e-21 -4.105225e-20 -3.963758e-20 2.049278e+02
75000 1.798092e-21 -3.864705e-20 -3.684896e-20 2.604705e+02
76000 1.172129e-21 -3.960521e-20 -3.843308e-20 1.697940e+02
77000 2.460769e-23 -3.755916e-20 -3.753456e-20 3.564655e+00
78000 2.125754e-21 -4.109902e-20 -3.897327e-20 3.079355e+02
79000 2.762506e-21 -4.088743e-20 -3.812493e-20 4.001749e+02
80000 2.001318e-21 -4.018207e-20 -3.818076e-20 2.899098e+02
81000 1.806725e-22 -3.864946e-20 -3.846879e-20 2.617211e+01
82000 3.961297e-24 -3.130644e-20 -3.130247e-20 5.738312e-01
83000 8.696752e-23 -3.983493e-20 -3.974797e-20 1.259806e+01
84000 3.189516e-22 -3.674775e-20 -3.642880e-20 4.620314e+01
85000 3.888999e-23 -4.087112e-20 -4.083223e-20 5.633580e+00
86000 8.047992e-22 -4.108709e-20 -4.028229e-20 1.165827e+02
87000 7.682975e-24 -4.087014e-20 -4.086246e-20 1.112951e+00
88000 1.028862e-20 -3.919608e-20 -2.890746e-20 1.490403e+03
89000 4.142294e-24 -4.080882e-20 -4.080468e-20 6.000503e-01
90000 1.898273e-21 -4.105152e-20 -3.915324e-20 2.749827e+02
91000 1.148027e-21 -3.982613e-20 -3.867811e-20 1.663025e+02
92000 2.712803e-21 -3.867644e-20 -3.596364e-20 3.929750e+02
93000 2.880769e-21 -4.094594e-20 -3.806518e-20 4.173065e+02
94000 5.020312e-24 -3.892367e-20 -3.891865e-20 7.272395e-01
95000 2.072867e-24 -4.093990e-20 -4.093783e-20 3.002743e-01
96000 1.771879e-23 -4.073337e-20 -4.071565e-20 2.566734e+00
97000 4.853876e-23 -4.038053e-20 -4.033199e-20 7.031296e+00
98000 6.149187e-21 -4.101686e-20 -3.486767e-20 8.907676e+02
99000 7.237687e-23 -4.107306e-20 -4.100069e-20 1.048447e+01
100000 2.061163e-21 -3.909982e-20 -3.703866e-20 2.985788e+02
101000 1.187541e-22 -4.057273e-20 -4.045397e-20 1.720265e+01
102000 2.774338e-21 -4.031838e-20 -3.754404e-20 4.018890e+02
103000 6.878941e-21 -4.093468e-20 -3.405574e-20 9.964794e+02
104000 5.615099e-21 -2.820267e-20 -2.258757e-20 8.134000e+02
105000 1.087881e-20 -4.092371e-20 -3.004490e-20 1.575899e+03
106000 6.484997e-24 -3.791072e-20 -3.790423e-20 9.394128e-01
107000 4.330336e-21 -3.466509e-20 -3.033476e-20 6.272898e+02
108000 7.805617e-23 -4.081521e-20 -4.073716e-20 1.130717e+01
109000 1.589928e-21 -4.093182e-20 -3.934189e-20 2.303160e+02
110000 1.255041e-23 -4.061616e-20 -4.060361e-20 1.818044e+00
111000 9.459624e-22 -4.109832e-20 -4.015236e-20 1.370316e+02
112000 2.983820e-21 -4.061986e-20 -3.763604e-20 4.322344e+02
113000 3.737980e-21 -4.109232e-20 -3.735434e-20 5.414816e+02
114000 6.945014e-22 -3.750811e-20 -3.681361e-20 1.006051e+02
115000 2.454526e-21 -4.043319e-20 -3.797866e-20 3.555613e+02
116000 3.090045e-21 -4.048034e-20 -3.739030e-20 4.476220e+02
117000 1.558326e-21 -4.096285e-20 -3.940452e-20 2.257382e+02
118000 1.558497e-23 -4.045444e-20 -4.043886e-20 2.257630e+00
119000 6.470704e-22 -4.003040e-20 -3.938333e-20 9.373423e+01
120000 1.032319e-20 -4.033570e-20 -3.001251e-20 1.495412e+03
121000 7.651456e-22 -3.944636e-20 -3.868121e-20 1.108385e+02
122000 5.102926e-22 -4.100574e-20 -4.049545e-20 7.392069e+01
123000 3.990769e-22 -4.037478e-20 -3.997570e-20 5.781005e+01
124000 2.678299e-21 -4.101835e-20 -3.834005e-20 3.879769e+02
125000 1.249494e-21 -4.105927e-20 -3.980977e-20 1.810010e+02
126000 4.399414e-21 -4.108505e-20 -3.668563e-20 6.372965e+02
127000 9.238465e-22 -3.855309e-20 -3.762924e-20 1.338279e+02
128000 3.453401e-22 -4.075772e-20 -4.041238e-20 5.002576e+01
129000 2.669618e-22 -4.059952e-20 -4.033255e-20 3.867193e+01
130000 3.508455e-21 -3.950433e-20 -3.599587e-20 5.082328e+02
131000 1.756458e-21 -4.087749e-20 -3.912104e-20 2.544394e+02
132000 6.564772e-22 -4.108188e-20 -4.042540e-20 9.509690e+01
133000 5.096469e-23 -3.706185e-20 -3.701088e-20 7.382715e+00
134000 3.816307e-22 -4.109944e-20 -4.071781e-20 5.528280e+01
135000 1.175478e-21 -3.887361e-20 -3.769813e-20 1.702791e+02
136000 1.064197e-21 -4.018576e-20 -3.912156e-20 1.541589e+02
137000 8.365453e-22 -4.082881e-20 -3.999227e-20 1.211815e+02
138000 2.387210e-21 -4.035452e-20 -3.796731e-20 3.458098e+02
139000 3.220754e-22 -4.079788e-20 -4.047580e-20 4.665565e+01
140000 1.785673e-21 -3.696457e-20 -3.517890e-20 2.586715e+02
141000 3.368053e-21 -4.046779e-20 -3.709974e-20 4.878942e+02
142000 4.882230e-22 -3.859801e-20 -3.810978e-20 7.072370e+01
143000 2.569969e-27 -4.091213e-20 -4.091213e-20 3.722842e-04
144000 1.867326e-20 -3.953232e-20 -2.085906e-20 2.704997e+03
145000 5.197666e-21 -3.994008e-20 -3.474242e-20 7.529308e+02
146000 4.472241e-23 -3.933220e-20 -3.928747e-20 6.478462e+00
147000 2.600511e-21 -4.052050e-20 -3.791999e-20 3.767084e+02
148000 7.288445e-22 -4.090352e-20 -4.017467e-20 1.055800e+02
149000 2.739059e-22 -4.103023e-20 -4.075633e-20 3.967785e+01
150000 5.516449e-21 -3.870581e-20 -3.318936e-20 7.991095e+02
151000 1.995974e-22 -3.906750e-20 -3.886791e-20 2.891356e+01
152000 6.041030e-22 -4.046561e-20 -3.986150e-20 8.751000e+01
153000 3.024099e-22 -4.094565e-20 -4.064324e-20 4.380692e+01
154000 2.183107e-21 -4.078663e-20 -3.860353e-20 3.162436e+02
155000 4.264731e-26 -4.084341e-20 -4.084337e-20 6.177865e-03
156000 5.655790e-23 -4.103168e-20 -4.097512e-20 8.192945e+00
157000 2.182594e-21 -3.597169e-20 -3.378909e-20 3.161692e+02
158000 1.498243e-23 -4.100636e-20 -4.099138e-20 2.170346e+00
159000 7.078461e-21 -4.065580e-20 -3.357734e-20 1.025382e+03
160000 3.409980e-21 -3.744349e-20 -3.403351e-20 4.939677e+02
161000 5.314035e-23 -4.021829e-20 -4.016515e-20 7.697879e+00
162000 6.463031e-21 -3.908081e-20 -3.261778e-20 9.362308e+02
163000 9.476393e-25 -3.439759e-20 -3.439665e-20 1.372745e-01
164000 1.869516e-25 -3.871203e-20 -3.871184e-20 2.708170e-02
165000 5.376160e-22 -3.744621e-20 -3.690860e-20 7.787874e+01
166000 5.050011e-23 -3.898173e-20 -3.893123e-20 7.315416e+00
167000 1.033262e-22 -4.085100e-20 -4.074767e-20 1.496777e+01
168000 2.902828e-21 -4.033463e-20 -3.743180e-20 4.205019e+02
169000 9.276836e-21 -2.849457e-20 -1.921774e-20 1.343837e+03
170000 1.231541e-20 -3.770716e-20 -2.539175e-20 1.784003e+03
171000 1.749238e-21 -4.102138e-20 -3.927215e-20 2.533936e+02
172000 6.651813e-21 -3.939516e-20 -3.274335e-20 9.635777e+02
173000 1.917213e-23 -4.013739e-20 -4.011822e-20 2.777263e+00
174000 2.628516e-21 -3.979968e-20 -3.717116e-20 3.807653e+02
175000 3.679602e-22 -3.820225e-20 -3.783429e-20 5.330249e+01
176000 1.413586e-21 -3.560322e-20 -3.418964e-20 2.047712e+02
177000 1.801457e-21 -3.874249e-20 -3.694104e-20 2.609580e+02
178000 1.928674e-21 -4.069341e-20 -3.876474e-20 2.793866e+02
179000 1.983680e-21 -3.647675e-20 -3.449307e-20 2.873548e+02
180000 1.077267e-22 -3.662696e-20 -3.651923e-20 1.560523e+01
181000 9.996525e-21 -4.051748e-20 -3.052095e-20 1.448091e+03
182000 6.794965e-22 -3.005748e-20 -2.937798e-20 9.843146e+01
183000 2.621626e-21 -4.059601e-20 -3.797438e-20 3.797672e+02
184000 3.138856e-25 -4.007220e-20 -4.007188e-20 4.546928e-02
185000 1.747751e-23 -3.817570e-20 -3.815822e-20 2.531782e+00
186000 3.526655e-21 -3.827205e-20 -3.474539e-20 5.108692e+02
187000 5.932499e-21 -4.080581e-20 -3.487331e-20 8.593784e+02
188000 5.229772e-21 -3.218433e-20 -2.695456e-20 7.575817e+02
189000 2.671951e-22 -4.069349e-20 -4.042630e-20 3.870572e+01
190000 1.056784e-21 -3.293564e-20 -3.187886e-20 1.530851e+02
191000 2.462317e-21 -3.722091e-20 -3.475860e-20 3.566898e+02
192000 5.304660e-21 -3.984108e-20 -3.453642e-20 7.684299e+02
193000 1.579092e-20 -4.104167e-20 -2.525076e-20 2.287463e+03
194000 9.493632e-22 -3.966243e-20 -3.871307e-20 1.375242e+02
195000 3.169647e-21 -4.015374e-20 -3.698409e-20 4.591532e+02
196000 3.891370e-22 -3.342068e-20 -3.303155e-20 5.637015e+01
197000 9.163163e-22 -3.992535e-20 -3.900903e-20 1.327370e+02
198000 7.488622e-21 -4.108504e-20 -3.359642e-20 1.084797e+03
199000 6.469534e-22 -4.109900e-20 -4.045205e-20 9.371729e+01
200000 6.929669e-23 -3.467135e-20 -3.460206e-20 1.003828e+01
201000 2.316818e-21 -3.718483e-20 -3.486802e-20 3.356130e+02
202000 1.169495e-21 -4.018357e-20 -3.901407e-20 1.694124e+02
203000 3.167298e-21 -4.045887e-20 -3.729157e-20 4.588130e+02
204000 1.160747e-22 -4.082204e-20 -4.070596e-20 1.681451e+01
205000 6.373312e-21 -4.061487e-20 -3.424156e-20 9.232342e+02
206000 9.225957e-22 -3.931572e-20 -3.839312e-20 1.336467e+02
207000 1.459929e-21 -4.073350e-20 -3.927357e-20 2.114845e+02
208000 2.822522e-23 -4.092429e-20 -4.089606e-20 4.088688e+00
209000 3.610233e-21 -4.108417e-20 -3.747393e-20 5.229762e+02
210000 2.814745e-22 -4.089867e-20 -4.061720e-20 4.077423e+01
211000 3.455006e-22 -4.033887e-20 -3.999337e-20 5.004901e+01
212000 1.186581e-21 -3.204207e-20 -3.085549e-20 1.718874e+02
213000 9.109482e-24 -3.778147e-20 -3.777236e-20 1.319594e+00
214000 2.089914e-21 -4.092105e-20 -3.883114e-20 3.027437e+02
215000 8.348118e-21 -3.562250e-20 -2.727438e-20 1.209303e+03
216000 1.409495e-21 -3.349222e-20 -3.208273e-20 2.041786e+02
217000 1.647399e-21 -4.100288e-20 -3.935548e-20 2.386412e+02
218000 3.497936e-21 -3.995691e-20 -3.645897e-20 5.067090e+02
219000 5.634355e-22 -3.738135e-20 -3.681791e-20 8.161893e+01
220000 2.270678e-21 -3.920306e-20 -3.693238e-20 3.289291e+02
221000 4.611488e-23 -4.089255e-20 -4.084643e-20 6.680174e+00
222000 8.434190e-21 -3.834344e-20 -2.990925e-20 1.221772e+03
223000 7.875810e-23 -3.985512e-20 -3.977636e-20 1.140885e+01
224000 6.539459e-21 -3.814379e-20 -3.160433e-20 9.473022e+02
225000 4.224677e-21 -3.942029e-20 -3.519562e-20 6.119842e+02
226000 5.164907e-23 -4.035011e-20 -4.029846e-20 7.481854e+00
227000 8.628437e-21 -3.363233e-20 -2.500390e-20 1.249910e+03
228000 7.694563e-23 -4.104964e-20 -4.097270e-20 1.114630e+01
229000 2.228218e-23 -4.098922e-20 -4.096694e-20 3.227783e+00
230000 1.959650e-23 -3.943290e-20 -3.941331e-20 2.838737e+00
231000 1.282611e-21 -4.075613e-20 -3.947351e-20 1.857983e+02
232000 2.821337e-21 -4.004257e-20 -3.722123e-20 4.086972e+02
233000 5.434105e-21 -4.063056e-20 -3.519645e-20 7.871812e+02
234000 2.842076e-22 -4.109944e-20 -4.081524e-20 4.117015e+01
235000 7.392567e-22 -3.763977e-20 -3.690051e-20 1.070883e+02
236000 3.673437e-21 -4.109343e-20 -3.741999e-20 5.321319e+02
237000 7.247425e-21 -4.059002e-20 -3.334260e-20 1.049858e+03
238000 2.804165e-21 -4.056658e-20 -3.776241e-20 4.062097e+02
239000 8.967857e-21 -4.105957e-20 -3.209171e-20 1.299078e+03
240000 2.541028e-23 -4.060970e-20 -4.058429e-20 3.680918e+00
241000 2.107328e-21 -3.686119e-20 -3.475386e-20 3.052663e+02
242000 1.502194e-21 -3.728959e-20 -3.578739e-20 2.176069e+02
243000 1.654805e-21 -3.398189e-20 -3.232709e-20 2.397141e+02
244000 5.063182e-22 -4.096794e-20 -4.046162e-20 7.334496e+01
245000 1.687804e-21 -3.974074e-20 -3.805294e-20 2.444943e+02
246000 2.747011e-23 -4.015649e-20 -4.012902e-20 3.979304e+00
247000 6.293481e-22 -3.948795e-20 -3.885861e-20 9.116699e+01
248000 2.495185e-21 -4.106896e-20 -3.857378e-20 3.614510e+02
249000 2.450212e-21 -3.832943e-20 -3.587922e-20 3.549363e+02
250000 2.561215e-22 -4.100788e-20 -4.075176e-20 3.710161e+01
251000 1.402349e-21 -4.094063e-20 -3.953828e-20 2.031435e+02
252000 6.584095e-22 -3.828374e-20 -3.762533e-20 9.537682e+01
253000 2.674607e-21 -3.945108e-20 -3.677647e-20 3.874420e+02
254000 7.128950e-22 -4.084316e-20 -4.013027e-20 1.032695e+02
255000 7.553459e-21 -3.766244e-20 -3.010898e-20 1.094190e+03
256000 2.756967e-22 -4.080505e-20 -4.052935e-20 3.993726e+01
257000 2.022084e-21 -4.078881e-20 -3.876673e-20 2.929179e+02
258000 3.166480e-23 -3.968316e-20 -3.965150e-20 4.586944e+00
259000 2.889283e-22 -3.813664e-20 -3.784771e-20 4.185399e+01
260000 9.289444e-22 -4.089300e-20 -3.996406e-20 1.345663e+02
261000 5.189039e-21 -4.070371e-20 -3.551467e-20 7.516811e+02
262000 3.741744e-22 -4.061490e-20 -4.024073e-20 5.420268e+01
263000 2.858281e-21 -4.073062e-20 -3.787234e-20 4.140489e+02
264000 5.265389e-21 -4.063138e-20 -3.536599e-20 7.627411e+02
265000 9.613875e-22 -4.083975e-20 -3.987836e-20 1.392660e+02
266000 3.985335e-21 -3.991571e-20 -3.593038e-20 5.773132e+02
267000 1.129890e-22 -4.091076e-20 -4.079777e-20 1.636751e+01
268000 7.352284e-22 -4.088730e-20 -4.015207e-20 1.065047e+02
269000 1.488163e-23 -3.452756e-20 -3.451268e-20 2.155744e+00
270000 3.763732e-21 -3.976679e-20 -3.600306e-20 5.452120e+02
271000 5.643129e-21 -4.108699e-20 -3.544386e-20 8.174604e+02
272000 4.180160e-22 -3.520137e-20 -3.478335e-20 6.055355e+01
273000 3.196273e-23 -3.970159e-20 -3.966962e-20 4.630102e+00
274000 5.343264e-23 -3.968066e-20 -3.962723e-20 7.740220e+00
275000 1.728370e-22 -4.008394e-20 -3.991110e-20 2.503706e+01
276000 1.279961e-21 -4.011298e-20 -3.883302e-20 1.854144e+02
277000 6.420189e-24 -4.100698e-20 -4.100056e-20 9.300248e-01
278000 1.213131e-23 -3.940326e-20 -3.939113e-20 1.757335e+00
279000 9.030332e-24 -4.103418e-20 -4.102515e-20 1.308129e+00
280000 1.478046e-21 -2.875191e-20 -2.727387e-20 2.141089e+02
281000 6.234632e-22 -3.794257e-20 -3.731911e-20 9.031451e+01
282000 1.053050e-20 -3.923359e-20 -2.870309e-20 1.525443e+03
283000 1.695259e-21 -3.967194e-20 -3.797668e-20 2.455742e+02
284000 3.549144e-22 -4.010808e-20 -3.975316e-20 5.141270e+01
285000 1.921507e-21 -3.901004e-20 -3.708853e-20 2.783484e+02
286000 3.953133e-22 -4.064787e-20 -4.025256e-20 5.726485e+01
287000 5.536931e-22 -4.105015e-20 -4.049646e-20 8.020766e+01
288000 3.389397e-22 -3.400369e-20 -3.366475e-20 4.909861e+01
289000 4.611401e-26 -4.101476e-20 -4.101472e-20 6.680049e-03
290000 1.326081e-21 -4.089510e-20 -3.956902e-20 1.920953e+02
291000 4.303355e-22 -3.962789e-20 -3.919755e-20 6.233815e+01
292000 4.062965e-24 -3.959637e-20 -3.959231e-20 5.885588e-01
293000 1.197569e-22 -3.831703e-20 -3.819728e-20 1.734792e+01
294000 8.685163e-22 -3.812220e-20 -3.725368e-20 1.258128e+02
295000 1.085220e-20 -4.076503e-20 -2.991283e-20 1.572043e+03
296000 1.759472e-21 -3.815268e-20 -3.639320e-20 2.548761e+02
297000 4.273338e-22 -3.856966e-20 -3.814233e-20 6.190332e+01
298000 2.214197e-23 -3.421130e-20 -3.418916e-20 3.207473e+00
299000 4.908459e-21 -4.098264e-20 -3.607418e-20 7.110365e+02
300000 3.850763e-22 -4.108328e-20 -4.069820e-20 5.578193e+01
301000 3.537567e-22 -4.109682e-20 -4.074306e-20 5.124499e+01
302000 4.673932e-22 -4.094774e-20 -4.048034e-20 6.770630e+01
303000 2.803298e-21 -4.071698e-20 -3.791368e-20 4.060841e+02
304000 4.458337e-21 -4.091105e-20 -3.645272e-20 6.458321e+02
305000 3.574175e-26 -4.086470e-20 -4.086467e-20 5.177529e-03
306000 5.117344e-22 -4.109062e-20 -4.057888e-20 7.412954e+01
307000 5.331859e-22 -3.928771e-20 -3.875452e-20 7.723700e+01
308000 3.342849e-21 -4.103745e-20 -3.769460e-20 4.842432e+02
309000 1.879668e-21 -3.828630e-20 -3.640664e-20 2.722876e+02
310000 4.418358e-21 -3.129910e-20 -2.688074e-20 6.400407e+02
311000 2.136935e-23 -3.982987e-20 -3.980850e-20 3.095551e+00
312000 1.289868e-21 -4.096992e-20 -3.968005e-20 1.868496e+02
313000 1.439089e-21 -3.949460e-20 -3.805551e-20 2.084656e+02
314000 4.188211e-21 -3.995868e-20 -3.577047e-20 6.067017e+02
315000 3.165650e-21 -4.108392e-20 -3.791827e-20 4.585742e+02
316000 2.852034e-21 -3.508976e-20 -3.223773e-20 4.131440e+02
317000 1.385667e-21 -3.055840e-20 -2.917274e-20 2.007269e+02
318000 5.960010e-24 -4.109297e-20 -4.108701e-20 8.633636e-01
319000 1.751507e-22 -3.745681e-20 -3.728166e-20 2.537223e+01
320000 1.329379e-21 -3.796537e-20 -3.663599e-20 1.925731e+02
321000 8.404702e-23 -4.086635e-20 -4.078231e-20 1.217500e+01
322000 1.597051e-21 -4.039219e-20 -3.879514e-20 2.313478e+02
323000 1.367977e-21 -3.013630e-20 -2.876832e-20 1.981644e+02
324000 9.492429e-23 -3.438371e-20 -3.428879e-20 1.375068e+01
325000 7.433115e-21 -4.002650e-20 -3.259339e-20 1.076757e+03
326000 1.506749e-21 -3.507911e-20 -3.357237e-20 2.182667e+02
327000 1.437527e-22 -3.699818e-20 -3.685443e-20 2.082393e+01
328000 3.920943e-23 -4.086608e-20 -4.082687e-20 5.679855e+00
329000 6.062991e-21 -3.913123e-20 -3.306824e-20 8.782814e+02
330000 1.125183e-21 -3.522255e-20 -3.409736e-20 1.629934e+02
331000 3.725952e-22 -3.797704e-20 -3.760445e-20 5.397393e+01
332000 5.324776e-22 -4.109691e-20 -4.056443e-20 7.713439e+01
333000 1.114972e-21 -4.109377e-20 -3.997880e-20 1.615142e+02
334000 3.971953e-21 -3.657515e-20 -3.260320e-20 5.753747e+02
335000 7.129193e-23 -4.057017e-20 -4.049888e-20 1.032731e+01
336000 2.255204e-21 -4.062243e-20 -3.836722e-20 3.266875e+02
337000 2.422723e-22 -3.941447e-20 -3.917220e-20 3.509542e+01
338000 7.185875e-22 -2.045371e-20 -1.973512e-20 1.040942e+02
339000 3.388225e-21 -4.004321e-20 -3.665499e-20 4.908163e+02
340000 5.423160e-21 -3.572820e-20 -3.030504e-20 7.855957e+02
341000 3.930204e-22 -4.109997e-20 -4.070695e-20 5.693270e+01
342000 2.082554e-22 -3.718753e-20 -3.697927e-20 3.016776e+01
343000 2.642138e-21 -4.098902e-20 -3.834688e-20 3.827386e+02
344000 1.272487e-21 -4.097391e-20 -3.970143e-20 1.843317e+02
345000 1.629635e-21 -2.802765e-20 -2.639801e-20 2.360680e+02
346000 3.373091e-21 -4.094750e-20 -3.757441e-20 4.886239e+02
347000 8.231495e-22 -3.228122e-20 -3.145807e-20 1.192409e+02
348000 1.501875e-21 -3.643480e-20 -3.493293e-20 2.175607e+02
349000 6.971167e-22 -3.317937e-20 -3.248225e-20 1.009839e+02
350000 1.296260e-22 -4.023735e-20 -4.010772e-20 1.877755e+01
351000 1.462861e-23 -3.570511e-20 -3.569049e-20 2.119093e+00
352000 3.507018e-21 -3.864572e-20 -3.513870e-20 5.080246e+02
353000 1.322958e-21 -3.736572e-20 -3.604276e-20 1.916430e+02
354000 6.584565e-23 -3.537424e-20 -3.530839e-20 9.538362e+00
355000 5.641608e-21 -3.943868e-20 -3.379707e-20 8.172400e+02
356000 5.472672e-21 -4.107857e-20 -3.560590e-20 7.927681e+02
357000 3.312280e-21 -4.029623e-20 -3.698395e-20 4.798149e+02
358000 3.502494e-22 -3.931845e-20 -3.896820e-20 5.073692e+01
359000 2.266517e-21 -4.105475e-20 -3.878824e-20 3.283263e+02
360000 1.420094e-23 -3.975033e-20 -3.973613e-20 2.057139e+00
361000 9.503687e-22 -3.919749e-20 -3.824712e-20 1.376699e+02
362000 3.043117e-22 -4.108979e-20 -4.078548e-20 4.408241e+01
363000 8.862880e-21 -3.701416e-20 -2.815128e-20 1.283872e+03
364000 5.454046e-22 -3.973938e-20 -3.919398e-20 7.900699e+01
365000 1.022861e-22 -3.958790e-20 -3.948561e-20 1.481710e+01
366000 3.895837e-21 -4.055930e-20 -3.666346e-20 5.643486e+02
367000 3.775048e-22 -4.082108e-20 -4.044357e-20 5.468512e+01
368000 6.929706e-22 -3.667185e-20 -3.597888e-20 1.003833e+02
369000 5.171910e-21 -3.976928e-20 -3.459737e-20 7.491999e+02
370000 5.443627e-22 -4.084909e-20 -4.030473e-20 7.885607e+01
371000 1.648448e-20 -4.054202e-20 -2.405755e-20 2.387932e+03
372000 2.372375e-21 -4.090404e-20 -3.853166e-20 3.436609e+02
373000 5.231517e-21 -3.994424e-20 -3.471272e-20 7.578345e+02
374000 2.020989e-20 -3.965648e-20 -1.944659e-20 2.927593e+03
375000 4.979633e-22 -4.095121e-20 -4.045325e-20 7.213467e+01
376000 7.960106e-23 -3.954991e-20 -3.947031e-20 1.153096e+01
377000 1.722617e-21 -4.105444e-20 -3.933182e-20 2.495373e+02
378000 7.550531e-23 -4.106877e-20 -4.099327e-20 1.093765e+01
379000 7.684291e-22 -3.885422e-20 -3.808579e-20 1.113142e+02
380000 1.047689e-21 -3.978366e-20 -3.873597e-20 1.517676e+02
381000 1.300618e-22 -4.095356e-20 -4.082349e-20 1.884067e+01
382000 8.447625e-22 -4.086300e-20 -4.001823e-20 1.223718e+02
383000 5.955426e-22 -4.024699e-20 -3.965144e-20 8.626995e+01
384000 1.116187e-21 -4.107613e-20 -3.995994e-20 1.616902e+02
385000 1.327338e-22 -4.086732e-20 -4.073458e-20 1.922774e+01
386000 2.818885e-21 -4.070800e-20 -3.788911e-20 4.083420e+02
387000 8.074137e-22 -4.097223e-20 -4.016482e-20 1.169615e+02
388000 2.137132e-21 -4.093687e-20 -3.879974e-20 3.095837e+02
389000 2.379010e-21 -3.524400e-20 -3.286499e-20 3.446220e+02
390000 1.470118e-22 -3.791384e-20 -3.776683e-20 2.129605e+01
391000 5.166298e-22 -4.095342e-20 -4.043679e-20 7.483868e+01
392000 5.996521e-22 -3.954348e-20 -3.894383e-20 8.686524e+01
393000 5.548649e-21 -3.848326e-20 -3.293461e-20 8.037741e+02
394000 5.346833e-22 -3.479563e-20 -3.426095e-20 7.745391e+01
395000 3.102711e-21 -4.077181e-20 -3.766910e-20 4.494569e+02
396000 2.968121e-22 -4.108822e-20 -4.079141e-20 4.299603e+01
397000 3.631350e-23 -3.871789e-20 -3.868158e-20 5.260352e+00
398000 1.472046e-22 -4.104722e-20 -4.090001e-20 2.132397e+01
399000 1.894464e-21 -4.003329e-20 -3.813883e-20 2.744309e+02
400000 1.340023e-22 -4.109115e-20 -4.095715e-20 1.941150e+01
401000 4.480997e-21 -3.808998e-20 -3.360898e-20 6.491146e+02
402000 1.784411e-23 -4.027279e-20 -4.025494e-20 2.584887e+00
403000 1.403379e-21 -4.011350e-20 -3.871012e-20 2.032927e+02
404000 2.520260e-22 -4.024354e-20 -3.999152e-20 3.650834e+01
405000 2.600365e-21 -3.638222e-20 -3.378185e-20 3.766874e+02
406000 2.031047e-22 -3.395021e-20 -3.374711e-20 2.942163e+01
407000 3.944648e-23 -3.762760e-20 -3.758816e-20 5.714193e+00
408000 1.966790e-21 -3.567101e-20 -3.370422e-20 2.849080e+02
409000 8.600477e-22 -3.408396e-20 -3.322392e-20 1.245860e+02
410000 1.967071e-20 -4.079186e-20 -2.112115e-20 2.849488e+03
411000 3.566242e-21 -4.109987e-20 -3.753363e-20 5.166038e+02
412000 1.080967e-21 -4.015011e-20 -3.906915e-20 1.565882e+02
413000 2.485291e-22 -4.090425e-20 -4.065572e-20 3.600179e+01
414000 1.773209e-22 -4.101907e-20 -4.084174e-20 2.568659e+01
415000 1.629787e-21 -3.611145e-20 -3.448167e-20 2.360900e+02
416000 5.201622e-22 -3.995327e-20 -3.943310e-20 7.535039e+01
417000 1.197417e-21 -3.903730e-20 -3.783989e-20 1.734571e+02
418000 1.931872e-21 -3.892139e-20 -3.698951e-20 2.798499e+02
419000 4.291016e-22 -3.015924e-20 -2.973014e-20 6.215940e+01
420000 2.100937e-22 -4.078385e-20 -4.057375e-20 3.043405e+01
421000 3.300792e-21 -3.687069e-20 -3.356990e-20 4.781508e+02
422000 1.852832e-21 -4.049513e-20 -3.864230e-20 2.684002e+02
423000 5.215136e-22 -4.078609e-20 -4.026458e-20 7.554615e+01
424000 2.334426e-22 -3.810961e-20 -3.787617e-20 3.381635e+01
425000 8.648603e-24 -3.194044e-20 -3.193179e-20 1.252832e+00
426000 9.447227e-22 -3.734364e-20 -3.639892e-20 1.368520e+02
427000 4.956138e-22 -3.604096e-20 -3.554535e-20 7.179432e+01
428000 3.042229e-21 -4.088360e-20 -3.784137e-20 4.406954e+02
429000 1.759972e-21 -3.133868e-20 -2.957871e-20 2.549486e+02
430000 2.296746e-22 -4.104373e-20 -4.081405e-20 3.327053e+01
431000 2.871159e-21 -3.275162e-20 -2.988046e-20 4.159144e+02
432000 3.586694e-23 -4.091247e-20 -4.087660e-20 5.195664e+00
433000 7.737327e-22 -3.904022e-20 -3.826648e-20 1.120825e+02
434000 2.193710e-21 -3.976899e-20 -3.757528e-20 3.177795e+02
435000 4.994707e-24 -3.999509e-20 -3.999009e-20 7.235304e-01
436000 5.698129e-21 -3.852344e-20 -3.282531e-20 8.254276e+02
437000 7.733729e-22 -4.001734e-20 -3.924396e-20 1.120303e+02
438000 3.398050e-25 -3.959179e-20 -3.959145e-20 4.922396e-02
439000 1.078897e-22 -3.948215e-20 -3.937426e-20 1.562884e+01
440000 2.030944e-24 -3.598488e-20 -3.598285e-20 2.942013e-01
441000 1.783237e-21 -3.808911e-20 -3.630587e-20 2.583187e+02
442000 2.391930e-21 -3.861293e-20 -3.622100e-20 3.464936e+02
443000 2.120536e-21 -4.109516e-20 -3.897462e-20 3.071795e+02
444000 5.331764e-22 -2.893712e-20 -2.840394e-20 7.723561e+01
445000 5.001019e-22 -4.107403e-20 -4.057393e-20 7.244447e+01
446000 8.392961e-21 -3.551253e-20 -2.711957e-20 1.215799e+03
447000 2.012910e-21 -3.958432e-20 -3.757140e-20 2.915890e+02
448000 7.488771e-22 -3.280250e-20 -3.205362e-20 1.084819e+02
449000 3.261807e-24 -4.078730e-20 -4.078404e-20 4.725034e-01
450000 1.468750e-21 -4.048143e-20 -3.901268e-20 2.127623e+02
451000 4.420732e-22 -4.062565e-20 -4.018357e-20 6.403846e+01
452000 4.098491e-22 -3.969240e-20 -3.928255e-20 5.937049e+01
453000 1.319035e-21 -4.033959e-20 -3.902056e-20 1.910746e+02
454000 2.979540e-22 -4.054582e-20 -4.024787e-20 4.316145e+01
455000 1.958882e-22 -4.038078e-20 -4.018490e-20 2.837625e+01
456000 1.080660e-21 -3.794438e-20 -3.686372e-20 1.565438e+02
457000 5.749090e-22 -4.100064e-20 -4.042573e-20 8.328098e+01
458000 4.708691e-21 -4.050210e-20 -3.579341e-20 6.820982e+02
459000 6.727811e-23 -4.091626e-20 -4.084899e-20 9.745868e+00
460000 5.256119e-21 -4.033105e-20 -3.507493e-20 7.613983e+02
461000 3.034836e-23 -3.796690e-20 -3.793655e-20 4.396246e+00
462000 1.020577e-22 -4.014642e-20 -4.004437e-20 1.478402e+01
463000 1.115022e-23 -3.650875e-20 -3.649760e-20 1.615215e+00
464000 4.263104e-22 -4.100391e-20 -4.057760e-20 6.175508e+01
465000 1.046933e-21 -3.898637e-20 -3.793943e-20 1.516581e+02
466000 5.262390e-21 -4.044811e-20 -3.518572e-20 7.623067e+02
467000 1.101682e-20 -4.020728e-20 -2.919047e-20 1.595889e+03
468000 2.688508e-22 -4.109444e-20 -4.082559e-20 3.894557e+01
469000 5.188485e-22 -4.106562e-20 -4.054677e-20 7.516008e+01
470000 1.067135e-21 -4.009765e-20 -3.903051e-20 1.545846e+02
471000 1.421070e-21 -3.884226e-20 -3.742119e-20 2.058554e+02
472000 2.153294e-22 -3.416188e-20 -3.394655e-20 3.119249e+01
473000 2.202164e-22 -4.044431e-20 -4.022410e-20 3.190042e+01
474000 8.313516e-22 -3.877041e-20 -3.793906e-20 1.204291e+02
475000 3.532969e-21 -3.987454e-20 -3.634157e-20 5.117838e+02
476000 2.215292e-26 -4.041812e-20 -4.041810e-20 3.209058e-03
477000 4.819960e-21 -3.267245e-20 -2.785249e-20 6.982165e+02
478000 6.671189e-22 -4.061455e-20 -3.994743e-20 9.663846e+01
479000 9.509064e-22 -3.916044e-20 -3.820954e-20 1.377477e+02
480000 1.204912e-21 -3.835803e-20 -3.715312e-20 1.745429e+02
481000 7.478399e-21 -4.100349e-20 -3.352509e-20 1.083316e+03
482000 1.169875e-20 -3.828482e-20 -2.658608e-20 1.694673e+03
483000 3.229610e-22 -4.105970e-20 -4.073674e-20 4.678394e+01
484000 2.760575e-21 -4.012740e-20 -3.736682e-20 3.998953e+02
485000 1.757350e-22 -3.768995e-20 -3.751421e-20 2.545687e+01
486000 3.553050e-23 -4.058778e-20 -4.055225e-20 5.146928e+00
487000 2.192755e-21 -3.890632e-20 -3.671356e-20 3.176412e+02
488000 2.993635e-22 -4.073503e-20 -4.043567e-20 4.336562e+01
489000 2.979376e-21 -3.518031e-20 -3.220094e-20 4.315906e+02
490000 8.245458e-24 -3.963310e-20 -3.962486e-20 1.194432e+00
491000 3.971722e-21 -4.082097e-20 -3.684925e-20 5.753414e+02
492000 5.356270e-21 -3.894206e-20 -3.358579e-20 7.759060e+02
493000 1.714373e-20 -3.858311e-20 -2.143938e-20 2.483431e+03
494000 1.593155e-21 -4.095485e-20 -3.936169e-20 2.307835e+02
495000 4.897471e-22 -3.966596e-20 -3.917622e-20 7.094448e+01
496000 2.356885e-21 -3.886911e-20 -3.651223e-20 3.414169e+02
497000 1.456944e-21 -3.824863e-20 -3.679168e-20 2.110521e+02
498000 3.870752e-22 -4.067566e-20 -4.028859e-20 5.607149e+01
499000 7.660133e-22 -4.084372e-20 -4.007770e-20 1.109642e+02
500000 4.673923e-21 -4.109997e-20 -3.642605e-20 6.770617e+02
501000 8.018477e-22 -3.277834e-20 -3.197649e-20 1.161552e+02
502000 5.862779e-21 -4.099565e-20 -3.513287e-20 8.492787e+02
503000 1.451564e-22 -3.991337e-20 -3.976822e-20 2.102726e+01
504000 1.075726e-21 -4.075036e-20 -3.967464e-20 1.558290e+02
505000 1.014151e-22 -4.007917e-20 -3.997776e-20 1.469093e+01
506000 6.133594e-21 -3.967727e-20 -3.354368e-20 8.885089e+02
507000 1.912228e-21 -4.056425e-20 -3.865202e-20 2.770041e+02
508000 1.713567e-22 -3.803067e-20 -3.785932e-20 2.482263e+01
509000 3.133537e-24 -4.085166e-20 -4.084852e-20 4.539224e-01
510000 4.415476e-21 -4.044477e-20 -3.602930e-20 6.396233e+02
511000 1.823772e-22 -4.093978e-20 -4.075741e-20 2.641906e+01
512000 5.872183e-23 -3.693515e-20 -3.687643e-20 8.506409e+00
513000 1.286035e-21 -4.106633e-20 -3.978029e-20 1.862943e+02
514000 2.807967e-22 -3.999529e-20 -3.971449e-20 4.067604e+01
515000 1.096483e-21 -4.089853e-20 -3.980204e-20 1.588359e+02
516000 5.271551e-22 -4.108121e-20 -4.055406e-20 7.636338e+01
517000 1.226522e-20 -4.093065e-20 -2.866543e-20 1.776733e+03
518000 1.126676e-21 -4.070090e-20 -3.957423e-20 1.632096e+02
519000 4.215390e-22 -3.655411e-20 -3.613257e-20 6.106389e+01
520000 4.344023e-21 -3.536840e-20 -3.102438e-20 6.292726e+02
521000 6.487345e-22 -4.023760e-20 -3.958887e-20 9.397529e+01
522000 2.500234e-21 -4.074437e-20 -3.824414e-20 3.621824e+02
523000 5.252746e-24 -4.100145e-20 -4.099620e-20 7.609097e-01
524000 4.100661e-21 -3.911755e-20 -3.501688e-20 5.940193e+02
525000 1.912799e-21 -3.912321e-20 -3.721041e-20 2.770870e+02
526000 4.197684e-22 -3.927885e-20 -3.885908e-20 6.080741e+01
527000 1.818577e-23 -4.103346e-20 -4.101527e-20 2.634380e+00
528000 7.278628e-22 -4.108634e-20 -4.035848e-20 1.054378e+02
529000 7.923309e-21 -4.066772e-20 -3.274441e-20 1.147766e+03
530000 2.714475e-23 -4.079947e-20 -4.077233e-20 3.932172e+00
531000 1.686748e-21 -4.006272e-20 -3.837597e-20 2.443414e+02
532000 4.803622e-23 -4.038017e-20 -4.033213e-20 6.958498e+00
533000 9.854255e-22 -4.068919e-20 -3.970377e-20 1.427482e+02
534000 7.974577e-22 -3.173868e-20 -3.094122e-20 1.155193e+02
535000 3.554173e-22 -4.037198e-20 -4.001656e-20 5.148554e+01
536000 4.187297e-24 -3.522644e-20 -3.522225e-20 6.065693e-01
537000 4.191002e-21 -4.062959e-20 -3.643858e-20 6.071061e+02
538000 3.454896e-24 -4.090474e-20 -4.090128e-20 5.004742e-01
539000 4.077456e-21 -3.169005e-20 -2.761259e-20 5.906579e+02
540000 6.624604e-22 -3.963620e-20 -3.897374e-20 9.596362e+01
541000 2.481180e-21 -4.109888e-20 -3.861770e-20 3.594223e+02
542000 3.628803e-22 -4.097033e-20 -4.060745e-20 5.256663e+01
543000 1.400515e-21 -4.106761e-20 -3.966710e-20 2.028778e+02
544000 2.594460e-22 -4.109611e-20 -4.083667e-20 3.758319e+01
545000 1.474310e-21 -3.531816e-20 -3.384385e-20 2.135677e+02
546000 3.141047e-21 -3.502051e-20 -3.187946e-20 4.550102e+02
547000 1.153012e-21 -4.049351e-20 -3.934050e-20 1.670247e+02
548000 1.272202e-21 -3.977508e-20 -3.850288e-20 1.842904e+02
549000 7.912899e-22 -3.953295e-20 -3.874166e-20 1.146258e+02
550000 4.012618e-21 -4.102256e-20 -3.700994e-20 5.812655e+02
551000 8.562635e-22 -4.073177e-20 -3.987550e-20 1.240378e+02
552000 3.346356e-21 -3.320863e-20 -2.986227e-20 4.847512e+02
553000 5.406263e-21 -4.071703e-20 -3.531077e-20 7.831480e+02
554000 6.676912e-22 -3.283366e-20 -3.216597e-20 9.672135e+01
555000 4.053492e-21 -3.919028e-20 -3.513679e-20 5.871865e+02
556000 2.388105e-21 -3.893403e-20 -3.654593e-20 3.459394e+02
557000 7.526104e-22 -3.894217e-20 -3.818956e-20 1.090227e+02
558000 1.246412e-28 -4.107032e-20 -4.107032e-20 1.805545e-05
559000 3.496185e-21 -4.023661e-20 -3.674043e-20 5.064553e+02
560000 1.613905e-20 -4.109979e-20 -2.496074e-20 2.337893e+03
561000 1.968370e-21 -3.699515e-20 -3.502678e-20 2.851369e+02
562000 1.317123e-21 -3.687112e-20 -3.555400e-20 1.907977e+02
563000 1.725714e-21 -4.019664e-20 -3.847093e-20 2.499859e+02
564000 1.955077e-21 -3.865559e-20 -3.670051e-20 2.832112e+02
565000 8.884970e-23 -3.577165e-20 -3.568280e-20 1.287072e+01
566000 2.772031e-24 -3.741497e-20 -3.741220e-20 4.015548e-01
567000 2.251778e-24 -4.037446e-20 -4.037221e-20 3.261913e-01
568000 2.499114e-21 -4.109966e-20 -3.860055e-20 3.620201e+02
569000 5.779610e-22 -4.051028e-20 -3.993232e-20 8.372309e+01
570000 4.998797e-21 -3.939256e-20 -3.439376e-20 7.241228e+02
571000 4.579837e-21 -3.950556e-20 -3.492573e-20 6.634325e+02
572000 2.807567e-22 -3.988768e-20 -3.960692e-20 4.067026e+01
573000 4.776871e-22 -3.521603e-20 -3.473834e-20 6.919747e+01
574000 6.086389e-23 -4.060952e-20 -4.054865e-20 8.816707e+00
575000 7.175649e-22 -3.427815e-20 -3.356059e-20 1.039460e+02
576000 8.300224e-21 -4.012425e-20 -3.182403e-20 1.202365e+03
577000 3.709753e-21 -3.320202e-20 -2.949227e-20 5.373926e+02
578000 1.302036e-21 -3.744877e-20 -3.614673e-20 1.886121e+02
579000 4.925005e-24 -4.074739e-20 -4.074247e-20 7.134334e-01
580000 6.490430e-21 -3.950332e-20 -3.301290e-20 9.401998e+02
581000 3.721933e-22 -4.098419e-20 -4.061200e-20 5.391570e+01
582000 2.148763e-21 -4.018614e-20 -3.803737e-20 3.112685e+02
583000 6.596551e-22 -3.701665e-20 -3.635699e-20 9.555725e+01
584000 2.265584e-23 -3.251546e-20 -3.249280e-20 3.281912e+00
585000 1.079410e-21 -4.084452e-20 -3.976511e-20 1.563627e+02
586000 9.563412e-22 -4.076110e-20 -3.980476e-20 1.385350e+02
587000 9.472951e-22 -4.097783e-20 -4.003054e-20 1.372246e+02
588000 6.000251e-21 -3.893564e-20 -3.293539e-20 8.691928e+02
589000 3.427856e-22 -3.972341e-20 -3.938063e-20 4.965572e+01
590000 1.297848e-24 -4.069007e-20 -4.068877e-20 1.880055e-01
591000 1.051805e-21 -4.064998e-20 -3.959818e-20 1.523639e+02
592000 3.192010e-21 -3.925329e-20 -3.606128e-20 4.623927e+02
593000 3.462214e-21 -3.450302e-20 -3.104081e-20 5.015343e+02
594000 3.908928e-21 -3.981999e-20 -3.591106e-20 5.662450e+02
595000 7.793726e-22 -4.086053e-20 -4.008116e-20 1.128995e+02
596000 3.406682e-21 -4.095672e-20 -3.755004e-20 4.934900e+02
597000 3.695602e-22 -3.721515e-20 -3.684559e-20 5.353427e+01
598000 1.109325e-21 -3.986489e-20 -3.875556e-20 1.606962e+02
599000 3.044225e-21 -4.109827e-20 -3.805405e-20 4.409846e+02
600000 1.141013e-21 -4.006402e-20 -3.892301e-20 1.652865e+02
601000 4.007744e-21 -3.171510e-20 -2.770736e-20 5.805594e+02
602000 1.239019e-21 -4.069548e-20 -3.945647e-20 1.794835e+02
603000 2.678771e-21 -4.109500e-20 -3.841623e-20 3.880452e+02
604000 1.805943e-22 -4.076197e-20 -4.058138e-20 2.616078e+01
605000 5.587940e-22 -3.466748e-20 -3.410869e-20 8.094657e+01
606000 3.402594e-22 -3.996519e-20 -3.962493e-20 4.928978e+01
607000 3.745801e-22 -4.107207e-20 -4.069749e-20 5.426145e+01
608000 4.682042e-21 -3.997726e-20 -3.529521e-20 6.782379e+02
609000 9.759898e-22 -4.044567e-20 -3.946968e-20 1.413813e+02
610000 4.097736e-21 -4.109429e-20 -3.699656e-20 5.935957e+02
611000 1.279051e-23 -4.063953e-20 -4.062674e-20 1.852825e+00
612000 1.960857e-23 -3.942449e-20 -3.940488e-20 2.840486e+00
613000 6.281585e-22 -4.063335e-20 -4.000519e-20 9.099467e+01
614000 1.127107e-21 -3.996123e-20 -3.883412e-20 1.632721e+02
615000 2.571344e-22 -3.660950e-20 -3.635237e-20 3.724833e+01
616000 5.201856e-22 -4.042858e-20 -3.990840e-20 7.535378e+01
617000 1.764765e-22 -3.993785e-20 -3.976137e-20 2.556428e+01
618000 4.466690e-24 -4.107196e-20 -4.106749e-20 6.470421e-01
619000 1.142018e-20 -4.109995e-20 -2.967977e-20 1.654321e+03
620000 1.302485e-22 -4.105670e-20 -4.092645e-20 1.886772e+01
621000 5.093560e-21 -3.869590e-20 -3.360234e-20 7.378500e+02
622000 5.564697e-22 -3.781937e-20 -3.726290e-20 8.060987e+01
623000 1.045234e-21 -4.063837e-20 -3.959314e-20 1.514119e+02
624000 1.782824e-21 -3.861401e-20 -3.683119e-20 2.582588e+02
625000 2.521100e-21 -4.063436e-20 -3.811326e-20 3.652051e+02
626000 7.722189e-22 -4.060363e-20 -3.983141e-20 1.118632e+02
627000 1.382789e-21 -4.095172e-20 -3.956893e-20 2.003100e+02
628000 2.528441e-22 -4.023499e-20 -3.998214e-20 3.662684e+01
629000 1.417783e-21 -3.878553e-20 -3.736775e-20 2.053792e+02
630000 1.031170e-21 -3.875613e-20 -3.772496e-20 1.493747e+02
631000 2.120457e-21 -3.895066e-20 -3.683020e-20 3.071682e+02
632000 1.397565e-21 -3.966387e-20 -3.826631e-20 2.024504e+02
633000 1.389960e-22 -3.539988e-20 -3.526088e-20 2.013487e+01
634000 5.744501e-22 -3.958410e-20 -3.900965e-20 8.321450e+01
635000 1.059063e-24 -4.014202e-20 -4.014096e-20 1.534153e-01
636000 1.358432e-20 -4.005865e-20 -2.647433e-20 1.967816e+03
637000 3.086243e-21 -4.107386e-20 -3.798761e-20 4.470714e+02
638000 1.322797e-21 -4.047999e-20 -3.915719e-20 1.916196e+02
639000 9.716873e-25 -4.041795e-20 -4.041698e-20 1.407580e-01
640000 5.908200e-22 -4.027299e-20 -3.968217e-20 8.558583e+01
641000 1.383204e-23 -3.755689e-20 -3.754306e-20 2.003701e+00
642000 1.968041e-21 -2.921679e-20 -2.724875e-20 2.850893e+02
643000 3.563243e-21 -4.088555e-20 -3.732231e-20 5.161693e+02
644000 4.195134e-22 -4.033171e-20 -3.991220e-20 6.077046e+01
645000 1.549764e-23 -4.076641e-20 -4.075091e-20 2.244979e+00
646000 9.461101e-22 -4.028817e-20 -3.934206e-20 1.370529e+02
647000 1.429097e-22 -4.087253e-20 -4.072962e-20 2.070181e+01
648000 9.840018e-22 -4.086761e-20 -3.988360e-20 1.425419e+02
649000 2.441063e-20 -4.075912e-20 -1.634848e-20 3.536110e+03
650000 1.121401e-21 -3.038975e-20 -2.926835e-20 1.624455e+02
651000 2.853436e-22 -3.976542e-20 -3.948008e-20 4.133471e+01
652000 5.557850e-21 -4.046133e-20 -3.490348e-20 8.051069e+02
653000 1.602833e-21 -4.106703e-20 -3.946420e-20 2.321855e+02
654000 4.975110e-23 -3.795674e-20 -3.790699e-20 7.206915e+00
655000 1.308070e-23 -4.108610e-20 -4.107302e-20 1.894863e+00
656000 2.165972e-21 -4.080421e-20 -3.863823e-20 3.137615e+02
657000 2.249364e-22 -4.100498e-20 -4.078004e-20 3.258415e+01
658000 1.068042e-21 -3.971614e-20 -3.864809e-20 1.547159e+02
659000 7.949996e-21 -3.973234e-20 -3.178235e-20 1.151632e+03
660000 1.662998e-21 -4.109410e-20 -3.943110e-20 2.409009e+02
661000 7.513212e-22 -4.109653e-20 -4.034521e-20 1.088360e+02
662000 1.557270e-21 -3.711259e-20 -3.555532e-20 2.255852e+02
663000 4.411836e-22 -4.088757e-20 -4.044639e-20 6.390959e+01
664000 9.626478e-23 -4.109786e-20 -4.100159e-20 1.394486e+01
665000 5.492488e-23 -4.074376e-20 -4.068883e-20 7.956386e+00
666000 1.211649e-21 -4.109313e-20 -3.988149e-20 1.755188e+02
667000 5.790562e-21 -4.109959e-20 -3.530903e-20 8.388173e+02
668000 7.028917e-23 -3.950495e-20 -3.943466e-20 1.018205e+01
669000 2.338432e-22 -4.015120e-20 -3.991735e-20 3.387439e+01
670000 1.127343e-23 -3.792982e-20 -3.791854e-20 1.633062e+00
671000 2.570290e-21 -4.105526e-20 -3.848496e-20 3.723308e+02
672000 3.053726e-20 -3.740375e-20 -6.866482e-21 4.423610e+03
673000 3.406970e-21 -4.056284e-20 -3.715587e-20 4.935317e+02
674000 2.539434e-23 -4.082567e-20 -4.080028e-20 3.678609e+00
675000 2.102920e-21 -3.416150e-20 -3.205858e-20 3.046277e+02
676000 1.172460e-21 -4.104821e-20 -3.987576e-20 1.698418e+02
677000 3.241863e-21 -3.682934e-20 -3.358747e-20 4.696144e+02
678000 1.289914e-21 -4.107484e-20 -3.978493e-20 1.868562e+02
679000 9.576305e-22 -3.863279e-20 -3.767516e-20 1.387218e+02
680000 1.534412e-21 -4.063535e-20 -3.910094e-20 2.222740e+02
681000 2.039656e-21 -4.109648e-20 -3.905683e-20 2.954633e+02
682000 1.009721e-21 -4.011374e-20 -3.910402e-20 1.462675e+02
683000 1.951648e-22 -4.102191e-20 -4.082675e-20 2.827146e+01
684000 5.227566e-21 -3.059583e-20 -2.536826e-20 7.572621e+02
685000 1.523370e-21 -4.093322e-20 -3.940985e-20 2.206745e+02
686000 7.253383e-22 -3.437707e-20 -3.365173e-20 1.050721e+02
687000 3.804826e-22 -3.597200e-20 -3.559152e-20 5.511648e+01
688000 6.003630e-21 -4.094293e-20 -3.493929e-20 8.696824e+02
689000 2.209477e-21 -4.088282e-20 -3.867334e-20 3.200636e+02
690000 3.608691e-21 -3.757237e-20 -3.396368e-20 5.227529e+02
691000 2.145890e-22 -4.073591e-20 -4.052132e-20 3.108524e+01
692000 1.044019e-20 -4.071040e-20 -3.027021e-20 1.512360e+03
693000 2.155191e-21 -4.035809e-20 -3.820290e-20 3.121997e+02
694000 2.028344e-23 -3.283800e-20 -3.281772e-20 2.938247e+00
695000 1.210592e-25 -4.084669e-20 -4.084657e-20 1.753657e-02
696000 9.438370e-22 -4.011650e-20 -3.917266e-20 1.367237e+02
697000 7.501189e-22 -4.046219e-20 -3.971208e-20 1.086618e+02
698000 4.250611e-22 -3.518437e-20 -3.475931e-20 6.157410e+01
699000 1.111924e-20 -3.831236e-20 -2.719312e-20 1.610727e+03
700000 1.897336e-21 -3.823625e-20 -3.633891e-20 2.748470e+02
701000 1.155469e-21 -3.769288e-20 -3.653741e-20 1.673806e+02
702000 2.733437e-23 -3.851033e-20 -3.848299e-20 3.959640e+00
703000 3.675270e-22 -4.078607e-20 -4.041855e-20 5.323974e+01
704000 2.741108e-21 -4.032664e-20 -3.758554e-20 3.970753e+02
705000 2.335513e-22 -4.109213e-20 -4.085858e-20 3.383210e+01
706000 2.089661e-22 -4.051648e-20 -4.030752e-20 3.027070e+01
707000 6.768253e-22 -4.108361e-20 -4.040679e-20 9.804451e+01
708000 1.136017e-20 -4.060466e-20 -2.924449e-20 1.645627e+03
709000 3.240009e-23 -4.075877e-20 -4.072637e-20 4.693458e+00
710000 9.314622e-22 -3.918230e-20 -3.825084e-20 1.349311e+02
711000 7.251162e-22 -3.837904e-20 -3.765392e-20 1.050399e+02
712000 7.757715e-22 -4.107182e-20 -4.029605e-20 1.123778e+02
713000 5.659155e-22 -4.019865e-20 -3.963273e-20 8.197818e+01
714000 9.207050e-23 -3.810653e-20 -3.801446e-20 1.333728e+01
715000 3.391652e-21 -4.022183e-20 -3.683018e-20 4.913127e+02
716000 1.461280e-24 -3.665406e-20 -3.665260e-20 2.116801e-01
717000 6.589425e-22 -4.109995e-20 -4.044100e-20 9.545401e+01
718000 1.601017e-22 -4.021941e-20 -4.005931e-20 2.319223e+01
719000 4.478896e-23 -4.104135e-20 -4.099656e-20 6.488103e+00
720000 4.622718e-22 -3.829322e-20 -3.783095e-20 6.696442e+01
721000 1.225661e-21 -4.005255e-20 -3.882689e-20 1.775485e+02
722000 1.008854e-22 -2.167017e-20 -2.156929e-20 1.461419e+01
723000 1.711300e-23 -4.109989e-20 -4.108278e-20 2.478978e+00
724000 7.090623e-22 -4.082376e-20 -4.011470e-20 1.027143e+02
725000 4.322283e-22 -3.956269e-20 -3.913046e-20 6.261233e+01
726000 3.164945e-22 -4.092276e-20 -4.060626e-20 4.584721e+01
727000 7.141696e-22 -4.069658e-20 -3.998241e-20 1.034542e+02
728000 7.304574e-21 -4.109597e-20 -3.379139e-20 1.058136e+03
729000 7.524440e-21 -3.760575e-20 -3.008131e-20 1.089986e+03
730000 2.028300e-21 -4.033263e-20 -3.830433e-20 2.938183e+02
731000 4.065517e-21 -4.047639e-20 -3.641088e-20 5.889284e+02
732000 1.484261e-21 -4.104627e-20 -3.956201e-20 2.150092e+02
733000 3.662336e-22 -2.791845e-20 -2.755221e-20 5.305238e+01
734000 2.115544e-21 -4.109961e-20 -3.898406e-20 3.064564e+02
735000 2.114467e-21 -3.948110e-20 -3.736663e-20 3.063004e+02
736000 2.760291e-22 -4.109712e-20 -4.082109e-20 3.998541e+01
737000 3.832591e-21 -4.101568e-20 -3.718308e-20 5.551869e+02
738000 1.389817e-20 -3.724042e-20 -2.334225e-20 2.013281e+03
739000 1.539964e-21 -3.948336e-20 -3.794339e-20 2.230783e+02
740000 4.423502e-22 -3.918988e-20 -3.874753e-20 6.407858e+01
741000 1.667854e-22 -4.101099e-20 -4.084420e-20 2.416043e+01
742000 2.235282e-21 -4.063860e-20 -3.840331e-20 3.238017e+02
743000 1.234215e-21 -4.003942e-20 -3.880521e-20 1.787877e+02
744000 4.604117e-22 -3.990609e-20 -3.944568e-20 6.669496e+01
745000 5.574093e-24 -4.109971e-20 -4.109414e-20 8.074599e-01
746000 2.164838e-22 -3.114690e-20 -3.093042e-20 3.135971e+01
747000 1.000938e-22 -4.109010e-20 -4.099000e-20 1.449953e+01
748000 4.837135e-22 -4.051032e-20 -4.002661e-20 7.007045e+01
749000 3.584814e-23 -3.875001e-20 -3.871416e-20 5.192940e+00
750000 2.054896e-21 -4.087832e-20 -3.882342e-20 2.976710e+02
751000 2.299404e-21 -4.097290e-20 -3.867349e-20 3.330904e+02
752000 6.715120e-21 -4.095920e-20 -3.424408e-20 9.727483e+02
753000 1.590666e-22 -4.046890e-20 -4.030984e-20 2.304230e+01
754000 6.468741e-23 -3.985044e-20 -3.978575e-20 9.370579e+00
755000 5.046322e-24 -3.941687e-20 -3.941182e-20 7.310073e-01
756000 5.399068e-23 -3.613489e-20 -3.608090e-20 7.821058e+00
757000 6.309285e-23 -3.360913e-20 -3.354604e-20 9.139593e+00
758000 3.796427e-21 -4.053243e-20 -3.673601e-20 5.499482e+02
759000 1.069847e-21 -4.059112e-20 -3.952127e-20 1.549774e+02
760000 4.718655e-22 -3.646789e-20 -3.599603e-20 6.835415e+01
761000 1.169127e-20 -4.071549e-20 -2.902422e-20 1.693590e+03
762000 7.434501e-23 -4.104353e-20 -4.096919e-20 1.076957e+01
763000 4.225795e-22 -4.002601e-20 -3.960343e-20 6.121462e+01
764000 3.663111e-24 -4.083432e-20 -4.083066e-20 5.306362e-01
765000 2.618378e-24 -4.105232e-20 -4.104970e-20 3.792966e-01
766000 8.929787e-24 -4.108885e-20 -4.107992e-20 1.293564e+00
767000 4.111527e-21 -3.708315e-20 -3.297162e-20 5.955934e+02
768000 1.090858e-20 -3.638958e-20 -2.548100e-20 1.580211e+03
769000 6.254096e-21 -3.027651e-20 -2.402241e-20 9.059646e+02
770000 6.612261e-21 -4.107967e-20 -3.446741e-20 9.578482e+02
771000 3.938404e-21 -4.040560e-20 -3.646719e-20 5.705148e+02
772000 4.423591e-22 -3.637678e-20 -3.593442e-20 6.407988e+01
773000 2.186045e-21 -4.055320e-20 -3.836716e-20 3.166692e+02
774000 2.495070e-21 -3.850167e-20 -3.600660e-20 3.614344e+02
775000 1.795988e-22 -3.920594e-20 -3.902634e-20 2.601657e+01
776000 3.113197e-22 -4.089222e-20 -4.058090e-20 4.509758e+01
777000 7.817415e-21 -4.023036e-20 -3.241295e-20 1.132426e+03
778000 4.214917e-23 -3.595078e-20 -3.590863e-20 6.105704e+00
779000 3.900223e-21 -4.109099e-20 -3.719077e-20 5.649839e+02
780000 2.146392e-22 -3.770480e-20 -3.749016e-20 3.109251e+01
781000 6.356259e-22 -4.109036e-20 -4.045473e-20 9.207639e+01
782000 4.107540e-21 -3.750546e-20 -3.339792e-20 5.950158e+02
783000 2.984075e-21 -4.067718e-20 -3.769311e-20 4.322713e+02
784000 4.276987e-24 -4.071228e-20 -4.070801e-20 6.195618e-01
785000 2.987705e-22 -3.830641e-20 -3.800764e-20 4.327972e+01
786000 2.144317e-23 -4.033643e-20 -4.031498e-20 3.106245e+00
787000 1.991199e-21 -3.676941e-20 -3.477821e-20 2.884439e+02
788000 4.536548e-23 -4.109941e-20 -4.105405e-20 6.571616e+00
789000 2.538189e-21 -3.577009e-20 -3.323190e-20 3.676806e+02
790000 1.772273e-22 -3.919138e-20 -3.901415e-20 2.567305e+01
791000 2.442638e-21 -3.524157e-20 -3.279894e-20 3.538391e+02
792000 6.856549e-23 -4.109943e-20 -4.103086e-20 9.932357e+00
793000 1.549787e-22 -3.717121e-20 -3.701623e-20 2.245013e+01
794000 4.548093e-22 -4.086236e-20 -4.040755e-20 6.588340e+01
795000 4.941643e-21 -4.072349e-20 -3.578185e-20 7.158435e+02
796000 4.096562e-21 -3.975372e-20 -3.565716e-20 5.934256e+02
797000 9.644856e-22 -3.997784e-20 -3.901336e-20 1.397148e+02
798000 3.383497e-22 -3.834504e-20 -3.800669e-20 4.901314e+01
799000 9.781592e-22 -3.719063e-20 -3.621247e-20 1.416956e+02
800000 9.655848e-22 -3.873361e-20 -3.776802e-20 1.398740e+02
801000 2.199076e-22 -3.304735e-20 -3.282745e-20 3.185568e+01
802000 2.251080e-22 -3.776814e-20 -3.754303e-20 3.260902e+01
803000 3.351327e-22 -3.977869e-20 -3.944356e-20 4.854713e+01
804000 1.503124e-21 -3.834443e-20 -3.684130e-20 2.177416e+02
805000 2.987147e-22 -4.101324e-20 -4.071453e-20 4.327164e+01
806000 1.778765e-22 -4.099988e-20 -4.082200e-20 2.576709e+01
807000 3.362719e-21 -3.586036e-20 -3.249764e-20 4.871214e+02
808000 1.927428e-21 -4.042067e-20 -3.849324e-20 2.792061e+02
809000 5.391189e-22 -4.108352e-20 -4.054440e-20 7.809644e+01
810000 3.618991e-22 -4.053222e-20 -4.017032e-20 5.242449e+01
811000 1.755854e-22 -3.662863e-20 -3.645305e-20 2.543519e+01
812000 7.901317e-22 -3.913131e-20 -3.834118e-20 1.144580e+02
813000 1.168421e-21 -4.086021e-20 -3.969179e-20 1.692567e+02
814000 1.851966e-21 -3.714307e-20 -3.529111e-20 2.682747e+02
815000 8.312330e-22 -4.095279e-20 -4.012156e-20 1.204119e+02
816000 1.742984e-21 -4.109384e-20 -3.935085e-20 2.524876e+02
817000 2.315448e-21 -4.109934e-20 -3.878390e-20 3.354145e+02
818000 3.130849e-22 -4.062719e-20 -4.031410e-20 4.535329e+01
819000 4.674775e-22 -4.069379e-20 -4.022631e-20 6.771851e+01
820000 1.233880e-21 -3.828558e-20 -3.705170e-20 1.787391e+02
821000 2.237762e-22 -4.108510e-20 -4.086133e-20 3.241608e+01
822000 2.105545e-22 -3.876410e-20 -3.855354e-20 3.050080e+01
823000 2.595948e-21 -4.092310e-20 -3.832715e-20 3.760475e+02
824000 1.237551e-21 -3.640655e-20 -3.516900e-20 1.792709e+02
825000 7.876164e-22 -3.466852e-20 -3.388091e-20 1.140937e+02
826000 1.782773e-21 -3.910970e-20 -3.732692e-20 2.582514e+02
827000 2.366854e-21 -3.120505e-20 -2.883819e-20 3.428611e+02
828000 2.796906e-21 -4.065816e-20 -3.786125e-20 4.051582e+02
829000 1.185634e-24 -4.026015e-20 -4.025896e-20 1.717503e-01
830000 2.002643e-23 -4.025339e-20 -4.023337e-20 2.901017e+00
831000 7.166185e-22 -2.559257e-20 -2.487596e-20 1.038089e+02
832000 8.712796e-22 -4.020794e-20 -3.933666e-20 1.262131e+02
833000 3.172803e-21 -3.964435e-20 -3.647154e-20 4.596103e+02
834000 3.939504e-22 -4.089752e-20 -4.050357e-20 5.706742e+01
835000 2.515534e-21 -3.661108e-20 -3.409555e-20 3.643988e+02
836000 3.179613e-22 -3.907982e-20 -3.876186e-20 4.605968e+01
837000 7.233715e-21 -4.036233e-20 -3.312861e-20 1.047872e+03
838000 2.443940e-21 -3.239994e-20 -2.995600e-20 3.540277e+02
839000 2.627561e-21 -4.068998e-20 -3.806242e-20 3.806269e+02
840000 1.110043e-22 -4.093723e-20 -4.082623e-20 1.608002e+01
841000 8.989494e-22 -4.087069e-20 -3.997174e-20 1.302213e+02
842000 1.580296e-21 -3.829452e-20 -3.671422e-20 2.289208e+02
843000 4.606660e-22 -4.109405e-20 -4.063338e-20 6.673181e+01
844000 3.004849e-22 -4.091135e-20 -4.061086e-20 4.352806e+01
845000 9.985086e-23 -4.104099e-20 -4.094114e-20 1.446434e+01
846000 5.128071e-22 -3.961746e-20 -3.910465e-20 7.428494e+01
847000 5.611292e-21 -4.058791e-20 -3.497662e-20 8.128485e+02
848000 1.862202e-21 -3.704914e-20 -3.518694e-20 2.697575e+02
849000 4.346142e-22 -4.027118e-20 -3.983657e-20 6.295796e+01
850000 1.496308e-22 -3.636869e-20 -3.621906e-20 2.167543e+01
851000 4.727299e-22 -4.028025e-20 -3.980752e-20 6.847937e+01
852000 1.671532e-22 -4.106678e-20 -4.089963e-20 2.421371e+01
853000 6.573334e-22 -3.771452e-20 -3.705718e-20 9.522093e+01
854000 1.236737e-21 -3.911030e-20 -3.787356e-20 1.791530e+02
855000 9.675841e-24 -3.999227e-20 -3.998260e-20 1.401637e+00
856000 2.896572e-21 -4.006514e-20 -3.716857e-20 4.195958e+02
857000 2.262826e-23 -4.023827e-20 -4.021564e-20 3.277917e+00
858000 1.424338e-21 -4.078638e-20 -3.936204e-20 2.063288e+02
859000 3.259616e-21 -4.108761e-20 -3.782800e-20 4.721860e+02
860000 4.767160e-23 -4.034598e-20 -4.029831e-20 6.905679e+00
861000 1.883736e-21 -4.108620e-20 -3.920247e-20 2.728769e+02
862000 9.316668e-22 -3.084514e-20 -2.991347e-20 1.349607e+02
863000 2.705172e-26 -3.554551e-20 -3.554548e-20 3.918696e-03
864000 3.599262e-22 -4.036588e-20 -4.000595e-20 5.213870e+01
865000 1.467032e-21 -3.916245e-20 -3.769542e-20 2.125134e+02
866000 3.680195e-22 -3.097210e-20 -3.060408e-20 5.331109e+01
867000 2.383427e-22 -3.233608e-20 -3.209774e-20 3.452618e+01
868000 9.968194e-21 -3.969670e-20 -2.972851e-20 1.443987e+03
869000 3.495372e-21 -4.107073e-20 -3.757536e-20 5.063376e+02
870000 9.918394e-22 -4.046969e-20 -3.947785e-20 1.436773e+02
871000 9.014451e-23 -3.733130e-20 -3.724116e-20 1.305828e+01
872000 6.412303e-21 -3.844291e-20 -3.203061e-20 9.288825e+02
873000 8.585775e-21 -4.011134e-20 -3.152557e-20 1.243730e+03
874000 5.274783e-22 -4.109876e-20 -4.057128e-20 7.641020e+01
875000 8.137611e-22 -4.054680e-20 -3.973304e-20 1.178810e+02
876000 4.816133e-23 -4.043003e-20 -4.038187e-20 6.976622e+00
877000 4.810292e-21 -3.968213e-20 -3.487184e-20 6.968161e+02
878000 5.264091e-21 -3.602840e-20 -3.076431e-20 7.625531e+02
879000 2.690808e-21 -3.007797e-20 -2.738716e-20 3.897889e+02
