pX pY pZ 
-1.700443e-13 0.000000e+00 0.000000e+00
6.094672e-14 0.000000e+00 0.000000e+00
-2.066586e-14 0.000000e+00 0.000000e+00
-2.409792e-13 0.000000e+00 0.000000e+00
1.785407e-13 0.000000e+00 0.000000e+00
-1.736028e-13 0.000000e+00 0.000000e+00
1.602064e-13 0.000000e+00 0.000000e+00
9.679908e-14 0.000000e+00 0.000000e+00
2.239532e-13 0.000000e+00 0.000000e+00
-4.294107e-13 0.000000e+00 0.000000e+00
-1.741585e-15 0.000000e+00 0.000000e+00
2.624640e-15 0.000000e+00 0.000000e+00
-6.809536e-14 0.000000e+00 0.000000e+00
-9.272971e-14 0.000000e+00 0.000000e+00
1.203604e-13 0.000000e+00 0.000000e+00
-1.940273e-14 0.000000e+00 0.000000e+00
1.982789e-13 0.000000e+00 0.000000e+00
8.121471e-14 0.000000e+00 0.000000e+00
3.928723e-13 0.000000e+00 0.000000e+00
3.010775e-14 0.000000e+00 0.000000e+00
2.032099e-13 0.000000e+00 0.000000e+00
-3.706235e-14 0.000000e+00 0.000000e+00
-1.617837e-13 0.000000e+00 0.000000e+00
-2.213913e-13 0.000000e+00 0.000000e+00
3.744127e-14 0.000000e+00 0.000000e+00
-1.182542e-13 0.000000e+00 0.000000e+00
-3.122623e-13 0.000000e+00 0.000000e+00
-1.077813e-13 0.000000e+00 0.000000e+00
-4.319832e-13 0.000000e+00 0.000000e+00
-6.932622e-15 0.000000e+00 0.000000e+00
2.369994e-13 0.000000e+00 0.000000e+00
3.501440e-14 0.000000e+00 0.000000e+00
-8.259632e-14 0.000000e+00 0.000000e+00
-3.258814e-13 0.000000e+00 0.000000e+00
-5.803802e-14 0.000000e+00 0.000000e+00
2.631609e-14 0.000000e+00 0.000000e+00
-1.280239e-13 0.000000e+00 0.000000e+00
-1.147591e-13 0.000000e+00 0.000000e+00
2.291089e-13 0.000000e+00 0.000000e+00
-6.952705e-14 0.000000e+00 0.000000e+00
5.499955e-14 0.000000e+00 0.000000e+00
5.453650e-14 0.000000e+00 0.000000e+00
3.362702e-13 0.000000e+00 0.000000e+00
1.812655e-13 0.000000e+00 0.000000e+00
2.515595e-13 0.000000e+00 0.000000e+00
6.511368e-14 0.000000e+00 0.000000e+00
-1.881162e-14 0.000000e+00 0.000000e+00
-8.330058e-14 0.000000e+00 0.000000e+00
-2.334674e-13 0.000000e+00 0.000000e+00
1.926848e-13 0.000000e+00 0.000000e+00
2.410832e-13 0.000000e+00 0.000000e+00
5.257028e-14 0.000000e+00 0.000000e+00
2.921552e-13 0.000000e+00 0.000000e+00
-3.272125e-14 0.000000e+00 0.000000e+00
2.026610e-13 0.000000e+00 0.000000e+00
1.249156e-13 0.000000e+00 0.000000e+00
-5.804789e-16 0.000000e+00 0.000000e+00
1.836798e-15 0.000000e+00 0.000000e+00
-4.152640e-13 0.000000e+00 0.000000e+00
-2.923868e-14 0.000000e+00 0.000000e+00
5.263086e-14 0.000000e+00 0.000000e+00
-9.642462e-14 0.000000e+00 0.000000e+00
3.428656e-15 0.000000e+00 0.000000e+00
3.118824e-13 0.000000e+00 0.000000e+00
-1.039034e-13 0.000000e+00 0.000000e+00
-2.716562e-13 0.000000e+00 0.000000e+00
-1.518208e-14 0.000000e+00 0.000000e+00
-1.019649e-13 0.000000e+00 0.000000e+00
-1.614932e-13 0.000000e+00 0.000000e+00
1.370636e-13 0.000000e+00 0.000000e+00
1.281618e-13 0.000000e+00 0.000000e+00
-1.340353e-13 0.000000e+00 0.000000e+00
3.609734e-15 0.000000e+00 0.000000e+00
-2.813589e-15 0.000000e+00 0.000000e+00
-1.530471e-13 0.000000e+00 0.000000e+00
8.190174e-15 0.000000e+00 0.000000e+00
1.576038e-13 0.000000e+00 0.000000e+00
4.550304e-14 0.000000e+00 0.000000e+00
-2.881055e-13 0.000000e+00 0.000000e+00
2.111640e-13 0.000000e+00 0.000000e+00
2.293165e-13 0.000000e+00 0.000000e+00
1.324171e-13 0.000000e+00 0.000000e+00
-1.222439e-13 0.000000e+00 0.000000e+00
-5.593291e-14 0.000000e+00 0.000000e+00
-1.493992e-13 0.000000e+00 0.000000e+00
-1.078177e-13 0.000000e+00 0.000000e+00
6.831278e-14 0.000000e+00 0.000000e+00
-3.726995e-14 0.000000e+00 0.000000e+00
-2.881613e-14 0.000000e+00 0.000000e+00
8.317473e-14 0.000000e+00 0.000000e+00
-1.711359e-13 0.000000e+00 0.000000e+00
-6.393850e-14 0.000000e+00 0.000000e+00
1.140918e-13 0.000000e+00 0.000000e+00
1.691018e-13 0.000000e+00 0.000000e+00
1.207434e-13 0.000000e+00 0.000000e+00
-5.623601e-14 0.000000e+00 0.000000e+00
5.805506e-14 0.000000e+00 0.000000e+00
2.014462e-13 0.000000e+00 0.000000e+00
-1.476634e-13 0.000000e+00 0.000000e+00
-1.517533e-13 0.000000e+00 0.000000e+00
6.576468e-14 0.000000e+00 0.000000e+00
-1.686433e-13 0.000000e+00 0.000000e+00
-8.663607e-14 0.000000e+00 0.000000e+00
-2.919536e-13 0.000000e+00 0.000000e+00
-1.215212e-13 0.000000e+00 0.000000e+00
1.802628e-13 0.000000e+00 0.000000e+00
-2.955164e-14 0.000000e+00 0.000000e+00
-1.507774e-13 0.000000e+00 0.000000e+00
5.519660e-14 0.000000e+00 0.000000e+00
-4.036060e-14 0.000000e+00 0.000000e+00
1.056238e-13 0.000000e+00 0.000000e+00
7.505851e-14 0.000000e+00 0.000000e+00
5.145324e-14 0.000000e+00 0.000000e+00
8.186838e-14 0.000000e+00 0.000000e+00
-9.542208e-14 0.000000e+00 0.000000e+00
1.756842e-14 0.000000e+00 0.000000e+00
-1.228239e-13 0.000000e+00 0.000000e+00
2.027198e-14 0.000000e+00 0.000000e+00
-4.573653e-14 0.000000e+00 0.000000e+00
2.003175e-13 0.000000e+00 0.000000e+00
-1.731658e-13 0.000000e+00 0.000000e+00
1.670383e-13 0.000000e+00 0.000000e+00
-1.423308e-13 0.000000e+00 0.000000e+00
4.250271e-13 0.000000e+00 0.000000e+00
1.037472e-13 0.000000e+00 0.000000e+00
1.363704e-13 0.000000e+00 0.000000e+00
3.257501e-13 0.000000e+00 0.000000e+00
-2.250976e-13 0.000000e+00 0.000000e+00
1.519992e-13 0.000000e+00 0.000000e+00
-3.059171e-14 0.000000e+00 0.000000e+00
2.380852e-14 0.000000e+00 0.000000e+00
-1.776742e-13 0.000000e+00 0.000000e+00
1.145295e-13 0.000000e+00 0.000000e+00
-2.296749e-13 0.000000e+00 0.000000e+00
3.176869e-14 0.000000e+00 0.000000e+00
-5.541824e-14 0.000000e+00 0.000000e+00
2.831837e-13 0.000000e+00 0.000000e+00
-3.035191e-13 0.000000e+00 0.000000e+00
1.877763e-14 0.000000e+00 0.000000e+00
1.388032e-13 0.000000e+00 0.000000e+00
-1.955614e-13 0.000000e+00 0.000000e+00
1.977523e-13 0.000000e+00 0.000000e+00
7.623943e-14 0.000000e+00 0.000000e+00
4.016961e-14 0.000000e+00 0.000000e+00
2.463952e-13 0.000000e+00 0.000000e+00
7.371211e-15 0.000000e+00 0.000000e+00
2.447346e-13 0.000000e+00 0.000000e+00
-1.260952e-13 0.000000e+00 0.000000e+00
7.507901e-14 0.000000e+00 0.000000e+00
3.443609e-13 0.000000e+00 0.000000e+00
-8.216423e-16 0.000000e+00 0.000000e+00
-1.650374e-13 0.000000e+00 0.000000e+00
-1.228832e-13 0.000000e+00 0.000000e+00
-4.277213e-16 0.000000e+00 0.000000e+00
2.260745e-13 0.000000e+00 0.000000e+00
7.118936e-14 0.000000e+00 0.000000e+00
6.486435e-14 0.000000e+00 0.000000e+00
-2.106693e-13 0.000000e+00 0.000000e+00
2.728640e-13 0.000000e+00 0.000000e+00
4.109144e-14 0.000000e+00 0.000000e+00
9.593029e-14 0.000000e+00 0.000000e+00
-1.150079e-13 0.000000e+00 0.000000e+00
-9.644906e-14 0.000000e+00 0.000000e+00
-2.079608e-13 0.000000e+00 0.000000e+00
9.778951e-14 0.000000e+00 0.000000e+00
9.833157e-14 0.000000e+00 0.000000e+00
-3.469760e-13 0.000000e+00 0.000000e+00
-5.550612e-14 0.000000e+00 0.000000e+00
1.697639e-13 0.000000e+00 0.000000e+00
-2.176236e-13 0.000000e+00 0.000000e+00
-1.590893e-13 0.000000e+00 0.000000e+00
1.085462e-13 0.000000e+00 0.000000e+00
6.146111e-14 0.000000e+00 0.000000e+00
1.785745e-13 0.000000e+00 0.000000e+00
-7.143613e-14 0.000000e+00 0.000000e+00
-6.512666e-14 0.000000e+00 0.000000e+00
-2.420063e-13 0.000000e+00 0.000000e+00
-2.715859e-14 0.000000e+00 0.000000e+00
1.846424e-13 0.000000e+00 0.000000e+00
-1.878687e-13 0.000000e+00 0.000000e+00
2.471169e-13 0.000000e+00 0.000000e+00
1.652460e-13 0.000000e+00 0.000000e+00
2.332152e-13 0.000000e+00 0.000000e+00
-6.566470e-14 0.000000e+00 0.000000e+00
1.600971e-13 0.000000e+00 0.000000e+00
-2.590912e-14 0.000000e+00 0.000000e+00
1.017133e-13 0.000000e+00 0.000000e+00
2.466168e-13 0.000000e+00 0.000000e+00
2.850864e-13 0.000000e+00 0.000000e+00
1.693410e-13 0.000000e+00 0.000000e+00
-5.571611e-15 0.000000e+00 0.000000e+00
-7.645017e-15 0.000000e+00 0.000000e+00
-2.204830e-13 0.000000e+00 0.000000e+00
-1.624361e-13 0.000000e+00 0.000000e+00
-1.868581e-13 0.000000e+00 0.000000e+00
-3.085581e-14 0.000000e+00 0.000000e+00
1.765922e-13 0.000000e+00 0.000000e+00
-7.319165e-15 0.000000e+00 0.000000e+00
1.542282e-14 0.000000e+00 0.000000e+00
1.962091e-13 0.000000e+00 0.000000e+00
-1.748424e-13 0.000000e+00 0.000000e+00
-1.917972e-13 0.000000e+00 0.000000e+00
-1.543046e-13 0.000000e+00 0.000000e+00
3.169582e-14 0.000000e+00 0.000000e+00
-3.390324e-14 0.000000e+00 0.000000e+00
-1.435986e-13 0.000000e+00 0.000000e+00
6.295383e-15 0.000000e+00 0.000000e+00
-3.795901e-14 0.000000e+00 0.000000e+00
-1.823644e-13 0.000000e+00 0.000000e+00
-1.233017e-13 0.000000e+00 0.000000e+00
3.944965e-14 0.000000e+00 0.000000e+00
1.439588e-13 0.000000e+00 0.000000e+00
1.624578e-13 0.000000e+00 0.000000e+00
-7.198902e-14 0.000000e+00 0.000000e+00
1.590713e-13 0.000000e+00 0.000000e+00
-3.266455e-15 0.000000e+00 0.000000e+00
-2.675300e-14 0.000000e+00 0.000000e+00
-5.562468e-14 0.000000e+00 0.000000e+00
-2.773934e-15 0.000000e+00 0.000000e+00
-1.195957e-13 0.000000e+00 0.000000e+00
-2.419980e-13 0.000000e+00 0.000000e+00
-3.981164e-14 0.000000e+00 0.000000e+00
-1.266486e-13 0.000000e+00 0.000000e+00
-2.070453e-13 0.000000e+00 0.000000e+00
-7.943159e-16 0.000000e+00 0.000000e+00
9.153234e-15 0.000000e+00 0.000000e+00
-1.000156e-13 0.000000e+00 0.000000e+00
5.894328e-15 0.000000e+00 0.000000e+00
1.832005e-14 0.000000e+00 0.000000e+00
3.221990e-13 0.000000e+00 0.000000e+00
-1.998826e-13 0.000000e+00 0.000000e+00
2.974223e-13 0.000000e+00 0.000000e+00
4.397670e-14 0.000000e+00 0.000000e+00
2.650033e-13 0.000000e+00 0.000000e+00
-1.651734e-13 0.000000e+00 0.000000e+00
1.005487e-14 0.000000e+00 0.000000e+00
-2.207560e-13 0.000000e+00 0.000000e+00
7.481430e-14 0.000000e+00 0.000000e+00
1.316575e-13 0.000000e+00 0.000000e+00
-9.099803e-14 0.000000e+00 0.000000e+00
-2.149080e-13 0.000000e+00 0.000000e+00
4.627447e-14 0.000000e+00 0.000000e+00
-8.271887e-14 0.000000e+00 0.000000e+00
3.661376e-14 0.000000e+00 0.000000e+00
-2.239333e-13 0.000000e+00 0.000000e+00
1.744830e-13 0.000000e+00 0.000000e+00
-2.775018e-13 0.000000e+00 0.000000e+00
-3.537760e-14 0.000000e+00 0.000000e+00
-4.945613e-14 0.000000e+00 0.000000e+00
-2.519066e-13 0.000000e+00 0.000000e+00
-2.063838e-14 0.000000e+00 0.000000e+00
1.185066e-14 0.000000e+00 0.000000e+00
3.668785e-14 0.000000e+00 0.000000e+00
1.630619e-13 0.000000e+00 0.000000e+00
5.832937e-14 0.000000e+00 0.000000e+00
-2.813134e-13 0.000000e+00 0.000000e+00
-9.427033e-14 0.000000e+00 0.000000e+00
2.520559e-13 0.000000e+00 0.000000e+00
3.456828e-13 0.000000e+00 0.000000e+00
8.042173e-14 0.000000e+00 0.000000e+00
-8.483511e-15 0.000000e+00 0.000000e+00
2.666211e-14 0.000000e+00 0.000000e+00
-1.167555e-13 0.000000e+00 0.000000e+00
-1.230394e-13 0.000000e+00 0.000000e+00
2.801975e-13 0.000000e+00 0.000000e+00
-1.120346e-13 0.000000e+00 0.000000e+00
2.194874e-13 0.000000e+00 0.000000e+00
-1.760075e-13 0.000000e+00 0.000000e+00
2.539414e-13 0.000000e+00 0.000000e+00
4.557394e-14 0.000000e+00 0.000000e+00
-5.507715e-14 0.000000e+00 0.000000e+00
-7.750314e-14 0.000000e+00 0.000000e+00
-1.353951e-13 0.000000e+00 0.000000e+00
2.899261e-13 0.000000e+00 0.000000e+00
-1.594598e-13 0.000000e+00 0.000000e+00
2.593667e-13 0.000000e+00 0.000000e+00
9.698979e-14 0.000000e+00 0.000000e+00
2.109693e-14 0.000000e+00 0.000000e+00
2.575815e-13 0.000000e+00 0.000000e+00
7.840097e-14 0.000000e+00 0.000000e+00
-5.342042e-14 0.000000e+00 0.000000e+00
2.086138e-13 0.000000e+00 0.000000e+00
1.467780e-13 0.000000e+00 0.000000e+00
-5.478997e-14 0.000000e+00 0.000000e+00
1.282624e-13 0.000000e+00 0.000000e+00
-2.000697e-13 0.000000e+00 0.000000e+00
-8.912076e-15 0.000000e+00 0.000000e+00
-2.294233e-14 0.000000e+00 0.000000e+00
-1.891434e-13 0.000000e+00 0.000000e+00
-3.736774e-14 0.000000e+00 0.000000e+00
3.739880e-13 0.000000e+00 0.000000e+00
-1.515897e-14 0.000000e+00 0.000000e+00
-2.866669e-14 0.000000e+00 0.000000e+00
-2.107036e-13 0.000000e+00 0.000000e+00
-2.009983e-13 0.000000e+00 0.000000e+00
-2.863043e-13 0.000000e+00 0.000000e+00
1.679106e-13 0.000000e+00 0.000000e+00
1.629513e-13 0.000000e+00 0.000000e+00
3.123218e-14 0.000000e+00 0.000000e+00
-1.764938e-13 0.000000e+00 0.000000e+00
-8.134412e-14 0.000000e+00 0.000000e+00
1.961157e-13 0.000000e+00 0.000000e+00
-4.713139e-14 0.000000e+00 0.000000e+00
9.639523e-14 0.000000e+00 0.000000e+00
8.037857e-14 0.000000e+00 0.000000e+00
-1.454701e-13 0.000000e+00 0.000000e+00
-9.717286e-14 0.000000e+00 0.000000e+00
-8.375205e-14 0.000000e+00 0.000000e+00
-3.530924e-14 0.000000e+00 0.000000e+00
-1.592630e-13 0.000000e+00 0.000000e+00
9.189670e-14 0.000000e+00 0.000000e+00
-2.377143e-13 0.000000e+00 0.000000e+00
1.230108e-13 0.000000e+00 0.000000e+00
-1.780638e-14 0.000000e+00 0.000000e+00
-2.030267e-14 0.000000e+00 0.000000e+00
-1.754605e-13 0.000000e+00 0.000000e+00
-5.501061e-16 0.000000e+00 0.000000e+00
-2.134124e-13 0.000000e+00 0.000000e+00
-1.797991e-13 0.000000e+00 0.000000e+00
-1.502677e-14 0.000000e+00 0.000000e+00
-3.685809e-14 0.000000e+00 0.000000e+00
1.693304e-13 0.000000e+00 0.000000e+00
-1.413103e-13 0.000000e+00 0.000000e+00
-1.331271e-13 0.000000e+00 0.000000e+00
2.471328e-13 0.000000e+00 0.000000e+00
7.553262e-14 0.000000e+00 0.000000e+00
1.231272e-13 0.000000e+00 0.000000e+00
-7.989741e-14 0.000000e+00 0.000000e+00
-8.784160e-14 0.000000e+00 0.000000e+00
2.051796e-13 0.000000e+00 0.000000e+00
-2.559790e-13 0.000000e+00 0.000000e+00
-3.374510e-14 0.000000e+00 0.000000e+00
-5.699311e-14 0.000000e+00 0.000000e+00
-8.783236e-14 0.000000e+00 0.000000e+00
-6.368328e-14 0.000000e+00 0.000000e+00
-2.288931e-13 0.000000e+00 0.000000e+00
3.047913e-14 0.000000e+00 0.000000e+00
-3.124864e-14 0.000000e+00 0.000000e+00
8.068522e-14 0.000000e+00 0.000000e+00
2.785921e-14 0.000000e+00 0.000000e+00
7.259353e-14 0.000000e+00 0.000000e+00
-6.354109e-14 0.000000e+00 0.000000e+00
-1.474696e-13 0.000000e+00 0.000000e+00
-1.009301e-13 0.000000e+00 0.000000e+00
6.933432e-15 0.000000e+00 0.000000e+00
3.692984e-14 0.000000e+00 0.000000e+00
-8.030891e-16 0.000000e+00 0.000000e+00
-2.383104e-13 0.000000e+00 0.000000e+00
9.580618e-14 0.000000e+00 0.000000e+00
2.429132e-14 0.000000e+00 0.000000e+00
4.830119e-14 0.000000e+00 0.000000e+00
-1.962998e-13 0.000000e+00 0.000000e+00
2.354187e-14 0.000000e+00 0.000000e+00
1.810299e-13 0.000000e+00 0.000000e+00
-8.037907e-14 0.000000e+00 0.000000e+00
2.793135e-14 0.000000e+00 0.000000e+00
-1.053655e-13 0.000000e+00 0.000000e+00
6.695769e-14 0.000000e+00 0.000000e+00
-3.500303e-14 0.000000e+00 0.000000e+00
-5.571366e-14 0.000000e+00 0.000000e+00
-2.614876e-13 0.000000e+00 0.000000e+00
-1.470525e-13 0.000000e+00 0.000000e+00
-1.778556e-13 0.000000e+00 0.000000e+00
1.800905e-13 0.000000e+00 0.000000e+00
8.937695e-14 0.000000e+00 0.000000e+00
-6.582466e-14 0.000000e+00 0.000000e+00
-2.597957e-13 0.000000e+00 0.000000e+00
-4.328306e-14 0.000000e+00 0.000000e+00
1.486540e-13 0.000000e+00 0.000000e+00
2.105180e-15 0.000000e+00 0.000000e+00
-2.280483e-13 0.000000e+00 0.000000e+00
-1.059027e-13 0.000000e+00 0.000000e+00
-1.175687e-13 0.000000e+00 0.000000e+00
1.851331e-13 0.000000e+00 0.000000e+00
1.747286e-15 0.000000e+00 0.000000e+00
-5.598522e-13 0.000000e+00 0.000000e+00
1.617915e-13 0.000000e+00 0.000000e+00
3.647323e-14 0.000000e+00 0.000000e+00
-1.818900e-13 0.000000e+00 0.000000e+00
-1.345122e-13 0.000000e+00 0.000000e+00
-5.909735e-14 0.000000e+00 0.000000e+00
-9.975043e-14 0.000000e+00 0.000000e+00
1.832497e-13 0.000000e+00 0.000000e+00
-3.512790e-13 0.000000e+00 0.000000e+00
-1.938601e-13 0.000000e+00 0.000000e+00
9.527131e-14 0.000000e+00 0.000000e+00
-8.341309e-14 0.000000e+00 0.000000e+00
1.868602e-13 0.000000e+00 0.000000e+00
1.187071e-13 0.000000e+00 0.000000e+00
-2.125249e-13 0.000000e+00 0.000000e+00
-2.786638e-13 0.000000e+00 0.000000e+00
5.501722e-14 0.000000e+00 0.000000e+00
-2.231187e-13 0.000000e+00 0.000000e+00
-7.305223e-14 0.000000e+00 0.000000e+00
-1.559722e-13 0.000000e+00 0.000000e+00
5.410354e-14 0.000000e+00 0.000000e+00
-9.919370e-14 0.000000e+00 0.000000e+00
-2.587582e-13 0.000000e+00 0.000000e+00
2.288750e-14 0.000000e+00 0.000000e+00
-1.626940e-13 0.000000e+00 0.000000e+00
-7.446878e-14 0.000000e+00 0.000000e+00
1.751553e-13 0.000000e+00 0.000000e+00
-5.235911e-14 0.000000e+00 0.000000e+00
1.649927e-13 0.000000e+00 0.000000e+00
3.004639e-14 0.000000e+00 0.000000e+00
4.888051e-14 0.000000e+00 0.000000e+00
1.749720e-13 0.000000e+00 0.000000e+00
2.653102e-14 0.000000e+00 0.000000e+00
8.123577e-14 0.000000e+00 0.000000e+00
2.264422e-13 0.000000e+00 0.000000e+00
6.859201e-14 0.000000e+00 0.000000e+00
-1.606422e-13 0.000000e+00 0.000000e+00
-6.110791e-14 0.000000e+00 0.000000e+00
-3.446835e-14 0.000000e+00 0.000000e+00
2.346987e-13 0.000000e+00 0.000000e+00
-1.369579e-13 0.000000e+00 0.000000e+00
9.043096e-14 0.000000e+00 0.000000e+00
-3.027346e-13 0.000000e+00 0.000000e+00
-3.290958e-13 0.000000e+00 0.000000e+00
5.610087e-14 0.000000e+00 0.000000e+00
-2.459281e-13 0.000000e+00 0.000000e+00
8.811989e-14 0.000000e+00 0.000000e+00
-1.649897e-14 0.000000e+00 0.000000e+00
-8.903071e-14 0.000000e+00 0.000000e+00
3.441180e-13 0.000000e+00 0.000000e+00
-1.470054e-13 0.000000e+00 0.000000e+00
2.109456e-14 0.000000e+00 0.000000e+00
-2.123706e-13 0.000000e+00 0.000000e+00
-5.715951e-14 0.000000e+00 0.000000e+00
-1.045179e-13 0.000000e+00 0.000000e+00
1.180038e-13 0.000000e+00 0.000000e+00
1.738912e-13 0.000000e+00 0.000000e+00
3.122857e-14 0.000000e+00 0.000000e+00
-7.836078e-14 0.000000e+00 0.000000e+00
9.284489e-14 0.000000e+00 0.000000e+00
-1.680556e-13 0.000000e+00 0.000000e+00
-1.724086e-13 0.000000e+00 0.000000e+00
1.321290e-13 0.000000e+00 0.000000e+00
-1.156524e-13 0.000000e+00 0.000000e+00
1.576175e-13 0.000000e+00 0.000000e+00
-1.280693e-14 0.000000e+00 0.000000e+00
3.132257e-13 0.000000e+00 0.000000e+00
8.106624e-15 0.000000e+00 0.000000e+00
4.630437e-14 0.000000e+00 0.000000e+00
-1.031511e-13 0.000000e+00 0.000000e+00
-2.784120e-14 0.000000e+00 0.000000e+00
-8.140864e-14 0.000000e+00 0.000000e+00
4.169313e-14 0.000000e+00 0.000000e+00
5.960703e-14 0.000000e+00 0.000000e+00
6.114457e-14 0.000000e+00 0.000000e+00
-1.156717e-13 0.000000e+00 0.000000e+00
-4.286062e-15 0.000000e+00 0.000000e+00
-2.408913e-13 0.000000e+00 0.000000e+00
-5.686103e-15 0.000000e+00 0.000000e+00
4.412723e-17 0.000000e+00 0.000000e+00
-2.532615e-13 0.000000e+00 0.000000e+00
1.104279e-13 0.000000e+00 0.000000e+00
7.314704e-14 0.000000e+00 0.000000e+00
-4.670263e-14 0.000000e+00 0.000000e+00
-1.570289e-13 0.000000e+00 0.000000e+00
-1.010761e-14 0.000000e+00 0.000000e+00
2.509473e-13 0.000000e+00 0.000000e+00
-3.943249e-14 0.000000e+00 0.000000e+00
1.964774e-13 0.000000e+00 0.000000e+00
-2.729360e-13 0.000000e+00 0.000000e+00
1.281702e-13 0.000000e+00 0.000000e+00
1.232964e-13 0.000000e+00 0.000000e+00
-3.213156e-13 0.000000e+00 0.000000e+00
-1.884362e-13 0.000000e+00 0.000000e+00
-1.913313e-13 0.000000e+00 0.000000e+00
-1.331928e-13 0.000000e+00 0.000000e+00
1.662200e-13 0.000000e+00 0.000000e+00
6.923341e-14 0.000000e+00 0.000000e+00
3.718436e-14 0.000000e+00 0.000000e+00
6.395869e-14 0.000000e+00 0.000000e+00
-2.720902e-13 0.000000e+00 0.000000e+00
-2.589143e-13 0.000000e+00 0.000000e+00
2.430579e-13 0.000000e+00 0.000000e+00
1.045535e-14 0.000000e+00 0.000000e+00
1.429096e-13 0.000000e+00 0.000000e+00
-5.957154e-14 0.000000e+00 0.000000e+00
3.187151e-13 0.000000e+00 0.000000e+00
-1.327389e-13 0.000000e+00 0.000000e+00
-2.987570e-13 0.000000e+00 0.000000e+00
-4.073800e-14 0.000000e+00 0.000000e+00
-2.543065e-13 0.000000e+00 0.000000e+00
-7.650459e-14 0.000000e+00 0.000000e+00
4.290387e-13 0.000000e+00 0.000000e+00
-5.265776e-14 0.000000e+00 0.000000e+00
-4.812148e-14 0.000000e+00 0.000000e+00
1.140098e-13 0.000000e+00 0.000000e+00
2.381366e-13 0.000000e+00 0.000000e+00
-1.076781e-13 0.000000e+00 0.000000e+00
-2.627687e-13 0.000000e+00 0.000000e+00
7.620624e-14 0.000000e+00 0.000000e+00
8.085473e-14 0.000000e+00 0.000000e+00
-2.883349e-13 0.000000e+00 0.000000e+00
-3.111373e-13 0.000000e+00 0.000000e+00
-7.265720e-14 0.000000e+00 0.000000e+00
-1.494321e-13 0.000000e+00 0.000000e+00
1.395126e-13 0.000000e+00 0.000000e+00
-1.987282e-13 0.000000e+00 0.000000e+00
1.804514e-13 0.000000e+00 0.000000e+00
3.265363e-13 0.000000e+00 0.000000e+00
-2.493774e-13 0.000000e+00 0.000000e+00
-1.981613e-13 0.000000e+00 0.000000e+00
1.058241e-13 0.000000e+00 0.000000e+00
1.910812e-14 0.000000e+00 0.000000e+00
-7.494520e-14 0.000000e+00 0.000000e+00
-7.566836e-14 0.000000e+00 0.000000e+00
-3.002042e-14 0.000000e+00 0.000000e+00
1.133054e-13 0.000000e+00 0.000000e+00
1.754232e-14 0.000000e+00 0.000000e+00
-2.000784e-13 0.000000e+00 0.000000e+00
-5.369569e-15 0.000000e+00 0.000000e+00
-1.423335e-13 0.000000e+00 0.000000e+00
-4.493428e-14 0.000000e+00 0.000000e+00
-5.632336e-14 0.000000e+00 0.000000e+00
-9.185068e-14 0.000000e+00 0.000000e+00
-1.246726e-13 0.000000e+00 0.000000e+00
1.838193e-13 0.000000e+00 0.000000e+00
-1.693536e-13 0.000000e+00 0.000000e+00
2.428980e-13 0.000000e+00 0.000000e+00
5.664165e-14 0.000000e+00 0.000000e+00
-2.199346e-13 0.000000e+00 0.000000e+00
-2.523764e-14 0.000000e+00 0.000000e+00
-1.119995e-13 0.000000e+00 0.000000e+00
3.310676e-13 0.000000e+00 0.000000e+00
5.580271e-14 0.000000e+00 0.000000e+00
-2.014336e-13 0.000000e+00 0.000000e+00
4.027198e-15 0.000000e+00 0.000000e+00
-2.820964e-13 0.000000e+00 0.000000e+00
-5.643391e-15 0.000000e+00 0.000000e+00
-1.326848e-13 0.000000e+00 0.000000e+00
-1.494747e-13 0.000000e+00 0.000000e+00
-3.133863e-14 0.000000e+00 0.000000e+00
6.769673e-14 0.000000e+00 0.000000e+00
3.130071e-14 0.000000e+00 0.000000e+00
2.628172e-13 0.000000e+00 0.000000e+00
-3.879709e-14 0.000000e+00 0.000000e+00
-7.806454e-14 0.000000e+00 0.000000e+00
-1.064214e-13 0.000000e+00 0.000000e+00
1.633219e-14 0.000000e+00 0.000000e+00
6.173130e-14 0.000000e+00 0.000000e+00
-1.125205e-13 0.000000e+00 0.000000e+00
1.397989e-13 0.000000e+00 0.000000e+00
-9.211577e-14 0.000000e+00 0.000000e+00
4.083868e-14 0.000000e+00 0.000000e+00
-3.106466e-14 0.000000e+00 0.000000e+00
-2.118502e-13 0.000000e+00 0.000000e+00
4.530343e-13 0.000000e+00 0.000000e+00
-6.077738e-14 0.000000e+00 0.000000e+00
1.593984e-13 0.000000e+00 0.000000e+00
-1.325931e-13 0.000000e+00 0.000000e+00
-1.845491e-13 0.000000e+00 0.000000e+00
5.941815e-13 0.000000e+00 0.000000e+00
1.784750e-13 0.000000e+00 0.000000e+00
1.161827e-13 0.000000e+00 0.000000e+00
9.140783e-14 0.000000e+00 0.000000e+00
3.103893e-14 0.000000e+00 0.000000e+00
3.123826e-13 0.000000e+00 0.000000e+00
1.237760e-14 0.000000e+00 0.000000e+00
-1.918093e-13 0.000000e+00 0.000000e+00
-1.542330e-13 0.000000e+00 0.000000e+00
-1.696981e-13 0.000000e+00 0.000000e+00
1.431838e-13 0.000000e+00 0.000000e+00
-1.724533e-13 0.000000e+00 0.000000e+00
1.638299e-13 0.000000e+00 0.000000e+00
6.668901e-14 0.000000e+00 0.000000e+00
2.806304e-13 0.000000e+00 0.000000e+00
2.024616e-13 0.000000e+00 0.000000e+00
-1.084729e-13 0.000000e+00 0.000000e+00
1.946781e-13 0.000000e+00 0.000000e+00
-1.524553e-13 0.000000e+00 0.000000e+00
3.705956e-13 0.000000e+00 0.000000e+00
-1.492109e-13 0.000000e+00 0.000000e+00
-8.340700e-14 0.000000e+00 0.000000e+00
9.389973e-14 0.000000e+00 0.000000e+00
9.093959e-14 0.000000e+00 0.000000e+00
-3.124140e-13 0.000000e+00 0.000000e+00
-2.595440e-13 0.000000e+00 0.000000e+00
-2.510475e-13 0.000000e+00 0.000000e+00
-1.963737e-13 0.000000e+00 0.000000e+00
-1.204463e-13 0.000000e+00 0.000000e+00
2.538791e-13 0.000000e+00 0.000000e+00
-5.477431e-14 0.000000e+00 0.000000e+00
6.894418e-14 0.000000e+00 0.000000e+00
-3.007771e-14 0.000000e+00 0.000000e+00
-2.454170e-13 0.000000e+00 0.000000e+00
6.230034e-14 0.000000e+00 0.000000e+00
1.582110e-13 0.000000e+00 0.000000e+00
1.072309e-13 0.000000e+00 0.000000e+00
-9.359955e-15 0.000000e+00 0.000000e+00
-2.450412e-13 0.000000e+00 0.000000e+00
2.170639e-13 0.000000e+00 0.000000e+00
-2.186813e-14 0.000000e+00 0.000000e+00
-8.792550e-14 0.000000e+00 0.000000e+00
-1.022538e-13 0.000000e+00 0.000000e+00
3.355567e-13 0.000000e+00 0.000000e+00
2.638455e-13 0.000000e+00 0.000000e+00
1.618399e-14 0.000000e+00 0.000000e+00
-1.333879e-13 0.000000e+00 0.000000e+00
1.015420e-13 0.000000e+00 0.000000e+00
-8.246220e-14 0.000000e+00 0.000000e+00
-2.197953e-13 0.000000e+00 0.000000e+00
-2.417730e-13 0.000000e+00 0.000000e+00
-5.893664e-14 0.000000e+00 0.000000e+00
-4.323331e-14 0.000000e+00 0.000000e+00
2.830776e-13 0.000000e+00 0.000000e+00
1.903539e-13 0.000000e+00 0.000000e+00
1.120688e-13 0.000000e+00 0.000000e+00
-1.438446e-14 0.000000e+00 0.000000e+00
-4.626263e-14 0.000000e+00 0.000000e+00
1.249522e-13 0.000000e+00 0.000000e+00
2.024578e-13 0.000000e+00 0.000000e+00
2.112531e-13 0.000000e+00 0.000000e+00
9.735506e-14 0.000000e+00 0.000000e+00
4.915557e-15 0.000000e+00 0.000000e+00
-3.992111e-14 0.000000e+00 0.000000e+00
7.758082e-14 0.000000e+00 0.000000e+00
-5.901538e-14 0.000000e+00 0.000000e+00
1.476551e-13 0.000000e+00 0.000000e+00
-2.168159e-14 0.000000e+00 0.000000e+00
-7.346022e-14 0.000000e+00 0.000000e+00
5.221820e-14 0.000000e+00 0.000000e+00
-1.027537e-13 0.000000e+00 0.000000e+00
2.124787e-13 0.000000e+00 0.000000e+00
1.239919e-13 0.000000e+00 0.000000e+00
-1.639516e-13 0.000000e+00 0.000000e+00
1.453170e-14 0.000000e+00 0.000000e+00
-2.163074e-14 0.000000e+00 0.000000e+00
8.775256e-14 0.000000e+00 0.000000e+00
2.459101e-13 0.000000e+00 0.000000e+00
3.454807e-14 0.000000e+00 0.000000e+00
1.354136e-13 0.000000e+00 0.000000e+00
-2.290534e-13 0.000000e+00 0.000000e+00
-1.069454e-14 0.000000e+00 0.000000e+00
1.131706e-14 0.000000e+00 0.000000e+00
2.126043e-14 0.000000e+00 0.000000e+00
-1.463459e-13 0.000000e+00 0.000000e+00
-3.283882e-13 0.000000e+00 0.000000e+00
7.027070e-15 0.000000e+00 0.000000e+00
1.393438e-13 0.000000e+00 0.000000e+00
5.529556e-14 0.000000e+00 0.000000e+00
-1.953773e-13 0.000000e+00 0.000000e+00
-3.420769e-13 0.000000e+00 0.000000e+00
1.417389e-14 0.000000e+00 0.000000e+00
1.788772e-13 0.000000e+00 0.000000e+00
1.901305e-13 0.000000e+00 0.000000e+00
1.464875e-13 0.000000e+00 0.000000e+00
-2.197250e-13 0.000000e+00 0.000000e+00
8.939742e-14 0.000000e+00 0.000000e+00
-3.234672e-14 0.000000e+00 0.000000e+00
-2.561188e-13 0.000000e+00 0.000000e+00
1.693844e-13 0.000000e+00 0.000000e+00
-1.396663e-13 0.000000e+00 0.000000e+00
-1.008147e-13 0.000000e+00 0.000000e+00
-1.799934e-13 0.000000e+00 0.000000e+00
-2.618935e-14 0.000000e+00 0.000000e+00
1.710547e-13 0.000000e+00 0.000000e+00
-2.733390e-13 0.000000e+00 0.000000e+00
1.889924e-13 0.000000e+00 0.000000e+00
1.543800e-14 0.000000e+00 0.000000e+00
-2.443509e-13 0.000000e+00 0.000000e+00
8.425340e-14 0.000000e+00 0.000000e+00
2.771466e-13 0.000000e+00 0.000000e+00
-7.081602e-14 0.000000e+00 0.000000e+00
1.738582e-13 0.000000e+00 0.000000e+00
-1.199496e-13 0.000000e+00 0.000000e+00
1.628376e-13 0.000000e+00 0.000000e+00
2.618004e-13 0.000000e+00 0.000000e+00
8.457507e-14 0.000000e+00 0.000000e+00
-1.750525e-13 0.000000e+00 0.000000e+00
-8.747126e-14 0.000000e+00 0.000000e+00
2.275900e-13 0.000000e+00 0.000000e+00
4.926115e-13 0.000000e+00 0.000000e+00
4.093545e-14 0.000000e+00 0.000000e+00
-2.210080e-13 0.000000e+00 0.000000e+00
-1.384937e-13 0.000000e+00 0.000000e+00
1.622235e-13 0.000000e+00 0.000000e+00
-1.310466e-13 0.000000e+00 0.000000e+00
-2.691690e-13 0.000000e+00 0.000000e+00
3.887619e-14 0.000000e+00 0.000000e+00
9.221695e-14 0.000000e+00 0.000000e+00
-5.012603e-15 0.000000e+00 0.000000e+00
-3.562680e-14 0.000000e+00 0.000000e+00
-1.085338e-14 0.000000e+00 0.000000e+00
7.559402e-14 0.000000e+00 0.000000e+00
1.052107e-14 0.000000e+00 0.000000e+00
-2.485209e-13 0.000000e+00 0.000000e+00
-3.877058e-13 0.000000e+00 0.000000e+00
1.574975e-13 0.000000e+00 0.000000e+00
1.035260e-13 0.000000e+00 0.000000e+00
-4.721711e-14 0.000000e+00 0.000000e+00
1.826208e-13 0.000000e+00 0.000000e+00
-1.042105e-15 0.000000e+00 0.000000e+00
-1.595379e-13 0.000000e+00 0.000000e+00
-6.018586e-14 0.000000e+00 0.000000e+00
-8.651514e-14 0.000000e+00 0.000000e+00
2.191364e-13 0.000000e+00 0.000000e+00
1.297550e-13 0.000000e+00 0.000000e+00
-2.339586e-13 0.000000e+00 0.000000e+00
8.205710e-14 0.000000e+00 0.000000e+00
9.130264e-14 0.000000e+00 0.000000e+00
4.478262e-14 0.000000e+00 0.000000e+00
-1.636930e-13 0.000000e+00 0.000000e+00
-2.433922e-14 0.000000e+00 0.000000e+00
-8.319336e-14 0.000000e+00 0.000000e+00
-1.238848e-13 0.000000e+00 0.000000e+00
7.494889e-14 0.000000e+00 0.000000e+00
1.590072e-13 0.000000e+00 0.000000e+00
-2.999028e-14 0.000000e+00 0.000000e+00
-4.697435e-14 0.000000e+00 0.000000e+00
-6.795014e-14 0.000000e+00 0.000000e+00
4.406011e-14 0.000000e+00 0.000000e+00
-2.149131e-13 0.000000e+00 0.000000e+00
-1.231245e-14 0.000000e+00 0.000000e+00
2.171872e-13 0.000000e+00 0.000000e+00
-6.126479e-14 0.000000e+00 0.000000e+00
-2.142350e-13 0.000000e+00 0.000000e+00
1.097792e-13 0.000000e+00 0.000000e+00
-1.927804e-14 0.000000e+00 0.000000e+00
-3.621351e-14 0.000000e+00 0.000000e+00
-2.501248e-13 0.000000e+00 0.000000e+00
-2.137201e-13 0.000000e+00 0.000000e+00
-1.225304e-13 0.000000e+00 0.000000e+00
1.076096e-13 0.000000e+00 0.000000e+00
2.110345e-13 0.000000e+00 0.000000e+00
-1.937072e-13 0.000000e+00 0.000000e+00
-2.763460e-13 0.000000e+00 0.000000e+00
-4.007751e-14 0.000000e+00 0.000000e+00
-2.344318e-13 0.000000e+00 0.000000e+00
-1.326252e-13 0.000000e+00 0.000000e+00
-2.569105e-13 0.000000e+00 0.000000e+00
-2.167439e-13 0.000000e+00 0.000000e+00
7.119886e-14 0.000000e+00 0.000000e+00
-1.569378e-13 0.000000e+00 0.000000e+00
-6.268364e-14 0.000000e+00 0.000000e+00
-9.374821e-14 0.000000e+00 0.000000e+00
1.370874e-13 0.000000e+00 0.000000e+00
-1.426947e-13 0.000000e+00 0.000000e+00
-2.409040e-14 0.000000e+00 0.000000e+00
-2.920955e-13 0.000000e+00 0.000000e+00
-5.703873e-14 0.000000e+00 0.000000e+00
-3.302651e-13 0.000000e+00 0.000000e+00
1.258012e-13 0.000000e+00 0.000000e+00
1.379298e-13 0.000000e+00 0.000000e+00
-4.265017e-14 0.000000e+00 0.000000e+00
1.272749e-13 0.000000e+00 0.000000e+00
6.929088e-14 0.000000e+00 0.000000e+00
-1.698205e-13 0.000000e+00 0.000000e+00
2.769772e-13 0.000000e+00 0.000000e+00
1.804710e-13 0.000000e+00 0.000000e+00
-1.474733e-14 0.000000e+00 0.000000e+00
6.026219e-14 0.000000e+00 0.000000e+00
-2.213336e-13 0.000000e+00 0.000000e+00
-2.516006e-13 0.000000e+00 0.000000e+00
3.741546e-14 0.000000e+00 0.000000e+00
-1.225339e-13 0.000000e+00 0.000000e+00
-3.197505e-13 0.000000e+00 0.000000e+00
-1.918493e-13 0.000000e+00 0.000000e+00
-1.111711e-13 0.000000e+00 0.000000e+00
-3.576259e-14 0.000000e+00 0.000000e+00
-1.063868e-13 0.000000e+00 0.000000e+00
8.016857e-14 0.000000e+00 0.000000e+00
3.070693e-13 0.000000e+00 0.000000e+00
-3.186587e-13 0.000000e+00 0.000000e+00
-2.193802e-13 0.000000e+00 0.000000e+00
-7.150753e-14 0.000000e+00 0.000000e+00
-1.158061e-13 0.000000e+00 0.000000e+00
-3.357216e-14 0.000000e+00 0.000000e+00
3.747385e-14 0.000000e+00 0.000000e+00
2.412092e-14 0.000000e+00 0.000000e+00
8.363682e-14 0.000000e+00 0.000000e+00
1.518404e-13 0.000000e+00 0.000000e+00
-8.444577e-14 0.000000e+00 0.000000e+00
2.936182e-14 0.000000e+00 0.000000e+00
7.546062e-15 0.000000e+00 0.000000e+00
2.117472e-13 0.000000e+00 0.000000e+00
-8.758683e-14 0.000000e+00 0.000000e+00
-6.316562e-14 0.000000e+00 0.000000e+00
5.644214e-14 0.000000e+00 0.000000e+00
1.398624e-13 0.000000e+00 0.000000e+00
7.273689e-14 0.000000e+00 0.000000e+00
-2.545076e-13 0.000000e+00 0.000000e+00
2.428797e-13 0.000000e+00 0.000000e+00
-1.096253e-13 0.000000e+00 0.000000e+00
-2.259204e-13 0.000000e+00 0.000000e+00
6.365152e-14 0.000000e+00 0.000000e+00
7.372079e-14 0.000000e+00 0.000000e+00
-4.655224e-14 0.000000e+00 0.000000e+00
4.264726e-13 0.000000e+00 0.000000e+00
-5.509338e-14 0.000000e+00 0.000000e+00
-4.565408e-14 0.000000e+00 0.000000e+00
-5.610625e-14 0.000000e+00 0.000000e+00
-6.025065e-14 0.000000e+00 0.000000e+00
-1.446479e-13 0.000000e+00 0.000000e+00
1.181341e-13 0.000000e+00 0.000000e+00
3.834182e-14 0.000000e+00 0.000000e+00
3.460865e-14 0.000000e+00 0.000000e+00
-1.149710e-13 0.000000e+00 0.000000e+00
-9.070645e-15 0.000000e+00 0.000000e+00
2.707591e-14 0.000000e+00 0.000000e+00
-1.011509e-13 0.000000e+00 0.000000e+00
-1.660697e-13 0.000000e+00 0.000000e+00
3.405396e-13 0.000000e+00 0.000000e+00
-2.577760e-13 0.000000e+00 0.000000e+00
-2.448969e-13 0.000000e+00 0.000000e+00
1.178884e-14 0.000000e+00 0.000000e+00
7.242076e-14 0.000000e+00 0.000000e+00
1.809369e-14 0.000000e+00 0.000000e+00
-5.606986e-14 0.000000e+00 0.000000e+00
2.468392e-13 0.000000e+00 0.000000e+00
-3.734900e-13 0.000000e+00 0.000000e+00
1.568577e-13 0.000000e+00 0.000000e+00
2.572990e-13 0.000000e+00 0.000000e+00
6.999237e-14 0.000000e+00 0.000000e+00
7.996625e-14 0.000000e+00 0.000000e+00
4.065875e-14 0.000000e+00 0.000000e+00
-2.727098e-14 0.000000e+00 0.000000e+00
-9.291269e-14 0.000000e+00 0.000000e+00
-2.436520e-14 0.000000e+00 0.000000e+00
1.053272e-13 0.000000e+00 0.000000e+00
-2.839391e-13 0.000000e+00 0.000000e+00
2.357883e-13 0.000000e+00 0.000000e+00
6.072217e-14 0.000000e+00 0.000000e+00
-2.907900e-14 0.000000e+00 0.000000e+00
4.856174e-14 0.000000e+00 0.000000e+00
9.037827e-14 0.000000e+00 0.000000e+00
5.064723e-15 0.000000e+00 0.000000e+00
-1.693196e-14 0.000000e+00 0.000000e+00
3.848975e-14 0.000000e+00 0.000000e+00
-2.397010e-13 0.000000e+00 0.000000e+00
1.299700e-13 0.000000e+00 0.000000e+00
-1.806023e-13 0.000000e+00 0.000000e+00
-7.515663e-14 0.000000e+00 0.000000e+00
-9.174957e-14 0.000000e+00 0.000000e+00
-1.199360e-13 0.000000e+00 0.000000e+00
-7.012649e-14 0.000000e+00 0.000000e+00
-3.938190e-13 0.000000e+00 0.000000e+00
4.042914e-14 0.000000e+00 0.000000e+00
2.636360e-13 0.000000e+00 0.000000e+00
2.043535e-14 0.000000e+00 0.000000e+00
-1.978504e-13 0.000000e+00 0.000000e+00
1.047714e-13 0.000000e+00 0.000000e+00
-1.171417e-13 0.000000e+00 0.000000e+00
4.855530e-14 0.000000e+00 0.000000e+00
-1.059823e-13 0.000000e+00 0.000000e+00
3.021533e-14 0.000000e+00 0.000000e+00
1.353418e-13 0.000000e+00 0.000000e+00
2.257036e-13 0.000000e+00 0.000000e+00
1.621038e-13 0.000000e+00 0.000000e+00
-1.364110e-13 0.000000e+00 0.000000e+00
4.661019e-13 0.000000e+00 0.000000e+00
-1.285821e-13 0.000000e+00 0.000000e+00
1.921015e-14 0.000000e+00 0.000000e+00
-8.998041e-14 0.000000e+00 0.000000e+00
-4.023721e-14 0.000000e+00 0.000000e+00
8.672821e-14 0.000000e+00 0.000000e+00
2.994435e-13 0.000000e+00 0.000000e+00
-1.245695e-13 0.000000e+00 0.000000e+00
1.630999e-13 0.000000e+00 0.000000e+00
9.743206e-14 0.000000e+00 0.000000e+00
9.621216e-14 0.000000e+00 0.000000e+00
2.551407e-14 0.000000e+00 0.000000e+00
-7.128418e-14 0.000000e+00 0.000000e+00
-5.014577e-14 0.000000e+00 0.000000e+00
2.332506e-13 0.000000e+00 0.000000e+00
-3.914794e-15 0.000000e+00 0.000000e+00
1.350146e-13 0.000000e+00 0.000000e+00
1.375403e-13 0.000000e+00 0.000000e+00
2.214579e-13 0.000000e+00 0.000000e+00
-1.420093e-13 0.000000e+00 0.000000e+00
5.395297e-14 0.000000e+00 0.000000e+00
-7.611392e-14 0.000000e+00 0.000000e+00
8.094262e-14 0.000000e+00 0.000000e+00
-7.255148e-15 0.000000e+00 0.000000e+00
1.042848e-13 0.000000e+00 0.000000e+00
2.295377e-13 0.000000e+00 0.000000e+00
-1.233644e-13 0.000000e+00 0.000000e+00
