step K U E temp
0 2.179637e-21 -3.560272e-20 -3.342308e-20 3.157409e+02
1000 2.800017e-22 -4.106725e-20 -4.078724e-20 4.056088e+01
2000 3.219342e-23 -4.100343e-20 -4.097124e-20 4.663520e+00
3000 4.377429e-21 -4.086641e-20 -3.648898e-20 6.341118e+02
4000 2.402893e-21 -3.968636e-20 -3.728346e-20 3.480817e+02
5000 2.271819e-21 -3.614980e-20 -3.387798e-20 3.290943e+02
6000 1.934726e-21 -4.105548e-20 -3.912076e-20 2.802633e+02
7000 7.063215e-22 -3.795770e-20 -3.725138e-20 1.023173e+02
8000 3.780720e-21 -4.016547e-20 -3.638475e-20 5.476729e+02
9000 1.389971e-20 -3.796411e-20 -2.406440e-20 2.013504e+03
10000 2.286386e-25 -4.079271e-20 -4.079248e-20 3.312045e-02
11000 5.192777e-25 -3.945535e-20 -3.945483e-20 7.522226e-02
12000 3.495385e-22 -2.848477e-20 -2.813523e-20 5.063394e+01
13000 6.481833e-22 -4.091826e-20 -4.027008e-20 9.389545e+01
14000 1.092011e-21 -3.924754e-20 -3.815553e-20 1.581881e+02
15000 2.837827e-23 -3.730846e-20 -3.728008e-20 4.110859e+00
16000 2.963555e-21 -4.058826e-20 -3.762471e-20 4.292988e+02
17000 4.971980e-22 -4.029112e-20 -3.979392e-20 7.202381e+01
18000 1.163491e-20 -3.120596e-20 -1.957106e-20 1.685426e+03
19000 6.833080e-23 -4.094491e-20 -4.087658e-20 9.898359e+00
20000 3.112788e-21 -4.100586e-20 -3.789307e-20 4.509167e+02
21000 1.035443e-22 -4.107056e-20 -4.096702e-20 1.499936e+01
22000 1.973011e-21 -4.030202e-20 -3.832901e-20 2.858092e+02
23000 3.694715e-21 -4.107706e-20 -3.738235e-20 5.352142e+02
24000 1.056723e-22 -4.108444e-20 -4.097876e-20 1.530762e+01
25000 1.054128e-21 -4.106870e-20 -4.001458e-20 1.527004e+02
26000 7.350201e-21 -3.399831e-20 -2.664811e-20 1.064746e+03
27000 8.756832e-22 -4.106774e-20 -4.019206e-20 1.268510e+02
28000 1.406675e-20 -3.085866e-20 -1.679191e-20 2.037701e+03
29000 3.622889e-24 -3.664394e-20 -3.664032e-20 5.248096e-01
30000 4.234036e-21 -4.097179e-20 -3.673775e-20 6.133399e+02
31000 9.241734e-23 -4.046126e-20 -4.036884e-20 1.338752e+01
32000 5.142584e-22 -3.806314e-20 -3.754888e-20 7.449517e+01
33000 8.005331e-21 -3.591050e-20 -2.790517e-20 1.159648e+03
34000 2.539131e-22 -3.464077e-20 -3.438686e-20 3.678171e+01
35000 5.220387e-23 -3.954527e-20 -3.949307e-20 7.562222e+00
36000 1.235499e-21 -4.072963e-20 -3.949413e-20 1.789736e+02
37000 9.927374e-22 -4.107480e-20 -4.008206e-20 1.438074e+02
38000 3.956797e-21 -3.911366e-20 -3.515686e-20 5.731793e+02
39000 3.643910e-22 -4.033774e-20 -3.997335e-20 5.278546e+01
40000 2.280228e-22 -4.095232e-20 -4.072430e-20 3.303125e+01
41000 2.241994e-22 -3.810055e-20 -3.787635e-20 3.247740e+01
42000 8.523869e-21 -3.964337e-20 -3.111950e-20 1.234763e+03
43000 2.476797e-21 -2.997444e-20 -2.749764e-20 3.587873e+02
44000 4.770252e-21 -4.057079e-20 -3.580054e-20 6.910159e+02
45000 3.195983e-22 -3.914751e-20 -3.882791e-20 4.629682e+01
46000 2.667550e-23 -3.932109e-20 -3.929441e-20 3.864197e+00
47000 5.230655e-22 -4.109250e-20 -4.056943e-20 7.577096e+01
48000 4.108775e-21 -3.993749e-20 -3.582871e-20 5.951948e+02
49000 2.798689e-21 -3.828088e-20 -3.548219e-20 4.054165e+02
50000 4.381210e-21 -4.105189e-20 -3.667068e-20 6.346595e+02
51000 2.083246e-22 -3.956167e-20 -3.935334e-20 3.017778e+01
52000 6.434093e-21 -3.878597e-20 -3.235187e-20 9.320389e+02
53000 8.070861e-23 -3.372647e-20 -3.364576e-20 1.169140e+01
54000 3.095995e-21 -4.089418e-20 -3.779818e-20 4.484840e+02
55000 1.176233e-21 -4.091020e-20 -3.973396e-20 1.703884e+02
56000 2.539995e-26 -4.092276e-20 -4.092274e-20 3.679421e-03
57000 2.543212e-25 -4.095346e-20 -4.095321e-20 3.684082e-02
58000 1.299896e-20 -4.094245e-20 -2.794349e-20 1.883022e+03
59000 6.444298e-23 -4.109936e-20 -4.103492e-20 9.335173e+00
60000 2.088051e-22 -4.064898e-20 -4.044017e-20 3.024738e+01
61000 7.008675e-22 -3.957883e-20 -3.887796e-20 1.015272e+02
62000 8.861514e-25 -4.082729e-20 -4.082640e-20 1.283674e-01
63000 7.332325e-21 -4.109945e-20 -3.376712e-20 1.062156e+03
64000 8.138039e-22 -4.058450e-20 -3.977070e-20 1.178872e+02
65000 5.562872e-21 -4.053575e-20 -3.497288e-20 8.058344e+02
66000 1.737492e-23 -4.088158e-20 -4.086421e-20 2.516920e+00
67000 7.837215e-22 -4.038391e-20 -3.960019e-20 1.135294e+02
68000 1.965933e-21 -3.593463e-20 -3.396870e-20 2.847838e+02
69000 1.416134e-21 -4.000714e-20 -3.859101e-20 2.051404e+02
70000 1.238161e-21 -4.109256e-20 -3.985440e-20 1.793593e+02
71000 1.354249e-21 -3.963633e-20 -3.828208e-20 1.961757e+02
72000 9.822238e-25 -4.108539e-20 -4.108441e-20 1.422844e-01
73000 5.967346e-25 -3.996020e-20 -3.995960e-20 8.644262e-02
74000 1.765674e-21 -4.101761e-20 -3.925194e-20 2.557744e+02
75000 5.056456e-24 -4.081702e-20 -4.081196e-20 7.324753e-01
76000 1.872376e-21 -3.917597e-20 -3.730360e-20 2.712313e+02
77000 1.560777e-22 -3.441062e-20 -3.425455e-20 2.260932e+01
78000 6.256957e-21 -3.793686e-20 -3.167990e-20 9.063792e+02
79000 3.361242e-21 -3.941078e-20 -3.604953e-20 4.869075e+02
80000 3.963971e-21 -4.103850e-20 -3.707453e-20 5.742185e+02
81000 1.321747e-21 -3.601306e-20 -3.469131e-20 1.914675e+02
82000 1.126456e-21 -4.090817e-20 -3.978171e-20 1.631778e+02
83000 2.358278e-22 -3.863186e-20 -3.839603e-20 3.416187e+01
84000 1.682506e-21 -3.513187e-20 -3.344936e-20 2.437269e+02
85000 8.762751e-22 -4.106401e-20 -4.018773e-20 1.269367e+02
86000 3.517742e-22 -4.093428e-20 -4.058250e-20 5.095780e+01
87000 1.047074e-22 -4.093606e-20 -4.083135e-20 1.516786e+01
88000 6.259380e-23 -4.090089e-20 -4.083830e-20 9.067301e+00
89000 5.214861e-22 -4.104659e-20 -4.052510e-20 7.554217e+01
90000 2.207712e-21 -4.053709e-20 -3.832938e-20 3.198079e+02
91000 3.081661e-22 -4.105519e-20 -4.074702e-20 4.464076e+01
92000 9.812264e-22 -2.539477e-20 -2.441355e-20 1.421399e+02
93000 2.155543e-21 -3.847767e-20 -3.632213e-20 3.122507e+02
94000 1.098972e-21 -4.109451e-20 -3.999553e-20 1.591965e+02
95000 2.383906e-22 -4.109920e-20 -4.086081e-20 3.453311e+01
96000 2.540622e-22 -4.107978e-20 -4.082572e-20 3.680331e+01
97000 3.058991e-21 -4.106819e-20 -3.800920e-20 4.431236e+02
98000 1.643637e-21 -3.883743e-20 -3.719379e-20 2.380962e+02
99000 1.735946e-21 -3.857292e-20 -3.683698e-20 2.514680e+02
100000 3.260209e-22 -4.074352e-20 -4.041750e-20 4.722719e+01
101000 2.143869e-21 -4.082895e-20 -3.868508e-20 3.105596e+02
102000 5.657929e-22 -3.717309e-20 -3.660730e-20 8.196043e+01
103000 6.425214e-21 -3.610381e-20 -2.967859e-20 9.307527e+02
104000 1.113177e-21 -4.087495e-20 -3.976177e-20 1.612542e+02
105000 2.449469e-21 -3.202548e-20 -2.957601e-20 3.548287e+02
106000 6.582988e-23 -4.019242e-20 -4.012659e-20 9.536077e+00
107000 1.713691e-21 -3.435729e-20 -3.264359e-20 2.482442e+02
108000 2.296596e-22 -3.963587e-20 -3.940621e-20 3.326835e+01
109000 1.227934e-22 -4.078583e-20 -4.066304e-20 1.778779e+01
110000 8.409765e-22 -4.071323e-20 -3.987225e-20 1.218234e+02
111000 4.246781e-22 -3.709486e-20 -3.667018e-20 6.151862e+01
112000 1.995655e-22 -3.789125e-20 -3.769168e-20 2.890894e+01
113000 5.052339e-22 -4.003275e-20 -3.952752e-20 7.318788e+01
114000 6.863692e-22 -4.036450e-20 -3.967813e-20 9.942704e+01
115000 2.326620e-23 -4.068542e-20 -4.066215e-20 3.370328e+00
116000 1.137171e-21 -3.980288e-20 -3.866571e-20 1.647299e+02
117000 3.097791e-23 -4.109638e-20 -4.106540e-20 4.487442e+00
118000 1.576836e-22 -4.053497e-20 -4.037729e-20 2.284195e+01
119000 3.024808e-21 -3.424095e-20 -3.121615e-20 4.381718e+02
120000 2.260394e-21 -3.968386e-20 -3.742347e-20 3.274394e+02
121000 2.103257e-21 -4.081665e-20 -3.871339e-20 3.046765e+02
122000 1.527067e-21 -3.265475e-20 -3.112769e-20 2.212100e+02
123000 1.361737e-20 -4.091501e-20 -2.729764e-20 1.972604e+03
124000 8.113583e-22 -4.060090e-20 -3.978954e-20 1.175329e+02
125000 1.401845e-21 -4.105251e-20 -3.965067e-20 2.030705e+02
126000 7.998877e-21 -3.896800e-20 -3.096912e-20 1.158713e+03
127000 3.819458e-21 -3.879673e-20 -3.497727e-20 5.532844e+02
128000 1.741577e-21 -4.101190e-20 -3.927032e-20 2.522838e+02
129000 7.054521e-23 -4.064590e-20 -4.057536e-20 1.021914e+01
130000 4.272919e-23 -3.986239e-20 -3.981966e-20 6.189725e+00
131000 2.379627e-21 -3.461007e-20 -3.223044e-20 3.447114e+02
132000 9.887692e-22 -3.754274e-20 -3.655397e-20 1.432325e+02
133000 3.976371e-21 -3.957568e-20 -3.559931e-20 5.760148e+02
134000 7.607790e-23 -4.075953e-20 -4.068345e-20 1.102060e+01
135000 2.315077e-22 -4.013973e-20 -3.990822e-20 3.353607e+01
136000 6.045002e-21 -4.107909e-20 -3.503409e-20 8.756754e+02
137000 6.944358e-21 -4.108835e-20 -3.414399e-20 1.005956e+03
138000 2.657917e-23 -4.103003e-20 -4.100345e-20 3.850243e+00
139000 1.452310e-21 -3.809092e-20 -3.663861e-20 2.103807e+02
140000 2.882877e-21 -3.995606e-20 -3.707318e-20 4.176119e+02
141000 2.947834e-21 -3.999001e-20 -3.704217e-20 4.270214e+02
142000 4.381464e-22 -4.094808e-20 -4.050993e-20 6.346963e+01
143000 1.216341e-22 -4.063944e-20 -4.051781e-20 1.761984e+01
144000 4.576407e-21 -4.086442e-20 -3.628801e-20 6.629356e+02
145000 4.095790e-24 -3.922594e-20 -3.922185e-20 5.933137e-01
146000 4.514926e-21 -4.034193e-20 -3.582701e-20 6.540295e+02
147000 1.198553e-21 -3.994696e-20 -3.874841e-20 1.736217e+02
148000 4.249102e-22 -3.799787e-20 -3.757296e-20 6.155223e+01
149000 8.938975e-21 -4.040133e-20 -3.146236e-20 1.294895e+03
150000 5.088919e-26 -4.109386e-20 -4.109381e-20 7.371779e-03
151000 2.053169e-21 -4.094621e-20 -3.889304e-20 2.974209e+02
152000 1.138270e-21 -4.086506e-20 -3.972679e-20 1.648891e+02
153000 1.379056e-26 -4.050760e-20 -4.050759e-20 1.997692e-03
154000 3.852684e-21 -4.048946e-20 -3.663678e-20 5.580975e+02
155000 3.820236e-22 -4.031336e-20 -3.993134e-20 5.533972e+01
156000 3.171554e-22 -4.076405e-20 -4.044690e-20 4.594295e+01
157000 3.345512e-21 -3.565586e-20 -3.231035e-20 4.846289e+02
158000 5.612449e-21 -4.089432e-20 -3.528187e-20 8.130160e+02
159000 1.272807e-22 -3.890174e-20 -3.877446e-20 1.843781e+01
160000 6.936997e-22 -3.882806e-20 -3.813436e-20 1.004889e+02
161000 9.970469e-22 -4.110000e-20 -4.010295e-20 1.444316e+02
162000 7.012227e-22 -3.694428e-20 -3.624306e-20 1.015787e+02
163000 3.260040e-21 -3.467453e-20 -3.141449e-20 4.722474e+02
164000 7.208495e-22 -4.051291e-20 -3.979206e-20 1.044218e+02
165000 7.288631e-22 -4.014452e-20 -3.941566e-20 1.055827e+02
166000 9.075256e-21 -4.108939e-20 -3.201413e-20 1.314636e+03
167000 2.322425e-22 -4.021548e-20 -3.998324e-20 3.364251e+01
168000 2.172455e-21 -3.771156e-20 -3.553911e-20 3.147006e+02
169000 3.570032e-21 -4.061204e-20 -3.704201e-20 5.171528e+02
170000 1.907840e-21 -4.040133e-20 -3.849349e-20 2.763686e+02
171000 8.881562e-22 -4.079124e-20 -3.990308e-20 1.286578e+02
172000 2.847481e-22 -3.860546e-20 -3.832071e-20 4.124844e+01
173000 2.403804e-21 -4.088811e-20 -3.848431e-20 3.482136e+02
174000 3.846767e-22 -4.030437e-20 -3.991969e-20 5.572403e+01
175000 3.197258e-22 -3.311481e-20 -3.279508e-20 4.631528e+01
176000 4.414822e-21 -4.105652e-20 -3.664170e-20 6.395285e+02
177000 5.559995e-23 -4.099559e-20 -4.093999e-20 8.054176e+00
178000 2.569940e-21 -3.887390e-20 -3.630396e-20 3.722801e+02
179000 2.660533e-21 -3.436550e-20 -3.170497e-20 3.854033e+02
180000 4.603252e-21 -3.985338e-20 -3.525013e-20 6.668243e+02
181000 2.058363e-21 -4.081666e-20 -3.875829e-20 2.981733e+02
182000 4.099906e-21 -3.650648e-20 -3.240658e-20 5.939099e+02
183000 3.250304e-22 -4.084351e-20 -4.051848e-20 4.708371e+01
184000 1.932087e-21 -3.828390e-20 -3.635181e-20 2.798810e+02
185000 5.060173e-23 -4.074100e-20 -4.069040e-20 7.330137e+00
186000 7.798581e-22 -4.095576e-20 -4.017591e-20 1.129698e+02
187000 4.584642e-21 -4.099323e-20 -3.640859e-20 6.641285e+02
188000 6.126510e-21 -4.098454e-20 -3.485803e-20 8.874826e+02
189000 2.161644e-21 -4.109059e-20 -3.892894e-20 3.131344e+02
190000 2.340031e-24 -3.902279e-20 -3.902045e-20 3.389755e-01
191000 4.405720e-24 -4.045873e-20 -4.045433e-20 6.382100e-01
192000 3.664463e-21 -3.686630e-20 -3.320184e-20 5.308320e+02
193000 1.988955e-21 -3.924665e-20 -3.725770e-20 2.881189e+02
194000 2.631987e-21 -3.381730e-20 -3.118531e-20 3.812680e+02
195000 7.176849e-23 -4.106736e-20 -4.099559e-20 1.039634e+01
196000 2.350732e-21 -4.097710e-20 -3.862637e-20 3.405256e+02
197000 4.038156e-24 -4.058705e-20 -4.058301e-20 5.849649e-01
198000 1.793030e-23 -4.108642e-20 -4.106849e-20 2.597373e+00
199000 2.902007e-21 -4.106499e-20 -3.816298e-20 4.203830e+02
200000 2.304376e-21 -4.038461e-20 2.619198e-19 3.338106e+02
201000 2.772965e-21 -3.923064e-20 1.635423e-19 4.016900e+02
202000 1.794808e-21 -3.948751e-20 1.623073e-19 2.599948e+02
203000 7.572931e-23 -3.468314e-20 1.653926e-19 1.097010e+01
204000 8.664477e-23 -3.560243e-20 1.644842e-19 1.255131e+01
205000 1.554393e-21 -2.689438e-20 1.746600e-19 2.251684e+02
206000 2.987476e-24 -3.592118e-20 1.640818e-19 4.327639e-01
207000 1.086150e-22 -3.991775e-20 1.602144e-19 1.573390e+01
208000 2.506917e-21 -3.993601e-20 1.626128e-19 3.631506e+02
209000 1.146036e-21 -3.820701e-20 1.629390e-19 1.660140e+02
210000 1.173131e-22 -3.884957e-20 1.612677e-19 1.699390e+01
211000 1.562200e-21 -3.477173e-20 1.667905e-19 2.262994e+02
212000 1.989488e-21 -4.005293e-20 1.630642e-19 2.881960e+02
213000 3.906542e-22 -3.646679e-20 1.639239e-19 5.658994e+01
214000 1.907409e-21 -3.961379e-20 1.622936e-19 2.763061e+02
215000 8.042912e-25 -3.253665e-20 1.674642e-19 1.165091e-01
216000 5.395167e-23 -3.855481e-20 1.614991e-19 7.815407e+00
217000 2.332357e-22 -3.596774e-20 1.642655e-19 3.378639e+01
218000 5.800322e-25 -4.004221e-20 1.608189e-19 8.402313e-02
219000 1.078180e-21 -4.003580e-20 1.617721e-19 1.561845e+02
220000 4.414521e-21 -3.839465e-20 1.660199e-19 6.394850e+02
221000 1.194758e-22 -4.009132e-20 1.628359e-19 1.730720e+01
222000 1.209096e-21 -3.836045e-20 1.628487e-19 1.751489e+02
223000 3.231400e-21 -3.737494e-20 1.658565e-19 4.680988e+02
224000 4.756051e-26 -3.960013e-20 1.603999e-19 6.889587e-03
225000 6.315521e-24 -3.860813e-20 1.613982e-19 9.148626e-01
226000 7.540413e-22 -3.991262e-20 1.608613e-19 1.092300e+02
227000 2.618959e-24 -3.974547e-20 1.602572e-19 3.793808e-01
228000 2.529958e-23 -3.947739e-20 1.605479e-19 3.664882e+00
229000 7.825432e-21 -3.917356e-20 1.686519e-19 1.133587e+03
230000 3.011687e-21 -3.834032e-20 1.646714e-19 4.362712e+02
231000 6.668175e-21 -2.861768e-20 1.780505e-19 9.659478e+02
232000 1.457825e-22 -3.074591e-20 1.693999e-19 2.111797e+01
233000 5.293738e-21 -4.003765e-20 1.660217e-19 7.668478e+02
234000 2.056554e-21 -3.556185e-20 1.664947e-19 2.979112e+02
235000 7.621021e-24 -3.651807e-20 1.634896e-19 1.103977e+00
236000 3.673543e-21 -3.997549e-20 1.638364e-19 5.321473e+02
237000 4.219192e-22 -3.654971e-20 1.638722e-19 6.111896e+01
238000 1.306625e-21 -3.975684e-20 1.615499e-19 1.892769e+02
239000 6.242003e-22 -3.881703e-20 1.618072e-19 9.042128e+01
240000 3.481489e-21 -2.315955e-20 1.803219e-19 5.043264e+02
241000 1.614146e-22 -3.551522e-20 1.646462e-19 2.338243e+01
242000 5.157856e-22 -3.979923e-20 1.607169e-19 7.471640e+01
243000 1.010529e-22 -3.861777e-20 1.614833e-19 1.463846e+01
244000 3.780049e-21 -3.639514e-20 1.673849e-19 5.475756e+02
245000 2.294912e-21 -3.975752e-20 1.625375e-19 3.324396e+02
246000 5.804859e-21 -3.608239e-20 1.697225e-19 8.408885e+02
247000 9.434456e-23 -3.936915e-20 1.607252e-19 1.366670e+01
248000 1.843742e-22 -3.867943e-20 1.615049e-19 2.670834e+01
249000 4.783425e-21 -3.722108e-20 1.675623e-19 6.929241e+02
250000 3.210784e-23 -3.870646e-20 1.613256e-19 4.651123e+00
251000 1.058632e-23 -3.939794e-20 1.606126e-19 1.533529e+00
252000 1.014623e-22 -3.293982e-20 1.671616e-19 1.469777e+01
253000 2.004311e-21 -3.956429e-20 1.624400e-19 2.903433e+02
254000 2.564688e-22 -3.681893e-20 1.634375e-19 3.715192e+01
255000 5.965420e-21 -3.664909e-20 1.693163e-19 8.641472e+02
256000 6.699001e-22 -3.588238e-20 1.647875e-19 9.704134e+01
257000 4.789099e-21 -3.757877e-20 1.672103e-19 6.937461e+02
258000 9.007732e-21 -3.779090e-20 1.712168e-19 1.304855e+03
259000 4.875361e-22 -3.857090e-20 1.619166e-19 7.062420e+01
260000 5.425143e-24 -3.853644e-20 1.614690e-19 7.858831e-01
261000 5.358572e-23 -3.849030e-20 1.615633e-19 7.762395e+00
262000 1.027577e-21 -3.829002e-20 1.627376e-19 1.488542e+02
263000 1.141164e-21 -3.081717e-20 1.703240e-19 1.653084e+02
264000 5.918184e-21 -3.956267e-20 1.663555e-19 8.573047e+02
265000 9.461592e-22 -3.968853e-20 1.612576e-19 1.370601e+02
266000 3.631443e-21 -3.733466e-20 1.662968e-19 5.260487e+02
267000 2.335191e-21 -3.621766e-20 1.661175e-19 3.382744e+02
268000 4.861017e-21 -3.936761e-20 1.654934e-19 7.041640e+02
269000 1.565644e-22 -3.917828e-20 1.609783e-19 2.267983e+01
270000 2.286667e-22 -3.686119e-20 1.633675e-19 3.312452e+01
271000 4.527919e-22 -3.498207e-20 1.654707e-19 6.559116e+01
272000 1.381866e-21 -3.974444e-20 1.616375e-19 2.001764e+02
273000 6.336282e-21 -3.937529e-20 1.669610e-19 9.178701e+02
274000 1.916737e-21 -3.444142e-20 1.674753e-19 2.776573e+02
275000 5.070941e-21 -3.989991e-20 1.651842e-19 7.345735e+02
276000 7.091074e-22 -2.922297e-20 1.714861e-19 1.027209e+02
277000 3.355047e-23 -3.729518e-20 1.627384e-19 4.860101e+00
278000 5.001372e-21 -3.183332e-20 1.731680e-19 7.244958e+02
279000 4.633433e-22 -3.765739e-20 1.628059e-19 6.711964e+01
280000 2.151170e-22 -3.872802e-20 1.614871e-19 3.116172e+01
281000 3.280545e-21 -8.650442e-21 1.946301e-19 4.752178e+02
282000 1.623985e-21 -3.998702e-20 1.618301e-19 2.352495e+02
283000 2.262883e-22 -3.982256e-20 1.604046e-19 3.277999e+01
284000 1.240106e-21 -3.964325e-20 1.615969e-19 1.796410e+02
285000 3.017329e-21 -3.281954e-20 1.701978e-19 4.370885e+02
286000 5.987118e-24 -3.679507e-20 1.632109e-19 8.672904e-01
287000 3.967666e-23 -3.879226e-20 1.612474e-19 5.747537e+00
288000 2.696762e-21 -3.447284e-20 1.682239e-19 3.906513e+02
289000 1.052576e-22 -3.712612e-20 1.629791e-19 1.524756e+01
290000 1.054327e-20 -3.908261e-20 1.714607e-19 1.527292e+03
291000 1.732205e-23 -3.710209e-20 1.629152e-19 2.509263e+00
292000 6.194628e-23 -3.547457e-20 1.645874e-19 8.973502e+00
293000 3.346601e-21 -3.783084e-20 1.655158e-19 4.847866e+02
294000 3.045404e-21 -3.838159e-20 1.646638e-19 4.411555e+02
295000 6.178966e-21 -3.997898e-20 1.663531e-19 8.950813e+02
296000 2.125279e-21 -3.962118e-20 1.625041e-19 3.078667e+02
297000 2.001592e-21 -3.722134e-20 1.647803e-19 2.899494e+02
298000 7.353003e-23 -3.511057e-20 1.649630e-19 1.065152e+01
299000 2.348113e-21 -3.783129e-20 1.645168e-19 3.401463e+02
300000 4.987838e-22 -3.432611e-20 1.661727e-19 7.225353e+01
301000 2.899245e-21 -3.885336e-20 1.640459e-19 4.199829e+02
302000 1.674482e-22 -3.220260e-20 1.679649e-19 2.425645e+01
303000 7.004403e-22 -3.484290e-20 1.658575e-19 1.014654e+02
304000 4.870130e-22 -3.833287e-20 1.621541e-19 7.054842e+01
305000 1.595173e-21 -3.872958e-20 1.628656e-19 2.310758e+02
306000 7.117868e-22 -3.825789e-20 1.624539e-19 1.031090e+02
307000 5.287506e-22 -3.727030e-20 1.632585e-19 7.659450e+01
308000 9.398029e-23 -3.940848e-20 1.606855e-19 1.361393e+01
309000 1.912008e-21 -3.978275e-20 1.621295e-19 2.769724e+02
310000 6.365901e-22 -3.527712e-20 1.653595e-19 9.221606e+01
311000 4.259616e-21 -3.899214e-20 1.652675e-19 6.170455e+02
312000 1.140635e-21 -3.995961e-20 1.612675e-19 1.652317e+02
313000 2.390072e-23 -3.892579e-20 1.610981e-19 3.462245e+00
314000 3.107179e-23 -3.792789e-20 1.621032e-19 4.501042e+00
315000 2.320699e-21 -3.605701e-20 1.662637e-19 3.361752e+02
316000 2.281145e-26 -3.961699e-20 1.603830e-19 3.304454e-03
317000 3.433200e-21 -3.878771e-20 1.646455e-19 4.973313e+02
318000 2.436886e-21 -3.130498e-20 1.711319e-19 3.530059e+02
319000 1.702125e-23 -3.077001e-20 1.692470e-19 2.465688e+00
320000 1.024060e-22 -3.647645e-20 1.636260e-19 1.483448e+01
321000 2.161374e-21 -3.984314e-20 1.623201e-19 3.130953e+02
322000 1.505246e-21 -3.710816e-20 1.643971e-19 2.180490e+02
323000 1.335959e-21 -3.188046e-20 1.694555e-19 1.935263e+02
324000 4.603846e-21 -3.677600e-20 1.678278e-19 6.669104e+02
325000 4.300601e-22 -3.862529e-20 1.618048e-19 6.229825e+01
326000 1.142794e-21 -2.698448e-20 1.741583e-19 1.655445e+02
327000 4.811997e-22 -3.805347e-20 1.624277e-19 6.970631e+01
328000 5.816483e-22 -3.943015e-20 1.611515e-19 8.425723e+01
329000 3.173427e-21 -3.706173e-20 1.661117e-19 4.597007e+02
330000 4.939336e-21 -2.374827e-20 1.811911e-19 7.155093e+02
331000 8.583837e-23 -3.783783e-20 1.622480e-19 1.243450e+01
332000 2.448526e-22 -3.395282e-20 1.662920e-19 3.546920e+01
333000 5.815260e-22 -3.639930e-20 1.641822e-19 8.423951e+01
334000 3.057108e-22 -3.818764e-20 1.621181e-19 4.428509e+01
335000 3.949347e-21 -3.970103e-20 1.642483e-19 5.721001e+02
336000 7.002695e-23 -3.976183e-20 1.603083e-19 1.014406e+01
337000 7.360755e-23 -3.697859e-20 1.630950e-19 1.066275e+01
338000 4.907361e-22 -3.942598e-20 1.610648e-19 7.108775e+01
339000 5.850564e-23 -3.861351e-20 1.614450e-19 8.475093e+00
340000 3.972426e-22 -3.932480e-20 1.610724e-19 5.754433e+01
341000 3.043472e-22 -3.119577e-20 1.691086e-19 4.408756e+01
342000 1.639326e-21 -3.896284e-20 1.626765e-19 2.374718e+02
343000 7.678941e-22 -3.872540e-20 1.620425e-19 1.112367e+02
344000 3.623736e-24 -3.012228e-20 1.698813e-19 5.249323e-01
345000 1.028051e-22 -2.982536e-20 1.702774e-19 1.489229e+01
346000 4.861693e-26 -3.505123e-20 1.649488e-19 7.042619e-03
347000 4.281007e-21 -3.648954e-20 1.677915e-19 6.201442e+02
348000 6.919059e-22 -3.542097e-20 1.652709e-19 1.002291e+02
349000 4.447973e-23 -3.803979e-20 1.620047e-19 6.443307e+00
350000 1.758635e-22 -3.754806e-20 1.626278e-19 2.547548e+01
351000 2.904691e-21 -3.935082e-20 1.635539e-19 4.207718e+02
352000 4.177744e-23 -3.696176e-20 1.630800e-19 6.051856e+00
353000 2.470363e-21 -3.910604e-20 1.633643e-19 3.578554e+02
354000 4.870191e-22 -3.491338e-20 1.655736e-19 7.054929e+01
355000 5.880902e-23 -3.851106e-20 1.615477e-19 8.519040e+00
356000 8.368671e-22 -3.786451e-20 1.629724e-19 1.212281e+02
357000 3.379566e-22 -3.879045e-20 1.615475e-19 4.895619e+01
358000 9.235729e-23 -4.004588e-20 1.609912e-19 1.337882e+01
359000 2.339825e-22 -3.866034e-20 1.615736e-19 3.389457e+01
360000 5.154210e-21 -3.819622e-20 1.669580e-19 7.466358e+02
361000 1.630065e-21 -3.359479e-20 1.680353e-19 2.361302e+02
362000 2.384489e-21 -3.861158e-20 1.637729e-19 3.454156e+02
363000 2.444791e-21 -3.898958e-20 1.634552e-19 3.541510e+02
364000 6.021588e-22 -3.886871e-20 1.617334e-19 8.722837e+01
365000 3.266158e-22 -3.620083e-20 1.641258e-19 4.731337e+01
366000 5.087728e-21 -3.869822e-20 1.663895e-19 7.370053e+02
367000 1.412199e-22 -3.652911e-20 1.636121e-19 2.045703e+01
368000 1.665764e-21 -3.795463e-20 1.637111e-19 2.413015e+02
369000 3.340706e-25 -3.918184e-20 1.608185e-19 4.839327e-02
370000 3.920249e-21 -3.490626e-20 1.690140e-19 5.678849e+02
371000 8.454233e-22 -2.919928e-20 1.716461e-19 1.224675e+02
372000 1.041941e-21 -4.005203e-20 1.620923e-19 1.509350e+02
373000 2.583617e-21 -3.269535e-20 1.698883e-19 3.742612e+02
374000 2.301379e-25 -3.721098e-20 1.627892e-19 3.333764e-02
375000 2.362690e-20 -3.952511e-20 1.841018e-19 3.422579e+03
376000 1.973202e-21 -3.707482e-20 1.648984e-19 2.858369e+02
377000 1.002786e-22 -3.758728e-20 1.625130e-19 1.452630e+01
378000 2.493892e-21 -3.944732e-20 1.630466e-19 3.612637e+02
379000 1.363902e-21 -3.901039e-20 1.623535e-19 1.975740e+02
380000 2.632668e-22 -3.983152e-20 1.604330e-19 3.813667e+01
381000 7.500488e-22 -3.344724e-20 1.673028e-19 1.086516e+02
382000 2.531316e-21 -3.951978e-20 1.630115e-19 3.666849e+02
383000 9.301746e-21 -3.995908e-20 1.694277e-19 1.347445e+03
384000 2.832938e-21 -3.964297e-20 1.631900e-19 4.103777e+02
385000 6.842020e-22 -3.857082e-20 1.621134e-19 9.911309e+01
386000 5.244794e-22 -2.829714e-20 1.722273e-19 7.597578e+01
387000 2.632047e-21 -3.987452e-20 1.627631e-19 3.812768e+02
388000 1.062218e-21 -3.410218e-20 1.669600e-19 1.538722e+02
389000 3.404705e-21 -3.044979e-20 1.729549e-19 4.932036e+02
390000 5.853573e-21 -3.997560e-20 1.660168e-19 8.479452e+02
391000 2.281693e-22 -2.776277e-20 1.724654e-19 3.305248e+01
392000 3.752598e-21 -3.792065e-20 1.658319e-19 5.435991e+02
393000 4.022786e-22 -3.684689e-20 1.635554e-19 5.827384e+01
394000 1.833810e-21 -3.851168e-20 1.633221e-19 2.656447e+02
395000 2.206537e-22 -3.734434e-20 1.628763e-19 3.196377e+01
396000 7.416998e-22 -3.898571e-20 1.617560e-19 1.074422e+02
397000 5.047172e-21 -3.914579e-20 1.659014e-19 7.311304e+02
398000 3.948724e-23 -3.708923e-20 1.629503e-19 5.720098e+00
399000 1.995276e-21 -3.983442e-20 1.621622e-19 2.890346e+02
400000 4.180310e-22 -3.981568e-20 1.606030e-19 6.055572e+01
401000 2.312633e-21 -3.636148e-20 1.659512e-19 3.350066e+02
402000 2.066543e-22 -3.849616e-20 1.617105e-19 2.993582e+01
403000 2.052058e-21 -3.504365e-20 1.670084e-19 2.972599e+02
404000 6.805257e-23 -3.816423e-20 1.619038e-19 9.858055e+00
405000 1.801074e-22 -3.945195e-20 1.607282e-19 2.609025e+01
406000 2.307795e-21 -3.039847e-20 1.719093e-19 3.343059e+02
407000 5.306007e-23 -3.122602e-20 1.688270e-19 7.686250e+00
408000 4.974559e-22 -3.710155e-20 1.633959e-19 7.206117e+01
409000 3.865224e-21 -3.184565e-20 1.720196e-19 5.599140e+02
410000 3.546558e-22 -3.355415e-20 1.668005e-19 5.137522e+01
411000 1.945267e-21 -3.868983e-20 1.632554e-19 2.817903e+02
412000 2.814848e-22 -3.955374e-20 1.607277e-19 4.077572e+01
413000 8.955729e-23 -3.981278e-20 1.602774e-19 1.297322e+01
414000 4.152230e-21 -3.435801e-20 1.697942e-19 6.014896e+02
415000 1.413951e-21 -3.889732e-20 1.625166e-19 2.048242e+02
416000 6.164449e-22 -3.696053e-20 1.636559e-19 8.929785e+01
417000 6.908504e-21 -3.553352e-20 1.713750e-19 1.000762e+03
418000 8.164030e-21 -3.893554e-20 1.692285e-19 1.182637e+03
419000 2.372461e-22 -3.602876e-20 1.642085e-19 3.436733e+01
420000 4.559072e-21 -3.993791e-20 1.646656e-19 6.604245e+02
421000 5.853396e-22 -3.885419e-20 1.617311e-19 8.479195e+01
422000 2.051982e-23 -3.787565e-20 1.621449e-19 2.972490e+00
423000 5.975024e-22 -3.386324e-20 1.667343e-19 8.655385e+01
424000 8.926369e-21 -3.501044e-20 1.739159e-19 1.293069e+03
425000 1.629020e-21 -3.312183e-20 1.685072e-19 2.359788e+02
426000 3.354294e-23 -3.483446e-20 1.651991e-19 4.859011e+00
427000 3.399763e-21 -3.899562e-20 1.644041e-19 4.924877e+02
428000 2.462844e-22 -3.733028e-20 1.629160e-19 3.567662e+01
429000 8.234582e-22 -3.800852e-20 1.628149e-19 1.192857e+02
430000 1.049668e-21 -3.898394e-20 1.620657e-19 1.520543e+02
431000 2.279372e-21 -3.623633e-20 1.660430e-19 3.301884e+02
432000 7.351302e-23 -3.835314e-20 1.617204e-19 1.064905e+01
433000 4.628684e-22 -3.806423e-20 1.623986e-19 6.705084e+01
434000 6.497945e-22 -3.306110e-20 1.675887e-19 9.412885e+01
435000 2.128952e-21 -3.995447e-20 1.622485e-19 3.083987e+02
436000 2.240669e-21 -3.875399e-20 1.634867e-19 3.245820e+02
437000 1.316001e-21 -3.928031e-20 1.620357e-19 1.906351e+02
438000 1.008253e-21 -3.540262e-20 1.656056e-19 1.460549e+02
439000 1.872702e-21 -3.930705e-20 1.625657e-19 2.712785e+02
440000 1.236375e-23 -3.692301e-20 1.630894e-19 1.791006e+00
441000 7.395621e-21 -3.997684e-20 1.675627e-19 1.071325e+03
442000 4.953818e-24 -2.680751e-20 1.731974e-19 7.176071e-01
443000 1.616233e-22 -4.011125e-20 1.644022e-19 2.341266e+01
444000 8.020611e-22 -3.587739e-20 1.649247e-19 1.161861e+02
445000 5.843000e-23 -3.799656e-20 1.620619e-19 8.464136e+00
446000 4.995754e-22 -3.944692e-20 1.610527e-19 7.236820e+01
447000 1.310355e-22 -3.993619e-20 1.602370e-19 1.898173e+01
448000 2.678273e-22 -3.191363e-20 1.683542e-19 3.879731e+01
449000 2.818226e-22 -3.899155e-20 1.612903e-19 4.082466e+01
450000 1.008589e-21 -3.805945e-20 1.629491e-19 1.461037e+02
451000 1.384767e-24 -4.012163e-20 1.652932e-19 2.005966e-01
452000 4.374236e-21 -3.471228e-20 1.696620e-19 6.336492e+02
453000 2.437190e-24 -3.974277e-20 1.602597e-19 3.530499e-01
454000 1.467822e-28 -3.216001e-20 1.678400e-19 2.126278e-05
455000 4.835020e-21 -3.996659e-20 1.649749e-19 7.003981e+02
456000 9.192159e-22 -3.923553e-20 1.616837e-19 1.331571e+02
457000 4.033235e-22 -3.662196e-20 1.637814e-19 5.842521e+01
458000 1.644155e-22 -3.844061e-20 1.617238e-19 2.381713e+01
459000 1.858741e-21 -3.947208e-20 1.623867e-19 2.692562e+02
460000 7.701175e-24 -3.909531e-20 1.609124e-19 1.115588e+00
461000 4.747063e-21 -2.236892e-20 1.823781e-19 6.876568e+02
462000 1.172110e-22 -3.914405e-20 1.609732e-19 1.697911e+01
463000 2.909948e-21 -3.716207e-20 1.657479e-19 4.215334e+02
464000 5.615413e-21 -3.428430e-20 1.713311e-19 8.134454e+02
465000 1.238323e-21 -3.221530e-20 1.690230e-19 1.793827e+02
466000 1.145937e-21 -3.683827e-20 1.643077e-19 1.659998e+02
467000 7.782580e-21 -3.928284e-20 1.684997e-19 1.127380e+03
468000 2.676633e-21 -3.919492e-20 1.634817e-19 3.877354e+02
469000 2.759510e-21 -3.796493e-20 1.647946e-19 3.997410e+02
470000 1.337277e-21 -3.906961e-20 1.622677e-19 1.937172e+02
471000 2.082698e-21 -3.668774e-20 1.653950e-19 3.016985e+02
472000 3.613196e-22 -4.001307e-20 1.607475e-19 5.234054e+01
473000 1.042271e-22 -3.602790e-20 1.640763e-19 1.509828e+01
474000 3.083607e-22 -3.919153e-20 1.611168e-19 4.466896e+01
475000 5.580665e-21 -3.886263e-20 1.667180e-19 8.084119e+02
476000 5.053266e-21 -4.004363e-20 1.659019e-19 7.320132e+02
477000 4.453273e-21 -3.830543e-20 1.661478e-19 6.450985e+02
478000 8.240193e-24 -3.901576e-20 1.609925e-19 1.193670e+00
479000 1.539512e-21 -3.324507e-20 1.682944e-19 2.230128e+02
480000 2.675085e-22 -3.945176e-20 1.608157e-19 3.875112e+01
481000 7.657117e-21 -3.690592e-20 1.707512e-19 1.109205e+03
482000 1.328178e-21 -2.600925e-20 1.753189e-19 1.923991e+02
483000 6.728160e-21 -3.213734e-20 1.745908e-19 9.746373e+02
484000 1.251006e-22 -3.602948e-20 1.640956e-19 1.812200e+01
485000 4.875003e-21 -3.874061e-20 1.661344e-19 7.061901e+02
486000 4.411995e-22 -2.539151e-20 1.750497e-19 6.391190e+01
487000 1.387563e-20 -3.572923e-20 1.781464e-19 2.010016e+03
488000 2.090186e-22 -3.995563e-20 1.603300e-19 3.027830e+01
489000 1.745573e-22 -3.911742e-20 1.610571e-19 2.528627e+01
490000 9.798153e-22 -3.220179e-20 1.687780e-19 1.419355e+02
491000 4.274765e-21 -3.414281e-20 1.701320e-19 6.192399e+02
492000 8.740063e-22 -3.867271e-20 1.622013e-19 1.266080e+02
493000 5.204840e-21 -3.771492e-20 1.674899e-19 7.539701e+02
494000 4.377650e-22 -3.485518e-20 1.655826e-19 6.341438e+01
495000 4.928002e-22 -3.952925e-20 1.609636e-19 7.138675e+01
496000 6.266926e-21 -3.641305e-20 1.698539e-19 9.078232e+02
497000 7.297331e-21 -3.733815e-20 1.699592e-19 1.057087e+03
498000 3.979397e-22 -3.973734e-20 1.606606e-19 5.764531e+01
499000 1.683248e-21 -3.993436e-20 1.617887e-19 2.438343e+02
500000 1.467192e-21 -3.516049e-20 1.663067e-19 2.125366e+02
501000 2.977002e-21 -4.003077e-20 1.635864e-19 4.312467e+02
502000 2.454598e-21 -3.650797e-20 1.659466e-19 3.555716e+02
503000 8.037538e-21 -3.848343e-20 1.695541e-19 1.164313e+03
504000 4.687855e-21 -3.322594e-20 1.714619e-19 6.790799e+02
505000 2.960040e-21 -3.871042e-20 1.642496e-19 4.287897e+02
506000 8.441681e-22 -2.433068e-20 1.765135e-19 1.222857e+02
507000 2.752302e-23 -3.965288e-20 1.603746e-19 3.986969e+00
508000 4.233969e-22 -3.964855e-20 1.607749e-19 6.133303e+01
509000 4.316072e-22 -3.840926e-20 1.620224e-19 6.252236e+01
510000 6.793501e-23 -3.758884e-20 1.624791e-19 9.841026e+00
511000 9.677448e-22 -4.012916e-20 1.671537e-19 1.401869e+02
512000 2.319713e-23 -3.755564e-20 1.624676e-19 3.360322e+00
513000 3.017592e-21 -3.567395e-20 1.673436e-19 4.371265e+02
514000 2.173396e-24 -3.697737e-20 1.630248e-19 3.148368e-01
515000 1.527125e-21 -3.903469e-20 1.624924e-19 2.212184e+02
516000 1.522003e-22 -3.528265e-20 1.648696e-19 2.204765e+01
517000 2.391317e-22 -3.952822e-20 1.607109e-19 3.464048e+01
518000 6.359526e-22 -3.117547e-20 1.694605e-19 9.212372e+01
519000 1.171662e-21 -3.742597e-20 1.637457e-19 1.697262e+02
520000 2.547078e-21 -3.181757e-20 1.707295e-19 3.689682e+02
521000 2.161965e-21 -3.675496e-20 1.654070e-19 3.131810e+02
522000 4.447417e-21 -3.968629e-20 1.647611e-19 6.442502e+02
523000 2.418420e-22 -3.795463e-20 1.622872e-19 3.503309e+01
524000 3.646255e-21 -3.687789e-20 1.667684e-19 5.281943e+02
525000 4.801287e-23 -3.757589e-20 1.624721e-19 6.955115e+00
526000 9.455668e-22 -3.496751e-20 1.659781e-19 1.369743e+02
527000 8.262154e-21 -3.435149e-20 1.739107e-19 1.196851e+03
528000 2.347311e-22 -3.760830e-20 1.626264e-19 3.400300e+01
529000 3.058609e-21 -3.473908e-20 1.683195e-19 4.430684e+02
530000 1.222548e-24 -3.372845e-20 1.662728e-19 1.770976e-01
531000 5.998672e-21 -3.891249e-20 1.670862e-19 8.689641e+02
532000 2.400714e-24 -3.999313e-20 1.602390e-19 3.477660e-01
533000 1.327095e-21 -4.018742e-20 1.794705e-19 1.922422e+02
534000 1.684206e-21 -3.289966e-20 1.687845e-19 2.439731e+02
535000 7.403209e-23 -3.077919e-20 1.692948e-19 1.072425e+01
536000 3.454581e-22 -3.349386e-20 1.668516e-19 5.004286e+01
537000 7.385303e-23 -3.658896e-20 1.634849e-19 1.069831e+01
538000 5.206760e-21 -3.859150e-20 1.666153e-19 7.542481e+02
539000 1.134641e-22 -3.758665e-20 1.625268e-19 1.643634e+01
540000 4.593753e-22 -3.257995e-20 1.678794e-19 6.654483e+01
541000 8.537250e-22 -4.008507e-20 1.632036e-19 1.236701e+02
542000 2.010707e-23 -4.000969e-20 1.603745e-19 2.912698e+00
543000 2.872571e-22 -3.874320e-20 1.615441e-19 4.161190e+01
544000 9.543849e-22 -3.949121e-20 1.614632e-19 1.382516e+02
545000 1.473219e-21 -3.931051e-20 1.621627e-19 2.134096e+02
546000 6.396287e-22 -3.365863e-20 1.669810e-19 9.265624e+01
547000 1.257197e-22 -3.589470e-20 1.642310e-19 1.821169e+01
548000 7.274336e-23 -3.952621e-20 1.605465e-19 1.053756e+01
549000 3.383122e-21 -2.563871e-20 1.777444e-19 4.900770e+02
550000 1.547113e-20 -3.971893e-20 1.757522e-19 2.241139e+03
551000 2.784479e-22 -3.608656e-20 1.641919e-19 4.033580e+01
552000 1.915261e-21 -3.921123e-20 1.627040e-19 2.774436e+02
553000 1.325262e-21 -3.816548e-20 1.631598e-19 1.919767e+02
554000 2.567344e-21 -3.535076e-20 1.672166e-19 3.719039e+02
555000 2.661328e-20 -3.992145e-20 1.867183e-19 3.855183e+03
556000 2.401125e-21 -3.898875e-20 1.634124e-19 3.478256e+02
557000 1.017520e-21 -3.729059e-20 1.637269e-19 1.473974e+02
558000 6.298350e-22 -3.774007e-20 1.628898e-19 9.123753e+01
559000 7.262290e-23 -3.713671e-20 1.629359e-19 1.052011e+01
560000 7.355864e-21 -3.613623e-20 1.712196e-19 1.065566e+03
561000 1.154869e-23 -3.944762e-20 1.605639e-19 1.672937e+00
562000 2.773315e-21 -3.571888e-20 1.670544e-19 4.017408e+02
563000 1.793142e-21 -2.547025e-20 1.763229e-19 2.597535e+02
564000 2.170770e-21 -3.714997e-20 1.650208e-19 3.144565e+02
565000 1.545425e-21 -3.534583e-20 1.661996e-19 2.238694e+02
566000 2.241832e-21 -3.871559e-20 1.635262e-19 3.247505e+02
567000 2.023235e-21 -3.128358e-20 1.707397e-19 2.930846e+02
568000 3.352498e-22 -3.255180e-20 1.677835e-19 4.856409e+01
569000 5.936487e-21 -3.939914e-20 1.665373e-19 8.599560e+02
570000 3.089907e-21 -2.431401e-20 1.787759e-19 4.476022e+02
571000 8.869567e-22 -3.582462e-20 1.650623e-19 1.284840e+02
572000 2.856894e-21 -3.965801e-20 1.631989e-19 4.138479e+02
573000 1.752044e-21 -3.821647e-20 1.635356e-19 2.538001e+02
574000 1.035287e-20 -3.227356e-20 1.780793e-19 1.499710e+03
575000 1.678266e-21 -3.650362e-20 1.651746e-19 2.431127e+02
576000 5.244028e-22 -3.764406e-20 1.628803e-19 7.596468e+01
577000 6.646435e-22 -3.991001e-20 1.607729e-19 9.627986e+01
578000 6.233988e-22 -3.889627e-20 1.617271e-19 9.030518e+01
579000 7.357344e-21 -3.496791e-20 1.723894e-19 1.065781e+03
580000 5.077875e-21 -3.308320e-20 1.719947e-19 7.355780e+02
581000 4.750854e-21 -3.877282e-20 1.659780e-19 6.882059e+02
582000 2.906878e-21 -3.996062e-20 1.630353e-19 4.210887e+02
583000 1.093570e-21 -3.665933e-20 1.644342e-19 1.584139e+02
584000 4.858632e-21 -3.795021e-20 1.669084e-19 7.038186e+02
585000 2.261590e-22 -3.890617e-20 1.613200e-19 3.276125e+01
586000 3.583070e-22 -3.365378e-20 1.667045e-19 5.190413e+01
587000 6.819451e-23 -3.324170e-20 1.668265e-19 9.878617e+00
588000 4.540139e-21 -3.745004e-20 1.670901e-19 6.576818e+02
589000 2.925775e-22 -3.815749e-20 1.621351e-19 4.238260e+01
590000 1.886832e-21 -3.824541e-20 1.636414e-19 2.733254e+02
591000 8.667619e-22 -3.942860e-20 1.614382e-19 1.255586e+02
592000 6.604007e-24 -2.943462e-20 1.705720e-19 9.566526e-01
593000 4.526247e-21 -3.963953e-20 1.648867e-19 6.556695e+02
594000 3.551692e-21 -3.938606e-20 1.641656e-19 5.144960e+02
595000 3.604816e-23 -3.959010e-20 1.604460e-19 5.221916e+00
596000 5.827600e-22 -3.916953e-20 1.614132e-19 8.441826e+01
597000 7.881677e-22 -3.795802e-20 1.628302e-19 1.141735e+02
598000 8.487735e-21 -3.755085e-20 1.709369e-19 1.229528e+03
599000 5.247582e-21 -3.896570e-20 1.662819e-19 7.601617e+02
600000 1.974383e-23 -3.675248e-20 1.632673e-19 2.860080e+00
601000 1.341198e-21 -3.502189e-20 1.663193e-19 1.942852e+02
602000 7.772326e-22 -3.913868e-20 1.616386e-19 1.125895e+02
603000 5.125896e-22 -3.646810e-20 1.640445e-19 7.425343e+01
604000 3.641639e-21 -3.485863e-20 1.687830e-19 5.275256e+02
605000 4.406316e-21 -3.665766e-20 1.677487e-19 6.382963e+02
606000 2.618369e-22 -3.640365e-20 1.638582e-19 3.792953e+01
607000 1.408954e-22 -3.330729e-20 1.668336e-19 2.041003e+01
608000 6.040475e-21 -3.910708e-20 1.669334e-19 8.750196e+02
609000 2.731389e-21 -3.528636e-20 1.674450e-19 3.956675e+02
610000 9.467376e-22 -3.473624e-20 1.662105e-19 1.371439e+02
611000 1.559722e-23 -3.708592e-20 1.629297e-19 2.259405e+00
612000 1.613321e-22 -3.918407e-20 1.609773e-19 2.337047e+01
613000 1.176923e-21 -3.016429e-20 1.710126e-19 1.704884e+02
614000 3.089789e-21 -3.950391e-20 1.635859e-19 4.475851e+02
615000 3.364080e-21 -3.915436e-20 1.642097e-19 4.873186e+02
616000 7.144587e-22 -3.841231e-20 1.623022e-19 1.034961e+02
617000 1.821400e-24 -3.922053e-20 1.607813e-19 2.638470e-01
618000 1.201338e-22 -3.991492e-20 1.602267e-19 1.740251e+01
619000 4.537000e-22 -3.801222e-20 1.624415e-19 6.572272e+01
620000 2.625370e-22 -3.298635e-20 1.672762e-19 3.803095e+01
621000 1.643452e-21 -3.255655e-20 1.690869e-19 2.380695e+02
622000 3.543580e-23 -3.997352e-20 1.601925e-19 5.133209e+00
623000 4.067845e-22 -4.003111e-20 1.610216e-19 5.892657e+01
624000 2.055435e-22 -3.188288e-20 1.683227e-19 2.977491e+01
625000 7.958942e-22 -2.475091e-20 1.760450e-19 1.152928e+02
626000 3.403227e-21 -3.637235e-20 1.670309e-19 4.929895e+02
627000 1.158901e-21 -3.363449e-20 1.675244e-19 1.678777e+02
628000 2.026243e-21 -3.977454e-20 1.622519e-19 2.935204e+02
629000 1.591816e-23 -3.977556e-20 1.602405e-19 2.305895e+00
630000 3.526977e-23 -3.797241e-20 1.620629e-19 5.109159e+00
631000 5.804698e-22 -3.958502e-20 1.609954e-19 8.408651e+01
632000 4.558403e-21 -4.003468e-20 1.652325e-19 6.603276e+02
633000 8.997202e-23 -3.758067e-20 1.625093e-19 1.303329e+01
634000 1.382244e-21 -3.954879e-20 1.618335e-19 2.002310e+02
635000 3.954882e-21 -4.007784e-20 1.659358e-19 5.729018e+02
636000 8.621533e-24 -3.456180e-20 1.654468e-19 1.248910e+00
637000 9.654445e-24 -3.958142e-20 1.604282e-19 1.398537e+00
638000 3.407250e-23 -3.979723e-20 1.602372e-19 4.935722e+00
639000 1.614437e-21 -3.850429e-20 1.631101e-19 2.338663e+02
640000 8.128960e-21 -1.817313e-20 1.899558e-19 1.177556e+03
641000 3.722276e-24 -3.987782e-20 1.601322e-19 5.392067e-01
642000 1.463643e-21 -3.888696e-20 1.625767e-19 2.120225e+02
643000 2.304839e-22 -3.946041e-20 1.607701e-19 3.338776e+01
644000 2.877453e-21 -3.834164e-20 1.645358e-19 4.168262e+02
645000 8.820792e-21 -3.376004e-20 1.750608e-19 1.277775e+03
646000 1.514391e-23 -3.107912e-20 1.689360e-19 2.193738e+00
647000 2.411959e-21 -3.981522e-20 1.625974e-19 3.493949e+02
648000 2.724980e-21 -3.902129e-20 1.637037e-19 3.947390e+02
649000 1.617562e-21 -3.873396e-20 1.628836e-19 2.343191e+02
650000 3.639309e-21 -3.956871e-20 1.640706e-19 5.271881e+02
651000 6.024346e-22 -3.930597e-20 1.612965e-19 8.726833e+01
652000 7.887159e-23 -3.843668e-20 1.616422e-19 1.142529e+01
653000 4.944735e-21 -3.870591e-20 1.662388e-19 7.162914e+02
654000 2.162752e-21 -3.355705e-20 1.686057e-19 3.132950e+02
655000 1.470427e-21 -3.921756e-20 1.622529e-19 2.130051e+02
656000 7.661398e-22 -3.913937e-20 1.616268e-19 1.109826e+02
657000 2.442154e-21 -3.323762e-20 1.692045e-19 3.537689e+02
658000 5.170226e-23 -3.938017e-20 1.606715e-19 7.489559e+00
659000 2.205618e-21 -3.877681e-20 1.634288e-19 3.195045e+02
660000 5.632008e-21 -3.595620e-20 1.696758e-19 8.158494e+02
661000 2.692457e-21 -3.881159e-20 1.638809e-19 3.900278e+02
662000 1.796560e-23 -3.948355e-20 1.605344e-19 2.602487e+00
663000 4.500782e-21 -3.821118e-20 1.662896e-19 6.519807e+02
664000 5.350999e-22 -3.673624e-20 1.637989e-19 7.751426e+01
665000 5.790006e-21 -3.866387e-20 1.671261e-19 8.387368e+02
666000 3.780271e-22 -3.375649e-20 1.666215e-19 5.476079e+01
667000 2.278508e-21 -3.884438e-20 1.634341e-19 3.300634e+02
668000 1.084570e-21 -3.773139e-20 1.633532e-19 1.571102e+02
669000 1.998801e-21 -3.808774e-20 1.639111e-19 2.895452e+02
670000 5.166549e-21 -3.844942e-20 1.667171e-19 7.484233e+02
671000 5.391936e-22 -3.897569e-20 1.615635e-19 7.810727e+01
672000 2.309918e-21 -3.817704e-20 1.641329e-19 3.346134e+02
673000 5.767542e-22 -3.203037e-20 1.685464e-19 8.354828e+01
674000 3.904509e-21 -3.831830e-20 1.655862e-19 5.656049e+02
675000 1.829233e-20 -3.816618e-20 1.801262e-19 2.649817e+03
676000 1.263162e-22 -3.948749e-20 1.606388e-19 1.829809e+01
677000 3.681934e-21 -3.919806e-20 1.644839e-19 5.333628e+02
678000 1.445839e-21 -3.855071e-20 1.628951e-19 2.094434e+02
679000 1.983754e-21 -3.565580e-20 1.663280e-19 2.873654e+02
680000 1.294528e-21 -1.832663e-20 1.829679e-19 1.875246e+02
681000 5.461477e-21 -3.787832e-20 1.675832e-19 7.911464e+02
682000 1.139272e-22 -3.705927e-20 1.630547e-19 1.650342e+01
683000 6.410346e-22 -3.901181e-20 1.616292e-19 9.285990e+01
684000 1.894029e-24 -3.497264e-20 1.650293e-19 2.743679e-01
685000 9.567836e-23 -3.217831e-20 1.679174e-19 1.385991e+01
686000 8.879524e-24 -3.709775e-20 1.629111e-19 1.286283e+00
687000 4.307595e-22 -3.817663e-20 1.622541e-19 6.239957e+01
688000 8.344108e-24 -3.771381e-20 1.622945e-19 1.208723e+00
689000 4.655707e-21 -3.936742e-20 1.652883e-19 6.744230e+02
690000 1.133090e-20 -3.761251e-20 1.737184e-19 1.641388e+03
691000 1.869854e-21 -3.215194e-20 1.697179e-19 2.708659e+02
692000 8.079019e-22 -3.853666e-20 1.622712e-19 1.170322e+02
693000 1.680579e-22 -3.592209e-20 1.642460e-19 2.434477e+01
694000 2.513973e-21 -3.655501e-20 1.659590e-19 3.641726e+02
695000 8.186207e-26 -3.061397e-20 1.693861e-19 1.185849e-02
696000 1.918614e-21 -3.380589e-20 1.681127e-19 2.779293e+02
697000 2.730542e-22 -3.627075e-20 1.640023e-19 3.955447e+01
698000 5.642144e-22 -3.663224e-20 1.639320e-19 8.173177e+01
699000 3.619837e-21 -3.281681e-20 1.708030e-19 5.243675e+02
700000 1.269136e-21 -3.500409e-20 1.662650e-19 1.838463e+02
701000 4.126085e-21 -3.979625e-20 1.643302e-19 5.977022e+02
702000 5.075658e-22 -3.770544e-20 1.628021e-19 7.352568e+01
703000 6.283862e-22 -4.005575e-20 1.617821e-19 9.102766e+01
704000 1.511747e-22 -3.925574e-20 1.608954e-19 2.189907e+01
705000 2.019856e-21 -3.822897e-20 1.637909e-19 2.925951e+02
706000 4.465532e-23 -3.360262e-20 1.664420e-19 6.468743e+00
707000 5.217198e-22 -3.920350e-20 1.613182e-19 7.557603e+01
708000 1.156900e-21 -3.084332e-20 1.703136e-19 1.675879e+02
709000 4.234385e-22 -3.850721e-20 1.619162e-19 6.133906e+01
710000 1.905871e-21 -3.673889e-20 1.651670e-19 2.760834e+02
711000 6.779864e-23 -3.815662e-20 1.619112e-19 9.821271e+00
712000 1.663342e-22 -3.340215e-20 1.667642e-19 2.409507e+01
713000 3.480492e-22 -3.935517e-20 1.609929e-19 5.041821e+01
714000 1.463360e-22 -3.808945e-20 1.620569e-19 2.119815e+01
715000 3.481655e-21 -3.939677e-20 1.640849e-19 5.043505e+02
716000 1.142745e-23 -3.921611e-20 1.607953e-19 1.655373e+00
717000 3.555728e-21 -3.955630e-20 1.639994e-19 5.150807e+02
718000 2.829319e-22 -3.945027e-20 1.608327e-19 4.098535e+01
719000 3.459718e-21 -3.945146e-20 1.640083e-19 5.011727e+02
720000 9.084476e-22 -3.976363e-20 1.611449e-19 1.315972e+02
721000 2.801468e-23 -3.947871e-20 1.605493e-19 4.058190e+00
722000 9.885558e-23 -3.940353e-20 1.606953e-19 1.432016e+01
723000 4.715999e-21 -2.964495e-20 1.750710e-19 6.831568e+02
724000 3.443109e-21 -3.918951e-20 1.642536e-19 4.987667e+02
725000 1.131742e-21 -3.896124e-20 1.621705e-19 1.639435e+02
726000 8.728946e-22 -3.886611e-20 1.620068e-19 1.264470e+02
727000 3.357121e-21 -3.767487e-20 1.656823e-19 4.863106e+02
728000 2.828469e-21 -3.934882e-20 1.634796e-19 4.097303e+02
729000 5.756603e-21 -2.834756e-20 1.774090e-19 8.338981e+02
730000 1.210769e-22 -3.902455e-20 1.610965e-19 1.753914e+01
731000 4.142790e-21 -3.400126e-20 1.701415e-19 6.001221e+02
732000 1.325904e-21 -3.966449e-20 1.616614e-19 1.920696e+02
733000 4.975351e-21 -3.977261e-20 1.652029e-19 7.207264e+02
734000 3.541227e-21 -2.530272e-20 1.782385e-19 5.129800e+02
735000 3.821256e-22 -4.008568e-20 1.627652e-19 5.535449e+01
736000 1.856586e-21 -3.542127e-20 1.664353e-19 2.689440e+02
737000 2.961886e-22 -3.994418e-20 1.604060e-19 4.290571e+01
738000 6.625002e-22 -3.932618e-20 1.613363e-19 9.596938e+01
739000 1.416625e-21 -3.784481e-20 1.635718e-19 2.052115e+02
740000 1.534884e-21 -3.798944e-20 1.635454e-19 2.223424e+02
741000 4.374697e-23 -3.982935e-20 1.602155e-19 6.337160e+00
742000 6.431461e-21 -2.787330e-20 1.785582e-19 9.316577e+02
743000 2.452448e-22 -3.870440e-20 1.615408e-19 3.552601e+01
744000 8.222152e-21 -3.908119e-20 1.691410e-19 1.191056e+03
745000 1.192969e-21 -3.297882e-20 1.682142e-19 1.728128e+02
746000 1.434090e-21 -4.004975e-20 1.624256e-19 2.077415e+02
747000 1.371202e-22 -3.525618e-20 1.648809e-19 1.986315e+01
748000 1.221084e-21 -3.982248e-20 1.613995e-19 1.768855e+02
749000 3.619197e-22 -3.512025e-20 1.652417e-19 5.242747e+01
750000 2.173905e-21 -3.869013e-20 1.634838e-19 3.149105e+02
751000 5.782930e-21 -3.541130e-20 1.703716e-19 8.377119e+02
752000 2.455132e-21 -3.992061e-20 1.625603e-19 3.556490e+02
753000 1.639407e-23 -3.981146e-20 1.602055e-19 2.374836e+00
754000 2.737473e-22 -3.806497e-20 1.622088e-19 3.965487e+01
755000 3.692792e-21 -3.516017e-20 1.685326e-19 5.349357e+02
756000 4.771812e-21 -3.334443e-20 1.714274e-19 6.912419e+02
757000 1.055267e-22 -3.591095e-20 1.641946e-19 1.528653e+01
758000 1.131808e-21 -3.506982e-20 1.660620e-19 1.639530e+02
759000 7.706951e-21 -3.506517e-20 1.726418e-19 1.116424e+03
760000 2.774474e-21 -3.845284e-20 1.643216e-19 4.019086e+02
761000 9.316312e-22 -3.731172e-20 1.636199e-19 1.349555e+02
762000 9.640907e-23 -3.959258e-20 1.605038e-19 1.396576e+01
763000 8.531699e-22 -3.559140e-20 1.652618e-19 1.235897e+02
764000 4.844715e-22 -4.005387e-20 1.615848e-19 7.018026e+01
765000 7.107760e-21 -3.506742e-20 1.720403e-19 1.029626e+03
766000 7.654408e-21 -3.313692e-20 1.745175e-19 1.108813e+03
767000 3.627897e-21 -3.920156e-20 1.644263e-19 5.255351e+02
768000 3.854460e-22 -3.886444e-20 1.615210e-19 5.583548e+01
769000 1.010934e-21 -3.497160e-20 1.660393e-19 1.464434e+02
770000 8.496078e-23 -3.736255e-20 1.627224e-19 1.230737e+01
771000 1.058563e-22 -3.833235e-20 1.617735e-19 1.533428e+01
772000 4.385788e-23 -3.960730e-20 1.604366e-19 6.353227e+00
773000 5.272967e-22 -3.916754e-20 1.613598e-19 7.638388e+01
774000 1.737940e-21 -3.434640e-20 1.673915e-19 2.517570e+02
775000 5.375463e-22 -3.972150e-20 1.608161e-19 7.786864e+01
776000 6.498692e-23 -3.996024e-20 1.601928e-19 9.413967e+00
777000 4.292405e-24 -3.617689e-20 1.638274e-19 6.217953e-01
778000 3.379834e-21 -3.612683e-20 1.672530e-19 4.896008e+02
779000 5.782793e-22 -3.443137e-20 1.661469e-19 8.376919e+01
780000 3.007610e-22 -3.198425e-20 1.683165e-19 4.356806e+01
781000 2.401414e-22 -3.496845e-20 1.652717e-19 3.478673e+01
782000 1.474559e-21 -3.946314e-20 1.620114e-19 2.136038e+02
783000 3.988131e-22 -3.981020e-20 1.605892e-19 5.777183e+01
784000 4.882715e-21 -3.325389e-20 1.716288e-19 7.073073e+02
785000 4.446746e-21 -3.974489e-20 1.647019e-19 6.441530e+02
786000 9.059027e-22 -3.667808e-20 1.642278e-19 1.312285e+02
787000 3.847430e-21 -3.857664e-20 1.652708e-19 5.573364e+02
788000 3.054060e-22 -3.986974e-20 1.604404e-19 4.424094e+01
789000 4.096755e-22 -3.982035e-20 1.605901e-19 5.934536e+01
790000 1.633583e-22 -2.943518e-20 1.707282e-19 2.366398e+01
791000 1.371015e-20 -3.844349e-20 1.752667e-19 1.986044e+03
792000 2.288015e-22 -2.930783e-20 1.709210e-19 3.314405e+01
793000 1.571155e-22 -3.887065e-20 1.612865e-19 2.275966e+01
794000 2.372917e-22 -3.915484e-20 1.610825e-19 3.437393e+01
795000 2.736424e-22 -3.752989e-20 1.627438e-19 3.963968e+01
796000 1.577190e-21 -3.866596e-20 1.629112e-19 2.284708e+02
797000 1.051987e-21 -3.945996e-20 1.615920e-19 1.523902e+02
798000 1.108168e-22 -3.013072e-20 1.699801e-19 1.605285e+01
799000 9.028784e-23 -3.856892e-20 1.615214e-19 1.307904e+01
800000 9.964059e-22 -3.985387e-20 1.611453e-19 1.443388e+02
801000 6.202066e-24 -3.827983e-20 1.617264e-19 8.984276e-01
802000 5.526195e-23 -3.658517e-20 1.634701e-19 8.005214e+00
803000 7.712583e-22 -3.847537e-20 1.622959e-19 1.117240e+02
804000 2.078935e-21 -4.003411e-20 1.627433e-19 3.011534e+02
805000 8.741687e-21 -3.849702e-20 1.702447e-19 1.266316e+03
806000 5.008929e-21 -3.853331e-20 1.664756e-19 7.255905e+02
807000 4.520919e-21 -3.834839e-20 1.661725e-19 6.548976e+02
808000 1.047617e-23 -3.977963e-20 1.602310e-19 1.517572e+00
809000 3.953541e-22 -3.534892e-20 1.650464e-19 5.727076e+01
810000 2.467825e-23 -4.008537e-20 1.623908e-19 3.574877e+00
811000 2.369840e-22 -3.976484e-20 1.604722e-19 3.432936e+01
812000 4.592915e-21 -3.270134e-20 1.718916e-19 6.653269e+02
813000 1.051521e-20 -3.859682e-20 1.719184e-19 1.523227e+03
814000 1.854691e-21 -3.994452e-20 1.619648e-19 2.686694e+02
815000 4.990411e-21 -3.456725e-20 1.704232e-19 7.229079e+02
816000 3.692847e-22 -3.831646e-20 1.620528e-19 5.349437e+01
817000 4.820293e-22 -3.944763e-20 1.610344e-19 6.982648e+01
818000 1.246144e-22 -3.813324e-20 1.619914e-19 1.805157e+01
819000 5.606109e-23 -3.889127e-20 1.611648e-19 8.120977e+00
820000 6.507438e-22 -3.926192e-20 1.613888e-19 9.426637e+01
821000 4.475072e-23 -3.595627e-20 1.640885e-19 6.482563e+00
822000 8.362593e-22 -3.878320e-20 1.620531e-19 1.211400e+02
823000 6.077296e-21 -3.771911e-20 1.683582e-19 8.803536e+02
824000 4.190872e-21 -3.636297e-20 1.678279e-19 6.070872e+02
825000 2.779423e-22 -3.694230e-20 1.633356e-19 4.026256e+01
826000 6.374100e-23 -3.642587e-20 1.636379e-19 9.233483e+00
827000 1.777659e-22 -4.006098e-20 1.614920e-19 2.575106e+01
828000 6.157268e-22 -3.690095e-20 1.637148e-19 8.919382e+01
829000 1.933621e-24 -3.849239e-20 1.615095e-19 2.801032e-01
830000 2.161098e-23 -3.560472e-20 1.644169e-19 3.130554e+00
831000 1.116735e-22 -3.922275e-20 1.608889e-19 1.617696e+01
832000 4.331117e-21 -3.778845e-20 1.665427e-19 6.274030e+02
833000 1.273345e-21 -3.579111e-20 1.654822e-19 1.844561e+02
834000 2.458706e-21 -3.443528e-20 1.680234e-19 3.561667e+02
835000 4.257891e-22 -3.875931e-20 1.616665e-19 6.167956e+01
836000 6.345533e-22 -3.210667e-20 1.685279e-19 9.192102e+01
837000 1.084325e-21 -3.916882e-20 1.619155e-19 1.570746e+02
838000 3.707014e-22 -4.006350e-20 1.617696e-19 5.369959e+01
839000 1.169105e-20 -3.840348e-20 1.732876e-19 1.693558e+03
840000 1.232109e-22 -3.700605e-20 1.631172e-19 1.784826e+01
841000 5.239253e-21 -3.688185e-20 1.683574e-19 7.589551e+02
842000 3.147924e-23 -2.682570e-20 1.732058e-19 4.560064e+00
843000 2.950760e-21 -3.881362e-20 1.641371e-19 4.274454e+02
844000 8.274567e-22 -3.820623e-20 1.626212e-19 1.198649e+02
845000 1.034386e-21 -3.912873e-20 1.619057e-19 1.498406e+02
846000 1.777187e-22 -3.773114e-20 1.624466e-19 2.574423e+01
847000 8.466945e-22 -3.898814e-20 1.618586e-19 1.226517e+02
848000 6.882000e-23 -3.584350e-20 1.642253e-19 9.969225e+00
849000 1.380779e-21 -3.867577e-20 1.627050e-19 2.000188e+02
850000 3.840050e-21 -3.623253e-20 1.676075e-19 5.562674e+02
851000 1.980826e-21 -3.872834e-20 1.632525e-19 2.869413e+02
852000 1.402682e-21 -3.991298e-20 1.615098e-19 2.031916e+02
853000 1.637653e-20 -3.147780e-20 1.848987e-19 2.372294e+03
854000 1.246296e-21 -3.854437e-20 1.627019e-19 1.805377e+02
855000 2.781773e-23 -3.595572e-20 1.640721e-19 4.029659e+00
856000 6.103177e-22 -3.853895e-20 1.620714e-19 8.841026e+01
857000 1.220438e-22 -3.941315e-20 1.607089e-19 1.767919e+01
858000 5.669970e-22 -3.887667e-20 1.616903e-19 8.213486e+01
859000 6.759114e-21 -3.361015e-20 1.731490e-19 9.791213e+02
860000 1.169724e-21 -3.820946e-20 1.629603e-19 1.694455e+02
861000 2.005244e-21 -3.835845e-20 1.636468e-19 2.904785e+02
862000 7.155892e-22 -3.332145e-20 1.673941e-19 1.036598e+02
863000 6.977823e-22 -3.934154e-20 1.613562e-19 1.010803e+02
864000 4.907038e-23 -3.479968e-20 1.652494e-19 7.108306e+00
865000 3.830419e-22 -3.733741e-20 1.630456e-19 5.548723e+01
866000 1.895521e-22 -3.873126e-20 1.614583e-19 2.745840e+01
867000 4.101148e-21 -3.711949e-20 1.669817e-19 5.940898e+02
868000 1.155255e-24 -3.882411e-20 1.611770e-19 1.673495e-01
869000 1.374111e-21 -3.093063e-20 1.704435e-19 1.990529e+02
870000 1.426002e-21 -3.823066e-20 1.631953e-19 2.065698e+02
871000 3.696941e-21 -2.856155e-20 1.751354e-19 5.355367e+02
872000 1.520174e-21 -3.634530e-20 1.651749e-19 2.202116e+02
873000 2.194273e-22 -3.571157e-20 1.645079e-19 3.178611e+01
874000 4.367050e-22 -3.907106e-20 1.613656e-19 6.326083e+01
875000 4.938722e-22 -3.707658e-20 1.634173e-19 7.154203e+01
876000 3.967825e-24 -3.536448e-20 1.646395e-19 5.747768e-01
877000 8.197891e-22 -3.962875e-20 1.611910e-19 1.187542e+02
878000 3.971622e-21 -3.874579e-20 1.652258e-19 5.753268e+02
879000 1.147202e-21 -3.834054e-20 1.628067e-19 1.661830e+02
