FX FY FZ 
-7.026454e-10 0.000000e+00 0.000000e+00
-4.706141e-11 0.000000e+00 0.000000e+00
-8.159818e-11 0.000000e+00 0.000000e+00
1.191768e-10 0.000000e+00 0.000000e+00
2.751739e-10 0.000000e+00 0.000000e+00
4.610338e-10 0.000000e+00 0.000000e+00
-5.498935e-11 0.000000e+00 0.000000e+00
-5.135892e-10 0.000000e+00 0.000000e+00
-2.659348e-10 0.000000e+00 0.000000e+00
3.863349e-10 0.000000e+00 0.000000e+00
1.358672e-10 0.000000e+00 0.000000e+00
-3.602593e-10 0.000000e+00 0.000000e+00
6.082546e-10 0.000000e+00 0.000000e+00
1.056247e-10 0.000000e+00 0.000000e+00
-3.842913e-10 0.000000e+00 0.000000e+00
4.166562e-10 0.000000e+00 0.000000e+00
-1.934087e-10 0.000000e+00 0.000000e+00
2.138453e-10 0.000000e+00 0.000000e+00
5.756767e-10 0.000000e+00 0.000000e+00
9.783791e-11 0.000000e+00 0.000000e+00
-8.054131e-11 0.000000e+00 0.000000e+00
4.340464e-11 0.000000e+00 0.000000e+00
2.125165e-10 0.000000e+00 0.000000e+00
3.837556e-11 0.000000e+00 0.000000e+00
-3.230166e-11 0.000000e+00 0.000000e+00
4.473495e-11 0.000000e+00 0.000000e+00
5.223803e-10 0.000000e+00 0.000000e+00
-4.669882e-11 0.000000e+00 0.000000e+00
-1.004815e-09 0.000000e+00 0.000000e+00
4.433325e-10 0.000000e+00 0.000000e+00
8.921984e-11 0.000000e+00 0.000000e+00
1.917481e-10 0.000000e+00 0.000000e+00
-5.039731e-10 0.000000e+00 0.000000e+00
4.690398e-10 0.000000e+00 0.000000e+00
5.063306e-10 0.000000e+00 0.000000e+00
2.869740e-10 0.000000e+00 0.000000e+00
-1.633027e-10 0.000000e+00 0.000000e+00
-4.121130e-11 0.000000e+00 0.000000e+00
3.192272e-10 0.000000e+00 0.000000e+00
-2.386472e-10 0.000000e+00 0.000000e+00
9.554677e-11 0.000000e+00 0.000000e+00
-5.005282e-10 0.000000e+00 0.000000e+00
2.788459e-10 0.000000e+00 0.000000e+00
-1.054640e-09 0.000000e+00 0.000000e+00
-1.968496e-10 0.000000e+00 0.000000e+00
-3.954498e-10 0.000000e+00 0.000000e+00
3.043747e-10 0.000000e+00 0.000000e+00
-2.236468e-11 0.000000e+00 0.000000e+00
-2.988371e-10 0.000000e+00 0.000000e+00
-4.836712e-10 0.000000e+00 0.000000e+00
-5.720239e-11 0.000000e+00 0.000000e+00
-3.474652e-10 0.000000e+00 0.000000e+00
3.406810e-10 0.000000e+00 0.000000e+00
5.286826e-10 0.000000e+00 0.000000e+00
-1.203862e-10 0.000000e+00 0.000000e+00
1.078581e-10 0.000000e+00 0.000000e+00
1.043535e-10 0.000000e+00 0.000000e+00
9.518912e-11 0.000000e+00 0.000000e+00
-1.048907e-10 0.000000e+00 0.000000e+00
-6.497744e-12 0.000000e+00 0.000000e+00
-1.810141e-10 0.000000e+00 0.000000e+00
2.842318e-10 0.000000e+00 0.000000e+00
-1.392642e-10 0.000000e+00 0.000000e+00
-6.052332e-12 0.000000e+00 0.000000e+00
-1.941537e-10 0.000000e+00 0.000000e+00
-2.035984e-10 0.000000e+00 0.000000e+00
-1.241384e-10 0.000000e+00 0.000000e+00
2.021742e-10 0.000000e+00 0.000000e+00
-6.783015e-10 0.000000e+00 0.000000e+00
2.452497e-10 0.000000e+00 0.000000e+00
2.196411e-11 0.000000e+00 0.000000e+00
2.794409e-10 0.000000e+00 0.000000e+00
3.070008e-11 0.000000e+00 0.000000e+00
-2.956945e-10 0.000000e+00 0.000000e+00
7.194038e-11 0.000000e+00 0.000000e+00
1.306327e-10 0.000000e+00 0.000000e+00
3.148790e-10 0.000000e+00 0.000000e+00
5.122750e-10 0.000000e+00 0.000000e+00
3.876884e-10 0.000000e+00 0.000000e+00
-3.655181e-10 0.000000e+00 0.000000e+00
-6.481308e-11 0.000000e+00 0.000000e+00
4.656512e-10 0.000000e+00 0.000000e+00
-1.160901e-10 0.000000e+00 0.000000e+00
3.500447e-10 0.000000e+00 0.000000e+00
-7.362190e-10 0.000000e+00 0.000000e+00
-4.936426e-11 0.000000e+00 0.000000e+00
1.010250e-10 0.000000e+00 0.000000e+00
-1.070600e-10 0.000000e+00 0.000000e+00
-1.183418e-10 0.000000e+00 0.000000e+00
5.818745e-11 0.000000e+00 0.000000e+00
-2.033452e-10 0.000000e+00 0.000000e+00
-5.517285e-11 0.000000e+00 0.000000e+00
6.279766e-10 0.000000e+00 0.000000e+00
3.590068e-10 0.000000e+00 0.000000e+00
1.889617e-11 0.000000e+00 0.000000e+00
-7.283204e-12 0.000000e+00 0.000000e+00
3.605776e-11 0.000000e+00 0.000000e+00
4.509727e-11 0.000000e+00 0.000000e+00
-4.285978e-10 0.000000e+00 0.000000e+00
3.535165e-10 0.000000e+00 0.000000e+00
1.458048e-10 0.000000e+00 0.000000e+00
1.279723e-10 0.000000e+00 0.000000e+00
-5.814244e-10 0.000000e+00 0.000000e+00
4.625996e-10 0.000000e+00 0.000000e+00
1.170659e-10 0.000000e+00 0.000000e+00
5.624424e-10 0.000000e+00 0.000000e+00
-2.618225e-10 0.000000e+00 0.000000e+00
5.136209e-10 0.000000e+00 0.000000e+00
-3.383099e-10 0.000000e+00 0.000000e+00
-1.498865e-10 0.000000e+00 0.000000e+00
1.515482e-10 0.000000e+00 0.000000e+00
4.256288e-10 0.000000e+00 0.000000e+00
3.899349e-10 0.000000e+00 0.000000e+00
2.426370e-10 0.000000e+00 0.000000e+00
-2.341718e-10 0.000000e+00 0.000000e+00
1.566035e-10 0.000000e+00 0.000000e+00
-3.169421e-10 0.000000e+00 0.000000e+00
1.536132e-11 0.000000e+00 0.000000e+00
-2.037466e-10 0.000000e+00 0.000000e+00
5.165158e-10 0.000000e+00 0.000000e+00
2.753890e-10 0.000000e+00 0.000000e+00
1.307132e-10 0.000000e+00 0.000000e+00
5.510129e-10 0.000000e+00 0.000000e+00
1.065303e-10 0.000000e+00 0.000000e+00
1.708914e-10 0.000000e+00 0.000000e+00
5.492463e-11 0.000000e+00 0.000000e+00
3.290423e-10 0.000000e+00 0.000000e+00
3.400109e-10 0.000000e+00 0.000000e+00
-7.785614e-11 0.000000e+00 0.000000e+00
1.634705e-10 0.000000e+00 0.000000e+00
2.593504e-10 0.000000e+00 0.000000e+00
-7.722487e-10 0.000000e+00 0.000000e+00
-5.502229e-10 0.000000e+00 0.000000e+00
2.844905e-10 0.000000e+00 0.000000e+00
1.426597e-10 0.000000e+00 0.000000e+00
2.312903e-10 0.000000e+00 0.000000e+00
-3.749521e-11 0.000000e+00 0.000000e+00
-2.791522e-11 0.000000e+00 0.000000e+00
6.641853e-11 0.000000e+00 0.000000e+00
3.799149e-10 0.000000e+00 0.000000e+00
-2.962692e-10 0.000000e+00 0.000000e+00
2.469770e-10 0.000000e+00 0.000000e+00
9.686657e-11 0.000000e+00 0.000000e+00
-1.830085e-10 0.000000e+00 0.000000e+00
-1.290922e-10 0.000000e+00 0.000000e+00
3.113233e-10 0.000000e+00 0.000000e+00
-2.379513e-10 0.000000e+00 0.000000e+00
-2.975297e-10 0.000000e+00 0.000000e+00
-5.099413e-10 0.000000e+00 0.000000e+00
-2.278916e-10 0.000000e+00 0.000000e+00
1.996552e-11 0.000000e+00 0.000000e+00
-1.035941e-10 0.000000e+00 0.000000e+00
1.195066e-10 0.000000e+00 0.000000e+00
1.851466e-10 0.000000e+00 0.000000e+00
-2.122316e-10 0.000000e+00 0.000000e+00
-2.426639e-10 0.000000e+00 0.000000e+00
1.417554e-10 0.000000e+00 0.000000e+00
-6.987873e-10 0.000000e+00 0.000000e+00
1.121104e-10 0.000000e+00 0.000000e+00
3.333553e-10 0.000000e+00 0.000000e+00
3.380478e-10 0.000000e+00 0.000000e+00
-9.856386e-14 0.000000e+00 0.000000e+00
4.317199e-10 0.000000e+00 0.000000e+00
5.054394e-10 0.000000e+00 0.000000e+00
1.843716e-10 0.000000e+00 0.000000e+00
-2.690956e-10 0.000000e+00 0.000000e+00
-2.662528e-11 0.000000e+00 0.000000e+00
2.227849e-10 0.000000e+00 0.000000e+00
3.985528e-10 0.000000e+00 0.000000e+00
-1.886380e-10 0.000000e+00 0.000000e+00
1.998859e-10 0.000000e+00 0.000000e+00
-1.485390e-10 0.000000e+00 0.000000e+00
3.516068e-10 0.000000e+00 0.000000e+00
-1.222065e-10 0.000000e+00 0.000000e+00
-2.441315e-10 0.000000e+00 0.000000e+00
5.418948e-10 0.000000e+00 0.000000e+00
5.259575e-11 0.000000e+00 0.000000e+00
-8.492469e-11 0.000000e+00 0.000000e+00
-4.248030e-10 0.000000e+00 0.000000e+00
5.134142e-10 0.000000e+00 0.000000e+00
2.601929e-10 0.000000e+00 0.000000e+00
-1.420551e-10 0.000000e+00 0.000000e+00
-6.348662e-10 0.000000e+00 0.000000e+00
1.246362e-10 0.000000e+00 0.000000e+00
3.697462e-10 0.000000e+00 0.000000e+00
1.462928e-10 0.000000e+00 0.000000e+00
9.446203e-11 0.000000e+00 0.000000e+00
-8.590192e-11 0.000000e+00 0.000000e+00
-8.941669e-11 0.000000e+00 0.000000e+00
-2.506862e-11 0.000000e+00 0.000000e+00
-4.090303e-10 0.000000e+00 0.000000e+00
1.920997e-10 0.000000e+00 0.000000e+00
4.348017e-10 0.000000e+00 0.000000e+00
3.098314e-10 0.000000e+00 0.000000e+00
5.266076e-10 0.000000e+00 0.000000e+00
-4.698014e-11 0.000000e+00 0.000000e+00
-9.232328e-11 0.000000e+00 0.000000e+00
-1.936495e-10 0.000000e+00 0.000000e+00
-3.015090e-11 0.000000e+00 0.000000e+00
4.727781e-11 0.000000e+00 0.000000e+00
2.020825e-10 0.000000e+00 0.000000e+00
3.109862e-10 0.000000e+00 0.000000e+00
2.916057e-10 0.000000e+00 0.000000e+00
5.052114e-10 0.000000e+00 0.000000e+00
4.788531e-10 0.000000e+00 0.000000e+00
6.204521e-10 0.000000e+00 0.000000e+00
4.686899e-10 0.000000e+00 0.000000e+00
2.540850e-10 0.000000e+00 0.000000e+00
2.523148e-10 0.000000e+00 0.000000e+00
3.738579e-10 0.000000e+00 0.000000e+00
3.366886e-10 0.000000e+00 0.000000e+00
5.028458e-10 0.000000e+00 0.000000e+00
2.405514e-10 0.000000e+00 0.000000e+00
4.498697e-10 0.000000e+00 0.000000e+00
2.813331e-10 0.000000e+00 0.000000e+00
5.532473e-10 0.000000e+00 0.000000e+00
3.545716e-10 0.000000e+00 0.000000e+00
4.671563e-10 0.000000e+00 0.000000e+00
2.416626e-10 0.000000e+00 0.000000e+00
2.423240e-10 0.000000e+00 0.000000e+00
3.636767e-10 0.000000e+00 0.000000e+00
2.365148e-10 0.000000e+00 0.000000e+00
3.655702e-10 0.000000e+00 0.000000e+00
4.137795e-10 0.000000e+00 0.000000e+00
2.824706e-10 0.000000e+00 0.000000e+00
3.514492e-10 0.000000e+00 0.000000e+00
2.545789e-10 0.000000e+00 0.000000e+00
2.700065e-10 0.000000e+00 0.000000e+00
2.924067e-10 0.000000e+00 0.000000e+00
3.150491e-10 0.000000e+00 0.000000e+00
3.666764e-10 0.000000e+00 0.000000e+00
6.070236e-10 0.000000e+00 0.000000e+00
5.823528e-10 0.000000e+00 0.000000e+00
2.421330e-10 0.000000e+00 0.000000e+00
4.801064e-10 0.000000e+00 0.000000e+00
4.480002e-10 0.000000e+00 0.000000e+00
2.484268e-10 0.000000e+00 0.000000e+00
4.468376e-10 0.000000e+00 0.000000e+00
2.689959e-10 0.000000e+00 0.000000e+00
3.387412e-10 0.000000e+00 0.000000e+00
6.327000e-10 0.000000e+00 0.000000e+00
4.815355e-10 0.000000e+00 0.000000e+00
2.651812e-10 0.000000e+00 0.000000e+00
3.508801e-10 0.000000e+00 0.000000e+00
4.524514e-10 0.000000e+00 0.000000e+00
2.689354e-10 0.000000e+00 0.000000e+00
4.633244e-10 0.000000e+00 0.000000e+00
3.007703e-10 0.000000e+00 0.000000e+00
3.471992e-10 0.000000e+00 0.000000e+00
4.203753e-10 0.000000e+00 0.000000e+00
3.455647e-10 0.000000e+00 0.000000e+00
2.985804e-10 0.000000e+00 0.000000e+00
5.454424e-10 0.000000e+00 0.000000e+00
2.854244e-10 0.000000e+00 0.000000e+00
4.366509e-10 0.000000e+00 0.000000e+00
4.431393e-10 0.000000e+00 0.000000e+00
4.699580e-10 0.000000e+00 0.000000e+00
4.046961e-10 0.000000e+00 0.000000e+00
3.947922e-10 0.000000e+00 0.000000e+00
3.536345e-10 0.000000e+00 0.000000e+00
3.556365e-10 0.000000e+00 0.000000e+00
3.582871e-10 0.000000e+00 0.000000e+00
3.694152e-10 0.000000e+00 0.000000e+00
5.813524e-10 0.000000e+00 0.000000e+00
2.855573e-10 0.000000e+00 0.000000e+00
2.749862e-10 0.000000e+00 0.000000e+00
4.155273e-10 0.000000e+00 0.000000e+00
4.586987e-10 0.000000e+00 0.000000e+00
3.008868e-10 0.000000e+00 0.000000e+00
3.147160e-10 0.000000e+00 0.000000e+00
4.350023e-10 0.000000e+00 0.000000e+00
4.970867e-10 0.000000e+00 0.000000e+00
2.700977e-10 0.000000e+00 0.000000e+00
3.003057e-10 0.000000e+00 0.000000e+00
5.114926e-10 0.000000e+00 0.000000e+00
2.557980e-10 0.000000e+00 0.000000e+00
6.009786e-10 0.000000e+00 0.000000e+00
4.172258e-10 0.000000e+00 0.000000e+00
5.657070e-10 0.000000e+00 0.000000e+00
4.010811e-10 0.000000e+00 0.000000e+00
3.442516e-10 0.000000e+00 0.000000e+00
4.876620e-10 0.000000e+00 0.000000e+00
2.472762e-10 0.000000e+00 0.000000e+00
2.630489e-10 0.000000e+00 0.000000e+00
2.788565e-10 0.000000e+00 0.000000e+00
5.478238e-10 0.000000e+00 0.000000e+00
4.375755e-10 0.000000e+00 0.000000e+00
3.402891e-10 0.000000e+00 0.000000e+00
5.106903e-10 0.000000e+00 0.000000e+00
4.243405e-10 0.000000e+00 0.000000e+00
3.213595e-10 0.000000e+00 0.000000e+00
4.253316e-10 0.000000e+00 0.000000e+00
4.827720e-10 0.000000e+00 0.000000e+00
3.928726e-10 0.000000e+00 0.000000e+00
3.644019e-10 0.000000e+00 0.000000e+00
2.480799e-10 0.000000e+00 0.000000e+00
2.807142e-10 0.000000e+00 0.000000e+00
4.203645e-10 0.000000e+00 0.000000e+00
4.934669e-10 0.000000e+00 0.000000e+00
3.928507e-10 0.000000e+00 0.000000e+00
5.144021e-10 0.000000e+00 0.000000e+00
3.364483e-10 0.000000e+00 0.000000e+00
5.593419e-10 0.000000e+00 0.000000e+00
5.009196e-10 0.000000e+00 0.000000e+00
3.670846e-10 0.000000e+00 0.000000e+00
3.441563e-10 0.000000e+00 0.000000e+00
3.711462e-10 0.000000e+00 0.000000e+00
4.182888e-10 0.000000e+00 0.000000e+00
2.977723e-10 0.000000e+00 0.000000e+00
2.666736e-10 0.000000e+00 0.000000e+00
4.886563e-10 0.000000e+00 0.000000e+00
3.274480e-10 0.000000e+00 0.000000e+00
2.500010e-10 0.000000e+00 0.000000e+00
3.318000e-10 0.000000e+00 0.000000e+00
3.881324e-10 0.000000e+00 0.000000e+00
4.641794e-10 0.000000e+00 0.000000e+00
2.810656e-10 0.000000e+00 0.000000e+00
3.405723e-10 0.000000e+00 0.000000e+00
5.741712e-10 0.000000e+00 0.000000e+00
5.820158e-10 0.000000e+00 0.000000e+00
4.495187e-10 0.000000e+00 0.000000e+00
2.611472e-10 0.000000e+00 0.000000e+00
4.250815e-10 0.000000e+00 0.000000e+00
5.649156e-10 0.000000e+00 0.000000e+00
4.383114e-10 0.000000e+00 0.000000e+00
3.504343e-10 0.000000e+00 0.000000e+00
6.198810e-10 0.000000e+00 0.000000e+00
3.818318e-10 0.000000e+00 0.000000e+00
2.961002e-10 0.000000e+00 0.000000e+00
4.269851e-10 0.000000e+00 0.000000e+00
6.321752e-10 0.000000e+00 0.000000e+00
3.925349e-10 0.000000e+00 0.000000e+00
5.234543e-10 0.000000e+00 0.000000e+00
4.523024e-10 0.000000e+00 0.000000e+00
3.748809e-10 0.000000e+00 0.000000e+00
2.739044e-10 0.000000e+00 0.000000e+00
2.685514e-10 0.000000e+00 0.000000e+00
4.303484e-10 0.000000e+00 0.000000e+00
2.964234e-10 0.000000e+00 0.000000e+00
3.511319e-10 0.000000e+00 0.000000e+00
3.040985e-10 0.000000e+00 0.000000e+00
5.758304e-10 0.000000e+00 0.000000e+00
3.293810e-10 0.000000e+00 0.000000e+00
3.444122e-10 0.000000e+00 0.000000e+00
5.906003e-10 0.000000e+00 0.000000e+00
5.942186e-10 0.000000e+00 0.000000e+00
4.951482e-10 0.000000e+00 0.000000e+00
4.490426e-10 0.000000e+00 0.000000e+00
4.843893e-10 0.000000e+00 0.000000e+00
3.825278e-10 0.000000e+00 0.000000e+00
4.060909e-10 0.000000e+00 0.000000e+00
3.021530e-10 0.000000e+00 0.000000e+00
4.310223e-10 0.000000e+00 0.000000e+00
3.197521e-10 0.000000e+00 0.000000e+00
4.989897e-10 0.000000e+00 0.000000e+00
3.570986e-10 0.000000e+00 0.000000e+00
3.912404e-10 0.000000e+00 0.000000e+00
3.404023e-10 0.000000e+00 0.000000e+00
2.412828e-10 0.000000e+00 0.000000e+00
3.483459e-10 0.000000e+00 0.000000e+00
3.744283e-10 0.000000e+00 0.000000e+00
5.316375e-10 0.000000e+00 0.000000e+00
3.512460e-10 0.000000e+00 0.000000e+00
3.276173e-10 0.000000e+00 0.000000e+00
3.354719e-10 0.000000e+00 0.000000e+00
4.592808e-10 0.000000e+00 0.000000e+00
3.460647e-10 0.000000e+00 0.000000e+00
4.475951e-10 0.000000e+00 0.000000e+00
3.868066e-10 0.000000e+00 0.000000e+00
3.144645e-10 0.000000e+00 0.000000e+00
4.991856e-10 0.000000e+00 0.000000e+00
6.012290e-10 0.000000e+00 0.000000e+00
2.406458e-10 0.000000e+00 0.000000e+00
5.502350e-10 0.000000e+00 0.000000e+00
4.208008e-10 0.000000e+00 0.000000e+00
2.886033e-10 0.000000e+00 0.000000e+00
4.264503e-10 0.000000e+00 0.000000e+00
4.043083e-10 0.000000e+00 0.000000e+00
2.947659e-10 0.000000e+00 0.000000e+00
3.262340e-10 0.000000e+00 0.000000e+00
2.622235e-10 0.000000e+00 0.000000e+00
5.348751e-10 0.000000e+00 0.000000e+00
2.890318e-10 0.000000e+00 0.000000e+00
2.500530e-10 0.000000e+00 0.000000e+00
2.788799e-10 0.000000e+00 0.000000e+00
3.536394e-10 0.000000e+00 0.000000e+00
6.099348e-10 0.000000e+00 0.000000e+00
2.582095e-10 0.000000e+00 0.000000e+00
5.198982e-10 0.000000e+00 0.000000e+00
5.863809e-10 0.000000e+00 0.000000e+00
2.484167e-10 0.000000e+00 0.000000e+00
6.143588e-10 0.000000e+00 0.000000e+00
3.884897e-10 0.000000e+00 0.000000e+00
4.355614e-10 0.000000e+00 0.000000e+00
3.570632e-10 0.000000e+00 0.000000e+00
4.151087e-10 0.000000e+00 0.000000e+00
3.278734e-10 0.000000e+00 0.000000e+00
3.169969e-10 0.000000e+00 0.000000e+00
4.258599e-10 0.000000e+00 0.000000e+00
2.619550e-10 0.000000e+00 0.000000e+00
2.636799e-10 0.000000e+00 0.000000e+00
4.536523e-10 0.000000e+00 0.000000e+00
3.579524e-10 0.000000e+00 0.000000e+00
4.953617e-10 0.000000e+00 0.000000e+00
3.761105e-10 0.000000e+00 0.000000e+00
2.944043e-10 0.000000e+00 0.000000e+00
5.870582e-10 0.000000e+00 0.000000e+00
5.753738e-10 0.000000e+00 0.000000e+00
4.253540e-10 0.000000e+00 0.000000e+00
5.655006e-10 0.000000e+00 0.000000e+00
5.325369e-10 0.000000e+00 0.000000e+00
3.465719e-10 0.000000e+00 0.000000e+00
2.862856e-10 0.000000e+00 0.000000e+00
2.639461e-10 0.000000e+00 0.000000e+00
5.136027e-10 0.000000e+00 0.000000e+00
3.336399e-10 0.000000e+00 0.000000e+00
4.310715e-10 0.000000e+00 0.000000e+00
4.809759e-10 0.000000e+00 0.000000e+00
3.311666e-10 0.000000e+00 0.000000e+00
4.651269e-10 0.000000e+00 0.000000e+00
2.521295e-10 0.000000e+00 0.000000e+00
3.363956e-10 0.000000e+00 0.000000e+00
3.906976e-10 0.000000e+00 0.000000e+00
5.255462e-10 0.000000e+00 0.000000e+00
4.962942e-10 0.000000e+00 0.000000e+00
5.417504e-10 0.000000e+00 0.000000e+00
5.011492e-10 0.000000e+00 0.000000e+00
3.272167e-10 0.000000e+00 0.000000e+00
4.157166e-10 0.000000e+00 0.000000e+00
3.841089e-10 0.000000e+00 0.000000e+00
3.279904e-10 0.000000e+00 0.000000e+00
4.580512e-10 0.000000e+00 0.000000e+00
3.659722e-10 0.000000e+00 0.000000e+00
3.812829e-10 0.000000e+00 0.000000e+00
5.429943e-10 0.000000e+00 0.000000e+00
2.505071e-10 0.000000e+00 0.000000e+00
3.426593e-10 0.000000e+00 0.000000e+00
3.073823e-10 0.000000e+00 0.000000e+00
4.849396e-10 0.000000e+00 0.000000e+00
3.054153e-10 0.000000e+00 0.000000e+00
4.325654e-10 0.000000e+00 0.000000e+00
2.482929e-10 0.000000e+00 0.000000e+00
6.209895e-10 0.000000e+00 0.000000e+00
2.343825e-10 0.000000e+00 0.000000e+00
4.701205e-10 0.000000e+00 0.000000e+00
3.847109e-10 0.000000e+00 0.000000e+00
2.947968e-10 0.000000e+00 0.000000e+00
2.522964e-10 0.000000e+00 0.000000e+00
5.643550e-10 0.000000e+00 0.000000e+00
3.274867e-10 0.000000e+00 0.000000e+00
3.815271e-10 0.000000e+00 0.000000e+00
2.332619e-10 0.000000e+00 0.000000e+00
5.044372e-10 0.000000e+00 0.000000e+00
2.702455e-10 0.000000e+00 0.000000e+00
5.600956e-10 0.000000e+00 0.000000e+00
2.493107e-10 0.000000e+00 0.000000e+00
3.106340e-10 0.000000e+00 0.000000e+00
4.441560e-10 0.000000e+00 0.000000e+00
3.611044e-10 0.000000e+00 0.000000e+00
2.928252e-10 0.000000e+00 0.000000e+00
3.204899e-10 0.000000e+00 0.000000e+00
6.326231e-10 0.000000e+00 0.000000e+00
3.171183e-10 0.000000e+00 0.000000e+00
4.228486e-10 0.000000e+00 0.000000e+00
5.154437e-10 0.000000e+00 0.000000e+00
5.591160e-10 0.000000e+00 0.000000e+00
4.358978e-10 0.000000e+00 0.000000e+00
3.071974e-10 0.000000e+00 0.000000e+00
3.135381e-10 0.000000e+00 0.000000e+00
3.862941e-10 0.000000e+00 0.000000e+00
3.222456e-10 0.000000e+00 0.000000e+00
4.416816e-10 0.000000e+00 0.000000e+00
2.446481e-10 0.000000e+00 0.000000e+00
4.651556e-10 0.000000e+00 0.000000e+00
3.137788e-10 0.000000e+00 0.000000e+00
3.358591e-10 0.000000e+00 0.000000e+00
2.415156e-10 0.000000e+00 0.000000e+00
3.685799e-10 0.000000e+00 0.000000e+00
3.258755e-10 0.000000e+00 0.000000e+00
5.391886e-10 0.000000e+00 0.000000e+00
2.944190e-10 0.000000e+00 0.000000e+00
4.332418e-10 0.000000e+00 0.000000e+00
6.253364e-10 0.000000e+00 0.000000e+00
5.604946e-10 0.000000e+00 0.000000e+00
4.651026e-10 0.000000e+00 0.000000e+00
3.434813e-10 0.000000e+00 0.000000e+00
6.279891e-10 0.000000e+00 0.000000e+00
4.748786e-10 0.000000e+00 0.000000e+00
2.503934e-10 0.000000e+00 0.000000e+00
3.189675e-10 0.000000e+00 0.000000e+00
5.593562e-10 0.000000e+00 0.000000e+00
5.189158e-10 0.000000e+00 0.000000e+00
3.476036e-10 0.000000e+00 0.000000e+00
3.983951e-10 0.000000e+00 0.000000e+00
5.005850e-10 0.000000e+00 0.000000e+00
2.882701e-10 0.000000e+00 0.000000e+00
4.518093e-10 0.000000e+00 0.000000e+00
4.153767e-10 0.000000e+00 0.000000e+00
2.707255e-10 0.000000e+00 0.000000e+00
2.524751e-10 0.000000e+00 0.000000e+00
4.920392e-10 0.000000e+00 0.000000e+00
2.428408e-10 0.000000e+00 0.000000e+00
4.483698e-10 0.000000e+00 0.000000e+00
3.586788e-10 0.000000e+00 0.000000e+00
5.395896e-10 0.000000e+00 0.000000e+00
3.453244e-10 0.000000e+00 0.000000e+00
6.311569e-10 0.000000e+00 0.000000e+00
2.780394e-10 0.000000e+00 0.000000e+00
2.784075e-10 0.000000e+00 0.000000e+00
3.628626e-10 0.000000e+00 0.000000e+00
4.042366e-10 0.000000e+00 0.000000e+00
2.324444e-10 0.000000e+00 0.000000e+00
4.057477e-10 0.000000e+00 0.000000e+00
4.766222e-10 0.000000e+00 0.000000e+00
4.303975e-10 0.000000e+00 0.000000e+00
3.246067e-10 0.000000e+00 0.000000e+00
4.884941e-10 0.000000e+00 0.000000e+00
2.883531e-10 0.000000e+00 0.000000e+00
5.761354e-10 0.000000e+00 0.000000e+00
4.115434e-10 0.000000e+00 0.000000e+00
5.659700e-10 0.000000e+00 0.000000e+00
4.391200e-10 0.000000e+00 0.000000e+00
2.751795e-10 0.000000e+00 0.000000e+00
3.868067e-10 0.000000e+00 0.000000e+00
4.343469e-10 0.000000e+00 0.000000e+00
4.048276e-10 0.000000e+00 0.000000e+00
4.974919e-10 0.000000e+00 0.000000e+00
5.137663e-10 0.000000e+00 0.000000e+00
4.033461e-10 0.000000e+00 0.000000e+00
5.037215e-10 0.000000e+00 0.000000e+00
5.286376e-10 0.000000e+00 0.000000e+00
3.326616e-10 0.000000e+00 0.000000e+00
2.466628e-10 0.000000e+00 0.000000e+00
2.259844e-10 0.000000e+00 0.000000e+00
5.462426e-10 0.000000e+00 0.000000e+00
5.818871e-10 0.000000e+00 0.000000e+00
5.338604e-10 0.000000e+00 0.000000e+00
4.453855e-10 0.000000e+00 0.000000e+00
3.524281e-10 0.000000e+00 0.000000e+00
4.043367e-10 0.000000e+00 0.000000e+00
5.524330e-10 0.000000e+00 0.000000e+00
2.371783e-10 0.000000e+00 0.000000e+00
2.449917e-10 0.000000e+00 0.000000e+00
3.433226e-10 0.000000e+00 0.000000e+00
2.913126e-10 0.000000e+00 0.000000e+00
3.051591e-10 0.000000e+00 0.000000e+00
5.302127e-10 0.000000e+00 0.000000e+00
4.695561e-10 0.000000e+00 0.000000e+00
2.885149e-10 0.000000e+00 0.000000e+00
6.270005e-10 0.000000e+00 0.000000e+00
2.723439e-10 0.000000e+00 0.000000e+00
4.631834e-10 0.000000e+00 0.000000e+00
3.123772e-10 0.000000e+00 0.000000e+00
3.760450e-10 0.000000e+00 0.000000e+00
4.864852e-10 0.000000e+00 0.000000e+00
2.537271e-10 0.000000e+00 0.000000e+00
3.276725e-10 0.000000e+00 0.000000e+00
4.174223e-10 0.000000e+00 0.000000e+00
3.972095e-10 0.000000e+00 0.000000e+00
4.239025e-10 0.000000e+00 0.000000e+00
4.614971e-10 0.000000e+00 0.000000e+00
2.947423e-10 0.000000e+00 0.000000e+00
4.752065e-10 0.000000e+00 0.000000e+00
6.276846e-10 0.000000e+00 0.000000e+00
4.233522e-10 0.000000e+00 0.000000e+00
4.866312e-10 0.000000e+00 0.000000e+00
3.450097e-10 0.000000e+00 0.000000e+00
5.744986e-10 0.000000e+00 0.000000e+00
5.529631e-10 0.000000e+00 0.000000e+00
2.984881e-10 0.000000e+00 0.000000e+00
6.311931e-10 0.000000e+00 0.000000e+00
4.718296e-10 0.000000e+00 0.000000e+00
2.776035e-10 0.000000e+00 0.000000e+00
3.733567e-10 0.000000e+00 0.000000e+00
5.580745e-10 0.000000e+00 0.000000e+00
4.485287e-10 0.000000e+00 0.000000e+00
4.016989e-10 0.000000e+00 0.000000e+00
2.548297e-10 0.000000e+00 0.000000e+00
3.337077e-10 0.000000e+00 0.000000e+00
4.974807e-10 0.000000e+00 0.000000e+00
5.425430e-10 0.000000e+00 0.000000e+00
3.414968e-10 0.000000e+00 0.000000e+00
2.499014e-10 0.000000e+00 0.000000e+00
4.427540e-10 0.000000e+00 0.000000e+00
3.870262e-10 0.000000e+00 0.000000e+00
3.330695e-10 0.000000e+00 0.000000e+00
5.303215e-10 0.000000e+00 0.000000e+00
5.392594e-10 0.000000e+00 0.000000e+00
4.104801e-10 0.000000e+00 0.000000e+00
3.764633e-10 0.000000e+00 0.000000e+00
3.718149e-10 0.000000e+00 0.000000e+00
2.962206e-10 0.000000e+00 0.000000e+00
5.986901e-10 0.000000e+00 0.000000e+00
2.791703e-10 0.000000e+00 0.000000e+00
2.994873e-10 0.000000e+00 0.000000e+00
2.833022e-10 0.000000e+00 0.000000e+00
3.153327e-10 0.000000e+00 0.000000e+00
3.866382e-10 0.000000e+00 0.000000e+00
4.059646e-10 0.000000e+00 0.000000e+00
3.291934e-10 0.000000e+00 0.000000e+00
4.392150e-10 0.000000e+00 0.000000e+00
4.959733e-10 0.000000e+00 0.000000e+00
3.174926e-10 0.000000e+00 0.000000e+00
4.498220e-10 0.000000e+00 0.000000e+00
5.004909e-10 0.000000e+00 0.000000e+00
4.428170e-10 0.000000e+00 0.000000e+00
4.521467e-10 0.000000e+00 0.000000e+00
5.378759e-10 0.000000e+00 0.000000e+00
3.196808e-10 0.000000e+00 0.000000e+00
4.883853e-10 0.000000e+00 0.000000e+00
5.037974e-10 0.000000e+00 0.000000e+00
4.259958e-10 0.000000e+00 0.000000e+00
3.143072e-10 0.000000e+00 0.000000e+00
5.900726e-10 0.000000e+00 0.000000e+00
2.903023e-10 0.000000e+00 0.000000e+00
3.163974e-10 0.000000e+00 0.000000e+00
3.626922e-10 0.000000e+00 0.000000e+00
3.117117e-10 0.000000e+00 0.000000e+00
2.543575e-10 0.000000e+00 0.000000e+00
3.839227e-10 0.000000e+00 0.000000e+00
5.445088e-10 0.000000e+00 0.000000e+00
5.528736e-10 0.000000e+00 0.000000e+00
2.486233e-10 0.000000e+00 0.000000e+00
2.428059e-10 0.000000e+00 0.000000e+00
5.648748e-10 0.000000e+00 0.000000e+00
6.301076e-10 0.000000e+00 0.000000e+00
4.532653e-10 0.000000e+00 0.000000e+00
5.307533e-10 0.000000e+00 0.000000e+00
2.674129e-10 0.000000e+00 0.000000e+00
2.673209e-10 0.000000e+00 0.000000e+00
3.859204e-10 0.000000e+00 0.000000e+00
2.837211e-10 0.000000e+00 0.000000e+00
2.424395e-10 0.000000e+00 0.000000e+00
4.046098e-10 0.000000e+00 0.000000e+00
2.866880e-10 0.000000e+00 0.000000e+00
2.379429e-10 0.000000e+00 0.000000e+00
5.083957e-10 0.000000e+00 0.000000e+00
2.840187e-10 0.000000e+00 0.000000e+00
2.653628e-10 0.000000e+00 0.000000e+00
3.574872e-10 0.000000e+00 0.000000e+00
6.177540e-10 0.000000e+00 0.000000e+00
2.578973e-10 0.000000e+00 0.000000e+00
3.343053e-10 0.000000e+00 0.000000e+00
2.937419e-10 0.000000e+00 0.000000e+00
3.666038e-10 0.000000e+00 0.000000e+00
5.279193e-10 0.000000e+00 0.000000e+00
5.775694e-10 0.000000e+00 0.000000e+00
2.637220e-10 0.000000e+00 0.000000e+00
3.255056e-10 0.000000e+00 0.000000e+00
3.438884e-10 0.000000e+00 0.000000e+00
2.850628e-10 0.000000e+00 0.000000e+00
3.054953e-10 0.000000e+00 0.000000e+00
3.613258e-10 0.000000e+00 0.000000e+00
3.455980e-10 0.000000e+00 0.000000e+00
5.324729e-10 0.000000e+00 0.000000e+00
3.119241e-10 0.000000e+00 0.000000e+00
3.174446e-10 0.000000e+00 0.000000e+00
5.393449e-10 0.000000e+00 0.000000e+00
2.999350e-10 0.000000e+00 0.000000e+00
3.412493e-10 0.000000e+00 0.000000e+00
4.675374e-10 0.000000e+00 0.000000e+00
3.390820e-10 0.000000e+00 0.000000e+00
2.919196e-10 0.000000e+00 0.000000e+00
3.736371e-10 0.000000e+00 0.000000e+00
4.398368e-10 0.000000e+00 0.000000e+00
3.481344e-10 0.000000e+00 0.000000e+00
5.280000e-10 0.000000e+00 0.000000e+00
3.370172e-10 0.000000e+00 0.000000e+00
3.976195e-10 0.000000e+00 0.000000e+00
3.800787e-10 0.000000e+00 0.000000e+00
3.606076e-10 0.000000e+00 0.000000e+00
3.285356e-10 0.000000e+00 0.000000e+00
3.754387e-10 0.000000e+00 0.000000e+00
5.623580e-10 0.000000e+00 0.000000e+00
3.678796e-10 0.000000e+00 0.000000e+00
3.760087e-10 0.000000e+00 0.000000e+00
2.916080e-10 0.000000e+00 0.000000e+00
3.133148e-10 0.000000e+00 0.000000e+00
3.548101e-10 0.000000e+00 0.000000e+00
4.771911e-10 0.000000e+00 0.000000e+00
6.187210e-10 0.000000e+00 0.000000e+00
3.905673e-10 0.000000e+00 0.000000e+00
4.270853e-10 0.000000e+00 0.000000e+00
3.261395e-10 0.000000e+00 0.000000e+00
4.973491e-10 0.000000e+00 0.000000e+00
5.597723e-10 0.000000e+00 0.000000e+00
4.255101e-10 0.000000e+00 0.000000e+00
3.754603e-10 0.000000e+00 0.000000e+00
3.984469e-10 0.000000e+00 0.000000e+00
3.009018e-10 0.000000e+00 0.000000e+00
4.031529e-10 0.000000e+00 0.000000e+00
5.602378e-10 0.000000e+00 0.000000e+00
3.556237e-10 0.000000e+00 0.000000e+00
4.686598e-10 0.000000e+00 0.000000e+00
4.466422e-10 0.000000e+00 0.000000e+00
5.841729e-10 0.000000e+00 0.000000e+00
5.268698e-10 0.000000e+00 0.000000e+00
4.568518e-10 0.000000e+00 0.000000e+00
4.437712e-10 0.000000e+00 0.000000e+00
5.478775e-10 0.000000e+00 0.000000e+00
4.964718e-10 0.000000e+00 0.000000e+00
2.654522e-10 0.000000e+00 0.000000e+00
3.988399e-10 0.000000e+00 0.000000e+00
2.402578e-10 0.000000e+00 0.000000e+00
3.091733e-10 0.000000e+00 0.000000e+00
3.726920e-10 0.000000e+00 0.000000e+00
5.314637e-10 0.000000e+00 0.000000e+00
3.129282e-10 0.000000e+00 0.000000e+00
5.809823e-10 0.000000e+00 0.000000e+00
3.573198e-10 0.000000e+00 0.000000e+00
4.397355e-10 0.000000e+00 0.000000e+00
3.765090e-10 0.000000e+00 0.000000e+00
5.358493e-10 0.000000e+00 0.000000e+00
3.018257e-10 0.000000e+00 0.000000e+00
3.799909e-10 0.000000e+00 0.000000e+00
2.986693e-10 0.000000e+00 0.000000e+00
3.120278e-10 0.000000e+00 0.000000e+00
2.860770e-10 0.000000e+00 0.000000e+00
2.945354e-10 0.000000e+00 0.000000e+00
2.944425e-10 0.000000e+00 0.000000e+00
2.683899e-10 0.000000e+00 0.000000e+00
2.923026e-10 0.000000e+00 0.000000e+00
2.981517e-10 0.000000e+00 0.000000e+00
5.963234e-10 0.000000e+00 0.000000e+00
3.139222e-10 0.000000e+00 0.000000e+00
3.294865e-10 0.000000e+00 0.000000e+00
3.356376e-10 0.000000e+00 0.000000e+00
4.002688e-10 0.000000e+00 0.000000e+00
3.023027e-10 0.000000e+00 0.000000e+00
6.094899e-10 0.000000e+00 0.000000e+00
3.252878e-10 0.000000e+00 0.000000e+00
5.223105e-10 0.000000e+00 0.000000e+00
2.770506e-10 0.000000e+00 0.000000e+00
2.675862e-10 0.000000e+00 0.000000e+00
6.283207e-10 0.000000e+00 0.000000e+00
2.371145e-10 0.000000e+00 0.000000e+00
4.843803e-10 0.000000e+00 0.000000e+00
2.515169e-10 0.000000e+00 0.000000e+00
3.039962e-10 0.000000e+00 0.000000e+00
3.921968e-10 0.000000e+00 0.000000e+00
3.850682e-10 0.000000e+00 0.000000e+00
2.624235e-10 0.000000e+00 0.000000e+00
6.134870e-10 0.000000e+00 0.000000e+00
3.456901e-10 0.000000e+00 0.000000e+00
3.214565e-10 0.000000e+00 0.000000e+00
5.446604e-10 0.000000e+00 0.000000e+00
2.408826e-10 0.000000e+00 0.000000e+00
4.892685e-10 0.000000e+00 0.000000e+00
2.630555e-10 0.000000e+00 0.000000e+00
4.931908e-10 0.000000e+00 0.000000e+00
3.465538e-10 0.000000e+00 0.000000e+00
4.846795e-10 0.000000e+00 0.000000e+00
2.538082e-10 0.000000e+00 0.000000e+00
2.640668e-10 0.000000e+00 0.000000e+00
3.812451e-10 0.000000e+00 0.000000e+00
4.920484e-10 0.000000e+00 0.000000e+00
5.370861e-10 0.000000e+00 0.000000e+00
4.690250e-10 0.000000e+00 0.000000e+00
4.946233e-10 0.000000e+00 0.000000e+00
4.947547e-10 0.000000e+00 0.000000e+00
3.604145e-10 0.000000e+00 0.000000e+00
4.165158e-10 0.000000e+00 0.000000e+00
2.830967e-10 0.000000e+00 0.000000e+00
4.791947e-10 0.000000e+00 0.000000e+00
2.404542e-10 0.000000e+00 0.000000e+00
4.946912e-10 0.000000e+00 0.000000e+00
5.414394e-10 0.000000e+00 0.000000e+00
3.130661e-10 0.000000e+00 0.000000e+00
3.357442e-10 0.000000e+00 0.000000e+00
4.973781e-10 0.000000e+00 0.000000e+00
4.143188e-10 0.000000e+00 0.000000e+00
3.671127e-10 0.000000e+00 0.000000e+00
2.818747e-10 0.000000e+00 0.000000e+00
3.154732e-10 0.000000e+00 0.000000e+00
5.138941e-10 0.000000e+00 0.000000e+00
2.721187e-10 0.000000e+00 0.000000e+00
2.499388e-10 0.000000e+00 0.000000e+00
4.601051e-10 0.000000e+00 0.000000e+00
4.618174e-10 0.000000e+00 0.000000e+00
5.117484e-10 0.000000e+00 0.000000e+00
5.631516e-10 0.000000e+00 0.000000e+00
4.974656e-10 0.000000e+00 0.000000e+00
2.935281e-10 0.000000e+00 0.000000e+00
2.641813e-10 0.000000e+00 0.000000e+00
5.390034e-10 0.000000e+00 0.000000e+00
2.700581e-10 0.000000e+00 0.000000e+00
4.420469e-10 0.000000e+00 0.000000e+00
3.532988e-10 0.000000e+00 0.000000e+00
2.586602e-10 0.000000e+00 0.000000e+00
2.632515e-10 0.000000e+00 0.000000e+00
5.986839e-10 0.000000e+00 0.000000e+00
3.609423e-10 0.000000e+00 0.000000e+00
6.000722e-10 0.000000e+00 0.000000e+00
3.353487e-10 0.000000e+00 0.000000e+00
3.163644e-10 0.000000e+00 0.000000e+00
4.069120e-10 0.000000e+00 0.000000e+00
3.480092e-10 0.000000e+00 0.000000e+00
2.937772e-10 0.000000e+00 0.000000e+00
5.904946e-10 0.000000e+00 0.000000e+00
3.537501e-10 0.000000e+00 0.000000e+00
2.601475e-10 0.000000e+00 0.000000e+00
3.699660e-10 0.000000e+00 0.000000e+00
4.455261e-10 0.000000e+00 0.000000e+00
3.591376e-10 0.000000e+00 0.000000e+00
2.424978e-10 0.000000e+00 0.000000e+00
3.579032e-10 0.000000e+00 0.000000e+00
3.558174e-10 0.000000e+00 0.000000e+00
3.662334e-10 0.000000e+00 0.000000e+00
2.669548e-10 0.000000e+00 0.000000e+00
4.865396e-10 0.000000e+00 0.000000e+00
2.371470e-10 0.000000e+00 0.000000e+00
2.682818e-10 0.000000e+00 0.000000e+00
5.501199e-10 0.000000e+00 0.000000e+00
3.521156e-10 0.000000e+00 0.000000e+00
2.514835e-10 0.000000e+00 0.000000e+00
5.082542e-10 0.000000e+00 0.000000e+00
3.679802e-10 0.000000e+00 0.000000e+00
2.947419e-10 0.000000e+00 0.000000e+00
3.777275e-10 0.000000e+00 0.000000e+00
3.340285e-10 0.000000e+00 0.000000e+00
3.087244e-10 0.000000e+00 0.000000e+00
4.675353e-10 0.000000e+00 0.000000e+00
3.408528e-10 0.000000e+00 0.000000e+00
3.981977e-10 0.000000e+00 0.000000e+00
4.535994e-10 0.000000e+00 0.000000e+00
4.317986e-10 0.000000e+00 0.000000e+00
4.513484e-10 0.000000e+00 0.000000e+00
2.397130e-10 0.000000e+00 0.000000e+00
4.334382e-10 0.000000e+00 0.000000e+00
3.581680e-10 0.000000e+00 0.000000e+00
4.787820e-10 0.000000e+00 0.000000e+00
3.115528e-10 0.000000e+00 0.000000e+00
3.949093e-10 0.000000e+00 0.000000e+00
4.729066e-10 0.000000e+00 0.000000e+00
5.116489e-10 0.000000e+00 0.000000e+00
3.423315e-10 0.000000e+00 0.000000e+00
5.610321e-10 0.000000e+00 0.000000e+00
3.153832e-10 0.000000e+00 0.000000e+00
2.394490e-10 0.000000e+00 0.000000e+00
3.631849e-10 0.000000e+00 0.000000e+00
4.292439e-10 0.000000e+00 0.000000e+00
4.341911e-10 0.000000e+00 0.000000e+00
6.208780e-10 0.000000e+00 0.000000e+00
3.389545e-10 0.000000e+00 0.000000e+00
3.738992e-10 0.000000e+00 0.000000e+00
3.181842e-10 0.000000e+00 0.000000e+00
3.976311e-10 0.000000e+00 0.000000e+00
3.277127e-10 0.000000e+00 0.000000e+00
4.712199e-10 0.000000e+00 0.000000e+00
3.474197e-10 0.000000e+00 0.000000e+00
4.581832e-10 0.000000e+00 0.000000e+00
3.442326e-10 0.000000e+00 0.000000e+00
2.545439e-10 0.000000e+00 0.000000e+00
5.714832e-10 0.000000e+00 0.000000e+00
3.551776e-10 0.000000e+00 0.000000e+00
4.675532e-10 0.000000e+00 0.000000e+00
3.554915e-10 0.000000e+00 0.000000e+00
2.974133e-10 0.000000e+00 0.000000e+00
3.349639e-10 0.000000e+00 0.000000e+00
5.312960e-10 0.000000e+00 0.000000e+00
3.737280e-10 0.000000e+00 0.000000e+00
3.656802e-10 0.000000e+00 0.000000e+00
5.375755e-10 0.000000e+00 0.000000e+00
3.028489e-10 0.000000e+00 0.000000e+00
5.020920e-10 0.000000e+00 0.000000e+00
4.154086e-10 0.000000e+00 0.000000e+00
3.440541e-10 0.000000e+00 0.000000e+00
4.246143e-10 0.000000e+00 0.000000e+00
3.382959e-10 0.000000e+00 0.000000e+00
5.797345e-10 0.000000e+00 0.000000e+00
3.726022e-10 0.000000e+00 0.000000e+00
6.075477e-10 0.000000e+00 0.000000e+00
4.542268e-10 0.000000e+00 0.000000e+00
4.754376e-10 0.000000e+00 0.000000e+00
3.221468e-10 0.000000e+00 0.000000e+00
4.263782e-10 0.000000e+00 0.000000e+00
4.860775e-10 0.000000e+00 0.000000e+00
2.800792e-10 0.000000e+00 0.000000e+00
3.431633e-10 0.000000e+00 0.000000e+00
3.666644e-10 0.000000e+00 0.000000e+00
