step K U E temp
0 2.428507e-21 -3.574904e-20 -3.332053e-20 3.517921e+02
1000 2.249059e-22 -4.106368e-20 -4.083877e-20 3.257973e+01
2000 5.692901e-23 -4.100011e-20 -4.094318e-20 8.246702e+00
3000 6.982165e-21 -4.082279e-20 -3.384062e-20 1.011432e+03
4000 1.763629e-21 -3.974181e-20 -3.797819e-20 2.554782e+02
5000 2.199827e-21 -3.605877e-20 -3.385895e-20 3.186656e+02
6000 1.943886e-21 -4.104509e-20 -3.910121e-20 2.815902e+02
7000 4.234224e-22 -3.792470e-20 -3.750127e-20 6.133671e+01
8000 2.560925e-21 -4.008690e-20 -3.752597e-20 3.709740e+02
9000 9.574571e-21 -3.776541e-20 -2.819083e-20 1.386967e+03
10000 2.072521e-25 -4.079351e-20 -4.079330e-20 3.002242e-02
11000 2.739104e-24 -3.945467e-20 -3.945193e-20 3.967851e-01
12000 1.477275e-22 -2.844481e-20 -2.829709e-20 2.139971e+01
13000 1.377237e-21 -4.090205e-20 -3.952481e-20 1.995057e+02
14000 9.905147e-22 -3.917883e-20 -3.818831e-20 1.434854e+02
15000 2.489596e-22 -3.730375e-20 -3.705479e-20 3.606414e+01
16000 3.754341e-21 -4.053744e-20 -3.678310e-20 5.438516e+02
17000 2.161074e-22 -4.031633e-20 -4.010022e-20 3.130520e+01
18000 1.619661e-20 -3.150939e-20 -1.531278e-20 2.346231e+03
19000 2.293728e-22 -4.095043e-20 -4.072106e-20 3.322681e+01
20000 4.282170e-21 -4.097715e-20 -3.669498e-20 6.203127e+02
21000 2.397188e-22 -4.106756e-20 -4.082785e-20 3.472552e+01
22000 1.215675e-21 -4.026253e-20 -3.904685e-20 1.761019e+02
23000 3.698708e-21 -4.106415e-20 -3.736544e-20 5.357927e+02
24000 6.682810e-22 -4.108129e-20 -4.041301e-20 9.680679e+01
25000 9.025487e-22 -4.106301e-20 -4.016046e-20 1.307427e+02
26000 7.529733e-21 -3.380453e-20 -2.627480e-20 1.090753e+03
27000 8.348688e-22 -4.107407e-20 -4.023920e-20 1.209386e+02
28000 1.377723e-20 -3.138084e-20 -1.760361e-20 1.995761e+03
29000 3.864936e-22 -3.661860e-20 -3.623211e-20 5.598723e+01
30000 4.449496e-21 -4.099774e-20 -3.654825e-20 6.445513e+02
31000 2.322852e-22 -4.046627e-20 -4.023398e-20 3.364870e+01
32000 5.725356e-22 -3.811634e-20 -3.754381e-20 8.293717e+01
33000 5.897193e-21 -3.573800e-20 -2.984081e-20 8.542638e+02
34000 1.353469e-22 -3.460813e-20 -3.447278e-20 1.960627e+01
35000 7.172207e-25 -3.954835e-20 -3.954763e-20 1.038962e-01
36000 1.739125e-21 -4.075454e-20 -3.901542e-20 2.519286e+02
37000 3.655678e-22 -4.108021e-20 -4.071464e-20 5.295594e+01
38000 4.870429e-21 -3.921180e-20 -3.434137e-20 7.055275e+02
39000 3.530283e-22 -4.036045e-20 -4.000742e-20 5.113947e+01
40000 3.190974e-22 -4.096068e-20 -4.064158e-20 4.622427e+01
41000 4.645560e-23 -3.808530e-20 -3.803885e-20 6.729531e+00
42000 8.571016e-21 -3.976104e-20 -3.119003e-20 1.241592e+03
43000 2.096506e-21 -2.971880e-20 -2.762229e-20 3.036986e+02
44000 4.066858e-21 -4.050958e-20 -3.644273e-20 5.891226e+02
45000 9.689969e-22 -3.911351e-20 -3.814451e-20 1.403683e+02
46000 1.265717e-22 -3.933498e-20 -3.920841e-20 1.833510e+01
47000 4.933692e-22 -4.109527e-20 -4.060190e-20 7.146917e+01
48000 4.396596e-21 -4.002017e-20 -3.562358e-20 6.368884e+02
49000 3.306591e-21 -3.816200e-20 -3.485541e-20 4.789908e+02
50000 2.787347e-21 -4.103708e-20 -3.824973e-20 4.037734e+02
51000 2.285472e-22 -3.952536e-20 -3.929682e-20 3.310721e+01
52000 8.440227e-21 -3.892434e-20 -3.048412e-20 1.222646e+03
53000 1.119233e-22 -3.371390e-20 -3.360198e-20 1.621315e+01
54000 1.798416e-21 -4.086984e-20 -3.907143e-20 2.605176e+02
55000 1.705097e-21 -4.093037e-20 -3.922527e-20 2.469994e+02
56000 3.338964e-23 -4.092522e-20 -4.089183e-20 4.836804e+00
57000 2.026209e-22 -4.095920e-20 -4.075658e-20 2.935155e+01
58000 1.253644e-20 -4.099116e-20 -2.845472e-20 1.816021e+03
59000 6.134954e-23 -4.109971e-20 -4.103836e-20 8.887057e+00
60000 8.129405e-23 -4.064528e-20 -4.056399e-20 1.177621e+01
61000 1.771322e-23 -3.954717e-20 -3.952946e-20 2.565927e+00
62000 1.026662e-23 -4.082718e-20 -4.081691e-20 1.487216e+00
63000 5.565318e-21 -4.109463e-20 -3.552931e-20 8.061887e+02
64000 1.047039e-21 -4.061469e-20 -3.956765e-20 1.516735e+02
65000 9.105225e-21 -4.060938e-20 -3.150415e-20 1.318978e+03
66000 3.731324e-23 -4.088690e-20 -4.084958e-20 5.405173e+00
67000 5.353320e-22 -4.035972e-20 -3.982439e-20 7.754788e+01
68000 1.288009e-21 -3.606658e-20 -3.477857e-20 1.865802e+02
69000 8.205503e-22 -4.004275e-20 -3.922220e-20 1.188644e+02
70000 9.282349e-22 -4.109574e-20 -4.016750e-20 1.344636e+02
71000 5.756389e-22 -3.959015e-20 -3.901451e-20 8.338672e+01
72000 5.561798e-23 -4.108466e-20 -4.102904e-20 8.056788e+00
73000 7.428486e-24 -3.996009e-20 -3.995266e-20 1.076086e+00
74000 1.335502e-21 -4.100591e-20 -3.967041e-20 1.934601e+02
75000 1.621270e-24 -4.081681e-20 -4.081519e-20 2.348563e-01
76000 2.114135e-21 -3.924472e-20 -3.713058e-20 3.062523e+02
77000 4.794386e-24 -3.441571e-20 -3.441092e-20 6.945119e-01
78000 6.351563e-21 -3.779758e-20 -3.144602e-20 9.200837e+02
79000 4.494186e-21 -3.930490e-20 -3.481071e-20 6.510251e+02
80000 4.037176e-21 -4.102051e-20 -3.698333e-20 5.848230e+02
81000 3.021806e-21 -3.609879e-20 -3.307699e-20 4.377370e+02
82000 1.025028e-21 -4.092632e-20 -3.990129e-20 1.484850e+02
83000 6.107437e-22 -3.861273e-20 -3.800199e-20 8.847198e+01
84000 3.826761e-21 -3.529991e-20 -3.147315e-20 5.543424e+02
85000 8.568955e-22 -4.106988e-20 -4.021298e-20 1.241294e+02
86000 2.025103e-22 -4.094305e-20 -4.074054e-20 2.933553e+01
87000 7.689104e-23 -4.093332e-20 -4.085643e-20 1.113839e+01
88000 2.244115e-22 -4.091304e-20 -4.068863e-20 3.250812e+01
89000 1.073836e-22 -4.105079e-20 -4.094341e-20 1.555553e+01
90000 1.711865e-21 -4.057574e-20 -3.886387e-20 2.479798e+02
91000 6.803474e-22 -4.106070e-20 -4.038036e-20 9.855472e+01
92000 2.271381e-22 -2.547104e-20 -2.524390e-20 3.290309e+01
93000 1.753006e-21 -3.855639e-20 -3.680338e-20 2.539394e+02
94000 3.138232e-22 -4.109616e-20 -4.078234e-20 4.546025e+01
95000 4.991152e-22 -4.109973e-20 -4.060061e-20 7.230153e+01
96000 3.451816e-23 -4.108109e-20 -4.104657e-20 5.000280e+00
97000 2.432033e-21 -4.107779e-20 -3.864576e-20 3.523028e+02
98000 2.668034e-21 -3.892633e-20 -3.625830e-20 3.864898e+02
99000 1.390241e-21 -3.850962e-20 -3.711938e-20 2.013895e+02
100000 1.049634e-23 -4.074715e-20 2.592633e-19 1.520494e+00
101000 8.138421e-22 -4.098342e-20 1.598535e-19 1.178927e+02
102000 2.705146e-22 -3.805755e-20 1.622130e-19 3.918659e+01
103000 1.030849e-22 -4.109488e-20 1.590082e-19 1.493282e+01
104000 1.612644e-21 -4.108930e-20 1.605233e-19 2.336067e+02
105000 4.728562e-21 -4.093954e-20 1.637890e-19 6.849767e+02
106000 6.246719e-23 -4.022633e-20 1.598361e-19 9.048960e+00
107000 6.079780e-22 -4.109584e-20 1.595121e-19 8.807134e+01
108000 3.849851e-21 -2.886812e-20 1.749817e-19 5.576872e+02
109000 2.378296e-21 -4.080354e-20 1.615748e-19 3.445186e+02
110000 1.094193e-22 -4.110000e-20 1.590094e-19 1.585042e+01
111000 1.742396e-21 -4.106662e-20 1.606758e-19 2.524024e+02
112000 4.387678e-22 -4.104808e-20 1.593907e-19 6.355964e+01
113000 1.876410e-21 -3.732190e-20 1.645545e-19 2.718157e+02
114000 2.284035e-22 -4.103930e-20 1.591891e-19 3.308639e+01
115000 1.930429e-20 -4.008701e-20 1.792173e-19 2.796408e+03
116000 7.021430e-22 -4.054451e-20 1.601576e-19 1.017120e+02
117000 2.791426e-21 -3.942262e-20 1.633688e-19 4.043643e+02
118000 3.992484e-21 -3.992148e-20 1.640710e-19 5.783488e+02
119000 1.778081e-21 -4.103670e-20 1.607414e-19 2.575718e+02
120000 2.280479e-21 -4.109948e-20 1.611810e-19 3.303489e+02
121000 1.035487e-20 -3.979445e-20 1.705604e-19 1.500000e+03
122000 1.227700e-22 -4.105586e-20 1.590669e-19 1.778439e+01
123000 3.684502e-21 -3.537023e-20 1.683143e-19 5.337349e+02
124000 1.479732e-22 -3.999513e-20 1.601528e-19 2.143531e+01
125000 1.022354e-21 -3.630906e-20 1.647133e-19 1.480976e+02
126000 3.622999e-21 -4.029368e-20 1.633293e-19 5.248255e+02
127000 6.265755e-21 -4.109181e-20 1.651739e-19 9.076535e+02
128000 1.899935e-23 -3.857367e-20 1.614453e-19 2.752234e+00
129000 3.781494e-22 -4.109902e-20 1.592791e-19 5.477849e+01
130000 1.598967e-23 -4.087700e-20 1.591390e-19 2.316254e+00
131000 2.549549e-21 -3.476506e-20 1.677845e-19 3.693262e+02
132000 8.731583e-25 -3.334300e-20 1.666579e-19 1.264852e-01
133000 5.100953e-21 -4.106233e-20 1.640386e-19 7.389211e+02
134000 3.018134e-21 -4.087468e-20 1.621435e-19 4.372051e+02
135000 1.082930e-23 -4.096282e-20 1.590480e-19 1.568725e+00
136000 4.779311e-22 -3.901137e-20 1.614666e-19 6.923281e+01
137000 8.334429e-21 -4.109085e-20 1.672436e-19 1.207321e+03
138000 8.903585e-23 -4.108487e-20 1.590042e-19 1.289768e+01
139000 2.714316e-23 -4.087282e-20 1.591543e-19 3.931941e+00
140000 3.644771e-21 -4.076277e-20 1.628820e-19 5.279794e+02
141000 9.240305e-24 -3.957232e-20 1.604369e-19 1.338545e+00
142000 8.372778e-23 -3.882810e-20 1.612556e-19 1.212876e+01
143000 2.632776e-23 -4.046600e-20 1.595603e-19 3.813824e+00
144000 8.379353e-21 -4.049840e-20 1.678810e-19 1.213828e+03
145000 9.203225e-23 -4.015800e-20 1.599340e-19 1.333174e+01
146000 3.497614e-21 -4.059676e-20 1.629009e-19 5.066624e+02
147000 5.750262e-22 -3.995984e-20 1.606152e-19 8.329796e+01
148000 1.032332e-22 -3.795258e-20 1.621506e-19 1.495430e+01
149000 9.611011e-21 -4.030945e-20 1.693016e-19 1.392245e+03
150000 5.604414e-22 -4.049776e-20 1.600627e-19 8.118521e+01
151000 2.440396e-21 -4.108373e-20 1.613567e-19 3.535144e+02
152000 2.652474e-21 -4.047443e-20 1.621780e-19 3.842358e+02
153000 6.553466e-21 -4.109890e-20 1.654546e-19 9.493312e+02
154000 3.458928e-21 -4.036048e-20 1.630984e-19 5.010583e+02
155000 1.913358e-22 -3.977253e-20 1.604188e-19 2.771680e+01
156000 1.492694e-22 -3.965964e-20 1.604896e-19 2.162308e+01
157000 2.239978e-21 -3.707674e-20 1.651632e-19 3.244819e+02
158000 2.387608e-21 -3.794314e-20 1.644445e-19 3.458675e+02
159000 2.157349e-24 -4.055221e-20 1.594500e-19 3.125123e-01
160000 2.647931e-23 -4.093649e-20 1.590900e-19 3.835778e+00
161000 1.683552e-21 -4.108132e-20 1.606022e-19 2.438783e+02
162000 5.210891e-22 -4.099354e-20 1.595359e-19 7.548466e+01
163000 1.166569e-22 -4.071721e-20 1.593995e-19 1.689886e+01
164000 5.237180e-25 -3.839183e-20 1.616087e-19 7.586549e-02
165000 6.796135e-22 -4.007290e-20 1.606067e-19 9.844842e+01
166000 6.820072e-21 -4.109443e-20 1.657256e-19 9.879516e+02
167000 1.164994e-21 -4.075680e-20 1.604082e-19 1.687603e+02
168000 4.217398e-21 -4.109627e-20 1.631211e-19 6.109298e+02
169000 8.324516e-21 -4.040696e-20 1.679176e-19 1.205885e+03
170000 1.353191e-20 -4.105095e-20 1.724810e-19 1.960224e+03
171000 5.889061e-25 -3.907045e-20 1.609301e-19 8.530859e-02
172000 2.339021e-21 -4.025324e-20 1.620858e-19 3.388292e+02
173000 3.782468e-24 -3.755825e-20 1.624455e-19 5.479260e-01
174000 1.093615e-21 -4.092432e-20 1.601693e-19 1.584204e+02
175000 2.340615e-21 -4.104189e-20 1.612987e-19 3.390602e+02
176000 1.281885e-21 -4.091200e-20 1.636951e-19 1.856931e+02
177000 6.361439e-24 -4.088068e-20 1.591257e-19 9.215143e-01
178000 2.136940e-22 -3.884278e-20 1.613709e-19 3.095558e+01
179000 1.142835e-23 -4.061230e-20 1.593991e-19 1.655505e+00
180000 4.601461e-22 -4.109653e-20 1.593636e-19 6.665649e+01
181000 1.016883e-23 -3.995866e-20 1.600515e-19 1.473051e+00
182000 3.628763e-21 -3.798763e-20 1.656411e-19 5.256604e+02
183000 6.326491e-21 -4.010819e-20 1.662183e-19 9.164518e+02
184000 4.099752e-21 -4.087463e-20 1.632251e-19 5.938877e+02
185000 1.472402e-21 -4.104143e-20 1.604310e-19 2.132914e+02
186000 9.684336e-22 -4.103480e-20 1.599337e-19 1.402867e+02
187000 5.335245e-21 -4.095888e-20 1.643764e-19 7.728605e+02
188000 8.801734e-21 -3.489448e-20 1.739072e-19 1.275014e+03
189000 2.619870e-21 -3.947812e-20 1.631417e-19 3.795128e+02
190000 3.619022e-22 -4.022664e-20 1.601353e-19 5.242494e+01
191000 1.070783e-20 -4.094006e-20 1.697678e-19 1.551129e+03
192000 3.930150e-22 -4.109977e-20 1.592932e-19 5.693191e+01
193000 1.698092e-22 -4.109903e-20 1.590708e-19 2.459846e+01
194000 5.686215e-22 -4.110000e-20 1.594686e-19 8.237017e+01
195000 6.576885e-22 -4.030451e-20 1.603532e-19 9.527237e+01
196000 2.857848e-21 -4.093186e-20 1.619260e-19 4.139862e+02
197000 5.648771e-22 -4.051470e-20 1.600502e-19 8.182777e+01
198000 7.047259e-24 -4.105848e-20 1.589486e-19 1.020862e+00
199000 1.100616e-21 -4.002881e-20 1.610718e-19 1.594346e+02
200000 3.074550e-21 -4.108732e-20 1.619872e-19 4.453775e+02
201000 2.444592e-21 -3.990812e-20 1.625365e-19 3.541222e+02
202000 4.915477e-21 -4.074759e-20 1.641679e-19 7.120531e+02
203000 1.640602e-21 -4.109773e-20 1.605429e-19 2.376566e+02
204000 2.744045e-21 -4.074938e-20 1.619947e-19 3.975007e+02
205000 2.338162e-21 -4.097282e-20 1.613653e-19 3.387048e+02
206000 9.047842e-22 -4.102062e-20 1.598842e-19 1.310665e+02
207000 6.392607e-21 -4.109515e-20 1.652975e-19 9.260293e+02
208000 1.043462e-21 -4.094297e-20 1.601005e-19 1.511553e+02
209000 2.274939e-23 -4.094699e-20 1.595173e-19 3.295463e+00
210000 1.773942e-22 -4.108226e-20 1.590951e-19 2.569722e+01
211000 1.440189e-21 -4.107970e-20 1.603605e-19 2.086250e+02
212000 2.560220e-22 -3.831321e-20 1.619428e-19 3.708720e+01
213000 1.534911e-20 -4.092529e-20 1.744238e-19 2.223463e+03
214000 6.284804e-21 -4.028466e-20 1.660001e-19 9.104130e+02
215000 1.187215e-21 -4.070882e-20 1.604784e-19 1.719793e+02
216000 5.177758e-21 -4.109999e-20 1.640778e-19 7.500469e+02
217000 1.592767e-21 -4.096219e-20 1.606306e-19 2.307272e+02
218000 5.717433e-22 -4.083911e-20 1.597326e-19 8.282240e+01
219000 1.654126e-22 -3.873861e-20 1.614268e-19 2.396157e+01
220000 7.476443e-21 -4.002727e-20 1.674492e-19 1.083033e+03
221000 3.669913e-21 -3.974189e-20 1.639280e-19 5.316214e+02
222000 1.430225e-21 -4.020994e-20 1.612203e-19 2.071816e+02
223000 3.756185e-21 -4.071855e-20 1.630376e-19 5.441187e+02
224000 2.911658e-21 -4.098604e-20 1.619256e-19 4.217811e+02
225000 1.405152e-21 -4.102567e-20 1.603796e-19 2.035495e+02
226000 1.237114e-22 -4.109789e-20 1.590258e-19 1.792076e+01
227000 6.357552e-23 -3.992026e-20 1.601433e-19 9.209512e+00
228000 2.688391e-23 -3.959930e-20 1.604276e-19 3.894388e+00
229000 3.870111e-21 -3.353657e-20 1.703335e-19 5.606219e+02
230000 2.006987e-22 -3.890979e-20 1.612909e-19 2.907310e+01
231000 1.694449e-21 -4.106128e-20 1.606332e-19 2.454568e+02
232000 1.035920e-21 -4.014710e-20 1.608888e-19 1.500627e+02
233000 4.695497e-21 -4.101620e-20 1.636793e-19 6.801869e+02
234000 4.866943e-21 -4.099630e-20 1.638768e-19 7.050226e+02
235000 1.894831e-21 -3.645789e-20 1.654369e-19 2.744841e+02
236000 5.047585e-21 -4.019722e-20 1.648504e-19 7.311902e+02
237000 3.220207e-21 -4.108670e-20 1.621335e-19 4.664773e+02
238000 1.920665e-22 -4.096257e-20 1.592295e-19 2.782264e+01
239000 3.996213e-21 -3.716083e-20 1.668354e-19 5.788891e+02
240000 2.712598e-21 -4.048228e-20 1.622303e-19 3.929453e+02
241000 1.313226e-21 -4.106256e-20 1.602507e-19 1.902332e+02
242000 1.024253e-22 -4.095137e-20 1.594773e-19 1.483727e+01
243000 2.842178e-21 -4.109132e-20 1.617509e-19 4.117162e+02
244000 7.361403e-22 -3.979793e-20 1.609382e-19 1.066369e+02
245000 8.310107e-22 -3.886719e-20 1.619638e-19 1.203797e+02
246000 2.614997e-21 -3.943018e-20 1.631848e-19 3.788069e+02
247000 4.507589e-21 -3.523589e-20 1.692717e-19 6.529666e+02
248000 6.664118e-21 -4.096535e-20 1.658123e-19 9.653603e+02
249000 5.636241e-21 -4.085562e-20 1.647806e-19 8.164626e+02
250000 1.568038e-22 -4.109799e-20 1.590588e-19 2.271451e+01
251000 1.795869e-22 -4.061507e-20 1.595645e-19 2.601486e+01
252000 6.715497e-22 -4.094275e-20 1.597288e-19 9.728029e+01
253000 2.527725e-21 -4.030933e-20 1.622184e-19 3.661648e+02
254000 3.599224e-21 -3.723409e-20 1.663651e-19 5.213815e+02
255000 3.938193e-21 -4.100370e-20 1.629372e-19 5.704843e+02
256000 4.443914e-22 -4.094118e-20 1.595032e-19 6.437428e+01
257000 5.679674e-21 -3.766482e-20 1.680149e-19 8.227543e+02
258000 3.377468e-21 -3.779461e-20 1.655829e-19 4.892581e+02
259000 2.207742e-21 -3.630016e-20 1.659076e-19 3.198122e+02
260000 3.107067e-22 -3.970636e-20 1.606043e-19 4.500879e+01
261000 2.658781e-22 -4.104955e-20 1.592163e-19 3.851494e+01
262000 1.962491e-21 -3.115593e-20 1.708066e-19 2.842853e+02
263000 6.749579e-21 -4.098119e-20 1.657970e-19 9.777400e+02
264000 1.772977e-21 -3.696110e-20 1.648119e-19 2.568324e+02
265000 3.031863e-21 -4.103604e-20 1.619958e-19 4.391939e+02
266000 5.976064e-24 -4.095305e-20 1.590529e-19 8.656891e-01
267000 1.089057e-21 -3.855478e-20 1.625343e-19 1.577602e+02
268000 3.289668e-21 -4.098641e-20 1.623033e-19 4.765393e+02
269000 1.224082e-22 -4.105666e-20 1.590657e-19 1.773197e+01
270000 2.793822e-21 -4.082186e-20 1.619720e-19 4.047113e+02
271000 6.122409e-22 -4.105397e-20 1.595583e-19 8.868885e+01
272000 2.345390e-21 -3.946227e-20 1.628831e-19 3.397518e+02
273000 2.010100e-21 -4.094037e-20 1.610697e-19 2.911820e+02
274000 1.860995e-24 -4.103330e-20 1.589686e-19 2.695826e-01
275000 4.495431e-22 -2.619868e-20 1.742509e-19 6.512055e+01
276000 4.457375e-21 -4.109178e-20 1.633656e-19 6.456927e+02
277000 2.446706e-21 -4.100859e-20 1.614381e-19 3.544285e+02
278000 1.699851e-21 -4.053430e-20 1.611655e-19 2.462395e+02
279000 3.217146e-22 -4.099847e-20 1.593281e-19 4.660339e+01
280000 2.009257e-21 -4.062173e-20 1.613875e-19 2.910598e+02
281000 4.468441e-22 -3.344917e-20 1.669977e-19 6.472957e+01
282000 3.399653e-22 -4.109738e-20 1.592426e-19 4.924718e+01
283000 1.005853e-21 -4.038221e-20 1.606236e-19 1.457073e+02
284000 1.337581e-22 -3.771363e-20 1.624201e-19 1.937611e+01
285000 2.892898e-21 -4.102681e-20 1.618662e-19 4.190635e+02
286000 1.346136e-21 -4.100762e-20 1.603402e-19 1.950004e+02
287000 1.116241e-21 -3.822593e-20 1.628903e-19 1.616981e+02
288000 1.115217e-20 -2.833386e-20 1.828183e-19 1.615497e+03
289000 7.354820e-23 -4.109351e-20 1.589800e-19 1.065415e+01
290000 6.013020e-21 -3.968768e-20 1.663253e-19 8.710426e+02
291000 1.641361e-21 -4.103315e-20 1.606083e-19 2.377666e+02
292000 4.479791e-24 -4.069433e-20 1.593102e-19 6.489398e-01
293000 3.217180e-21 -3.424786e-20 1.689693e-19 4.660387e+02
294000 1.669895e-21 -3.976307e-20 1.619068e-19 2.419000e+02
295000 1.350297e-21 -4.060068e-20 1.607496e-19 1.956032e+02
296000 1.227476e-21 -3.953382e-20 1.616937e-19 1.778114e+02
297000 7.789000e-21 -4.109838e-20 1.666906e-19 1.128310e+03
298000 1.511975e-22 -3.857806e-20 1.615731e-19 2.190238e+01
299000 1.077135e-21 -3.789380e-20 1.631833e-19 1.560331e+02
300000 1.944003e-21 -4.105132e-20 1.608927e-19 2.816071e+02
301000 2.138387e-21 -4.053416e-20 1.616042e-19 3.097655e+02
302000 1.694617e-21 -4.106688e-20 1.606277e-19 2.454812e+02
303000 1.162565e-21 -4.108656e-20 1.600760e-19 1.684085e+02
304000 9.624783e-22 -4.109669e-20 1.598658e-19 1.394240e+02
305000 3.997455e-24 -3.864243e-20 1.613616e-19 5.790689e-01
306000 3.551194e-21 -3.523716e-20 1.683140e-19 5.144239e+02
307000 6.294369e-21 -4.058124e-20 1.657131e-19 9.117986e+02
308000 7.437030e-21 -3.545106e-20 1.719860e-19 1.077324e+03
309000 3.786243e-22 -3.992878e-20 1.604498e-19 5.484729e+01
310000 2.262824e-22 -4.070909e-20 1.595172e-19 3.277914e+01
311000 3.197893e-22 -4.106504e-20 1.592547e-19 4.632449e+01
312000 6.539046e-23 -3.953541e-20 1.605300e-19 9.472424e+00
313000 6.348102e-24 -4.063586e-20 1.593705e-19 9.195823e-01
314000 1.868917e-21 -3.280949e-20 1.690594e-19 2.707302e+02
315000 7.450441e-22 -4.109957e-20 1.596455e-19 1.079266e+02
316000 2.844433e-21 -4.042190e-20 1.624225e-19 4.120429e+02
317000 8.223138e-22 -4.108819e-20 1.597341e-19 1.191199e+02
318000 9.685537e-23 -4.104354e-20 1.590533e-19 1.403041e+01
319000 4.464325e-23 -4.087624e-20 1.591684e-19 6.466995e+00
320000 4.052762e-22 -4.056421e-20 1.598411e-19 5.870807e+01
321000 3.250133e-21 -4.016822e-20 1.630819e-19 4.708124e+02
322000 2.363010e-21 -4.109986e-20 1.612631e-19 3.423042e+02
323000 1.685492e-21 -4.053623e-20 1.611493e-19 2.441593e+02
324000 1.181665e-23 -3.811832e-20 1.618935e-19 1.711753e+00
325000 1.322175e-21 -4.096162e-20 1.605131e-19 1.915295e+02
326000 3.398452e-23 -4.089221e-20 1.591418e-19 4.922978e+00
327000 5.363770e-22 -4.047934e-20 1.600570e-19 7.769925e+01
328000 3.400206e-21 -3.270218e-20 1.706980e-19 4.925518e+02
329000 3.064316e-22 -3.968393e-20 1.606225e-19 4.438950e+01
330000 5.447163e-21 -4.105917e-20 1.643880e-19 7.890728e+02
331000 3.828146e-21 -3.647426e-20 1.673539e-19 5.545430e+02
332000 3.671567e-21 -4.059738e-20 1.630742e-19 5.318610e+02
333000 4.984482e-21 -4.096256e-20 1.641636e-19 7.220491e+02
334000 2.653260e-23 -3.870539e-20 1.613211e-19 3.843497e+00
335000 1.585544e-21 -3.847068e-20 1.631149e-19 2.296810e+02
336000 1.279010e-23 -4.109995e-20 1.589128e-19 1.852766e+00
337000 7.405846e-24 -3.943891e-20 1.605685e-19 1.072806e+00
338000 1.664190e-23 -3.826661e-20 1.617500e-19 2.410735e+00
339000 4.698978e-21 -4.075362e-20 1.639454e-19 6.806912e+02
340000 1.138473e-21 -4.077415e-20 1.603643e-19 1.649185e+02
341000 3.030607e-21 -3.782857e-20 1.652020e-19 4.390119e+02
342000 4.208916e-22 -4.097608e-20 1.594448e-19 6.097011e+01
343000 2.147188e-22 -3.809395e-20 1.621208e-19 3.110404e+01
344000 2.592992e-21 -4.102343e-20 1.615698e-19 3.756193e+02
345000 2.413809e-21 -3.291563e-20 1.694982e-19 3.496629e+02
346000 2.160871e-21 -4.100909e-20 1.611532e-19 3.130224e+02
347000 2.810466e-21 -3.344495e-20 1.693655e-19 4.071225e+02
348000 1.349142e-21 -4.089056e-20 1.604586e-19 1.954359e+02
349000 3.294520e-24 -3.672404e-20 1.632793e-19 4.772422e-01
350000 5.342416e-22 -4.101921e-20 1.595150e-19 7.738993e+01
351000 5.491580e-21 -4.109005e-20 1.644015e-19 7.955071e+02
352000 9.432519e-22 -4.055662e-20 1.603866e-19 1.366389e+02
353000 6.793281e-22 -3.933244e-20 1.613469e-19 9.840707e+01
354000 1.170272e-23 -4.103065e-20 1.589811e-19 1.695249e+00
355000 1.906853e-22 -3.897514e-20 1.612155e-19 2.762256e+01
356000 1.862822e-21 -4.060381e-20 1.612590e-19 2.698472e+02
357000 1.679275e-23 -4.072382e-20 1.592930e-19 2.432588e+00
358000 1.167472e-22 -3.486715e-20 1.652496e-19 1.691193e+01
359000 4.945225e-21 -4.037099e-20 1.645742e-19 7.163624e+02
360000 1.948914e-21 -4.084651e-20 1.611024e-19 2.823186e+02
361000 2.226774e-21 -4.109905e-20 1.611277e-19 3.225691e+02
362000 8.215590e-22 -4.012876e-20 1.606928e-19 1.190106e+02
363000 2.644083e-25 -4.093911e-20 1.590612e-19 3.830203e-02
364000 3.463535e-22 -4.070590e-20 1.596405e-19 5.017256e+01
365000 1.364120e-21 -4.102303e-20 1.603413e-19 1.976057e+02
366000 2.163233e-23 -3.690473e-20 1.631169e-19 3.133646e+00
367000 7.251126e-23 -3.934356e-20 1.607289e-19 1.050394e+01
368000 4.289972e-24 -2.750377e-20 1.725005e-19 6.214427e-01
369000 9.180067e-22 -4.109810e-20 1.598199e-19 1.329819e+02
370000 3.859068e-21 -4.091365e-20 1.660127e-19 5.590223e+02
371000 1.933980e-22 -4.062848e-20 1.595649e-19 2.801552e+01
372000 1.048794e-22 -3.938615e-20 1.607187e-19 1.519277e+01
373000 1.112863e-21 -4.039414e-20 1.607187e-19 1.612086e+02
374000 9.240367e-23 -4.008127e-20 1.600111e-19 1.338554e+01
375000 1.482588e-21 -3.046600e-20 1.710166e-19 2.147668e+02
376000 1.124012e-22 -4.095992e-20 1.591525e-19 1.628238e+01
377000 1.018928e-21 -4.102735e-20 1.599917e-19 1.476013e+02
378000 6.851327e-24 -3.602705e-20 1.639798e-19 9.924792e-01
379000 1.741411e-21 -3.573390e-20 1.660075e-19 2.522598e+02
380000 3.082912e-21 -4.100496e-20 1.620780e-19 4.465888e+02
381000 1.120577e-21 -4.104171e-20 1.600789e-19 1.623261e+02
382000 1.013515e-21 -4.089920e-20 1.601143e-19 1.468172e+02
383000 2.447627e-23 -2.789429e-20 1.721302e-19 3.545618e+00
384000 2.996607e-21 -3.812603e-20 1.648706e-19 4.340868e+02
385000 2.434153e-22 -4.015604e-20 1.600874e-19 3.526100e+01
386000 4.971391e-21 -3.962755e-20 1.653438e-19 7.201527e+02
387000 1.001954e-21 -4.103993e-20 1.599620e-19 1.451424e+02
388000 2.618334e-21 -4.107470e-20 1.615436e-19 3.792904e+02
389000 5.471898e-22 -4.109962e-20 1.594476e-19 7.926559e+01
390000 1.257694e-21 -4.088307e-20 1.603746e-19 1.821889e+02
391000 1.653917e-24 -4.081356e-20 1.591881e-19 2.395855e-01
392000 2.596748e-21 -4.091992e-20 1.616768e-19 3.761634e+02
393000 8.301979e-22 -4.008278e-20 1.607474e-19 1.202620e+02
394000 9.323804e-21 -3.469218e-20 1.746316e-19 1.350641e+03
395000 1.094964e-21 -3.913873e-20 1.619562e-19 1.586158e+02
396000 4.656659e-21 -4.104103e-20 1.636156e-19 6.745608e+02
397000 3.144791e-21 -3.802238e-20 1.651224e-19 4.555525e+02
398000 1.392025e-21 -4.090661e-20 1.604854e-19 2.016479e+02
399000 1.325756e-22 -3.712133e-20 1.630112e-19 1.920482e+01
400000 4.944719e-21 -4.102280e-20 1.639219e-19 7.162891e+02
401000 1.148088e-22 -4.091142e-20 1.592034e-19 1.663114e+01
402000 9.317906e-22 -4.109976e-20 1.598320e-19 1.349786e+02
403000 7.041793e-21 -3.364547e-20 1.733963e-19 1.020070e+03
404000 1.905997e-21 -4.084231e-20 1.610637e-19 2.761016e+02
405000 2.789976e-22 -3.677234e-20 1.635067e-19 4.041543e+01
406000 1.569169e-22 -4.082236e-20 1.593346e-19 2.273089e+01
407000 6.378289e-23 -4.099953e-20 1.590686e-19 9.239552e+00
408000 4.879014e-21 -3.749798e-20 1.673810e-19 7.067711e+02
409000 2.942135e-21 -4.104403e-20 1.618981e-19 4.261960e+02
410000 3.736497e-22 -3.896562e-20 1.614080e-19 5.412667e+01
411000 2.573954e-21 -4.106722e-20 1.615067e-19 3.728614e+02
412000 2.934457e-23 -3.662117e-20 1.634082e-19 4.250838e+00
413000 2.210541e-22 -4.086099e-20 1.593601e-19 3.202177e+01
414000 2.150143e-21 -4.105809e-20 1.610921e-19 3.114684e+02
415000 4.776820e-21 -4.104316e-20 1.637337e-19 6.919673e+02
416000 2.488269e-21 -3.926049e-20 1.632278e-19 3.604491e+02
417000 5.137308e-23 -4.108914e-20 1.589622e-19 7.441874e+00
418000 2.485856e-22 -3.911363e-20 1.611350e-19 3.600996e+01
419000 4.062180e-22 -4.014115e-20 1.602651e-19 5.884450e+01
420000 2.105400e-22 -3.371805e-20 1.664925e-19 3.049870e+01
421000 7.448692e-22 -3.381619e-20 1.669287e-19 1.079013e+02
422000 3.958312e-21 -4.074829e-20 1.632100e-19 5.733987e+02
423000 1.835145e-24 -4.107044e-20 1.589314e-19 2.658381e-01
424000 3.465093e-21 -4.087242e-20 1.625927e-19 5.019513e+02
425000 1.113758e-22 -4.064931e-20 1.594621e-19 1.613383e+01
426000 1.255549e-21 -4.095581e-20 1.602997e-19 1.818781e+02
427000 4.606196e-22 -3.804186e-20 1.624188e-19 6.672508e+01
428000 4.778143e-21 -3.794259e-20 1.668356e-19 6.921590e+02
429000 6.997365e-22 -3.970789e-20 1.609918e-19 1.013634e+02
430000 5.741158e-21 -4.109181e-20 1.646493e-19 8.316608e+02
431000 4.664428e-22 -3.760620e-20 1.628602e-19 6.756863e+01
432000 3.384388e-21 -4.101694e-20 1.623675e-19 4.902604e+02
433000 1.956705e-24 -4.071892e-20 1.592830e-19 2.834472e-01
434000 5.509316e-22 -4.109641e-20 1.594545e-19 7.980762e+01
435000 1.101684e-23 -4.062934e-20 1.593817e-19 1.595892e+00
436000 3.788720e-22 -4.109456e-20 1.592843e-19 5.488318e+01
437000 1.418982e-21 -3.822670e-20 1.631923e-19 2.055529e+02
438000 9.232737e-24 -4.019731e-20 1.598119e-19 1.337449e+00
439000 1.047035e-24 -3.757260e-20 1.624284e-19 1.516728e-01
440000 4.685238e-21 -4.105698e-20 1.636283e-19 6.787008e+02
441000 2.203310e-21 -3.998222e-20 1.622211e-19 3.191702e+02
442000 5.831017e-22 -4.106202e-20 1.595211e-19 8.446777e+01
443000 2.516836e-23 -4.107113e-20 1.589540e-19 3.645874e+00
444000 1.277339e-21 -3.970015e-20 1.615772e-19 1.850346e+02
445000 5.825364e-22 -4.102659e-20 1.595561e-19 8.438587e+01
446000 4.861145e-21 -4.043181e-20 1.644293e-19 7.041827e+02
447000 3.822098e-21 -4.048986e-20 1.633322e-19 5.536668e+02
448000 2.355761e-21 -3.986978e-20 1.624860e-19 3.412542e+02
449000 2.892438e-21 -4.067682e-20 1.622156e-19 4.189968e+02
450000 7.858804e-22 -4.101197e-20 1.597749e-19 1.138422e+02
451000 1.650731e-21 -3.922618e-20 1.624246e-19 2.391239e+02
452000 1.325879e-20 -2.312559e-20 1.901332e-19 1.920661e+03
453000 1.111049e-21 -4.085284e-20 1.602582e-19 1.609459e+02
454000 4.500784e-22 -4.107382e-20 1.593763e-19 6.519809e+01
455000 2.798224e-21 -3.741957e-20 1.653787e-19 4.053491e+02
456000 1.067737e-22 -3.905665e-20 1.610501e-19 1.546717e+01
457000 9.864594e-22 -4.109498e-20 1.598915e-19 1.428979e+02
458000 1.514391e-22 -4.081860e-20 1.593328e-19 2.193737e+01
459000 2.979010e-23 -3.959904e-20 1.604307e-19 4.315376e+00
460000 1.831409e-21 -4.095114e-20 1.612117e-19 2.652968e+02
461000 2.634451e-23 -3.898297e-20 1.610434e-19 3.816251e+00
462000 5.248881e-21 -4.102318e-20 1.642259e-19 7.603498e+02
463000 2.481221e-21 -3.878539e-20 1.636958e-19 3.594282e+02
464000 8.201192e-21 -4.067545e-20 1.675257e-19 1.188020e+03
465000 5.970813e-23 -3.632632e-20 1.637334e-19 8.649284e+00
466000 1.478274e-21 -4.032891e-20 1.611494e-19 2.141419e+02
467000 8.798699e-22 -4.004643e-20 1.608334e-19 1.274574e+02
468000 8.870954e-21 -4.098779e-20 1.678982e-19 1.285041e+03
469000 1.800593e-21 -3.881883e-20 1.629818e-19 2.608329e+02
470000 4.293088e-23 -3.977282e-20 1.602701e-19 6.218942e+00
471000 1.248333e-24 -4.109473e-20 1.589065e-19 1.808328e-01
472000 1.897574e-23 -4.103433e-20 1.589847e-19 2.748815e+00
473000 1.698801e-21 -3.902361e-20 1.626752e-19 2.460874e+02
474000 1.926527e-22 -4.082093e-20 1.593717e-19 2.790756e+01
475000 1.729565e-21 -4.098893e-20 1.607540e-19 2.505437e+02
476000 4.775878e-21 -4.071246e-20 1.640634e-19 6.918309e+02
477000 2.127379e-22 -4.105765e-20 1.591551e-19 3.081708e+01
478000 8.839438e-23 -3.935446e-20 1.607339e-19 1.280476e+01
479000 3.226405e-21 -3.687522e-20 1.663512e-19 4.673752e+02
480000 2.055193e-22 -4.106952e-20 1.591360e-19 2.977141e+01
481000 1.319173e-22 -3.943493e-20 1.606970e-19 1.910946e+01
482000 1.109177e-21 -4.109120e-20 1.600180e-19 1.606747e+02
483000 1.649413e-22 -3.140782e-20 1.687571e-19 2.389330e+01
484000 3.998612e-21 -4.100916e-20 1.629894e-19 5.792366e+02
485000 5.593825e-21 -4.098304e-20 1.646108e-19 8.103182e+02
486000 3.624934e-21 -4.108362e-20 1.625413e-19 5.251058e+02
487000 9.954932e-21 -4.024299e-20 1.697119e-19 1.442066e+03
488000 3.463083e-22 -4.034442e-20 1.600019e-19 5.016601e+01
489000 1.133495e-21 -4.096926e-20 1.601642e-19 1.641974e+02
490000 1.389528e-21 -4.085320e-20 1.605363e-19 2.012862e+02
491000 1.631117e-21 -4.108327e-20 1.605479e-19 2.362827e+02
492000 2.069964e-23 -3.845421e-20 1.615665e-19 2.998538e+00
493000 2.123596e-22 -4.070780e-20 1.595046e-19 3.076229e+01
494000 5.726299e-21 -4.079418e-20 1.649321e-19 8.295083e+02
495000 4.793025e-22 -3.568610e-20 1.647932e-19 6.943147e+01
496000 1.259522e-20 -4.040368e-20 1.721915e-19 1.824536e+03
497000 5.742767e-23 -3.966498e-20 1.603924e-19 8.318939e+00
498000 2.096093e-21 -4.089270e-20 1.612034e-19 3.036388e+02
499000 5.523739e-22 -4.022159e-20 1.603308e-19 8.001656e+01
500000 6.833043e-22 -4.088923e-20 1.597941e-19 9.898306e+01
501000 2.187941e-22 -4.001805e-20 1.602007e-19 3.169439e+01
502000 6.331505e-21 -4.109887e-20 1.652326e-19 9.171781e+02
503000 8.136248e-21 -3.876518e-20 1.693711e-19 1.178612e+03
504000 1.108592e-20 -4.094286e-20 1.707240e-19 1.605899e+03
505000 4.772740e-21 -4.102367e-20 1.637491e-19 6.913763e+02
506000 1.926134e-22 -3.362462e-20 1.665680e-19 2.790187e+01
507000 5.199947e-23 -4.107149e-20 1.589805e-19 7.532612e+00
508000 1.280012e-21 -4.095735e-20 1.605339e-19 1.854218e+02
509000 1.034722e-21 -3.970830e-20 1.613264e-19 1.498892e+02
510000 5.111472e-21 -4.109995e-20 1.640115e-19 7.404449e+02
511000 5.380793e-22 -2.993745e-20 1.706006e-19 7.794585e+01
512000 3.389423e-21 -3.617541e-20 1.672140e-19 4.909898e+02
513000 3.016500e-22 -3.873305e-20 1.615686e-19 4.369685e+01
514000 1.337982e-22 -3.684944e-20 1.632844e-19 1.938192e+01
515000 1.346886e-22 -3.713580e-20 1.629989e-19 1.951091e+01
516000 2.396293e-21 -4.066485e-20 1.617314e-19 3.471256e+02
517000 3.154864e-23 -4.104818e-20 1.589834e-19 4.570118e+00
518000 2.513364e-21 -4.108440e-20 1.614290e-19 3.640844e+02
519000 5.289183e-21 -4.090940e-20 1.681471e-19 7.661880e+02
520000 8.778228e-24 -4.064747e-20 1.593613e-19 1.271609e+00
521000 1.184735e-21 -4.041441e-20 1.607703e-19 1.716201e+02
522000 4.835518e-22 -3.747720e-20 1.630064e-19 7.004703e+01
523000 9.250423e-26 -4.107454e-20 1.589256e-19 1.340011e-02
524000 5.468668e-22 -4.100109e-20 1.595458e-19 7.921880e+01
525000 7.533147e-22 -4.100666e-20 1.597467e-19 1.091247e+02
526000 6.946622e-21 -4.103795e-20 1.659087e-19 1.006284e+03
527000 1.115084e-22 -3.868205e-20 1.614295e-19 1.615304e+01
528000 4.626520e-22 -4.109839e-20 1.593643e-19 6.701950e+01
529000 7.424810e-21 -4.109756e-20 1.663272e-19 1.075554e+03
530000 3.297383e-21 -4.109354e-20 1.622038e-19 4.776569e+02
531000 1.997123e-21 -4.104858e-20 1.609485e-19 2.893020e+02
532000 2.831457e-22 -3.505059e-20 1.652326e-19 4.101633e+01
533000 2.272096e-21 -3.784909e-20 1.644230e-19 3.291345e+02
534000 5.838054e-24 -4.109348e-20 1.589124e-19 8.456971e-01
535000 2.583653e-22 -4.028330e-20 1.599751e-19 3.742664e+01
536000 8.814650e-22 -4.081204e-20 1.600694e-19 1.276885e+02
537000 6.192869e-22 -4.108279e-20 1.595365e-19 8.970953e+01
538000 3.046246e-21 -4.106390e-20 1.619823e-19 4.412774e+02
539000 5.612506e-23 -4.091635e-20 1.618194e-19 8.130243e+00
540000 8.559459e-22 -4.101980e-20 1.598365e-19 1.239918e+02
541000 4.768133e-21 -4.062367e-20 1.641445e-19 6.907090e+02
542000 6.794960e-25 -4.013727e-20 1.598634e-19 9.843139e-02
543000 1.012980e-22 -3.632083e-20 1.637805e-19 1.467397e+01
544000 1.048207e-20 -4.087651e-20 1.696056e-19 1.518427e+03
545000 1.116633e-22 -4.044619e-20 1.596655e-19 1.617549e+01
546000 2.354117e-21 -3.424119e-20 1.681129e-19 3.410160e+02
547000 9.417105e-22 -4.108602e-20 1.598557e-19 1.364156e+02
548000 2.601471e-24 -3.987376e-20 1.601288e-19 3.768476e-01
549000 2.119701e-21 -4.105953e-20 1.610602e-19 3.070587e+02
550000 7.897646e-21 -3.922776e-20 1.686699e-19 1.144048e+03
551000 1.815206e-21 -3.376478e-20 1.680504e-19 2.629496e+02
552000 1.892423e-25 -4.028101e-20 1.597192e-19 2.741352e-02
553000 3.881556e-21 -4.105328e-20 1.628283e-19 5.622800e+02
554000 3.364358e-21 -3.884552e-20 1.645188e-19 4.873589e+02
555000 1.197288e-20 -3.948406e-20 1.724888e-19 1.734385e+03
556000 2.122896e-23 -3.702563e-20 1.629956e-19 3.075214e+00
557000 8.151674e-24 -4.070647e-20 1.593017e-19 1.180847e+00
558000 1.898002e-21 -4.106761e-20 1.608304e-19 2.749435e+02
559000 8.228530e-24 -4.094386e-20 1.596087e-19 1.191980e+00
560000 3.615269e-21 -3.839484e-20 1.652204e-19 5.237058e+02
561000 1.657785e-24 -3.855501e-20 1.614466e-19 2.401458e-01
562000 1.057701e-20 -4.098329e-20 1.695937e-19 1.532180e+03
563000 4.417678e-22 -3.975961e-20 1.606822e-19 6.399422e+01
564000 7.766214e-22 -3.836901e-20 1.624076e-19 1.125009e+02
565000 3.868730e-25 -3.927348e-20 1.607269e-19 5.604220e-02
566000 1.760116e-21 -4.096288e-20 1.609354e-19 2.549694e+02
567000 1.046245e-21 -4.103477e-20 1.600115e-19 1.515584e+02
568000 6.057790e-21 -4.045198e-20 1.656058e-19 8.775279e+02
569000 4.866750e-21 -3.405366e-20 1.708131e-19 7.049945e+02
570000 1.000820e-21 -4.097260e-20 1.600902e-19 1.449782e+02
571000 2.218816e-21 -4.040301e-20 1.618158e-19 3.214164e+02
572000 8.763960e-22 -4.103309e-20 1.598433e-19 1.269542e+02
573000 2.401222e-21 -3.992222e-20 1.624790e-19 3.478396e+02
574000 2.039576e-21 -3.519108e-20 1.668485e-19 2.954517e+02
575000 9.358699e-23 -4.068960e-20 1.594040e-19 1.355696e+01
576000 3.094804e-21 -4.109434e-20 1.620005e-19 4.483115e+02
577000 1.041657e-22 -4.036458e-20 1.597396e-19 1.508939e+01
578000 3.920726e-25 -4.067242e-20 1.593280e-19 5.679540e-02
579000 6.419658e-21 -4.014969e-20 1.662700e-19 9.299479e+02
580000 2.935452e-21 -3.988592e-20 1.630495e-19 4.252279e+02
581000 3.170728e-23 -3.752204e-20 1.625097e-19 4.593098e+00
582000 1.747390e-21 -4.109976e-20 1.606476e-19 2.531259e+02
583000 5.841460e-22 -4.040401e-20 1.601801e-19 8.461904e+01
584000 2.229478e-21 -3.920464e-20 1.630248e-19 3.229609e+02
585000 3.549604e-21 -4.042668e-20 1.631229e-19 5.141935e+02
586000 1.876108e-23 -3.973596e-20 1.602828e-19 2.717719e+00
587000 3.478412e-23 -4.088144e-20 1.711242e-19 5.038807e+00
588000 1.964145e-21 -4.108474e-20 1.608794e-19 2.845248e+02
589000 2.892607e-21 -4.091611e-20 1.619765e-19 4.190214e+02
590000 5.113125e-23 -4.098402e-20 1.590671e-19 7.406843e+00
591000 1.025931e-23 -3.842083e-20 1.615894e-19 1.486157e+00
592000 5.011756e-21 -3.693181e-20 1.680800e-19 7.260000e+02
593000 9.369530e-22 -3.940286e-20 1.615341e-19 1.357265e+02
594000 2.747454e-22 -3.486172e-20 1.654130e-19 3.979946e+01
595000 3.759362e-21 -4.063268e-20 1.631267e-19 5.445790e+02
596000 2.268498e-21 -3.275799e-20 1.695105e-19 3.286133e+02
597000 2.680324e-24 -4.093665e-20 1.599271e-19 3.882701e-01
598000 2.741387e-23 -3.887054e-20 1.611569e-19 3.971157e+00
599000 1.930043e-22 -4.085985e-20 1.593332e-19 2.795849e+01
600000 4.143224e-23 -3.975419e-20 1.602872e-19 6.001851e+00
601000 8.567112e-21 -4.072069e-20 1.678464e-19 1.241027e+03
602000 3.400814e-22 -3.946845e-20 1.608716e-19 4.926399e+01
603000 7.453343e-22 -4.100542e-20 1.597399e-19 1.079687e+02
604000 2.591122e-21 -3.899059e-20 1.636005e-19 3.753484e+02
605000 5.991020e-21 -4.101407e-20 1.649777e-19 8.678557e+02
606000 4.769783e-21 -4.070262e-20 1.640672e-19 6.909480e+02
607000 6.288317e-22 -4.090401e-20 1.597248e-19 9.109219e+01
608000 7.732655e-22 -3.983345e-20 1.609398e-19 1.120148e+02
609000 9.585617e-24 -4.088878e-20 1.591208e-19 1.388567e+00
610000 6.484846e-22 -4.048583e-20 1.601627e-19 9.393910e+01
611000 4.834552e-22 -4.099443e-20 1.594890e-19 7.003303e+01
612000 1.636019e-22 -3.771172e-20 1.624519e-19 2.369927e+01
613000 4.103915e-21 -4.106891e-20 1.630350e-19 5.944908e+02
614000 3.226576e-23 -3.570910e-20 1.643232e-19 4.673999e+00
615000 2.140005e-22 -3.895213e-20 1.612619e-19 3.099999e+01
616000 8.077949e-22 -4.106031e-20 1.597475e-19 1.170167e+02
617000 8.303110e-23 -4.109997e-20 1.589831e-19 1.202784e+01
618000 4.248223e-22 -4.107158e-20 1.593532e-19 6.153950e+01
619000 1.901098e-26 -4.065862e-20 1.593414e-19 2.753919e-03
620000 1.531719e-21 -4.092400e-20 1.624001e-19 2.218838e+02
621000 2.877723e-21 -4.102636e-20 1.618515e-19 4.168653e+02
622000 3.696289e-22 -3.812837e-20 1.622413e-19 5.354423e+01
623000 2.539250e-22 -3.317397e-20 1.670800e-19 3.678343e+01
624000 9.405764e-22 -4.108397e-20 1.598566e-19 1.362513e+02
625000 2.326214e-21 -4.109744e-20 1.612288e-19 3.369739e+02
626000 2.105777e-23 -4.076363e-20 1.592574e-19 3.050416e+00
627000 1.430266e-23 -4.109996e-20 1.589143e-19 2.071875e+00
628000 1.189297e-21 -4.025093e-20 1.609384e-19 1.722809e+02
629000 1.425002e-21 -3.085182e-20 1.705732e-19 2.064249e+02
630000 1.046367e-22 -3.790189e-20 1.622027e-19 1.515761e+01
631000 6.780842e-22 -3.972101e-20 1.609571e-19 9.822688e+01
632000 1.001130e-22 -3.999677e-20 1.601033e-19 1.450231e+01
633000 2.687632e-22 -3.993212e-20 1.603366e-19 3.893288e+01
634000 1.068567e-23 -3.846430e-20 1.615464e-19 1.547920e+00
635000 1.946714e-21 -4.089630e-20 1.610504e-19 2.819999e+02
636000 1.526928e-22 -4.038697e-20 1.597657e-19 2.211899e+01
637000 1.150589e-21 -3.909662e-20 1.620540e-19 1.666736e+02
638000 2.241161e-21 -4.109994e-20 1.611412e-19 3.246533e+02
639000 6.299026e-22 -4.104036e-20 1.595896e-19 9.124731e+01
640000 7.321476e-21 -4.103682e-20 1.662847e-19 1.060585e+03
641000 1.113255e-21 -4.102475e-20 1.600887e-19 1.612654e+02
642000 3.973866e-21 -3.959919e-20 1.643747e-19 5.756519e+02
643000 3.913757e-21 -3.764960e-20 1.662642e-19 5.669445e+02
644000 4.244887e-21 -3.770692e-20 1.665380e-19 6.149118e+02
645000 1.313638e-20 -3.782212e-20 1.753143e-19 1.902928e+03
646000 1.765882e-21 -4.109921e-20 1.606667e-19 2.558046e+02
647000 5.033474e-22 -4.103308e-20 1.594703e-19 7.291461e+01
648000 1.133654e-21 -3.686025e-20 1.642734e-19 1.642204e+02
649000 6.858279e-22 -4.009905e-20 1.605868e-19 9.934862e+01
650000 8.254943e-22 -3.003204e-20 1.707935e-19 1.195806e+02
651000 3.870030e-22 -4.087753e-20 1.595095e-19 5.606103e+01
652000 3.100785e-22 -4.078568e-20 1.595244e-19 4.491779e+01
653000 3.572230e-21 -3.960724e-20 1.639650e-19 5.174711e+02
654000 1.746256e-24 -4.109881e-20 1.589029e-19 2.529616e-01
655000 4.630875e-21 -4.109677e-20 1.635341e-19 6.708258e+02
656000 4.293012e-21 -3.995546e-20 1.643376e-19 6.218832e+02
657000 5.941898e-21 -4.109148e-20 1.648504e-19 8.607398e+02
658000 4.079853e-21 -4.056930e-20 1.635106e-19 5.910052e+02
659000 5.357517e-22 -4.106938e-20 1.594664e-19 7.760868e+01
660000 6.144549e-22 -3.769347e-20 1.629210e-19 8.900958e+01
661000 1.762312e-21 -4.029557e-20 1.614667e-19 2.552875e+02
662000 5.476747e-24 -3.568120e-20 1.643243e-19 7.933583e-01
663000 1.342949e-21 -4.101353e-20 1.603302e-19 1.945388e+02
664000 9.957392e-21 -4.109964e-20 1.688578e-19 1.442422e+03
665000 2.089370e-21 -3.946653e-20 1.626228e-19 3.026650e+02
666000 1.369674e-21 -4.109937e-20 1.602703e-19 1.984101e+02
667000 6.279137e-22 -3.970147e-20 1.609264e-19 9.095921e+01
668000 2.229548e-26 -3.757510e-20 1.624249e-19 3.229710e-03
669000 5.805983e-24 -4.109994e-20 1.589059e-19 8.410513e-01
670000 9.680529e-22 -4.089890e-20 1.600692e-19 1.402316e+02
671000 1.656246e-21 -4.090929e-20 1.607470e-19 2.399229e+02
672000 9.972006e-21 -3.835954e-20 1.716125e-19 1.444539e+03
673000 1.270048e-21 -4.101219e-20 1.602588e-19 1.839784e+02
674000 1.400572e-24 -3.983807e-20 1.601633e-19 2.028860e-01
675000 7.292390e-21 -3.963960e-20 1.676528e-19 1.056371e+03
676000 1.268881e-23 -4.109990e-20 1.589128e-19 1.838094e+00
677000 6.171190e-21 -3.360382e-20 1.725674e-19 8.939550e+02
678000 2.386078e-21 -4.104664e-20 1.613394e-19 3.456459e+02
679000 2.387975e-21 -4.106648e-20 1.613215e-19 3.459206e+02
680000 3.284773e-21 -4.107494e-20 1.622098e-19 4.758303e+02
681000 1.050503e-21 -3.551877e-20 1.655317e-19 1.521753e+02
682000 1.313333e-24 -3.556407e-20 1.644372e-19 1.902486e-01
683000 3.044684e-23 -3.893777e-20 1.610927e-19 4.410512e+00
684000 4.055609e-21 -4.109964e-20 1.629560e-19 5.874931e+02
685000 1.835752e-20 -4.103649e-20 1.773211e-19 2.659259e+03
686000 3.625382e-22 -3.155966e-20 1.688029e-19 5.251707e+01
687000 3.441590e-21 -4.048677e-20 1.629548e-19 4.985468e+02
688000 1.061229e-20 -4.101170e-20 1.696016e-19 1.537291e+03
689000 1.999825e-21 -3.521199e-20 1.667878e-19 2.896934e+02
690000 2.463719e-22 -3.163644e-20 1.686099e-19 3.568928e+01
691000 3.318274e-22 -4.065093e-20 1.596809e-19 4.806833e+01
692000 7.372700e-22 -4.107623e-20 1.596610e-19 1.068005e+02
693000 5.134916e-21 -3.691209e-20 1.682228e-19 7.438409e+02
694000 8.468408e-21 -4.074606e-20 1.677223e-19 1.226729e+03
695000 8.381740e-22 -4.109902e-20 1.597392e-19 1.214174e+02
696000 1.939877e-21 -4.109955e-20 1.608403e-19 2.810095e+02
697000 1.535472e-21 -4.089903e-20 1.606364e-19 2.224276e+02
698000 7.221876e-22 -4.109934e-20 1.596228e-19 1.046157e+02
699000 2.490820e-21 -4.083606e-20 1.616548e-19 3.608188e+02
700000 8.285006e-21 -3.985798e-20 1.684270e-19 1.200161e+03
701000 2.272103e-21 -3.949995e-20 1.627722e-19 3.291354e+02
702000 1.494915e-21 -4.109899e-20 1.603959e-19 2.165525e+02
703000 4.004837e-22 -4.103654e-20 1.593639e-19 5.801383e+01
704000 1.239275e-21 -4.109971e-20 1.601396e-19 1.795206e+02
705000 4.865435e-21 -3.702006e-20 1.678454e-19 7.048041e+02
706000 1.405805e-21 -4.094698e-20 1.604588e-19 2.036440e+02
707000 2.673671e-21 -4.077830e-20 1.618954e-19 3.873064e+02
708000 2.159090e-22 -4.102533e-20 1.591907e-19 3.127645e+01
709000 2.803129e-21 -3.952583e-20 1.632773e-19 4.060596e+02
710000 1.319530e-21 -3.954279e-20 1.617767e-19 1.911463e+02
711000 5.212559e-21 -3.802818e-20 1.671844e-19 7.550882e+02
712000 1.464190e-21 -4.072887e-20 1.607353e-19 2.121017e+02
713000 6.507663e-22 -3.943704e-20 1.612137e-19 9.426962e+01
714000 4.392979e-22 -4.095783e-20 1.596852e-19 6.363643e+01
715000 4.441224e-21 -4.105868e-20 1.633825e-19 6.433531e+02
716000 3.736746e-24 -3.779492e-20 1.622088e-19 5.413028e-01
717000 8.301592e-22 -4.001571e-20 1.608144e-19 1.202564e+02
718000 5.313333e-21 -4.074202e-20 1.645713e-19 7.696863e+02
719000 3.792176e-22 -4.062488e-20 1.597543e-19 5.493324e+01
720000 7.444988e-22 -4.109340e-20 1.596511e-19 1.078477e+02
721000 4.680472e-22 -4.090926e-20 1.633507e-19 6.780105e+01
722000 2.174262e-21 -3.862662e-20 1.635476e-19 3.149623e+02
723000 5.473339e-21 -4.099527e-20 1.644781e-19 7.928647e+02
724000 4.834100e-21 -3.446949e-20 1.703646e-19 7.002649e+02
725000 8.988606e-22 -3.942557e-20 1.614733e-19 1.302084e+02
726000 7.499724e-24 -4.093495e-20 1.590726e-19 1.086406e+00
727000 4.847614e-22 -3.866510e-20 1.618197e-19 7.022226e+01
728000 7.303913e-22 -4.098983e-20 1.597406e-19 1.058041e+02
729000 1.816131e-21 -4.109969e-20 1.607164e-19 2.630837e+02
730000 2.007314e-22 -3.836287e-20 1.618379e-19 2.907784e+01
731000 8.970213e-22 -4.109871e-20 1.597983e-19 1.299420e+02
732000 2.667608e-22 -3.379737e-20 1.664694e-19 3.864282e+01
733000 8.813370e-22 -3.941294e-20 1.614684e-19 1.276700e+02
734000 1.202935e-21 -4.070974e-20 1.604932e-19 1.742565e+02
735000 1.866567e-25 -4.095339e-20 1.590468e-19 2.703898e-02
736000 8.853427e-21 -3.899287e-20 1.698606e-19 1.282502e+03
737000 7.355902e-22 -3.750420e-20 1.632314e-19 1.065572e+02
738000 2.149433e-21 -3.356107e-20 1.685884e-19 3.113656e+02
739000 1.841128e-22 -3.988535e-20 1.602988e-19 2.667047e+01
740000 6.884093e-22 -4.047314e-20 1.602153e-19 9.972257e+01
741000 3.040801e-21 -3.918498e-20 1.638558e-19 4.404886e+02
742000 1.290270e-20 -4.094603e-20 1.719567e-19 1.869077e+03
743000 2.674176e-21 -3.695715e-20 1.657170e-19 3.873796e+02
744000 5.469783e-22 -3.827494e-20 1.622720e-19 7.923496e+01
745000 1.276380e-21 -4.079817e-20 1.604782e-19 1.848957e+02
746000 1.107071e-23 -3.095114e-20 1.690599e-19 1.603696e+00
747000 6.968354e-23 -4.104610e-20 1.590236e-19 1.009432e+01
748000 4.316652e-22 -4.086602e-20 1.595656e-19 6.253076e+01
749000 3.693000e-21 -4.094646e-20 1.627465e-19 5.349658e+02
750000 3.853214e-21 -3.714757e-20 1.667056e-19 5.581743e+02
751000 2.192778e-22 -3.977543e-20 1.604438e-19 3.176446e+01
752000 7.092645e-22 -4.070972e-20 1.599995e-19 1.027436e+02
753000 1.001551e-22 -3.894885e-20 1.611513e-19 1.450840e+01
754000 1.057886e-21 -3.856586e-20 1.624920e-19 1.532448e+02
755000 6.627083e-22 -3.882779e-20 1.618349e-19 9.599953e+01
756000 2.348428e-21 -4.109436e-20 1.612541e-19 3.401918e+02
757000 3.017101e-22 -4.103642e-20 1.592653e-19 4.370555e+01
758000 2.926403e-21 -4.100044e-20 1.619299e-19 4.239170e+02
759000 1.693301e-20 -4.049823e-20 1.764348e-19 2.452905e+03
760000 1.723639e-22 -3.879156e-20 1.613808e-19 2.496854e+01
761000 3.474259e-21 -3.962208e-20 1.638522e-19 5.032791e+02
762000 5.316300e-22 -4.107597e-20 1.594557e-19 7.701161e+01
763000 3.384618e-21 -4.107793e-20 1.623067e-19 4.902937e+02
764000 6.027990e-22 -4.062563e-20 1.599772e-19 8.732111e+01
765000 5.926770e-23 -4.103110e-20 1.590282e-19 8.585484e+00
766000 3.436427e-21 -4.090556e-20 1.670350e-19 4.977987e+02
767000 1.827599e-25 -4.107282e-20 1.589274e-19 2.647449e-02
768000 6.727621e-21 -4.034806e-20 1.663796e-19 9.745593e+02
769000 5.333721e-24 -4.109861e-20 1.589067e-19 7.726397e-01
770000 1.345464e-22 -4.096694e-20 1.592674e-19 1.949031e+01
771000 8.085835e-22 -4.103287e-20 1.597758e-19 1.171309e+02
772000 4.703449e-22 -3.650011e-20 1.639702e-19 6.813389e+01
773000 1.162618e-22 -4.081152e-20 1.593047e-19 1.684162e+01
774000 4.912646e-22 -4.104779e-20 1.594435e-19 7.116430e+01
775000 1.122498e-23 -3.886453e-20 1.611467e-19 1.626044e+00
776000 2.240247e-21 -3.915875e-20 1.630815e-19 3.245209e+02
777000 1.294745e-22 -4.010942e-20 1.600201e-19 1.875560e+01
778000 2.938488e-22 -4.082804e-20 1.594658e-19 4.256677e+01
779000 6.609471e-21 -4.106911e-20 1.655404e-19 9.574441e+02
780000 2.846999e-25 -4.092204e-20 1.590782e-19 4.124146e-02
781000 2.107090e-22 -4.109682e-20 1.591139e-19 3.052319e+01
782000 2.475309e-22 -4.109146e-20 1.591561e-19 3.585718e+01
783000 2.680375e-22 -4.074526e-20 1.595228e-19 3.882775e+01
784000 2.766660e-21 -4.108714e-20 1.616795e-19 4.007768e+02
785000 1.077294e-22 -3.429966e-20 1.658081e-19 1.560562e+01
786000 6.372024e-23 -4.109998e-20 1.589637e-19 9.230476e+00
787000 6.222067e-23 -4.104594e-20 1.590163e-19 9.013249e+00
788000 5.743171e-22 -3.937299e-20 1.612013e-19 8.319523e+01
789000 9.636219e-23 -3.737110e-20 1.627253e-19 1.395897e+01
790000 2.150407e-24 -4.110000e-20 1.589022e-19 3.115066e-01
791000 5.856659e-21 -4.099166e-20 1.648650e-19 8.483922e+02
792000 8.961449e-23 -4.092876e-20 1.605347e-19 1.298150e+01
793000 8.219849e-22 -3.347922e-20 1.673428e-19 1.190723e+02
794000 1.810720e-21 -4.039699e-20 1.614137e-19 2.622999e+02
795000 5.050597e-21 -3.707395e-20 1.679766e-19 7.316265e+02
796000 1.608015e-22 -4.091225e-20 1.592485e-19 2.329361e+01
797000 1.366449e-21 -4.078013e-20 1.605863e-19 1.979430e+02
798000 2.948589e-21 -4.100592e-20 1.619427e-19 4.271309e+02
799000 8.019043e-22 -4.055863e-20 1.602433e-19 1.161634e+02
800000 3.978148e-23 -4.090743e-20 1.591323e-19 5.762722e+00
801000 2.262090e-21 -3.999005e-20 1.622720e-19 3.276850e+02
802000 1.465154e-21 -4.103541e-20 1.604298e-19 2.122413e+02
803000 1.397829e-21 -4.109991e-20 1.602979e-19 2.024887e+02
804000 6.023073e-22 -3.903699e-20 1.615653e-19 8.724988e+01
805000 8.127778e-22 -3.474146e-20 1.660713e-19 1.177385e+02
806000 3.568967e-22 -4.053348e-20 1.598234e-19 5.169985e+01
807000 5.301484e-22 -4.007370e-20 1.604564e-19 7.679699e+01
808000 4.512029e-24 -3.692553e-20 1.630790e-19 6.536098e-01
809000 5.329554e-23 -4.035199e-20 1.597013e-19 7.720360e+00
810000 3.887265e-22 -4.077756e-20 1.596112e-19 5.631069e+01
811000 1.718993e-21 -4.033097e-20 1.613880e-19 2.490123e+02
812000 1.288255e-22 -4.001150e-20 1.601173e-19 1.866158e+01
813000 5.345229e-22 -3.626796e-20 1.642666e-19 7.743068e+01
814000 4.393175e-23 -3.933473e-20 1.607092e-19 6.363927e+00
815000 3.873274e-21 -3.561807e-20 1.682552e-19 5.610801e+02
816000 4.044471e-21 -4.045129e-20 1.635932e-19 5.858797e+02
817000 5.786023e-23 -4.053627e-20 1.595216e-19 8.381599e+00
818000 9.343467e-23 -4.067390e-20 1.594195e-19 1.353489e+01
819000 3.197406e-21 -4.110000e-20 1.620974e-19 4.631743e+02
820000 1.325549e-25 -3.985348e-20 1.601467e-19 1.920183e-02
821000 1.212548e-22 -4.091922e-20 1.615136e-19 1.756490e+01
822000 1.143398e-21 -4.107465e-20 1.600687e-19 1.656320e+02
823000 4.171888e-21 -4.108517e-20 1.630867e-19 6.043373e+02
824000 1.328948e-23 -4.062308e-20 1.593902e-19 1.925107e+00
825000 2.366381e-23 -4.085480e-20 1.591689e-19 3.427926e+00
826000 8.670617e-23 -4.097729e-20 1.591094e-19 1.256020e+01
827000 2.403355e-21 -4.108693e-20 1.613164e-19 3.481486e+02
828000 5.496003e-22 -4.004039e-20 1.605092e-19 7.961478e+01
829000 5.736317e-21 -4.093433e-20 1.648020e-19 8.309595e+02
830000 6.993884e-21 -4.108670e-20 1.659072e-19 1.013130e+03
831000 4.986496e-25 -3.256947e-20 1.674310e-19 7.223409e-02
832000 2.294012e-21 -3.941685e-20 1.628772e-19 3.323092e+02
833000 7.165984e-24 -4.099023e-20 1.590287e-19 1.038060e+00
834000 2.884150e-21 -4.108765e-20 1.617965e-19 4.177962e+02
835000 4.624175e-23 -3.951800e-20 1.605282e-19 6.698553e+00
836000 3.679765e-21 -4.104961e-20 1.626302e-19 5.330486e+02
837000 2.778050e-22 -3.892925e-20 1.613486e-19 4.024266e+01
838000 3.932237e-22 -4.108303e-20 1.593102e-19 5.696215e+01
839000 4.538123e-22 -4.011025e-20 1.603436e-19 6.573898e+01
840000 2.401902e-22 -4.100599e-20 1.592342e-19 3.479381e+01
841000 9.276873e-22 -4.109959e-20 1.598281e-19 1.343842e+02
842000 6.549299e-22 -4.105337e-20 1.596016e-19 9.487277e+01
843000 3.373708e-21 -4.100807e-20 1.623672e-19 4.887134e+02
844000 5.990265e-23 -4.069863e-20 1.593613e-19 8.677463e+00
845000 4.066236e-24 -4.099812e-20 1.590059e-19 5.890325e-01
846000 1.760711e-22 -3.259494e-20 1.675811e-19 2.550555e+01
847000 1.033651e-22 -3.853672e-20 1.615666e-19 1.497341e+01
848000 4.042860e-21 -4.102065e-20 1.630225e-19 5.856463e+02
849000 8.572461e-23 -3.486543e-20 1.652203e-19 1.241802e+01
850000 2.074828e-21 -4.105348e-20 1.610213e-19 3.005583e+02
851000 9.635311e-22 -3.813114e-20 1.628324e-19 1.395765e+02
852000 1.181090e-21 -3.664239e-20 1.645387e-19 1.710921e+02
853000 1.129601e-21 -3.016897e-20 1.709606e-19 1.636333e+02
854000 4.223325e-21 -3.982356e-20 1.643998e-19 6.117883e+02
855000 2.252660e-22 -4.084696e-20 1.593783e-19 3.263190e+01
856000 1.797766e-21 -3.384692e-20 1.679509e-19 2.604233e+02
857000 1.385476e-23 -4.094919e-20 1.594446e-19 2.006993e+00
858000 1.126756e-21 -3.973885e-20 1.613879e-19 1.632213e+02
859000 6.202311e-22 -3.959820e-20 1.610220e-19 8.984631e+01
860000 5.985488e-22 -4.101138e-20 1.595872e-19 8.670543e+01
861000 7.330083e-24 -4.106740e-20 1.589399e-19 1.061832e+00
862000 5.453113e-21 -4.102618e-20 1.644269e-19 7.899348e+02
863000 1.123437e-21 -3.836378e-20 1.627597e-19 1.627404e+02
864000 6.396277e-21 -3.690424e-20 1.694920e-19 9.265609e+02
865000 3.931398e-21 -4.109128e-20 1.628401e-19 5.694999e+02
866000 2.119072e-21 -3.596943e-20 1.661496e-19 3.069676e+02
867000 4.358482e-22 -3.561643e-20 1.648194e-19 6.313672e+01
868000 4.126458e-21 -3.945022e-20 1.646762e-19 5.977563e+02
869000 3.315107e-22 -3.644401e-20 1.638875e-19 4.802244e+01
870000 2.964237e-21 -3.346924e-20 1.694950e-19 4.293976e+02
871000 1.045358e-20 -3.993576e-20 1.705178e-19 1.514300e+03
872000 1.021882e-20 -4.103135e-20 1.691875e-19 1.480292e+03
873000 5.195930e-22 -4.108637e-20 1.594332e-19 7.526793e+01
874000 2.390934e-21 -3.349640e-20 1.688945e-19 3.463493e+02
875000 2.178550e-21 -3.971988e-20 1.624587e-19 3.155835e+02
876000 8.181759e-25 -4.108058e-20 1.589202e-19 1.185205e-01
877000 6.619153e-22 -3.462532e-20 1.660366e-19 9.588467e+01
878000 1.566196e-20 -3.949214e-20 1.761698e-19 2.268782e+03
879000 5.027907e-21 -3.768363e-20 1.673443e-19 7.283396e+02
