pX pY pZ 
-1.794898e-13 0.000000e+00 0.000000e+00
5.462235e-14 0.000000e+00 0.000000e+00
2.748127e-14 0.000000e+00 0.000000e+00
-3.043442e-13 0.000000e+00 0.000000e+00
1.529585e-13 0.000000e+00 0.000000e+00
-1.708300e-13 0.000000e+00 0.000000e+00
1.605852e-13 0.000000e+00 0.000000e+00
7.494745e-14 0.000000e+00 0.000000e+00
1.843183e-13 0.000000e+00 0.000000e+00
-3.563934e-13 0.000000e+00 0.000000e+00
-1.658133e-15 0.000000e+00 0.000000e+00
6.028015e-15 0.000000e+00 0.000000e+00
-4.426909e-14 0.000000e+00 0.000000e+00
-1.351681e-13 0.000000e+00 0.000000e+00
1.146306e-13 0.000000e+00 0.000000e+00
-5.746911e-14 0.000000e+00 0.000000e+00
2.231705e-13 0.000000e+00 0.000000e+00
5.354327e-14 0.000000e+00 0.000000e+00
4.635345e-13 0.000000e+00 0.000000e+00
5.516212e-14 0.000000e+00 0.000000e+00
2.383428e-13 0.000000e+00 0.000000e+00
-5.639246e-14 0.000000e+00 0.000000e+00
-1.269927e-13 0.000000e+00 0.000000e+00
-2.215109e-13 0.000000e+00 0.000000e+00
9.415634e-14 0.000000e+00 0.000000e+00
-1.094222e-13 0.000000e+00 0.000000e+00
-3.160529e-13 0.000000e+00 0.000000e+00
-1.052396e-13 0.000000e+00 0.000000e+00
-4.275145e-13 0.000000e+00 0.000000e+00
-7.160464e-14 0.000000e+00 0.000000e+00
2.429547e-13 0.000000e+00 0.000000e+00
5.551122e-14 0.000000e+00 0.000000e+00
-8.715077e-14 0.000000e+00 0.000000e+00
-2.797001e-13 0.000000e+00 0.000000e+00
-4.237348e-14 0.000000e+00 0.000000e+00
-3.084583e-15 0.000000e+00 0.000000e+00
-1.518922e-13 0.000000e+00 0.000000e+00
-6.963923e-14 0.000000e+00 0.000000e+00
2.541872e-13 0.000000e+00 0.000000e+00
-6.843445e-14 0.000000e+00 0.000000e+00
6.506264e-14 0.000000e+00 0.000000e+00
2.482499e-14 0.000000e+00 0.000000e+00
3.371989e-13 0.000000e+00 0.000000e+00
1.667700e-13 0.000000e+00 0.000000e+00
2.322734e-13 0.000000e+00 0.000000e+00
1.133786e-13 0.000000e+00 0.000000e+00
4.097683e-14 0.000000e+00 0.000000e+00
-8.090140e-14 0.000000e+00 0.000000e+00
-2.415062e-13 0.000000e+00 0.000000e+00
2.094403e-13 0.000000e+00 0.000000e+00
1.922939e-13 0.000000e+00 0.000000e+00
5.506275e-14 0.000000e+00 0.000000e+00
3.346163e-13 0.000000e+00 0.000000e+00
-3.853278e-14 0.000000e+00 0.000000e+00
1.544597e-13 0.000000e+00 0.000000e+00
1.503989e-13 0.000000e+00 0.000000e+00
2.104631e-14 0.000000e+00 0.000000e+00
5.184563e-14 0.000000e+00 0.000000e+00
-4.078092e-13 0.000000e+00 0.000000e+00
-2.852828e-14 0.000000e+00 0.000000e+00
3.283972e-14 0.000000e+00 0.000000e+00
-1.532918e-14 0.000000e+00 0.000000e+00
1.167035e-14 0.000000e+00 0.000000e+00
2.717159e-13 0.000000e+00 0.000000e+00
-1.178559e-13 0.000000e+00 0.000000e+00
-3.475484e-13 0.000000e+00 0.000000e+00
-2.224854e-14 0.000000e+00 0.000000e+00
-8.427167e-14 0.000000e+00 0.000000e+00
-1.307162e-13 0.000000e+00 0.000000e+00
1.043332e-13 0.000000e+00 0.000000e+00
1.109683e-13 0.000000e+00 0.000000e+00
-8.738665e-14 0.000000e+00 0.000000e+00
-2.716299e-14 0.000000e+00 0.000000e+00
9.927049e-15 0.000000e+00 0.000000e+00
-1.331044e-13 0.000000e+00 0.000000e+00
-4.637647e-15 0.000000e+00 0.000000e+00
1.674697e-13 0.000000e+00 0.000000e+00
7.975106e-15 0.000000e+00 0.000000e+00
-2.902755e-13 0.000000e+00 0.000000e+00
2.441718e-13 0.000000e+00 0.000000e+00
2.314242e-13 0.000000e+00 0.000000e+00
2.002181e-13 0.000000e+00 0.000000e+00
-1.166106e-13 0.000000e+00 0.000000e+00
-9.001181e-14 0.000000e+00 0.000000e+00
-2.253127e-13 0.000000e+00 0.000000e+00
-1.066188e-13 0.000000e+00 0.000000e+00
5.183148e-14 0.000000e+00 0.000000e+00
3.193801e-14 0.000000e+00 0.000000e+00
-5.456229e-14 0.000000e+00 0.000000e+00
3.774322e-14 0.000000e+00 0.000000e+00
-1.506971e-13 0.000000e+00 0.000000e+00
-9.500257e-14 0.000000e+00 0.000000e+00
5.489275e-14 0.000000e+00 0.000000e+00
1.524971e-13 0.000000e+00 0.000000e+00
6.452270e-14 0.000000e+00 0.000000e+00
-8.137114e-14 0.000000e+00 0.000000e+00
2.139902e-14 0.000000e+00 0.000000e+00
1.796200e-13 0.000000e+00 0.000000e+00
-1.881333e-13 0.000000e+00 0.000000e+00
-1.358048e-13 0.000000e+00 0.000000e+00
1.180019e-14 0.000000e+00 0.000000e+00
1.039059e-13 0.000000e+00 0.000000e+00
-5.990532e-14 0.000000e+00 0.000000e+00
-3.698005e-14 0.000000e+00 0.000000e+00
1.462646e-13 0.000000e+00 0.000000e+00
2.504578e-13 0.000000e+00 0.000000e+00
-2.878697e-14 0.000000e+00 0.000000e+00
8.980778e-14 0.000000e+00 0.000000e+00
-2.259914e-13 0.000000e+00 0.000000e+00
-1.776245e-13 0.000000e+00 0.000000e+00
-3.809930e-14 0.000000e+00 0.000000e+00
1.520349e-13 0.000000e+00 0.000000e+00
-7.629347e-14 0.000000e+00 0.000000e+00
1.577734e-13 0.000000e+00 0.000000e+00
-5.504544e-14 0.000000e+00 0.000000e+00
5.060541e-13 0.000000e+00 0.000000e+00
-9.651232e-14 0.000000e+00 0.000000e+00
-1.924346e-13 0.000000e+00 0.000000e+00
-2.301397e-13 0.000000e+00 0.000000e+00
1.535839e-13 0.000000e+00 0.000000e+00
1.739334e-13 0.000000e+00 0.000000e+00
3.706315e-13 0.000000e+00 0.000000e+00
-4.035675e-14 0.000000e+00 0.000000e+00
2.210851e-13 0.000000e+00 0.000000e+00
-4.430590e-14 0.000000e+00 0.000000e+00
1.164584e-13 0.000000e+00 0.000000e+00
2.192321e-13 0.000000e+00 0.000000e+00
-2.883080e-13 0.000000e+00 0.000000e+00
1.587594e-14 0.000000e+00 0.000000e+00
7.082746e-14 0.000000e+00 0.000000e+00
1.456430e-14 0.000000e+00 0.000000e+00
-1.839085e-13 0.000000e+00 0.000000e+00
-3.403427e-15 0.000000e+00 0.000000e+00
-2.601331e-13 0.000000e+00 0.000000e+00
2.000964e-13 0.000000e+00 0.000000e+00
-1.198589e-14 0.000000e+00 0.000000e+00
7.962558e-14 0.000000e+00 0.000000e+00
-3.325125e-13 0.000000e+00 0.000000e+00
3.436786e-14 0.000000e+00 0.000000e+00
1.897580e-14 0.000000e+00 0.000000e+00
-2.198898e-13 0.000000e+00 0.000000e+00
1.107167e-14 0.000000e+00 0.000000e+00
3.332766e-14 0.000000e+00 0.000000e+00
1.868861e-14 0.000000e+00 0.000000e+00
3.334074e-13 0.000000e+00 0.000000e+00
-3.494138e-14 0.000000e+00 0.000000e+00
2.154051e-13 0.000000e+00 0.000000e+00
-8.734013e-14 0.000000e+00 0.000000e+00
3.700664e-14 0.000000e+00 0.000000e+00
3.570710e-13 0.000000e+00 0.000000e+00
-8.622537e-14 0.000000e+00 0.000000e+00
-1.799286e-13 0.000000e+00 0.000000e+00
-1.875839e-13 0.000000e+00 0.000000e+00
2.948530e-13 0.000000e+00 0.000000e+00
2.142105e-13 0.000000e+00 0.000000e+00
-5.038116e-14 0.000000e+00 0.000000e+00
4.449953e-14 0.000000e+00 0.000000e+00
-1.723820e-13 0.000000e+00 0.000000e+00
1.779719e-13 0.000000e+00 0.000000e+00
5.349709e-15 0.000000e+00 0.000000e+00
-1.874232e-14 0.000000e+00 0.000000e+00
-1.494456e-13 0.000000e+00 0.000000e+00
8.314306e-14 0.000000e+00 0.000000e+00
-3.933918e-14 0.000000e+00 0.000000e+00
2.635838e-15 0.000000e+00 0.000000e+00
9.495132e-14 0.000000e+00 0.000000e+00
-3.007908e-13 0.000000e+00 0.000000e+00
1.243174e-13 0.000000e+00 0.000000e+00
2.365333e-13 0.000000e+00 0.000000e+00
-3.323147e-13 0.000000e+00 0.000000e+00
4.236913e-13 0.000000e+00 0.000000e+00
-2.795072e-15 0.000000e+00 0.000000e+00
1.761518e-13 0.000000e+00 0.000000e+00
7.083658e-15 0.000000e+00 0.000000e+00
-1.204487e-13 0.000000e+00 0.000000e+00
-1.762118e-13 0.000000e+00 0.000000e+00
-1.304051e-13 0.000000e+00 0.000000e+00
-9.186449e-15 0.000000e+00 0.000000e+00
5.324344e-14 0.000000e+00 0.000000e+00
1.231294e-14 0.000000e+00 0.000000e+00
7.813001e-14 0.000000e+00 0.000000e+00
-1.161463e-14 0.000000e+00 0.000000e+00
2.194064e-13 0.000000e+00 0.000000e+00
-2.897020e-13 0.000000e+00 0.000000e+00
2.332109e-13 0.000000e+00 0.000000e+00
-1.397601e-13 0.000000e+00 0.000000e+00
1.133457e-13 0.000000e+00 0.000000e+00
2.660401e-13 0.000000e+00 0.000000e+00
3.417072e-13 0.000000e+00 0.000000e+00
1.864274e-13 0.000000e+00 0.000000e+00
-6.928921e-14 0.000000e+00 0.000000e+00
3.768952e-13 0.000000e+00 0.000000e+00
-7.220621e-14 0.000000e+00 0.000000e+00
-4.746250e-14 0.000000e+00 0.000000e+00
8.685236e-14 0.000000e+00 0.000000e+00
-9.340715e-14 0.000000e+00 0.000000e+00
1.947106e-13 0.000000e+00 0.000000e+00
8.656593e-14 0.000000e+00 0.000000e+00
9.668968e-15 0.000000e+00 0.000000e+00
1.208337e-13 0.000000e+00 0.000000e+00
2.019579e-13 0.000000e+00 0.000000e+00
1.800832e-13 0.000000e+00 0.000000e+00
2.553600e-13 0.000000e+00 0.000000e+00
-1.475270e-13 0.000000e+00 0.000000e+00
1.907944e-13 0.000000e+00 0.000000e+00
-1.761194e-13 0.000000e+00 0.000000e+00
1.095576e-13 0.000000e+00 0.000000e+00
-2.912118e-13 0.000000e+00 0.000000e+00
1.176544e-13 0.000000e+00 0.000000e+00
-1.737220e-14 0.000000e+00 0.000000e+00
4.851095e-14 0.000000e+00 0.000000e+00
1.382228e-13 0.000000e+00 0.000000e+00
5.827854e-14 0.000000e+00 0.000000e+00
-4.512442e-13 0.000000e+00 0.000000e+00
2.887459e-13 0.000000e+00 0.000000e+00
-1.254974e-13 0.000000e+00 0.000000e+00
-2.620842e-13 0.000000e+00 0.000000e+00
-1.453604e-13 0.000000e+00 0.000000e+00
-8.709045e-14 0.000000e+00 0.000000e+00
4.684403e-14 0.000000e+00 0.000000e+00
3.149325e-13 0.000000e+00 0.000000e+00
2.206469e-13 0.000000e+00 0.000000e+00
-1.377439e-13 0.000000e+00 0.000000e+00
-2.232253e-13 0.000000e+00 0.000000e+00
1.965351e-13 0.000000e+00 0.000000e+00
-1.365311e-13 0.000000e+00 0.000000e+00
4.051118e-14 0.000000e+00 0.000000e+00
2.904123e-14 0.000000e+00 0.000000e+00
-1.888497e-14 0.000000e+00 0.000000e+00
2.265853e-13 0.000000e+00 0.000000e+00
-5.159912e-14 0.000000e+00 0.000000e+00
1.499285e-13 0.000000e+00 0.000000e+00
1.172284e-13 0.000000e+00 0.000000e+00
2.495806e-13 0.000000e+00 0.000000e+00
2.540962e-13 0.000000e+00 0.000000e+00
-1.585460e-13 0.000000e+00 0.000000e+00
2.587687e-13 0.000000e+00 0.000000e+00
2.066864e-13 0.000000e+00 0.000000e+00
5.047727e-14 0.000000e+00 0.000000e+00
-2.302472e-13 0.000000e+00 0.000000e+00
1.896980e-13 0.000000e+00 0.000000e+00
-1.319896e-13 0.000000e+00 0.000000e+00
-3.686156e-14 0.000000e+00 0.000000e+00
1.941760e-13 0.000000e+00 0.000000e+00
-9.882124e-14 0.000000e+00 0.000000e+00
-1.049961e-13 0.000000e+00 0.000000e+00
-1.862540e-13 0.000000e+00 0.000000e+00
2.445356e-13 0.000000e+00 0.000000e+00
2.973318e-13 0.000000e+00 0.000000e+00
-2.734417e-13 0.000000e+00 0.000000e+00
-4.560876e-14 0.000000e+00 0.000000e+00
-4.880984e-14 0.000000e+00 0.000000e+00
-9.438632e-14 0.000000e+00 0.000000e+00
1.831196e-13 0.000000e+00 0.000000e+00
2.185116e-13 0.000000e+00 0.000000e+00
2.285696e-13 0.000000e+00 0.000000e+00
-7.678084e-14 0.000000e+00 0.000000e+00
2.744933e-13 0.000000e+00 0.000000e+00
2.116731e-13 0.000000e+00 0.000000e+00
1.711371e-13 0.000000e+00 0.000000e+00
6.420152e-14 0.000000e+00 0.000000e+00
-5.938972e-14 0.000000e+00 0.000000e+00
-1.613518e-13 0.000000e+00 0.000000e+00
-2.992322e-13 0.000000e+00 0.000000e+00
1.533633e-13 0.000000e+00 0.000000e+00
2.005510e-13 0.000000e+00 0.000000e+00
-8.903845e-15 0.000000e+00 0.000000e+00
-1.201975e-13 0.000000e+00 0.000000e+00
2.089036e-13 0.000000e+00 0.000000e+00
4.029723e-14 0.000000e+00 0.000000e+00
-1.925171e-13 0.000000e+00 0.000000e+00
-9.012207e-14 0.000000e+00 0.000000e+00
1.763914e-13 0.000000e+00 0.000000e+00
1.632973e-13 0.000000e+00 0.000000e+00
-4.968698e-15 0.000000e+00 0.000000e+00
7.722460e-14 0.000000e+00 0.000000e+00
-2.431698e-13 0.000000e+00 0.000000e+00
-1.801611e-13 0.000000e+00 0.000000e+00
-1.501673e-13 0.000000e+00 0.000000e+00
-6.532891e-14 0.000000e+00 0.000000e+00
-1.632630e-13 0.000000e+00 0.000000e+00
-7.699243e-14 0.000000e+00 0.000000e+00
6.715639e-14 0.000000e+00 0.000000e+00
1.155147e-13 0.000000e+00 0.000000e+00
-4.212404e-14 0.000000e+00 0.000000e+00
1.959010e-13 0.000000e+00 0.000000e+00
-1.336332e-13 0.000000e+00 0.000000e+00
-1.216884e-13 0.000000e+00 0.000000e+00
-3.846358e-13 0.000000e+00 0.000000e+00
-3.123604e-14 0.000000e+00 0.000000e+00
2.824336e-13 0.000000e+00 0.000000e+00
-1.475612e-13 0.000000e+00 0.000000e+00
-7.709014e-15 0.000000e+00 0.000000e+00
2.065892e-13 0.000000e+00 0.000000e+00
-1.488383e-13 0.000000e+00 0.000000e+00
1.338396e-13 0.000000e+00 0.000000e+00
1.276076e-13 0.000000e+00 0.000000e+00
3.214481e-13 0.000000e+00 0.000000e+00
4.478600e-14 0.000000e+00 0.000000e+00
1.195377e-13 0.000000e+00 0.000000e+00
1.605900e-13 0.000000e+00 0.000000e+00
1.684276e-13 0.000000e+00 0.000000e+00
1.499359e-13 0.000000e+00 0.000000e+00
-1.241877e-13 0.000000e+00 0.000000e+00
-1.129966e-13 0.000000e+00 0.000000e+00
-7.282186e-15 0.000000e+00 0.000000e+00
2.170487e-13 0.000000e+00 0.000000e+00
-2.889656e-13 0.000000e+00 0.000000e+00
3.141013e-13 0.000000e+00 0.000000e+00
-7.087192e-14 0.000000e+00 0.000000e+00
-5.478926e-14 0.000000e+00 0.000000e+00
-6.513313e-14 0.000000e+00 0.000000e+00
-2.945284e-14 0.000000e+00 0.000000e+00
9.176814e-15 0.000000e+00 0.000000e+00
1.574581e-13 0.000000e+00 0.000000e+00
-9.941708e-14 0.000000e+00 0.000000e+00
1.942531e-13 0.000000e+00 0.000000e+00
-1.044453e-13 0.000000e+00 0.000000e+00
-3.584527e-14 0.000000e+00 0.000000e+00
2.433593e-14 0.000000e+00 0.000000e+00
-7.332390e-14 0.000000e+00 0.000000e+00
2.076446e-13 0.000000e+00 0.000000e+00
-1.770528e-13 0.000000e+00 0.000000e+00
-1.495317e-13 0.000000e+00 0.000000e+00
-1.252037e-14 0.000000e+00 0.000000e+00
-1.324386e-13 0.000000e+00 0.000000e+00
2.123296e-14 0.000000e+00 0.000000e+00
-8.435388e-14 0.000000e+00 0.000000e+00
2.123844e-13 0.000000e+00 0.000000e+00
6.375831e-14 0.000000e+00 0.000000e+00
2.688160e-13 0.000000e+00 0.000000e+00
-2.253535e-13 0.000000e+00 0.000000e+00
-2.206966e-13 0.000000e+00 0.000000e+00
-2.571461e-13 0.000000e+00 0.000000e+00
-1.876117e-14 0.000000e+00 0.000000e+00
-1.450304e-13 0.000000e+00 0.000000e+00
-1.302588e-14 0.000000e+00 0.000000e+00
-9.911909e-15 0.000000e+00 0.000000e+00
1.485838e-14 0.000000e+00 0.000000e+00
2.496731e-13 0.000000e+00 0.000000e+00
1.228942e-13 0.000000e+00 0.000000e+00
-2.005094e-13 0.000000e+00 0.000000e+00
-7.472314e-14 0.000000e+00 0.000000e+00
-5.337097e-14 0.000000e+00 0.000000e+00
1.854687e-13 0.000000e+00 0.000000e+00
-1.789458e-13 0.000000e+00 0.000000e+00
-1.693107e-13 0.000000e+00 0.000000e+00
-1.930897e-13 0.000000e+00 0.000000e+00
-1.337823e-13 0.000000e+00 0.000000e+00
6.610983e-15 0.000000e+00 0.000000e+00
-8.418580e-14 0.000000e+00 0.000000e+00
-2.699098e-13 0.000000e+00 0.000000e+00
1.118623e-13 0.000000e+00 0.000000e+00
-9.493138e-14 0.000000e+00 0.000000e+00
-1.245987e-14 0.000000e+00 0.000000e+00
5.029544e-14 0.000000e+00 0.000000e+00
-1.572011e-13 0.000000e+00 0.000000e+00
-1.492557e-14 0.000000e+00 0.000000e+00
3.935439e-14 0.000000e+00 0.000000e+00
-2.561315e-13 0.000000e+00 0.000000e+00
-1.607927e-13 0.000000e+00 0.000000e+00
-1.718732e-13 0.000000e+00 0.000000e+00
-1.043973e-13 0.000000e+00 0.000000e+00
1.872870e-15 0.000000e+00 0.000000e+00
-6.778440e-14 0.000000e+00 0.000000e+00
1.345229e-13 0.000000e+00 0.000000e+00
1.694032e-14 0.000000e+00 0.000000e+00
3.101507e-14 0.000000e+00 0.000000e+00
7.543922e-15 0.000000e+00 0.000000e+00
-1.103552e-13 0.000000e+00 0.000000e+00
2.262618e-13 0.000000e+00 0.000000e+00
-5.065193e-14 0.000000e+00 0.000000e+00
3.730054e-14 0.000000e+00 0.000000e+00
1.215041e-13 0.000000e+00 0.000000e+00
-3.501181e-14 0.000000e+00 0.000000e+00
1.402427e-13 0.000000e+00 0.000000e+00
-3.861495e-14 0.000000e+00 0.000000e+00
1.162631e-13 0.000000e+00 0.000000e+00
9.533609e-15 0.000000e+00 0.000000e+00
-1.519920e-13 0.000000e+00 0.000000e+00
-2.022323e-13 0.000000e+00 0.000000e+00
-1.219244e-13 0.000000e+00 0.000000e+00
-1.159538e-13 0.000000e+00 0.000000e+00
-1.801950e-14 0.000000e+00 0.000000e+00
-1.993815e-13 0.000000e+00 0.000000e+00
-5.682559e-14 0.000000e+00 0.000000e+00
-2.568082e-13 0.000000e+00 0.000000e+00
1.152906e-13 0.000000e+00 0.000000e+00
1.863728e-13 0.000000e+00 0.000000e+00
8.519988e-14 0.000000e+00 0.000000e+00
1.291688e-13 0.000000e+00 0.000000e+00
4.684108e-15 0.000000e+00 0.000000e+00
-1.856030e-13 0.000000e+00 0.000000e+00
-1.049448e-13 0.000000e+00 0.000000e+00
3.516953e-13 0.000000e+00 0.000000e+00
1.205230e-13 0.000000e+00 0.000000e+00
-2.485462e-13 0.000000e+00 0.000000e+00
-2.042518e-13 0.000000e+00 0.000000e+00
-1.358919e-13 0.000000e+00 0.000000e+00
-4.193743e-14 0.000000e+00 0.000000e+00
-2.561184e-13 0.000000e+00 0.000000e+00
3.902632e-14 0.000000e+00 0.000000e+00
-1.111806e-13 0.000000e+00 0.000000e+00
-3.056410e-13 0.000000e+00 0.000000e+00
-1.590124e-13 0.000000e+00 0.000000e+00
-6.083735e-14 0.000000e+00 0.000000e+00
-4.562521e-14 0.000000e+00 0.000000e+00
-2.908855e-14 0.000000e+00 0.000000e+00
-2.544111e-13 0.000000e+00 0.000000e+00
1.975610e-13 0.000000e+00 0.000000e+00
7.040481e-14 0.000000e+00 0.000000e+00
1.847866e-13 0.000000e+00 0.000000e+00
-1.973031e-14 0.000000e+00 0.000000e+00
5.415260e-14 0.000000e+00 0.000000e+00
1.688899e-13 0.000000e+00 0.000000e+00
2.517326e-13 0.000000e+00 0.000000e+00
-1.816848e-13 0.000000e+00 0.000000e+00
2.610585e-14 0.000000e+00 0.000000e+00
5.742592e-14 0.000000e+00 0.000000e+00
7.340905e-14 0.000000e+00 0.000000e+00
-5.284907e-14 0.000000e+00 0.000000e+00
9.940540e-14 0.000000e+00 0.000000e+00
-2.291527e-13 0.000000e+00 0.000000e+00
-4.934069e-15 0.000000e+00 0.000000e+00
2.144013e-13 0.000000e+00 0.000000e+00
-3.843840e-14 0.000000e+00 0.000000e+00
-1.290586e-13 0.000000e+00 0.000000e+00
-7.817019e-14 0.000000e+00 0.000000e+00
2.517675e-13 0.000000e+00 0.000000e+00
9.634680e-14 0.000000e+00 0.000000e+00
2.759750e-13 0.000000e+00 0.000000e+00
7.866276e-14 0.000000e+00 0.000000e+00
-2.118898e-13 0.000000e+00 0.000000e+00
5.094865e-15 0.000000e+00 0.000000e+00
-8.549069e-14 0.000000e+00 0.000000e+00
-1.208922e-14 0.000000e+00 0.000000e+00
-7.089511e-14 0.000000e+00 0.000000e+00
1.372014e-13 0.000000e+00 0.000000e+00
1.106714e-14 0.000000e+00 0.000000e+00
-3.726924e-15 0.000000e+00 0.000000e+00
2.493078e-13 0.000000e+00 0.000000e+00
1.709652e-13 0.000000e+00 0.000000e+00
-8.795128e-14 0.000000e+00 0.000000e+00
1.827248e-14 0.000000e+00 0.000000e+00
-1.301737e-13 0.000000e+00 0.000000e+00
-8.790863e-14 0.000000e+00 0.000000e+00
-2.539448e-13 0.000000e+00 0.000000e+00
2.251754e-13 0.000000e+00 0.000000e+00
-1.767810e-13 0.000000e+00 0.000000e+00
-1.958854e-13 0.000000e+00 0.000000e+00
1.021053e-13 0.000000e+00 0.000000e+00
1.479817e-13 0.000000e+00 0.000000e+00
-4.193938e-13 0.000000e+00 0.000000e+00
-1.214050e-13 0.000000e+00 0.000000e+00
-7.727056e-14 0.000000e+00 0.000000e+00
-1.926687e-13 0.000000e+00 0.000000e+00
3.763588e-14 0.000000e+00 0.000000e+00
1.143957e-13 0.000000e+00 0.000000e+00
4.482177e-14 0.000000e+00 0.000000e+00
1.987952e-14 0.000000e+00 0.000000e+00
-1.558700e-13 0.000000e+00 0.000000e+00
1.869455e-14 0.000000e+00 0.000000e+00
-2.638781e-13 0.000000e+00 0.000000e+00
1.814273e-13 0.000000e+00 0.000000e+00
-3.298439e-13 0.000000e+00 0.000000e+00
-2.814406e-14 0.000000e+00 0.000000e+00
-1.400385e-13 0.000000e+00 0.000000e+00
1.080387e-13 0.000000e+00 0.000000e+00
-3.430482e-13 0.000000e+00 0.000000e+00
-1.545531e-13 0.000000e+00 0.000000e+00
-2.386464e-14 0.000000e+00 0.000000e+00
-4.069445e-15 0.000000e+00 0.000000e+00
-1.586607e-14 0.000000e+00 0.000000e+00
-1.501209e-13 0.000000e+00 0.000000e+00
-5.055424e-14 0.000000e+00 0.000000e+00
-1.514741e-13 0.000000e+00 0.000000e+00
2.517078e-13 0.000000e+00 0.000000e+00
-5.312420e-14 0.000000e+00 0.000000e+00
3.424383e-14 0.000000e+00 0.000000e+00
-2.068852e-13 0.000000e+00 0.000000e+00
5.221512e-14 0.000000e+00 0.000000e+00
4.183318e-14 0.000000e+00 0.000000e+00
-1.213027e-13 0.000000e+00 0.000000e+00
-4.677726e-14 0.000000e+00 0.000000e+00
-2.303163e-13 0.000000e+00 0.000000e+00
-2.724109e-13 0.000000e+00 0.000000e+00
-2.192906e-13 0.000000e+00 0.000000e+00
3.634035e-13 0.000000e+00 0.000000e+00
-6.777998e-14 0.000000e+00 0.000000e+00
-1.226252e-13 0.000000e+00 0.000000e+00
-1.357699e-13 0.000000e+00 0.000000e+00
1.471000e-13 0.000000e+00 0.000000e+00
1.657110e-14 0.000000e+00 0.000000e+00
-5.307695e-14 0.000000e+00 0.000000e+00
2.756176e-13 0.000000e+00 0.000000e+00
7.973974e-14 0.000000e+00 0.000000e+00
-4.087642e-13 0.000000e+00 0.000000e+00
-2.760137e-14 0.000000e+00 0.000000e+00
-1.667536e-13 0.000000e+00 0.000000e+00
8.560252e-14 0.000000e+00 0.000000e+00
-9.520880e-14 0.000000e+00 0.000000e+00
5.387507e-14 0.000000e+00 0.000000e+00
2.898167e-13 0.000000e+00 0.000000e+00
3.285353e-13 0.000000e+00 0.000000e+00
-3.834915e-13 0.000000e+00 0.000000e+00
-2.516251e-13 0.000000e+00 0.000000e+00
5.054909e-14 0.000000e+00 0.000000e+00
-2.626452e-14 0.000000e+00 0.000000e+00
1.303098e-13 0.000000e+00 0.000000e+00
1.171606e-13 0.000000e+00 0.000000e+00
-2.604012e-13 0.000000e+00 0.000000e+00
8.448763e-14 0.000000e+00 0.000000e+00
-2.120474e-13 0.000000e+00 0.000000e+00
-6.325891e-14 0.000000e+00 0.000000e+00
4.213035e-14 0.000000e+00 0.000000e+00
-4.227031e-14 0.000000e+00 0.000000e+00
-1.782953e-13 0.000000e+00 0.000000e+00
-2.045787e-14 0.000000e+00 0.000000e+00
-1.825987e-13 0.000000e+00 0.000000e+00
2.648892e-13 0.000000e+00 0.000000e+00
-1.079129e-14 0.000000e+00 0.000000e+00
-1.253663e-13 0.000000e+00 0.000000e+00
-8.009244e-14 0.000000e+00 0.000000e+00
-1.107773e-15 0.000000e+00 0.000000e+00
-8.517473e-14 0.000000e+00 0.000000e+00
9.996736e-14 0.000000e+00 0.000000e+00
3.035686e-13 0.000000e+00 0.000000e+00
-3.846129e-14 0.000000e+00 0.000000e+00
7.834246e-14 0.000000e+00 0.000000e+00
-3.138432e-13 0.000000e+00 0.000000e+00
-2.091485e-13 0.000000e+00 0.000000e+00
-1.627693e-13 0.000000e+00 0.000000e+00
6.128794e-14 0.000000e+00 0.000000e+00
1.736134e-13 0.000000e+00 0.000000e+00
-8.800433e-15 0.000000e+00 0.000000e+00
5.854463e-14 0.000000e+00 0.000000e+00
1.081366e-13 0.000000e+00 0.000000e+00
-9.063917e-14 0.000000e+00 0.000000e+00
2.010261e-13 0.000000e+00 0.000000e+00
2.728654e-14 0.000000e+00 0.000000e+00
-1.065597e-13 0.000000e+00 0.000000e+00
2.515036e-13 0.000000e+00 0.000000e+00
3.002365e-15 0.000000e+00 0.000000e+00
3.665814e-14 0.000000e+00 0.000000e+00
-3.729011e-13 0.000000e+00 0.000000e+00
3.848800e-14 0.000000e+00 0.000000e+00
-1.767193e-13 0.000000e+00 0.000000e+00
-1.117709e-13 0.000000e+00 0.000000e+00
5.874616e-15 0.000000e+00 0.000000e+00
1.676901e-13 0.000000e+00 0.000000e+00
3.236822e-13 0.000000e+00 0.000000e+00
-1.551790e-13 0.000000e+00 0.000000e+00
-1.584452e-15 0.000000e+00 0.000000e+00
2.269201e-13 0.000000e+00 0.000000e+00
-2.112619e-13 0.000000e+00 0.000000e+00
3.985377e-13 0.000000e+00 0.000000e+00
1.678164e-14 0.000000e+00 0.000000e+00
1.039904e-14 0.000000e+00 0.000000e+00
1.586786e-13 0.000000e+00 0.000000e+00
-1.044795e-14 0.000000e+00 0.000000e+00
2.189981e-13 0.000000e+00 0.000000e+00
4.689582e-15 0.000000e+00 0.000000e+00
-3.745859e-13 0.000000e+00 0.000000e+00
-7.655385e-14 0.000000e+00 0.000000e+00
-1.015020e-13 0.000000e+00 0.000000e+00
2.265449e-15 0.000000e+00 0.000000e+00
1.528061e-13 0.000000e+00 0.000000e+00
1.178112e-13 0.000000e+00 0.000000e+00
2.834831e-13 0.000000e+00 0.000000e+00
2.540911e-13 0.000000e+00 0.000000e+00
1.152254e-13 0.000000e+00 0.000000e+00
-1.715658e-13 0.000000e+00 0.000000e+00
-1.078252e-13 0.000000e+00 0.000000e+00
-1.784786e-13 0.000000e+00 0.000000e+00
1.644902e-13 0.000000e+00 0.000000e+00
-3.523528e-14 0.000000e+00 0.000000e+00
-2.026220e-13 0.000000e+00 0.000000e+00
-3.717342e-14 0.000000e+00 0.000000e+00
2.280622e-15 0.000000e+00 0.000000e+00
-2.918273e-13 0.000000e+00 0.000000e+00
-1.973365e-13 0.000000e+00 0.000000e+00
-2.050924e-14 0.000000e+00 0.000000e+00
1.522527e-13 0.000000e+00 0.000000e+00
8.803000e-14 0.000000e+00 0.000000e+00
1.719775e-13 0.000000e+00 0.000000e+00
-2.170001e-13 0.000000e+00 0.000000e+00
-1.577607e-14 0.000000e+00 0.000000e+00
-2.148130e-14 0.000000e+00 0.000000e+00
-1.614198e-13 0.000000e+00 0.000000e+00
-1.958911e-13 0.000000e+00 0.000000e+00
-2.604433e-14 0.000000e+00 0.000000e+00
1.166619e-14 0.000000e+00 0.000000e+00
2.578487e-13 0.000000e+00 0.000000e+00
1.114882e-13 0.000000e+00 0.000000e+00
6.037195e-14 0.000000e+00 0.000000e+00
-2.233197e-13 0.000000e+00 0.000000e+00
1.734759e-13 0.000000e+00 0.000000e+00
5.962984e-15 0.000000e+00 0.000000e+00
1.907020e-14 0.000000e+00 0.000000e+00
5.060035e-14 0.000000e+00 0.000000e+00
-2.344441e-14 0.000000e+00 0.000000e+00
-3.371221e-13 0.000000e+00 0.000000e+00
6.716785e-14 0.000000e+00 0.000000e+00
-9.943643e-14 0.000000e+00 0.000000e+00
-1.854018e-13 0.000000e+00 0.000000e+00
-2.819164e-13 0.000000e+00 0.000000e+00
-2.515471e-13 0.000000e+00 0.000000e+00
-9.133500e-14 0.000000e+00 0.000000e+00
1.012825e-13 0.000000e+00 0.000000e+00
1.127665e-14 0.000000e+00 0.000000e+00
-9.275126e-14 0.000000e+00 0.000000e+00
-8.008443e-14 0.000000e+00 0.000000e+00
4.658694e-14 0.000000e+00 0.000000e+00
2.333293e-13 0.000000e+00 0.000000e+00
2.068907e-14 0.000000e+00 0.000000e+00
5.328162e-14 0.000000e+00 0.000000e+00
1.035191e-13 0.000000e+00 0.000000e+00
-3.318871e-14 0.000000e+00 0.000000e+00
7.507125e-14 0.000000e+00 0.000000e+00
5.021948e-16 0.000000e+00 0.000000e+00
-1.425475e-13 0.000000e+00 0.000000e+00
1.953865e-13 0.000000e+00 0.000000e+00
7.002498e-14 0.000000e+00 0.000000e+00
5.803938e-14 0.000000e+00 0.000000e+00
-1.117036e-13 0.000000e+00 0.000000e+00
1.756689e-13 0.000000e+00 0.000000e+00
-1.671384e-14 0.000000e+00 0.000000e+00
1.377458e-14 0.000000e+00 0.000000e+00
1.256074e-13 0.000000e+00 0.000000e+00
1.374921e-13 0.000000e+00 0.000000e+00
3.725735e-14 0.000000e+00 0.000000e+00
-9.484443e-14 0.000000e+00 0.000000e+00
3.644309e-14 0.000000e+00 0.000000e+00
5.971108e-14 0.000000e+00 0.000000e+00
1.190614e-14 0.000000e+00 0.000000e+00
1.607019e-13 0.000000e+00 0.000000e+00
-4.500692e-14 0.000000e+00 0.000000e+00
-1.235464e-13 0.000000e+00 0.000000e+00
1.724275e-13 0.000000e+00 0.000000e+00
-9.141273e-14 0.000000e+00 0.000000e+00
3.116516e-13 0.000000e+00 0.000000e+00
1.215255e-13 0.000000e+00 0.000000e+00
2.296025e-13 0.000000e+00 0.000000e+00
2.278594e-13 0.000000e+00 0.000000e+00
-2.373029e-13 0.000000e+00 0.000000e+00
-4.174533e-13 0.000000e+00 0.000000e+00
-1.530561e-13 0.000000e+00 0.000000e+00
8.171540e-14 0.000000e+00 0.000000e+00
1.226338e-13 0.000000e+00 0.000000e+00
9.538445e-14 0.000000e+00 0.000000e+00
1.046471e-13 0.000000e+00 0.000000e+00
7.165181e-14 0.000000e+00 0.000000e+00
6.413659e-14 0.000000e+00 0.000000e+00
-2.176906e-13 0.000000e+00 0.000000e+00
4.813090e-15 0.000000e+00 0.000000e+00
-2.478572e-13 0.000000e+00 0.000000e+00
-2.386443e-13 0.000000e+00 0.000000e+00
-2.807583e-13 0.000000e+00 0.000000e+00
-2.326442e-13 0.000000e+00 0.000000e+00
-8.430470e-14 0.000000e+00 0.000000e+00
-9.028488e-14 0.000000e+00 0.000000e+00
1.529014e-13 0.000000e+00 0.000000e+00
8.523762e-15 0.000000e+00 0.000000e+00
-1.334749e-13 0.000000e+00 0.000000e+00
3.634484e-13 0.000000e+00 0.000000e+00
1.664860e-13 0.000000e+00 0.000000e+00
1.347965e-13 0.000000e+00 0.000000e+00
-9.126830e-14 0.000000e+00 0.000000e+00
5.438491e-16 0.000000e+00 0.000000e+00
-8.776228e-15 0.000000e+00 0.000000e+00
1.133234e-13 0.000000e+00 0.000000e+00
1.482288e-13 0.000000e+00 0.000000e+00
-3.637150e-13 0.000000e+00 0.000000e+00
-1.298016e-13 0.000000e+00 0.000000e+00
4.310451e-15 0.000000e+00 0.000000e+00
3.110319e-13 0.000000e+00 0.000000e+00
1.297420e-14 0.000000e+00 0.000000e+00
-2.861241e-13 0.000000e+00 0.000000e+00
-1.779149e-13 0.000000e+00 0.000000e+00
1.779856e-13 0.000000e+00 0.000000e+00
-2.087482e-13 0.000000e+00 0.000000e+00
-1.180507e-13 0.000000e+00 0.000000e+00
4.174048e-15 0.000000e+00 0.000000e+00
-2.009746e-14 0.000000e+00 0.000000e+00
-2.319519e-13 0.000000e+00 0.000000e+00
4.934884e-13 0.000000e+00 0.000000e+00
6.935007e-14 0.000000e+00 0.000000e+00
2.136730e-13 0.000000e+00 0.000000e+00
3.752102e-13 0.000000e+00 0.000000e+00
1.628793e-13 0.000000e+00 0.000000e+00
5.716965e-14 0.000000e+00 0.000000e+00
6.634774e-14 0.000000e+00 0.000000e+00
-9.889704e-14 0.000000e+00 0.000000e+00
2.609977e-13 0.000000e+00 0.000000e+00
3.351744e-13 0.000000e+00 0.000000e+00
-1.054477e-13 0.000000e+00 0.000000e+00
1.604195e-13 0.000000e+00 0.000000e+00
1.427220e-13 0.000000e+00 0.000000e+00
-9.788024e-14 0.000000e+00 0.000000e+00
1.817779e-13 0.000000e+00 0.000000e+00
3.315251e-13 0.000000e+00 0.000000e+00
1.736137e-13 0.000000e+00 0.000000e+00
-1.408245e-13 0.000000e+00 0.000000e+00
7.288907e-14 0.000000e+00 0.000000e+00
-1.282194e-13 0.000000e+00 0.000000e+00
-2.540568e-13 0.000000e+00 0.000000e+00
-1.365628e-13 0.000000e+00 0.000000e+00
-1.883319e-13 0.000000e+00 0.000000e+00
5.351868e-14 0.000000e+00 0.000000e+00
-1.928375e-13 0.000000e+00 0.000000e+00
1.323060e-13 0.000000e+00 0.000000e+00
-2.629635e-13 0.000000e+00 0.000000e+00
-1.393698e-13 0.000000e+00 0.000000e+00
9.291429e-14 0.000000e+00 0.000000e+00
-7.633954e-14 0.000000e+00 0.000000e+00
-2.427288e-13 0.000000e+00 0.000000e+00
-7.040715e-15 0.000000e+00 0.000000e+00
1.049423e-13 0.000000e+00 0.000000e+00
-2.654933e-13 0.000000e+00 0.000000e+00
-7.092743e-14 0.000000e+00 0.000000e+00
9.938069e-14 0.000000e+00 0.000000e+00
-7.879794e-14 0.000000e+00 0.000000e+00
-1.698345e-13 0.000000e+00 0.000000e+00
-2.694612e-13 0.000000e+00 0.000000e+00
-2.532374e-13 0.000000e+00 0.000000e+00
1.091984e-13 0.000000e+00 0.000000e+00
9.974534e-15 0.000000e+00 0.000000e+00
8.019255e-14 0.000000e+00 0.000000e+00
-9.843460e-14 0.000000e+00 0.000000e+00
-1.552185e-13 0.000000e+00 0.000000e+00
5.160333e-14 0.000000e+00 0.000000e+00
1.090866e-13 0.000000e+00 0.000000e+00
-5.948823e-14 0.000000e+00 0.000000e+00
-1.081287e-13 0.000000e+00 0.000000e+00
-1.263255e-13 0.000000e+00 0.000000e+00
1.573591e-15 0.000000e+00 0.000000e+00
-3.427092e-13 0.000000e+00 0.000000e+00
9.878431e-14 0.000000e+00 0.000000e+00
1.688620e-13 0.000000e+00 0.000000e+00
4.942105e-14 0.000000e+00 0.000000e+00
-9.556379e-14 0.000000e+00 0.000000e+00
-2.008464e-13 0.000000e+00 0.000000e+00
4.137236e-13 0.000000e+00 0.000000e+00
-1.883497e-13 0.000000e+00 0.000000e+00
8.518342e-14 0.000000e+00 0.000000e+00
-1.301248e-13 0.000000e+00 0.000000e+00
-1.211874e-14 0.000000e+00 0.000000e+00
3.040431e-14 0.000000e+00 0.000000e+00
-7.567345e-14 0.000000e+00 0.000000e+00
2.213399e-13 0.000000e+00 0.000000e+00
-2.260901e-13 0.000000e+00 0.000000e+00
5.393459e-14 0.000000e+00 0.000000e+00
9.700053e-14 0.000000e+00 0.000000e+00
-3.645075e-14 0.000000e+00 0.000000e+00
-1.184648e-13 0.000000e+00 0.000000e+00
9.376293e-14 0.000000e+00 0.000000e+00
-1.765056e-13 0.000000e+00 0.000000e+00
6.326520e-14 0.000000e+00 0.000000e+00
-1.970321e-13 0.000000e+00 0.000000e+00
-4.739549e-13 0.000000e+00 0.000000e+00
4.781820e-14 0.000000e+00 0.000000e+00
-2.146847e-13 0.000000e+00 0.000000e+00
8.397978e-14 0.000000e+00 0.000000e+00
2.118970e-13 0.000000e+00 0.000000e+00
8.942445e-14 0.000000e+00 0.000000e+00
2.804007e-14 0.000000e+00 0.000000e+00
-2.135126e-13 0.000000e+00 0.000000e+00
-1.557078e-15 0.000000e+00 0.000000e+00
-2.987451e-13 0.000000e+00 0.000000e+00
8.411727e-15 0.000000e+00 0.000000e+00
-4.224799e-14 0.000000e+00 0.000000e+00
-1.035696e-13 0.000000e+00 0.000000e+00
7.899111e-14 0.000000e+00 0.000000e+00
-3.927250e-14 0.000000e+00 0.000000e+00
8.072866e-14 0.000000e+00 0.000000e+00
1.220289e-14 0.000000e+00 0.000000e+00
1.723924e-13 0.000000e+00 0.000000e+00
-4.144404e-14 0.000000e+00 0.000000e+00
6.243555e-14 0.000000e+00 0.000000e+00
2.961102e-13 0.000000e+00 0.000000e+00
-1.943407e-15 0.000000e+00 0.000000e+00
-5.287028e-14 0.000000e+00 0.000000e+00
5.730397e-14 0.000000e+00 0.000000e+00
5.963040e-14 0.000000e+00 0.000000e+00
-1.915790e-13 0.000000e+00 0.000000e+00
-3.780394e-14 0.000000e+00 0.000000e+00
-2.907426e-14 0.000000e+00 0.000000e+00
-2.873011e-14 0.000000e+00 0.000000e+00
-8.728625e-14 0.000000e+00 0.000000e+00
3.575389e-14 0.000000e+00 0.000000e+00
5.341095e-15 0.000000e+00 0.000000e+00
2.787372e-13 0.000000e+00 0.000000e+00
3.447935e-14 0.000000e+00 0.000000e+00
-1.044244e-13 0.000000e+00 0.000000e+00
-1.549871e-13 0.000000e+00 0.000000e+00
-2.588459e-13 0.000000e+00 0.000000e+00
4.618650e-14 0.000000e+00 0.000000e+00
1.346377e-13 0.000000e+00 0.000000e+00
1.977776e-13 0.000000e+00 0.000000e+00
-1.031410e-13 0.000000e+00 0.000000e+00
-2.297262e-14 0.000000e+00 0.000000e+00
-1.732307e-13 0.000000e+00 0.000000e+00
-1.394157e-13 0.000000e+00 0.000000e+00
1.361749e-13 0.000000e+00 0.000000e+00
-8.938797e-14 0.000000e+00 0.000000e+00
1.038379e-13 0.000000e+00 0.000000e+00
-6.880837e-14 0.000000e+00 0.000000e+00
8.386268e-14 0.000000e+00 0.000000e+00
7.736703e-15 0.000000e+00 0.000000e+00
2.658982e-14 0.000000e+00 0.000000e+00
7.181118e-14 0.000000e+00 0.000000e+00
-1.510105e-13 0.000000e+00 0.000000e+00
-4.134004e-14 0.000000e+00 0.000000e+00
8.420796e-14 0.000000e+00 0.000000e+00
-2.414122e-14 0.000000e+00 0.000000e+00
2.266779e-13 0.000000e+00 0.000000e+00
-2.316332e-13 0.000000e+00 0.000000e+00
-2.770512e-14 0.000000e+00 0.000000e+00
3.520660e-14 0.000000e+00 0.000000e+00
-2.059534e-13 0.000000e+00 0.000000e+00
-1.326074e-15 0.000000e+00 0.000000e+00
-4.010693e-14 0.000000e+00 0.000000e+00
1.231597e-13 0.000000e+00 0.000000e+00
-2.352536e-13 0.000000e+00 0.000000e+00
1.327774e-14 0.000000e+00 0.000000e+00
1.771790e-14 0.000000e+00 0.000000e+00
3.391525e-14 0.000000e+00 0.000000e+00
1.785578e-13 0.000000e+00 0.000000e+00
-8.538734e-14 0.000000e+00 0.000000e+00
2.758586e-13 0.000000e+00 0.000000e+00
-3.045995e-13 0.000000e+00 0.000000e+00
-2.571981e-15 0.000000e+00 0.000000e+00
-1.744487e-13 0.000000e+00 0.000000e+00
-9.750074e-15 0.000000e+00 0.000000e+00
-1.956045e-13 0.000000e+00 0.000000e+00
2.476778e-14 0.000000e+00 0.000000e+00
-2.209429e-13 0.000000e+00 0.000000e+00
6.070717e-14 0.000000e+00 0.000000e+00
-7.222538e-14 0.000000e+00 0.000000e+00
-7.759042e-14 0.000000e+00 0.000000e+00
5.644788e-14 0.000000e+00 0.000000e+00
1.109356e-13 0.000000e+00 0.000000e+00
9.321105e-14 0.000000e+00 0.000000e+00
-2.115552e-13 0.000000e+00 0.000000e+00
-2.818987e-14 0.000000e+00 0.000000e+00
7.344568e-15 0.000000e+00 0.000000e+00
4.832969e-14 0.000000e+00 0.000000e+00
-3.703028e-14 0.000000e+00 0.000000e+00
-2.315871e-13 0.000000e+00 0.000000e+00
-3.372273e-14 0.000000e+00 0.000000e+00
1.659056e-13 0.000000e+00 0.000000e+00
1.130584e-13 0.000000e+00 0.000000e+00
-1.251733e-13 0.000000e+00 0.000000e+00
1.224144e-13 0.000000e+00 0.000000e+00
-2.366994e-13 0.000000e+00 0.000000e+00
5.466606e-14 0.000000e+00 0.000000e+00
1.544317e-13 0.000000e+00 0.000000e+00
-1.355718e-14 0.000000e+00 0.000000e+00
1.222602e-13 0.000000e+00 0.000000e+00
9.070824e-14 0.000000e+00 0.000000e+00
-8.910863e-14 0.000000e+00 0.000000e+00
-9.861079e-15 0.000000e+00 0.000000e+00
2.689628e-13 0.000000e+00 0.000000e+00
1.220800e-13 0.000000e+00 0.000000e+00
-2.912954e-13 0.000000e+00 0.000000e+00
-2.283723e-13 0.000000e+00 0.000000e+00
1.676652e-13 0.000000e+00 0.000000e+00
7.603922e-14 0.000000e+00 0.000000e+00
-2.339692e-13 0.000000e+00 0.000000e+00
-6.631607e-14 0.000000e+00 0.000000e+00
1.983017e-13 0.000000e+00 0.000000e+00
3.723939e-13 0.000000e+00 0.000000e+00
3.681886e-13 0.000000e+00 0.000000e+00
8.302361e-14 0.000000e+00 0.000000e+00
-1.780959e-13 0.000000e+00 0.000000e+00
1.700019e-13 0.000000e+00 0.000000e+00
3.294529e-15 0.000000e+00 0.000000e+00
-9.370682e-14 0.000000e+00 0.000000e+00
4.558196e-13 0.000000e+00 0.000000e+00
-2.582638e-13 0.000000e+00 0.000000e+00
