step K U E temp
0 4.569367e-21 -3.971079e-20 -3.514142e-20 6.619158e+02
1000 1.292662e-21 -4.080788e-20 -3.951522e-20 1.872543e+02
2000 5.374131e-24 -3.910626e-20 -3.910088e-20 7.784934e-01
3000 9.820882e-21 -3.587075e-20 -2.604987e-20 1.422647e+03
4000 9.885215e-22 -3.997705e-20 -3.898853e-20 1.431966e+02
5000 2.514395e-23 -4.005660e-20 -4.003145e-20 3.642337e+00
6000 9.519348e-22 -4.054844e-20 -3.959651e-20 1.378967e+02
7000 1.642053e-21 -4.061380e-20 -3.897174e-20 2.378669e+02
8000 4.483115e-22 -4.061237e-20 -4.016406e-20 6.494213e+01
9000 1.888531e-23 -3.589628e-20 -3.587739e-20 2.735715e+00
10000 3.264055e-21 -3.719859e-20 -3.393453e-20 4.728291e+02
11000 8.313607e-21 -3.798830e-20 -2.967469e-20 1.204304e+03
12000 6.316621e-22 -3.883428e-20 -3.820262e-20 9.150219e+01
13000 7.849006e-22 -4.103066e-20 -4.024576e-20 1.137002e+02
14000 6.216841e-21 -4.088697e-20 -3.467013e-20 9.005679e+02
15000 1.007943e-22 -4.076139e-20 -4.066059e-20 1.460100e+01
16000 3.838369e-22 -4.109996e-20 -4.071613e-20 5.560238e+01
17000 2.009600e-21 -3.931666e-20 -3.730706e-20 2.911095e+02
18000 3.964409e-21 -3.354129e-20 -2.957688e-20 5.742820e+02
19000 2.547266e-22 -3.869780e-20 -3.844307e-20 3.689954e+01
20000 6.310839e-22 -2.581909e-20 -2.518800e-20 9.141844e+01
21000 2.517147e-22 -3.682399e-20 -3.657228e-20 3.646324e+01
22000 8.545448e-22 -4.096415e-20 -4.010961e-20 1.237888e+02
23000 1.198190e-23 -4.099627e-20 -4.098429e-20 1.735691e+00
24000 1.732484e-22 -4.075097e-20 -4.057772e-20 2.509666e+01
25000 6.922686e-22 -4.106774e-20 -4.037547e-20 1.002816e+02
26000 1.117344e-20 -4.063506e-20 -2.946162e-20 1.618577e+03
27000 4.620165e-21 -3.658566e-20 -3.196550e-20 6.692744e+02
28000 4.385976e-21 -3.982269e-20 -3.543671e-20 6.353499e+02
29000 1.220788e-21 -4.108502e-20 -3.986423e-20 1.768426e+02
30000 3.485885e-23 -3.859454e-20 -3.855968e-20 5.049632e+00
31000 3.106606e-21 -3.975191e-20 -3.664531e-20 4.500211e+02
32000 1.568910e-21 -4.005826e-20 -3.848935e-20 2.272714e+02
33000 1.628125e-25 -4.089145e-20 -4.089129e-20 2.358492e-02
34000 4.338681e-22 -4.068722e-20 -4.025335e-20 6.284987e+01
35000 3.694577e-21 -4.079065e-20 -3.709608e-20 5.351943e+02
36000 9.751786e-22 -3.613860e-20 -3.516342e-20 1.412638e+02
37000 4.618045e-22 -4.109033e-20 -4.062852e-20 6.689673e+01
38000 3.979889e-21 -3.343990e-20 -2.946001e-20 5.765244e+02
39000 3.293448e-21 -4.018809e-20 -3.689464e-20 4.770869e+02
40000 4.620011e-21 -3.992850e-20 -3.530849e-20 6.692521e+02
41000 3.151844e-23 -4.092011e-20 -4.088859e-20 4.565743e+00
42000 8.083945e-21 -4.100224e-20 -3.291829e-20 1.171036e+03
43000 2.861862e-22 -3.889591e-20 -3.860972e-20 4.145677e+01
44000 9.367243e-22 -4.043756e-20 -3.950083e-20 1.356933e+02
45000 2.143946e-21 -3.910291e-20 -3.695897e-20 3.105708e+02
46000 1.658537e-21 -4.062200e-20 -3.896346e-20 2.402547e+02
47000 4.094201e-21 -4.082793e-20 -3.673373e-20 5.930835e+02
48000 3.852581e-21 -3.867839e-20 -3.482581e-20 5.580826e+02
49000 4.819254e-22 -4.106875e-20 -4.058683e-20 6.981143e+01
50000 3.046890e-21 -3.566764e-20 -3.262075e-20 4.413707e+02
51000 5.485324e-23 -4.043511e-20 -4.038025e-20 7.946008e+00
52000 2.737320e-22 -4.107877e-20 -4.080504e-20 3.965266e+01
53000 2.719741e-22 -3.934084e-20 -3.906887e-20 3.939801e+01
54000 7.515364e-24 -4.108645e-20 -4.107894e-20 1.088671e+00
55000 2.397312e-21 -2.995637e-20 -2.755906e-20 3.472732e+02
56000 4.734664e-22 -4.093668e-20 -4.046322e-20 6.858606e+01
57000 7.346155e-21 -4.108693e-20 -3.374078e-20 1.064160e+03
58000 4.921205e-21 -3.683191e-20 -3.191070e-20 7.128829e+02
59000 3.152668e-21 -4.026431e-20 -3.711164e-20 4.566936e+02
60000 1.344267e-20 -3.539675e-20 -2.195408e-20 1.947297e+03
61000 1.879524e-21 -3.823194e-20 -3.635242e-20 2.722668e+02
62000 7.509279e-24 -4.102725e-20 -4.101974e-20 1.087790e+00
63000 6.072364e-21 -4.080983e-20 -3.473746e-20 8.796390e+02
64000 1.478822e-22 -4.105827e-20 -4.091039e-20 2.142213e+01
65000 4.245244e-22 -3.964836e-20 -3.922383e-20 6.149636e+01
66000 1.164056e-21 -4.082395e-20 -3.965989e-20 1.686244e+02
67000 8.508958e-22 -3.983287e-20 -3.898198e-20 1.232603e+02
68000 2.724045e-21 -3.189830e-20 -2.917426e-20 3.946035e+02
69000 8.035673e-22 -3.664490e-20 -3.584134e-20 1.164043e+02
70000 5.334632e-22 -4.090614e-20 -4.037268e-20 7.727717e+01
71000 2.455500e-21 -3.975288e-20 -3.729738e-20 3.557023e+02
72000 2.211257e-21 -4.040432e-20 -3.819306e-20 3.203214e+02
73000 8.005742e-22 -3.915639e-20 -3.835582e-20 1.159707e+02
74000 2.146853e-22 -3.712201e-20 -3.690732e-20 3.109919e+01
75000 2.032012e-21 -3.971559e-20 -3.768358e-20 2.943561e+02
76000 3.633007e-22 -4.107779e-20 -4.071449e-20 5.262753e+01
77000 5.935150e-22 -4.068803e-20 -4.009452e-20 8.597624e+01
78000 2.557308e-21 -4.101619e-20 -3.845888e-20 3.704502e+02
79000 9.004464e-23 -4.109544e-20 -4.100540e-20 1.304381e+01
80000 1.156924e-23 -4.107637e-20 -4.106480e-20 1.675913e+00
81000 1.272732e-22 -3.719511e-20 -3.706784e-20 1.843673e+01
82000 3.040211e-21 -3.988478e-20 -3.684457e-20 4.404031e+02
83000 1.971564e-22 -4.108769e-20 -4.089054e-20 2.855996e+01
84000 3.578831e-23 -4.106472e-20 -4.102893e-20 5.184274e+00
85000 4.360475e-24 -3.924557e-20 -3.924121e-20 6.316558e-01
86000 3.479048e-22 -4.060144e-20 -4.025353e-20 5.039729e+01
87000 1.335133e-23 -3.926414e-20 -3.925079e-20 1.934066e+00
88000 5.705966e-22 -4.106626e-20 -4.049566e-20 8.265629e+01
89000 4.036530e-26 -3.932864e-20 -3.932859e-20 5.847294e-03
90000 8.271214e-21 -4.098954e-20 -3.271832e-20 1.198163e+03
91000 2.950150e-21 -4.108567e-20 -3.813552e-20 4.273570e+02
92000 1.877283e-23 -4.094840e-20 -4.092962e-20 2.719422e+00
93000 8.133211e-22 -3.759193e-20 -3.677861e-20 1.178172e+02
94000 3.493994e-21 -4.104066e-20 -3.754667e-20 5.061378e+02
95000 5.673837e-21 -3.899613e-20 -3.332229e-20 8.219087e+02
96000 2.901764e-22 -4.073199e-20 -4.044181e-20 4.203479e+01
97000 8.995881e-23 -3.991107e-20 -3.982111e-20 1.303138e+01
98000 1.940765e-21 -3.841980e-20 -3.647904e-20 2.811381e+02
99000 1.003643e-20 -4.107214e-20 -3.103572e-20 1.453871e+03
100000 1.324365e-22 -4.107942e-20 -4.094699e-20 1.918468e+01
101000 4.501499e-21 -3.832668e-20 -3.382518e-20 6.520845e+02
102000 8.301358e-22 -4.106809e-20 -4.023796e-20 1.202530e+02
103000 1.420660e-20 -3.872111e-20 -2.451451e-20 2.057960e+03
104000 6.693575e-22 -3.402298e-20 -3.335363e-20 9.696274e+01
105000 2.092074e-22 -4.032297e-20 -4.011376e-20 3.030565e+01
106000 3.603806e-22 -3.999263e-20 -3.963225e-20 5.220452e+01
107000 2.399846e-21 -4.090861e-20 -3.850876e-20 3.476403e+02
108000 1.066679e-22 -3.730770e-20 -3.720103e-20 1.545184e+01
109000 2.724083e-23 -3.992141e-20 -3.989417e-20 3.946091e+00
110000 1.701780e-22 -4.065741e-20 -4.048724e-20 2.465188e+01
111000 5.554648e-21 -3.961606e-20 -3.406142e-20 8.046430e+02
112000 7.253245e-22 -4.109092e-20 -4.036560e-20 1.050701e+02
113000 2.710814e-23 -4.064093e-20 -4.061382e-20 3.926869e+00
114000 3.344570e-21 -3.992872e-20 -3.658415e-20 4.844925e+02
115000 6.328525e-21 -3.864573e-20 -3.231720e-20 9.167464e+02
116000 3.859235e-21 -4.108095e-20 -3.722172e-20 5.590464e+02
117000 8.253441e-22 -3.999932e-20 -3.917397e-20 1.195589e+02
118000 3.003866e-22 -4.091763e-20 -4.061724e-20 4.351382e+01
119000 1.936810e-22 -3.767276e-20 -3.747908e-20 2.805652e+01
120000 4.831619e-21 -3.949963e-20 -3.466801e-20 6.999055e+02
121000 3.718775e-22 -3.311380e-20 -3.274192e-20 5.386995e+01
122000 4.973351e-23 -4.085838e-20 -4.080865e-20 7.204366e+00
123000 4.583686e-24 -4.044497e-20 -4.044039e-20 6.639900e-01
124000 9.412578e-22 -3.629224e-20 -3.535098e-20 1.363501e+02
125000 1.876195e-21 -3.330535e-20 -3.142916e-20 2.717845e+02
126000 4.681556e-22 -4.076284e-20 -4.029468e-20 6.781675e+01
127000 9.930971e-21 -3.749468e-20 -2.756371e-20 1.438595e+03
128000 5.394301e-22 -4.001074e-20 -3.947131e-20 7.814153e+01
129000 1.498397e-24 -3.744556e-20 -3.744406e-20 2.170569e-01
130000 3.318815e-24 -3.978014e-20 -3.977682e-20 4.807616e-01
131000 2.360130e-22 -3.877717e-20 -3.854116e-20 3.418871e+01
132000 6.981500e-21 -3.617669e-20 -2.919519e-20 1.011336e+03
133000 3.185651e-21 -3.955622e-20 -3.637057e-20 4.614716e+02
134000 4.018891e-22 -3.637805e-20 -3.597616e-20 5.821743e+01
135000 2.847985e-21 -4.069779e-20 -3.784981e-20 4.125574e+02
136000 2.103639e-21 -3.757714e-20 -3.547350e-20 3.047319e+02
137000 1.211592e-22 -3.788346e-20 -3.776230e-20 1.755105e+01
138000 9.307250e-23 -3.861705e-20 -3.852397e-20 1.348243e+01
139000 6.503734e-21 -3.833851e-20 -3.183478e-20 9.421271e+02
140000 1.730964e-21 -4.087732e-20 -3.914635e-20 2.507464e+02
141000 5.808694e-21 -3.591422e-20 -3.010553e-20 8.414440e+02
142000 1.773735e-21 -4.016453e-20 -3.839080e-20 2.569422e+02
143000 5.360971e-22 -4.090766e-20 -4.037156e-20 7.765871e+01
144000 1.880699e-21 -4.099439e-20 -3.911369e-20 2.724369e+02
145000 8.432451e-21 -3.540563e-20 -2.697318e-20 1.221520e+03
146000 6.729964e-21 -4.050414e-20 -3.377417e-20 9.748986e+02
147000 2.825590e-22 -3.559830e-20 -3.531574e-20 4.093133e+01
148000 2.649189e-24 -3.982494e-20 -3.982229e-20 3.837599e-01
149000 1.612396e-21 -3.816868e-20 -3.655628e-20 2.335707e+02
150000 4.247563e-21 -4.109836e-20 -3.685079e-20 6.152995e+02
151000 4.390545e-23 -3.920418e-20 -3.916027e-20 6.360118e+00
152000 4.453508e-21 -3.438446e-20 -2.993095e-20 6.451325e+02
153000 5.874791e-22 -4.067649e-20 -4.008901e-20 8.510188e+01
154000 1.293060e-21 -3.703027e-20 -3.573721e-20 1.873119e+02
155000 5.847975e-23 -3.913551e-20 -3.907703e-20 8.471343e+00
156000 3.520699e-22 -4.091409e-20 -4.056202e-20 5.100064e+01
157000 1.143205e-24 -3.913079e-20 -3.912965e-20 1.656040e-01
158000 6.735281e-22 -3.836064e-20 -3.768712e-20 9.756689e+01
159000 5.213960e-21 -3.570311e-20 -3.048915e-20 7.552911e+02
160000 6.500736e-22 -4.101016e-20 -4.036009e-20 9.416927e+01
161000 5.239525e-25 -3.879788e-20 -3.879736e-20 7.589945e-02
162000 3.074963e-22 -3.868019e-20 -3.837269e-20 4.454373e+01
163000 5.026705e-21 -4.042249e-20 -3.539578e-20 7.281655e+02
164000 9.197422e-21 -3.967636e-20 -3.047894e-20 1.332333e+03
165000 1.844056e-20 -3.988910e-20 -2.144854e-20 2.671288e+03
166000 1.160282e-21 -3.910223e-20 -3.794195e-20 1.680778e+02
167000 3.578393e-22 -4.108494e-20 -4.072710e-20 5.183639e+01
168000 2.501133e-21 -4.095728e-20 -3.845615e-20 3.623127e+02
169000 2.773784e-22 -4.046272e-20 -4.018534e-20 4.018087e+01
170000 4.551693e-21 -4.088532e-20 -3.633363e-20 6.593555e+02
171000 1.408639e-21 -3.609400e-20 -3.468536e-20 2.040547e+02
172000 4.610156e-21 -3.773143e-20 -3.312128e-20 6.678244e+02
173000 1.734576e-21 -3.996421e-20 -3.822963e-20 2.512696e+02
174000 3.825777e-22 -4.094251e-20 -4.055994e-20 5.541998e+01
175000 1.017653e-21 -4.097782e-20 -3.996016e-20 1.474166e+02
176000 4.481937e-21 -3.382589e-20 -2.934396e-20 6.492508e+02
177000 1.769822e-25 -4.080108e-20 -4.080090e-20 2.563754e-02
178000 6.489679e-22 -4.109992e-20 -4.045096e-20 9.400910e+01
179000 1.530825e-23 -4.105450e-20 -4.103919e-20 2.217544e+00
180000 1.859953e-21 -4.096200e-20 -3.910204e-20 2.694317e+02
181000 3.233187e-21 -3.850361e-20 -3.527042e-20 4.683575e+02
182000 1.192002e-22 -4.029618e-20 -4.017698e-20 1.726727e+01
183000 3.115361e-24 -4.092168e-20 -4.091857e-20 4.512893e-01
184000 3.429682e-21 -4.096424e-20 -3.753456e-20 4.968218e+02
185000 1.496661e-21 -3.669618e-20 -3.519952e-20 2.168054e+02
186000 2.864601e-25 -3.778514e-20 -3.778485e-20 4.149644e-02
187000 2.764731e-21 -4.052049e-20 -3.775576e-20 4.004973e+02
188000 1.414183e-22 -4.095732e-20 -4.081590e-20 2.048577e+01
189000 3.438469e-21 -4.049123e-20 -3.705276e-20 4.980946e+02
190000 5.097115e-21 -3.975891e-20 -3.466179e-20 7.383651e+02
191000 2.477360e-21 -3.944723e-20 -3.696987e-20 3.588689e+02
192000 1.292322e-23 -4.104760e-20 -4.103468e-20 1.872050e+00
193000 5.610150e-21 -3.650623e-20 -3.089608e-20 8.126831e+02
194000 4.942250e-22 -4.093708e-20 -4.044285e-20 7.159314e+01
195000 1.947264e-22 -4.043660e-20 -4.024187e-20 2.820795e+01
196000 3.992576e-21 -3.919701e-20 -3.520443e-20 5.783623e+02
197000 2.362263e-21 -3.486780e-20 -3.250554e-20 3.421960e+02
198000 6.598459e-22 -3.612890e-20 -3.546906e-20 9.558488e+01
199000 8.976822e-23 -3.945601e-20 -3.936624e-20 1.300377e+01
200000 1.001205e-21 -4.102548e-20 -4.002427e-20 1.450340e+02
201000 1.448291e-21 -3.622883e-20 -3.478054e-20 2.097985e+02
202000 9.149586e-22 -4.017311e-20 -3.925816e-20 1.325404e+02
203000 7.397259e-23 -4.082563e-20 -4.075166e-20 1.071563e+01
204000 1.242235e-20 -4.037211e-20 -2.794975e-20 1.799495e+03
205000 1.533414e-21 -3.911481e-20 -3.758140e-20 2.221295e+02
206000 2.040982e-24 -3.893661e-20 -3.893457e-20 2.956555e-01
207000 1.315736e-21 -3.686473e-20 -3.554900e-20 1.905967e+02
208000 5.343097e-22 -4.052353e-20 -3.998922e-20 7.739979e+01
209000 1.015116e-24 -3.290462e-20 -3.290361e-20 1.470492e-01
210000 1.182200e-23 -4.099886e-20 -4.098704e-20 1.712528e+00
211000 4.219165e-21 -3.693089e-20 -3.271173e-20 6.111858e+02
212000 7.074343e-27 -4.033337e-20 -4.033337e-20 1.024785e-03
213000 9.106437e-22 -4.109993e-20 -4.018929e-20 1.319153e+02
214000 5.386855e-21 -3.919600e-20 -3.380914e-20 7.803367e+02
215000 7.511681e-21 -3.626494e-20 -2.875326e-20 1.088138e+03
216000 6.279522e-21 -4.108773e-20 -3.480820e-20 9.096478e+02
217000 5.748109e-22 -4.109186e-20 -4.051705e-20 8.326676e+01
218000 2.981718e-22 -4.020504e-20 -3.990687e-20 4.319299e+01
219000 2.976370e-22 -3.810815e-20 -3.781052e-20 4.311553e+01
220000 4.602181e-22 -8.054108e-21 -7.593890e-21 6.666692e+01
221000 7.701680e-22 -4.006286e-20 -3.929270e-20 1.115661e+02
222000 6.016945e-23 -4.035636e-20 -4.029619e-20 8.716111e+00
223000 1.527392e-21 -3.855308e-20 -3.702569e-20 2.212571e+02
224000 2.422131e-22 -4.062883e-20 -4.038662e-20 3.508685e+01
225000 5.971803e-23 -2.904736e-20 -2.898765e-20 8.650719e+00
226000 1.192153e-21 -4.072174e-20 -3.952959e-20 1.726945e+02
227000 1.140513e-22 -3.618965e-20 -3.607560e-20 1.652140e+01
228000 1.393153e-21 -3.978015e-20 -3.838700e-20 2.018113e+02
229000 4.191440e-21 -3.845245e-20 -3.426101e-20 6.071696e+02
230000 9.235278e-21 -4.097278e-20 -3.173750e-20 1.337817e+03
231000 1.189529e-21 -4.051003e-20 -3.932051e-20 1.723145e+02
232000 6.100832e-21 -3.904184e-20 -3.294101e-20 8.837630e+02
233000 6.302369e-21 -4.095391e-20 -3.465154e-20 9.129575e+02
234000 4.788045e-23 -4.051882e-20 -4.047094e-20 6.935934e+00
235000 6.970404e-22 -3.696496e-20 -3.626792e-20 1.009729e+02
236000 1.663270e-21 -3.653110e-20 -3.486783e-20 2.409403e+02
237000 3.509468e-21 -4.103093e-20 -3.752147e-20 5.083794e+02
238000 2.420156e-21 -3.801272e-20 -3.559256e-20 3.505824e+02
239000 2.454033e-21 -4.009879e-20 -3.764476e-20 3.554897e+02
240000 8.784133e-21 -3.943310e-20 -3.064897e-20 1.272464e+03
241000 1.645268e-21 -4.060588e-20 -3.896061e-20 2.383326e+02
242000 4.963071e-21 -3.592392e-20 -3.096084e-20 7.189475e+02
243000 1.498621e-24 -3.005069e-20 -3.004919e-20 2.170893e-01
244000 7.022585e-22 -4.023733e-20 -3.953508e-20 1.017287e+02
245000 2.219734e-22 -4.094995e-20 -4.072798e-20 3.215493e+01
246000 1.677127e-20 -3.807712e-20 -2.130585e-20 2.429476e+03
247000 2.020302e-21 -4.025010e-20 -3.822979e-20 2.926598e+02
248000 2.004767e-22 -3.899429e-20 -3.879381e-20 2.904094e+01
249000 5.622190e-22 -4.088208e-20 -4.031986e-20 8.144272e+01
250000 2.103483e-23 -4.050209e-20 -4.048106e-20 3.047094e+00
251000 1.273631e-24 -3.877493e-20 -3.877366e-20 1.844975e-01
252000 1.602099e-22 -4.092304e-20 -4.076283e-20 2.320791e+01
253000 1.399834e-22 -4.108986e-20 -4.094988e-20 2.027792e+01
254000 1.973565e-21 -4.106347e-20 -3.908990e-20 2.858894e+02
255000 1.635898e-21 -4.098738e-20 -3.935148e-20 2.369752e+02
256000 2.640965e-21 -3.985574e-20 -3.721478e-20 3.825686e+02
257000 2.139350e-22 -4.079611e-20 -4.058218e-20 3.099050e+01
258000 1.905199e-22 -3.302241e-20 -3.283189e-20 2.759860e+01
259000 1.410316e-21 -3.999414e-20 -3.858383e-20 2.042976e+02
260000 7.192364e-22 -4.087692e-20 -4.015768e-20 1.041882e+02
261000 6.612776e-21 -4.013708e-20 -3.352430e-20 9.579228e+02
262000 1.016725e-21 -3.891988e-20 -3.790316e-20 1.472822e+02
263000 4.585931e-22 -3.709933e-20 -3.664073e-20 6.643153e+01
264000 4.766380e-22 -2.954034e-20 -2.906370e-20 6.904549e+01
265000 1.740556e-21 -2.696978e-20 -2.522923e-20 2.521360e+02
266000 3.104800e-21 -4.108036e-20 -3.797556e-20 4.497595e+02
267000 8.228729e-22 -4.071497e-20 -3.989209e-20 1.192009e+02
268000 6.491001e-21 -3.979542e-20 -3.330442e-20 9.402825e+02
269000 7.081014e-22 -3.985438e-20 -3.914628e-20 1.025752e+02
270000 6.050515e-24 -4.078205e-20 -4.077600e-20 8.764740e-01
271000 9.423548e-22 -3.597509e-20 -3.503273e-20 1.365090e+02
272000 2.425440e-25 -3.972251e-20 -3.972226e-20 3.513478e-02
273000 1.614674e-21 -4.068039e-20 -3.906572e-20 2.339007e+02
274000 4.221370e-22 -4.109832e-20 -4.067618e-20 6.115051e+01
275000 1.903429e-22 -4.078847e-20 -4.059813e-20 2.757295e+01
276000 3.384481e-21 -4.088587e-20 -3.750139e-20 4.902739e+02
277000 4.780624e-21 -3.879696e-20 -3.401634e-20 6.925183e+02
278000 2.256932e-24 -3.706604e-20 -3.706379e-20 3.269378e-01
279000 1.607980e-21 -3.917732e-20 -3.756934e-20 2.329311e+02
280000 1.537105e-21 -4.100375e-20 -3.946665e-20 2.226641e+02
281000 1.200169e-20 -4.058057e-20 -2.857888e-20 1.738558e+03
282000 9.977193e-22 -4.021762e-20 -3.921990e-20 1.445290e+02
283000 1.357850e-22 -3.717313e-20 -3.703734e-20 1.966973e+01
284000 6.065196e-23 -4.075057e-20 -4.068992e-20 8.786007e+00
285000 2.228883e-21 -4.094459e-20 -3.871571e-20 3.228747e+02
286000 3.453849e-21 -4.109668e-20 -3.764283e-20 5.003226e+02
287000 5.240674e-21 -3.841148e-20 -3.317081e-20 7.591609e+02
288000 1.727510e-21 -3.987240e-20 -3.814489e-20 2.502460e+02
289000 1.988239e-21 -4.024189e-20 -3.825365e-20 2.880151e+02
290000 6.127733e-21 -4.098240e-20 -3.485467e-20 8.876598e+02
291000 5.099123e-21 -4.099665e-20 -3.589753e-20 7.386559e+02
292000 5.276027e-22 -3.983758e-20 -3.930998e-20 7.642822e+01
293000 4.381910e-21 -4.103400e-20 -3.665209e-20 6.347609e+02
294000 2.275094e-22 -3.976185e-20 -3.953434e-20 3.295687e+01
295000 1.504436e-22 -4.086162e-20 -4.071118e-20 2.179318e+01
296000 7.448039e-22 -3.960514e-20 -3.886034e-20 1.078918e+02
297000 7.590400e-25 -4.084656e-20 -4.084580e-20 1.099541e-01
298000 1.476851e-23 -4.105952e-20 -4.104475e-20 2.139357e+00
299000 3.229478e-21 -3.371551e-20 -3.048603e-20 4.678202e+02
300000 2.379630e-21 -4.092582e-20 -3.854619e-20 3.447118e+02
301000 3.999698e-23 -3.420653e-20 -3.416654e-20 5.793940e+00
302000 2.320645e-22 -4.089951e-20 -4.066745e-20 3.361672e+01
303000 2.148198e-21 -4.104104e-20 -3.889284e-20 3.111866e+02
304000 1.270147e-21 -4.095114e-20 -3.968099e-20 1.839927e+02
305000 6.565919e-26 -4.108103e-20 -4.108097e-20 9.511351e-03
306000 3.127179e-21 -2.905273e-20 -2.592555e-20 4.530014e+02
307000 3.124717e-22 -4.095745e-20 -4.064498e-20 4.526446e+01
308000 5.236425e-21 -3.298777e-20 -2.775134e-20 7.585454e+02
309000 4.380199e-22 -4.085868e-20 -4.042066e-20 6.345131e+01
310000 5.106586e-22 -4.081739e-20 -4.030673e-20 7.397371e+01
311000 1.456108e-22 -4.108323e-20 -4.093762e-20 2.109309e+01
312000 3.091117e-22 -4.103984e-20 -4.073073e-20 4.477773e+01
313000 2.428395e-23 -4.101425e-20 -4.098996e-20 3.517758e+00
314000 3.342805e-26 -4.092088e-20 -4.092085e-20 4.842367e-03
315000 1.693418e-23 -4.093724e-20 -4.092031e-20 2.453076e+00
316000 1.676105e-21 -3.744012e-20 -3.576401e-20 2.427996e+02
317000 2.728896e-21 -3.387421e-20 -3.114531e-20 3.953063e+02
318000 4.551345e-21 -4.066745e-20 -3.611610e-20 6.593052e+02
319000 7.687165e-22 -4.011645e-20 -3.934773e-20 1.113558e+02
320000 4.148353e-24 -3.892005e-20 -3.891590e-20 6.009280e-01
321000 3.616547e-21 -4.006891e-20 -3.645237e-20 5.238909e+02
322000 3.315094e-21 -4.014574e-20 -3.683065e-20 4.802226e+02
323000 1.022791e-23 -3.670624e-20 -3.669601e-20 1.481609e+00
324000 1.235351e-21 -4.077523e-20 -3.953987e-20 1.789523e+02
325000 7.379409e-22 -3.942860e-20 -3.869066e-20 1.068977e+02
326000 3.355251e-21 -4.050478e-20 -3.714953e-20 4.860397e+02
327000 1.124402e-22 -3.972392e-20 -3.961148e-20 1.628802e+01
328000 5.673277e-21 -4.081421e-20 -3.514093e-20 8.218276e+02
329000 9.194494e-22 -3.988826e-20 -3.896881e-20 1.331909e+02
330000 1.667541e-22 -4.082054e-20 -4.065379e-20 2.415590e+01
331000 7.953813e-22 -3.948590e-20 -3.869052e-20 1.152185e+02
332000 6.303535e-22 -4.065011e-20 -4.001976e-20 9.131264e+01
333000 5.896177e-22 -3.452478e-20 -3.393516e-20 8.541167e+01
334000 1.544474e-21 -4.106578e-20 -3.952131e-20 2.237316e+02
335000 3.009368e-21 -3.367419e-20 -3.066482e-20 4.359352e+02
336000 4.735675e-21 -4.085589e-20 -3.612022e-20 6.860070e+02
337000 2.366106e-23 -3.636580e-20 -3.634214e-20 3.427527e+00
338000 2.627051e-21 -4.099989e-20 -3.837284e-20 3.805530e+02
339000 2.296058e-23 -3.451738e-20 -3.449442e-20 3.326056e+00
340000 1.631516e-21 -4.087570e-20 -3.924418e-20 2.363404e+02
341000 1.511775e-20 -4.089440e-20 -2.577665e-20 2.189949e+03
342000 1.929270e-21 -4.076051e-20 -3.883124e-20 2.794729e+02
343000 4.899879e-22 -3.935803e-20 -3.886804e-20 7.097936e+01
344000 2.284936e-22 -4.101326e-20 -4.078477e-20 3.309944e+01
345000 2.729746e-24 -4.082294e-20 -4.082021e-20 3.954293e-01
346000 8.037526e-24 -3.625685e-20 -3.624881e-20 1.164311e+00
347000 2.148161e-21 -3.957151e-20 -3.742335e-20 3.111814e+02
348000 1.490514e-22 -4.035119e-20 -4.020214e-20 2.159150e+01
349000 9.765949e-21 -3.827160e-20 -2.850565e-20 1.414690e+03
350000 3.544479e-21 -4.102064e-20 -3.747616e-20 5.134512e+02
351000 8.481357e-22 -4.086002e-20 -4.001188e-20 1.228604e+02
352000 7.375851e-21 -4.105557e-20 -3.367972e-20 1.068461e+03
353000 5.513836e-22 -3.353686e-20 -3.298548e-20 7.987310e+01
354000 2.631101e-22 -4.107285e-20 -4.080974e-20 3.811397e+01
355000 1.404488e-22 -3.806749e-20 -3.792704e-20 2.034533e+01
356000 1.256118e-22 -4.051669e-20 -4.039108e-20 1.819605e+01
357000 1.226203e-21 -3.358454e-20 -3.235834e-20 1.776270e+02
358000 3.799744e-22 -4.109718e-20 -4.071721e-20 5.504286e+01
359000 3.054865e-21 -4.041731e-20 -3.736244e-20 4.425259e+02
360000 4.671423e-21 -3.959779e-20 -3.492637e-20 6.766996e+02
361000 1.142413e-22 -2.382402e-20 -2.370978e-20 1.654892e+01
362000 1.784739e-20 -4.088589e-20 -2.303850e-20 2.585362e+03
363000 1.600344e-21 -4.047975e-20 -3.887940e-20 2.318249e+02
364000 1.979828e-24 -4.081170e-20 -4.080972e-20 2.867967e-01
365000 4.796159e-21 -4.003297e-20 -3.523681e-20 6.947688e+02
366000 1.797986e-21 -3.961109e-20 -3.781310e-20 2.604551e+02
367000 3.801885e-22 -3.466397e-20 -3.428378e-20 5.507388e+01
368000 4.043565e-22 -4.094292e-20 -4.053856e-20 5.857484e+01
369000 1.327513e-23 -3.968026e-20 -3.966699e-20 1.923027e+00
370000 1.729509e-21 -3.714699e-20 -3.541749e-20 2.505357e+02
371000 1.764887e-21 -4.097050e-20 -3.920562e-20 2.556605e+02
372000 2.754917e-22 -4.013430e-20 -3.985881e-20 3.990757e+01
373000 1.357414e-22 -2.931293e-20 -2.917719e-20 1.966342e+01
374000 3.292309e-22 -3.986358e-20 -3.953435e-20 4.769219e+01
375000 6.317546e-23 -3.331464e-20 -3.325147e-20 9.151560e+00
376000 3.235439e-21 -4.058003e-20 -3.734459e-20 4.686837e+02
377000 2.316687e-23 -4.085719e-20 -4.083403e-20 3.355939e+00
378000 4.370994e-22 -4.098881e-20 -4.055171e-20 6.331796e+01
379000 3.007216e-21 -3.506655e-20 -3.205933e-20 4.356236e+02
380000 5.050453e-21 -3.989719e-20 -3.484674e-20 7.316057e+02
381000 2.084348e-22 -3.929539e-20 -3.908695e-20 3.019374e+01
382000 2.319387e-22 -4.041856e-20 -4.018662e-20 3.359851e+01
383000 1.743655e-22 -4.057605e-20 -4.040168e-20 2.525848e+01
384000 3.086921e-22 -4.094575e-20 -4.063705e-20 4.471696e+01
385000 5.941705e-21 -3.842137e-20 -3.247966e-20 8.607119e+02
386000 2.248766e-21 -4.109217e-20 -3.884341e-20 3.257549e+02
387000 8.846607e-21 -4.109484e-20 -3.224824e-20 1.281514e+03
388000 1.516257e-21 -4.071200e-20 -3.919575e-20 2.196441e+02
389000 4.821309e-22 -3.843844e-20 -3.795631e-20 6.984120e+01
390000 2.736364e-22 -4.082741e-20 -4.055377e-20 3.963881e+01
391000 3.572521e-21 -3.776350e-20 -3.419098e-20 5.175133e+02
392000 1.670643e-21 -4.023409e-20 -3.856345e-20 2.420084e+02
393000 2.718885e-21 -3.829932e-20 -3.558044e-20 3.938561e+02
394000 4.048557e-22 -4.109755e-20 -4.069270e-20 5.864716e+01
395000 5.702877e-21 -4.108349e-20 -3.538061e-20 8.261153e+02
396000 1.477861e-21 -3.975565e-20 -3.827779e-20 2.140821e+02
397000 2.889711e-21 -4.035374e-20 -3.746403e-20 4.186018e+02
398000 4.178864e-21 -4.104392e-20 -3.686506e-20 6.053478e+02
399000 1.726727e-26 -3.972529e-20 -3.972527e-20 2.501327e-03
400000 3.206287e-22 -4.042373e-20 2.598969e-19 4.644609e+01
401000 2.638353e-21 -4.109248e-20 1.615459e-19 3.821903e+02
402000 3.859617e-23 -4.069492e-20 1.593437e-19 5.591019e+00
403000 1.076073e-21 -4.061635e-20 1.604597e-19 1.558793e+02
404000 9.247290e-22 -4.077831e-20 1.601464e-19 1.339557e+02
405000 1.132064e-22 -3.737829e-20 1.627349e-19 1.639902e+01
406000 9.152925e-22 -4.071137e-20 1.602039e-19 1.325887e+02
407000 3.693677e-21 -3.764666e-20 1.660470e-19 5.350639e+02
408000 1.186101e-21 -4.109036e-20 1.600957e-19 1.718179e+02
409000 4.565751e-22 -2.648845e-20 1.739681e-19 6.613919e+01
410000 6.830998e-22 -4.070074e-20 1.606704e-19 9.895344e+01
411000 3.449965e-21 -4.099793e-20 1.624520e-19 4.997598e+02
412000 8.363348e-21 -3.730698e-20 1.710564e-19 1.211510e+03
413000 2.451451e-21 -4.066223e-20 1.617892e-19 3.551157e+02
414000 1.055565e-24 -4.031077e-20 1.596903e-19 1.529085e-01
415000 1.248465e-22 -3.591469e-20 1.642102e-19 1.808518e+01
416000 4.142986e-21 -4.089651e-20 1.632465e-19 6.001505e+02
417000 1.521764e-21 -4.029298e-20 1.612288e-19 2.204418e+02
418000 2.355990e-21 -3.911808e-20 1.632379e-19 3.412873e+02
419000 1.961911e-21 -4.109547e-20 1.608664e-19 2.842012e+02
420000 2.305626e-21 -4.107926e-20 1.612264e-19 3.339916e+02
421000 1.573527e-21 -3.767551e-20 1.638980e-19 2.279402e+02
422000 4.369464e-22 -4.077483e-20 1.596621e-19 6.329580e+01
423000 2.981536e-21 -3.881841e-20 1.641631e-19 4.319036e+02
424000 1.288212e-22 -3.629582e-20 1.638330e-19 1.866096e+01
425000 7.493549e-21 -4.097689e-20 1.665167e-19 1.085511e+03
426000 3.800647e-21 -4.043427e-20 1.633664e-19 5.505595e+02
427000 3.058007e-22 -3.871479e-20 1.615910e-19 4.429811e+01
428000 1.753471e-21 -4.071161e-20 1.610419e-19 2.540068e+02
429000 3.826679e-21 -4.026117e-20 1.635655e-19 5.543305e+02
430000 1.526957e-21 -4.106493e-20 1.604620e-19 2.211941e+02
431000 5.476046e-22 -4.101654e-20 1.595311e-19 7.932568e+01
432000 5.577313e-22 -3.554370e-20 1.650140e-19 8.079262e+01
433000 5.432386e-24 -4.033974e-20 1.596657e-19 7.869323e-01
434000 2.584239e-21 -4.090899e-20 1.616753e-19 3.743514e+02
435000 5.795974e-22 -4.054975e-20 1.600298e-19 8.396014e+01
436000 7.129250e-22 -3.929319e-20 1.614197e-19 1.032739e+02
437000 1.973570e-22 -4.101886e-20 1.591785e-19 2.858902e+01
438000 6.488409e-22 -3.867489e-20 1.619740e-19 9.399071e+01
439000 1.271595e-21 -4.066807e-20 1.606035e-19 1.842026e+02
440000 4.461406e-21 -3.858266e-20 1.658787e-19 6.462767e+02
441000 4.196620e-22 -4.089305e-20 1.595266e-19 6.079199e+01
442000 5.862787e-21 -4.097145e-20 1.648913e-19 8.492799e+02
443000 1.018127e-20 -4.034805e-20 1.698332e-19 1.474852e+03
444000 1.440917e-22 -3.680282e-20 1.633413e-19 2.087303e+01
445000 1.993218e-21 -4.107477e-20 1.609184e-19 2.887364e+02
446000 1.384591e-20 -4.094693e-20 1.728990e-19 2.005710e+03
447000 3.909598e-25 -4.105149e-20 1.589489e-19 5.663421e-02
448000 2.839725e-21 -4.099736e-20 1.618424e-19 4.113609e+02
449000 1.345373e-21 -4.105312e-20 1.602923e-19 1.948899e+02
450000 3.942716e-21 -4.108812e-20 1.628546e-19 5.711395e+02
451000 4.339926e-22 -4.076769e-20 1.596663e-19 6.286791e+01
452000 3.108957e-21 -3.583489e-20 1.672741e-19 4.503617e+02
453000 1.867118e-21 -4.107866e-20 1.607885e-19 2.704697e+02
454000 1.743888e-20 -4.087152e-20 1.765674e-19 2.526186e+03
455000 3.587396e-24 -4.106491e-20 1.589387e-19 5.196680e-01
456000 1.830360e-22 -3.659924e-20 1.635838e-19 2.651449e+01
457000 9.187550e-21 -4.091460e-20 1.682729e-19 1.330903e+03
458000 4.054801e-23 -4.088490e-20 1.591556e-19 5.873761e+00
459000 5.471974e-21 -4.021482e-20 1.652572e-19 7.926669e+02
460000 1.519187e-21 -4.084246e-20 1.606769e-19 2.200685e+02
461000 1.654370e-21 -4.109992e-20 1.605544e-19 2.396511e+02
462000 1.175892e-22 -3.890773e-20 1.612099e-19 1.703391e+01
463000 1.396579e-21 -3.939342e-20 1.620032e-19 2.023076e+02
464000 1.040458e-21 -4.059243e-20 1.604480e-19 1.507202e+02
465000 6.789528e-21 -4.109204e-20 1.656975e-19 9.835271e+02
466000 1.719935e-21 -4.109514e-20 1.606248e-19 2.491488e+02
467000 5.994576e-21 -3.664035e-20 1.693542e-19 8.683708e+02
468000 3.019806e-23 -4.094976e-20 1.590804e-19 4.374473e+00
469000 6.463282e-21 -4.106191e-20 1.654014e-19 9.362672e+02
470000 8.433565e-22 -4.108570e-20 1.597577e-19 1.221681e+02
471000 6.241807e-21 -4.097523e-20 1.652666e-19 9.041845e+02
472000 2.054639e-21 -4.101588e-20 1.610388e-19 2.976337e+02
473000 1.695682e-21 -3.883962e-20 1.628561e-19 2.456356e+02
474000 3.537917e-22 -4.103807e-20 1.593157e-19 5.125005e+01
475000 1.098956e-22 -4.107833e-20 1.590316e-19 1.591941e+01
476000 2.179991e-22 -3.879707e-20 1.614209e-19 3.157922e+01
477000 2.656288e-22 -4.106908e-20 1.591965e-19 3.847884e+01
478000 1.071711e-21 -4.099149e-20 1.600802e-19 1.552475e+02
479000 1.334212e-21 -4.105255e-20 1.602817e-19 1.932731e+02
480000 8.509471e-22 -4.109993e-20 1.597510e-19 1.232677e+02
481000 2.018660e-23 -3.706455e-20 1.629556e-19 2.924219e+00
482000 3.253598e-23 -4.109727e-20 1.589353e-19 4.713143e+00
483000 8.236961e-22 -4.085760e-20 1.599661e-19 1.193201e+02
484000 1.242852e-20 -4.108476e-20 1.713438e-19 1.800388e+03
485000 3.345213e-23 -4.078113e-20 1.592523e-19 4.845856e+00
486000 1.447468e-22 -3.914227e-20 1.610025e-19 2.096794e+01
487000 1.376923e-21 -4.023016e-20 1.611468e-19 1.994603e+02
488000 1.545492e-20 -4.007322e-20 1.753817e-19 2.238791e+03
489000 4.069857e-22 -3.734589e-20 1.630611e-19 5.895571e+01
490000 2.846163e-21 -4.109308e-20 1.617531e-19 4.122935e+02
491000 4.639078e-23 -4.054612e-20 1.595003e-19 6.720140e+00
492000 3.443861e-21 -4.099971e-20 1.624442e-19 4.988756e+02
493000 3.151203e-22 -3.587758e-20 1.644375e-19 4.564814e+01
494000 1.238166e-22 -4.102893e-20 1.590949e-19 1.793600e+01
495000 5.758523e-21 -3.770263e-20 1.680559e-19 8.341763e+02
496000 9.127193e-22 -4.060927e-20 1.603035e-19 1.322160e+02
497000 5.752330e-21 -4.109968e-20 1.646526e-19 8.332792e+02
498000 4.311354e-21 -3.948978e-20 1.648216e-19 6.245402e+02
499000 4.191913e-22 -3.424619e-20 1.661730e-19 6.072381e+01
500000 2.536958e-22 -4.095572e-20 1.592980e-19 3.675023e+01
501000 5.462304e-21 -4.090795e-20 1.645544e-19 7.912662e+02
502000 4.306686e-21 -4.063499e-20 1.636717e-19 6.238640e+02
503000 5.838391e-22 -3.877271e-20 1.618111e-19 8.457459e+01
504000 3.704724e-21 -3.968955e-20 1.640152e-19 5.366641e+02
505000 4.241100e-21 -4.085378e-20 1.633873e-19 6.143633e+02
506000 1.518471e-22 -3.852096e-20 1.616309e-19 2.199648e+01
507000 8.231035e-22 -4.075962e-20 1.600635e-19 1.192343e+02
508000 1.986167e-21 -3.764874e-20 1.643374e-19 2.877150e+02
509000 4.866899e-21 -4.090125e-20 1.639657e-19 7.050161e+02
510000 1.425000e-21 -3.723428e-20 1.641907e-19 2.064247e+02
511000 1.215824e-21 -3.275586e-20 1.684600e-19 1.761235e+02
512000 7.430471e-23 -4.109844e-20 1.589759e-19 1.076374e+01
513000 3.082594e-21 -4.053871e-20 1.625439e-19 4.465428e+02
514000 1.018217e-22 -4.108538e-20 1.590164e-19 1.474984e+01
515000 2.214277e-22 -4.109855e-20 1.591229e-19 3.207589e+01
516000 3.290153e-21 -4.084875e-20 1.624415e-19 4.766096e+02
517000 1.036629e-20 -4.080017e-20 1.695695e-19 1.501654e+03
518000 1.666444e-22 -4.098359e-20 1.591831e-19 2.414001e+01
519000 1.275400e-21 -4.108407e-20 1.601913e-19 1.847537e+02
520000 4.853632e-21 -4.018026e-20 1.646734e-19 7.030942e+02
521000 1.564572e-21 -4.106991e-20 1.604947e-19 2.266429e+02
522000 7.750586e-23 -4.021725e-20 1.598603e-19 1.122745e+01
523000 8.954481e-21 -4.109773e-20 1.678568e-19 1.297141e+03
524000 4.913068e-22 -4.091122e-20 1.595801e-19 7.117041e+01
525000 2.813933e-21 -4.091117e-20 1.619028e-19 4.076247e+02
526000 1.859514e-25 -4.072059e-20 1.592796e-19 2.693681e-02
527000 1.375241e-21 -4.109322e-20 1.602820e-19 1.992167e+02
528000 3.550733e-22 -4.108553e-20 1.592695e-19 5.143571e+01
529000 3.569860e-24 -4.094352e-20 1.590600e-19 5.171278e-01
530000 7.720751e-21 -3.490754e-20 1.728132e-19 1.118423e+03
531000 1.349707e-21 -3.979283e-20 1.615569e-19 1.955178e+02
532000 2.190528e-21 -4.097406e-20 1.612165e-19 3.173187e+02
533000 7.665625e-22 -4.099595e-20 1.597706e-19 1.110438e+02
534000 8.432530e-22 -4.076099e-20 1.600823e-19 1.221531e+02
535000 4.987284e-23 -4.109991e-20 1.589500e-19 7.224550e+00
536000 1.088118e-21 -4.109588e-20 1.599922e-19 1.576242e+02
537000 7.754356e-22 -4.019945e-20 1.605760e-19 1.123291e+02
538000 3.056365e-21 -4.099487e-20 1.620615e-19 4.427433e+02
539000 9.367949e-23 -4.108941e-20 1.590043e-19 1.357036e+01
540000 1.526172e-21 -4.107821e-20 1.604480e-19 2.210804e+02
541000 6.253560e-22 -3.867918e-20 1.619462e-19 9.058870e+01
542000 5.870570e-21 -4.074353e-20 1.652234e-19 8.504074e+02
543000 5.640020e-21 -2.961622e-20 1.760238e-19 8.170099e+02
544000 3.091680e-21 -3.826750e-20 1.648242e-19 4.478589e+02
545000 5.467561e-22 -4.079414e-20 1.597526e-19 7.920277e+01
546000 1.358792e-21 -3.998418e-20 1.613746e-19 1.968337e+02
547000 4.243007e-21 -4.103917e-20 1.632038e-19 6.146395e+02
548000 2.103313e-21 -4.042196e-20 1.616814e-19 3.046847e+02
549000 7.255888e-22 -3.941800e-20 1.613076e-19 1.051084e+02
550000 4.620617e-21 -4.108302e-20 1.635376e-19 6.693398e+02
551000 2.109544e-21 -4.103092e-20 1.610786e-19 3.055873e+02
552000 3.230477e-23 -4.075198e-20 1.593423e-19 4.679649e+00
553000 2.115669e-21 -4.071115e-20 1.614045e-19 3.064746e+02
554000 9.450129e-21 -4.109513e-20 1.683550e-19 1.368940e+03
555000 2.275226e-21 -4.109599e-20 1.611792e-19 3.295880e+02
556000 5.079794e-21 -4.109841e-20 1.639814e-19 7.358560e+02
557000 3.378178e-22 -4.103709e-20 1.593007e-19 4.893609e+01
558000 1.262978e-22 -4.079799e-20 1.593283e-19 1.829542e+01
559000 2.041000e-21 -4.109980e-20 1.609412e-19 2.956581e+02
560000 6.006336e-22 -4.106509e-20 1.595355e-19 8.700743e+01
561000 2.327344e-21 -3.251159e-20 1.698158e-19 3.371376e+02
562000 1.056152e-21 -3.928369e-20 1.617725e-19 1.529936e+02
563000 2.433363e-21 -3.879315e-20 1.636402e-19 3.524956e+02
564000 1.281875e-22 -4.064665e-20 1.594815e-19 1.856917e+01
565000 1.028046e-22 -4.109838e-20 1.590044e-19 1.489221e+01
566000 6.815137e-23 -3.881657e-20 1.612516e-19 9.872367e+00
567000 2.936833e-22 -4.085676e-20 1.594370e-19 4.254279e+01
568000 8.445629e-22 -4.101689e-20 1.598277e-19 1.223429e+02
569000 6.105978e-21 -4.092844e-20 1.651775e-19 8.845084e+02
570000 2.065932e-21 -4.099589e-20 1.610700e-19 2.992696e+02
571000 2.514169e-21 -4.089527e-20 1.616189e-19 3.642010e+02
572000 3.918196e-22 -4.105169e-20 1.593401e-19 5.675876e+01
573000 3.916727e-23 -4.100317e-20 1.590360e-19 5.673748e+00
574000 6.340507e-21 -3.908397e-20 1.672565e-19 9.184821e+02
575000 3.609908e-23 -4.043121e-20 1.596049e-19 5.229291e+00
576000 7.548301e-23 -4.109716e-20 1.589783e-19 1.093442e+01
577000 1.070000e-20 -3.973558e-20 1.709644e-19 1.549996e+03
578000 1.986437e-21 -4.051201e-20 1.614744e-19 2.877541e+02
579000 1.098137e-21 -4.099060e-20 1.601075e-19 1.590755e+02
580000 2.345869e-21 -4.066278e-20 1.616831e-19 3.398212e+02
581000 1.542009e-21 -4.099892e-20 1.605431e-19 2.233745e+02
582000 2.082996e-21 -4.096769e-20 1.611153e-19 3.017415e+02
583000 3.074439e-22 -3.887555e-20 1.614319e-19 4.453614e+01
584000 7.189849e-22 -3.745879e-20 1.632602e-19 1.041517e+02
585000 4.990250e-24 -3.760907e-20 1.623959e-19 7.228847e-01
586000 7.666859e-22 -4.049278e-20 1.602739e-19 1.110617e+02
587000 2.624114e-21 -2.341201e-20 1.792121e-19 3.801277e+02
588000 3.919676e-22 -4.019059e-20 1.602014e-19 5.678019e+01
589000 3.024620e-21 -3.769360e-20 1.653310e-19 4.381447e+02
590000 4.135002e-21 -3.433853e-20 1.697965e-19 5.989939e+02
591000 3.879429e-21 -4.109474e-20 1.627847e-19 5.619719e+02
592000 3.188069e-22 -4.067033e-20 1.618222e-19 4.618217e+01
593000 3.772638e-23 -3.973610e-20 1.603016e-19 5.465021e+00
594000 1.270446e-21 -4.109223e-20 1.601782e-19 1.840361e+02
595000 2.082036e-22 -4.106470e-20 1.591435e-19 3.016024e+01
596000 7.508418e-22 -3.145611e-20 1.692947e-19 1.087665e+02
597000 4.107177e-21 -3.949839e-20 1.646088e-19 5.949632e+02
598000 3.279999e-21 -4.096665e-20 1.623133e-19 4.751387e+02
599000 3.108465e-21 -3.831321e-20 1.647953e-19 4.502904e+02
600000 3.070445e-22 -4.109761e-20 1.592094e-19 4.447829e+01
601000 6.481955e-22 -4.107816e-20 1.595700e-19 9.389722e+01
602000 1.337021e-21 -4.079999e-20 1.605405e-19 1.936801e+02
603000 4.913742e-21 -4.109973e-20 1.638140e-19 7.118017e+02
604000 1.601183e-22 -4.025347e-20 1.599066e-19 2.319464e+01
605000 4.032341e-21 -4.107380e-20 1.629585e-19 5.841226e+02
606000 4.009275e-21 -4.102333e-20 1.629859e-19 5.807813e+02
607000 7.648476e-22 -4.094006e-20 1.598248e-19 1.107954e+02
608000 1.425128e-21 -4.109112e-20 1.603340e-19 2.064432e+02
609000 1.286807e-23 -3.818853e-20 1.618243e-19 1.864062e+00
610000 2.175441e-28 -3.877739e-20 1.612226e-19 3.151330e-05
611000 1.114447e-21 -3.992155e-20 1.611929e-19 1.614381e+02
612000 3.314818e-21 -4.099252e-20 1.623223e-19 4.801825e+02
613000 3.049957e-21 -3.815076e-20 1.648992e-19 4.418150e+02
614000 1.672321e-22 -4.109597e-20 1.590713e-19 2.422514e+01
615000 8.532689e-22 -3.741366e-20 1.634396e-19 1.236040e+02
616000 2.100094e-21 -4.014215e-20 1.619579e-19 3.042183e+02
617000 5.443772e-22 -4.109983e-20 1.594445e-19 7.885817e+01
618000 9.839252e-23 -4.109623e-20 1.590022e-19 1.425308e+01
619000 2.240164e-21 -4.085124e-20 1.613889e-19 3.245089e+02
620000 4.697559e-23 -4.092829e-20 1.591187e-19 6.804857e+00
621000 1.370282e-22 -4.023158e-20 1.599055e-19 1.984982e+01
622000 3.729724e-22 -4.109659e-20 1.592764e-19 5.402856e+01
623000 2.604640e-21 -3.830779e-20 1.642969e-19 3.773066e+02
624000 9.993739e-22 -3.976899e-20 1.612304e-19 1.447687e+02
625000 2.872663e-24 -3.957362e-20 1.604293e-19 4.161322e-01
626000 1.399057e-21 -4.061391e-20 1.607851e-19 2.026666e+02
627000 2.087199e-22 -3.806993e-20 1.621388e-19 3.023504e+01
628000 1.870255e-21 -4.098188e-20 1.608884e-19 2.709240e+02
629000 1.328454e-22 -4.098166e-20 1.591512e-19 1.924391e+01
630000 6.568099e-21 -4.043047e-20 1.661376e-19 9.514510e+02
631000 6.248883e-21 -4.066720e-20 1.655817e-19 9.052095e+02
632000 6.283920e-22 -4.109750e-20 1.595309e-19 9.102849e+01
633000 4.110467e-21 -3.982582e-20 1.642846e-19 5.954399e+02
634000 1.358117e-22 -3.799846e-20 1.621374e-19 1.967360e+01
635000 1.345665e-21 -3.296973e-20 1.683759e-19 1.949323e+02
636000 3.501546e-23 -4.109436e-20 1.589407e-19 5.072319e+00
637000 1.447385e-21 -4.090403e-20 1.605434e-19 2.096673e+02
638000 4.980693e-22 -4.090360e-20 1.595945e-19 7.215002e+01
639000 4.553398e-21 -3.354299e-20 1.710104e-19 6.596026e+02
640000 7.628746e-22 -4.023631e-20 1.605266e-19 1.105096e+02
641000 1.535900e-21 -3.449921e-20 1.670367e-19 2.224896e+02
642000 1.409727e-24 -3.748723e-20 1.625142e-19 2.042122e-01
643000 3.519723e-23 -4.109889e-20 1.589363e-19 5.098650e+00
644000 7.466931e-21 -4.060407e-20 1.668629e-19 1.081655e+03
645000 5.012157e-22 -4.031150e-20 1.601897e-19 7.260581e+01
646000 5.616146e-23 -3.853024e-20 1.615259e-19 8.135516e+00
647000 2.503599e-21 -3.933829e-20 1.631653e-19 3.626699e+02
648000 1.418275e-21 -4.100425e-20 1.604140e-19 2.054505e+02
649000 5.970863e-21 -4.093725e-20 1.650336e-19 8.649356e+02
650000 1.854620e-21 -3.974511e-20 1.621095e-19 2.686592e+02
651000 1.553857e-22 -4.106035e-20 1.590950e-19 2.250908e+01
652000 5.446535e-21 -4.096704e-20 1.644795e-19 7.889818e+02
653000 6.924774e-21 -3.751009e-20 1.694147e-19 1.003119e+03
654000 3.658239e-21 -3.766167e-20 1.659966e-19 5.299303e+02
655000 1.679032e-22 -3.967900e-20 1.604889e-19 2.432236e+01
656000 3.928068e-22 -4.087035e-20 1.595225e-19 5.690176e+01
657000 3.711662e-22 -3.591176e-20 1.644594e-19 5.376692e+01
658000 1.329465e-21 -4.039860e-20 1.609309e-19 1.925856e+02
659000 7.264177e-21 -3.925378e-20 1.680104e-19 1.052284e+03
660000 2.491674e-22 -4.104107e-20 1.592081e-19 3.609424e+01
661000 6.927979e-21 -3.224269e-20 1.746853e-19 1.003583e+03
662000 3.533687e-22 -3.874199e-20 1.616114e-19 5.118878e+01
663000 1.783350e-21 -3.942502e-20 1.623583e-19 2.583351e+02
664000 2.246001e-21 -4.085196e-20 1.613940e-19 3.253544e+02
665000 8.211130e-22 -4.073980e-20 1.600813e-19 1.189460e+02
666000 3.211471e-22 -4.101296e-20 1.593082e-19 4.652118e+01
667000 4.869169e-22 -4.053891e-20 1.599480e-19 7.053450e+01
668000 1.672700e-21 -3.743975e-20 1.642330e-19 2.423064e+02
669000 1.476835e-21 -3.908193e-20 1.623949e-19 2.139334e+02
670000 4.380161e-23 -4.081710e-20 1.592277e-19 6.345076e+00
671000 1.226031e-21 -4.106034e-20 1.601657e-19 1.776021e+02
672000 1.013639e-22 -4.107339e-20 1.590280e-19 1.468351e+01
673000 8.400033e-24 -4.104644e-20 1.589620e-19 1.216824e+00
674000 2.547769e-21 -3.774733e-20 1.648004e-19 3.690683e+02
675000 3.856544e-21 -4.102104e-20 1.628355e-19 5.586566e+02
676000 1.899730e-23 -4.090142e-20 1.591176e-19 2.751937e+00
677000 1.240479e-21 -4.037179e-20 1.608687e-19 1.796951e+02
678000 1.600497e-21 -4.102081e-20 1.605797e-19 2.318471e+02
679000 1.144039e-21 -4.100187e-20 1.601422e-19 1.657249e+02
680000 1.097924e-21 -4.109835e-20 1.599996e-19 1.590447e+02
681000 3.269264e-23 -4.077067e-20 1.592838e-19 4.735836e+00
682000 5.832471e-22 -4.105915e-20 1.595241e-19 8.448882e+01
683000 6.577087e-22 -4.098214e-20 1.596756e-19 9.527529e+01
684000 2.381190e-21 -4.109993e-20 1.612813e-19 3.449378e+02
685000 4.787735e-21 -4.099973e-20 1.637880e-19 6.935485e+02
686000 8.218771e-23 -3.671338e-20 1.633688e-19 1.190566e+01
687000 1.381913e-24 -4.054703e-20 1.594544e-19 2.001832e-01
688000 4.414792e-22 -4.103367e-20 1.594078e-19 6.395242e+01
689000 2.377637e-24 -3.915953e-20 1.608428e-19 3.444231e-01
690000 4.788712e-22 -4.017020e-20 1.603087e-19 6.936901e+01
691000 3.710201e-22 -4.108551e-20 1.592855e-19 5.374575e+01
692000 3.236746e-21 -4.086244e-20 1.623743e-19 4.688732e+02
693000 3.596338e-22 -4.108489e-20 1.592747e-19 5.209634e+01
694000 2.330807e-21 -4.083347e-20 1.614973e-19 3.376393e+02
695000 5.683634e-21 -4.105910e-20 1.646245e-19 8.233279e+02
696000 2.066005e-22 -4.011748e-20 1.600891e-19 2.992803e+01
697000 2.821462e-23 -4.080942e-20 1.592206e-19 4.087153e+00
698000 1.503158e-20 -4.109999e-20 1.739316e-19 2.177466e+03
699000 3.739678e-21 -4.043586e-20 1.633038e-19 5.417276e+02
700000 5.862036e-23 -4.040518e-20 1.596534e-19 8.491710e+00
701000 9.621086e-24 -4.105134e-20 1.589583e-19 1.393705e+00
702000 7.312064e-21 -3.823186e-20 1.690802e-19 1.059221e+03
703000 1.278542e-23 -4.087194e-20 1.591409e-19 1.852089e+00
704000 8.018892e-22 -4.003384e-20 1.607681e-19 1.161612e+02
705000 6.877831e-22 -4.100823e-20 1.596796e-19 9.963185e+01
706000 1.194514e-21 -3.940549e-20 1.617890e-19 1.730365e+02
707000 3.616760e-21 -4.070271e-20 1.629141e-19 5.239217e+02
708000 6.319433e-23 -4.023992e-20 1.598233e-19 9.154293e+00
709000 1.087168e-22 -4.092404e-20 1.591847e-19 1.574865e+01
710000 1.471004e-21 -4.100945e-20 1.604616e-19 2.130888e+02
711000 1.112085e-21 -3.853137e-20 1.625807e-19 1.610959e+02
712000 8.384270e-23 -4.069509e-20 1.593888e-19 1.214540e+01
713000 1.071598e-22 -3.453509e-20 1.655721e-19 1.552311e+01
714000 3.342766e-22 -4.051602e-20 1.598183e-19 4.842310e+01
715000 1.901346e-21 -4.089948e-20 1.610019e-19 2.754278e+02
716000 2.201793e-21 -4.105151e-20 1.611503e-19 3.189504e+02
717000 1.865830e-21 -3.917314e-20 1.626927e-19 2.702831e+02
718000 2.101277e-21 -4.094201e-20 1.611593e-19 3.043898e+02
719000 1.342080e-21 -4.099736e-20 1.603447e-19 1.944130e+02
720000 3.318773e-21 -4.104676e-20 1.622720e-19 4.807555e+02
721000 4.270603e-22 -4.028717e-20 1.601399e-19 6.186370e+01
722000 2.769325e-21 -4.017030e-20 1.625990e-19 4.011628e+02
723000 1.479003e-21 -4.108089e-20 1.603981e-19 2.142474e+02
724000 1.757258e-21 -4.097188e-20 1.607854e-19 2.545553e+02
725000 7.430683e-21 -4.109746e-20 1.663332e-19 1.076404e+03
726000 2.207968e-21 -3.566204e-20 1.665459e-19 3.198450e+02
727000 2.653769e-24 -4.015418e-20 1.598485e-19 3.844235e-01
728000 1.858464e-21 -4.109420e-20 1.607643e-19 2.692160e+02
729000 4.006043e-22 -4.092579e-20 1.594748e-19 5.803130e+01
730000 1.051347e-21 -3.876941e-20 1.622819e-19 1.522975e+02
731000 2.534729e-21 -2.648726e-20 1.760475e-19 3.671793e+02
732000 1.835801e-21 -4.081092e-20 1.610265e-19 2.659330e+02
733000 9.526969e-24 -4.068868e-20 1.593208e-19 1.380071e+00
734000 4.106067e-23 -4.104146e-20 1.589996e-19 5.948024e+00
735000 5.135027e-22 -4.107708e-20 1.594364e-19 7.438570e+01
736000 5.267486e-23 -3.907010e-20 1.609826e-19 7.630449e+00
737000 3.527267e-21 -4.074640e-20 1.627809e-19 5.109579e+02
738000 1.027956e-22 -3.586463e-20 1.642382e-19 1.489091e+01
739000 1.987392e-22 -4.110000e-20 1.590987e-19 2.878924e+01
740000 5.339918e-21 -4.106056e-20 1.642794e-19 7.735374e+02
741000 2.418655e-21 -4.108869e-20 1.613300e-19 3.503649e+02
742000 6.852269e-21 -4.110000e-20 1.657523e-19 9.926156e+02
743000 3.395175e-21 -4.003214e-20 1.633630e-19 4.918231e+02
744000 4.620925e-22 -4.103917e-20 1.594229e-19 6.693844e+01
745000 1.864471e-21 -4.102403e-20 1.608404e-19 2.700862e+02
746000 6.474165e-21 -3.995737e-20 1.665168e-19 9.378437e+02
747000 1.020068e-22 -4.066747e-20 1.594345e-19 1.477665e+01
748000 8.566481e-21 -4.010667e-20 1.684598e-19 1.240935e+03
749000 8.824994e-22 -4.109658e-20 1.597859e-19 1.278383e+02
750000 2.215760e-23 -3.948589e-20 1.605363e-19 3.209737e+00
751000 3.973684e-22 -3.939886e-20 1.609985e-19 5.756255e+01
752000 1.535847e-21 -4.083110e-20 1.607048e-19 2.224819e+02
753000 5.479143e-21 -4.103072e-20 1.644484e-19 7.937054e+02
754000 1.486293e-20 -4.109959e-20 1.737633e-19 2.153035e+03
755000 6.479125e-22 -4.109943e-20 1.595485e-19 9.385622e+01
756000 1.549680e-22 -3.822723e-20 1.619277e-19 2.244858e+01
757000 9.431057e-22 -3.908075e-20 1.618624e-19 1.366177e+02
758000 3.600326e-23 -4.096841e-20 1.590676e-19 5.215412e+00
759000 6.921904e-22 -4.047422e-20 1.602180e-19 1.002703e+02
760000 5.132391e-21 -4.091847e-20 1.642139e-19 7.434751e+02
761000 5.096209e-22 -4.035558e-20 1.601540e-19 7.382338e+01
762000 5.702177e-22 -4.073672e-20 1.598335e-19 8.260140e+01
763000 1.647908e-21 -3.470117e-20 1.669467e-19 2.387150e+02
764000 9.815276e-23 -3.960152e-20 1.604966e-19 1.421835e+01
765000 3.280175e-21 -4.037137e-20 1.629088e-19 4.751642e+02
766000 8.349768e-23 -4.108943e-20 1.589941e-19 1.209542e+01
767000 6.058934e-21 -3.742279e-20 1.686361e-19 8.776937e+02
768000 7.747097e-23 -2.793759e-20 1.721399e-19 1.122240e+01
769000 2.299643e-21 -3.980702e-20 1.624926e-19 3.331250e+02
770000 1.094652e-21 -4.028169e-20 1.608130e-19 1.585706e+02
771000 1.485609e-21 -4.073582e-20 1.608916e-19 2.152045e+02
772000 1.520024e-21 -4.109451e-20 1.604255e-19 2.201898e+02
773000 4.175324e-21 -4.105559e-20 1.631197e-19 6.048350e+02
774000 5.609017e-21 -3.796820e-20 1.676408e-19 8.125189e+02
775000 8.853067e-22 -4.107209e-20 1.598132e-19 1.282450e+02
776000 4.587168e-21 -4.047511e-20 1.641121e-19 6.644944e+02
777000 2.944788e-21 -3.618096e-20 1.667638e-19 4.265802e+02
778000 4.671269e-21 -4.108237e-20 1.635889e-19 6.766772e+02
779000 6.001927e-22 -4.076141e-20 1.598758e-19 8.694355e+01
780000 6.519195e-21 -4.109914e-20 1.654201e-19 9.443667e+02
781000 1.537635e-21 -4.109667e-20 1.604410e-19 2.227409e+02
782000 4.167181e-22 -3.963677e-20 1.607800e-19 6.036555e+01
783000 1.188541e-21 -3.767570e-20 1.635128e-19 1.721714e+02
784000 4.804923e-21 -4.092392e-20 1.638810e-19 6.960383e+02
785000 3.680391e-21 -3.217320e-20 1.715072e-19 5.331392e+02
786000 2.404346e-23 -4.108647e-20 1.589376e-19 3.482922e+00
787000 5.016683e-21 -4.105201e-20 1.639647e-19 7.267138e+02
788000 2.815897e-21 -4.097353e-20 1.618424e-19 4.079092e+02
789000 4.718482e-22 -4.066946e-20 1.598024e-19 6.835165e+01
790000 1.154332e-21 -3.512057e-20 1.660338e-19 1.672158e+02
791000 1.473086e-21 -4.091852e-20 1.605546e-19 2.133903e+02
792000 7.825983e-21 -4.102320e-20 1.668028e-19 1.133667e+03
793000 1.452359e-22 -4.108747e-20 1.590578e-19 2.103879e+01
794000 2.785661e-21 -4.007193e-20 1.627137e-19 4.035293e+02
795000 2.545043e-22 -3.789281e-20 1.623617e-19 3.686734e+01
796000 1.114993e-22 -4.093701e-20 1.591745e-19 1.615172e+01
797000 9.766329e-22 -2.888930e-20 1.720873e-19 1.414745e+02
798000 2.684363e-21 -4.074891e-20 1.620084e-19 3.888552e+02
799000 3.755983e-22 -4.094926e-20 1.594263e-19 5.440894e+01
800000 2.744077e-22 -4.038125e-20 1.598932e-19 3.975053e+01
801000 2.845486e-21 -4.093803e-20 1.619075e-19 4.121955e+02
802000 2.173768e-22 -4.109706e-20 1.591203e-19 3.148907e+01
803000 3.529713e-21 -4.093874e-20 1.625910e-19 5.113122e+02
804000 1.599803e-25 -3.649323e-20 1.635069e-19 2.317465e-02
805000 1.133282e-21 -3.644224e-20 1.646910e-19 1.641666e+02
806000 3.363613e-22 -3.151706e-20 1.688193e-19 4.872510e+01
807000 6.718538e-21 -4.033327e-20 1.663853e-19 9.732434e+02
808000 5.980261e-21 -4.098178e-20 1.649985e-19 8.662971e+02
809000 8.805268e-22 -4.080048e-20 1.600834e-19 1.275526e+02
810000 2.732281e-22 -4.083697e-20 1.594363e-19 3.957966e+01
811000 8.722379e-22 -4.109344e-20 1.597788e-19 1.263519e+02
812000 1.845138e-22 -3.925826e-20 1.609263e-19 2.672856e+01
813000 3.791199e-22 -3.898693e-20 1.613922e-19 5.491908e+01
814000 2.189818e-21 -4.065095e-20 1.615389e-19 3.172158e+02
815000 1.051583e-23 -4.103119e-20 1.589793e-19 1.523317e+00
816000 4.933025e-21 -4.109990e-20 1.638331e-19 7.145952e+02
817000 8.307157e-26 -4.067211e-20 1.613708e-19 1.203370e-02
818000 1.831953e-21 -4.109290e-20 1.607391e-19 2.653757e+02
819000 4.347838e-22 -3.986257e-20 1.605722e-19 6.298253e+01
820000 4.208826e-21 -4.109773e-20 1.631111e-19 6.096880e+02
821000 1.590025e-22 -4.081168e-20 1.593489e-19 2.303302e+01
822000 9.774856e-22 -4.103443e-20 1.599431e-19 1.415980e+02
823000 1.140284e-21 -3.838521e-20 1.627551e-19 1.651809e+02
824000 3.384222e-21 -3.985292e-20 1.635313e-19 4.902365e+02
825000 4.535483e-23 -3.507502e-20 1.649703e-19 6.570074e+00
826000 9.068358e-21 -4.066070e-20 1.684077e-19 1.313637e+03
827000 2.572855e-21 -4.066537e-20 1.619075e-19 3.727023e+02
828000 1.692615e-22 -4.105450e-20 1.591148e-19 2.451912e+01
829000 4.108548e-22 -4.073681e-20 1.598091e-19 5.951618e+01
830000 1.189560e-21 -3.377819e-20 1.674114e-19 1.723189e+02
831000 1.085794e-21 -4.109671e-20 1.599891e-19 1.572875e+02
832000 3.827845e-24 -3.893077e-20 1.610731e-19 5.544993e-01
833000 6.348888e-22 -4.036386e-20 1.602710e-19 9.196962e+01
834000 2.586035e-21 -4.103474e-20 1.615513e-19 3.746114e+02
835000 2.212473e-24 -3.784480e-20 1.621574e-19 3.204975e-01
836000 1.132672e-21 -4.060538e-20 1.605273e-19 1.640783e+02
837000 1.907687e-23 -3.100940e-20 1.690097e-19 2.763465e+00
838000 2.560031e-22 -4.096688e-20 1.592891e-19 3.708445e+01
839000 9.021735e-21 -4.011792e-20 1.689038e-19 1.306883e+03
840000 3.659826e-21 -4.096904e-20 1.626908e-19 5.301602e+02
841000 5.204486e-21 -4.108558e-20 1.641189e-19 7.539188e+02
842000 1.781781e-21 -4.042999e-20 1.613518e-19 2.581078e+02
843000 4.149408e-21 -4.071926e-20 1.634302e-19 6.010808e+02
844000 4.180576e-21 -4.105884e-20 1.631217e-19 6.055958e+02
845000 1.148364e-20 -4.109902e-20 1.703846e-19 1.663513e+03
846000 9.449234e-22 -4.105365e-20 1.598913e-19 1.368810e+02
847000 1.005013e-22 -3.685751e-20 1.632430e-19 1.455855e+01
848000 7.258106e-22 -4.104862e-20 1.596772e-19 1.051405e+02
849000 6.299236e-21 -4.044123e-20 1.658580e-19 9.125036e+02
850000 3.674894e-21 -2.862866e-20 1.750462e-19 5.323430e+02
851000 6.829602e-23 -4.079138e-20 1.592830e-19 9.893322e+00
852000 1.954545e-21 -4.063838e-20 1.673060e-19 2.831342e+02
853000 1.177271e-21 -3.548566e-20 1.656916e-19 1.705387e+02
854000 1.222781e-22 -4.089129e-20 1.592310e-19 1.771314e+01
855000 1.447578e-21 -4.101007e-20 1.604375e-19 2.096953e+02
856000 6.101492e-23 -4.110000e-20 1.589610e-19 8.838585e+00
857000 2.432139e-21 -4.087487e-20 1.615573e-19 3.523182e+02
858000 7.554791e-22 -3.959061e-20 1.611649e-19 1.094383e+02
859000 1.958813e-21 -4.011172e-20 1.618471e-19 2.837525e+02
860000 1.543482e-22 -4.100592e-20 1.591484e-19 2.235880e+01
861000 6.088645e-24 -4.066782e-20 1.617084e-19 8.819975e-01
862000 2.290858e-22 -4.109636e-20 1.591327e-19 3.318523e+01
863000 1.341295e-21 -3.778350e-20 1.635578e-19 1.942991e+02
864000 1.989739e-22 -4.101759e-20 1.591814e-19 2.882325e+01
865000 2.245942e-21 -4.065422e-20 1.615917e-19 3.253458e+02
866000 4.050724e-22 -4.080501e-20 1.596025e-19 5.867855e+01
867000 4.603590e-23 -4.084496e-20 1.592011e-19 6.668733e+00
868000 9.463498e-24 -3.444268e-20 1.655668e-19 1.370877e+00
869000 4.811665e-22 -4.089815e-20 1.595830e-19 6.970150e+01
870000 3.059387e-21 -3.988288e-20 1.631765e-19 4.431811e+02
871000 6.292465e-21 -4.008406e-20 1.662084e-19 9.115228e+02
872000 3.579990e-21 -4.050106e-20 1.630789e-19 5.185953e+02
873000 9.292470e-23 -3.945607e-20 1.606368e-19 1.346102e+01
874000 8.232590e-22 -3.971749e-20 1.611058e-19 1.192568e+02
875000 9.794475e-22 -4.109989e-20 1.598796e-19 1.418822e+02
876000 4.134067e-22 -4.102686e-20 1.593865e-19 5.988585e+01
877000 2.700244e-21 -3.962558e-20 1.630747e-19 3.911557e+02
878000 1.036751e-23 -4.099700e-20 1.590134e-19 1.501831e+00
879000 4.237194e-21 -4.050702e-20 1.637302e-19 6.137974e+02
