FX FY FZ 
2.730548e-10 0.000000e+00 0.000000e+00
-1.443240e-10 0.000000e+00 0.000000e+00
3.197374e-10 0.000000e+00 0.000000e+00
4.703363e-10 0.000000e+00 0.000000e+00
2.482718e-10 0.000000e+00 0.000000e+00
-2.820404e-10 0.000000e+00 0.000000e+00
1.790771e-10 0.000000e+00 0.000000e+00
1.688052e-10 0.000000e+00 0.000000e+00
1.690381e-10 0.000000e+00 0.000000e+00
-6.811453e-10 0.000000e+00 0.000000e+00
4.213218e-10 0.000000e+00 0.000000e+00
3.851256e-10 0.000000e+00 0.000000e+00
3.376555e-10 0.000000e+00 0.000000e+00
-6.889843e-11 0.000000e+00 0.000000e+00
1.140199e-10 0.000000e+00 0.000000e+00
-1.558474e-10 0.000000e+00 0.000000e+00
-1.530611e-12 0.000000e+00 0.000000e+00
3.047034e-10 0.000000e+00 0.000000e+00
5.328204e-10 0.000000e+00 0.000000e+00
3.460899e-10 0.000000e+00 0.000000e+00
6.262179e-10 0.000000e+00 0.000000e+00
-6.098266e-10 0.000000e+00 0.000000e+00
-9.719533e-11 0.000000e+00 0.000000e+00
8.048986e-11 0.000000e+00 0.000000e+00
-1.583267e-10 0.000000e+00 0.000000e+00
-4.670176e-11 0.000000e+00 0.000000e+00
1.652956e-10 0.000000e+00 0.000000e+00
4.455077e-10 0.000000e+00 0.000000e+00
2.630366e-10 0.000000e+00 0.000000e+00
-3.168694e-11 0.000000e+00 0.000000e+00
3.522498e-10 0.000000e+00 0.000000e+00
2.694346e-10 0.000000e+00 0.000000e+00
-2.817993e-10 0.000000e+00 0.000000e+00
1.128595e-10 0.000000e+00 0.000000e+00
-1.728139e-10 0.000000e+00 0.000000e+00
1.363004e-10 0.000000e+00 0.000000e+00
-6.630371e-10 0.000000e+00 0.000000e+00
2.502544e-11 0.000000e+00 0.000000e+00
-8.492317e-10 0.000000e+00 0.000000e+00
2.259091e-10 0.000000e+00 0.000000e+00
-3.000740e-10 0.000000e+00 0.000000e+00
1.051043e-10 0.000000e+00 0.000000e+00
-8.211270e-11 0.000000e+00 0.000000e+00
-4.224998e-10 0.000000e+00 0.000000e+00
-2.215691e-10 0.000000e+00 0.000000e+00
3.199675e-10 0.000000e+00 0.000000e+00
1.674616e-10 0.000000e+00 0.000000e+00
1.282020e-10 0.000000e+00 0.000000e+00
3.472620e-10 0.000000e+00 0.000000e+00
4.470239e-11 0.000000e+00 0.000000e+00
4.768204e-10 0.000000e+00 0.000000e+00
1.953515e-10 0.000000e+00 0.000000e+00
3.693768e-11 0.000000e+00 0.000000e+00
3.029013e-10 0.000000e+00 0.000000e+00
-3.011559e-11 0.000000e+00 0.000000e+00
5.926459e-10 0.000000e+00 0.000000e+00
-1.068489e-10 0.000000e+00 0.000000e+00
2.904937e-11 0.000000e+00 0.000000e+00
-6.091931e-10 0.000000e+00 0.000000e+00
2.170690e-10 0.000000e+00 0.000000e+00
-7.174641e-10 0.000000e+00 0.000000e+00
-4.882883e-10 0.000000e+00 0.000000e+00
6.769756e-11 0.000000e+00 0.000000e+00
1.322062e-10 0.000000e+00 0.000000e+00
5.154338e-11 0.000000e+00 0.000000e+00
2.784235e-10 0.000000e+00 0.000000e+00
1.290941e-10 0.000000e+00 0.000000e+00
2.620979e-10 0.000000e+00 0.000000e+00
5.646145e-10 0.000000e+00 0.000000e+00
-6.240373e-10 0.000000e+00 0.000000e+00
-1.167199e-10 0.000000e+00 0.000000e+00
-3.234568e-10 0.000000e+00 0.000000e+00
-2.273768e-10 0.000000e+00 0.000000e+00
-3.944690e-10 0.000000e+00 0.000000e+00
4.245106e-10 0.000000e+00 0.000000e+00
2.726355e-10 0.000000e+00 0.000000e+00
3.776653e-11 0.000000e+00 0.000000e+00
-1.726366e-10 0.000000e+00 0.000000e+00
7.254366e-11 0.000000e+00 0.000000e+00
-1.740793e-11 0.000000e+00 0.000000e+00
-3.988707e-11 0.000000e+00 0.000000e+00
4.214675e-10 0.000000e+00 0.000000e+00
2.572387e-10 0.000000e+00 0.000000e+00
2.820174e-11 0.000000e+00 0.000000e+00
-4.886712e-11 0.000000e+00 0.000000e+00
-3.845133e-10 0.000000e+00 0.000000e+00
1.708053e-10 0.000000e+00 0.000000e+00
3.085627e-10 0.000000e+00 0.000000e+00
-4.777405e-11 0.000000e+00 0.000000e+00
3.038130e-10 0.000000e+00 0.000000e+00
8.299048e-11 0.000000e+00 0.000000e+00
3.040723e-11 0.000000e+00 0.000000e+00
9.676753e-11 0.000000e+00 0.000000e+00
4.040954e-10 0.000000e+00 0.000000e+00
-6.364307e-11 0.000000e+00 0.000000e+00
-4.118891e-10 0.000000e+00 0.000000e+00
-1.627583e-10 0.000000e+00 0.000000e+00
2.547277e-10 0.000000e+00 0.000000e+00
-4.703806e-10 0.000000e+00 0.000000e+00
4.223828e-11 0.000000e+00 0.000000e+00
3.636994e-11 0.000000e+00 0.000000e+00
-4.793201e-10 0.000000e+00 0.000000e+00
4.516397e-11 0.000000e+00 0.000000e+00
3.446737e-10 0.000000e+00 0.000000e+00
5.217945e-10 0.000000e+00 0.000000e+00
2.099331e-10 0.000000e+00 0.000000e+00
-2.911597e-10 0.000000e+00 0.000000e+00
-1.159524e-10 0.000000e+00 0.000000e+00
-5.702049e-10 0.000000e+00 0.000000e+00
-3.010455e-10 0.000000e+00 0.000000e+00
1.615061e-10 0.000000e+00 0.000000e+00
-3.407725e-10 0.000000e+00 0.000000e+00
2.425150e-11 0.000000e+00 0.000000e+00
1.643101e-10 0.000000e+00 0.000000e+00
2.530229e-10 0.000000e+00 0.000000e+00
3.492191e-10 0.000000e+00 0.000000e+00
-3.576868e-11 0.000000e+00 0.000000e+00
-2.902170e-10 0.000000e+00 0.000000e+00
-1.131000e-10 0.000000e+00 0.000000e+00
-5.389402e-10 0.000000e+00 0.000000e+00
2.906430e-10 0.000000e+00 0.000000e+00
5.419155e-10 0.000000e+00 0.000000e+00
1.211228e-10 0.000000e+00 0.000000e+00
-2.202552e-10 0.000000e+00 0.000000e+00
4.560987e-10 0.000000e+00 0.000000e+00
-8.577863e-10 0.000000e+00 0.000000e+00
-1.554984e-10 0.000000e+00 0.000000e+00
-5.543513e-10 0.000000e+00 0.000000e+00
2.448850e-10 0.000000e+00 0.000000e+00
4.106784e-10 0.000000e+00 0.000000e+00
-3.199183e-10 0.000000e+00 0.000000e+00
-4.348135e-10 0.000000e+00 0.000000e+00
-6.601595e-10 0.000000e+00 0.000000e+00
2.860838e-10 0.000000e+00 0.000000e+00
4.530619e-10 0.000000e+00 0.000000e+00
-1.704861e-10 0.000000e+00 0.000000e+00
4.047707e-10 0.000000e+00 0.000000e+00
3.903160e-10 0.000000e+00 0.000000e+00
3.509227e-10 0.000000e+00 0.000000e+00
-4.781911e-10 0.000000e+00 0.000000e+00
1.164725e-10 0.000000e+00 0.000000e+00
4.689178e-10 0.000000e+00 0.000000e+00
2.285513e-10 0.000000e+00 0.000000e+00
1.085496e-10 0.000000e+00 0.000000e+00
8.119680e-11 0.000000e+00 0.000000e+00
-7.168295e-10 0.000000e+00 0.000000e+00
1.856497e-10 0.000000e+00 0.000000e+00
4.789811e-10 0.000000e+00 0.000000e+00
-3.140331e-10 0.000000e+00 0.000000e+00
-4.942102e-10 0.000000e+00 0.000000e+00
-1.043064e-11 0.000000e+00 0.000000e+00
3.128799e-10 0.000000e+00 0.000000e+00
5.129367e-10 0.000000e+00 0.000000e+00
1.581864e-10 0.000000e+00 0.000000e+00
-5.931616e-10 0.000000e+00 0.000000e+00
-3.967721e-10 0.000000e+00 0.000000e+00
-1.142259e-10 0.000000e+00 0.000000e+00
-3.972912e-10 0.000000e+00 0.000000e+00
3.655592e-10 0.000000e+00 0.000000e+00
4.757048e-10 0.000000e+00 0.000000e+00
7.504350e-11 0.000000e+00 0.000000e+00
-4.326847e-10 0.000000e+00 0.000000e+00
3.471536e-10 0.000000e+00 0.000000e+00
-2.242177e-10 0.000000e+00 0.000000e+00
2.760342e-10 0.000000e+00 0.000000e+00
2.568282e-10 0.000000e+00 0.000000e+00
-4.004215e-10 0.000000e+00 0.000000e+00
-3.176854e-11 0.000000e+00 0.000000e+00
-9.968960e-11 0.000000e+00 0.000000e+00
-2.170850e-10 0.000000e+00 0.000000e+00
-1.230349e-10 0.000000e+00 0.000000e+00
4.629320e-10 0.000000e+00 0.000000e+00
3.976173e-10 0.000000e+00 0.000000e+00
-2.951372e-10 0.000000e+00 0.000000e+00
-1.048680e-10 0.000000e+00 0.000000e+00
8.715898e-11 0.000000e+00 0.000000e+00
-8.243685e-10 0.000000e+00 0.000000e+00
1.340923e-10 0.000000e+00 0.000000e+00
2.226390e-12 0.000000e+00 0.000000e+00
5.378310e-11 0.000000e+00 0.000000e+00
9.246251e-11 0.000000e+00 0.000000e+00
3.575261e-10 0.000000e+00 0.000000e+00
2.132298e-10 0.000000e+00 0.000000e+00
1.046601e-10 0.000000e+00 0.000000e+00
9.173122e-11 0.000000e+00 0.000000e+00
4.413619e-10 0.000000e+00 0.000000e+00
-5.290484e-10 0.000000e+00 0.000000e+00
1.832584e-10 0.000000e+00 0.000000e+00
9.396616e-11 0.000000e+00 0.000000e+00
-2.119085e-10 0.000000e+00 0.000000e+00
2.688119e-10 0.000000e+00 0.000000e+00
-3.612218e-10 0.000000e+00 0.000000e+00
-5.973735e-11 0.000000e+00 0.000000e+00
4.484335e-10 0.000000e+00 0.000000e+00
-1.067158e-10 0.000000e+00 0.000000e+00
1.951485e-10 0.000000e+00 0.000000e+00
3.133897e-10 0.000000e+00 0.000000e+00
5.002404e-10 0.000000e+00 0.000000e+00
-6.637685e-10 0.000000e+00 0.000000e+00
-3.601812e-10 0.000000e+00 0.000000e+00
6.849663e-11 0.000000e+00 0.000000e+00
4.583117e-10 0.000000e+00 0.000000e+00
2.275931e-10 0.000000e+00 0.000000e+00
1.287184e-10 0.000000e+00 0.000000e+00
2.037061e-10 0.000000e+00 0.000000e+00
-3.990446e-10 0.000000e+00 0.000000e+00
3.310970e-10 0.000000e+00 0.000000e+00
-6.065608e-10 0.000000e+00 0.000000e+00
1.828095e-10 0.000000e+00 0.000000e+00
-8.829399e-10 0.000000e+00 0.000000e+00
7.950376e-11 0.000000e+00 0.000000e+00
-6.012309e-10 0.000000e+00 0.000000e+00
2.086342e-10 0.000000e+00 0.000000e+00
-2.139544e-12 0.000000e+00 0.000000e+00
-3.900718e-10 0.000000e+00 0.000000e+00
4.570546e-10 0.000000e+00 0.000000e+00
-2.865561e-11 0.000000e+00 0.000000e+00
2.297119e-11 0.000000e+00 0.000000e+00
-2.598794e-10 0.000000e+00 0.000000e+00
3.790271e-10 0.000000e+00 0.000000e+00
-2.030190e-09 0.000000e+00 0.000000e+00
-2.811336e-10 0.000000e+00 0.000000e+00
-2.355404e-10 0.000000e+00 0.000000e+00
3.546723e-10 0.000000e+00 0.000000e+00
-1.852070e-10 0.000000e+00 0.000000e+00
6.028077e-10 0.000000e+00 0.000000e+00
1.499594e-10 0.000000e+00 0.000000e+00
4.596661e-10 0.000000e+00 0.000000e+00
-3.199171e-10 0.000000e+00 0.000000e+00
-4.672166e-10 0.000000e+00 0.000000e+00
8.888469e-11 0.000000e+00 0.000000e+00
1.847916e-10 0.000000e+00 0.000000e+00
3.241253e-10 0.000000e+00 0.000000e+00
-1.008942e-10 0.000000e+00 0.000000e+00
-2.067930e-10 0.000000e+00 0.000000e+00
-5.984737e-10 0.000000e+00 0.000000e+00
4.475223e-10 0.000000e+00 0.000000e+00
-6.875980e-11 0.000000e+00 0.000000e+00
3.838976e-10 0.000000e+00 0.000000e+00
-2.758908e-10 0.000000e+00 0.000000e+00
-3.628916e-10 0.000000e+00 0.000000e+00
-1.898839e-10 0.000000e+00 0.000000e+00
-6.790969e-10 0.000000e+00 0.000000e+00
5.914905e-10 0.000000e+00 0.000000e+00
2.202503e-10 0.000000e+00 0.000000e+00
-1.022903e-10 0.000000e+00 0.000000e+00
3.806236e-10 0.000000e+00 0.000000e+00
2.187524e-10 0.000000e+00 0.000000e+00
3.273053e-10 0.000000e+00 0.000000e+00
1.152681e-10 0.000000e+00 0.000000e+00
1.859466e-10 0.000000e+00 0.000000e+00
-4.350432e-10 0.000000e+00 0.000000e+00
-1.113580e-10 0.000000e+00 0.000000e+00
-2.602404e-11 0.000000e+00 0.000000e+00
-4.973989e-11 0.000000e+00 0.000000e+00
-8.828079e-11 0.000000e+00 0.000000e+00
2.599724e-10 0.000000e+00 0.000000e+00
-1.473163e-10 0.000000e+00 0.000000e+00
5.437804e-10 0.000000e+00 0.000000e+00
-2.909460e-10 0.000000e+00 0.000000e+00
1.165720e-10 0.000000e+00 0.000000e+00
2.315800e-10 0.000000e+00 0.000000e+00
-4.199799e-10 0.000000e+00 0.000000e+00
-5.875075e-10 0.000000e+00 0.000000e+00
5.975122e-10 0.000000e+00 0.000000e+00
6.199751e-10 0.000000e+00 0.000000e+00
3.554077e-11 0.000000e+00 0.000000e+00
-1.666449e-10 0.000000e+00 0.000000e+00
2.655275e-10 0.000000e+00 0.000000e+00
2.601002e-10 0.000000e+00 0.000000e+00
1.380921e-10 0.000000e+00 0.000000e+00
4.669131e-10 0.000000e+00 0.000000e+00
-3.273644e-10 0.000000e+00 0.000000e+00
1.574973e-10 0.000000e+00 0.000000e+00
-1.055774e-11 0.000000e+00 0.000000e+00
1.367569e-10 0.000000e+00 0.000000e+00
1.143022e-10 0.000000e+00 0.000000e+00
3.399965e-10 0.000000e+00 0.000000e+00
-5.902373e-10 0.000000e+00 0.000000e+00
-3.921504e-10 0.000000e+00 0.000000e+00
-8.145779e-11 0.000000e+00 0.000000e+00
1.741197e-10 0.000000e+00 0.000000e+00
2.225377e-10 0.000000e+00 0.000000e+00
-5.814215e-10 0.000000e+00 0.000000e+00
1.444285e-10 0.000000e+00 0.000000e+00
9.793436e-11 0.000000e+00 0.000000e+00
-1.484562e-11 0.000000e+00 0.000000e+00
-4.711844e-10 0.000000e+00 0.000000e+00
-3.076985e-10 0.000000e+00 0.000000e+00
2.197176e-10 0.000000e+00 0.000000e+00
-9.026153e-11 0.000000e+00 0.000000e+00
-8.448007e-11 0.000000e+00 0.000000e+00
-3.123555e-10 0.000000e+00 0.000000e+00
-6.718898e-11 0.000000e+00 0.000000e+00
-3.222956e-10 0.000000e+00 0.000000e+00
1.203413e-10 0.000000e+00 0.000000e+00
2.820542e-10 0.000000e+00 0.000000e+00
1.239260e-10 0.000000e+00 0.000000e+00
-5.239665e-11 0.000000e+00 0.000000e+00
5.289310e-10 0.000000e+00 0.000000e+00
1.034822e-10 0.000000e+00 0.000000e+00
-7.993531e-10 0.000000e+00 0.000000e+00
-1.187642e-10 0.000000e+00 0.000000e+00
-6.343789e-11 0.000000e+00 0.000000e+00
-1.018737e-10 0.000000e+00 0.000000e+00
-3.569255e-11 0.000000e+00 0.000000e+00
6.027528e-10 0.000000e+00 0.000000e+00
-9.963056e-11 0.000000e+00 0.000000e+00
5.444802e-10 0.000000e+00 0.000000e+00
1.210504e-10 0.000000e+00 0.000000e+00
-1.418656e-10 0.000000e+00 0.000000e+00
3.286825e-11 0.000000e+00 0.000000e+00
-6.408719e-11 0.000000e+00 0.000000e+00
-7.678959e-11 0.000000e+00 0.000000e+00
1.048864e-10 0.000000e+00 0.000000e+00
-1.066605e-10 0.000000e+00 0.000000e+00
-5.590111e-10 0.000000e+00 0.000000e+00
-8.212216e-10 0.000000e+00 0.000000e+00
-1.770952e-10 0.000000e+00 0.000000e+00
-2.732830e-10 0.000000e+00 0.000000e+00
3.321726e-10 0.000000e+00 0.000000e+00
2.388822e-10 0.000000e+00 0.000000e+00
2.306298e-10 0.000000e+00 0.000000e+00
4.409802e-10 0.000000e+00 0.000000e+00
1.394942e-10 0.000000e+00 0.000000e+00
2.962204e-10 0.000000e+00 0.000000e+00
1.855566e-10 0.000000e+00 0.000000e+00
-3.271831e-10 0.000000e+00 0.000000e+00
-1.426904e-10 0.000000e+00 0.000000e+00
2.569083e-10 0.000000e+00 0.000000e+00
1.298527e-10 0.000000e+00 0.000000e+00
2.917338e-10 0.000000e+00 0.000000e+00
-1.807764e-10 0.000000e+00 0.000000e+00
5.093547e-10 0.000000e+00 0.000000e+00
-4.811394e-11 0.000000e+00 0.000000e+00
-8.341987e-10 0.000000e+00 0.000000e+00
1.217189e-10 0.000000e+00 0.000000e+00
-6.457408e-10 0.000000e+00 0.000000e+00
-8.311485e-11 0.000000e+00 0.000000e+00
5.095456e-10 0.000000e+00 0.000000e+00
-1.258558e-10 0.000000e+00 0.000000e+00
-1.203174e-10 0.000000e+00 0.000000e+00
1.424629e-10 0.000000e+00 0.000000e+00
3.016103e-10 0.000000e+00 0.000000e+00
7.377026e-11 0.000000e+00 0.000000e+00
-1.404119e-10 0.000000e+00 0.000000e+00
4.573372e-10 0.000000e+00 0.000000e+00
2.848330e-10 0.000000e+00 0.000000e+00
-2.364067e-10 0.000000e+00 0.000000e+00
3.704094e-10 0.000000e+00 0.000000e+00
-7.381242e-11 0.000000e+00 0.000000e+00
1.207281e-10 0.000000e+00 0.000000e+00
5.315519e-11 0.000000e+00 0.000000e+00
5.329178e-10 0.000000e+00 0.000000e+00
-4.279528e-11 0.000000e+00 0.000000e+00
3.811166e-10 0.000000e+00 0.000000e+00
1.838170e-10 0.000000e+00 0.000000e+00
-8.399721e-10 0.000000e+00 0.000000e+00
1.355190e-11 0.000000e+00 0.000000e+00
-2.251219e-10 0.000000e+00 0.000000e+00
-3.430325e-10 0.000000e+00 0.000000e+00
6.320711e-10 0.000000e+00 0.000000e+00
1.142963e-10 0.000000e+00 0.000000e+00
1.891488e-10 0.000000e+00 0.000000e+00
-1.433398e-10 0.000000e+00 0.000000e+00
2.426153e-10 0.000000e+00 0.000000e+00
-3.413891e-10 0.000000e+00 0.000000e+00
5.057186e-10 0.000000e+00 0.000000e+00
-1.047291e-10 0.000000e+00 0.000000e+00
2.756986e-10 0.000000e+00 0.000000e+00
-5.835818e-10 0.000000e+00 0.000000e+00
8.965315e-11 0.000000e+00 0.000000e+00
2.318835e-10 0.000000e+00 0.000000e+00
6.000172e-10 0.000000e+00 0.000000e+00
-3.088837e-10 0.000000e+00 0.000000e+00
-8.571974e-10 0.000000e+00 0.000000e+00
-1.950363e-10 0.000000e+00 0.000000e+00
1.214071e-10 0.000000e+00 0.000000e+00
-8.770679e-11 0.000000e+00 0.000000e+00
4.947157e-10 0.000000e+00 0.000000e+00
-3.043479e-10 0.000000e+00 0.000000e+00
-3.788639e-10 0.000000e+00 0.000000e+00
1.975889e-10 0.000000e+00 0.000000e+00
1.748280e-10 0.000000e+00 0.000000e+00
9.758243e-11 0.000000e+00 0.000000e+00
-4.702291e-10 0.000000e+00 0.000000e+00
-2.284427e-11 0.000000e+00 0.000000e+00
1.831095e-11 0.000000e+00 0.000000e+00
1.517747e-10 0.000000e+00 0.000000e+00
-4.685761e-10 0.000000e+00 0.000000e+00
1.283197e-10 0.000000e+00 0.000000e+00
3.960986e-10 0.000000e+00 0.000000e+00
-2.553575e-10 0.000000e+00 0.000000e+00
-4.819227e-10 0.000000e+00 0.000000e+00
-1.273107e-11 0.000000e+00 0.000000e+00
3.262204e-11 0.000000e+00 0.000000e+00
2.691018e-10 0.000000e+00 0.000000e+00
-2.359801e-10 0.000000e+00 0.000000e+00
5.959544e-11 0.000000e+00 0.000000e+00
-3.270076e-10 0.000000e+00 0.000000e+00
1.968929e-10 0.000000e+00 0.000000e+00
-2.238328e-11 0.000000e+00 0.000000e+00
-1.711218e-10 0.000000e+00 0.000000e+00
-1.877638e-10 0.000000e+00 0.000000e+00
-1.517436e-10 0.000000e+00 0.000000e+00
-5.642572e-10 0.000000e+00 0.000000e+00
-1.674568e-10 0.000000e+00 0.000000e+00
-5.412192e-10 0.000000e+00 0.000000e+00
2.498948e-11 0.000000e+00 0.000000e+00
-1.238452e-09 0.000000e+00 0.000000e+00
1.538431e-10 0.000000e+00 0.000000e+00
7.985845e-11 0.000000e+00 0.000000e+00
-5.702656e-10 0.000000e+00 0.000000e+00
-1.782109e-10 0.000000e+00 0.000000e+00
-2.430871e-10 0.000000e+00 0.000000e+00
-6.797815e-10 0.000000e+00 0.000000e+00
-1.196785e-10 0.000000e+00 0.000000e+00
-2.459796e-10 0.000000e+00 0.000000e+00
-3.986863e-10 0.000000e+00 0.000000e+00
1.717764e-11 0.000000e+00 0.000000e+00
-3.734035e-11 0.000000e+00 0.000000e+00
-5.387003e-10 0.000000e+00 0.000000e+00
-1.525947e-10 0.000000e+00 0.000000e+00
-4.305666e-10 0.000000e+00 0.000000e+00
-6.511024e-10 0.000000e+00 0.000000e+00
8.748077e-11 0.000000e+00 0.000000e+00
-2.221487e-10 0.000000e+00 0.000000e+00
-4.411771e-10 0.000000e+00 0.000000e+00
-1.674020e-10 0.000000e+00 0.000000e+00
-2.510815e-10 0.000000e+00 0.000000e+00
4.731719e-11 0.000000e+00 0.000000e+00
-7.573279e-11 0.000000e+00 0.000000e+00
-7.069136e-10 0.000000e+00 0.000000e+00
-2.383162e-10 0.000000e+00 0.000000e+00
1.081885e-10 0.000000e+00 0.000000e+00
-2.009264e-10 0.000000e+00 0.000000e+00
-3.791148e-10 0.000000e+00 0.000000e+00
-7.465236e-11 0.000000e+00 0.000000e+00
-4.452119e-10 0.000000e+00 0.000000e+00
-1.769611e-10 0.000000e+00 0.000000e+00
-4.544327e-10 0.000000e+00 0.000000e+00
-1.207251e-10 0.000000e+00 0.000000e+00
-9.447827e-11 0.000000e+00 0.000000e+00
-2.369312e-10 0.000000e+00 0.000000e+00
-6.115189e-10 0.000000e+00 0.000000e+00
4.022360e-11 0.000000e+00 0.000000e+00
9.721929e-11 0.000000e+00 0.000000e+00
-5.744019e-11 0.000000e+00 0.000000e+00
8.007629e-11 0.000000e+00 0.000000e+00
5.457994e-11 0.000000e+00 0.000000e+00
2.770993e-11 0.000000e+00 0.000000e+00
-1.543287e-10 0.000000e+00 0.000000e+00
-6.856797e-10 0.000000e+00 0.000000e+00
-3.788192e-11 0.000000e+00 0.000000e+00
-1.270641e-10 0.000000e+00 0.000000e+00
-4.873331e-11 0.000000e+00 0.000000e+00
-6.276241e-10 0.000000e+00 0.000000e+00
-1.140639e-10 0.000000e+00 0.000000e+00
1.145487e-10 0.000000e+00 0.000000e+00
-2.583638e-10 0.000000e+00 0.000000e+00
1.248811e-10 0.000000e+00 0.000000e+00
-2.225630e-12 0.000000e+00 0.000000e+00
-4.212584e-10 0.000000e+00 0.000000e+00
-3.675499e-10 0.000000e+00 0.000000e+00
-1.925799e-10 0.000000e+00 0.000000e+00
2.271482e-11 0.000000e+00 0.000000e+00
-1.796693e-11 0.000000e+00 0.000000e+00
-6.243959e-10 0.000000e+00 0.000000e+00
9.634548e-11 0.000000e+00 0.000000e+00
-5.080548e-11 0.000000e+00 0.000000e+00
-3.095514e-11 0.000000e+00 0.000000e+00
-9.304301e-11 0.000000e+00 0.000000e+00
-7.603888e-11 0.000000e+00 0.000000e+00
-4.283703e-10 0.000000e+00 0.000000e+00
6.256342e-11 0.000000e+00 0.000000e+00
3.731356e-11 0.000000e+00 0.000000e+00
-4.327682e-10 0.000000e+00 0.000000e+00
-4.570300e-11 0.000000e+00 0.000000e+00
-8.661541e-11 0.000000e+00 0.000000e+00
-5.680375e-11 0.000000e+00 0.000000e+00
2.098919e-12 0.000000e+00 0.000000e+00
-5.903593e-10 0.000000e+00 0.000000e+00
-1.345655e-11 0.000000e+00 0.000000e+00
-1.310127e-10 0.000000e+00 0.000000e+00
-3.196242e-11 0.000000e+00 0.000000e+00
-1.510482e-10 0.000000e+00 0.000000e+00
-3.960278e-10 0.000000e+00 0.000000e+00
-2.559730e-10 0.000000e+00 0.000000e+00
-2.796307e-10 0.000000e+00 0.000000e+00
-5.669932e-10 0.000000e+00 0.000000e+00
-2.147186e-11 0.000000e+00 0.000000e+00
-2.016216e-10 0.000000e+00 0.000000e+00
7.918045e-11 0.000000e+00 0.000000e+00
-6.825287e-10 0.000000e+00 0.000000e+00
-6.976840e-11 0.000000e+00 0.000000e+00
-5.363238e-10 0.000000e+00 0.000000e+00
-1.892003e-10 0.000000e+00 0.000000e+00
4.574826e-12 0.000000e+00 0.000000e+00
-3.561559e-10 0.000000e+00 0.000000e+00
-7.967166e-10 0.000000e+00 0.000000e+00
-1.002514e-10 0.000000e+00 0.000000e+00
1.084695e-10 0.000000e+00 0.000000e+00
-1.839332e-10 0.000000e+00 0.000000e+00
-4.352709e-10 0.000000e+00 0.000000e+00
-3.315625e-10 0.000000e+00 0.000000e+00
-1.320791e-10 0.000000e+00 0.000000e+00
-4.605238e-10 0.000000e+00 0.000000e+00
-1.562705e-10 0.000000e+00 0.000000e+00
-5.410375e-10 0.000000e+00 0.000000e+00
-1.182324e-10 0.000000e+00 0.000000e+00
-5.763440e-10 0.000000e+00 0.000000e+00
-8.921586e-10 0.000000e+00 0.000000e+00
-1.017441e-11 0.000000e+00 0.000000e+00
-2.030374e-10 0.000000e+00 0.000000e+00
-3.130183e-11 0.000000e+00 0.000000e+00
9.734201e-12 0.000000e+00 0.000000e+00
1.234110e-10 0.000000e+00 0.000000e+00
1.342870e-10 0.000000e+00 0.000000e+00
8.513219e-11 0.000000e+00 0.000000e+00
-3.268622e-11 0.000000e+00 0.000000e+00
-2.636850e-10 0.000000e+00 0.000000e+00
-4.508179e-11 0.000000e+00 0.000000e+00
-2.579859e-10 0.000000e+00 0.000000e+00
1.217233e-11 0.000000e+00 0.000000e+00
1.075780e-10 0.000000e+00 0.000000e+00
1.075898e-10 0.000000e+00 0.000000e+00
-1.653709e-10 0.000000e+00 0.000000e+00
-2.125301e-11 0.000000e+00 0.000000e+00
-3.113012e-11 0.000000e+00 0.000000e+00
9.826053e-11 0.000000e+00 0.000000e+00
-7.518515e-10 0.000000e+00 0.000000e+00
-3.182596e-10 0.000000e+00 0.000000e+00
-9.348941e-11 0.000000e+00 0.000000e+00
-8.477514e-11 0.000000e+00 0.000000e+00
-1.559419e-10 0.000000e+00 0.000000e+00
-2.455179e-12 0.000000e+00 0.000000e+00
-1.654255e-11 0.000000e+00 0.000000e+00
-2.607417e-10 0.000000e+00 0.000000e+00
-8.522335e-11 0.000000e+00 0.000000e+00
2.617156e-11 0.000000e+00 0.000000e+00
3.741560e-11 0.000000e+00 0.000000e+00
-4.447794e-10 0.000000e+00 0.000000e+00
1.458032e-10 0.000000e+00 0.000000e+00
-1.074408e-09 0.000000e+00 0.000000e+00
-4.849372e-10 0.000000e+00 0.000000e+00
-1.478132e-10 0.000000e+00 0.000000e+00
-2.923464e-10 0.000000e+00 0.000000e+00
-6.445148e-11 0.000000e+00 0.000000e+00
-2.243092e-10 0.000000e+00 0.000000e+00
-3.646697e-10 0.000000e+00 0.000000e+00
-3.375571e-11 0.000000e+00 0.000000e+00
6.600197e-11 0.000000e+00 0.000000e+00
1.441514e-10 0.000000e+00 0.000000e+00
-1.675051e-10 0.000000e+00 0.000000e+00
-1.800122e-11 0.000000e+00 0.000000e+00
-1.632593e-11 0.000000e+00 0.000000e+00
1.018682e-11 0.000000e+00 0.000000e+00
6.304751e-11 0.000000e+00 0.000000e+00
-1.468410e-10 0.000000e+00 0.000000e+00
3.623118e-12 0.000000e+00 0.000000e+00
-4.860932e-11 0.000000e+00 0.000000e+00
-9.071641e-10 0.000000e+00 0.000000e+00
-3.801967e-10 0.000000e+00 0.000000e+00
-4.331718e-10 0.000000e+00 0.000000e+00
-1.815033e-10 0.000000e+00 0.000000e+00
1.030364e-11 0.000000e+00 0.000000e+00
-4.307577e-10 0.000000e+00 0.000000e+00
1.215104e-10 0.000000e+00 0.000000e+00
7.224787e-11 0.000000e+00 0.000000e+00
-1.095929e-10 0.000000e+00 0.000000e+00
-8.479936e-11 0.000000e+00 0.000000e+00
1.118611e-10 0.000000e+00 0.000000e+00
5.538858e-11 0.000000e+00 0.000000e+00
7.783440e-11 0.000000e+00 0.000000e+00
-4.024130e-10 0.000000e+00 0.000000e+00
-2.226879e-10 0.000000e+00 0.000000e+00
1.360158e-11 0.000000e+00 0.000000e+00
-3.256871e-10 0.000000e+00 0.000000e+00
-2.080648e-10 0.000000e+00 0.000000e+00
8.260091e-11 0.000000e+00 0.000000e+00
-1.780932e-10 0.000000e+00 0.000000e+00
7.948013e-11 0.000000e+00 0.000000e+00
-9.588582e-11 0.000000e+00 0.000000e+00
-4.246301e-10 0.000000e+00 0.000000e+00
-5.574193e-10 0.000000e+00 0.000000e+00
-5.444884e-10 0.000000e+00 0.000000e+00
-2.116231e-10 0.000000e+00 0.000000e+00
-1.387884e-09 0.000000e+00 0.000000e+00
-2.621034e-10 0.000000e+00 0.000000e+00
-5.371161e-10 0.000000e+00 0.000000e+00
-7.905556e-10 0.000000e+00 0.000000e+00
-1.869812e-11 0.000000e+00 0.000000e+00
1.592673e-10 0.000000e+00 0.000000e+00
-3.256208e-10 0.000000e+00 0.000000e+00
-2.275558e-11 0.000000e+00 0.000000e+00
4.746943e-11 0.000000e+00 0.000000e+00
-9.702481e-10 0.000000e+00 0.000000e+00
-3.551236e-10 0.000000e+00 0.000000e+00
-9.627386e-11 0.000000e+00 0.000000e+00
-4.806026e-10 0.000000e+00 0.000000e+00
1.249065e-11 0.000000e+00 0.000000e+00
3.745395e-11 0.000000e+00 0.000000e+00
1.343246e-10 0.000000e+00 0.000000e+00
-4.190226e-12 0.000000e+00 0.000000e+00
-2.523031e-10 0.000000e+00 0.000000e+00
-4.202691e-11 0.000000e+00 0.000000e+00
6.945374e-11 0.000000e+00 0.000000e+00
9.930608e-11 0.000000e+00 0.000000e+00
-2.434408e-11 0.000000e+00 0.000000e+00
-4.923571e-10 0.000000e+00 0.000000e+00
-4.347908e-10 0.000000e+00 0.000000e+00
-3.010261e-10 0.000000e+00 0.000000e+00
-8.619503e-11 0.000000e+00 0.000000e+00
-4.958779e-10 0.000000e+00 0.000000e+00
1.619274e-11 0.000000e+00 0.000000e+00
-5.612605e-10 0.000000e+00 0.000000e+00
-2.694515e-10 0.000000e+00 0.000000e+00
3.334939e-12 0.000000e+00 0.000000e+00
-1.581566e-11 0.000000e+00 0.000000e+00
-1.327823e-10 0.000000e+00 0.000000e+00
-1.096423e-10 0.000000e+00 0.000000e+00
-2.557514e-10 0.000000e+00 0.000000e+00
-1.504937e-11 0.000000e+00 0.000000e+00
-4.811184e-10 0.000000e+00 0.000000e+00
-3.213692e-10 0.000000e+00 0.000000e+00
-3.460037e-10 0.000000e+00 0.000000e+00
-1.882593e-10 0.000000e+00 0.000000e+00
-5.033488e-10 0.000000e+00 0.000000e+00
-9.046619e-11 0.000000e+00 0.000000e+00
8.581499e-11 0.000000e+00 0.000000e+00
-2.228171e-10 0.000000e+00 0.000000e+00
-1.771485e-10 0.000000e+00 0.000000e+00
-1.287967e-11 0.000000e+00 0.000000e+00
-3.139159e-10 0.000000e+00 0.000000e+00
-5.098881e-10 0.000000e+00 0.000000e+00
-8.788852e-10 0.000000e+00 0.000000e+00
1.914594e-11 0.000000e+00 0.000000e+00
-1.173746e-10 0.000000e+00 0.000000e+00
-1.175090e-10 0.000000e+00 0.000000e+00
-8.426391e-10 0.000000e+00 0.000000e+00
-2.550095e-10 0.000000e+00 0.000000e+00
-7.797574e-10 0.000000e+00 0.000000e+00
-5.549894e-10 0.000000e+00 0.000000e+00
8.521505e-12 0.000000e+00 0.000000e+00
-1.902495e-10 0.000000e+00 0.000000e+00
-2.429688e-10 0.000000e+00 0.000000e+00
-4.596108e-10 0.000000e+00 0.000000e+00
-3.739459e-10 0.000000e+00 0.000000e+00
-8.124505e-11 0.000000e+00 0.000000e+00
-1.066563e-10 0.000000e+00 0.000000e+00
-3.244598e-10 0.000000e+00 0.000000e+00
5.026147e-11 0.000000e+00 0.000000e+00
-9.612974e-11 0.000000e+00 0.000000e+00
-5.530300e-10 0.000000e+00 0.000000e+00
-5.399098e-10 0.000000e+00 0.000000e+00
-3.328967e-10 0.000000e+00 0.000000e+00
-1.274003e-10 0.000000e+00 0.000000e+00
-6.799986e-10 0.000000e+00 0.000000e+00
-2.283618e-10 0.000000e+00 0.000000e+00
-3.835875e-10 0.000000e+00 0.000000e+00
6.105932e-11 0.000000e+00 0.000000e+00
-9.234978e-10 0.000000e+00 0.000000e+00
-4.384107e-10 0.000000e+00 0.000000e+00
-3.638446e-10 0.000000e+00 0.000000e+00
-1.325843e-10 0.000000e+00 0.000000e+00
-1.609480e-10 0.000000e+00 0.000000e+00
7.389445e-11 0.000000e+00 0.000000e+00
-2.029981e-10 0.000000e+00 0.000000e+00
-5.590425e-10 0.000000e+00 0.000000e+00
-4.026346e-10 0.000000e+00 0.000000e+00
1.306144e-10 0.000000e+00 0.000000e+00
5.026843e-11 0.000000e+00 0.000000e+00
-4.235957e-11 0.000000e+00 0.000000e+00
-6.040949e-11 0.000000e+00 0.000000e+00
-5.323915e-10 0.000000e+00 0.000000e+00
-7.362100e-11 0.000000e+00 0.000000e+00
1.102308e-10 0.000000e+00 0.000000e+00
-2.329397e-10 0.000000e+00 0.000000e+00
7.055961e-11 0.000000e+00 0.000000e+00
-8.227090e-11 0.000000e+00 0.000000e+00
1.036953e-11 0.000000e+00 0.000000e+00
1.404204e-10 0.000000e+00 0.000000e+00
-5.263942e-11 0.000000e+00 0.000000e+00
-9.036247e-11 0.000000e+00 0.000000e+00
-2.164470e-12 0.000000e+00 0.000000e+00
7.917130e-11 0.000000e+00 0.000000e+00
-6.186307e-10 0.000000e+00 0.000000e+00
-2.014475e-10 0.000000e+00 0.000000e+00
6.470620e-11 0.000000e+00 0.000000e+00
-3.941218e-10 0.000000e+00 0.000000e+00
-2.652178e-10 0.000000e+00 0.000000e+00
3.057952e-11 0.000000e+00 0.000000e+00
1.201425e-10 0.000000e+00 0.000000e+00
3.121384e-11 0.000000e+00 0.000000e+00
-1.376177e-10 0.000000e+00 0.000000e+00
-5.267211e-11 0.000000e+00 0.000000e+00
-2.731301e-10 0.000000e+00 0.000000e+00
1.322945e-10 0.000000e+00 0.000000e+00
6.195088e-13 0.000000e+00 0.000000e+00
-2.218679e-10 0.000000e+00 0.000000e+00
-2.272265e-10 0.000000e+00 0.000000e+00
-5.753137e-11 0.000000e+00 0.000000e+00
-4.882965e-10 0.000000e+00 0.000000e+00
1.178125e-10 0.000000e+00 0.000000e+00
-2.853124e-10 0.000000e+00 0.000000e+00
7.582817e-11 0.000000e+00 0.000000e+00
-3.661375e-10 0.000000e+00 0.000000e+00
-1.693954e-10 0.000000e+00 0.000000e+00
-2.544425e-10 0.000000e+00 0.000000e+00
-1.110324e-10 0.000000e+00 0.000000e+00
-7.895498e-11 0.000000e+00 0.000000e+00
-4.595005e-10 0.000000e+00 0.000000e+00
-1.710851e-10 0.000000e+00 0.000000e+00
-7.773330e-10 0.000000e+00 0.000000e+00
-2.073167e-10 0.000000e+00 0.000000e+00
1.107483e-10 0.000000e+00 0.000000e+00
-5.743031e-11 0.000000e+00 0.000000e+00
-3.926138e-10 0.000000e+00 0.000000e+00
9.871779e-11 0.000000e+00 0.000000e+00
8.007735e-11 0.000000e+00 0.000000e+00
-6.022800e-11 0.000000e+00 0.000000e+00
-2.469178e-10 0.000000e+00 0.000000e+00
-2.652014e-10 0.000000e+00 0.000000e+00
-3.582788e-11 0.000000e+00 0.000000e+00
-9.431600e-11 0.000000e+00 0.000000e+00
-1.298229e-11 0.000000e+00 0.000000e+00
-6.983377e-10 0.000000e+00 0.000000e+00
-2.676429e-10 0.000000e+00 0.000000e+00
1.941449e-11 0.000000e+00 0.000000e+00
-1.104624e-10 0.000000e+00 0.000000e+00
-4.356093e-10 0.000000e+00 0.000000e+00
-1.238512e-09 0.000000e+00 0.000000e+00
1.319678e-10 0.000000e+00 0.000000e+00
-1.724942e-10 0.000000e+00 0.000000e+00
-6.320716e-11 0.000000e+00 0.000000e+00
3.836263e-11 0.000000e+00 0.000000e+00
-4.039206e-10 0.000000e+00 0.000000e+00
-1.594040e-10 0.000000e+00 0.000000e+00
-6.834858e-10 0.000000e+00 0.000000e+00
-2.667395e-13 0.000000e+00 0.000000e+00
-5.171153e-11 0.000000e+00 0.000000e+00
2.704297e-11 0.000000e+00 0.000000e+00
-5.373820e-13 0.000000e+00 0.000000e+00
-2.855554e-10 0.000000e+00 0.000000e+00
6.201908e-11 0.000000e+00 0.000000e+00
-7.218378e-11 0.000000e+00 0.000000e+00
-2.960870e-10 0.000000e+00 0.000000e+00
-1.770911e-10 0.000000e+00 0.000000e+00
-2.747301e-10 0.000000e+00 0.000000e+00
-1.507364e-11 0.000000e+00 0.000000e+00
-3.566216e-10 0.000000e+00 0.000000e+00
-3.669140e-10 0.000000e+00 0.000000e+00
-1.382511e-10 0.000000e+00 0.000000e+00
-6.886777e-11 0.000000e+00 0.000000e+00
-5.231717e-12 0.000000e+00 0.000000e+00
6.100046e-12 0.000000e+00 0.000000e+00
-4.887312e-10 0.000000e+00 0.000000e+00
-4.027635e-10 0.000000e+00 0.000000e+00
-9.561915e-11 0.000000e+00 0.000000e+00
-2.150091e-10 0.000000e+00 0.000000e+00
1.055652e-10 0.000000e+00 0.000000e+00
-2.356716e-10 0.000000e+00 0.000000e+00
-1.616650e-10 0.000000e+00 0.000000e+00
-7.660410e-10 0.000000e+00 0.000000e+00
-3.425722e-10 0.000000e+00 0.000000e+00
-2.330122e-10 0.000000e+00 0.000000e+00
-2.657915e-11 0.000000e+00 0.000000e+00
-5.604852e-10 0.000000e+00 0.000000e+00
-1.164212e-09 0.000000e+00 0.000000e+00
-3.163980e-10 0.000000e+00 0.000000e+00
-2.477999e-10 0.000000e+00 0.000000e+00
1.472891e-10 0.000000e+00 0.000000e+00
-1.911277e-11 0.000000e+00 0.000000e+00
5.314635e-11 0.000000e+00 0.000000e+00
-5.126377e-10 0.000000e+00 0.000000e+00
-4.339835e-11 0.000000e+00 0.000000e+00
-2.148488e-10 0.000000e+00 0.000000e+00
-6.598364e-10 0.000000e+00 0.000000e+00
3.369177e-11 0.000000e+00 0.000000e+00
1.422834e-10 0.000000e+00 0.000000e+00
-7.554899e-12 0.000000e+00 0.000000e+00
1.473509e-11 0.000000e+00 0.000000e+00
-3.381979e-10 0.000000e+00 0.000000e+00
-5.386834e-10 0.000000e+00 0.000000e+00
1.040252e-10 0.000000e+00 0.000000e+00
-9.276887e-10 0.000000e+00 0.000000e+00
-3.009839e-11 0.000000e+00 0.000000e+00
-5.712742e-11 0.000000e+00 0.000000e+00
8.863004e-11 0.000000e+00 0.000000e+00
-1.766642e-10 0.000000e+00 0.000000e+00
-7.370118e-10 0.000000e+00 0.000000e+00
1.055526e-10 0.000000e+00 0.000000e+00
6.951372e-11 0.000000e+00 0.000000e+00
-2.895751e-11 0.000000e+00 0.000000e+00
-2.798177e-10 0.000000e+00 0.000000e+00
-5.194425e-10 0.000000e+00 0.000000e+00
1.002168e-10 0.000000e+00 0.000000e+00
-1.113845e-09 0.000000e+00 0.000000e+00
1.447535e-10 0.000000e+00 0.000000e+00
-1.025311e-10 0.000000e+00 0.000000e+00
-2.313344e-10 0.000000e+00 0.000000e+00
-1.063933e-10 0.000000e+00 0.000000e+00
1.383944e-11 0.000000e+00 0.000000e+00
9.969980e-11 0.000000e+00 0.000000e+00
-6.358960e-10 0.000000e+00 0.000000e+00
-6.398485e-10 0.000000e+00 0.000000e+00
-9.666773e-10 0.000000e+00 0.000000e+00
-2.393888e-10 0.000000e+00 0.000000e+00
8.577357e-11 0.000000e+00 0.000000e+00
1.342196e-10 0.000000e+00 0.000000e+00
-1.366756e-10 0.000000e+00 0.000000e+00
2.064326e-11 0.000000e+00 0.000000e+00
-3.830812e-10 0.000000e+00 0.000000e+00
-4.128716e-10 0.000000e+00 0.000000e+00
-1.806005e-10 0.000000e+00 0.000000e+00
6.587720e-11 0.000000e+00 0.000000e+00
2.556905e-12 0.000000e+00 0.000000e+00
1.589561e-10 0.000000e+00 0.000000e+00
-2.174807e-11 0.000000e+00 0.000000e+00
-3.090199e-10 0.000000e+00 0.000000e+00
-1.225639e-11 0.000000e+00 0.000000e+00
1.318022e-10 0.000000e+00 0.000000e+00
6.433956e-11 0.000000e+00 0.000000e+00
-4.737157e-10 0.000000e+00 0.000000e+00
-3.103106e-10 0.000000e+00 0.000000e+00
-7.402019e-10 0.000000e+00 0.000000e+00
-1.785348e-10 0.000000e+00 0.000000e+00
-1.775401e-10 0.000000e+00 0.000000e+00
5.378028e-11 0.000000e+00 0.000000e+00
1.470996e-10 0.000000e+00 0.000000e+00
-8.274680e-10 0.000000e+00 0.000000e+00
-1.476468e-11 0.000000e+00 0.000000e+00
-4.188317e-10 0.000000e+00 0.000000e+00
-2.342802e-10 0.000000e+00 0.000000e+00
6.418871e-11 0.000000e+00 0.000000e+00
-5.237413e-10 0.000000e+00 0.000000e+00
-1.899843e-10 0.000000e+00 0.000000e+00
-9.961660e-10 0.000000e+00 0.000000e+00
-9.618718e-11 0.000000e+00 0.000000e+00
-2.730648e-10 0.000000e+00 0.000000e+00
-9.538418e-11 0.000000e+00 0.000000e+00
3.050883e-11 0.000000e+00 0.000000e+00
-2.229030e-10 0.000000e+00 0.000000e+00
-1.656733e-10 0.000000e+00 0.000000e+00
-5.284108e-11 0.000000e+00 0.000000e+00
-8.064201e-12 0.000000e+00 0.000000e+00
-5.612605e-11 0.000000e+00 0.000000e+00
-6.071411e-10 0.000000e+00 0.000000e+00
-5.914821e-11 0.000000e+00 0.000000e+00
-2.209188e-10 0.000000e+00 0.000000e+00
-1.127776e-09 0.000000e+00 0.000000e+00
1.361479e-10 0.000000e+00 0.000000e+00
1.647388e-10 0.000000e+00 0.000000e+00
-7.110936e-10 0.000000e+00 0.000000e+00
-1.212565e-10 0.000000e+00 0.000000e+00
-7.868018e-11 0.000000e+00 0.000000e+00
-1.671573e-13 0.000000e+00 0.000000e+00
1.170860e-10 0.000000e+00 0.000000e+00
-3.439174e-10 0.000000e+00 0.000000e+00
-2.739842e-10 0.000000e+00 0.000000e+00
-8.051579e-11 0.000000e+00 0.000000e+00
1.597049e-10 0.000000e+00 0.000000e+00
1.540265e-11 0.000000e+00 0.000000e+00
-5.291937e-10 0.000000e+00 0.000000e+00
7.194687e-11 0.000000e+00 0.000000e+00
-1.799101e-10 0.000000e+00 0.000000e+00
1.332492e-10 0.000000e+00 0.000000e+00
-1.345098e-10 0.000000e+00 0.000000e+00
-7.835684e-10 0.000000e+00 0.000000e+00
1.111022e-10 0.000000e+00 0.000000e+00
-3.062867e-10 0.000000e+00 0.000000e+00
-2.780508e-10 0.000000e+00 0.000000e+00
-2.100973e-10 0.000000e+00 0.000000e+00
-3.601735e-10 0.000000e+00 0.000000e+00
-3.280063e-10 0.000000e+00 0.000000e+00
-2.649396e-12 0.000000e+00 0.000000e+00
-7.079974e-11 0.000000e+00 0.000000e+00
-3.395915e-10 0.000000e+00 0.000000e+00
-8.433428e-11 0.000000e+00 0.000000e+00
-2.089942e-10 0.000000e+00 0.000000e+00
