pX pY pZ 
2.462057e-13 0.000000e+00 0.000000e+00
-1.309521e-13 0.000000e+00 0.000000e+00
-8.443531e-15 0.000000e+00 0.000000e+00
-3.609485e-13 0.000000e+00 0.000000e+00
-1.145152e-13 0.000000e+00 0.000000e+00
1.826361e-14 0.000000e+00 0.000000e+00
1.123760e-13 0.000000e+00 0.000000e+00
1.475923e-13 0.000000e+00 0.000000e+00
-7.711874e-14 0.000000e+00 0.000000e+00
1.582822e-14 0.000000e+00 0.000000e+00
-2.080888e-13 0.000000e+00 0.000000e+00
-3.320968e-13 0.000000e+00 0.000000e+00
-9.154031e-14 0.000000e+00 0.000000e+00
-1.020416e-13 0.000000e+00 0.000000e+00
2.871804e-13 0.000000e+00 0.000000e+00
-3.656688e-14 0.000000e+00 0.000000e+00
7.135811e-14 0.000000e+00 0.000000e+00
1.632769e-13 0.000000e+00 0.000000e+00
2.293291e-13 0.000000e+00 0.000000e+00
5.813091e-14 0.000000e+00 0.000000e+00
9.149841e-14 0.000000e+00 0.000000e+00
5.778622e-14 0.000000e+00 0.000000e+00
1.064725e-13 0.000000e+00 0.000000e+00
-1.260761e-14 0.000000e+00 0.000000e+00
4.794072e-14 0.000000e+00 0.000000e+00
-9.583129e-14 0.000000e+00 0.000000e+00
-3.850023e-13 0.000000e+00 0.000000e+00
2.475704e-13 0.000000e+00 0.000000e+00
2.412143e-13 0.000000e+00 0.000000e+00
-1.272595e-13 0.000000e+00 0.000000e+00
2.150436e-14 0.000000e+00 0.000000e+00
2.030080e-13 0.000000e+00 0.000000e+00
-1.442677e-13 0.000000e+00 0.000000e+00
1.469650e-15 0.000000e+00 0.000000e+00
-7.586629e-14 0.000000e+00 0.000000e+00
2.213871e-13 0.000000e+00 0.000000e+00
-1.137397e-13 0.000000e+00 0.000000e+00
7.827068e-14 0.000000e+00 0.000000e+00
-2.297764e-13 0.000000e+00 0.000000e+00
2.090236e-13 0.000000e+00 0.000000e+00
-2.475663e-13 0.000000e+00 0.000000e+00
2.044807e-14 0.000000e+00 0.000000e+00
3.274777e-13 0.000000e+00 0.000000e+00
6.161612e-14 0.000000e+00 0.000000e+00
1.114746e-13 0.000000e+00 0.000000e+00
-1.686463e-13 0.000000e+00 0.000000e+00
1.483312e-13 0.000000e+00 0.000000e+00
2.330529e-13 0.000000e+00 0.000000e+00
2.260715e-13 0.000000e+00 0.000000e+00
7.995763e-14 0.000000e+00 0.000000e+00
-2.010474e-13 0.000000e+00 0.000000e+00
-2.697560e-14 0.000000e+00 0.000000e+00
-6.026051e-14 0.000000e+00 0.000000e+00
6.006670e-14 0.000000e+00 0.000000e+00
-9.984930e-15 0.000000e+00 0.000000e+00
1.783332e-13 0.000000e+00 0.000000e+00
7.925279e-14 0.000000e+00 0.000000e+00
-3.121764e-13 0.000000e+00 0.000000e+00
2.555087e-13 0.000000e+00 0.000000e+00
2.045074e-13 0.000000e+00 0.000000e+00
-4.222919e-13 0.000000e+00 0.000000e+00
-1.579043e-13 0.000000e+00 0.000000e+00
-9.980886e-15 0.000000e+00 0.000000e+00
2.838238e-13 0.000000e+00 0.000000e+00
4.429227e-14 0.000000e+00 0.000000e+00
7.504493e-14 0.000000e+00 0.000000e+00
1.242673e-13 0.000000e+00 0.000000e+00
-1.062449e-13 0.000000e+00 0.000000e+00
1.900978e-13 0.000000e+00 0.000000e+00
1.032479e-13 0.000000e+00 0.000000e+00
8.412445e-14 0.000000e+00 0.000000e+00
1.804845e-13 0.000000e+00 0.000000e+00
-1.712733e-13 0.000000e+00 0.000000e+00
-1.030554e-13 0.000000e+00 0.000000e+00
-5.336680e-14 0.000000e+00 0.000000e+00
-1.641849e-13 0.000000e+00 0.000000e+00
6.942296e-14 0.000000e+00 0.000000e+00
8.873314e-14 0.000000e+00 0.000000e+00
-1.841881e-13 0.000000e+00 0.000000e+00
3.456201e-14 0.000000e+00 0.000000e+00
-1.238860e-14 0.000000e+00 0.000000e+00
4.109023e-14 0.000000e+00 0.000000e+00
-2.008269e-13 0.000000e+00 0.000000e+00
-5.114173e-14 0.000000e+00 0.000000e+00
-2.178917e-14 0.000000e+00 0.000000e+00
7.605659e-15 0.000000e+00 0.000000e+00
6.793604e-14 0.000000e+00 0.000000e+00
-1.330860e-14 0.000000e+00 0.000000e+00
8.700307e-14 0.000000e+00 0.000000e+00
7.317691e-16 0.000000e+00 0.000000e+00
-3.312490e-13 0.000000e+00 0.000000e+00
-1.978299e-13 0.000000e+00 0.000000e+00
1.578101e-14 0.000000e+00 0.000000e+00
1.038726e-13 0.000000e+00 0.000000e+00
-2.152936e-13 0.000000e+00 0.000000e+00
2.743522e-13 0.000000e+00 0.000000e+00
-6.204418e-14 0.000000e+00 0.000000e+00
-3.454553e-14 0.000000e+00 0.000000e+00
-1.604562e-13 0.000000e+00 0.000000e+00
3.648880e-13 0.000000e+00 0.000000e+00
-4.191543e-14 0.000000e+00 0.000000e+00
2.443704e-13 0.000000e+00 0.000000e+00
-1.049408e-13 0.000000e+00 0.000000e+00
-4.341253e-13 0.000000e+00 0.000000e+00
-9.423215e-14 0.000000e+00 0.000000e+00
-5.268154e-14 0.000000e+00 0.000000e+00
-6.914339e-14 0.000000e+00 0.000000e+00
1.784274e-13 0.000000e+00 0.000000e+00
3.761723e-14 0.000000e+00 0.000000e+00
1.900992e-14 0.000000e+00 0.000000e+00
-4.751401e-14 0.000000e+00 0.000000e+00
2.714553e-13 0.000000e+00 0.000000e+00
-9.809258e-14 0.000000e+00 0.000000e+00
1.896356e-14 0.000000e+00 0.000000e+00
2.106397e-13 0.000000e+00 0.000000e+00
-2.897485e-13 0.000000e+00 0.000000e+00
-2.262667e-13 0.000000e+00 0.000000e+00
1.046375e-13 0.000000e+00 0.000000e+00
6.312629e-14 0.000000e+00 0.000000e+00
-5.068898e-14 0.000000e+00 0.000000e+00
-2.531724e-13 0.000000e+00 0.000000e+00
-7.023764e-14 0.000000e+00 0.000000e+00
2.568589e-14 0.000000e+00 0.000000e+00
-7.797895e-15 0.000000e+00 0.000000e+00
1.117440e-13 0.000000e+00 0.000000e+00
-1.577644e-13 0.000000e+00 0.000000e+00
-7.880706e-14 0.000000e+00 0.000000e+00
-3.629659e-13 0.000000e+00 0.000000e+00
-8.459362e-14 0.000000e+00 0.000000e+00
4.458445e-15 0.000000e+00 0.000000e+00
-6.635315e-15 0.000000e+00 0.000000e+00
-5.595488e-14 0.000000e+00 0.000000e+00
3.043297e-13 0.000000e+00 0.000000e+00
2.055744e-13 0.000000e+00 0.000000e+00
7.301686e-14 0.000000e+00 0.000000e+00
-1.943743e-13 0.000000e+00 0.000000e+00
-1.670535e-13 0.000000e+00 0.000000e+00
-4.009112e-14 0.000000e+00 0.000000e+00
3.513830e-14 0.000000e+00 0.000000e+00
-2.937321e-13 0.000000e+00 0.000000e+00
-1.515353e-13 0.000000e+00 0.000000e+00
-2.775935e-13 0.000000e+00 0.000000e+00
-1.533961e-13 0.000000e+00 0.000000e+00
8.433187e-14 0.000000e+00 0.000000e+00
1.579536e-13 0.000000e+00 0.000000e+00
3.344621e-13 0.000000e+00 0.000000e+00
2.987971e-13 0.000000e+00 0.000000e+00
-6.122440e-14 0.000000e+00 0.000000e+00
-5.928249e-15 0.000000e+00 0.000000e+00
1.462534e-13 0.000000e+00 0.000000e+00
2.373777e-13 0.000000e+00 0.000000e+00
2.413400e-14 0.000000e+00 0.000000e+00
2.430643e-13 0.000000e+00 0.000000e+00
-8.828079e-14 0.000000e+00 0.000000e+00
-1.309723e-13 0.000000e+00 0.000000e+00
-2.785305e-14 0.000000e+00 0.000000e+00
6.834149e-14 0.000000e+00 0.000000e+00
-3.894324e-15 0.000000e+00 0.000000e+00
-9.452526e-14 0.000000e+00 0.000000e+00
-2.629988e-13 0.000000e+00 0.000000e+00
-9.286483e-14 0.000000e+00 0.000000e+00
2.636428e-15 0.000000e+00 0.000000e+00
6.386897e-14 0.000000e+00 0.000000e+00
-2.582330e-13 0.000000e+00 0.000000e+00
-3.493036e-13 0.000000e+00 0.000000e+00
4.946033e-13 0.000000e+00 0.000000e+00
-1.240657e-13 0.000000e+00 0.000000e+00
6.889918e-14 0.000000e+00 0.000000e+00
1.821539e-13 0.000000e+00 0.000000e+00
6.066054e-14 0.000000e+00 0.000000e+00
-2.457290e-13 0.000000e+00 0.000000e+00
-1.367004e-13 0.000000e+00 0.000000e+00
2.473021e-13 0.000000e+00 0.000000e+00
-1.516934e-13 0.000000e+00 0.000000e+00
-7.124097e-14 0.000000e+00 0.000000e+00
-1.161903e-13 0.000000e+00 0.000000e+00
2.438388e-13 0.000000e+00 0.000000e+00
1.532268e-15 0.000000e+00 0.000000e+00
9.278582e-14 0.000000e+00 0.000000e+00
1.425059e-14 0.000000e+00 0.000000e+00
-1.570800e-13 0.000000e+00 0.000000e+00
2.071025e-13 0.000000e+00 0.000000e+00
3.976568e-14 0.000000e+00 0.000000e+00
6.428715e-15 0.000000e+00 0.000000e+00
-2.133030e-13 0.000000e+00 0.000000e+00
-1.409067e-13 0.000000e+00 0.000000e+00
1.949405e-15 0.000000e+00 0.000000e+00
-1.915122e-13 0.000000e+00 0.000000e+00
-4.331346e-14 0.000000e+00 0.000000e+00
2.135761e-13 0.000000e+00 0.000000e+00
2.600352e-13 0.000000e+00 0.000000e+00
-1.812861e-13 0.000000e+00 0.000000e+00
-1.309349e-14 0.000000e+00 0.000000e+00
-2.728081e-13 0.000000e+00 0.000000e+00
-8.097153e-14 0.000000e+00 0.000000e+00
5.082559e-14 0.000000e+00 0.000000e+00
-2.301424e-13 0.000000e+00 0.000000e+00
-1.770248e-13 0.000000e+00 0.000000e+00
9.356022e-14 0.000000e+00 0.000000e+00
-3.450892e-14 0.000000e+00 0.000000e+00
-1.152475e-13 0.000000e+00 0.000000e+00
-1.386111e-13 0.000000e+00 0.000000e+00
-1.101719e-13 0.000000e+00 0.000000e+00
3.132603e-14 0.000000e+00 0.000000e+00
-4.059494e-13 0.000000e+00 0.000000e+00
1.426263e-13 0.000000e+00 0.000000e+00
5.203429e-15 0.000000e+00 0.000000e+00
1.321157e-13 0.000000e+00 0.000000e+00
8.419117e-14 0.000000e+00 0.000000e+00
3.669678e-15 0.000000e+00 0.000000e+00
-1.252321e-14 0.000000e+00 0.000000e+00
2.365829e-13 0.000000e+00 0.000000e+00
3.063466e-16 0.000000e+00 0.000000e+00
1.099118e-13 0.000000e+00 0.000000e+00
-2.673238e-13 0.000000e+00 0.000000e+00
3.156738e-13 0.000000e+00 0.000000e+00
2.886246e-13 0.000000e+00 0.000000e+00
-8.732377e-14 0.000000e+00 0.000000e+00
-6.289314e-14 0.000000e+00 0.000000e+00
6.283672e-14 0.000000e+00 0.000000e+00
-7.813612e-14 0.000000e+00 0.000000e+00
-1.010794e-13 0.000000e+00 0.000000e+00
2.825257e-14 0.000000e+00 0.000000e+00
-1.423460e-13 0.000000e+00 0.000000e+00
5.668509e-14 0.000000e+00 0.000000e+00
-2.814639e-14 0.000000e+00 0.000000e+00
1.257581e-13 0.000000e+00 0.000000e+00
-3.889736e-14 0.000000e+00 0.000000e+00
-1.359469e-13 0.000000e+00 0.000000e+00
-2.358043e-13 0.000000e+00 0.000000e+00
3.500217e-13 0.000000e+00 0.000000e+00
-1.256196e-13 0.000000e+00 0.000000e+00
-2.844884e-13 0.000000e+00 0.000000e+00
2.891491e-13 0.000000e+00 0.000000e+00
2.520282e-14 0.000000e+00 0.000000e+00
9.616100e-14 0.000000e+00 0.000000e+00
-1.485427e-13 0.000000e+00 0.000000e+00
2.157698e-13 0.000000e+00 0.000000e+00
-1.791809e-13 0.000000e+00 0.000000e+00
1.804306e-13 0.000000e+00 0.000000e+00
3.413654e-13 0.000000e+00 0.000000e+00
-1.477367e-13 0.000000e+00 0.000000e+00
-2.565933e-13 0.000000e+00 0.000000e+00
4.458778e-15 0.000000e+00 0.000000e+00
-9.652026e-14 0.000000e+00 0.000000e+00
5.426508e-14 0.000000e+00 0.000000e+00
4.716859e-13 0.000000e+00 0.000000e+00
-1.637111e-13 0.000000e+00 0.000000e+00
5.157057e-14 0.000000e+00 0.000000e+00
-8.636202e-14 0.000000e+00 0.000000e+00
1.670473e-14 0.000000e+00 0.000000e+00
-4.110474e-15 0.000000e+00 0.000000e+00
-4.610146e-14 0.000000e+00 0.000000e+00
-4.309315e-14 0.000000e+00 0.000000e+00
1.618064e-13 0.000000e+00 0.000000e+00
-1.473154e-13 0.000000e+00 0.000000e+00
1.871765e-13 0.000000e+00 0.000000e+00
5.327346e-14 0.000000e+00 0.000000e+00
-5.027362e-14 0.000000e+00 0.000000e+00
-1.367818e-13 0.000000e+00 0.000000e+00
9.768004e-14 0.000000e+00 0.000000e+00
2.961842e-13 0.000000e+00 0.000000e+00
-1.161373e-13 0.000000e+00 0.000000e+00
-7.799805e-14 0.000000e+00 0.000000e+00
7.951779e-14 0.000000e+00 0.000000e+00
-1.519547e-13 0.000000e+00 0.000000e+00
-2.029490e-13 0.000000e+00 0.000000e+00
1.044808e-13 0.000000e+00 0.000000e+00
-2.934444e-13 0.000000e+00 0.000000e+00
-9.692096e-14 0.000000e+00 0.000000e+00
8.959136e-15 0.000000e+00 0.000000e+00
-1.118091e-13 0.000000e+00 0.000000e+00
-1.793764e-15 0.000000e+00 0.000000e+00
-1.463566e-13 0.000000e+00 0.000000e+00
-7.483361e-14 0.000000e+00 0.000000e+00
5.025026e-14 0.000000e+00 0.000000e+00
2.118927e-13 0.000000e+00 0.000000e+00
-2.518328e-13 0.000000e+00 0.000000e+00
-5.471788e-15 0.000000e+00 0.000000e+00
1.460530e-13 0.000000e+00 0.000000e+00
1.427979e-13 0.000000e+00 0.000000e+00
3.990168e-13 0.000000e+00 0.000000e+00
-1.150467e-13 0.000000e+00 0.000000e+00
-4.244200e-14 0.000000e+00 0.000000e+00
2.836563e-14 0.000000e+00 0.000000e+00
-1.719545e-13 0.000000e+00 0.000000e+00
-2.140532e-13 0.000000e+00 0.000000e+00
2.636717e-13 0.000000e+00 0.000000e+00
-1.513841e-13 0.000000e+00 0.000000e+00
1.624068e-13 0.000000e+00 0.000000e+00
-2.851149e-13 0.000000e+00 0.000000e+00
2.600865e-13 0.000000e+00 0.000000e+00
8.366109e-14 0.000000e+00 0.000000e+00
-2.411025e-13 0.000000e+00 0.000000e+00
-5.493759e-14 0.000000e+00 0.000000e+00
-4.467421e-14 0.000000e+00 0.000000e+00
-9.940105e-14 0.000000e+00 0.000000e+00
3.173236e-15 0.000000e+00 0.000000e+00
-1.399711e-14 0.000000e+00 0.000000e+00
2.069837e-13 0.000000e+00 0.000000e+00
-1.776743e-13 0.000000e+00 0.000000e+00
2.303476e-14 0.000000e+00 0.000000e+00
-5.548484e-14 0.000000e+00 0.000000e+00
-1.688135e-13 0.000000e+00 0.000000e+00
-1.298067e-13 0.000000e+00 0.000000e+00
9.332924e-16 0.000000e+00 0.000000e+00
2.036791e-13 0.000000e+00 0.000000e+00
-6.438361e-14 0.000000e+00 0.000000e+00
2.635648e-13 0.000000e+00 0.000000e+00
7.622842e-14 0.000000e+00 0.000000e+00
8.230673e-14 0.000000e+00 0.000000e+00
-4.395080e-14 0.000000e+00 0.000000e+00
6.403651e-14 0.000000e+00 0.000000e+00
-1.794856e-14 0.000000e+00 0.000000e+00
-6.659253e-16 0.000000e+00 0.000000e+00
-1.498829e-14 0.000000e+00 0.000000e+00
1.491147e-13 0.000000e+00 0.000000e+00
1.902670e-13 0.000000e+00 0.000000e+00
-2.457196e-13 0.000000e+00 0.000000e+00
-1.009841e-13 0.000000e+00 0.000000e+00
-7.418359e-15 0.000000e+00 0.000000e+00
2.190368e-13 0.000000e+00 0.000000e+00
-2.097094e-13 0.000000e+00 0.000000e+00
1.164832e-14 0.000000e+00 0.000000e+00
1.280163e-13 0.000000e+00 0.000000e+00
-9.894202e-14 0.000000e+00 0.000000e+00
2.109757e-13 0.000000e+00 0.000000e+00
-3.862164e-14 0.000000e+00 0.000000e+00
-2.743386e-13 0.000000e+00 0.000000e+00
1.104419e-13 0.000000e+00 0.000000e+00
4.703360e-14 0.000000e+00 0.000000e+00
1.027206e-13 0.000000e+00 0.000000e+00
9.144545e-14 0.000000e+00 0.000000e+00
8.844133e-14 0.000000e+00 0.000000e+00
1.431398e-13 0.000000e+00 0.000000e+00
-1.998056e-13 0.000000e+00 0.000000e+00
-2.506461e-13 0.000000e+00 0.000000e+00
1.771687e-14 0.000000e+00 0.000000e+00
1.866828e-13 0.000000e+00 0.000000e+00
-1.745265e-14 0.000000e+00 0.000000e+00
-1.471179e-13 0.000000e+00 0.000000e+00
-4.478305e-13 0.000000e+00 0.000000e+00
1.599803e-13 0.000000e+00 0.000000e+00
8.062369e-14 0.000000e+00 0.000000e+00
5.505630e-14 0.000000e+00 0.000000e+00
-6.017708e-15 0.000000e+00 0.000000e+00
1.032598e-14 0.000000e+00 0.000000e+00
-1.688120e-13 0.000000e+00 0.000000e+00
4.446702e-14 0.000000e+00 0.000000e+00
3.599376e-13 0.000000e+00 0.000000e+00
2.168434e-13 0.000000e+00 0.000000e+00
1.060725e-13 0.000000e+00 0.000000e+00
3.128067e-13 0.000000e+00 0.000000e+00
8.552575e-14 0.000000e+00 0.000000e+00
5.907976e-14 0.000000e+00 0.000000e+00
4.316473e-14 0.000000e+00 0.000000e+00
4.082115e-14 0.000000e+00 0.000000e+00
-1.275414e-13 0.000000e+00 0.000000e+00
7.099817e-14 0.000000e+00 0.000000e+00
2.013103e-13 0.000000e+00 0.000000e+00
2.489400e-13 0.000000e+00 0.000000e+00
-3.892974e-14 0.000000e+00 0.000000e+00
4.865835e-13 0.000000e+00 0.000000e+00
-1.457057e-13 0.000000e+00 0.000000e+00
-5.124880e-15 0.000000e+00 0.000000e+00
2.522416e-13 0.000000e+00 0.000000e+00
1.544412e-13 0.000000e+00 0.000000e+00
-7.101817e-14 0.000000e+00 0.000000e+00
-7.324065e-14 0.000000e+00 0.000000e+00
1.327056e-14 0.000000e+00 0.000000e+00
1.514717e-13 0.000000e+00 0.000000e+00
-1.530131e-13 0.000000e+00 0.000000e+00
6.045389e-14 0.000000e+00 0.000000e+00
-4.243519e-14 0.000000e+00 0.000000e+00
6.608764e-14 0.000000e+00 0.000000e+00
2.894971e-14 0.000000e+00 0.000000e+00
-2.071746e-13 0.000000e+00 0.000000e+00
-1.753088e-14 0.000000e+00 0.000000e+00
7.614828e-14 0.000000e+00 0.000000e+00
1.997342e-13 0.000000e+00 0.000000e+00
-2.588423e-13 0.000000e+00 0.000000e+00
-5.258418e-14 0.000000e+00 0.000000e+00
-5.546980e-14 0.000000e+00 0.000000e+00
4.809504e-14 0.000000e+00 0.000000e+00
6.399304e-14 0.000000e+00 0.000000e+00
-2.807537e-13 0.000000e+00 0.000000e+00
1.727198e-13 0.000000e+00 0.000000e+00
3.425771e-13 0.000000e+00 0.000000e+00
1.418262e-13 0.000000e+00 0.000000e+00
-7.997467e-14 0.000000e+00 0.000000e+00
6.024998e-14 0.000000e+00 0.000000e+00
-2.176995e-13 0.000000e+00 0.000000e+00
-1.488716e-13 0.000000e+00 0.000000e+00
1.899177e-13 0.000000e+00 0.000000e+00
-7.328585e-14 0.000000e+00 0.000000e+00
-2.750534e-13 0.000000e+00 0.000000e+00
1.400190e-13 0.000000e+00 0.000000e+00
1.957930e-13 0.000000e+00 0.000000e+00
2.354502e-13 0.000000e+00 0.000000e+00
4.786101e-16 0.000000e+00 0.000000e+00
6.521856e-14 0.000000e+00 0.000000e+00
1.870839e-13 0.000000e+00 0.000000e+00
-2.262779e-14 0.000000e+00 0.000000e+00
1.194788e-13 0.000000e+00 0.000000e+00
-1.107585e-13 0.000000e+00 0.000000e+00
-3.875302e-14 0.000000e+00 0.000000e+00
-1.101920e-13 0.000000e+00 0.000000e+00
-2.213602e-13 0.000000e+00 0.000000e+00
-1.254385e-13 0.000000e+00 0.000000e+00
7.782625e-14 0.000000e+00 0.000000e+00
9.519455e-14 0.000000e+00 0.000000e+00
-2.139328e-13 0.000000e+00 0.000000e+00
3.330888e-13 0.000000e+00 0.000000e+00
-1.803357e-13 0.000000e+00 0.000000e+00
3.742075e-15 0.000000e+00 0.000000e+00
-4.069660e-14 0.000000e+00 0.000000e+00
2.344373e-13 0.000000e+00 0.000000e+00
1.420835e-13 0.000000e+00 0.000000e+00
1.767896e-13 0.000000e+00 0.000000e+00
-1.613279e-13 0.000000e+00 0.000000e+00
-1.748898e-13 0.000000e+00 0.000000e+00
-1.444798e-13 0.000000e+00 0.000000e+00
7.613496e-14 0.000000e+00 0.000000e+00
-1.988795e-13 0.000000e+00 0.000000e+00
-4.133935e-14 0.000000e+00 0.000000e+00
3.152926e-13 0.000000e+00 0.000000e+00
2.245426e-13 0.000000e+00 0.000000e+00
-6.369264e-14 0.000000e+00 0.000000e+00
1.525174e-13 0.000000e+00 0.000000e+00
-2.253103e-13 0.000000e+00 0.000000e+00
-1.423257e-13 0.000000e+00 0.000000e+00
8.523217e-14 0.000000e+00 0.000000e+00
8.601664e-14 0.000000e+00 0.000000e+00
-8.489172e-15 0.000000e+00 0.000000e+00
-1.851554e-13 0.000000e+00 0.000000e+00
-8.768660e-14 0.000000e+00 0.000000e+00
-9.725052e-14 0.000000e+00 0.000000e+00
-5.116774e-14 0.000000e+00 0.000000e+00
-9.277674e-14 0.000000e+00 0.000000e+00
1.298807e-13 0.000000e+00 0.000000e+00
-2.432797e-13 0.000000e+00 0.000000e+00
7.461391e-14 0.000000e+00 0.000000e+00
-2.788830e-13 0.000000e+00 0.000000e+00
3.675115e-13 0.000000e+00 0.000000e+00
4.372093e-14 0.000000e+00 0.000000e+00
-1.626101e-13 0.000000e+00 0.000000e+00
-4.285789e-13 0.000000e+00 0.000000e+00
2.277383e-15 0.000000e+00 0.000000e+00
1.940922e-13 0.000000e+00 0.000000e+00
1.335953e-13 0.000000e+00 0.000000e+00
2.287008e-13 0.000000e+00 0.000000e+00
-7.587717e-14 0.000000e+00 0.000000e+00
-2.030848e-13 0.000000e+00 0.000000e+00
1.573823e-13 0.000000e+00 0.000000e+00
-4.809825e-13 0.000000e+00 0.000000e+00
-6.898579e-15 0.000000e+00 0.000000e+00
-4.927632e-14 0.000000e+00 0.000000e+00
3.491161e-13 0.000000e+00 0.000000e+00
-2.319288e-14 0.000000e+00 0.000000e+00
-2.694275e-13 0.000000e+00 0.000000e+00
1.419631e-13 0.000000e+00 0.000000e+00
1.481448e-13 0.000000e+00 0.000000e+00
-3.949606e-14 0.000000e+00 0.000000e+00
-1.361140e-13 0.000000e+00 0.000000e+00
1.174850e-13 0.000000e+00 0.000000e+00
3.001164e-13 0.000000e+00 0.000000e+00
1.510518e-13 0.000000e+00 0.000000e+00
-2.820001e-13 0.000000e+00 0.000000e+00
-2.001518e-14 0.000000e+00 0.000000e+00
-2.928172e-13 0.000000e+00 0.000000e+00
1.057732e-13 0.000000e+00 0.000000e+00
2.877565e-13 0.000000e+00 0.000000e+00
1.650964e-13 0.000000e+00 0.000000e+00
-1.499831e-13 0.000000e+00 0.000000e+00
6.850839e-14 0.000000e+00 0.000000e+00
3.818213e-14 0.000000e+00 0.000000e+00
5.377710e-14 0.000000e+00 0.000000e+00
5.936187e-14 0.000000e+00 0.000000e+00
-1.192364e-13 0.000000e+00 0.000000e+00
-1.330400e-13 0.000000e+00 0.000000e+00
-1.062481e-13 0.000000e+00 0.000000e+00
1.636446e-14 0.000000e+00 0.000000e+00
-2.077552e-14 0.000000e+00 0.000000e+00
1.045330e-13 0.000000e+00 0.000000e+00
4.060502e-13 0.000000e+00 0.000000e+00
2.106599e-14 0.000000e+00 0.000000e+00
-4.382022e-14 0.000000e+00 0.000000e+00
-1.351528e-13 0.000000e+00 0.000000e+00
4.527968e-13 0.000000e+00 0.000000e+00
7.347838e-14 0.000000e+00 0.000000e+00
-1.943121e-13 0.000000e+00 0.000000e+00
2.480766e-14 0.000000e+00 0.000000e+00
-2.137434e-13 0.000000e+00 0.000000e+00
-6.465590e-14 0.000000e+00 0.000000e+00
4.052840e-14 0.000000e+00 0.000000e+00
2.763921e-13 0.000000e+00 0.000000e+00
-1.100370e-13 0.000000e+00 0.000000e+00
-2.762434e-13 0.000000e+00 0.000000e+00
-2.391535e-13 0.000000e+00 0.000000e+00
-7.457206e-14 0.000000e+00 0.000000e+00
5.801318e-14 0.000000e+00 0.000000e+00
-2.691894e-13 0.000000e+00 0.000000e+00
-2.390241e-13 0.000000e+00 0.000000e+00
-8.800687e-14 0.000000e+00 0.000000e+00
2.216909e-13 0.000000e+00 0.000000e+00
2.371970e-13 0.000000e+00 0.000000e+00
-4.488211e-14 0.000000e+00 0.000000e+00
-1.044954e-13 0.000000e+00 0.000000e+00
1.623222e-13 0.000000e+00 0.000000e+00
2.540950e-13 0.000000e+00 0.000000e+00
1.374920e-13 0.000000e+00 0.000000e+00
-1.270005e-13 0.000000e+00 0.000000e+00
3.139628e-14 0.000000e+00 0.000000e+00
2.022219e-13 0.000000e+00 0.000000e+00
3.675279e-14 0.000000e+00 0.000000e+00
5.419834e-14 0.000000e+00 0.000000e+00
2.089190e-13 0.000000e+00 0.000000e+00
3.708358e-13 0.000000e+00 0.000000e+00
4.701813e-14 0.000000e+00 0.000000e+00
-1.300748e-13 0.000000e+00 0.000000e+00
2.537485e-13 0.000000e+00 0.000000e+00
-1.440681e-13 0.000000e+00 0.000000e+00
3.206544e-14 0.000000e+00 0.000000e+00
-3.446595e-13 0.000000e+00 0.000000e+00
-8.073212e-14 0.000000e+00 0.000000e+00
-1.932088e-13 0.000000e+00 0.000000e+00
1.570615e-15 0.000000e+00 0.000000e+00
-1.350702e-13 0.000000e+00 0.000000e+00
-6.863237e-14 0.000000e+00 0.000000e+00
6.881698e-15 0.000000e+00 0.000000e+00
-3.200367e-13 0.000000e+00 0.000000e+00
1.338104e-13 0.000000e+00 0.000000e+00
-1.704686e-13 0.000000e+00 0.000000e+00
-1.008425e-13 0.000000e+00 0.000000e+00
1.057667e-13 0.000000e+00 0.000000e+00
-2.572184e-14 0.000000e+00 0.000000e+00
-1.201456e-13 0.000000e+00 0.000000e+00
-1.014245e-13 0.000000e+00 0.000000e+00
2.013597e-13 0.000000e+00 0.000000e+00
3.525269e-14 0.000000e+00 0.000000e+00
1.422891e-13 0.000000e+00 0.000000e+00
-9.108223e-14 0.000000e+00 0.000000e+00
-2.790681e-13 0.000000e+00 0.000000e+00
-2.735334e-13 0.000000e+00 0.000000e+00
2.025197e-13 0.000000e+00 0.000000e+00
-8.516611e-14 0.000000e+00 0.000000e+00
1.342599e-13 0.000000e+00 0.000000e+00
2.372503e-13 0.000000e+00 0.000000e+00
1.670406e-13 0.000000e+00 0.000000e+00
9.811045e-14 0.000000e+00 0.000000e+00
-2.475825e-13 0.000000e+00 0.000000e+00
-1.672878e-13 0.000000e+00 0.000000e+00
2.070157e-14 0.000000e+00 0.000000e+00
-1.675305e-13 0.000000e+00 0.000000e+00
3.540698e-13 0.000000e+00 0.000000e+00
1.737330e-13 0.000000e+00 0.000000e+00
2.595930e-13 0.000000e+00 0.000000e+00
6.694394e-14 0.000000e+00 0.000000e+00
-4.093246e-14 0.000000e+00 0.000000e+00
-1.645476e-13 0.000000e+00 0.000000e+00
8.926368e-14 0.000000e+00 0.000000e+00
1.757115e-13 0.000000e+00 0.000000e+00
1.183677e-13 0.000000e+00 0.000000e+00
-1.796691e-13 0.000000e+00 0.000000e+00
4.123755e-14 0.000000e+00 0.000000e+00
3.692974e-14 0.000000e+00 0.000000e+00
3.006819e-14 0.000000e+00 0.000000e+00
6.241797e-14 0.000000e+00 0.000000e+00
1.058488e-13 0.000000e+00 0.000000e+00
-2.846083e-13 0.000000e+00 0.000000e+00
-1.655495e-13 0.000000e+00 0.000000e+00
1.826279e-13 0.000000e+00 0.000000e+00
7.209632e-14 0.000000e+00 0.000000e+00
2.279458e-14 0.000000e+00 0.000000e+00
2.900227e-13 0.000000e+00 0.000000e+00
2.188356e-14 0.000000e+00 0.000000e+00
-3.164423e-14 0.000000e+00 0.000000e+00
-3.767575e-13 0.000000e+00 0.000000e+00
1.623332e-13 0.000000e+00 0.000000e+00
1.206975e-13 0.000000e+00 0.000000e+00
1.764095e-13 0.000000e+00 0.000000e+00
1.430255e-13 0.000000e+00 0.000000e+00
1.662318e-13 0.000000e+00 0.000000e+00
6.386353e-14 0.000000e+00 0.000000e+00
-9.766296e-14 0.000000e+00 0.000000e+00
-8.136379e-15 0.000000e+00 0.000000e+00
1.008507e-13 0.000000e+00 0.000000e+00
1.865784e-13 0.000000e+00 0.000000e+00
-7.210993e-14 0.000000e+00 0.000000e+00
2.003113e-13 0.000000e+00 0.000000e+00
2.342113e-13 0.000000e+00 0.000000e+00
2.268579e-13 0.000000e+00 0.000000e+00
-6.503301e-14 0.000000e+00 0.000000e+00
2.237137e-14 0.000000e+00 0.000000e+00
1.298219e-13 0.000000e+00 0.000000e+00
5.255500e-14 0.000000e+00 0.000000e+00
-9.980314e-14 0.000000e+00 0.000000e+00
2.334220e-13 0.000000e+00 0.000000e+00
2.085964e-13 0.000000e+00 0.000000e+00
2.030687e-13 0.000000e+00 0.000000e+00
-6.382204e-14 0.000000e+00 0.000000e+00
-9.273059e-14 0.000000e+00 0.000000e+00
-1.331800e-13 0.000000e+00 0.000000e+00
-2.553149e-13 0.000000e+00 0.000000e+00
-4.608827e-14 0.000000e+00 0.000000e+00
2.312856e-13 0.000000e+00 0.000000e+00
2.306232e-13 0.000000e+00 0.000000e+00
1.007297e-13 0.000000e+00 0.000000e+00
1.374982e-13 0.000000e+00 0.000000e+00
1.306552e-14 0.000000e+00 0.000000e+00
5.372094e-17 0.000000e+00 0.000000e+00
1.215905e-13 0.000000e+00 0.000000e+00
-2.097007e-13 0.000000e+00 0.000000e+00
-2.011485e-13 0.000000e+00 0.000000e+00
4.710096e-14 0.000000e+00 0.000000e+00
-1.063930e-13 0.000000e+00 0.000000e+00
-1.669127e-13 0.000000e+00 0.000000e+00
-8.498064e-14 0.000000e+00 0.000000e+00
3.612859e-14 0.000000e+00 0.000000e+00
-1.723892e-13 0.000000e+00 0.000000e+00
2.496354e-14 0.000000e+00 0.000000e+00
-4.263586e-14 0.000000e+00 0.000000e+00
7.034096e-14 0.000000e+00 0.000000e+00
-1.858848e-13 0.000000e+00 0.000000e+00
-1.151421e-13 0.000000e+00 0.000000e+00
-6.173228e-15 0.000000e+00 0.000000e+00
-1.362347e-13 0.000000e+00 0.000000e+00
5.262013e-14 0.000000e+00 0.000000e+00
1.575144e-13 0.000000e+00 0.000000e+00
4.198008e-14 0.000000e+00 0.000000e+00
2.951820e-13 0.000000e+00 0.000000e+00
-2.879196e-13 0.000000e+00 0.000000e+00
9.130306e-14 0.000000e+00 0.000000e+00
-2.335154e-13 0.000000e+00 0.000000e+00
4.244618e-14 0.000000e+00 0.000000e+00
-1.336099e-13 0.000000e+00 0.000000e+00
-2.155261e-14 0.000000e+00 0.000000e+00
1.385677e-13 0.000000e+00 0.000000e+00
8.128583e-14 0.000000e+00 0.000000e+00
2.457751e-13 0.000000e+00 0.000000e+00
1.005997e-13 0.000000e+00 0.000000e+00
1.427419e-13 0.000000e+00 0.000000e+00
4.324516e-15 0.000000e+00 0.000000e+00
-2.160848e-14 0.000000e+00 0.000000e+00
-3.147321e-13 0.000000e+00 0.000000e+00
-8.154218e-14 0.000000e+00 0.000000e+00
-2.729538e-14 0.000000e+00 0.000000e+00
1.822436e-13 0.000000e+00 0.000000e+00
-1.371672e-13 0.000000e+00 0.000000e+00
2.814418e-13 0.000000e+00 0.000000e+00
-1.568547e-13 0.000000e+00 0.000000e+00
-4.540206e-14 0.000000e+00 0.000000e+00
2.688005e-13 0.000000e+00 0.000000e+00
-3.030908e-13 0.000000e+00 0.000000e+00
-2.202957e-13 0.000000e+00 0.000000e+00
4.719538e-14 0.000000e+00 0.000000e+00
7.218708e-14 0.000000e+00 0.000000e+00
7.017044e-14 0.000000e+00 0.000000e+00
1.328032e-13 0.000000e+00 0.000000e+00
3.104296e-13 0.000000e+00 0.000000e+00
-5.749308e-14 0.000000e+00 0.000000e+00
3.031610e-13 0.000000e+00 0.000000e+00
6.846743e-14 0.000000e+00 0.000000e+00
-1.538113e-13 0.000000e+00 0.000000e+00
1.726136e-13 0.000000e+00 0.000000e+00
1.043690e-13 0.000000e+00 0.000000e+00
-6.527126e-14 0.000000e+00 0.000000e+00
8.037064e-14 0.000000e+00 0.000000e+00
1.489632e-13 0.000000e+00 0.000000e+00
-1.399703e-13 0.000000e+00 0.000000e+00
-2.410544e-14 0.000000e+00 0.000000e+00
1.275324e-13 0.000000e+00 0.000000e+00
-3.667006e-14 0.000000e+00 0.000000e+00
-1.055627e-14 0.000000e+00 0.000000e+00
1.838442e-13 0.000000e+00 0.000000e+00
-2.261878e-13 0.000000e+00 0.000000e+00
-1.587508e-14 0.000000e+00 0.000000e+00
-1.282817e-13 0.000000e+00 0.000000e+00
-1.457127e-13 0.000000e+00 0.000000e+00
-1.231943e-13 0.000000e+00 0.000000e+00
-1.206858e-13 0.000000e+00 0.000000e+00
2.082548e-14 0.000000e+00 0.000000e+00
8.796224e-14 0.000000e+00 0.000000e+00
9.340858e-14 0.000000e+00 0.000000e+00
-1.777326e-13 0.000000e+00 0.000000e+00
2.520200e-13 0.000000e+00 0.000000e+00
-3.301972e-14 0.000000e+00 0.000000e+00
-4.281643e-15 0.000000e+00 0.000000e+00
7.652884e-14 0.000000e+00 0.000000e+00
5.616203e-15 0.000000e+00 0.000000e+00
7.970386e-14 0.000000e+00 0.000000e+00
-7.015663e-14 0.000000e+00 0.000000e+00
2.072165e-13 0.000000e+00 0.000000e+00
-6.907172e-14 0.000000e+00 0.000000e+00
-1.758422e-13 0.000000e+00 0.000000e+00
2.745889e-13 0.000000e+00 0.000000e+00
5.235229e-14 0.000000e+00 0.000000e+00
-1.934671e-14 0.000000e+00 0.000000e+00
4.465523e-13 0.000000e+00 0.000000e+00
2.227343e-13 0.000000e+00 0.000000e+00
2.788651e-14 0.000000e+00 0.000000e+00
-1.129749e-14 0.000000e+00 0.000000e+00
3.114512e-13 0.000000e+00 0.000000e+00
-1.302349e-14 0.000000e+00 0.000000e+00
1.031400e-13 0.000000e+00 0.000000e+00
-9.552031e-14 0.000000e+00 0.000000e+00
-1.258826e-13 0.000000e+00 0.000000e+00
-2.190432e-13 0.000000e+00 0.000000e+00
-2.895403e-14 0.000000e+00 0.000000e+00
-3.797679e-14 0.000000e+00 0.000000e+00
1.396937e-13 0.000000e+00 0.000000e+00
1.214616e-13 0.000000e+00 0.000000e+00
-3.335052e-14 0.000000e+00 0.000000e+00
-3.770387e-14 0.000000e+00 0.000000e+00
-6.659214e-14 0.000000e+00 0.000000e+00
-1.588183e-13 0.000000e+00 0.000000e+00
-1.709064e-13 0.000000e+00 0.000000e+00
-1.573280e-13 0.000000e+00 0.000000e+00
1.669597e-13 0.000000e+00 0.000000e+00
1.334318e-13 0.000000e+00 0.000000e+00
-2.098258e-13 0.000000e+00 0.000000e+00
-7.526873e-14 0.000000e+00 0.000000e+00
-1.916712e-13 0.000000e+00 0.000000e+00
-1.400730e-13 0.000000e+00 0.000000e+00
1.526820e-13 0.000000e+00 0.000000e+00
-3.139673e-13 0.000000e+00 0.000000e+00
-1.711459e-13 0.000000e+00 0.000000e+00
5.933372e-15 0.000000e+00 0.000000e+00
-1.570171e-13 0.000000e+00 0.000000e+00
7.290004e-14 0.000000e+00 0.000000e+00
-1.180981e-13 0.000000e+00 0.000000e+00
-1.833732e-13 0.000000e+00 0.000000e+00
1.560568e-13 0.000000e+00 0.000000e+00
-1.124210e-14 0.000000e+00 0.000000e+00
-2.333904e-14 0.000000e+00 0.000000e+00
-8.253561e-14 0.000000e+00 0.000000e+00
-2.643454e-14 0.000000e+00 0.000000e+00
-2.163163e-13 0.000000e+00 0.000000e+00
3.692812e-14 0.000000e+00 0.000000e+00
5.134660e-14 0.000000e+00 0.000000e+00
-2.661566e-13 0.000000e+00 0.000000e+00
-1.791253e-13 0.000000e+00 0.000000e+00
-3.014999e-13 0.000000e+00 0.000000e+00
2.122272e-13 0.000000e+00 0.000000e+00
-7.829507e-14 0.000000e+00 0.000000e+00
-1.572707e-13 0.000000e+00 0.000000e+00
2.930636e-13 0.000000e+00 0.000000e+00
-3.678617e-14 0.000000e+00 0.000000e+00
-3.371097e-13 0.000000e+00 0.000000e+00
-1.082000e-13 0.000000e+00 0.000000e+00
-1.714476e-14 0.000000e+00 0.000000e+00
7.260502e-14 0.000000e+00 0.000000e+00
1.427394e-13 0.000000e+00 0.000000e+00
2.696040e-13 0.000000e+00 0.000000e+00
4.440401e-13 0.000000e+00 0.000000e+00
-9.271034e-14 0.000000e+00 0.000000e+00
-4.534100e-14 0.000000e+00 0.000000e+00
1.118537e-13 0.000000e+00 0.000000e+00
-2.185450e-14 0.000000e+00 0.000000e+00
9.582587e-14 0.000000e+00 0.000000e+00
-2.609335e-13 0.000000e+00 0.000000e+00
8.222305e-14 0.000000e+00 0.000000e+00
-8.697418e-14 0.000000e+00 0.000000e+00
-1.478552e-13 0.000000e+00 0.000000e+00
-3.608455e-14 0.000000e+00 0.000000e+00
2.086020e-13 0.000000e+00 0.000000e+00
3.328183e-14 0.000000e+00 0.000000e+00
2.835098e-13 0.000000e+00 0.000000e+00
-3.205823e-14 0.000000e+00 0.000000e+00
-1.746627e-13 0.000000e+00 0.000000e+00
-1.205058e-13 0.000000e+00 0.000000e+00
-1.403855e-13 0.000000e+00 0.000000e+00
-1.420022e-13 0.000000e+00 0.000000e+00
2.353505e-13 0.000000e+00 0.000000e+00
-2.727805e-13 0.000000e+00 0.000000e+00
-1.083719e-13 0.000000e+00 0.000000e+00
2.466848e-13 0.000000e+00 0.000000e+00
1.976501e-13 0.000000e+00 0.000000e+00
2.489358e-13 0.000000e+00 0.000000e+00
8.923091e-14 0.000000e+00 0.000000e+00
2.940810e-13 0.000000e+00 0.000000e+00
-1.428225e-13 0.000000e+00 0.000000e+00
-7.435175e-14 0.000000e+00 0.000000e+00
1.255675e-13 0.000000e+00 0.000000e+00
-2.524720e-13 0.000000e+00 0.000000e+00
-2.209617e-13 0.000000e+00 0.000000e+00
-1.785947e-14 0.000000e+00 0.000000e+00
-2.579754e-13 0.000000e+00 0.000000e+00
-1.932762e-13 0.000000e+00 0.000000e+00
-7.911724e-14 0.000000e+00 0.000000e+00
1.237472e-13 0.000000e+00 0.000000e+00
-1.397925e-13 0.000000e+00 0.000000e+00
-3.222103e-13 0.000000e+00 0.000000e+00
-4.389419e-14 0.000000e+00 0.000000e+00
-1.922358e-13 0.000000e+00 0.000000e+00
5.810554e-14 0.000000e+00 0.000000e+00
3.845971e-14 0.000000e+00 0.000000e+00
1.138245e-13 0.000000e+00 0.000000e+00
1.887081e-13 0.000000e+00 0.000000e+00
-7.058815e-14 0.000000e+00 0.000000e+00
6.033483e-14 0.000000e+00 0.000000e+00
-1.942890e-13 0.000000e+00 0.000000e+00
5.370028e-14 0.000000e+00 0.000000e+00
2.163913e-13 0.000000e+00 0.000000e+00
1.456811e-15 0.000000e+00 0.000000e+00
-1.226137e-13 0.000000e+00 0.000000e+00
6.679947e-14 0.000000e+00 0.000000e+00
-2.985433e-13 0.000000e+00 0.000000e+00
2.816632e-13 0.000000e+00 0.000000e+00
-1.080790e-13 0.000000e+00 0.000000e+00
-6.020502e-14 0.000000e+00 0.000000e+00
1.075691e-13 0.000000e+00 0.000000e+00
-4.947484e-14 0.000000e+00 0.000000e+00
7.091829e-14 0.000000e+00 0.000000e+00
-1.704410e-13 0.000000e+00 0.000000e+00
-1.181114e-14 0.000000e+00 0.000000e+00
-2.558154e-13 0.000000e+00 0.000000e+00
1.049775e-15 0.000000e+00 0.000000e+00
1.558932e-13 0.000000e+00 0.000000e+00
7.594631e-14 0.000000e+00 0.000000e+00
-2.362928e-13 0.000000e+00 0.000000e+00
4.592742e-14 0.000000e+00 0.000000e+00
1.138742e-13 0.000000e+00 0.000000e+00
1.229919e-13 0.000000e+00 0.000000e+00
2.118846e-13 0.000000e+00 0.000000e+00
2.452911e-14 0.000000e+00 0.000000e+00
3.468441e-13 0.000000e+00 0.000000e+00
1.847471e-13 0.000000e+00 0.000000e+00
-4.738590e-14 0.000000e+00 0.000000e+00
-7.382682e-14 0.000000e+00 0.000000e+00
-1.256213e-13 0.000000e+00 0.000000e+00
-1.200173e-13 0.000000e+00 0.000000e+00
7.126022e-15 0.000000e+00 0.000000e+00
9.177382e-14 0.000000e+00 0.000000e+00
-1.852197e-13 0.000000e+00 0.000000e+00
-5.417625e-15 0.000000e+00 0.000000e+00
-1.225807e-13 0.000000e+00 0.000000e+00
-1.590829e-14 0.000000e+00 0.000000e+00
5.827638e-14 0.000000e+00 0.000000e+00
3.459513e-13 0.000000e+00 0.000000e+00
-2.203435e-13 0.000000e+00 0.000000e+00
2.627598e-13 0.000000e+00 0.000000e+00
1.537436e-13 0.000000e+00 0.000000e+00
-2.346189e-13 0.000000e+00 0.000000e+00
-2.354985e-13 0.000000e+00 0.000000e+00
3.903100e-13 0.000000e+00 0.000000e+00
1.119614e-13 0.000000e+00 0.000000e+00
3.651369e-14 0.000000e+00 0.000000e+00
9.812545e-14 0.000000e+00 0.000000e+00
2.890773e-13 0.000000e+00 0.000000e+00
2.207966e-13 0.000000e+00 0.000000e+00
-3.010008e-14 0.000000e+00 0.000000e+00
1.610248e-13 0.000000e+00 0.000000e+00
-1.249707e-13 0.000000e+00 0.000000e+00
4.027582e-14 0.000000e+00 0.000000e+00
1.385769e-13 0.000000e+00 0.000000e+00
2.845038e-14 0.000000e+00 0.000000e+00
1.796239e-13 0.000000e+00 0.000000e+00
1.001109e-13 0.000000e+00 0.000000e+00
-1.612005e-13 0.000000e+00 0.000000e+00
4.525024e-14 0.000000e+00 0.000000e+00
-8.987322e-15 0.000000e+00 0.000000e+00
5.512759e-14 0.000000e+00 0.000000e+00
-1.333927e-13 0.000000e+00 0.000000e+00
5.137692e-14 0.000000e+00 0.000000e+00
1.726113e-13 0.000000e+00 0.000000e+00
-7.330546e-14 0.000000e+00 0.000000e+00
2.471259e-14 0.000000e+00 0.000000e+00
-1.120459e-14 0.000000e+00 0.000000e+00
7.989465e-14 0.000000e+00 0.000000e+00
2.014593e-13 0.000000e+00 0.000000e+00
-2.889219e-13 0.000000e+00 0.000000e+00
2.179269e-13 0.000000e+00 0.000000e+00
3.511038e-14 0.000000e+00 0.000000e+00
1.045053e-13 0.000000e+00 0.000000e+00
1.139884e-13 0.000000e+00 0.000000e+00
-7.405574e-14 0.000000e+00 0.000000e+00
1.892655e-13 0.000000e+00 0.000000e+00
1.172755e-14 0.000000e+00 0.000000e+00
2.370878e-13 0.000000e+00 0.000000e+00
