FX FY FZ 
4.980341e-10 0.000000e+00 0.000000e+00
1.070393e-10 0.000000e+00 0.000000e+00
2.569583e-11 0.000000e+00 0.000000e+00
3.753654e-10 0.000000e+00 0.000000e+00
4.002468e-11 0.000000e+00 0.000000e+00
-5.823755e-10 0.000000e+00 0.000000e+00
1.607946e-10 0.000000e+00 0.000000e+00
1.300700e-10 0.000000e+00 0.000000e+00
2.898640e-10 0.000000e+00 0.000000e+00
-4.134889e-10 0.000000e+00 0.000000e+00
5.475615e-10 0.000000e+00 0.000000e+00
4.528996e-10 0.000000e+00 0.000000e+00
4.245296e-10 0.000000e+00 0.000000e+00
-2.747809e-10 0.000000e+00 0.000000e+00
1.194936e-10 0.000000e+00 0.000000e+00
1.476159e-10 0.000000e+00 0.000000e+00
-2.000907e-10 0.000000e+00 0.000000e+00
1.248523e-10 0.000000e+00 0.000000e+00
4.619868e-10 0.000000e+00 0.000000e+00
2.660525e-10 0.000000e+00 0.000000e+00
6.078528e-10 0.000000e+00 0.000000e+00
-3.162072e-10 0.000000e+00 0.000000e+00
-2.346068e-10 0.000000e+00 0.000000e+00
3.705266e-10 0.000000e+00 0.000000e+00
-9.501321e-11 0.000000e+00 0.000000e+00
1.750648e-10 0.000000e+00 0.000000e+00
6.714627e-11 0.000000e+00 0.000000e+00
3.679508e-10 0.000000e+00 0.000000e+00
5.510535e-10 0.000000e+00 0.000000e+00
-9.676487e-11 0.000000e+00 0.000000e+00
3.691094e-10 0.000000e+00 0.000000e+00
2.451444e-10 0.000000e+00 0.000000e+00
-2.986615e-10 0.000000e+00 0.000000e+00
2.733887e-10 0.000000e+00 0.000000e+00
-3.806308e-10 0.000000e+00 0.000000e+00
1.456643e-10 0.000000e+00 0.000000e+00
-2.178849e-10 0.000000e+00 0.000000e+00
2.442339e-10 0.000000e+00 0.000000e+00
-5.178594e-10 0.000000e+00 0.000000e+00
-1.592186e-10 0.000000e+00 0.000000e+00
-2.287612e-11 0.000000e+00 0.000000e+00
-1.686336e-10 0.000000e+00 0.000000e+00
-1.498516e-10 0.000000e+00 0.000000e+00
-1.261198e-10 0.000000e+00 0.000000e+00
4.095219e-11 0.000000e+00 0.000000e+00
3.973837e-10 0.000000e+00 0.000000e+00
-1.851917e-10 0.000000e+00 0.000000e+00
1.182532e-10 0.000000e+00 0.000000e+00
2.303310e-10 0.000000e+00 0.000000e+00
1.572037e-10 0.000000e+00 0.000000e+00
4.247302e-10 0.000000e+00 0.000000e+00
2.161113e-10 0.000000e+00 0.000000e+00
-4.321302e-10 0.000000e+00 0.000000e+00
1.290838e-10 0.000000e+00 0.000000e+00
-2.414781e-11 0.000000e+00 0.000000e+00
4.883982e-10 0.000000e+00 0.000000e+00
-2.595544e-10 0.000000e+00 0.000000e+00
1.758513e-10 0.000000e+00 0.000000e+00
-7.324936e-10 0.000000e+00 0.000000e+00
2.640822e-10 0.000000e+00 0.000000e+00
-6.792612e-10 0.000000e+00 0.000000e+00
-3.299175e-10 0.000000e+00 0.000000e+00
-1.030555e-10 0.000000e+00 0.000000e+00
1.123212e-10 0.000000e+00 0.000000e+00
-2.693641e-10 0.000000e+00 0.000000e+00
4.860041e-11 0.000000e+00 0.000000e+00
-1.145101e-10 0.000000e+00 0.000000e+00
3.298698e-10 0.000000e+00 0.000000e+00
5.497465e-10 0.000000e+00 0.000000e+00
-5.281873e-10 0.000000e+00 0.000000e+00
1.007139e-10 0.000000e+00 0.000000e+00
-2.761030e-10 0.000000e+00 0.000000e+00
-5.617148e-10 0.000000e+00 0.000000e+00
-2.937467e-10 0.000000e+00 0.000000e+00
3.372670e-10 0.000000e+00 0.000000e+00
1.401109e-10 0.000000e+00 0.000000e+00
1.018101e-10 0.000000e+00 0.000000e+00
-2.390976e-10 0.000000e+00 0.000000e+00
9.126782e-11 0.000000e+00 0.000000e+00
4.752983e-10 0.000000e+00 0.000000e+00
-3.722048e-11 0.000000e+00 0.000000e+00
2.922689e-10 0.000000e+00 0.000000e+00
2.966318e-10 0.000000e+00 0.000000e+00
-1.847915e-10 0.000000e+00 0.000000e+00
-2.452046e-10 0.000000e+00 0.000000e+00
-7.695743e-10 0.000000e+00 0.000000e+00
-5.163329e-11 0.000000e+00 0.000000e+00
9.388249e-12 0.000000e+00 0.000000e+00
-2.688338e-10 0.000000e+00 0.000000e+00
2.024709e-10 0.000000e+00 0.000000e+00
1.196095e-10 0.000000e+00 0.000000e+00
2.615473e-11 0.000000e+00 0.000000e+00
-3.182072e-11 0.000000e+00 0.000000e+00
4.858965e-10 0.000000e+00 0.000000e+00
-2.639993e-10 0.000000e+00 0.000000e+00
-2.116114e-10 0.000000e+00 0.000000e+00
-4.183652e-10 0.000000e+00 0.000000e+00
-1.866796e-10 0.000000e+00 0.000000e+00
8.266630e-11 0.000000e+00 0.000000e+00
1.325041e-10 0.000000e+00 0.000000e+00
-4.822432e-11 0.000000e+00 0.000000e+00
-4.529504e-10 0.000000e+00 0.000000e+00
1.337715e-10 0.000000e+00 0.000000e+00
3.307979e-10 0.000000e+00 0.000000e+00
4.886827e-10 0.000000e+00 0.000000e+00
1.403015e-10 0.000000e+00 0.000000e+00
1.808113e-11 0.000000e+00 0.000000e+00
-1.794796e-10 0.000000e+00 0.000000e+00
-3.420481e-10 0.000000e+00 0.000000e+00
-3.013772e-11 0.000000e+00 0.000000e+00
5.906312e-12 0.000000e+00 0.000000e+00
-3.063884e-10 0.000000e+00 0.000000e+00
-7.557657e-11 0.000000e+00 0.000000e+00
-2.816798e-11 0.000000e+00 0.000000e+00
2.033875e-10 0.000000e+00 0.000000e+00
2.123677e-10 0.000000e+00 0.000000e+00
1.836745e-10 0.000000e+00 0.000000e+00
-6.603630e-11 0.000000e+00 0.000000e+00
2.607918e-10 0.000000e+00 0.000000e+00
-6.410368e-10 0.000000e+00 0.000000e+00
2.184980e-10 0.000000e+00 0.000000e+00
3.774326e-10 0.000000e+00 0.000000e+00
4.897971e-11 0.000000e+00 0.000000e+00
9.753218e-11 0.000000e+00 0.000000e+00
1.541643e-10 0.000000e+00 0.000000e+00
-7.826922e-10 0.000000e+00 0.000000e+00
-5.304021e-10 0.000000e+00 0.000000e+00
-5.271107e-10 0.000000e+00 0.000000e+00
-8.974419e-12 0.000000e+00 0.000000e+00
4.817458e-10 0.000000e+00 0.000000e+00
-4.748048e-10 0.000000e+00 0.000000e+00
-6.399167e-10 0.000000e+00 0.000000e+00
1.784580e-10 0.000000e+00 0.000000e+00
3.152547e-10 0.000000e+00 0.000000e+00
3.394750e-10 0.000000e+00 0.000000e+00
3.948989e-10 0.000000e+00 0.000000e+00
4.430124e-10 0.000000e+00 0.000000e+00
2.024038e-10 0.000000e+00 0.000000e+00
5.614183e-10 0.000000e+00 0.000000e+00
-7.167968e-10 0.000000e+00 0.000000e+00
1.818762e-10 0.000000e+00 0.000000e+00
4.997762e-10 0.000000e+00 0.000000e+00
-8.846540e-12 0.000000e+00 0.000000e+00
1.697885e-10 0.000000e+00 0.000000e+00
-4.202219e-11 0.000000e+00 0.000000e+00
-3.783209e-10 0.000000e+00 0.000000e+00
-1.541702e-10 0.000000e+00 0.000000e+00
3.673136e-10 0.000000e+00 0.000000e+00
-5.001806e-11 0.000000e+00 0.000000e+00
-4.191404e-10 0.000000e+00 0.000000e+00
2.590156e-10 0.000000e+00 0.000000e+00
1.429356e-10 0.000000e+00 0.000000e+00
4.246129e-10 0.000000e+00 0.000000e+00
3.589556e-12 0.000000e+00 0.000000e+00
-2.981859e-10 0.000000e+00 0.000000e+00
-7.273037e-10 0.000000e+00 0.000000e+00
-3.604876e-10 0.000000e+00 0.000000e+00
-2.537765e-10 0.000000e+00 0.000000e+00
1.257892e-10 0.000000e+00 0.000000e+00
5.172513e-10 0.000000e+00 0.000000e+00
2.090832e-10 0.000000e+00 0.000000e+00
-6.102194e-10 0.000000e+00 0.000000e+00
1.353262e-10 0.000000e+00 0.000000e+00
-1.249868e-10 0.000000e+00 0.000000e+00
2.835158e-10 0.000000e+00 0.000000e+00
2.019409e-10 0.000000e+00 0.000000e+00
-4.131610e-10 0.000000e+00 0.000000e+00
1.198352e-10 0.000000e+00 0.000000e+00
-4.056599e-10 0.000000e+00 0.000000e+00
-1.797636e-10 0.000000e+00 0.000000e+00
-3.378224e-10 0.000000e+00 0.000000e+00
4.715319e-10 0.000000e+00 0.000000e+00
2.584938e-10 0.000000e+00 0.000000e+00
1.511998e-10 0.000000e+00 0.000000e+00
-1.800181e-10 0.000000e+00 0.000000e+00
2.177951e-10 0.000000e+00 0.000000e+00
-8.134419e-10 0.000000e+00 0.000000e+00
-1.504664e-10 0.000000e+00 0.000000e+00
-4.489173e-10 0.000000e+00 0.000000e+00
5.015979e-11 0.000000e+00 0.000000e+00
4.920092e-11 0.000000e+00 0.000000e+00
4.373656e-10 0.000000e+00 0.000000e+00
1.064075e-10 0.000000e+00 0.000000e+00
-1.163422e-10 0.000000e+00 0.000000e+00
-4.857738e-11 0.000000e+00 0.000000e+00
4.138613e-10 0.000000e+00 0.000000e+00
-5.963783e-10 0.000000e+00 0.000000e+00
-1.610865e-11 0.000000e+00 0.000000e+00
9.430570e-11 0.000000e+00 0.000000e+00
-3.186841e-10 0.000000e+00 0.000000e+00
2.821572e-10 0.000000e+00 0.000000e+00
-2.095297e-10 0.000000e+00 0.000000e+00
3.092214e-10 0.000000e+00 0.000000e+00
3.498445e-10 0.000000e+00 0.000000e+00
-1.614655e-10 0.000000e+00 0.000000e+00
3.006724e-10 0.000000e+00 0.000000e+00
2.658468e-10 0.000000e+00 0.000000e+00
4.664157e-10 0.000000e+00 0.000000e+00
-3.848014e-10 0.000000e+00 0.000000e+00
-3.427338e-10 0.000000e+00 0.000000e+00
-7.528407e-11 0.000000e+00 0.000000e+00
3.277857e-10 0.000000e+00 0.000000e+00
8.506474e-11 0.000000e+00 0.000000e+00
-2.997323e-11 0.000000e+00 0.000000e+00
2.752203e-10 0.000000e+00 0.000000e+00
-4.013604e-10 0.000000e+00 0.000000e+00
3.194705e-10 0.000000e+00 0.000000e+00
-6.816466e-10 0.000000e+00 0.000000e+00
2.893738e-10 0.000000e+00 0.000000e+00
-6.891072e-10 0.000000e+00 0.000000e+00
8.682383e-11 0.000000e+00 0.000000e+00
-6.796521e-10 0.000000e+00 0.000000e+00
1.446198e-10 0.000000e+00 0.000000e+00
2.456863e-10 0.000000e+00 0.000000e+00
-5.483202e-10 0.000000e+00 0.000000e+00
2.047867e-10 0.000000e+00 0.000000e+00
-7.265631e-11 0.000000e+00 0.000000e+00
1.825082e-10 0.000000e+00 0.000000e+00
-3.114348e-11 0.000000e+00 0.000000e+00
3.416756e-10 0.000000e+00 0.000000e+00
-1.663706e-09 0.000000e+00 0.000000e+00
-2.618657e-10 0.000000e+00 0.000000e+00
-3.113397e-10 0.000000e+00 0.000000e+00
2.507361e-10 0.000000e+00 0.000000e+00
-1.724923e-10 0.000000e+00 0.000000e+00
3.769603e-10 0.000000e+00 0.000000e+00
1.652388e-11 0.000000e+00 0.000000e+00
4.429107e-10 0.000000e+00 0.000000e+00
-3.283926e-10 0.000000e+00 0.000000e+00
-6.526682e-12 0.000000e+00 0.000000e+00
-3.089655e-10 0.000000e+00 0.000000e+00
3.647124e-10 0.000000e+00 0.000000e+00
3.773489e-10 0.000000e+00 0.000000e+00
-1.929797e-10 0.000000e+00 0.000000e+00
-3.353787e-10 0.000000e+00 0.000000e+00
-6.806415e-10 0.000000e+00 0.000000e+00
4.354833e-10 0.000000e+00 0.000000e+00
-4.767353e-11 0.000000e+00 0.000000e+00
4.587747e-10 0.000000e+00 0.000000e+00
-4.580997e-10 0.000000e+00 0.000000e+00
-1.254281e-10 0.000000e+00 0.000000e+00
-1.759885e-10 0.000000e+00 0.000000e+00
-4.411023e-10 0.000000e+00 0.000000e+00
5.395085e-10 0.000000e+00 0.000000e+00
8.630305e-11 0.000000e+00 0.000000e+00
2.161731e-11 0.000000e+00 0.000000e+00
-2.973647e-11 0.000000e+00 0.000000e+00
2.727252e-10 0.000000e+00 0.000000e+00
5.037896e-10 0.000000e+00 0.000000e+00
1.127238e-10 0.000000e+00 0.000000e+00
2.193792e-10 0.000000e+00 0.000000e+00
-3.239088e-10 0.000000e+00 0.000000e+00
-9.111929e-11 0.000000e+00 0.000000e+00
-2.504972e-10 0.000000e+00 0.000000e+00
-9.810601e-11 0.000000e+00 0.000000e+00
-1.087969e-10 0.000000e+00 0.000000e+00
-1.035764e-10 0.000000e+00 0.000000e+00
-3.071646e-10 0.000000e+00 0.000000e+00
5.062631e-10 0.000000e+00 0.000000e+00
-3.260990e-10 0.000000e+00 0.000000e+00
6.681509e-11 0.000000e+00 0.000000e+00
3.327410e-10 0.000000e+00 0.000000e+00
-4.154854e-10 0.000000e+00 0.000000e+00
-7.580155e-10 0.000000e+00 0.000000e+00
5.598638e-10 0.000000e+00 0.000000e+00
5.520407e-10 0.000000e+00 0.000000e+00
-4.767214e-11 0.000000e+00 0.000000e+00
-2.201420e-10 0.000000e+00 0.000000e+00
8.294638e-11 0.000000e+00 0.000000e+00
5.727731e-10 0.000000e+00 0.000000e+00
5.439485e-11 0.000000e+00 0.000000e+00
3.743537e-10 0.000000e+00 0.000000e+00
-5.326459e-11 0.000000e+00 0.000000e+00
2.306275e-10 0.000000e+00 0.000000e+00
-1.438965e-10 0.000000e+00 0.000000e+00
-9.698704e-11 0.000000e+00 0.000000e+00
2.391277e-11 0.000000e+00 0.000000e+00
1.158649e-10 0.000000e+00 0.000000e+00
-5.311986e-11 0.000000e+00 0.000000e+00
-3.683241e-10 0.000000e+00 0.000000e+00
-3.188693e-10 0.000000e+00 0.000000e+00
5.645368e-11 0.000000e+00 0.000000e+00
3.068764e-10 0.000000e+00 0.000000e+00
-2.944577e-10 0.000000e+00 0.000000e+00
3.977789e-10 0.000000e+00 0.000000e+00
1.157744e-10 0.000000e+00 0.000000e+00
6.845502e-11 0.000000e+00 0.000000e+00
-5.809127e-10 0.000000e+00 0.000000e+00
-5.101666e-10 0.000000e+00 0.000000e+00
-1.386388e-10 0.000000e+00 0.000000e+00
1.118464e-10 0.000000e+00 0.000000e+00
1.678897e-10 0.000000e+00 0.000000e+00
9.255827e-12 0.000000e+00 0.000000e+00
-1.135344e-10 0.000000e+00 0.000000e+00
-5.885716e-10 0.000000e+00 0.000000e+00
2.661289e-10 0.000000e+00 0.000000e+00
1.576803e-10 0.000000e+00 0.000000e+00
3.093162e-10 0.000000e+00 0.000000e+00
-1.217002e-10 0.000000e+00 0.000000e+00
4.332194e-10 0.000000e+00 0.000000e+00
2.110048e-10 0.000000e+00 0.000000e+00
-7.688095e-10 0.000000e+00 0.000000e+00
-2.650262e-10 0.000000e+00 0.000000e+00
-1.172020e-10 0.000000e+00 0.000000e+00
2.522469e-11 0.000000e+00 0.000000e+00
-3.768732e-11 0.000000e+00 0.000000e+00
6.155081e-10 0.000000e+00 0.000000e+00
2.337979e-10 0.000000e+00 0.000000e+00
3.410038e-10 0.000000e+00 0.000000e+00
-7.246550e-11 0.000000e+00 0.000000e+00
-3.442074e-11 0.000000e+00 0.000000e+00
1.956831e-10 0.000000e+00 0.000000e+00
-1.289503e-10 0.000000e+00 0.000000e+00
-1.811508e-10 0.000000e+00 0.000000e+00
9.647492e-11 0.000000e+00 0.000000e+00
-1.352452e-10 0.000000e+00 0.000000e+00
-7.827608e-11 0.000000e+00 0.000000e+00
-5.327888e-10 0.000000e+00 0.000000e+00
-1.873649e-10 0.000000e+00 0.000000e+00
-1.709695e-10 0.000000e+00 0.000000e+00
2.624892e-10 0.000000e+00 0.000000e+00
1.503932e-10 0.000000e+00 0.000000e+00
2.104545e-11 0.000000e+00 0.000000e+00
4.951310e-10 0.000000e+00 0.000000e+00
4.011549e-11 0.000000e+00 0.000000e+00
-1.467779e-11 0.000000e+00 0.000000e+00
-5.678804e-12 0.000000e+00 0.000000e+00
-3.263021e-10 0.000000e+00 0.000000e+00
-2.678933e-10 0.000000e+00 0.000000e+00
3.076853e-10 0.000000e+00 0.000000e+00
-1.669857e-11 0.000000e+00 0.000000e+00
6.917152e-11 0.000000e+00 0.000000e+00
7.075003e-11 0.000000e+00 0.000000e+00
4.824053e-10 0.000000e+00 0.000000e+00
2.157934e-10 0.000000e+00 0.000000e+00
-3.662953e-10 0.000000e+00 0.000000e+00
1.903776e-10 0.000000e+00 0.000000e+00
-7.490623e-10 0.000000e+00 0.000000e+00
-3.454779e-10 0.000000e+00 0.000000e+00
3.768891e-10 0.000000e+00 0.000000e+00
-2.308190e-10 0.000000e+00 0.000000e+00
1.068803e-10 0.000000e+00 0.000000e+00
5.766781e-11 0.000000e+00 0.000000e+00
8.966872e-11 0.000000e+00 0.000000e+00
1.999026e-10 0.000000e+00 0.000000e+00
9.543626e-11 0.000000e+00 0.000000e+00
2.908946e-10 0.000000e+00 0.000000e+00
3.166953e-10 0.000000e+00 0.000000e+00
-3.854702e-10 0.000000e+00 0.000000e+00
4.689921e-11 0.000000e+00 0.000000e+00
-4.121301e-11 0.000000e+00 0.000000e+00
-3.322570e-11 0.000000e+00 0.000000e+00
6.036827e-11 0.000000e+00 0.000000e+00
3.250893e-10 0.000000e+00 0.000000e+00
-1.194910e-10 0.000000e+00 0.000000e+00
5.278847e-10 0.000000e+00 0.000000e+00
-2.782774e-11 0.000000e+00 0.000000e+00
-7.959375e-10 0.000000e+00 0.000000e+00
2.180327e-11 0.000000e+00 0.000000e+00
-4.179924e-10 0.000000e+00 0.000000e+00
-1.754618e-10 0.000000e+00 0.000000e+00
5.992858e-10 0.000000e+00 0.000000e+00
4.656768e-11 0.000000e+00 0.000000e+00
1.135419e-11 0.000000e+00 0.000000e+00
-1.099623e-10 0.000000e+00 0.000000e+00
3.081159e-10 0.000000e+00 0.000000e+00
-1.042131e-10 0.000000e+00 0.000000e+00
5.391353e-10 0.000000e+00 0.000000e+00
-1.319026e-10 0.000000e+00 0.000000e+00
4.429496e-10 0.000000e+00 0.000000e+00
-2.476524e-10 0.000000e+00 0.000000e+00
9.509351e-11 0.000000e+00 0.000000e+00
2.450810e-10 0.000000e+00 0.000000e+00
5.584264e-10 0.000000e+00 0.000000e+00
-6.081378e-10 0.000000e+00 0.000000e+00
-5.923749e-10 0.000000e+00 0.000000e+00
-4.028518e-11 0.000000e+00 0.000000e+00
9.712373e-11 0.000000e+00 0.000000e+00
-2.922283e-10 0.000000e+00 0.000000e+00
3.636422e-10 0.000000e+00 0.000000e+00
-4.877716e-10 0.000000e+00 0.000000e+00
-8.094687e-10 0.000000e+00 0.000000e+00
2.499958e-10 0.000000e+00 0.000000e+00
1.681026e-10 0.000000e+00 0.000000e+00
1.429696e-10 0.000000e+00 0.000000e+00
-4.658147e-10 0.000000e+00 0.000000e+00
1.413904e-11 0.000000e+00 0.000000e+00
2.092100e-10 0.000000e+00 0.000000e+00
9.264743e-11 0.000000e+00 0.000000e+00
-2.229541e-10 0.000000e+00 0.000000e+00
2.370117e-10 0.000000e+00 0.000000e+00
2.773085e-10 0.000000e+00 0.000000e+00
-1.839564e-10 0.000000e+00 0.000000e+00
-7.755950e-11 0.000000e+00 0.000000e+00
-4.551488e-10 0.000000e+00 0.000000e+00
1.722691e-10 0.000000e+00 0.000000e+00
1.457463e-10 0.000000e+00 0.000000e+00
-4.716150e-10 0.000000e+00 0.000000e+00
1.185073e-10 0.000000e+00 0.000000e+00
-2.552460e-10 0.000000e+00 0.000000e+00
2.787745e-10 0.000000e+00 0.000000e+00
3.404581e-10 0.000000e+00 0.000000e+00
3.765800e-10 0.000000e+00 0.000000e+00
3.201305e-10 0.000000e+00 0.000000e+00
3.505628e-10 0.000000e+00 0.000000e+00
3.732387e-10 0.000000e+00 0.000000e+00
5.132725e-10 0.000000e+00 0.000000e+00
3.846793e-10 0.000000e+00 0.000000e+00
4.001995e-10 0.000000e+00 0.000000e+00
3.237475e-10 0.000000e+00 0.000000e+00
5.407611e-10 0.000000e+00 0.000000e+00
4.786757e-10 0.000000e+00 0.000000e+00
4.125919e-10 0.000000e+00 0.000000e+00
4.557660e-10 0.000000e+00 0.000000e+00
3.625081e-10 0.000000e+00 0.000000e+00
3.052116e-10 0.000000e+00 0.000000e+00
3.354508e-10 0.000000e+00 0.000000e+00
3.236743e-10 0.000000e+00 0.000000e+00
3.195818e-10 0.000000e+00 0.000000e+00
5.189230e-10 0.000000e+00 0.000000e+00
5.031489e-10 0.000000e+00 0.000000e+00
4.216032e-10 0.000000e+00 0.000000e+00
4.066633e-10 0.000000e+00 0.000000e+00
4.931899e-10 0.000000e+00 0.000000e+00
3.951925e-10 0.000000e+00 0.000000e+00
4.893902e-10 0.000000e+00 0.000000e+00
3.413943e-10 0.000000e+00 0.000000e+00
4.301810e-10 0.000000e+00 0.000000e+00
3.095809e-10 0.000000e+00 0.000000e+00
3.551956e-10 0.000000e+00 0.000000e+00
5.848477e-10 0.000000e+00 0.000000e+00
4.387944e-10 0.000000e+00 0.000000e+00
3.272387e-10 0.000000e+00 0.000000e+00
3.194740e-10 0.000000e+00 0.000000e+00
5.569603e-10 0.000000e+00 0.000000e+00
4.816803e-10 0.000000e+00 0.000000e+00
4.212031e-10 0.000000e+00 0.000000e+00
3.632762e-10 0.000000e+00 0.000000e+00
4.743426e-10 0.000000e+00 0.000000e+00
3.605746e-10 0.000000e+00 0.000000e+00
3.521553e-10 0.000000e+00 0.000000e+00
5.215739e-10 0.000000e+00 0.000000e+00
5.139502e-10 0.000000e+00 0.000000e+00
3.284361e-10 0.000000e+00 0.000000e+00
3.268233e-10 0.000000e+00 0.000000e+00
5.150997e-10 0.000000e+00 0.000000e+00
5.052040e-10 0.000000e+00 0.000000e+00
4.761861e-10 0.000000e+00 0.000000e+00
5.694108e-10 0.000000e+00 0.000000e+00
4.774932e-10 0.000000e+00 0.000000e+00
5.822500e-10 0.000000e+00 0.000000e+00
3.879301e-10 0.000000e+00 0.000000e+00
4.113268e-10 0.000000e+00 0.000000e+00
5.113170e-10 0.000000e+00 0.000000e+00
5.679097e-10 0.000000e+00 0.000000e+00
4.064587e-10 0.000000e+00 0.000000e+00
4.278216e-10 0.000000e+00 0.000000e+00
5.602956e-10 0.000000e+00 0.000000e+00
5.282954e-10 0.000000e+00 0.000000e+00
5.316876e-10 0.000000e+00 0.000000e+00
5.804535e-10 0.000000e+00 0.000000e+00
5.062636e-10 0.000000e+00 0.000000e+00
5.286791e-10 0.000000e+00 0.000000e+00
3.752026e-10 0.000000e+00 0.000000e+00
3.548552e-10 0.000000e+00 0.000000e+00
5.205260e-10 0.000000e+00 0.000000e+00
3.339274e-10 0.000000e+00 0.000000e+00
3.757547e-10 0.000000e+00 0.000000e+00
5.896218e-10 0.000000e+00 0.000000e+00
4.611290e-10 0.000000e+00 0.000000e+00
3.766366e-10 0.000000e+00 0.000000e+00
4.787267e-10 0.000000e+00 0.000000e+00
3.122808e-10 0.000000e+00 0.000000e+00
5.228332e-10 0.000000e+00 0.000000e+00
3.733796e-10 0.000000e+00 0.000000e+00
4.238151e-10 0.000000e+00 0.000000e+00
3.430835e-10 0.000000e+00 0.000000e+00
3.246499e-10 0.000000e+00 0.000000e+00
4.590305e-10 0.000000e+00 0.000000e+00
5.276370e-10 0.000000e+00 0.000000e+00
5.457863e-10 0.000000e+00 0.000000e+00
3.512446e-10 0.000000e+00 0.000000e+00
5.296181e-10 0.000000e+00 0.000000e+00
4.049939e-10 0.000000e+00 0.000000e+00
6.048987e-10 0.000000e+00 0.000000e+00
3.508954e-10 0.000000e+00 0.000000e+00
3.479346e-10 0.000000e+00 0.000000e+00
3.407155e-10 0.000000e+00 0.000000e+00
3.188406e-10 0.000000e+00 0.000000e+00
3.544352e-10 0.000000e+00 0.000000e+00
4.170081e-10 0.000000e+00 0.000000e+00
3.424559e-10 0.000000e+00 0.000000e+00
3.826213e-10 0.000000e+00 0.000000e+00
4.071870e-10 0.000000e+00 0.000000e+00
3.962571e-10 0.000000e+00 0.000000e+00
3.512060e-10 0.000000e+00 0.000000e+00
4.464117e-10 0.000000e+00 0.000000e+00
5.195270e-10 0.000000e+00 0.000000e+00
5.005750e-10 0.000000e+00 0.000000e+00
3.508491e-10 0.000000e+00 0.000000e+00
5.274193e-10 0.000000e+00 0.000000e+00
4.330075e-10 0.000000e+00 0.000000e+00
3.914020e-10 0.000000e+00 0.000000e+00
3.316267e-10 0.000000e+00 0.000000e+00
3.288017e-10 0.000000e+00 0.000000e+00
3.173440e-10 0.000000e+00 0.000000e+00
4.911353e-10 0.000000e+00 0.000000e+00
3.850789e-10 0.000000e+00 0.000000e+00
4.974226e-10 0.000000e+00 0.000000e+00
3.268409e-10 0.000000e+00 0.000000e+00
3.578363e-10 0.000000e+00 0.000000e+00
3.702094e-10 0.000000e+00 0.000000e+00
3.788602e-10 0.000000e+00 0.000000e+00
3.860267e-10 0.000000e+00 0.000000e+00
5.386237e-10 0.000000e+00 0.000000e+00
3.150982e-10 0.000000e+00 0.000000e+00
4.773728e-10 0.000000e+00 0.000000e+00
5.627446e-10 0.000000e+00 0.000000e+00
6.129749e-10 0.000000e+00 0.000000e+00
4.311403e-10 0.000000e+00 0.000000e+00
5.709847e-10 0.000000e+00 0.000000e+00
5.606130e-10 0.000000e+00 0.000000e+00
3.874518e-10 0.000000e+00 0.000000e+00
4.602052e-10 0.000000e+00 0.000000e+00
5.820991e-10 0.000000e+00 0.000000e+00
6.264076e-10 0.000000e+00 0.000000e+00
4.747182e-10 0.000000e+00 0.000000e+00
3.926502e-10 0.000000e+00 0.000000e+00
3.402562e-10 0.000000e+00 0.000000e+00
3.353477e-10 0.000000e+00 0.000000e+00
3.842162e-10 0.000000e+00 0.000000e+00
3.082160e-10 0.000000e+00 0.000000e+00
4.964557e-10 0.000000e+00 0.000000e+00
4.285295e-10 0.000000e+00 0.000000e+00
3.595393e-10 0.000000e+00 0.000000e+00
5.481205e-10 0.000000e+00 0.000000e+00
4.795138e-10 0.000000e+00 0.000000e+00
3.586682e-10 0.000000e+00 0.000000e+00
4.868634e-10 0.000000e+00 0.000000e+00
5.306978e-10 0.000000e+00 0.000000e+00
4.853873e-10 0.000000e+00 0.000000e+00
3.800146e-10 0.000000e+00 0.000000e+00
5.007624e-10 0.000000e+00 0.000000e+00
3.557501e-10 0.000000e+00 0.000000e+00
3.701302e-10 0.000000e+00 0.000000e+00
3.711913e-10 0.000000e+00 0.000000e+00
3.644632e-10 0.000000e+00 0.000000e+00
3.058531e-10 0.000000e+00 0.000000e+00
4.457980e-10 0.000000e+00 0.000000e+00
4.865686e-10 0.000000e+00 0.000000e+00
4.201054e-10 0.000000e+00 0.000000e+00
5.047880e-10 0.000000e+00 0.000000e+00
4.005387e-10 0.000000e+00 0.000000e+00
5.773152e-10 0.000000e+00 0.000000e+00
4.648235e-10 0.000000e+00 0.000000e+00
5.507868e-10 0.000000e+00 0.000000e+00
3.719124e-10 0.000000e+00 0.000000e+00
4.707217e-10 0.000000e+00 0.000000e+00
3.620410e-10 0.000000e+00 0.000000e+00
4.785499e-10 0.000000e+00 0.000000e+00
3.579711e-10 0.000000e+00 0.000000e+00
2.983040e-10 0.000000e+00 0.000000e+00
3.670071e-10 0.000000e+00 0.000000e+00
4.036972e-10 0.000000e+00 0.000000e+00
4.670667e-10 0.000000e+00 0.000000e+00
3.072091e-10 0.000000e+00 0.000000e+00
3.298534e-10 0.000000e+00 0.000000e+00
4.147180e-10 0.000000e+00 0.000000e+00
5.546531e-10 0.000000e+00 0.000000e+00
4.037968e-10 0.000000e+00 0.000000e+00
4.749712e-10 0.000000e+00 0.000000e+00
5.222856e-10 0.000000e+00 0.000000e+00
3.629399e-10 0.000000e+00 0.000000e+00
4.856498e-10 0.000000e+00 0.000000e+00
5.266900e-10 0.000000e+00 0.000000e+00
3.520887e-10 0.000000e+00 0.000000e+00
4.587325e-10 0.000000e+00 0.000000e+00
3.981552e-10 0.000000e+00 0.000000e+00
4.292217e-10 0.000000e+00 0.000000e+00
3.737862e-10 0.000000e+00 0.000000e+00
3.133829e-10 0.000000e+00 0.000000e+00
4.525694e-10 0.000000e+00 0.000000e+00
3.401479e-10 0.000000e+00 0.000000e+00
3.267908e-10 0.000000e+00 0.000000e+00
3.466242e-10 0.000000e+00 0.000000e+00
3.926397e-10 0.000000e+00 0.000000e+00
4.584395e-10 0.000000e+00 0.000000e+00
3.256430e-10 0.000000e+00 0.000000e+00
3.629834e-10 0.000000e+00 0.000000e+00
3.041625e-10 0.000000e+00 0.000000e+00
3.218432e-10 0.000000e+00 0.000000e+00
4.409844e-10 0.000000e+00 0.000000e+00
5.240247e-10 0.000000e+00 0.000000e+00
3.447415e-10 0.000000e+00 0.000000e+00
3.405729e-10 0.000000e+00 0.000000e+00
5.818753e-10 0.000000e+00 0.000000e+00
3.385701e-10 0.000000e+00 0.000000e+00
3.216671e-10 0.000000e+00 0.000000e+00
5.332631e-10 0.000000e+00 0.000000e+00
3.259337e-10 0.000000e+00 0.000000e+00
3.935366e-10 0.000000e+00 0.000000e+00
3.589989e-10 0.000000e+00 0.000000e+00
5.131216e-10 0.000000e+00 0.000000e+00
4.659771e-10 0.000000e+00 0.000000e+00
5.337307e-10 0.000000e+00 0.000000e+00
3.311281e-10 0.000000e+00 0.000000e+00
5.038895e-10 0.000000e+00 0.000000e+00
4.607307e-10 0.000000e+00 0.000000e+00
5.574338e-10 0.000000e+00 0.000000e+00
4.438895e-10 0.000000e+00 0.000000e+00
4.063720e-10 0.000000e+00 0.000000e+00
6.267370e-10 0.000000e+00 0.000000e+00
5.787596e-10 0.000000e+00 0.000000e+00
3.241055e-10 0.000000e+00 0.000000e+00
3.230616e-10 0.000000e+00 0.000000e+00
3.381688e-10 0.000000e+00 0.000000e+00
5.049572e-10 0.000000e+00 0.000000e+00
4.748791e-10 0.000000e+00 0.000000e+00
5.137574e-10 0.000000e+00 0.000000e+00
5.017925e-10 0.000000e+00 0.000000e+00
5.916922e-10 0.000000e+00 0.000000e+00
3.624252e-10 0.000000e+00 0.000000e+00
3.188645e-10 0.000000e+00 0.000000e+00
4.036862e-10 0.000000e+00 0.000000e+00
3.389601e-10 0.000000e+00 0.000000e+00
4.400119e-10 0.000000e+00 0.000000e+00
4.901396e-10 0.000000e+00 0.000000e+00
3.771357e-10 0.000000e+00 0.000000e+00
3.324090e-10 0.000000e+00 0.000000e+00
3.123244e-10 0.000000e+00 0.000000e+00
5.178446e-10 0.000000e+00 0.000000e+00
4.332673e-10 0.000000e+00 0.000000e+00
5.750775e-10 0.000000e+00 0.000000e+00
3.677683e-10 0.000000e+00 0.000000e+00
3.150610e-10 0.000000e+00 0.000000e+00
4.345054e-10 0.000000e+00 0.000000e+00
3.618879e-10 0.000000e+00 0.000000e+00
3.503378e-10 0.000000e+00 0.000000e+00
5.869274e-10 0.000000e+00 0.000000e+00
4.236976e-10 0.000000e+00 0.000000e+00
4.992239e-10 0.000000e+00 0.000000e+00
3.449142e-10 0.000000e+00 0.000000e+00
4.640588e-10 0.000000e+00 0.000000e+00
3.213106e-10 0.000000e+00 0.000000e+00
4.771810e-10 0.000000e+00 0.000000e+00
3.760344e-10 0.000000e+00 0.000000e+00
4.503971e-10 0.000000e+00 0.000000e+00
6.004587e-10 0.000000e+00 0.000000e+00
4.856547e-10 0.000000e+00 0.000000e+00
5.042062e-10 0.000000e+00 0.000000e+00
4.270261e-10 0.000000e+00 0.000000e+00
3.808084e-10 0.000000e+00 0.000000e+00
4.959435e-10 0.000000e+00 0.000000e+00
5.476740e-10 0.000000e+00 0.000000e+00
5.178777e-10 0.000000e+00 0.000000e+00
3.161944e-10 0.000000e+00 0.000000e+00
4.523753e-10 0.000000e+00 0.000000e+00
3.409660e-10 0.000000e+00 0.000000e+00
6.319053e-10 0.000000e+00 0.000000e+00
3.023627e-10 0.000000e+00 0.000000e+00
4.747797e-10 0.000000e+00 0.000000e+00
3.139496e-10 0.000000e+00 0.000000e+00
4.272390e-10 0.000000e+00 0.000000e+00
3.527521e-10 0.000000e+00 0.000000e+00
4.480370e-10 0.000000e+00 0.000000e+00
6.299774e-10 0.000000e+00 0.000000e+00
4.071833e-10 0.000000e+00 0.000000e+00
4.609840e-10 0.000000e+00 0.000000e+00
4.394274e-10 0.000000e+00 0.000000e+00
4.523578e-10 0.000000e+00 0.000000e+00
5.812549e-10 0.000000e+00 0.000000e+00
5.837535e-10 0.000000e+00 0.000000e+00
5.892305e-10 0.000000e+00 0.000000e+00
6.094919e-10 0.000000e+00 0.000000e+00
3.686555e-10 0.000000e+00 0.000000e+00
5.381517e-10 0.000000e+00 0.000000e+00
3.837565e-10 0.000000e+00 0.000000e+00
4.070542e-10 0.000000e+00 0.000000e+00
5.424723e-10 0.000000e+00 0.000000e+00
4.823182e-10 0.000000e+00 0.000000e+00
3.746183e-10 0.000000e+00 0.000000e+00
4.678461e-10 0.000000e+00 0.000000e+00
4.100372e-10 0.000000e+00 0.000000e+00
5.569781e-10 0.000000e+00 0.000000e+00
3.862980e-10 0.000000e+00 0.000000e+00
4.209077e-10 0.000000e+00 0.000000e+00
4.794085e-10 0.000000e+00 0.000000e+00
3.720107e-10 0.000000e+00 0.000000e+00
5.092495e-10 0.000000e+00 0.000000e+00
3.098665e-10 0.000000e+00 0.000000e+00
3.861613e-10 0.000000e+00 0.000000e+00
4.126269e-10 0.000000e+00 0.000000e+00
4.520103e-10 0.000000e+00 0.000000e+00
4.087488e-10 0.000000e+00 0.000000e+00
4.734547e-10 0.000000e+00 0.000000e+00
5.270875e-10 0.000000e+00 0.000000e+00
4.234701e-10 0.000000e+00 0.000000e+00
4.265191e-10 0.000000e+00 0.000000e+00
5.181922e-10 0.000000e+00 0.000000e+00
3.533423e-10 0.000000e+00 0.000000e+00
3.478537e-10 0.000000e+00 0.000000e+00
3.344391e-10 0.000000e+00 0.000000e+00
3.164328e-10 0.000000e+00 0.000000e+00
5.885731e-10 0.000000e+00 0.000000e+00
4.137961e-10 0.000000e+00 0.000000e+00
3.765989e-10 0.000000e+00 0.000000e+00
3.899426e-10 0.000000e+00 0.000000e+00
5.043047e-10 0.000000e+00 0.000000e+00
4.966314e-10 0.000000e+00 0.000000e+00
4.284175e-10 0.000000e+00 0.000000e+00
5.813316e-10 0.000000e+00 0.000000e+00
3.527185e-10 0.000000e+00 0.000000e+00
5.794900e-10 0.000000e+00 0.000000e+00
3.905848e-10 0.000000e+00 0.000000e+00
3.569915e-10 0.000000e+00 0.000000e+00
3.447393e-10 0.000000e+00 0.000000e+00
5.158261e-10 0.000000e+00 0.000000e+00
3.970389e-10 0.000000e+00 0.000000e+00
5.622615e-10 0.000000e+00 0.000000e+00
3.087689e-10 0.000000e+00 0.000000e+00
3.569083e-10 0.000000e+00 0.000000e+00
3.851575e-10 0.000000e+00 0.000000e+00
5.738671e-10 0.000000e+00 0.000000e+00
4.860556e-10 0.000000e+00 0.000000e+00
3.054738e-10 0.000000e+00 0.000000e+00
4.533893e-10 0.000000e+00 0.000000e+00
5.127721e-10 0.000000e+00 0.000000e+00
3.351802e-10 0.000000e+00 0.000000e+00
5.954174e-10 0.000000e+00 0.000000e+00
4.881301e-10 0.000000e+00 0.000000e+00
3.775634e-10 0.000000e+00 0.000000e+00
3.688733e-10 0.000000e+00 0.000000e+00
5.253736e-10 0.000000e+00 0.000000e+00
4.298328e-10 0.000000e+00 0.000000e+00
3.234554e-10 0.000000e+00 0.000000e+00
5.201123e-10 0.000000e+00 0.000000e+00
4.182014e-10 0.000000e+00 0.000000e+00
4.419678e-10 0.000000e+00 0.000000e+00
3.108637e-10 0.000000e+00 0.000000e+00
4.180001e-10 0.000000e+00 0.000000e+00
4.568516e-10 0.000000e+00 0.000000e+00
4.345328e-10 0.000000e+00 0.000000e+00
4.969229e-10 0.000000e+00 0.000000e+00
5.830747e-10 0.000000e+00 0.000000e+00
4.193528e-10 0.000000e+00 0.000000e+00
5.478838e-10 0.000000e+00 0.000000e+00
3.237448e-10 0.000000e+00 0.000000e+00
5.003749e-10 0.000000e+00 0.000000e+00
4.172677e-10 0.000000e+00 0.000000e+00
4.232728e-10 0.000000e+00 0.000000e+00
4.756778e-10 0.000000e+00 0.000000e+00
3.297326e-10 0.000000e+00 0.000000e+00
4.304151e-10 0.000000e+00 0.000000e+00
3.539476e-10 0.000000e+00 0.000000e+00
5.062032e-10 0.000000e+00 0.000000e+00
5.297684e-10 0.000000e+00 0.000000e+00
5.264928e-10 0.000000e+00 0.000000e+00
5.570434e-10 0.000000e+00 0.000000e+00
3.943281e-10 0.000000e+00 0.000000e+00
3.544406e-10 0.000000e+00 0.000000e+00
5.225288e-10 0.000000e+00 0.000000e+00
3.163730e-10 0.000000e+00 0.000000e+00
3.708499e-10 0.000000e+00 0.000000e+00
3.393329e-10 0.000000e+00 0.000000e+00
3.139194e-10 0.000000e+00 0.000000e+00
3.339679e-10 0.000000e+00 0.000000e+00
4.138077e-10 0.000000e+00 0.000000e+00
3.059999e-10 0.000000e+00 0.000000e+00
3.600745e-10 0.000000e+00 0.000000e+00
3.569044e-10 0.000000e+00 0.000000e+00
3.899211e-10 0.000000e+00 0.000000e+00
3.885707e-10 0.000000e+00 0.000000e+00
4.805954e-10 0.000000e+00 0.000000e+00
4.283691e-10 0.000000e+00 0.000000e+00
3.599693e-10 0.000000e+00 0.000000e+00
4.985508e-10 0.000000e+00 0.000000e+00
5.988612e-10 0.000000e+00 0.000000e+00
5.203045e-10 0.000000e+00 0.000000e+00
4.102987e-10 0.000000e+00 0.000000e+00
4.965072e-10 0.000000e+00 0.000000e+00
4.764368e-10 0.000000e+00 0.000000e+00
3.461769e-10 0.000000e+00 0.000000e+00
5.352232e-10 0.000000e+00 0.000000e+00
3.496747e-10 0.000000e+00 0.000000e+00
4.560030e-10 0.000000e+00 0.000000e+00
3.434267e-10 0.000000e+00 0.000000e+00
4.651149e-10 0.000000e+00 0.000000e+00
4.608627e-10 0.000000e+00 0.000000e+00
4.521788e-10 0.000000e+00 0.000000e+00
5.427903e-10 0.000000e+00 0.000000e+00
3.041781e-10 0.000000e+00 0.000000e+00
3.999975e-10 0.000000e+00 0.000000e+00
5.196401e-10 0.000000e+00 0.000000e+00
3.614885e-10 0.000000e+00 0.000000e+00
3.633906e-10 0.000000e+00 0.000000e+00
6.327562e-10 0.000000e+00 0.000000e+00
4.043622e-10 0.000000e+00 0.000000e+00
3.132794e-10 0.000000e+00 0.000000e+00
4.504827e-10 0.000000e+00 0.000000e+00
4.550652e-10 0.000000e+00 0.000000e+00
6.136763e-10 0.000000e+00 0.000000e+00
4.637198e-10 0.000000e+00 0.000000e+00
3.236083e-10 0.000000e+00 0.000000e+00
5.150908e-10 0.000000e+00 0.000000e+00
3.333053e-10 0.000000e+00 0.000000e+00
4.162689e-10 0.000000e+00 0.000000e+00
3.664751e-10 0.000000e+00 0.000000e+00
5.115854e-10 0.000000e+00 0.000000e+00
5.339369e-10 0.000000e+00 0.000000e+00
4.549845e-10 0.000000e+00 0.000000e+00
4.399266e-10 0.000000e+00 0.000000e+00
4.745886e-10 0.000000e+00 0.000000e+00
4.346031e-10 0.000000e+00 0.000000e+00
5.118148e-10 0.000000e+00 0.000000e+00
3.520406e-10 0.000000e+00 0.000000e+00
3.412034e-10 0.000000e+00 0.000000e+00
6.165931e-10 0.000000e+00 0.000000e+00
5.317041e-10 0.000000e+00 0.000000e+00
3.914648e-10 0.000000e+00 0.000000e+00
3.789291e-10 0.000000e+00 0.000000e+00
5.084080e-10 0.000000e+00 0.000000e+00
4.133371e-10 0.000000e+00 0.000000e+00
4.075101e-10 0.000000e+00 0.000000e+00
3.679113e-10 0.000000e+00 0.000000e+00
4.586593e-10 0.000000e+00 0.000000e+00
3.267226e-10 0.000000e+00 0.000000e+00
3.796717e-10 0.000000e+00 0.000000e+00
3.653057e-10 0.000000e+00 0.000000e+00
5.349145e-10 0.000000e+00 0.000000e+00
4.838282e-10 0.000000e+00 0.000000e+00
3.587266e-10 0.000000e+00 0.000000e+00
4.253135e-10 0.000000e+00 0.000000e+00
6.078016e-10 0.000000e+00 0.000000e+00
3.843257e-10 0.000000e+00 0.000000e+00
3.735437e-10 0.000000e+00 0.000000e+00
3.853929e-10 0.000000e+00 0.000000e+00
3.898253e-10 0.000000e+00 0.000000e+00
3.154742e-10 0.000000e+00 0.000000e+00
3.894396e-10 0.000000e+00 0.000000e+00
6.089477e-10 0.000000e+00 0.000000e+00
4.114114e-10 0.000000e+00 0.000000e+00
4.807473e-10 0.000000e+00 0.000000e+00
4.061002e-10 0.000000e+00 0.000000e+00
3.780771e-10 0.000000e+00 0.000000e+00
4.724337e-10 0.000000e+00 0.000000e+00
5.282133e-10 0.000000e+00 0.000000e+00
4.002697e-10 0.000000e+00 0.000000e+00
5.338493e-10 0.000000e+00 0.000000e+00
5.415080e-10 0.000000e+00 0.000000e+00
3.356038e-10 0.000000e+00 0.000000e+00
3.464723e-10 0.000000e+00 0.000000e+00
4.234477e-10 0.000000e+00 0.000000e+00
5.642001e-10 0.000000e+00 0.000000e+00
4.001808e-10 0.000000e+00 0.000000e+00
3.957394e-10 0.000000e+00 0.000000e+00
4.718678e-10 0.000000e+00 0.000000e+00
5.627674e-10 0.000000e+00 0.000000e+00
4.749145e-10 0.000000e+00 0.000000e+00
4.388504e-10 0.000000e+00 0.000000e+00
3.953403e-10 0.000000e+00 0.000000e+00
3.621730e-10 0.000000e+00 0.000000e+00
5.357165e-10 0.000000e+00 0.000000e+00
3.447757e-10 0.000000e+00 0.000000e+00
5.158792e-10 0.000000e+00 0.000000e+00
3.239033e-10 0.000000e+00 0.000000e+00
4.920894e-10 0.000000e+00 0.000000e+00
4.574731e-10 0.000000e+00 0.000000e+00
4.278056e-10 0.000000e+00 0.000000e+00
3.830396e-10 0.000000e+00 0.000000e+00
4.998391e-10 0.000000e+00 0.000000e+00
3.308721e-10 0.000000e+00 0.000000e+00
4.669539e-10 0.000000e+00 0.000000e+00
3.237664e-10 0.000000e+00 0.000000e+00
3.105276e-10 0.000000e+00 0.000000e+00
3.301488e-10 0.000000e+00 0.000000e+00
5.199226e-10 0.000000e+00 0.000000e+00
6.321102e-10 0.000000e+00 0.000000e+00
3.694605e-10 0.000000e+00 0.000000e+00
5.177903e-10 0.000000e+00 0.000000e+00
3.140298e-10 0.000000e+00 0.000000e+00
