step K U E temp
0 7.471003e-22 -3.494797e-20 -3.420087e-20 1.082245e+02
1000 2.590606e-22 -4.091317e-20 -4.065411e-20 3.752737e+01
2000 7.920384e-22 -4.108980e-20 -4.029776e-20 1.147342e+02
3000 1.272378e-20 -3.817844e-20 -2.545466e-20 1.843159e+03
4000 1.399762e-21 -4.107502e-20 -3.967526e-20 2.027686e+02
5000 1.445062e-22 -3.716160e-20 -3.701709e-20 2.093308e+01
6000 5.837928e-23 -4.066154e-20 -4.060316e-20 8.456788e+00
7000 4.479770e-22 -4.081956e-20 -4.037159e-20 6.489368e+01
8000 2.541846e-21 -3.950939e-20 -3.696755e-20 3.682103e+02
9000 5.975281e-22 -3.898114e-20 -3.838361e-20 8.655756e+01
10000 3.651948e-21 -3.283291e-20 -2.918096e-20 5.290190e+02
11000 7.698916e-21 -3.638260e-20 -2.868369e-20 1.115260e+03
12000 1.707677e-21 -3.712155e-20 -3.541387e-20 2.473731e+02
13000 9.451252e-22 -4.010632e-20 -3.916120e-20 1.369103e+02
14000 4.815192e-21 -4.086511e-20 -3.604992e-20 6.975259e+02
15000 1.064906e-21 -4.073411e-20 -3.966921e-20 1.542617e+02
16000 8.167658e-22 -4.055409e-20 -3.973733e-20 1.183162e+02
17000 5.430644e-21 -4.084258e-20 -3.541194e-20 7.866799e+02
18000 5.296652e-21 -3.612185e-20 -3.082520e-20 7.672699e+02
19000 2.927675e-21 -3.978963e-20 -3.686195e-20 4.241013e+02
20000 3.261755e-22 -2.852856e-20 -2.820238e-20 4.724959e+01
21000 4.170822e-22 -3.980847e-20 -3.939138e-20 6.041828e+01
22000 2.290391e-21 -4.036192e-20 -3.807153e-20 3.317846e+02
23000 1.841483e-23 -3.826942e-20 -3.825101e-20 2.667561e+00
24000 5.269441e-22 -4.097003e-20 -4.044309e-20 7.633281e+01
25000 8.791474e-23 -4.057453e-20 -4.048662e-20 1.273528e+01
26000 1.041024e-20 -4.102845e-20 -3.061821e-20 1.508022e+03
27000 1.634012e-21 -3.831700e-20 -3.668299e-20 2.367020e+02
28000 5.171077e-22 -3.265263e-20 -3.213552e-20 7.490792e+01
29000 2.684176e-21 -4.096532e-20 -3.828114e-20 3.888282e+02
30000 2.122802e-23 -3.829567e-20 -3.827445e-20 3.075078e+00
31000 6.102976e-21 -4.000818e-20 -3.390521e-20 8.840735e+02
32000 2.664212e-21 -3.993876e-20 -3.727455e-20 3.859361e+02
33000 4.925735e-22 -3.970696e-20 -3.921439e-20 7.135390e+01
34000 1.383182e-22 -3.927987e-20 -3.914155e-20 2.003670e+01
35000 3.012095e-22 -4.074424e-20 -4.044303e-20 4.363303e+01
36000 1.645541e-23 -4.045826e-20 -4.044181e-20 2.383721e+00
37000 2.245507e-24 -4.001714e-20 -4.001490e-20 3.252829e-01
38000 7.889223e-21 -3.791041e-20 -3.002119e-20 1.142828e+03
39000 1.956270e-21 -4.074719e-20 -3.879092e-20 2.833841e+02
40000 6.482959e-21 -4.109215e-20 -3.460919e-20 9.391175e+02
41000 7.729137e-22 -4.070612e-20 -3.993320e-20 1.119638e+02
42000 1.375238e-21 -4.078597e-20 -3.941073e-20 1.992161e+02
43000 6.918313e-22 -4.087479e-20 -4.018296e-20 1.002183e+02
44000 1.262132e-22 -4.107384e-20 -4.094762e-20 1.828317e+01
45000 1.353728e-21 -3.773638e-20 -3.638265e-20 1.961002e+02
46000 9.956740e-23 -4.062890e-20 -4.052934e-20 1.442327e+01
47000 8.607449e-21 -4.087016e-20 -3.226271e-20 1.246870e+03
48000 3.130611e-22 -4.014846e-20 -3.983540e-20 4.534985e+01
49000 3.184743e-22 -4.068205e-20 -4.036357e-20 4.613400e+01
50000 1.298755e-21 -3.711669e-20 -3.581793e-20 1.881368e+02
51000 1.147334e-21 -4.027233e-20 -3.912499e-20 1.662021e+02
52000 1.884937e-21 -3.880327e-20 -3.691833e-20 2.730508e+02
53000 4.552744e-24 -4.082400e-20 -4.081944e-20 6.595077e-01
54000 6.575718e-22 -4.109126e-20 -4.043369e-20 9.525546e+01
55000 4.875036e-22 -3.528592e-20 -3.479841e-20 7.061949e+01
56000 1.884521e-21 -4.020714e-20 -3.832262e-20 2.729905e+02
57000 7.960347e-21 -4.056947e-20 -3.260913e-20 1.153131e+03
58000 1.757795e-21 -3.518485e-20 -3.342706e-20 2.546332e+02
59000 5.059090e-23 -3.981129e-20 -3.976070e-20 7.328568e+00
60000 1.054730e-20 -3.592170e-20 -2.537441e-20 1.527875e+03
61000 2.207573e-21 -3.970250e-20 -3.749493e-20 3.197878e+02
62000 1.092682e-21 -4.094776e-20 -3.985508e-20 1.582852e+02
63000 6.886118e-21 -4.089351e-20 -3.400740e-20 9.975190e+02
64000 2.228091e-22 -4.014273e-20 -3.991992e-20 3.227600e+01
65000 4.699207e-21 -4.106297e-20 -3.636376e-20 6.807244e+02
66000 1.937672e-22 -4.091319e-20 -4.071943e-20 2.806900e+01
67000 2.030070e-21 -3.895539e-20 -3.692532e-20 2.940748e+02
68000 2.282360e-21 -3.272072e-20 -3.043836e-20 3.306214e+02
69000 4.064148e-22 -3.779485e-20 -3.738843e-20 5.887302e+01
70000 1.515658e-21 -4.093533e-20 -3.941967e-20 2.195573e+02
71000 4.590620e-21 -4.009735e-20 -3.550673e-20 6.649945e+02
72000 2.827971e-21 -3.740831e-20 -3.458034e-20 4.096582e+02
73000 8.464618e-22 -3.997418e-20 -3.912772e-20 1.226180e+02
74000 3.353156e-21 -3.884043e-20 -3.548728e-20 4.857362e+02
75000 1.693919e-23 -4.077220e-20 -4.075526e-20 2.453802e+00
76000 1.263251e-22 -4.093160e-20 -4.080527e-20 1.829937e+01
77000 2.712975e-23 -4.033503e-20 -4.030790e-20 3.930000e+00
78000 3.680016e-21 -4.096565e-20 -3.728563e-20 5.330849e+02
79000 1.107090e-21 -3.571598e-20 -3.460889e-20 1.603724e+02
80000 6.843211e-24 -4.107939e-20 -4.107255e-20 9.913036e-01
81000 1.592589e-21 -3.947913e-20 -3.788654e-20 2.307015e+02
82000 4.707073e-21 -3.942328e-20 -3.471621e-20 6.818638e+02
83000 1.699706e-21 -4.063084e-20 -3.893114e-20 2.462184e+02
84000 3.527453e-23 -4.029777e-20 -4.026249e-20 5.109848e+00
85000 6.086162e-22 -3.464938e-20 -3.404076e-20 8.816379e+01
86000 1.763261e-21 -4.106068e-20 -3.929741e-20 2.554250e+02
87000 1.655324e-21 -4.109865e-20 -3.944333e-20 2.397892e+02
88000 7.362144e-22 -4.014626e-20 -3.941005e-20 1.066476e+02
89000 1.853740e-22 -4.038163e-20 -4.019626e-20 2.685317e+01
90000 4.536279e-21 -4.086463e-20 -3.632835e-20 6.571227e+02
91000 1.076032e-22 -4.108943e-20 -4.098182e-20 1.558734e+01
92000 3.001934e-22 -4.108489e-20 -4.078470e-20 4.348584e+01
93000 3.235501e-22 -3.537056e-20 -3.504701e-20 4.686928e+01
94000 1.265036e-25 -4.017820e-20 -4.017807e-20 1.832523e-02
95000 3.595986e-21 -4.049284e-20 -3.689686e-20 5.209124e+02
96000 3.299804e-25 -3.893519e-20 -3.893486e-20 4.780077e-02
97000 8.630181e-22 -4.062166e-20 -3.975864e-20 1.250163e+02
98000 3.565710e-22 -4.099042e-20 -4.063385e-20 5.165266e+01
99000 1.734422e-20 -4.080845e-20 -2.346423e-20 2.512474e+03
100000 7.224639e-23 -4.106563e-20 -4.099338e-20 1.046557e+01
101000 1.055670e-21 -3.859758e-20 -3.754191e-20 1.529238e+02
102000 4.383536e-21 -4.080258e-20 -3.641904e-20 6.349965e+02
103000 7.685253e-21 -3.894120e-20 -3.125594e-20 1.113281e+03
104000 4.368655e-23 -3.527621e-20 -3.523253e-20 6.328408e+00
105000 1.037984e-21 -4.077126e-20 -3.973328e-20 1.503617e+02
106000 6.821610e-22 -4.109497e-20 -4.041281e-20 9.881745e+01
107000 2.504412e-21 -4.065625e-20 -3.815184e-20 3.627876e+02
108000 1.202283e-21 -3.960576e-20 -3.840348e-20 1.741620e+02
109000 1.548358e-22 -4.108643e-20 -4.093160e-20 2.242942e+01
110000 1.008351e-21 -4.109947e-20 -4.009112e-20 1.460691e+02
111000 7.437111e-21 -3.988212e-20 -3.244501e-20 1.077336e+03
112000 2.293775e-22 -4.101688e-20 -4.078750e-20 3.322749e+01
113000 5.736320e-23 -4.108814e-20 -4.103077e-20 8.309600e+00
114000 1.066278e-21 -4.037457e-20 -3.930829e-20 1.544604e+02
115000 6.569702e-21 -4.030324e-20 -3.373353e-20 9.516832e+02
116000 1.972473e-21 -4.051766e-20 -3.854519e-20 2.857313e+02
117000 3.363502e-22 -4.103620e-20 -4.069985e-20 4.872350e+01
118000 1.249282e-21 -3.984696e-20 -3.859768e-20 1.809702e+02
119000 2.444571e-21 -3.642686e-20 -3.398229e-20 3.541191e+02
120000 4.124943e-21 -4.025225e-20 -3.612731e-20 5.975368e+02
121000 1.640523e-21 -3.813891e-20 -3.649839e-20 2.376452e+02
122000 2.228758e-23 -4.106238e-20 -4.104009e-20 3.228565e+00
123000 6.372507e-22 -4.094591e-20 -4.030866e-20 9.231176e+01
124000 1.481165e-22 -4.069897e-20 -4.055086e-20 2.145607e+01
125000 2.128584e-21 -3.445569e-20 -3.232711e-20 3.083454e+02
126000 2.252469e-21 -3.776985e-20 -3.551738e-20 3.262914e+02
127000 2.056401e-21 -3.780697e-20 -3.575057e-20 2.978890e+02
128000 1.792226e-21 -4.109878e-20 -3.930656e-20 2.596207e+02
129000 1.142694e-21 -3.550833e-20 -3.436564e-20 1.655300e+02
130000 4.936480e-22 -3.837388e-20 -3.788023e-20 7.150956e+01
131000 1.675227e-21 -3.644135e-20 -3.476613e-20 2.426724e+02
132000 1.913876e-22 -4.055252e-20 -4.036113e-20 2.772430e+01
133000 3.637311e-21 -3.917064e-20 -3.553333e-20 5.268988e+02
134000 3.905302e-24 -3.880531e-20 -3.880141e-20 5.657197e-01
135000 9.634100e-23 -3.778867e-20 -3.769233e-20 1.395590e+01
136000 1.326711e-21 -3.665246e-20 -3.532575e-20 1.921866e+02
137000 2.402540e-22 -4.038215e-20 -4.014189e-20 3.480305e+01
138000 8.241005e-23 -3.208455e-20 -3.200214e-20 1.193787e+01
139000 8.432580e-21 -3.540609e-20 -2.697351e-20 1.221539e+03
140000 5.921304e-22 -4.052982e-20 -3.993769e-20 8.577566e+01
141000 2.588675e-21 -3.488476e-20 -3.229608e-20 3.749939e+02
142000 1.901748e-21 -4.109882e-20 -3.919707e-20 2.754861e+02
143000 1.150946e-21 -4.060774e-20 -3.945680e-20 1.667254e+02
144000 2.741380e-21 -4.107381e-20 -3.833243e-20 3.971147e+02
145000 9.869342e-21 -3.930015e-20 -2.943080e-20 1.429667e+03
146000 9.940685e-21 -4.076835e-20 -3.082766e-20 1.440002e+03
147000 8.616371e-22 -3.832868e-20 -3.746704e-20 1.248162e+02
148000 1.971827e-22 -4.106306e-20 -4.086588e-20 2.856378e+01
149000 5.107115e-24 -3.892785e-20 -3.892274e-20 7.398137e-01
150000 2.617877e-21 -3.986596e-20 -3.724808e-20 3.792241e+02
151000 9.616198e-22 -4.075814e-20 -3.979652e-20 1.392997e+02
152000 1.009873e-20 -3.711953e-20 -2.702080e-20 1.462896e+03
153000 6.818462e-23 -4.109980e-20 -4.103162e-20 9.877184e+00
154000 4.689578e-21 -3.994221e-20 -3.525263e-20 6.793295e+02
155000 6.180204e-23 -3.525836e-20 -3.519656e-20 8.952607e+00
156000 1.584247e-21 -3.945343e-20 -3.786918e-20 2.294931e+02
157000 1.398895e-21 -4.024415e-20 -3.884525e-20 2.026431e+02
158000 1.285301e-21 -4.083853e-20 -3.955323e-20 1.861879e+02
159000 6.587407e-21 -3.421104e-20 -2.762364e-20 9.542479e+02
160000 3.290121e-22 -4.032978e-20 -4.000077e-20 4.766050e+01
161000 2.219916e-21 -3.681908e-20 -3.459917e-20 3.215757e+02
162000 2.023609e-21 -4.079528e-20 -3.877167e-20 2.931387e+02
163000 1.104967e-21 -4.087868e-20 -3.977372e-20 1.600648e+02
164000 4.358417e-21 -3.958751e-20 -3.522909e-20 6.313578e+02
165000 1.522484e-20 -4.038570e-20 -2.516086e-20 2.205461e+03
166000 3.885478e-22 -3.898422e-20 -3.859567e-20 5.628480e+01
167000 8.578693e-25 -4.086371e-20 -4.086285e-20 1.242704e-01
168000 1.580382e-21 -3.905405e-20 -3.747367e-20 2.289332e+02
169000 2.230361e-21 -4.065491e-20 -3.842455e-20 3.230888e+02
170000 3.702721e-21 -3.963978e-20 -3.593706e-20 5.363739e+02
171000 7.999968e-22 -3.583385e-20 -3.503385e-20 1.158871e+02
172000 7.173166e-22 -3.987150e-20 -3.915419e-20 1.039101e+02
173000 1.521026e-21 -4.071510e-20 -3.919408e-20 2.203350e+02
174000 4.803536e-24 -4.065371e-20 -4.064890e-20 6.958374e-01
175000 1.273793e-23 -4.025819e-20 -4.024546e-20 1.845210e+00
176000 1.732342e-21 -3.399311e-20 -3.226077e-20 2.509461e+02
177000 1.275691e-21 -4.078349e-20 -3.950780e-20 1.847959e+02
178000 1.192194e-21 -3.863800e-20 -3.744580e-20 1.727005e+02
179000 3.285745e-23 -4.106052e-20 -4.102766e-20 4.759710e+00
180000 4.413058e-21 -4.106203e-20 -3.664898e-20 6.392730e+02
181000 9.440966e-22 -3.680049e-20 -3.585640e-20 1.367613e+02
182000 7.534041e-22 -4.091545e-20 -4.016205e-20 1.091377e+02
183000 4.364783e-24 -4.090736e-20 -4.090299e-20 6.322799e-01
184000 1.481196e-21 -4.106513e-20 -3.958393e-20 2.145652e+02
185000 1.031954e-22 -3.737307e-20 -3.726987e-20 1.494883e+01
186000 2.231782e-23 -3.699077e-20 -3.696845e-20 3.232947e+00
187000 4.590961e-21 -4.109609e-20 -3.650513e-20 6.650440e+02
188000 6.057210e-22 -4.095626e-20 -4.035054e-20 8.774439e+01
189000 3.259995e-21 -3.978959e-20 -3.652959e-20 4.722409e+02
190000 4.116838e-21 -3.960390e-20 -3.548706e-20 5.963627e+02
191000 1.203140e-21 -4.050413e-20 -3.930099e-20 1.742862e+02
192000 4.494674e-22 -3.925507e-20 -3.880561e-20 6.510959e+01
193000 2.908171e-21 -3.863523e-20 -3.572705e-20 4.212760e+02
194000 6.510093e-22 -4.073758e-20 -4.008657e-20 9.430482e+01
195000 1.654573e-22 -3.937045e-20 -3.920499e-20 2.396804e+01
196000 5.439173e-21 -3.979190e-20 -3.435272e-20 7.879154e+02
197000 1.390124e-23 -3.599008e-20 -3.597618e-20 2.013726e+00
198000 2.445793e-23 -3.924302e-20 -3.921856e-20 3.542961e+00
199000 2.404805e-21 -3.960021e-20 -3.719541e-20 3.483586e+02
200000 8.288105e-22 -4.101751e-20 -4.018870e-20 1.200610e+02
201000 8.106899e-22 -3.898704e-20 -3.817635e-20 1.174361e+02
202000 7.087971e-22 -4.098378e-20 -4.027499e-20 1.026759e+02
203000 1.047254e-21 -4.108658e-20 -4.003933e-20 1.517046e+02
204000 9.414335e-21 -3.968582e-20 -3.027148e-20 1.363755e+03
205000 2.406537e-22 -3.909363e-20 -3.885298e-20 3.486096e+01
206000 2.061297e-21 -3.911013e-20 -3.704883e-20 2.985983e+02
207000 2.157708e-21 -3.588950e-20 -3.373180e-20 3.125642e+02
208000 7.262166e-24 -3.951552e-20 -3.950825e-20 1.051993e+00
209000 3.677386e-22 -3.578830e-20 -3.542056e-20 5.327039e+01
210000 2.264178e-22 -4.097878e-20 -4.075236e-20 3.279875e+01
211000 4.099600e-21 -3.591643e-20 -3.181683e-20 5.938656e+02
212000 2.306322e-22 -4.074960e-20 -4.051896e-20 3.340924e+01
213000 3.886713e-22 -4.000283e-20 -3.961416e-20 5.630269e+01
214000 8.371742e-21 -3.756481e-20 -2.919306e-20 1.212726e+03
215000 7.933260e-22 -4.036371e-20 -3.957039e-20 1.149207e+02
216000 1.331223e-20 -4.102305e-20 -2.771082e-20 1.928402e+03
217000 1.127896e-22 -4.052556e-20 -4.041277e-20 1.633864e+01
218000 2.705816e-22 -4.108552e-20 -4.081494e-20 3.919629e+01
219000 9.214092e-23 -3.876993e-20 -3.867779e-20 1.334748e+01
220000 9.181358e-22 -1.721592e-20 -1.629779e-20 1.330006e+02
221000 6.869181e-23 -4.019214e-20 -4.012345e-20 9.950654e+00
222000 4.511868e-22 -3.984521e-20 -3.939403e-20 6.535866e+01
223000 2.221351e-21 -3.995214e-20 -3.773079e-20 3.217836e+02
224000 3.078411e-22 -4.068869e-20 -4.038085e-20 4.459369e+01
225000 4.618341e-22 -3.814798e-20 -3.768614e-20 6.690102e+01
226000 9.714747e-23 -4.109581e-20 -4.099866e-20 1.407273e+01
227000 5.994870e-23 -3.665517e-20 -3.659522e-20 8.684133e+00
228000 7.061118e-23 -3.971446e-20 -3.964385e-20 1.022869e+01
229000 4.090272e-21 -4.109935e-20 -3.700908e-20 5.925144e+02
230000 1.133790e-20 -3.986297e-20 -2.852507e-20 1.642402e+03
231000 5.250045e-22 -3.837598e-20 -3.785097e-20 7.605185e+01
232000 1.281675e-21 -3.814052e-20 -3.685884e-20 1.856626e+02
233000 2.753263e-21 -4.059042e-20 -3.783716e-20 3.988361e+02
234000 1.853114e-22 -3.965929e-20 -3.947398e-20 2.684410e+01
235000 8.912424e-22 -3.590308e-20 -3.501184e-20 1.291049e+02
236000 2.012476e-21 -3.684889e-20 -3.483642e-20 2.915260e+02
237000 1.856280e-21 -4.106640e-20 -3.921012e-20 2.688996e+02
238000 2.336941e-24 -3.621547e-20 -3.621313e-20 3.385278e-01
239000 1.578248e-21 -3.854559e-20 -3.696734e-20 2.286241e+02
240000 7.456255e-21 -4.087717e-20 -3.342092e-20 1.080109e+03
241000 9.863464e-22 -4.067260e-20 -3.968625e-20 1.428816e+02
242000 4.257505e-21 -3.871553e-20 -3.445802e-20 6.167397e+02
243000 2.465691e-22 -3.322982e-20 -3.298325e-20 3.571785e+01
244000 2.523667e-22 -4.098027e-20 -4.072791e-20 3.655769e+01
245000 7.753274e-22 -4.109280e-20 -4.031747e-20 1.123135e+02
246000 1.241348e-20 -4.108679e-20 -2.867331e-20 1.798210e+03
247000 1.925360e-23 -3.971457e-20 -3.969531e-20 2.789065e+00
248000 2.428198e-21 -3.473654e-20 -3.230834e-20 3.517473e+02
249000 3.131008e-22 -4.089197e-20 -4.057887e-20 4.535560e+01
250000 9.668258e-23 -4.024477e-20 -4.014809e-20 1.400538e+01
251000 1.565535e-22 -3.974938e-20 -3.959283e-20 2.267824e+01
252000 6.715240e-22 -4.098021e-20 -4.030869e-20 9.727658e+01
253000 2.012696e-22 -4.026484e-20 -4.006357e-20 2.915580e+01
254000 6.396205e-22 -4.096166e-20 -4.032204e-20 9.265505e+01
255000 2.264724e-25 -4.093085e-20 -4.093063e-20 3.280666e-02
256000 2.373870e-21 -4.094626e-20 -3.857239e-20 3.438775e+02
257000 1.299765e-21 -3.987637e-20 -3.857660e-20 1.882831e+02
258000 6.278520e-22 -3.464333e-20 -3.401548e-20 9.095027e+01
259000 1.886494e-21 -3.973238e-20 -3.784588e-20 2.732764e+02
260000 8.720863e-22 -4.102917e-20 -4.015709e-20 1.263299e+02
261000 5.080654e-21 -3.891126e-20 -3.383061e-20 7.359806e+02
262000 4.669767e-21 -3.896238e-20 -3.429261e-20 6.764596e+02
263000 2.860942e-22 -3.481822e-20 -3.453212e-20 4.144343e+01
264000 6.122819e-23 -3.217314e-20 -3.211191e-20 8.869480e+00
265000 1.699259e-22 -3.260070e-20 -3.243078e-20 2.461536e+01
266000 6.480590e-21 -4.106640e-20 -3.458581e-20 9.387745e+02
267000 6.450558e-22 -4.044561e-20 -3.980056e-20 9.344240e+01
268000 3.255979e-21 -4.098966e-20 -3.773368e-20 4.716591e+02
269000 2.455574e-22 -3.139548e-20 -3.114992e-20 3.557131e+01
270000 2.092324e-22 -4.105344e-20 -4.084421e-20 3.030928e+01
271000 6.299675e-22 -3.819763e-20 -3.756767e-20 9.125672e+01
272000 1.036734e-22 -4.105819e-20 -4.095452e-20 1.501807e+01
273000 5.608778e-22 -4.014576e-20 -3.958489e-20 8.124843e+01
274000 3.586536e-21 -4.080954e-20 -3.722301e-20 5.195435e+02
275000 1.207424e-21 -4.096472e-20 -3.975729e-20 1.749068e+02
276000 1.978117e-23 -4.109118e-20 -4.107139e-20 2.865489e+00
277000 2.478333e-21 -4.087973e-20 -3.840139e-20 3.590099e+02
278000 8.636056e-22 -4.105841e-20 -4.019481e-20 1.251014e+02
279000 4.610776e-22 -3.938678e-20 -3.892571e-20 6.679143e+01
280000 2.045998e-23 -3.978817e-20 -3.976771e-20 2.963820e+00
281000 4.367076e-21 -4.104978e-20 -3.668270e-20 6.326121e+02
282000 4.722264e-23 -3.928721e-20 -3.923999e-20 6.840644e+00
283000 2.936271e-22 -3.996908e-20 -3.967546e-20 4.253465e+01
284000 4.217077e-23 -3.772801e-20 -3.768584e-20 6.108833e+00
285000 6.582041e-21 -4.088009e-20 -3.429805e-20 9.534705e+02
286000 6.082639e-22 -4.102557e-20 -4.041731e-20 8.811276e+01
287000 1.543049e-21 -3.717927e-20 -3.563622e-20 2.235252e+02
288000 2.083880e-21 -3.799540e-20 -3.591152e-20 3.018697e+02
289000 3.294245e-21 -4.082964e-20 -3.753540e-20 4.772024e+02
290000 8.482889e-21 -4.089533e-20 -3.241244e-20 1.228826e+03
291000 1.610664e-21 -4.061940e-20 -3.900873e-20 2.333198e+02
292000 3.116593e-21 -4.109869e-20 -3.798210e-20 4.514678e+02
293000 1.793851e-21 -4.091627e-20 -3.912242e-20 2.598563e+02
294000 3.227590e-22 -3.708636e-20 -3.676360e-20 4.675468e+01
295000 4.961240e-25 -3.978878e-20 -3.978828e-20 7.186823e-02
296000 8.082174e-24 -4.067936e-20 -4.067127e-20 1.170779e+00
297000 1.191733e-22 -3.925377e-20 -3.913459e-20 1.726337e+01
298000 4.292821e-22 -4.088980e-20 -4.046052e-20 6.218555e+01
299000 1.908416e-21 -3.690649e-20 -3.499808e-20 2.764520e+02
300000 2.800088e-21 -4.031432e-20 -3.751423e-20 4.056192e+02
301000 1.178135e-21 -3.466060e-20 -3.348247e-20 1.706640e+02
302000 2.611229e-22 -4.017146e-20 -3.991033e-20 3.782611e+01
303000 4.511380e-21 -4.090459e-20 -3.639321e-20 6.535159e+02
304000 1.327823e-21 -4.109017e-20 -3.976235e-20 1.923476e+02
305000 1.429742e-22 -4.107888e-20 -4.093591e-20 2.071116e+01
306000 3.991161e-21 -2.761259e-20 -2.362142e-20 5.781572e+02
307000 1.674712e-22 -4.011667e-20 -3.994920e-20 2.425977e+01
308000 4.280330e-21 -3.878077e-20 -3.450044e-20 6.200461e+02
309000 6.711368e-23 -4.102345e-20 -4.095634e-20 9.722049e+00
310000 9.807093e-22 -4.108235e-20 -4.010164e-20 1.420650e+02
311000 7.202080e-22 -4.043267e-20 -3.971246e-20 1.043289e+02
312000 3.465154e-21 -4.086492e-20 -3.739976e-20 5.019602e+02
313000 4.895099e-22 -4.064833e-20 -4.015882e-20 7.091011e+01
314000 1.914380e-22 -4.094934e-20 -4.075790e-20 2.773159e+01
315000 2.889596e-22 -4.084226e-20 -4.055330e-20 4.185852e+01
316000 1.269831e-22 -4.101097e-20 -4.088399e-20 1.839470e+01
317000 1.017460e-20 -3.774282e-20 -2.756823e-20 1.473886e+03
318000 4.725960e-21 -4.061830e-20 -3.589234e-20 6.845998e+02
319000 2.414950e-21 -4.069561e-20 -3.828066e-20 3.498282e+02
320000 5.746355e-22 -3.982863e-20 -3.925400e-20 8.324135e+01
321000 4.116595e-21 -4.071943e-20 -3.660283e-20 5.963276e+02
322000 1.393234e-23 -4.109318e-20 -4.107924e-20 2.018230e+00
323000 6.457712e-22 -3.505184e-20 -3.440607e-20 9.354603e+01
324000 1.666434e-22 -4.107491e-20 -4.090827e-20 2.413986e+01
325000 2.140812e-22 -4.109675e-20 -4.088267e-20 3.101168e+01
326000 3.304653e-21 -4.109951e-20 -3.779486e-20 4.787101e+02
327000 3.134340e-22 -3.973079e-20 -3.941736e-20 4.540386e+01
328000 2.871437e-21 -4.015251e-20 -3.728108e-20 4.159547e+02
329000 2.820887e-21 -3.927617e-20 -3.645528e-20 4.086321e+02
330000 2.985931e-22 -4.109580e-20 -4.079721e-20 4.325402e+01
331000 1.219853e-21 -4.102397e-20 -3.980412e-20 1.767072e+02
332000 4.150731e-21 -4.102038e-20 -3.686965e-20 6.012725e+02
333000 2.502566e-22 -3.548666e-20 -3.523640e-20 3.625202e+01
334000 1.599938e-21 -4.027498e-20 -3.867504e-20 2.317661e+02
335000 1.548683e-21 -3.940415e-20 -3.785546e-20 2.243412e+02
336000 6.831257e-21 -4.047104e-20 -3.363979e-20 9.895718e+02
337000 1.650214e-24 -3.494780e-20 -3.494615e-20 2.390490e-01
338000 2.837445e-21 -3.957791e-20 -3.674046e-20 4.110306e+02
339000 1.455064e-21 -3.814934e-20 -3.669428e-20 2.107796e+02
340000 3.168101e-22 -4.038427e-20 -4.006746e-20 4.589292e+01
341000 1.648470e-20 -4.091375e-20 -2.442905e-20 2.387964e+03
342000 1.017976e-22 -4.104756e-20 -4.094576e-20 1.474634e+01
343000 3.234053e-22 -4.097046e-20 -4.064705e-20 4.684830e+01
344000 4.332075e-22 -4.040120e-20 -3.996799e-20 6.275418e+01
345000 6.686666e-24 -4.095267e-20 -4.094599e-20 9.686264e-01
346000 1.317612e-23 -3.949647e-20 -3.948329e-20 1.908685e+00
347000 9.755142e-22 -3.915011e-20 -3.817459e-20 1.413124e+02
348000 2.753567e-22 -3.923708e-20 -3.896172e-20 3.988801e+01
349000 7.120828e-21 -4.106555e-20 -3.394473e-20 1.031519e+03
350000 1.779714e-21 -4.107480e-20 -3.929508e-20 2.578083e+02
351000 4.260783e-23 -4.108354e-20 -4.104093e-20 6.172145e+00
352000 3.134464e-21 -4.104243e-20 -3.790796e-20 4.540566e+02
353000 1.417553e-21 -3.902751e-20 -3.760995e-20 2.053459e+02
354000 4.559096e-23 -4.089713e-20 -4.085154e-20 6.604280e+00
355000 5.937570e-23 -3.376155e-20 -3.370218e-20 8.601129e+00
356000 3.392039e-23 -4.108842e-20 -4.105450e-20 4.913688e+00
357000 2.992840e-21 -3.425790e-20 -3.126506e-20 4.335411e+02
358000 1.088650e-22 -4.109267e-20 -4.098381e-20 1.577012e+01
359000 8.489715e-21 -3.893872e-20 -3.044900e-20 1.229815e+03
360000 3.793413e-21 -4.067504e-20 -3.688163e-20 5.495116e+02
361000 7.863197e-22 -2.938035e-20 -2.859403e-20 1.139058e+02
362000 8.457010e-21 -4.106605e-20 -3.260904e-20 1.225078e+03
363000 3.406063e-22 -4.109803e-20 -4.075742e-20 4.934003e+01
364000 1.858600e-21 -4.092732e-20 -3.906872e-20 2.692356e+02
365000 5.167330e-21 -3.927027e-20 -3.410294e-20 7.485363e+02
366000 3.243540e-21 -4.094442e-20 -3.770088e-20 4.698573e+02
367000 2.155219e-21 -3.324761e-20 -3.109239e-20 3.122038e+02
368000 6.809229e-22 -4.085441e-20 -4.017349e-20 9.863809e+01
369000 1.539081e-22 -3.665413e-20 -3.650023e-20 2.229503e+01
370000 2.984708e-21 -4.028261e-20 -3.729790e-20 4.323631e+02
371000 1.971640e-21 -4.095377e-20 -3.898213e-20 2.856106e+02
372000 1.108011e-23 -4.000881e-20 -3.999773e-20 1.605058e+00
373000 3.587851e-21 -3.225394e-20 -2.866609e-20 5.197340e+02
374000 5.711295e-23 -3.684508e-20 -3.678797e-20 8.273348e+00
375000 1.524635e-21 -3.703990e-20 -3.551527e-20 2.208577e+02
376000 1.292141e-21 -4.107590e-20 -3.978376e-20 1.871788e+02
377000 1.575020e-22 -4.094724e-20 -4.078974e-20 2.281565e+01
378000 6.884633e-22 -3.998502e-20 -3.929656e-20 9.973039e+01
379000 2.904652e-21 -3.839527e-20 -3.549062e-20 4.207662e+02
380000 2.901896e-21 -3.823744e-20 -3.533554e-20 4.203669e+02
381000 1.223943e-21 -3.405355e-20 -3.282961e-20 1.772996e+02
382000 3.763972e-23 -3.995966e-20 -3.992202e-20 5.452468e+00
383000 3.984851e-21 -4.061810e-20 -3.663325e-20 5.772432e+02
384000 2.191775e-22 -4.075797e-20 -4.053879e-20 3.174992e+01
385000 5.557454e-21 -3.846686e-20 -3.290941e-20 8.050496e+02
386000 3.884821e-21 -4.109693e-20 -3.721211e-20 5.627529e+02
387000 6.770951e-21 -4.032877e-20 -3.355782e-20 9.808360e+02
388000 1.039707e-21 -4.096143e-20 -3.992172e-20 1.506114e+02
389000 4.382951e-23 -4.042969e-20 -4.038586e-20 6.349117e+00
390000 4.871128e-23 -4.008665e-20 -4.003793e-20 7.056287e+00
391000 4.013872e-21 -3.966147e-20 -3.564760e-20 5.814471e+02
392000 1.402403e-21 -4.063488e-20 -3.923248e-20 2.031512e+02
393000 3.839058e-21 -4.101256e-20 -3.717350e-20 5.561237e+02
394000 1.385828e-21 -3.857544e-20 -3.718961e-20 2.007502e+02
395000 1.201326e-20 -4.059228e-20 -2.857902e-20 1.740234e+03
396000 9.059504e-23 -4.074382e-20 -4.065322e-20 1.312354e+01
397000 2.526403e-21 -3.840702e-20 -3.588062e-20 3.659732e+02
398000 7.172560e-21 -4.086913e-20 -3.369657e-20 1.039013e+03
399000 1.158189e-22 -4.023480e-20 -4.011898e-20 1.677745e+01
400000 6.848417e-22 -3.964422e-20 1.110406e-19 9.920576e+01
401000 1.425856e-21 -3.878955e-20 6.263632e-20 2.065486e+02
402000 4.118877e-22 -3.815526e-20 6.225663e-20 5.966582e+01
403000 4.030821e-21 -3.910054e-20 6.499954e-20 5.839023e+02
404000 4.299198e-21 -3.862313e-20 6.567607e-20 6.227793e+02
405000 5.481214e-22 -3.821869e-20 6.232943e-20 7.940055e+01
406000 8.553120e-24 -3.437114e-20 6.563742e-20 1.239000e+00
407000 4.650438e-22 -3.799719e-20 6.246785e-20 6.736597e+01
408000 5.608783e-24 -3.767636e-20 6.232925e-20 8.124850e-01
409000 9.232745e-21 -3.904744e-20 7.020512e-20 1.337450e+03
410000 4.869913e-21 -3.316971e-20 7.170020e-20 7.054527e+02
411000 2.051824e-22 -3.560815e-20 6.459703e-20 2.972260e+01
412000 1.102712e-21 -3.740211e-20 6.370060e-20 1.597383e+02
413000 2.007434e-21 -3.630171e-20 6.570572e-20 2.907956e+02
414000 1.977203e-23 -3.841560e-20 6.160417e-20 2.864164e+00
415000 5.703375e-23 -3.930980e-20 6.438157e-20 8.261876e+00
416000 4.483867e-21 -3.886904e-20 6.561498e-20 6.495304e+02
417000 4.395586e-22 -3.904853e-20 6.141138e-20 6.367419e+01
418000 1.713835e-22 -3.910852e-20 6.114576e-20 2.482651e+01
419000 1.794459e-21 -3.414251e-20 6.765195e-20 2.599443e+02
420000 8.088084e-24 -3.476045e-20 6.524764e-20 1.171635e+00
421000 1.376793e-25 -3.719188e-20 6.280826e-20 1.994415e-02
422000 4.251694e-21 -3.753540e-20 6.671629e-20 6.158979e+02
423000 9.254618e-26 -3.512029e-20 6.487981e-20 1.340619e-02
424000 5.418936e-22 -3.778252e-20 6.275937e-20 7.849838e+01
425000 2.533952e-21 -3.525201e-20 6.728194e-20 3.670667e+02
426000 9.336875e-21 -3.877447e-20 7.056241e-20 1.352534e+03
427000 2.433295e-21 -3.698276e-20 6.545053e-20 3.524857e+02
428000 2.708050e-22 -3.925011e-20 6.240579e-20 3.922866e+01
429000 2.322894e-21 -3.854406e-20 6.377883e-20 3.364931e+02
430000 1.139823e-23 -3.056429e-20 6.944710e-20 1.651141e+00
431000 4.641284e-22 -3.676344e-20 6.370068e-20 6.723336e+01
432000 1.298490e-22 -3.899529e-20 6.113985e-20 1.880985e+01
433000 1.265862e-21 -3.911008e-20 6.224163e-20 1.833720e+02
434000 1.157082e-23 -3.233528e-20 6.767629e-20 1.676142e+00
435000 2.087133e-21 -3.551048e-20 6.657666e-20 3.023409e+02
436000 2.619735e-21 -3.720141e-20 6.541832e-20 3.794932e+02
437000 3.074247e-22 -3.840184e-20 6.190558e-20 4.453336e+01
438000 2.920810e-21 -3.574612e-20 6.717469e-20 4.231068e+02
439000 5.809247e-21 -3.845001e-20 6.735924e-20 8.415241e+02
440000 1.860308e-21 -3.859615e-20 6.326416e-20 2.694832e+02
441000 9.317951e-22 -3.403225e-20 6.689954e-20 1.349793e+02
442000 8.374913e-22 -3.434416e-20 6.649333e-20 1.213185e+02
443000 5.845178e-22 -3.897720e-20 6.161060e-20 8.467290e+01
444000 5.029418e-21 -3.900154e-20 6.603411e-20 7.285585e+02
445000 3.883752e-21 -3.429813e-20 6.958562e-20 5.625980e+02
446000 1.072989e-20 -3.468342e-20 7.604647e-20 1.554326e+03
447000 2.959035e-22 -3.568783e-20 6.460807e-20 4.286441e+01
448000 6.852183e-22 -3.160775e-20 6.907747e-20 9.926032e+01
449000 3.058129e-23 -3.564614e-20 6.438445e-20 4.429987e+00
450000 1.112197e-21 -3.075327e-20 7.035893e-20 1.611122e+02
451000 9.660112e-22 -3.793198e-20 6.303403e-20 1.399358e+02
452000 1.340995e-20 -3.743089e-20 7.597907e-20 1.942558e+03
453000 1.885738e-21 -3.444831e-20 6.743743e-20 2.731669e+02
454000 1.042422e-20 -3.170018e-20 7.872403e-20 1.510046e+03
455000 1.346631e-21 -3.753993e-20 6.380670e-20 1.950721e+02
456000 1.937149e-21 -3.704118e-20 6.489597e-20 2.806143e+02
457000 6.269705e-21 -3.214866e-20 7.412105e-20 9.082258e+02
458000 4.825230e-21 -3.374352e-20 7.108171e-20 6.989800e+02
459000 4.898725e-24 -3.359253e-20 6.641236e-20 7.096264e-01
460000 1.931010e-21 -3.088047e-20 7.105054e-20 2.797250e+02
461000 2.979430e-21 -3.464331e-20 6.833612e-20 4.315985e+02
462000 1.702987e-22 -3.372662e-20 6.644368e-20 2.466937e+01
463000 5.548521e-23 -3.818153e-20 6.187395e-20 8.037555e+00
464000 8.251631e-22 -3.854993e-20 6.227523e-20 1.195326e+02
465000 1.250346e-21 -3.407607e-20 6.717427e-20 1.811244e+02
466000 2.083924e-21 -3.889285e-20 6.319139e-20 3.018760e+02
467000 8.267938e-22 -3.817102e-20 6.265577e-20 1.197689e+02
468000 1.472392e-23 -3.019993e-20 6.981479e-20 2.132899e+00
469000 2.651427e-21 -3.614701e-20 6.650442e-20 3.840842e+02
470000 2.884631e-21 -3.815418e-20 6.473045e-20 4.178660e+02
471000 1.582981e-20 -3.560650e-20 8.022330e-20 2.293096e+03
472000 6.440543e-22 -3.921257e-20 6.213614e-20 9.329733e+01
473000 9.701803e-23 -3.397917e-20 6.611785e-20 1.405397e+01
474000 2.092287e-21 -3.821603e-20 6.387625e-20 3.030875e+02
475000 3.425099e-22 -3.713881e-20 6.320370e-20 4.961578e+01
476000 2.058176e-21 -3.874709e-20 6.331109e-20 2.981461e+02
477000 2.429677e-21 -3.903405e-20 6.340987e-20 3.519615e+02
478000 1.569879e-22 -3.620807e-20 6.394892e-20 2.274117e+01
479000 1.445225e-21 -3.377240e-20 6.767282e-20 2.093545e+02
480000 1.107761e-21 -3.292259e-20 6.818517e-20 1.604696e+02
481000 2.264796e-22 -3.861160e-20 6.161488e-20 3.280770e+01
482000 8.655674e-23 -3.368508e-20 6.640148e-20 1.253856e+01
483000 1.453407e-21 -3.757223e-20 6.388117e-20 2.105397e+02
484000 1.453001e-20 -2.883889e-20 8.569112e-20 2.104809e+03
485000 5.043075e-21 -3.861751e-20 6.642557e-20 7.305369e+02
486000 3.266974e-22 -3.866720e-20 6.165950e-20 4.732519e+01
487000 3.817356e-23 -3.878541e-20 6.125277e-20 5.529799e+00
488000 1.230935e-20 -3.911925e-20 7.329531e-20 1.783126e+03
489000 1.214301e-21 -3.855716e-20 6.265714e-20 1.759030e+02
490000 7.791709e-22 -3.730026e-20 6.347891e-20 1.128702e+02
491000 2.700150e-22 -3.875729e-20 6.151273e-20 3.911421e+01
492000 4.219141e-21 -3.803794e-20 6.618120e-20 6.111823e+02
493000 5.719949e-22 -3.752378e-20 6.304821e-20 8.285885e+01
494000 1.176037e-21 -3.776017e-20 6.341587e-20 1.703601e+02
495000 5.326314e-23 -3.861225e-20 6.144101e-20 7.715667e+00
496000 6.483479e-22 -3.656125e-20 6.408710e-20 9.391930e+01
497000 2.693909e-22 -3.411756e-20 6.615183e-20 3.902381e+01
498000 4.124635e-21 -3.485555e-20 6.926909e-20 5.974921e+02
499000 2.070377e-21 -3.861829e-20 6.345209e-20 2.999136e+02
500000 3.768082e-22 -3.378192e-20 6.659488e-20 5.458422e+01
501000 3.169975e-22 -3.691185e-20 6.340515e-20 4.592007e+01
502000 3.787330e-21 -3.786119e-20 6.592614e-20 5.486304e+02
503000 2.147356e-21 -3.892846e-20 6.321975e-20 3.110647e+02
504000 1.485588e-23 -3.897165e-20 6.104603e-20 2.152014e+00
505000 1.675262e-21 -3.914081e-20 6.270224e-20 2.426775e+02
506000 2.052525e-22 -3.519188e-20 6.501337e-20 2.973276e+01
507000 2.228152e-21 -3.798923e-20 6.423892e-20 3.227688e+02
508000 2.373587e-26 -3.497000e-20 6.503002e-20 3.438363e-03
509000 5.883986e-22 -3.900128e-20 6.159331e-20 8.523507e+01
510000 1.611179e-23 -3.849819e-20 6.151792e-20 2.333944e+00
511000 4.055018e-23 -3.827531e-20 6.176524e-20 5.874075e+00
512000 6.668390e-21 -3.811138e-20 6.855701e-20 9.659791e+02
513000 3.889466e-21 -3.797029e-20 6.591918e-20 5.634258e+02
514000 6.810464e-22 -3.327193e-20 6.740912e-20 9.865598e+01
515000 3.521822e-22 -3.917286e-20 6.150518e-20 5.101690e+01
516000 6.806809e-23 -3.564999e-20 6.441808e-20 9.860303e+00
517000 5.065920e-21 -3.200794e-20 7.305798e-20 7.338462e+02
518000 3.239448e-21 -2.793693e-20 7.530252e-20 4.692645e+02
519000 2.310262e-22 -3.695881e-20 6.327222e-20 3.346632e+01
520000 6.665045e-21 -3.150932e-20 7.515573e-20 9.654945e+02
521000 1.905542e-23 -3.213060e-20 6.788846e-20 2.760356e+00
522000 3.977574e-21 -3.794164e-20 6.603594e-20 5.761891e+02
523000 4.023815e-21 -3.617398e-20 6.784984e-20 5.828874e+02
524000 1.967985e-22 -3.076406e-20 6.943274e-20 2.850812e+01
525000 1.012621e-22 -2.577644e-20 7.432482e-20 1.466878e+01
526000 5.302945e-22 -3.573429e-20 6.479600e-20 7.681815e+01
527000 7.628224e-22 -3.783544e-20 6.292738e-20 1.105020e+02
528000 4.112192e-23 -3.879279e-20 6.124834e-20 5.956897e+00
529000 9.030356e-23 -3.887066e-20 6.121980e-20 1.308132e+01
530000 5.258943e-21 -3.800639e-20 6.725255e-20 7.618074e+02
531000 2.543966e-22 -3.926890e-20 6.288982e-20 3.685174e+01
532000 1.583009e-21 -3.500467e-20 6.657834e-20 2.293138e+02
533000 6.191142e-22 -3.702373e-20 6.359539e-20 8.968452e+01
534000 2.882331e-21 -3.846830e-20 6.441403e-20 4.175327e+02
535000 1.364101e-22 -3.280440e-20 6.733201e-20 1.976028e+01
536000 2.404951e-21 -3.558107e-20 6.682388e-20 3.483797e+02
537000 1.606487e-22 -3.848362e-20 6.167703e-20 2.327147e+01
538000 1.613276e-20 -3.533799e-20 8.079477e-20 2.336982e+03
539000 1.118884e-21 -3.363697e-20 6.748192e-20 1.620809e+02
540000 1.829244e-21 -3.538764e-20 6.644160e-20 2.649832e+02
541000 8.084225e-25 -3.808898e-20 6.191182e-20 1.171076e-01
542000 3.045880e-21 -3.484867e-20 6.819721e-20 4.412244e+02
543000 1.576543e-22 -3.853448e-20 6.162318e-20 2.283771e+01
544000 5.818446e-21 -3.827678e-20 6.754166e-20 8.428567e+02
545000 2.063398e-21 -3.825705e-20 6.380635e-20 2.989027e+02
546000 1.723394e-21 -3.838048e-20 6.334292e-20 2.496498e+02
547000 1.308298e-21 -3.930112e-20 6.519292e-20 1.895193e+02
548000 9.729799e-23 -3.657784e-20 6.351946e-20 1.409453e+01
549000 3.410281e-21 -3.534794e-20 6.806234e-20 4.940113e+02
550000 1.229350e-21 -3.722748e-20 6.400187e-20 1.780830e+02
551000 5.981479e-22 -3.469909e-20 6.589906e-20 8.664736e+01
552000 1.071489e-21 -3.766907e-20 6.340242e-20 1.552153e+02
553000 1.533155e-22 -3.109632e-20 6.905700e-20 2.220920e+01
554000 4.802404e-21 -3.603782e-20 6.876458e-20 6.956734e+02
555000 5.348958e-24 -3.266658e-20 6.733877e-20 7.748469e-01
556000 1.083520e-20 -3.824358e-20 7.259162e-20 1.569581e+03
557000 3.206067e-23 -3.585888e-20 6.417318e-20 4.644290e+00
558000 1.176201e-23 -3.842394e-20 6.158782e-20 1.703838e+00
559000 4.192268e-21 -3.561220e-20 6.858007e-20 6.072895e+02
560000 6.372824e-21 -3.849584e-20 6.787699e-20 9.231635e+02
561000 6.636029e-22 -3.940155e-20 7.341893e-20 9.612912e+01
562000 2.493352e-21 -3.833428e-20 6.415907e-20 3.611855e+02
563000 2.541544e-23 -3.760064e-20 6.242478e-20 3.681665e+00
564000 3.467115e-22 -3.597045e-20 6.437626e-20 5.022442e+01
565000 1.559321e-21 -3.928268e-20 6.466125e-20 2.258823e+02
566000 7.270870e-21 -3.895564e-20 6.831706e-20 1.053254e+03
567000 3.307494e-21 -3.735336e-20 6.595414e-20 4.791216e+02
568000 2.469593e-21 -3.246117e-20 7.000842e-20 3.577437e+02
569000 5.003083e-21 -3.759846e-20 6.740462e-20 7.247436e+02
570000 2.265473e-21 -3.572631e-20 6.653916e-20 3.281750e+02
571000 3.358543e-21 -3.400231e-20 6.935623e-20 4.865166e+02
572000 5.004484e-21 -3.840787e-20 6.659661e-20 7.249465e+02
573000 1.020610e-21 -3.537884e-20 6.564177e-20 1.478450e+02
574000 1.095569e-21 -3.381372e-20 6.728185e-20 1.587035e+02
575000 1.974535e-23 -3.859728e-20 6.142247e-20 2.860300e+00
576000 3.307070e-23 -3.621669e-20 6.381638e-20 4.790602e+00
577000 2.035371e-20 -3.772002e-20 8.263369e-20 2.948426e+03
578000 3.627693e-21 -3.700660e-20 6.662109e-20 5.255054e+02
579000 5.655257e-22 -3.820836e-20 6.235716e-20 8.192172e+01
580000 1.670725e-22 -3.919711e-20 6.149534e-20 2.420203e+01
581000 9.420191e-24 -3.639184e-20 6.361758e-20 1.364603e+00
582000 6.467324e-21 -3.879453e-20 6.767281e-20 9.368527e+02
583000 1.734513e-21 -3.900203e-20 6.273879e-20 2.512606e+02
584000 9.630696e-22 -3.868897e-20 6.227410e-20 1.395097e+02
585000 2.639092e-21 -3.783566e-20 6.480343e-20 3.822973e+02
586000 1.073450e-21 -3.622515e-20 6.484830e-20 1.554994e+02
587000 1.477034e-21 -3.901924e-20 6.246761e-20 2.139623e+02
588000 8.482641e-22 -3.840709e-20 6.244117e-20 1.228790e+02
589000 1.325106e-21 -3.932394e-20 6.647682e-20 1.919541e+02
590000 3.231439e-21 -3.907552e-20 6.419478e-20 4.681044e+02
591000 8.663350e-22 -3.670612e-20 6.416021e-20 1.254968e+02
592000 3.988646e-21 -3.392853e-20 7.006012e-20 5.777930e+02
593000 1.460031e-21 -3.872000e-20 6.274004e-20 2.114992e+02
594000 3.682847e-23 -3.878770e-20 6.124914e-20 5.334950e+00
595000 2.131435e-21 -3.078003e-20 7.135140e-20 3.087585e+02
596000 1.950435e-21 -3.881975e-20 6.313072e-20 2.825388e+02
597000 1.020724e-20 -3.907810e-20 7.117043e-20 1.478615e+03
598000 1.844862e-21 -3.352114e-20 6.832372e-20 2.672456e+02
599000 1.611351e-21 -3.901489e-20 6.260525e-20 2.334194e+02
600000 3.337933e-23 -3.781707e-20 6.221631e-20 4.835310e+00
601000 1.437323e-22 -3.847781e-20 6.166592e-20 2.082098e+01
602000 5.266597e-23 -3.437713e-20 6.567554e-20 7.629161e+00
603000 2.574303e-22 -3.600327e-20 6.425416e-20 3.729120e+01
604000 4.534299e-22 -3.349980e-20 6.695363e-20 6.568358e+01
605000 6.311525e-23 -3.893613e-20 6.112805e-20 9.142838e+00
606000 9.546197e-22 -3.473280e-20 6.622182e-20 1.382857e+02
607000 1.542551e-23 -3.615866e-20 6.385677e-20 2.234530e+00
608000 4.740336e-22 -3.230912e-20 6.816491e-20 6.866822e+01
609000 3.574770e-21 -3.662908e-20 6.694569e-20 5.178391e+02
610000 4.846527e-23 -3.754185e-20 6.250662e-20 7.020651e+00
611000 3.208361e-23 -1.988865e-20 8.014343e-20 4.647612e+00
612000 1.172591e-21 -3.099795e-20 7.017464e-20 1.698608e+02
613000 1.805816e-22 -3.904214e-20 6.115584e-20 2.615895e+01
614000 3.183568e-22 -3.905759e-20 6.128613e-20 4.611698e+01
615000 9.525424e-22 -3.882613e-20 6.212645e-20 1.379847e+02
616000 7.453007e-23 -3.469272e-20 6.538181e-20 1.079638e+01
617000 2.306143e-21 -3.572922e-20 6.657692e-20 3.340665e+02
618000 1.522487e-21 -3.435185e-20 6.717064e-20 2.205466e+02
619000 3.273292e-22 -3.481075e-20 6.551658e-20 4.741671e+01
620000 1.497504e-22 -3.003433e-20 7.011542e-20 2.169275e+01
621000 1.587690e-22 -3.841708e-20 6.174169e-20 2.299918e+01
622000 2.052699e-21 -3.911891e-20 6.303821e-20 2.973528e+02
623000 2.635873e-21 -3.760088e-20 6.503499e-20 3.818310e+02
624000 2.341094e-21 -3.881353e-20 6.352759e-20 3.391295e+02
625000 4.558246e-23 -3.673166e-20 6.331393e-20 6.603049e+00
626000 3.140640e-22 -3.522626e-20 6.508780e-20 4.549513e+01
627000 9.260807e-22 -3.814461e-20 6.278147e-20 1.341515e+02
628000 7.267144e-23 -3.891640e-20 6.115688e-20 1.052714e+01
629000 2.331444e-21 -3.921196e-20 6.381616e-20 3.377316e+02
630000 1.945046e-21 -3.418681e-20 6.775824e-20 2.817582e+02
631000 3.297438e-21 -3.690528e-20 6.639216e-20 4.776650e+02
632000 4.796295e-21 -3.124557e-20 7.355072e-20 6.947885e+02
633000 4.210951e-23 -3.832035e-20 6.172176e-20 6.099959e+00
634000 2.841672e-21 -3.917339e-20 6.399763e-20 4.116429e+02
635000 6.476632e-21 -3.687385e-20 6.960278e-20 9.382012e+02
636000 6.264589e-21 -3.842667e-20 6.783792e-20 9.074847e+02
637000 2.911559e-21 -3.862692e-20 6.428464e-20 4.217667e+02
638000 3.115975e-24 -3.040841e-20 6.959470e-20 4.513782e-01
639000 1.315675e-21 -3.714165e-20 6.417403e-20 1.905879e+02
640000 3.007487e-22 -3.490487e-20 6.539588e-20 4.356628e+01
641000 1.332104e-21 -3.871716e-20 6.261494e-20 1.929679e+02
642000 7.846381e-22 -3.606060e-20 6.472404e-20 1.136622e+02
643000 1.727817e-21 -3.908332e-20 6.269114e-20 2.502905e+02
644000 3.075706e-21 -3.565612e-20 6.741958e-20 4.455450e+02
645000 2.230287e-21 -3.816569e-20 6.406460e-20 3.230780e+02
646000 1.179168e-22 -3.645223e-20 6.366569e-20 1.708136e+01
647000 1.014533e-20 -2.927181e-20 8.087352e-20 1.469646e+03
648000 4.948512e-21 -3.537868e-20 6.956983e-20 7.168385e+02
649000 7.743821e-21 -3.472094e-20 7.302288e-20 1.121765e+03
650000 9.420345e-23 -3.706073e-20 6.303348e-20 1.364626e+01
651000 1.825393e-22 -3.807351e-20 6.210903e-20 2.644253e+01
652000 9.922435e-22 -3.502295e-20 6.596929e-20 1.437358e+02
653000 7.824732e-21 -3.282718e-20 7.499755e-20 1.133486e+03
654000 4.373667e-21 -3.418545e-20 7.018821e-20 6.335668e+02
655000 3.607119e-22 -3.915726e-20 6.144042e-20 5.225251e+01
656000 2.330905e-21 -3.639727e-20 6.593364e-20 3.376535e+02
657000 2.199450e-24 -3.878138e-20 6.122083e-20 3.186110e-01
658000 2.912083e-21 -2.393375e-20 7.897833e-20 4.218427e+02
659000 4.139960e-21 -3.934803e-20 7.105698e-20 5.997122e+02
660000 3.483315e-22 -3.573235e-20 6.461598e-20 5.045909e+01
661000 1.838982e-21 -3.918912e-20 6.309980e-20 2.663939e+02
662000 8.427820e-22 -3.705550e-20 6.378728e-20 1.220849e+02
663000 1.059094e-21 -3.858598e-20 6.247311e-20 1.534198e+02
664000 4.615485e-21 -3.651706e-20 6.809842e-20 6.685965e+02
665000 6.109686e-24 -2.479662e-20 7.520949e-20 8.850455e-01
666000 1.698174e-23 -3.752386e-20 6.249312e-20 2.459965e+00
667000 2.317418e-21 -3.615125e-20 6.616616e-20 3.356998e+02
668000 4.298095e-21 -3.674694e-20 6.755115e-20 6.226195e+02
669000 2.604230e-24 -3.639775e-20 6.360485e-20 3.772473e-01
670000 9.713412e-22 -3.082408e-20 7.014727e-20 1.407079e+02
671000 3.555529e-21 -3.064465e-20 7.291088e-20 5.150519e+02
672000 5.943132e-22 -3.023069e-20 7.036362e-20 8.609186e+01
673000 2.284396e-21 -2.834733e-20 7.393707e-20 3.309163e+02
674000 3.743928e-21 -3.830404e-20 6.543989e-20 5.423432e+02
675000 1.529140e-21 -3.329427e-20 6.823487e-20 2.215103e+02
676000 1.621277e-23 -3.801551e-20 6.200070e-20 2.348572e+00
677000 2.090824e-21 -3.752673e-20 6.456409e-20 3.028756e+02
678000 5.223809e-21 -3.308665e-20 7.213716e-20 7.567180e+02
679000 3.434450e-22 -3.548953e-20 6.485392e-20 4.975124e+01
680000 1.057991e-21 -3.819262e-20 6.286537e-20 1.532600e+02
681000 2.713938e-23 -3.594684e-20 6.408030e-20 3.931394e+00
682000 2.164309e-22 -3.746003e-20 6.275640e-20 3.135205e+01
683000 1.024591e-21 -3.233430e-20 6.869029e-20 1.484217e+02
684000 1.301805e-22 -3.796485e-20 6.216533e-20 1.885786e+01
685000 4.058239e-22 -3.720844e-20 6.319738e-20 5.878741e+01
686000 3.622407e-24 -3.558448e-20 6.441914e-20 5.247398e-01
687000 2.936255e-21 -3.824174e-20 6.469451e-20 4.253441e+02
688000 1.557535e-22 -3.452885e-20 6.562690e-20 2.256237e+01
689000 1.710090e-21 -3.924616e-20 6.375720e-20 2.477226e+02
690000 1.559247e-21 -3.796759e-20 6.359166e-20 2.258716e+02
691000 2.437796e-23 -3.740132e-20 6.262306e-20 3.531377e+00
692000 5.939774e-22 -3.640745e-20 6.418653e-20 8.604321e+01
693000 7.282188e-22 -3.748896e-20 6.323926e-20 1.054894e+02
694000 9.139971e-22 -3.577398e-20 6.514001e-20 1.324011e+02
695000 5.194455e-22 -3.379641e-20 6.672304e-20 7.524657e+01
696000 7.891542e-22 -3.714713e-20 6.364203e-20 1.143164e+02
697000 5.225825e-21 -3.707314e-20 6.815269e-20 7.570099e+02
698000 4.500280e-21 -3.417257e-20 7.032771e-20 6.519079e+02
699000 1.936571e-21 -3.857590e-20 6.336067e-20 2.805306e+02
700000 1.709857e-21 -3.866855e-20 6.304131e-20 2.476888e+02
701000 4.597144e-22 -3.888487e-20 6.157509e-20 6.659395e+01
702000 7.552349e-21 -3.915386e-20 6.861930e-20 1.094029e+03
703000 1.451671e-21 -3.028199e-20 7.116968e-20 2.102882e+02
704000 8.836213e-21 -3.737456e-20 7.146165e-20 1.280009e+03
705000 5.507343e-22 -3.815490e-20 6.239584e-20 7.977904e+01
706000 4.920742e-23 -3.789109e-20 6.215812e-20 7.128159e+00
707000 7.193569e-22 -3.471724e-20 6.600211e-20 1.042056e+02
708000 2.739366e-23 -3.499838e-20 6.502901e-20 3.968229e+00
709000 1.588245e-24 -3.702649e-20 6.297509e-20 2.300722e-01
710000 3.742263e-21 -3.081865e-20 7.292362e-20 5.421021e+02
711000 2.916226e-23 -3.858655e-20 6.144261e-20 4.224428e+00
712000 1.463362e-22 -3.094758e-20 6.919875e-20 2.119817e+01
713000 6.030172e-22 -3.787796e-20 6.272506e-20 8.735271e+01
714000 8.104211e-22 -3.851293e-20 6.229749e-20 1.173971e+02
715000 1.268850e-21 -3.872003e-20 6.254882e-20 1.838049e+02
716000 1.271728e-21 -3.426887e-20 6.700286e-20 1.842218e+02
717000 7.996432e-23 -3.774367e-20 6.233629e-20 1.158358e+01
718000 1.794144e-22 -3.203596e-20 6.814346e-20 2.598986e+01
719000 4.783795e-22 -3.926130e-20 6.289412e-20 6.929778e+01
720000 3.341620e-22 -3.851438e-20 6.181978e-20 4.840651e+01
721000 7.846548e-22 -3.798766e-20 6.279699e-20 1.136646e+02
722000 5.282757e-23 -3.132478e-20 6.872805e-20 7.652570e+00
723000 2.201268e-23 -3.536522e-20 6.465680e-20 3.188743e+00
724000 5.288196e-22 -3.930626e-20 6.466779e-20 7.660449e+01
725000 1.099101e-20 -3.636887e-20 7.462214e-20 1.592151e+03
726000 6.542419e-22 -9.842305e-21 9.081194e-20 9.477309e+01
727000 1.063377e-21 -3.887329e-20 6.219026e-20 1.540402e+02
728000 2.337998e-21 -2.972334e-20 7.261466e-20 3.386811e+02
729000 1.698213e-21 -3.529505e-20 6.640316e-20 2.460022e+02
730000 8.404581e-23 -3.813640e-20 6.194765e-20 1.217483e+01
731000 3.845427e-22 -3.830003e-20 6.208451e-20 5.570464e+01
732000 1.833991e-23 -3.387069e-20 6.614765e-20 2.656709e+00
733000 1.148336e-21 -3.699143e-20 6.415691e-20 1.663472e+02
734000 1.754598e-21 -3.905177e-20 6.272485e-20 2.541700e+02
735000 1.744036e-21 -3.409329e-20 6.765075e-20 2.526401e+02
736000 3.049933e-22 -3.727235e-20 6.303264e-20 4.418115e+01
737000 3.529207e-21 -3.668017e-20 6.684903e-20 5.112388e+02
738000 3.393436e-22 -3.923234e-20 6.211942e-20 4.915711e+01
739000 2.200777e-23 -3.727707e-20 6.274494e-20 3.188033e+00
740000 3.659206e-21 -3.627075e-20 6.738845e-20 5.300704e+02
741000 2.813537e-22 -3.687316e-20 6.340820e-20 4.075673e+01
742000 1.554101e-21 -3.498794e-20 6.656616e-20 2.251261e+02
743000 1.865560e-21 -3.069394e-20 7.117162e-20 2.702440e+02
744000 3.728159e-22 -3.724527e-20 6.312755e-20 5.400589e+01
745000 6.830821e-22 -3.281648e-20 6.786660e-20 9.895087e+01
746000 9.174087e-21 -3.904748e-20 7.014644e-20 1.328953e+03
747000 2.094689e-21 -3.486288e-20 6.723181e-20 3.034354e+02
748000 2.711802e-21 -3.729420e-20 6.541760e-20 3.928300e+02
749000 8.160098e-22 -3.715188e-20 6.366413e-20 1.182067e+02
750000 2.029274e-21 -3.570396e-20 6.632531e-20 2.939594e+02
751000 1.087519e-21 -3.895748e-20 6.213196e-20 1.575374e+02
752000 7.138692e-22 -3.697693e-20 6.373694e-20 1.034107e+02
753000 5.228173e-22 -3.856553e-20 6.195728e-20 7.573501e+01
754000 7.206974e-21 -3.464561e-20 7.256137e-20 1.043998e+03
755000 2.431575e-21 -3.367841e-20 6.875317e-20 3.522365e+02
756000 6.581320e-23 -3.382228e-20 6.624353e-20 9.533661e+00
757000 5.226051e-21 -3.233070e-20 7.289535e-20 7.570427e+02
758000 1.661067e-21 -3.780059e-20 6.386048e-20 2.406211e+02
759000 3.971143e-23 -3.855706e-20 6.148265e-20 5.752575e+00
760000 1.890607e-21 -3.399204e-20 6.789856e-20 2.738723e+02
761000 1.944159e-21 -3.915471e-20 6.301421e-20 2.816297e+02
762000 2.799108e-22 -3.826341e-20 6.201650e-20 4.054771e+01
763000 1.748707e-22 -3.880758e-20 6.136731e-20 2.533166e+01
764000 1.674292e-21 -3.918955e-20 6.293845e-20 2.425370e+02
765000 1.927129e-22 -3.889222e-20 6.130080e-20 2.791627e+01
766000 1.807476e-21 -3.737429e-20 6.443318e-20 2.618299e+02
767000 1.570153e-21 -3.929913e-20 6.536067e-20 2.274514e+02
768000 2.187602e-21 -3.845886e-20 6.372875e-20 3.168947e+02
769000 1.260884e-21 -3.851444e-20 6.274644e-20 1.826509e+02
770000 2.934428e-21 -3.789153e-20 6.504290e-20 4.250794e+02
771000 1.831311e-21 -3.791901e-20 6.391230e-20 2.652826e+02
772000 7.180160e-22 -3.554594e-20 6.517208e-20 1.040114e+02
773000 5.853229e-21 -3.702769e-20 6.882554e-20 8.478954e+02
774000 2.822619e-21 -3.846071e-20 6.436190e-20 4.088829e+02
775000 1.705344e-23 -3.492929e-20 6.508776e-20 2.470351e+00
776000 9.687793e-21 -2.941909e-20 8.026871e-20 1.403368e+03
777000 3.111555e-21 -3.408530e-20 6.902626e-20 4.507380e+02
778000 9.331710e-22 -3.745413e-20 6.347904e-20 1.351786e+02
779000 2.433364e-21 -3.500283e-20 6.743054e-20 3.524957e+02
780000 2.146024e-21 -3.567986e-20 6.646617e-20 3.108718e+02
781000 7.336053e-22 -3.869636e-20 6.203724e-20 1.062696e+02
782000 9.032425e-22 -3.343117e-20 6.747208e-20 1.308432e+02
783000 4.935956e-22 -3.863808e-20 6.185551e-20 7.150197e+01
784000 2.070175e-22 -3.629497e-20 6.391205e-20 2.998843e+01
785000 7.544946e-21 -3.874150e-20 6.880345e-20 1.092956e+03
786000 1.002020e-21 -3.602911e-20 6.497291e-20 1.451521e+02
787000 2.114439e-21 -3.615480e-20 6.595964e-20 3.062963e+02
788000 3.988520e-22 -3.640275e-20 6.399610e-20 5.777747e+01
789000 2.645571e-23 -3.307110e-20 6.695536e-20 3.832359e+00
790000 5.939616e-22 -3.932373e-20 6.573230e-20 8.604093e+01
791000 2.105640e-21 -3.768069e-20 6.442495e-20 3.050218e+02
792000 5.661842e-21 -3.411288e-20 7.154896e-20 8.201710e+02
793000 5.355243e-22 -3.843378e-20 6.210174e-20 7.757573e+01
794000 6.218867e-22 -3.839979e-20 6.222210e-20 9.008614e+01
795000 1.082700e-21 -2.266661e-20 7.841609e-20 1.568392e+02
796000 6.526589e-22 -3.758609e-20 6.306656e-20 9.454379e+01
797000 6.787343e-23 -3.919856e-20 6.140962e-20 9.832105e+00
798000 9.359063e-25 -3.644986e-20 6.355107e-20 1.355748e-01
799000 1.758647e-22 -3.632160e-20 6.385426e-20 2.547565e+01
800000 5.914607e-25 -2.784953e-20 7.215106e-20 8.567864e-02
801000 3.978136e-22 -3.607067e-20 6.432714e-20 5.762705e+01
802000 8.771827e-23 -3.904951e-20 6.105906e-20 1.270682e+01
803000 6.315386e-24 -3.429849e-20 6.570782e-20 9.148431e-01
804000 6.379380e-22 -3.890252e-20 6.173583e-20 9.241132e+01
805000 7.925192e-23 -3.731746e-20 6.276179e-20 1.148039e+01
806000 7.424464e-26 -3.834399e-20 6.165608e-20 1.075503e-02
807000 6.018380e-22 -3.443777e-20 6.616406e-20 8.718190e+01
808000 9.100725e-22 -3.349036e-20 6.741971e-20 1.318326e+02
809000 1.994741e-21 -3.632389e-20 6.567086e-20 2.889571e+02
810000 1.492562e-22 -3.673389e-20 6.341537e-20 2.162116e+01
811000 5.033698e-23 -3.573838e-20 6.431196e-20 7.291785e+00
812000 1.492206e-21 -3.687137e-20 6.462084e-20 2.161601e+02
813000 1.540549e-21 -3.442875e-20 6.711180e-20 2.231631e+02
814000 1.741894e-23 -3.859810e-20 6.141932e-20 2.523298e+00
815000 3.330202e-25 -3.877755e-20 6.122279e-20 4.824110e-02
816000 2.825074e-21 -2.746569e-20 7.535939e-20 4.092386e+02
817000 5.951181e-24 -3.359179e-20 6.641416e-20 8.620846e-01
818000 1.425045e-21 -3.785990e-20 6.356515e-20 2.064312e+02
819000 1.549985e-21 -3.811005e-20 6.343993e-20 2.245299e+02
820000 2.710595e-21 -3.456133e-20 6.814927e-20 3.926552e+02
821000 8.186458e-22 -3.738508e-20 6.343356e-20 1.185885e+02
822000 1.559332e-21 -3.751660e-20 6.404273e-20 2.258839e+02
823000 1.974040e-21 -3.831772e-20 6.365632e-20 2.859582e+02
824000 7.485221e-21 -3.621880e-20 7.126642e-20 1.084305e+03
825000 4.004480e-22 -3.900306e-20 6.140387e-20 5.800866e+01
826000 2.574493e-20 -3.809565e-20 8.764928e-20 3.729396e+03
827000 1.249252e-21 -3.836524e-20 6.288401e-20 1.809660e+02
828000 4.351452e-23 -3.344542e-20 6.659809e-20 6.303488e+00
829000 2.401190e-22 -3.543962e-20 6.480049e-20 3.478350e+01
830000 2.452911e-21 -3.848260e-20 6.397031e-20 3.553272e+02
831000 1.652556e-21 -3.710253e-20 6.455003e-20 2.393883e+02
832000 1.666993e-21 -2.853412e-20 7.313288e-20 2.414797e+02
833000 6.285011e-22 -3.800422e-20 6.262428e-20 9.104430e+01
834000 6.701174e-22 -3.821294e-20 6.245718e-20 9.707281e+01
835000 9.901116e-22 -3.798296e-20 6.300715e-20 1.434270e+02
836000 2.371731e-22 -3.789349e-20 6.234369e-20 3.435675e+01
837000 9.085592e-23 -3.916752e-20 6.121582e-20 1.316134e+01
838000 8.080019e-22 -3.790135e-20 6.290666e-20 1.170467e+02
839000 3.986400e-21 -2.840828e-20 7.557812e-20 5.774675e+02
840000 7.011646e-22 -3.742897e-20 6.327220e-20 1.015703e+02
841000 3.950500e-21 -3.554099e-20 6.840951e-20 5.722671e+02
842000 2.542235e-21 -3.754786e-20 6.499438e-20 3.682667e+02
843000 1.734851e-21 -3.812651e-20 6.360834e-20 2.513094e+02
844000 1.246499e-21 -3.580585e-20 6.544065e-20 1.805672e+02
845000 4.575022e-21 -3.374713e-20 7.082789e-20 6.627350e+02
846000 3.762617e-21 -3.767485e-20 6.608777e-20 5.450505e+02
847000 2.307507e-21 -3.349437e-20 6.881314e-20 3.342641e+02
848000 1.646632e-21 -3.313359e-20 6.851304e-20 2.385301e+02
849000 5.748660e-21 -3.886664e-20 6.688216e-20 8.327476e+02
850000 2.981516e-23 -3.869148e-20 6.133834e-20 4.319007e+00
851000 6.517809e-22 -3.714767e-20 6.350411e-20 9.441660e+01
852000 5.278938e-21 -3.192277e-20 7.335617e-20 7.647039e+02
853000 1.046186e-21 -3.767676e-20 6.336943e-20 1.515498e+02
854000 1.220171e-21 -3.777105e-20 6.344912e-20 1.767533e+02
855000 4.144580e-21 -3.582344e-20 6.832115e-20 6.003815e+02
856000 7.915532e-23 -3.200662e-20 6.807254e-20 1.146639e+01
857000 2.333717e-21 -3.572810e-20 6.660562e-20 3.380609e+02
858000 1.581330e-22 -3.676198e-20 6.339615e-20 2.290705e+01
859000 1.890030e-21 -3.777943e-20 6.411060e-20 2.737886e+02
860000 9.312431e-21 -3.842159e-20 7.089085e-20 1.348993e+03
861000 4.489495e-22 -3.340831e-20 6.704063e-20 6.503456e+01
862000 3.979031e-21 -3.871944e-20 6.525960e-20 5.764001e+02
863000 3.039874e-22 -3.426673e-20 6.603726e-20 4.403544e+01
864000 3.224552e-21 -3.904514e-20 6.419815e-20 4.671067e+02
865000 9.525652e-23 -3.515874e-20 6.493652e-20 1.379880e+01
866000 4.079438e-23 -3.625295e-20 6.378785e-20 5.909450e+00
867000 9.514092e-23 -3.704158e-20 6.305356e-20 1.378206e+01
868000 6.347955e-24 -3.802969e-20 6.197665e-20 9.195611e-01
869000 1.094076e-21 -3.488246e-20 6.621161e-20 1.584872e+02
870000 1.922710e-21 -3.894006e-20 6.298384e-20 2.785227e+02
871000 4.078039e-21 -3.597385e-20 6.810419e-20 5.907424e+02
872000 4.259914e-21 -3.904716e-20 6.523243e-20 6.170887e+02
873000 1.218305e-21 -3.923701e-20 6.308184e-20 1.764829e+02
874000 5.416446e-24 -3.895113e-20 6.105590e-20 7.846232e-01
875000 2.532188e-22 -3.410116e-20 6.615205e-20 3.668112e+01
876000 3.849229e-22 -2.186186e-20 7.852306e-20 5.575970e+01
877000 2.419170e-21 -3.828919e-20 6.412998e-20 3.504395e+02
878000 1.088152e-21 -3.418903e-20 6.689912e-20 1.576290e+02
879000 2.739421e-21 -3.918799e-20 6.399150e-20 3.968309e+02
