pX pY pZ 
2.462057e-13 0.000000e+00 0.000000e+00
-1.309521e-13 0.000000e+00 0.000000e+00
-8.443531e-15 0.000000e+00 0.000000e+00
-3.609485e-13 0.000000e+00 0.000000e+00
-1.145152e-13 0.000000e+00 0.000000e+00
1.826361e-14 0.000000e+00 0.000000e+00
1.123760e-13 0.000000e+00 0.000000e+00
1.475923e-13 0.000000e+00 0.000000e+00
-7.711874e-14 0.000000e+00 0.000000e+00
1.582822e-14 0.000000e+00 0.000000e+00
-2.080888e-13 0.000000e+00 0.000000e+00
-3.320968e-13 0.000000e+00 0.000000e+00
-9.154031e-14 0.000000e+00 0.000000e+00
-1.020416e-13 0.000000e+00 0.000000e+00
2.871804e-13 0.000000e+00 0.000000e+00
-3.656688e-14 0.000000e+00 0.000000e+00
7.135811e-14 0.000000e+00 0.000000e+00
1.632769e-13 0.000000e+00 0.000000e+00
2.293291e-13 0.000000e+00 0.000000e+00
5.813091e-14 0.000000e+00 0.000000e+00
9.149841e-14 0.000000e+00 0.000000e+00
5.778622e-14 0.000000e+00 0.000000e+00
1.064725e-13 0.000000e+00 0.000000e+00
-1.260761e-14 0.000000e+00 0.000000e+00
4.794072e-14 0.000000e+00 0.000000e+00
-9.583129e-14 0.000000e+00 0.000000e+00
-3.850023e-13 0.000000e+00 0.000000e+00
2.475704e-13 0.000000e+00 0.000000e+00
2.412143e-13 0.000000e+00 0.000000e+00
-1.272595e-13 0.000000e+00 0.000000e+00
2.150436e-14 0.000000e+00 0.000000e+00
2.030080e-13 0.000000e+00 0.000000e+00
-1.442677e-13 0.000000e+00 0.000000e+00
1.469650e-15 0.000000e+00 0.000000e+00
-7.586629e-14 0.000000e+00 0.000000e+00
2.213871e-13 0.000000e+00 0.000000e+00
-1.137397e-13 0.000000e+00 0.000000e+00
7.827068e-14 0.000000e+00 0.000000e+00
-2.297764e-13 0.000000e+00 0.000000e+00
2.090236e-13 0.000000e+00 0.000000e+00
-2.475663e-13 0.000000e+00 0.000000e+00
2.044807e-14 0.000000e+00 0.000000e+00
3.274777e-13 0.000000e+00 0.000000e+00
6.161612e-14 0.000000e+00 0.000000e+00
1.114746e-13 0.000000e+00 0.000000e+00
-1.686463e-13 0.000000e+00 0.000000e+00
1.483312e-13 0.000000e+00 0.000000e+00
2.330529e-13 0.000000e+00 0.000000e+00
2.260715e-13 0.000000e+00 0.000000e+00
7.995763e-14 0.000000e+00 0.000000e+00
-2.010474e-13 0.000000e+00 0.000000e+00
-2.697560e-14 0.000000e+00 0.000000e+00
-6.026051e-14 0.000000e+00 0.000000e+00
6.006670e-14 0.000000e+00 0.000000e+00
-9.984930e-15 0.000000e+00 0.000000e+00
1.783332e-13 0.000000e+00 0.000000e+00
7.925279e-14 0.000000e+00 0.000000e+00
-3.121764e-13 0.000000e+00 0.000000e+00
2.555087e-13 0.000000e+00 0.000000e+00
2.045074e-13 0.000000e+00 0.000000e+00
-4.222919e-13 0.000000e+00 0.000000e+00
-1.579043e-13 0.000000e+00 0.000000e+00
-9.980886e-15 0.000000e+00 0.000000e+00
2.838238e-13 0.000000e+00 0.000000e+00
4.429227e-14 0.000000e+00 0.000000e+00
7.504493e-14 0.000000e+00 0.000000e+00
1.242673e-13 0.000000e+00 0.000000e+00
-1.062449e-13 0.000000e+00 0.000000e+00
1.900978e-13 0.000000e+00 0.000000e+00
1.032479e-13 0.000000e+00 0.000000e+00
8.412445e-14 0.000000e+00 0.000000e+00
1.804845e-13 0.000000e+00 0.000000e+00
-1.712733e-13 0.000000e+00 0.000000e+00
-1.030554e-13 0.000000e+00 0.000000e+00
-5.336680e-14 0.000000e+00 0.000000e+00
-1.641849e-13 0.000000e+00 0.000000e+00
6.942296e-14 0.000000e+00 0.000000e+00
8.873314e-14 0.000000e+00 0.000000e+00
-1.841881e-13 0.000000e+00 0.000000e+00
3.456201e-14 0.000000e+00 0.000000e+00
-1.238860e-14 0.000000e+00 0.000000e+00
4.109023e-14 0.000000e+00 0.000000e+00
-2.008269e-13 0.000000e+00 0.000000e+00
-5.114173e-14 0.000000e+00 0.000000e+00
-2.178917e-14 0.000000e+00 0.000000e+00
7.605659e-15 0.000000e+00 0.000000e+00
6.793604e-14 0.000000e+00 0.000000e+00
-1.330860e-14 0.000000e+00 0.000000e+00
8.700307e-14 0.000000e+00 0.000000e+00
7.317691e-16 0.000000e+00 0.000000e+00
-3.312490e-13 0.000000e+00 0.000000e+00
-1.978299e-13 0.000000e+00 0.000000e+00
1.578101e-14 0.000000e+00 0.000000e+00
1.038726e-13 0.000000e+00 0.000000e+00
-2.152936e-13 0.000000e+00 0.000000e+00
2.743522e-13 0.000000e+00 0.000000e+00
-6.204418e-14 0.000000e+00 0.000000e+00
-3.454553e-14 0.000000e+00 0.000000e+00
-1.604562e-13 0.000000e+00 0.000000e+00
3.648880e-13 0.000000e+00 0.000000e+00
-4.191543e-14 0.000000e+00 0.000000e+00
2.443704e-13 0.000000e+00 0.000000e+00
-1.049408e-13 0.000000e+00 0.000000e+00
-4.341253e-13 0.000000e+00 0.000000e+00
-9.423215e-14 0.000000e+00 0.000000e+00
-5.268154e-14 0.000000e+00 0.000000e+00
-6.914339e-14 0.000000e+00 0.000000e+00
1.784274e-13 0.000000e+00 0.000000e+00
3.761723e-14 0.000000e+00 0.000000e+00
1.900992e-14 0.000000e+00 0.000000e+00
-4.751401e-14 0.000000e+00 0.000000e+00
2.714553e-13 0.000000e+00 0.000000e+00
-9.809258e-14 0.000000e+00 0.000000e+00
1.896356e-14 0.000000e+00 0.000000e+00
2.106397e-13 0.000000e+00 0.000000e+00
-2.897485e-13 0.000000e+00 0.000000e+00
-2.262667e-13 0.000000e+00 0.000000e+00
1.046375e-13 0.000000e+00 0.000000e+00
6.312629e-14 0.000000e+00 0.000000e+00
-5.068898e-14 0.000000e+00 0.000000e+00
-2.531724e-13 0.000000e+00 0.000000e+00
-7.023764e-14 0.000000e+00 0.000000e+00
2.568589e-14 0.000000e+00 0.000000e+00
-7.797895e-15 0.000000e+00 0.000000e+00
1.117440e-13 0.000000e+00 0.000000e+00
-1.577644e-13 0.000000e+00 0.000000e+00
-7.880706e-14 0.000000e+00 0.000000e+00
-3.629659e-13 0.000000e+00 0.000000e+00
-8.459362e-14 0.000000e+00 0.000000e+00
4.458445e-15 0.000000e+00 0.000000e+00
-6.635315e-15 0.000000e+00 0.000000e+00
-5.595488e-14 0.000000e+00 0.000000e+00
3.043297e-13 0.000000e+00 0.000000e+00
2.055744e-13 0.000000e+00 0.000000e+00
7.301686e-14 0.000000e+00 0.000000e+00
-1.943743e-13 0.000000e+00 0.000000e+00
-1.670535e-13 0.000000e+00 0.000000e+00
-4.009112e-14 0.000000e+00 0.000000e+00
3.513830e-14 0.000000e+00 0.000000e+00
-2.937321e-13 0.000000e+00 0.000000e+00
-1.515353e-13 0.000000e+00 0.000000e+00
-2.775935e-13 0.000000e+00 0.000000e+00
-1.533961e-13 0.000000e+00 0.000000e+00
8.433187e-14 0.000000e+00 0.000000e+00
1.579536e-13 0.000000e+00 0.000000e+00
3.344621e-13 0.000000e+00 0.000000e+00
2.987971e-13 0.000000e+00 0.000000e+00
-6.122440e-14 0.000000e+00 0.000000e+00
-5.928249e-15 0.000000e+00 0.000000e+00
1.462534e-13 0.000000e+00 0.000000e+00
2.373777e-13 0.000000e+00 0.000000e+00
2.413400e-14 0.000000e+00 0.000000e+00
2.430643e-13 0.000000e+00 0.000000e+00
-8.828079e-14 0.000000e+00 0.000000e+00
-1.309723e-13 0.000000e+00 0.000000e+00
-2.785305e-14 0.000000e+00 0.000000e+00
6.834149e-14 0.000000e+00 0.000000e+00
-3.894324e-15 0.000000e+00 0.000000e+00
-9.452526e-14 0.000000e+00 0.000000e+00
-2.629988e-13 0.000000e+00 0.000000e+00
-9.286483e-14 0.000000e+00 0.000000e+00
2.636428e-15 0.000000e+00 0.000000e+00
6.386897e-14 0.000000e+00 0.000000e+00
-2.582330e-13 0.000000e+00 0.000000e+00
-3.493036e-13 0.000000e+00 0.000000e+00
4.946033e-13 0.000000e+00 0.000000e+00
-1.240657e-13 0.000000e+00 0.000000e+00
6.889918e-14 0.000000e+00 0.000000e+00
1.821539e-13 0.000000e+00 0.000000e+00
6.066054e-14 0.000000e+00 0.000000e+00
-2.457290e-13 0.000000e+00 0.000000e+00
-1.367004e-13 0.000000e+00 0.000000e+00
2.473021e-13 0.000000e+00 0.000000e+00
-1.516934e-13 0.000000e+00 0.000000e+00
-7.124097e-14 0.000000e+00 0.000000e+00
-1.161903e-13 0.000000e+00 0.000000e+00
2.438388e-13 0.000000e+00 0.000000e+00
1.532268e-15 0.000000e+00 0.000000e+00
9.278582e-14 0.000000e+00 0.000000e+00
1.425059e-14 0.000000e+00 0.000000e+00
-1.570800e-13 0.000000e+00 0.000000e+00
2.071025e-13 0.000000e+00 0.000000e+00
3.976568e-14 0.000000e+00 0.000000e+00
6.428715e-15 0.000000e+00 0.000000e+00
-2.133030e-13 0.000000e+00 0.000000e+00
-1.409067e-13 0.000000e+00 0.000000e+00
1.949405e-15 0.000000e+00 0.000000e+00
-1.915122e-13 0.000000e+00 0.000000e+00
-4.331346e-14 0.000000e+00 0.000000e+00
2.135761e-13 0.000000e+00 0.000000e+00
2.600352e-13 0.000000e+00 0.000000e+00
-1.812861e-13 0.000000e+00 0.000000e+00
-1.309349e-14 0.000000e+00 0.000000e+00
-2.728081e-13 0.000000e+00 0.000000e+00
-8.097153e-14 0.000000e+00 0.000000e+00
5.082559e-14 0.000000e+00 0.000000e+00
-2.301424e-13 0.000000e+00 0.000000e+00
-1.770248e-13 0.000000e+00 0.000000e+00
9.356022e-14 0.000000e+00 0.000000e+00
-3.450892e-14 0.000000e+00 0.000000e+00
-1.152475e-13 0.000000e+00 0.000000e+00
-1.386111e-13 0.000000e+00 0.000000e+00
-1.101719e-13 0.000000e+00 0.000000e+00
3.132603e-14 0.000000e+00 0.000000e+00
-4.059494e-13 0.000000e+00 0.000000e+00
1.426263e-13 0.000000e+00 0.000000e+00
5.203429e-15 0.000000e+00 0.000000e+00
1.321157e-13 0.000000e+00 0.000000e+00
8.419117e-14 0.000000e+00 0.000000e+00
3.669678e-15 0.000000e+00 0.000000e+00
-1.252321e-14 0.000000e+00 0.000000e+00
2.365829e-13 0.000000e+00 0.000000e+00
3.063466e-16 0.000000e+00 0.000000e+00
1.099118e-13 0.000000e+00 0.000000e+00
-2.673238e-13 0.000000e+00 0.000000e+00
3.156738e-13 0.000000e+00 0.000000e+00
2.886246e-13 0.000000e+00 0.000000e+00
-8.732377e-14 0.000000e+00 0.000000e+00
-6.289314e-14 0.000000e+00 0.000000e+00
6.283672e-14 0.000000e+00 0.000000e+00
-7.813612e-14 0.000000e+00 0.000000e+00
-1.010794e-13 0.000000e+00 0.000000e+00
2.825257e-14 0.000000e+00 0.000000e+00
-1.423460e-13 0.000000e+00 0.000000e+00
5.668509e-14 0.000000e+00 0.000000e+00
-2.814639e-14 0.000000e+00 0.000000e+00
1.257581e-13 0.000000e+00 0.000000e+00
-3.889736e-14 0.000000e+00 0.000000e+00
-1.359469e-13 0.000000e+00 0.000000e+00
-2.358043e-13 0.000000e+00 0.000000e+00
3.500217e-13 0.000000e+00 0.000000e+00
-1.256196e-13 0.000000e+00 0.000000e+00
-2.844884e-13 0.000000e+00 0.000000e+00
2.891491e-13 0.000000e+00 0.000000e+00
2.520282e-14 0.000000e+00 0.000000e+00
9.616100e-14 0.000000e+00 0.000000e+00
-1.485427e-13 0.000000e+00 0.000000e+00
2.157698e-13 0.000000e+00 0.000000e+00
-1.791809e-13 0.000000e+00 0.000000e+00
1.804306e-13 0.000000e+00 0.000000e+00
3.413654e-13 0.000000e+00 0.000000e+00
-1.477367e-13 0.000000e+00 0.000000e+00
-2.565933e-13 0.000000e+00 0.000000e+00
4.458778e-15 0.000000e+00 0.000000e+00
-9.652026e-14 0.000000e+00 0.000000e+00
5.426508e-14 0.000000e+00 0.000000e+00
4.716859e-13 0.000000e+00 0.000000e+00
-1.637111e-13 0.000000e+00 0.000000e+00
5.157057e-14 0.000000e+00 0.000000e+00
-8.636202e-14 0.000000e+00 0.000000e+00
1.670473e-14 0.000000e+00 0.000000e+00
-4.110474e-15 0.000000e+00 0.000000e+00
-4.610146e-14 0.000000e+00 0.000000e+00
-4.309315e-14 0.000000e+00 0.000000e+00
1.618064e-13 0.000000e+00 0.000000e+00
-1.473154e-13 0.000000e+00 0.000000e+00
1.871765e-13 0.000000e+00 0.000000e+00
5.327346e-14 0.000000e+00 0.000000e+00
-5.027362e-14 0.000000e+00 0.000000e+00
-1.367818e-13 0.000000e+00 0.000000e+00
9.768004e-14 0.000000e+00 0.000000e+00
2.961842e-13 0.000000e+00 0.000000e+00
-1.161373e-13 0.000000e+00 0.000000e+00
-7.799805e-14 0.000000e+00 0.000000e+00
7.951779e-14 0.000000e+00 0.000000e+00
-1.519547e-13 0.000000e+00 0.000000e+00
-2.029490e-13 0.000000e+00 0.000000e+00
1.044808e-13 0.000000e+00 0.000000e+00
-2.934444e-13 0.000000e+00 0.000000e+00
-9.692096e-14 0.000000e+00 0.000000e+00
8.959136e-15 0.000000e+00 0.000000e+00
-1.118091e-13 0.000000e+00 0.000000e+00
-1.793764e-15 0.000000e+00 0.000000e+00
-1.463566e-13 0.000000e+00 0.000000e+00
-7.483361e-14 0.000000e+00 0.000000e+00
5.025026e-14 0.000000e+00 0.000000e+00
2.118927e-13 0.000000e+00 0.000000e+00
-2.518328e-13 0.000000e+00 0.000000e+00
-5.471788e-15 0.000000e+00 0.000000e+00
1.460530e-13 0.000000e+00 0.000000e+00
1.427979e-13 0.000000e+00 0.000000e+00
3.990168e-13 0.000000e+00 0.000000e+00
-1.150467e-13 0.000000e+00 0.000000e+00
-4.244200e-14 0.000000e+00 0.000000e+00
2.836563e-14 0.000000e+00 0.000000e+00
-1.719545e-13 0.000000e+00 0.000000e+00
-2.140532e-13 0.000000e+00 0.000000e+00
2.636717e-13 0.000000e+00 0.000000e+00
-1.513841e-13 0.000000e+00 0.000000e+00
1.624068e-13 0.000000e+00 0.000000e+00
-2.851149e-13 0.000000e+00 0.000000e+00
2.600865e-13 0.000000e+00 0.000000e+00
8.366109e-14 0.000000e+00 0.000000e+00
-2.411025e-13 0.000000e+00 0.000000e+00
-5.493759e-14 0.000000e+00 0.000000e+00
-4.467421e-14 0.000000e+00 0.000000e+00
-9.940105e-14 0.000000e+00 0.000000e+00
3.173236e-15 0.000000e+00 0.000000e+00
-1.399711e-14 0.000000e+00 0.000000e+00
2.069837e-13 0.000000e+00 0.000000e+00
-1.776743e-13 0.000000e+00 0.000000e+00
2.303476e-14 0.000000e+00 0.000000e+00
-5.548484e-14 0.000000e+00 0.000000e+00
-1.688135e-13 0.000000e+00 0.000000e+00
-1.298067e-13 0.000000e+00 0.000000e+00
9.332924e-16 0.000000e+00 0.000000e+00
2.036791e-13 0.000000e+00 0.000000e+00
-6.438361e-14 0.000000e+00 0.000000e+00
2.635648e-13 0.000000e+00 0.000000e+00
7.622842e-14 0.000000e+00 0.000000e+00
8.230673e-14 0.000000e+00 0.000000e+00
-4.395080e-14 0.000000e+00 0.000000e+00
6.403651e-14 0.000000e+00 0.000000e+00
-1.794856e-14 0.000000e+00 0.000000e+00
-6.659253e-16 0.000000e+00 0.000000e+00
-1.498829e-14 0.000000e+00 0.000000e+00
1.491147e-13 0.000000e+00 0.000000e+00
1.902670e-13 0.000000e+00 0.000000e+00
-2.457196e-13 0.000000e+00 0.000000e+00
-1.009841e-13 0.000000e+00 0.000000e+00
-7.418359e-15 0.000000e+00 0.000000e+00
2.190368e-13 0.000000e+00 0.000000e+00
-2.097094e-13 0.000000e+00 0.000000e+00
1.164832e-14 0.000000e+00 0.000000e+00
1.280163e-13 0.000000e+00 0.000000e+00
-9.894202e-14 0.000000e+00 0.000000e+00
2.109757e-13 0.000000e+00 0.000000e+00
-3.862164e-14 0.000000e+00 0.000000e+00
-2.743386e-13 0.000000e+00 0.000000e+00
1.104419e-13 0.000000e+00 0.000000e+00
4.703360e-14 0.000000e+00 0.000000e+00
1.027206e-13 0.000000e+00 0.000000e+00
9.144545e-14 0.000000e+00 0.000000e+00
8.844133e-14 0.000000e+00 0.000000e+00
1.431398e-13 0.000000e+00 0.000000e+00
-1.998056e-13 0.000000e+00 0.000000e+00
-2.506461e-13 0.000000e+00 0.000000e+00
1.771687e-14 0.000000e+00 0.000000e+00
1.866828e-13 0.000000e+00 0.000000e+00
-1.745265e-14 0.000000e+00 0.000000e+00
-1.471179e-13 0.000000e+00 0.000000e+00
-4.478305e-13 0.000000e+00 0.000000e+00
1.599803e-13 0.000000e+00 0.000000e+00
8.062369e-14 0.000000e+00 0.000000e+00
5.505630e-14 0.000000e+00 0.000000e+00
-6.017708e-15 0.000000e+00 0.000000e+00
1.032598e-14 0.000000e+00 0.000000e+00
-1.688120e-13 0.000000e+00 0.000000e+00
4.446702e-14 0.000000e+00 0.000000e+00
3.599376e-13 0.000000e+00 0.000000e+00
2.168434e-13 0.000000e+00 0.000000e+00
1.060725e-13 0.000000e+00 0.000000e+00
3.128067e-13 0.000000e+00 0.000000e+00
8.552575e-14 0.000000e+00 0.000000e+00
5.907976e-14 0.000000e+00 0.000000e+00
4.316473e-14 0.000000e+00 0.000000e+00
4.082115e-14 0.000000e+00 0.000000e+00
-1.275414e-13 0.000000e+00 0.000000e+00
7.099817e-14 0.000000e+00 0.000000e+00
2.013103e-13 0.000000e+00 0.000000e+00
2.489400e-13 0.000000e+00 0.000000e+00
-3.892974e-14 0.000000e+00 0.000000e+00
4.865835e-13 0.000000e+00 0.000000e+00
-1.457057e-13 0.000000e+00 0.000000e+00
-5.124880e-15 0.000000e+00 0.000000e+00
2.522416e-13 0.000000e+00 0.000000e+00
1.544412e-13 0.000000e+00 0.000000e+00
-7.101817e-14 0.000000e+00 0.000000e+00
-7.324065e-14 0.000000e+00 0.000000e+00
1.327056e-14 0.000000e+00 0.000000e+00
1.514717e-13 0.000000e+00 0.000000e+00
-1.530131e-13 0.000000e+00 0.000000e+00
6.045389e-14 0.000000e+00 0.000000e+00
-4.243519e-14 0.000000e+00 0.000000e+00
6.608764e-14 0.000000e+00 0.000000e+00
2.894971e-14 0.000000e+00 0.000000e+00
-2.071746e-13 0.000000e+00 0.000000e+00
-1.753088e-14 0.000000e+00 0.000000e+00
7.614828e-14 0.000000e+00 0.000000e+00
1.997342e-13 0.000000e+00 0.000000e+00
-2.588423e-13 0.000000e+00 0.000000e+00
-5.258418e-14 0.000000e+00 0.000000e+00
-5.546980e-14 0.000000e+00 0.000000e+00
4.809504e-14 0.000000e+00 0.000000e+00
6.399304e-14 0.000000e+00 0.000000e+00
-2.807537e-13 0.000000e+00 0.000000e+00
1.727198e-13 0.000000e+00 0.000000e+00
3.425771e-13 0.000000e+00 0.000000e+00
1.418262e-13 0.000000e+00 0.000000e+00
-7.997467e-14 0.000000e+00 0.000000e+00
6.024998e-14 0.000000e+00 0.000000e+00
-2.176995e-13 0.000000e+00 0.000000e+00
-1.488716e-13 0.000000e+00 0.000000e+00
1.899177e-13 0.000000e+00 0.000000e+00
-7.328585e-14 0.000000e+00 0.000000e+00
-2.750534e-13 0.000000e+00 0.000000e+00
1.400190e-13 0.000000e+00 0.000000e+00
1.957930e-13 0.000000e+00 0.000000e+00
2.354502e-13 0.000000e+00 0.000000e+00
4.786101e-16 0.000000e+00 0.000000e+00
6.521856e-14 0.000000e+00 0.000000e+00
1.066710e-13 0.000000e+00 0.000000e+00
1.136836e-13 0.000000e+00 0.000000e+00
1.393064e-13 0.000000e+00 0.000000e+00
2.975688e-14 0.000000e+00 0.000000e+00
-4.513985e-14 0.000000e+00 0.000000e+00
1.011723e-13 0.000000e+00 0.000000e+00
-2.154654e-13 0.000000e+00 0.000000e+00
-1.253550e-13 0.000000e+00 0.000000e+00
2.244208e-13 0.000000e+00 0.000000e+00
-2.824866e-13 0.000000e+00 0.000000e+00
-2.174809e-13 0.000000e+00 0.000000e+00
3.625779e-13 0.000000e+00 0.000000e+00
-1.648596e-13 0.000000e+00 0.000000e+00
3.637422e-14 0.000000e+00 0.000000e+00
-4.115678e-14 0.000000e+00 0.000000e+00
1.535924e-13 0.000000e+00 0.000000e+00
1.116082e-13 0.000000e+00 0.000000e+00
1.793283e-13 0.000000e+00 0.000000e+00
-1.682753e-13 0.000000e+00 0.000000e+00
-7.183636e-14 0.000000e+00 0.000000e+00
-1.249405e-13 0.000000e+00 0.000000e+00
7.742707e-14 0.000000e+00 0.000000e+00
1.211216e-14 0.000000e+00 0.000000e+00
1.060892e-13 0.000000e+00 0.000000e+00
-2.548489e-13 0.000000e+00 0.000000e+00
2.280250e-13 0.000000e+00 0.000000e+00
-3.264363e-14 0.000000e+00 0.000000e+00
1.415607e-13 0.000000e+00 0.000000e+00
-9.538775e-14 0.000000e+00 0.000000e+00
4.943053e-14 0.000000e+00 0.000000e+00
1.691793e-13 0.000000e+00 0.000000e+00
2.468513e-13 0.000000e+00 0.000000e+00
3.004262e-14 0.000000e+00 0.000000e+00
-3.678976e-14 0.000000e+00 0.000000e+00
-1.623429e-13 0.000000e+00 0.000000e+00
-6.835631e-14 0.000000e+00 0.000000e+00
-4.951470e-14 0.000000e+00 0.000000e+00
3.993383e-14 0.000000e+00 0.000000e+00
2.140037e-13 0.000000e+00 0.000000e+00
-1.807877e-13 0.000000e+00 0.000000e+00
7.863270e-14 0.000000e+00 0.000000e+00
-1.070979e-13 0.000000e+00 0.000000e+00
3.407705e-13 0.000000e+00 0.000000e+00
1.085199e-13 0.000000e+00 0.000000e+00
-1.068063e-13 0.000000e+00 0.000000e+00
-4.397100e-13 0.000000e+00 0.000000e+00
7.055781e-15 0.000000e+00 0.000000e+00
5.372037e-15 0.000000e+00 0.000000e+00
-8.008407e-14 0.000000e+00 0.000000e+00
-3.881791e-14 0.000000e+00 0.000000e+00
-7.368561e-14 0.000000e+00 0.000000e+00
-2.029676e-13 0.000000e+00 0.000000e+00
-2.601740e-13 0.000000e+00 0.000000e+00
-3.469943e-13 0.000000e+00 0.000000e+00
6.408877e-14 0.000000e+00 0.000000e+00
-5.157943e-14 0.000000e+00 0.000000e+00
5.575705e-15 0.000000e+00 0.000000e+00
-3.064365e-13 0.000000e+00 0.000000e+00
-2.812806e-13 0.000000e+00 0.000000e+00
-2.100283e-13 0.000000e+00 0.000000e+00
-2.638695e-13 0.000000e+00 0.000000e+00
1.463586e-13 0.000000e+00 0.000000e+00
-9.619831e-14 0.000000e+00 0.000000e+00
8.996230e-14 0.000000e+00 0.000000e+00
-2.956816e-13 0.000000e+00 0.000000e+00
1.642044e-13 0.000000e+00 0.000000e+00
-2.820351e-13 0.000000e+00 0.000000e+00
-9.365369e-15 0.000000e+00 0.000000e+00
-1.094610e-13 0.000000e+00 0.000000e+00
1.334047e-13 0.000000e+00 0.000000e+00
4.372706e-13 0.000000e+00 0.000000e+00
1.379630e-13 0.000000e+00 0.000000e+00
5.008544e-14 0.000000e+00 0.000000e+00
7.154256e-14 0.000000e+00 0.000000e+00
8.337419e-14 0.000000e+00 0.000000e+00
6.647257e-14 0.000000e+00 0.000000e+00
1.182370e-13 0.000000e+00 0.000000e+00
-1.160180e-13 0.000000e+00 0.000000e+00
-5.792294e-14 0.000000e+00 0.000000e+00
-9.845865e-14 0.000000e+00 0.000000e+00
1.055696e-13 0.000000e+00 0.000000e+00
-3.174928e-14 0.000000e+00 0.000000e+00
9.632440e-14 0.000000e+00 0.000000e+00
2.891295e-13 0.000000e+00 0.000000e+00
2.588061e-14 0.000000e+00 0.000000e+00
1.311318e-13 0.000000e+00 0.000000e+00
4.907227e-14 0.000000e+00 0.000000e+00
1.969470e-13 0.000000e+00 0.000000e+00
1.089940e-13 0.000000e+00 0.000000e+00
-5.941443e-14 0.000000e+00 0.000000e+00
2.937698e-14 0.000000e+00 0.000000e+00
-2.086397e-13 0.000000e+00 0.000000e+00
3.854348e-15 0.000000e+00 0.000000e+00
1.038388e-13 0.000000e+00 0.000000e+00
2.396785e-13 0.000000e+00 0.000000e+00
-4.005539e-14 0.000000e+00 0.000000e+00
-2.773555e-13 0.000000e+00 0.000000e+00
-1.152573e-13 0.000000e+00 0.000000e+00
-7.019794e-14 0.000000e+00 0.000000e+00
8.667922e-14 0.000000e+00 0.000000e+00
-2.686966e-13 0.000000e+00 0.000000e+00
-2.393795e-13 0.000000e+00 0.000000e+00
-8.796414e-14 0.000000e+00 0.000000e+00
2.201366e-13 0.000000e+00 0.000000e+00
2.376362e-13 0.000000e+00 0.000000e+00
-4.159365e-14 0.000000e+00 0.000000e+00
-1.042869e-13 0.000000e+00 0.000000e+00
1.598510e-13 0.000000e+00 0.000000e+00
2.542371e-13 0.000000e+00 0.000000e+00
1.337460e-13 0.000000e+00 0.000000e+00
-1.311705e-13 0.000000e+00 0.000000e+00
3.480234e-14 0.000000e+00 0.000000e+00
2.019191e-13 0.000000e+00 0.000000e+00
1.625585e-14 0.000000e+00 0.000000e+00
5.889207e-14 0.000000e+00 0.000000e+00
1.884556e-13 0.000000e+00 0.000000e+00
3.657304e-13 0.000000e+00 0.000000e+00
8.415034e-15 0.000000e+00 0.000000e+00
-1.301587e-13 0.000000e+00 0.000000e+00
2.550717e-13 0.000000e+00 0.000000e+00
-1.460660e-13 0.000000e+00 0.000000e+00
3.890322e-14 0.000000e+00 0.000000e+00
-3.446846e-13 0.000000e+00 0.000000e+00
-8.193489e-14 0.000000e+00 0.000000e+00
-1.702787e-13 0.000000e+00 0.000000e+00
1.522285e-14 0.000000e+00 0.000000e+00
-1.350952e-13 0.000000e+00 0.000000e+00
-6.643499e-14 0.000000e+00 0.000000e+00
8.073409e-15 0.000000e+00 0.000000e+00
-3.220904e-13 0.000000e+00 0.000000e+00
1.354277e-13 0.000000e+00 0.000000e+00
-1.705658e-13 0.000000e+00 0.000000e+00
-9.164739e-14 0.000000e+00 0.000000e+00
1.074258e-13 0.000000e+00 0.000000e+00
-1.592571e-14 0.000000e+00 0.000000e+00
-1.174002e-13 0.000000e+00 0.000000e+00
-1.010772e-13 0.000000e+00 0.000000e+00
2.018267e-13 0.000000e+00 0.000000e+00
3.309309e-14 0.000000e+00 0.000000e+00
1.387712e-13 0.000000e+00 0.000000e+00
-3.628297e-14 0.000000e+00 0.000000e+00
-2.878328e-13 0.000000e+00 0.000000e+00
-2.736420e-13 0.000000e+00 0.000000e+00
2.026395e-13 0.000000e+00 0.000000e+00
-8.845525e-14 0.000000e+00 0.000000e+00
1.334151e-13 0.000000e+00 0.000000e+00
2.372540e-13 0.000000e+00 0.000000e+00
1.734283e-13 0.000000e+00 0.000000e+00
1.000291e-13 0.000000e+00 0.000000e+00
-2.478887e-13 0.000000e+00 0.000000e+00
-1.727939e-13 0.000000e+00 0.000000e+00
4.793448e-14 0.000000e+00 0.000000e+00
-1.754513e-13 0.000000e+00 0.000000e+00
4.058920e-13 0.000000e+00 0.000000e+00
1.792327e-13 0.000000e+00 0.000000e+00
2.690742e-13 0.000000e+00 0.000000e+00
7.074280e-14 0.000000e+00 0.000000e+00
-4.086700e-14 0.000000e+00 0.000000e+00
-1.651655e-13 0.000000e+00 0.000000e+00
8.976981e-14 0.000000e+00 0.000000e+00
1.747079e-13 0.000000e+00 0.000000e+00
1.181174e-13 0.000000e+00 0.000000e+00
-1.789839e-13 0.000000e+00 0.000000e+00
3.348720e-14 0.000000e+00 0.000000e+00
4.805018e-14 0.000000e+00 0.000000e+00
3.093809e-14 0.000000e+00 0.000000e+00
6.290765e-14 0.000000e+00 0.000000e+00
1.603752e-13 0.000000e+00 0.000000e+00
-2.845041e-13 0.000000e+00 0.000000e+00
-1.622673e-13 0.000000e+00 0.000000e+00
1.655244e-13 0.000000e+00 0.000000e+00
7.251903e-14 0.000000e+00 0.000000e+00
2.306696e-14 0.000000e+00 0.000000e+00
2.909740e-13 0.000000e+00 0.000000e+00
2.189060e-14 0.000000e+00 0.000000e+00
-3.146968e-14 0.000000e+00 0.000000e+00
-3.949134e-13 0.000000e+00 0.000000e+00
1.626097e-13 0.000000e+00 0.000000e+00
1.344290e-13 0.000000e+00 0.000000e+00
1.773389e-13 0.000000e+00 0.000000e+00
1.451946e-13 0.000000e+00 0.000000e+00
1.664403e-13 0.000000e+00 0.000000e+00
6.497380e-14 0.000000e+00 0.000000e+00
-9.860969e-14 0.000000e+00 0.000000e+00
-8.175232e-15 0.000000e+00 0.000000e+00
9.903656e-14 0.000000e+00 0.000000e+00
1.918525e-13 0.000000e+00 0.000000e+00
-7.231589e-14 0.000000e+00 0.000000e+00
2.002737e-13 0.000000e+00 0.000000e+00
2.339689e-13 0.000000e+00 0.000000e+00
2.334098e-13 0.000000e+00 0.000000e+00
-2.894361e-14 0.000000e+00 0.000000e+00
2.290440e-14 0.000000e+00 0.000000e+00
1.330224e-13 0.000000e+00 0.000000e+00
5.056861e-14 0.000000e+00 0.000000e+00
-9.970784e-14 0.000000e+00 0.000000e+00
2.349602e-13 0.000000e+00 0.000000e+00
7.771748e-14 0.000000e+00 0.000000e+00
2.081754e-13 0.000000e+00 0.000000e+00
-6.389062e-14 0.000000e+00 0.000000e+00
-9.208152e-14 0.000000e+00 0.000000e+00
-1.345677e-13 0.000000e+00 0.000000e+00
-2.554136e-13 0.000000e+00 0.000000e+00
-4.792122e-14 0.000000e+00 0.000000e+00
2.291731e-13 0.000000e+00 0.000000e+00
2.264050e-13 0.000000e+00 0.000000e+00
1.144314e-13 0.000000e+00 0.000000e+00
1.422443e-13 0.000000e+00 0.000000e+00
2.379531e-14 0.000000e+00 0.000000e+00
-1.064371e-14 0.000000e+00 0.000000e+00
1.160248e-13 0.000000e+00 0.000000e+00
-2.131398e-13 0.000000e+00 0.000000e+00
-2.015490e-13 0.000000e+00 0.000000e+00
3.882585e-15 0.000000e+00 0.000000e+00
-1.076131e-13 0.000000e+00 0.000000e+00
-1.658274e-13 0.000000e+00 0.000000e+00
-8.107386e-14 0.000000e+00 0.000000e+00
3.456725e-14 0.000000e+00 0.000000e+00
-1.723819e-13 0.000000e+00 0.000000e+00
2.330666e-14 0.000000e+00 0.000000e+00
-4.142746e-14 0.000000e+00 0.000000e+00
7.042687e-14 0.000000e+00 0.000000e+00
-1.858894e-13 0.000000e+00 0.000000e+00
-1.155747e-13 0.000000e+00 0.000000e+00
4.092614e-15 0.000000e+00 0.000000e+00
-1.389265e-13 0.000000e+00 0.000000e+00
4.173773e-14 0.000000e+00 0.000000e+00
1.569777e-13 0.000000e+00 0.000000e+00
4.208345e-14 0.000000e+00 0.000000e+00
2.998212e-13 0.000000e+00 0.000000e+00
-2.855309e-13 0.000000e+00 0.000000e+00
8.441214e-14 0.000000e+00 0.000000e+00
-2.335048e-13 0.000000e+00 0.000000e+00
4.117932e-14 0.000000e+00 0.000000e+00
-1.332633e-13 0.000000e+00 0.000000e+00
-2.373209e-14 0.000000e+00 0.000000e+00
1.390927e-13 0.000000e+00 0.000000e+00
1.541695e-13 0.000000e+00 0.000000e+00
2.437742e-13 0.000000e+00 0.000000e+00
1.012734e-13 0.000000e+00 0.000000e+00
1.291770e-13 0.000000e+00 0.000000e+00
2.537358e-15 0.000000e+00 0.000000e+00
-2.037503e-14 0.000000e+00 0.000000e+00
-3.235508e-13 0.000000e+00 0.000000e+00
-8.041902e-14 0.000000e+00 0.000000e+00
-2.839280e-14 0.000000e+00 0.000000e+00
1.895586e-13 0.000000e+00 0.000000e+00
-1.366028e-13 0.000000e+00 0.000000e+00
2.783512e-13 0.000000e+00 0.000000e+00
-1.422530e-13 0.000000e+00 0.000000e+00
-4.556922e-14 0.000000e+00 0.000000e+00
2.650136e-13 0.000000e+00 0.000000e+00
-2.881774e-13 0.000000e+00 0.000000e+00
-2.232926e-13 0.000000e+00 0.000000e+00
4.756649e-14 0.000000e+00 0.000000e+00
7.049173e-14 0.000000e+00 0.000000e+00
6.718017e-14 0.000000e+00 0.000000e+00
1.298442e-13 0.000000e+00 0.000000e+00
3.066043e-13 0.000000e+00 0.000000e+00
-5.693063e-14 0.000000e+00 0.000000e+00
3.065149e-13 0.000000e+00 0.000000e+00
6.881913e-14 0.000000e+00 0.000000e+00
-1.491390e-13 0.000000e+00 0.000000e+00
1.703441e-13 0.000000e+00 0.000000e+00
9.582676e-14 0.000000e+00 0.000000e+00
-6.673446e-14 0.000000e+00 0.000000e+00
7.806754e-14 0.000000e+00 0.000000e+00
1.510657e-13 0.000000e+00 0.000000e+00
-1.391539e-13 0.000000e+00 0.000000e+00
-1.914690e-14 0.000000e+00 0.000000e+00
1.209634e-13 0.000000e+00 0.000000e+00
-3.687697e-14 0.000000e+00 0.000000e+00
-4.261680e-14 0.000000e+00 0.000000e+00
1.542886e-13 0.000000e+00 0.000000e+00
-2.117134e-13 0.000000e+00 0.000000e+00
-1.563958e-14 0.000000e+00 0.000000e+00
-1.273737e-13 0.000000e+00 0.000000e+00
-1.492250e-13 0.000000e+00 0.000000e+00
-1.232562e-13 0.000000e+00 0.000000e+00
-1.185587e-13 0.000000e+00 0.000000e+00
1.407394e-14 0.000000e+00 0.000000e+00
8.894580e-14 0.000000e+00 0.000000e+00
1.009627e-13 0.000000e+00 0.000000e+00
-1.773504e-13 0.000000e+00 0.000000e+00
2.582079e-13 0.000000e+00 0.000000e+00
-3.307779e-14 0.000000e+00 0.000000e+00
-8.493585e-15 0.000000e+00 0.000000e+00
7.232163e-14 0.000000e+00 0.000000e+00
5.663090e-15 0.000000e+00 0.000000e+00
7.088637e-14 0.000000e+00 0.000000e+00
-6.711233e-14 0.000000e+00 0.000000e+00
2.162937e-13 0.000000e+00 0.000000e+00
-6.932553e-14 0.000000e+00 0.000000e+00
-1.741566e-13 0.000000e+00 0.000000e+00
2.274564e-13 0.000000e+00 0.000000e+00
5.037774e-14 0.000000e+00 0.000000e+00
-1.439007e-14 0.000000e+00 0.000000e+00
4.536525e-13 0.000000e+00 0.000000e+00
2.251368e-13 0.000000e+00 0.000000e+00
2.865773e-14 0.000000e+00 0.000000e+00
-1.150838e-14 0.000000e+00 0.000000e+00
3.081596e-13 0.000000e+00 0.000000e+00
-1.787415e-14 0.000000e+00 0.000000e+00
1.074270e-13 0.000000e+00 0.000000e+00
-9.510399e-14 0.000000e+00 0.000000e+00
-8.254204e-14 0.000000e+00 0.000000e+00
-2.296457e-13 0.000000e+00 0.000000e+00
-3.180624e-14 0.000000e+00 0.000000e+00
-3.889497e-14 0.000000e+00 0.000000e+00
1.410873e-13 0.000000e+00 0.000000e+00
1.207701e-13 0.000000e+00 0.000000e+00
-3.736811e-14 0.000000e+00 0.000000e+00
-3.742475e-14 0.000000e+00 0.000000e+00
-6.630656e-14 0.000000e+00 0.000000e+00
-1.588051e-13 0.000000e+00 0.000000e+00
-1.683536e-13 0.000000e+00 0.000000e+00
-1.562041e-13 0.000000e+00 0.000000e+00
1.277426e-13 0.000000e+00 0.000000e+00
1.409076e-13 0.000000e+00 0.000000e+00
-2.118636e-13 0.000000e+00 0.000000e+00
-7.369538e-14 0.000000e+00 0.000000e+00
-1.665577e-13 0.000000e+00 0.000000e+00
-1.376098e-13 0.000000e+00 0.000000e+00
1.556902e-13 0.000000e+00 0.000000e+00
-3.141124e-13 0.000000e+00 0.000000e+00
-1.674680e-13 0.000000e+00 0.000000e+00
4.704108e-15 0.000000e+00 0.000000e+00
-1.516971e-13 0.000000e+00 0.000000e+00
7.053948e-14 0.000000e+00 0.000000e+00
-1.238249e-13 0.000000e+00 0.000000e+00
-1.824206e-13 0.000000e+00 0.000000e+00
1.551330e-13 0.000000e+00 0.000000e+00
-1.039339e-14 0.000000e+00 0.000000e+00
-2.277894e-14 0.000000e+00 0.000000e+00
-8.586774e-14 0.000000e+00 0.000000e+00
-2.470041e-14 0.000000e+00 0.000000e+00
-2.163831e-13 0.000000e+00 0.000000e+00
3.692158e-14 0.000000e+00 0.000000e+00
5.294629e-14 0.000000e+00 0.000000e+00
-2.663137e-13 0.000000e+00 0.000000e+00
-1.790819e-13 0.000000e+00 0.000000e+00
-3.015810e-13 0.000000e+00 0.000000e+00
2.028816e-13 0.000000e+00 0.000000e+00
-8.026092e-14 0.000000e+00 0.000000e+00
-1.193145e-13 0.000000e+00 0.000000e+00
2.922181e-13 0.000000e+00 0.000000e+00
-5.226759e-14 0.000000e+00 0.000000e+00
-3.365765e-13 0.000000e+00 0.000000e+00
-1.122973e-13 0.000000e+00 0.000000e+00
-1.751623e-14 0.000000e+00 0.000000e+00
8.776556e-14 0.000000e+00 0.000000e+00
1.398438e-13 0.000000e+00 0.000000e+00
2.695622e-13 0.000000e+00 0.000000e+00
4.394867e-13 0.000000e+00 0.000000e+00
-9.621821e-14 0.000000e+00 0.000000e+00
-4.937274e-14 0.000000e+00 0.000000e+00
1.099853e-13 0.000000e+00 0.000000e+00
-2.279390e-14 0.000000e+00 0.000000e+00
9.576294e-14 0.000000e+00 0.000000e+00
-2.568389e-13 0.000000e+00 0.000000e+00
8.031352e-14 0.000000e+00 0.000000e+00
-7.076297e-14 0.000000e+00 0.000000e+00
-1.408398e-13 0.000000e+00 0.000000e+00
-3.863008e-14 0.000000e+00 0.000000e+00
2.085844e-13 0.000000e+00 0.000000e+00
3.324854e-14 0.000000e+00 0.000000e+00
2.826582e-13 0.000000e+00 0.000000e+00
-3.058863e-14 0.000000e+00 0.000000e+00
-1.744694e-13 0.000000e+00 0.000000e+00
-1.201088e-13 0.000000e+00 0.000000e+00
-1.337382e-13 0.000000e+00 0.000000e+00
-1.452688e-13 0.000000e+00 0.000000e+00
2.623628e-13 0.000000e+00 0.000000e+00
-2.721875e-13 0.000000e+00 0.000000e+00
-1.068720e-13 0.000000e+00 0.000000e+00
2.428166e-13 0.000000e+00 0.000000e+00
2.015490e-13 0.000000e+00 0.000000e+00
2.368914e-13 0.000000e+00 0.000000e+00
1.195245e-13 0.000000e+00 0.000000e+00
2.875753e-13 0.000000e+00 0.000000e+00
-1.456912e-13 0.000000e+00 0.000000e+00
-6.955520e-14 0.000000e+00 0.000000e+00
1.255035e-13 0.000000e+00 0.000000e+00
-2.518757e-13 0.000000e+00 0.000000e+00
-2.207638e-13 0.000000e+00 0.000000e+00
-2.017931e-14 0.000000e+00 0.000000e+00
-2.580017e-13 0.000000e+00 0.000000e+00
-1.920529e-13 0.000000e+00 0.000000e+00
-8.262989e-14 0.000000e+00 0.000000e+00
1.240617e-13 0.000000e+00 0.000000e+00
-1.483164e-13 0.000000e+00 0.000000e+00
-3.222429e-13 0.000000e+00 0.000000e+00
-4.414969e-14 0.000000e+00 0.000000e+00
-1.912368e-13 0.000000e+00 0.000000e+00
5.880981e-14 0.000000e+00 0.000000e+00
3.901475e-14 0.000000e+00 0.000000e+00
1.135590e-13 0.000000e+00 0.000000e+00
1.534985e-13 0.000000e+00 0.000000e+00
-7.175305e-14 0.000000e+00 0.000000e+00
4.863646e-14 0.000000e+00 0.000000e+00
-1.935896e-13 0.000000e+00 0.000000e+00
5.402748e-14 0.000000e+00 0.000000e+00
2.286762e-13 0.000000e+00 0.000000e+00
1.577127e-15 0.000000e+00 0.000000e+00
-1.182282e-13 0.000000e+00 0.000000e+00
1.254836e-13 0.000000e+00 0.000000e+00
-2.985730e-13 0.000000e+00 0.000000e+00
2.777742e-13 0.000000e+00 0.000000e+00
-1.103383e-13 0.000000e+00 0.000000e+00
-6.064536e-14 0.000000e+00 0.000000e+00
1.141340e-13 0.000000e+00 0.000000e+00
-6.582549e-14 0.000000e+00 0.000000e+00
6.926622e-14 0.000000e+00 0.000000e+00
-1.693178e-13 0.000000e+00 0.000000e+00
-1.187704e-14 0.000000e+00 0.000000e+00
-2.582816e-13 0.000000e+00 0.000000e+00
6.228939e-14 0.000000e+00 0.000000e+00
1.629952e-13 0.000000e+00 0.000000e+00
7.565537e-14 0.000000e+00 0.000000e+00
-2.369253e-13 0.000000e+00 0.000000e+00
2.981073e-14 0.000000e+00 0.000000e+00
1.092766e-13 0.000000e+00 0.000000e+00
1.205852e-13 0.000000e+00 0.000000e+00
2.102850e-13 0.000000e+00 0.000000e+00
2.554397e-14 0.000000e+00 0.000000e+00
3.462068e-13 0.000000e+00 0.000000e+00
1.835260e-13 0.000000e+00 0.000000e+00
-5.490014e-14 0.000000e+00 0.000000e+00
-8.671453e-14 0.000000e+00 0.000000e+00
-1.260506e-13 0.000000e+00 0.000000e+00
-1.200420e-13 0.000000e+00 0.000000e+00
5.364450e-16 0.000000e+00 0.000000e+00
9.178314e-14 0.000000e+00 0.000000e+00
-1.852622e-13 0.000000e+00 0.000000e+00
-5.422252e-15 0.000000e+00 0.000000e+00
-1.228149e-13 0.000000e+00 0.000000e+00
5.445848e-15 0.000000e+00 0.000000e+00
5.458152e-14 0.000000e+00 0.000000e+00
4.460777e-13 0.000000e+00 0.000000e+00
-2.120507e-13 0.000000e+00 0.000000e+00
2.291602e-13 0.000000e+00 0.000000e+00
1.516813e-13 0.000000e+00 0.000000e+00
-2.335039e-13 0.000000e+00 0.000000e+00
-2.403885e-13 0.000000e+00 0.000000e+00
3.902327e-13 0.000000e+00 0.000000e+00
9.503576e-14 0.000000e+00 0.000000e+00
4.232359e-14 0.000000e+00 0.000000e+00
9.187374e-14 0.000000e+00 0.000000e+00
2.857440e-13 0.000000e+00 0.000000e+00
2.201243e-13 0.000000e+00 0.000000e+00
-2.679251e-14 0.000000e+00 0.000000e+00
2.184917e-13 0.000000e+00 0.000000e+00
-1.242973e-13 0.000000e+00 0.000000e+00
3.044011e-14 0.000000e+00 0.000000e+00
1.422861e-13 0.000000e+00 0.000000e+00
2.889903e-14 0.000000e+00 0.000000e+00
1.703507e-13 0.000000e+00 0.000000e+00
9.840190e-14 0.000000e+00 0.000000e+00
-1.585840e-13 0.000000e+00 0.000000e+00
4.531953e-14 0.000000e+00 0.000000e+00
6.524762e-14 0.000000e+00 0.000000e+00
5.512232e-14 0.000000e+00 0.000000e+00
-1.333048e-13 0.000000e+00 0.000000e+00
5.169054e-14 0.000000e+00 0.000000e+00
1.742307e-13 0.000000e+00 0.000000e+00
-7.259972e-14 0.000000e+00 0.000000e+00
2.268587e-14 0.000000e+00 0.000000e+00
2.705072e-15 0.000000e+00 0.000000e+00
1.172385e-13 0.000000e+00 0.000000e+00
2.013429e-13 0.000000e+00 0.000000e+00
-2.829613e-13 0.000000e+00 0.000000e+00
2.207694e-13 0.000000e+00 0.000000e+00
2.268982e-14 0.000000e+00 0.000000e+00
1.043352e-13 0.000000e+00 0.000000e+00
1.225315e-13 0.000000e+00 0.000000e+00
-6.879064e-14 0.000000e+00 0.000000e+00
1.834824e-13 0.000000e+00 0.000000e+00
7.076160e-15 0.000000e+00 0.000000e+00
2.310854e-13 0.000000e+00 0.000000e+00
