step K U E temp
0 4.569367e-21 -3.971079e-20 -3.514142e-20 6.619158e+02
1000 1.292662e-21 -4.080788e-20 -3.951522e-20 1.872543e+02
2000 5.374131e-24 -3.910626e-20 -3.910088e-20 7.784934e-01
3000 9.820882e-21 -3.587075e-20 -2.604987e-20 1.422647e+03
4000 9.885215e-22 -3.997705e-20 -3.898853e-20 1.431966e+02
5000 2.514395e-23 -4.005660e-20 -4.003145e-20 3.642337e+00
6000 9.519348e-22 -4.054844e-20 -3.959651e-20 1.378967e+02
7000 1.642053e-21 -4.061380e-20 -3.897174e-20 2.378669e+02
8000 4.483115e-22 -4.061237e-20 -4.016406e-20 6.494213e+01
9000 1.888531e-23 -3.589628e-20 -3.587739e-20 2.735715e+00
10000 3.264055e-21 -3.719859e-20 -3.393453e-20 4.728291e+02
11000 8.313607e-21 -3.798830e-20 -2.967469e-20 1.204304e+03
12000 6.316621e-22 -3.883428e-20 -3.820262e-20 9.150219e+01
13000 7.849006e-22 -4.103066e-20 -4.024576e-20 1.137002e+02
14000 6.216841e-21 -4.088697e-20 -3.467013e-20 9.005679e+02
15000 1.007943e-22 -4.076139e-20 -4.066059e-20 1.460100e+01
16000 3.838369e-22 -4.109996e-20 -4.071613e-20 5.560238e+01
17000 2.009600e-21 -3.931666e-20 -3.730706e-20 2.911095e+02
18000 3.964409e-21 -3.354129e-20 -2.957688e-20 5.742820e+02
19000 2.547266e-22 -3.869780e-20 -3.844307e-20 3.689954e+01
20000 6.310839e-22 -2.581909e-20 -2.518800e-20 9.141844e+01
21000 2.517147e-22 -3.682399e-20 -3.657228e-20 3.646324e+01
22000 8.545448e-22 -4.096415e-20 -4.010961e-20 1.237888e+02
23000 1.198190e-23 -4.099627e-20 -4.098429e-20 1.735691e+00
24000 1.732484e-22 -4.075097e-20 -4.057772e-20 2.509666e+01
25000 6.922686e-22 -4.106774e-20 -4.037547e-20 1.002816e+02
26000 1.117344e-20 -4.063506e-20 -2.946162e-20 1.618577e+03
27000 4.620165e-21 -3.658566e-20 -3.196550e-20 6.692744e+02
28000 4.385976e-21 -3.982269e-20 -3.543671e-20 6.353499e+02
29000 1.220788e-21 -4.108502e-20 -3.986423e-20 1.768426e+02
30000 3.485885e-23 -3.859454e-20 -3.855968e-20 5.049632e+00
31000 3.106606e-21 -3.975191e-20 -3.664531e-20 4.500211e+02
32000 1.568910e-21 -4.005826e-20 -3.848935e-20 2.272714e+02
33000 1.628125e-25 -4.089145e-20 -4.089129e-20 2.358492e-02
34000 4.338681e-22 -4.068722e-20 -4.025335e-20 6.284987e+01
35000 3.694577e-21 -4.079065e-20 -3.709608e-20 5.351943e+02
36000 9.751786e-22 -3.613860e-20 -3.516342e-20 1.412638e+02
37000 4.618045e-22 -4.109033e-20 -4.062852e-20 6.689673e+01
38000 3.979889e-21 -3.343990e-20 -2.946001e-20 5.765244e+02
39000 3.293448e-21 -4.018809e-20 -3.689464e-20 4.770869e+02
40000 4.620011e-21 -3.992850e-20 -3.530849e-20 6.692521e+02
41000 3.151844e-23 -4.092011e-20 -4.088859e-20 4.565743e+00
42000 8.083945e-21 -4.100224e-20 -3.291829e-20 1.171036e+03
43000 2.861862e-22 -3.889591e-20 -3.860972e-20 4.145677e+01
44000 9.367243e-22 -4.043756e-20 -3.950083e-20 1.356933e+02
45000 2.143946e-21 -3.910291e-20 -3.695897e-20 3.105708e+02
46000 1.658537e-21 -4.062200e-20 -3.896346e-20 2.402547e+02
47000 4.094201e-21 -4.082793e-20 -3.673373e-20 5.930835e+02
48000 3.852581e-21 -3.867839e-20 -3.482581e-20 5.580826e+02
49000 4.819254e-22 -4.106875e-20 -4.058683e-20 6.981143e+01
50000 3.046890e-21 -3.566764e-20 -3.262075e-20 4.413707e+02
51000 5.485324e-23 -4.043511e-20 -4.038025e-20 7.946008e+00
52000 2.737320e-22 -4.107877e-20 -4.080504e-20 3.965266e+01
53000 2.719741e-22 -3.934084e-20 -3.906887e-20 3.939801e+01
54000 7.515364e-24 -4.108645e-20 -4.107894e-20 1.088671e+00
55000 2.397312e-21 -2.995637e-20 -2.755906e-20 3.472732e+02
56000 4.734664e-22 -4.093668e-20 -4.046322e-20 6.858606e+01
57000 7.346155e-21 -4.108693e-20 -3.374078e-20 1.064160e+03
58000 4.921205e-21 -3.683191e-20 -3.191070e-20 7.128829e+02
59000 3.152668e-21 -4.026431e-20 -3.711164e-20 4.566936e+02
60000 1.344267e-20 -3.539675e-20 -2.195408e-20 1.947297e+03
61000 1.879524e-21 -3.823194e-20 -3.635242e-20 2.722668e+02
62000 7.509279e-24 -4.102725e-20 -4.101974e-20 1.087790e+00
63000 6.072364e-21 -4.080983e-20 -3.473746e-20 8.796390e+02
64000 1.478822e-22 -4.105827e-20 -4.091039e-20 2.142213e+01
65000 4.245244e-22 -3.964836e-20 -3.922383e-20 6.149636e+01
66000 1.164056e-21 -4.082395e-20 -3.965989e-20 1.686244e+02
67000 8.508958e-22 -3.983287e-20 -3.898198e-20 1.232603e+02
68000 2.724045e-21 -3.189830e-20 -2.917426e-20 3.946035e+02
69000 8.035673e-22 -3.664490e-20 -3.584134e-20 1.164043e+02
70000 5.334632e-22 -4.090614e-20 -4.037268e-20 7.727717e+01
71000 2.455500e-21 -3.975288e-20 -3.729738e-20 3.557023e+02
72000 2.211257e-21 -4.040432e-20 -3.819306e-20 3.203214e+02
73000 8.005742e-22 -3.915639e-20 -3.835582e-20 1.159707e+02
74000 2.146853e-22 -3.712201e-20 -3.690732e-20 3.109919e+01
75000 2.032012e-21 -3.971559e-20 -3.768358e-20 2.943561e+02
76000 3.633007e-22 -4.107779e-20 -4.071449e-20 5.262753e+01
77000 5.935150e-22 -4.068803e-20 -4.009452e-20 8.597624e+01
78000 2.557308e-21 -4.101619e-20 -3.845888e-20 3.704502e+02
79000 9.004464e-23 -4.109544e-20 -4.100540e-20 1.304381e+01
80000 1.156924e-23 -4.107637e-20 -4.106480e-20 1.675913e+00
81000 1.272732e-22 -3.719511e-20 -3.706784e-20 1.843673e+01
82000 3.040211e-21 -3.988478e-20 -3.684457e-20 4.404031e+02
83000 1.971564e-22 -4.108769e-20 -4.089054e-20 2.855996e+01
84000 3.578831e-23 -4.106472e-20 -4.102893e-20 5.184274e+00
85000 4.360475e-24 -3.924557e-20 -3.924121e-20 6.316558e-01
86000 3.479048e-22 -4.060144e-20 -4.025353e-20 5.039729e+01
87000 1.335133e-23 -3.926414e-20 -3.925079e-20 1.934066e+00
88000 5.705966e-22 -4.106626e-20 -4.049566e-20 8.265629e+01
89000 4.036530e-26 -3.932864e-20 -3.932859e-20 5.847294e-03
90000 8.271214e-21 -4.098954e-20 -3.271832e-20 1.198163e+03
91000 2.950150e-21 -4.108567e-20 -3.813552e-20 4.273570e+02
92000 1.877283e-23 -4.094840e-20 -4.092962e-20 2.719422e+00
93000 8.133211e-22 -3.759193e-20 -3.677861e-20 1.178172e+02
94000 3.493994e-21 -4.104066e-20 -3.754667e-20 5.061378e+02
95000 5.673837e-21 -3.899613e-20 -3.332229e-20 8.219087e+02
96000 2.901764e-22 -4.073199e-20 -4.044181e-20 4.203479e+01
97000 8.995881e-23 -3.991107e-20 -3.982111e-20 1.303138e+01
98000 1.940765e-21 -3.841980e-20 -3.647904e-20 2.811381e+02
99000 1.003643e-20 -4.107214e-20 -3.103572e-20 1.453871e+03
100000 1.324365e-22 -4.107942e-20 -4.094699e-20 1.918468e+01
101000 4.501499e-21 -3.832668e-20 -3.382518e-20 6.520845e+02
102000 8.301358e-22 -4.106809e-20 -4.023796e-20 1.202530e+02
103000 1.420660e-20 -3.872111e-20 -2.451451e-20 2.057960e+03
104000 6.693575e-22 -3.402298e-20 -3.335363e-20 9.696274e+01
105000 2.092074e-22 -4.032297e-20 -4.011376e-20 3.030565e+01
106000 3.603806e-22 -3.999263e-20 -3.963225e-20 5.220452e+01
107000 2.399846e-21 -4.090861e-20 -3.850876e-20 3.476403e+02
108000 1.066679e-22 -3.730770e-20 -3.720103e-20 1.545184e+01
109000 2.724083e-23 -3.992141e-20 -3.989417e-20 3.946091e+00
110000 1.701780e-22 -4.065741e-20 -4.048724e-20 2.465188e+01
111000 5.554648e-21 -3.961606e-20 -3.406142e-20 8.046430e+02
112000 7.253245e-22 -4.109092e-20 -4.036560e-20 1.050701e+02
113000 2.710814e-23 -4.064093e-20 -4.061382e-20 3.926869e+00
114000 3.344570e-21 -3.992872e-20 -3.658415e-20 4.844925e+02
115000 6.328525e-21 -3.864573e-20 -3.231720e-20 9.167464e+02
116000 3.859235e-21 -4.108095e-20 -3.722172e-20 5.590464e+02
117000 8.253441e-22 -3.999932e-20 -3.917397e-20 1.195589e+02
118000 3.003866e-22 -4.091763e-20 -4.061724e-20 4.351382e+01
119000 1.936810e-22 -3.767276e-20 -3.747908e-20 2.805652e+01
120000 4.831619e-21 -3.949963e-20 -3.466801e-20 6.999055e+02
121000 3.718775e-22 -3.311380e-20 -3.274192e-20 5.386995e+01
122000 4.973351e-23 -4.085838e-20 -4.080865e-20 7.204366e+00
123000 4.583686e-24 -4.044497e-20 -4.044039e-20 6.639900e-01
124000 9.412578e-22 -3.629224e-20 -3.535098e-20 1.363501e+02
125000 1.876195e-21 -3.330535e-20 -3.142916e-20 2.717845e+02
126000 4.681556e-22 -4.076284e-20 -4.029468e-20 6.781675e+01
127000 9.930971e-21 -3.749468e-20 -2.756371e-20 1.438595e+03
128000 5.394301e-22 -4.001074e-20 -3.947131e-20 7.814153e+01
129000 1.498397e-24 -3.744556e-20 -3.744406e-20 2.170569e-01
130000 3.318815e-24 -3.978014e-20 -3.977682e-20 4.807616e-01
131000 2.360130e-22 -3.877717e-20 -3.854116e-20 3.418871e+01
132000 6.981500e-21 -3.617669e-20 -2.919519e-20 1.011336e+03
133000 3.185651e-21 -3.955622e-20 -3.637057e-20 4.614716e+02
134000 4.018891e-22 -3.637805e-20 -3.597616e-20 5.821743e+01
135000 2.847985e-21 -4.069779e-20 -3.784981e-20 4.125574e+02
136000 2.103639e-21 -3.757714e-20 -3.547350e-20 3.047319e+02
137000 1.211592e-22 -3.788346e-20 -3.776230e-20 1.755105e+01
138000 9.307250e-23 -3.861705e-20 -3.852397e-20 1.348243e+01
139000 6.503734e-21 -3.833851e-20 -3.183478e-20 9.421271e+02
140000 1.730964e-21 -4.087732e-20 -3.914635e-20 2.507464e+02
141000 5.808694e-21 -3.591422e-20 -3.010553e-20 8.414440e+02
142000 1.773735e-21 -4.016453e-20 -3.839080e-20 2.569422e+02
143000 5.360971e-22 -4.090766e-20 -4.037156e-20 7.765871e+01
144000 1.880699e-21 -4.099439e-20 -3.911369e-20 2.724369e+02
145000 8.432451e-21 -3.540563e-20 -2.697318e-20 1.221520e+03
146000 6.729964e-21 -4.050414e-20 -3.377417e-20 9.748986e+02
147000 2.825590e-22 -3.559830e-20 -3.531574e-20 4.093133e+01
148000 2.649189e-24 -3.982494e-20 -3.982229e-20 3.837599e-01
149000 1.612396e-21 -3.816868e-20 -3.655628e-20 2.335707e+02
150000 4.247563e-21 -4.109836e-20 -3.685079e-20 6.152995e+02
151000 4.390545e-23 -3.920418e-20 -3.916027e-20 6.360118e+00
152000 4.453508e-21 -3.438446e-20 -2.993095e-20 6.451325e+02
153000 5.874791e-22 -4.067649e-20 -4.008901e-20 8.510188e+01
154000 1.293060e-21 -3.703027e-20 -3.573721e-20 1.873119e+02
155000 5.847975e-23 -3.913551e-20 -3.907703e-20 8.471343e+00
156000 3.520699e-22 -4.091409e-20 -4.056202e-20 5.100064e+01
157000 1.143205e-24 -3.913079e-20 -3.912965e-20 1.656040e-01
158000 6.735281e-22 -3.836064e-20 -3.768712e-20 9.756689e+01
159000 5.213960e-21 -3.570311e-20 -3.048915e-20 7.552911e+02
160000 6.500736e-22 -4.101016e-20 -4.036009e-20 9.416927e+01
161000 5.239525e-25 -3.879788e-20 -3.879736e-20 7.589945e-02
162000 3.074963e-22 -3.868019e-20 -3.837269e-20 4.454373e+01
163000 5.026705e-21 -4.042249e-20 -3.539578e-20 7.281655e+02
164000 9.197422e-21 -3.967636e-20 -3.047894e-20 1.332333e+03
165000 1.844056e-20 -3.988910e-20 -2.144854e-20 2.671288e+03
166000 1.160282e-21 -3.910223e-20 -3.794195e-20 1.680778e+02
167000 3.578393e-22 -4.108494e-20 -4.072710e-20 5.183639e+01
168000 2.501133e-21 -4.095728e-20 -3.845615e-20 3.623127e+02
169000 2.773784e-22 -4.046272e-20 -4.018534e-20 4.018087e+01
170000 4.551693e-21 -4.088532e-20 -3.633363e-20 6.593555e+02
171000 1.408639e-21 -3.609400e-20 -3.468536e-20 2.040547e+02
172000 4.610156e-21 -3.773143e-20 -3.312128e-20 6.678244e+02
173000 1.734576e-21 -3.996421e-20 -3.822963e-20 2.512696e+02
174000 3.825777e-22 -4.094251e-20 -4.055994e-20 5.541998e+01
175000 1.017653e-21 -4.097782e-20 -3.996016e-20 1.474166e+02
176000 4.481937e-21 -3.382589e-20 -2.934396e-20 6.492508e+02
177000 1.769822e-25 -4.080108e-20 -4.080090e-20 2.563754e-02
178000 6.489679e-22 -4.109992e-20 -4.045096e-20 9.400910e+01
179000 1.530825e-23 -4.105450e-20 -4.103919e-20 2.217544e+00
180000 1.859953e-21 -4.096200e-20 -3.910204e-20 2.694317e+02
181000 3.233187e-21 -3.850361e-20 -3.527042e-20 4.683575e+02
182000 1.192002e-22 -4.029618e-20 -4.017698e-20 1.726727e+01
183000 3.115361e-24 -4.092168e-20 -4.091857e-20 4.512893e-01
184000 3.429682e-21 -4.096424e-20 -3.753456e-20 4.968218e+02
185000 1.496661e-21 -3.669618e-20 -3.519952e-20 2.168054e+02
186000 2.864601e-25 -3.778514e-20 -3.778485e-20 4.149644e-02
187000 2.764731e-21 -4.052049e-20 -3.775576e-20 4.004973e+02
188000 1.414183e-22 -4.095732e-20 -4.081590e-20 2.048577e+01
189000 3.438469e-21 -4.049123e-20 -3.705276e-20 4.980946e+02
190000 5.097115e-21 -3.975891e-20 -3.466179e-20 7.383651e+02
191000 2.477360e-21 -3.944723e-20 -3.696987e-20 3.588689e+02
192000 1.292322e-23 -4.104760e-20 -4.103468e-20 1.872050e+00
193000 5.610150e-21 -3.650623e-20 -3.089608e-20 8.126831e+02
194000 4.942250e-22 -4.093708e-20 -4.044285e-20 7.159314e+01
195000 1.947264e-22 -4.043660e-20 -4.024187e-20 2.820795e+01
196000 3.992576e-21 -3.919701e-20 -3.520443e-20 5.783623e+02
197000 2.362263e-21 -3.486780e-20 -3.250554e-20 3.421960e+02
198000 6.598459e-22 -3.612890e-20 -3.546906e-20 9.558488e+01
199000 8.976822e-23 -3.945601e-20 -3.936624e-20 1.300377e+01
200000 1.001205e-21 -4.102548e-20 -4.002427e-20 1.450340e+02
201000 1.448291e-21 -3.622883e-20 -3.478054e-20 2.097985e+02
202000 9.149586e-22 -4.017311e-20 -3.925816e-20 1.325404e+02
203000 7.397259e-23 -4.082563e-20 -4.075166e-20 1.071563e+01
204000 1.242235e-20 -4.037211e-20 -2.794975e-20 1.799495e+03
205000 1.533414e-21 -3.911481e-20 -3.758140e-20 2.221295e+02
206000 2.040982e-24 -3.893661e-20 -3.893457e-20 2.956555e-01
207000 1.315736e-21 -3.686473e-20 -3.554900e-20 1.905967e+02
208000 5.343097e-22 -4.052353e-20 -3.998922e-20 7.739979e+01
209000 1.015116e-24 -3.290462e-20 -3.290361e-20 1.470492e-01
210000 1.182200e-23 -4.099886e-20 -4.098704e-20 1.712528e+00
211000 4.219165e-21 -3.693089e-20 -3.271173e-20 6.111858e+02
212000 7.074343e-27 -4.033337e-20 -4.033337e-20 1.024785e-03
213000 9.106437e-22 -4.109993e-20 -4.018929e-20 1.319153e+02
214000 5.386855e-21 -3.919600e-20 -3.380914e-20 7.803367e+02
215000 7.511681e-21 -3.626494e-20 -2.875326e-20 1.088138e+03
216000 6.279522e-21 -4.108773e-20 -3.480820e-20 9.096478e+02
217000 5.748109e-22 -4.109186e-20 -4.051705e-20 8.326676e+01
218000 2.981718e-22 -4.020504e-20 -3.990687e-20 4.319299e+01
219000 2.976370e-22 -3.810815e-20 -3.781052e-20 4.311553e+01
220000 4.602181e-22 -8.054108e-21 -7.593890e-21 6.666692e+01
221000 7.701680e-22 -4.006286e-20 -3.929270e-20 1.115661e+02
222000 6.016945e-23 -4.035636e-20 -4.029619e-20 8.716111e+00
223000 1.527392e-21 -3.855308e-20 -3.702569e-20 2.212571e+02
224000 2.422131e-22 -4.062883e-20 -4.038662e-20 3.508685e+01
225000 5.971803e-23 -2.904736e-20 -2.898765e-20 8.650719e+00
226000 1.192153e-21 -4.072174e-20 -3.952959e-20 1.726945e+02
227000 1.140513e-22 -3.618965e-20 -3.607560e-20 1.652140e+01
228000 1.393153e-21 -3.978015e-20 -3.838700e-20 2.018113e+02
229000 4.191440e-21 -3.845245e-20 -3.426101e-20 6.071696e+02
230000 9.235278e-21 -4.097278e-20 -3.173750e-20 1.337817e+03
231000 1.189529e-21 -4.051003e-20 -3.932051e-20 1.723145e+02
232000 6.100832e-21 -3.904184e-20 -3.294101e-20 8.837630e+02
233000 6.302369e-21 -4.095391e-20 -3.465154e-20 9.129575e+02
234000 4.788045e-23 -4.051882e-20 -4.047094e-20 6.935934e+00
235000 6.970404e-22 -3.696496e-20 -3.626792e-20 1.009729e+02
236000 1.663270e-21 -3.653110e-20 -3.486783e-20 2.409403e+02
237000 3.509468e-21 -4.103093e-20 -3.752147e-20 5.083794e+02
238000 2.420156e-21 -3.801272e-20 -3.559256e-20 3.505824e+02
239000 2.454033e-21 -4.009879e-20 -3.764476e-20 3.554897e+02
240000 8.784133e-21 -3.943310e-20 -3.064897e-20 1.272464e+03
241000 1.645268e-21 -4.060588e-20 -3.896061e-20 2.383326e+02
242000 4.963071e-21 -3.592392e-20 -3.096084e-20 7.189475e+02
243000 1.498621e-24 -3.005069e-20 -3.004919e-20 2.170893e-01
244000 7.022585e-22 -4.023733e-20 -3.953508e-20 1.017287e+02
245000 2.219734e-22 -4.094995e-20 -4.072798e-20 3.215493e+01
246000 1.677127e-20 -3.807712e-20 -2.130585e-20 2.429476e+03
247000 2.020302e-21 -4.025010e-20 -3.822979e-20 2.926598e+02
248000 2.004767e-22 -3.899429e-20 -3.879381e-20 2.904094e+01
249000 5.622190e-22 -4.088208e-20 -4.031986e-20 8.144272e+01
250000 2.103483e-23 -4.050209e-20 -4.048106e-20 3.047094e+00
251000 1.273631e-24 -3.877493e-20 -3.877366e-20 1.844975e-01
252000 1.602099e-22 -4.092304e-20 -4.076283e-20 2.320791e+01
253000 1.399834e-22 -4.108986e-20 -4.094988e-20 2.027792e+01
254000 1.973565e-21 -4.106347e-20 -3.908990e-20 2.858894e+02
255000 1.635898e-21 -4.098738e-20 -3.935148e-20 2.369752e+02
256000 2.640965e-21 -3.985574e-20 -3.721478e-20 3.825686e+02
257000 2.139350e-22 -4.079611e-20 -4.058218e-20 3.099050e+01
258000 1.905199e-22 -3.302241e-20 -3.283189e-20 2.759860e+01
259000 1.410316e-21 -3.999414e-20 -3.858383e-20 2.042976e+02
260000 7.192364e-22 -4.087692e-20 -4.015768e-20 1.041882e+02
261000 6.612776e-21 -4.013708e-20 -3.352430e-20 9.579228e+02
262000 1.016725e-21 -3.891988e-20 -3.790316e-20 1.472822e+02
263000 4.585931e-22 -3.709933e-20 -3.664073e-20 6.643153e+01
264000 4.766380e-22 -2.954034e-20 -2.906370e-20 6.904549e+01
265000 1.740556e-21 -2.696978e-20 -2.522923e-20 2.521360e+02
266000 3.104800e-21 -4.108036e-20 -3.797556e-20 4.497595e+02
267000 8.228729e-22 -4.071497e-20 -3.989209e-20 1.192009e+02
268000 6.491001e-21 -3.979542e-20 -3.330442e-20 9.402825e+02
269000 7.081014e-22 -3.985438e-20 -3.914628e-20 1.025752e+02
270000 6.050515e-24 -4.078205e-20 -4.077600e-20 8.764740e-01
271000 9.423548e-22 -3.597509e-20 -3.503273e-20 1.365090e+02
272000 2.425440e-25 -3.972251e-20 -3.972226e-20 3.513478e-02
273000 1.614674e-21 -4.068039e-20 -3.906572e-20 2.339007e+02
274000 4.221370e-22 -4.109832e-20 -4.067618e-20 6.115051e+01
275000 1.903429e-22 -4.078847e-20 -4.059813e-20 2.757295e+01
276000 3.384481e-21 -4.088587e-20 -3.750139e-20 4.902739e+02
277000 4.780624e-21 -3.879696e-20 -3.401634e-20 6.925183e+02
278000 2.256932e-24 -3.706604e-20 -3.706379e-20 3.269378e-01
279000 1.607980e-21 -3.917732e-20 -3.756934e-20 2.329311e+02
280000 1.537105e-21 -4.100375e-20 -3.946665e-20 2.226641e+02
281000 1.200169e-20 -4.058057e-20 -2.857888e-20 1.738558e+03
282000 9.977193e-22 -4.021762e-20 -3.921990e-20 1.445290e+02
283000 1.357850e-22 -3.717313e-20 -3.703734e-20 1.966973e+01
284000 6.065196e-23 -4.075057e-20 -4.068992e-20 8.786007e+00
285000 2.228883e-21 -4.094459e-20 -3.871571e-20 3.228747e+02
286000 3.453849e-21 -4.109668e-20 -3.764283e-20 5.003226e+02
287000 5.240674e-21 -3.841148e-20 -3.317081e-20 7.591609e+02
288000 1.727510e-21 -3.987240e-20 -3.814489e-20 2.502460e+02
289000 1.988239e-21 -4.024189e-20 -3.825365e-20 2.880151e+02
290000 6.127733e-21 -4.098240e-20 -3.485467e-20 8.876598e+02
291000 5.099123e-21 -4.099665e-20 -3.589753e-20 7.386559e+02
292000 5.276027e-22 -3.983758e-20 -3.930998e-20 7.642822e+01
293000 4.381910e-21 -4.103400e-20 -3.665209e-20 6.347609e+02
294000 2.275094e-22 -3.976185e-20 -3.953434e-20 3.295687e+01
295000 1.504436e-22 -4.086162e-20 -4.071118e-20 2.179318e+01
296000 7.448039e-22 -3.960514e-20 -3.886034e-20 1.078918e+02
297000 7.590400e-25 -4.084656e-20 -4.084580e-20 1.099541e-01
298000 1.476851e-23 -4.105952e-20 -4.104475e-20 2.139357e+00
299000 3.229478e-21 -3.371551e-20 -3.048603e-20 4.678202e+02
300000 2.379630e-21 -4.092582e-20 -3.854619e-20 3.447118e+02
301000 3.999698e-23 -3.420653e-20 -3.416654e-20 5.793940e+00
302000 2.320645e-22 -4.089951e-20 -4.066745e-20 3.361672e+01
303000 2.148198e-21 -4.104104e-20 -3.889284e-20 3.111866e+02
304000 1.270147e-21 -4.095114e-20 -3.968099e-20 1.839927e+02
305000 6.565919e-26 -4.108103e-20 -4.108097e-20 9.511351e-03
306000 3.127179e-21 -2.905273e-20 -2.592555e-20 4.530014e+02
307000 3.124717e-22 -4.095745e-20 -4.064498e-20 4.526446e+01
308000 5.236425e-21 -3.298777e-20 -2.775134e-20 7.585454e+02
309000 4.380199e-22 -4.085868e-20 -4.042066e-20 6.345131e+01
310000 5.106586e-22 -4.081739e-20 -4.030673e-20 7.397371e+01
311000 1.456108e-22 -4.108323e-20 -4.093762e-20 2.109309e+01
312000 3.091117e-22 -4.103984e-20 -4.073073e-20 4.477773e+01
313000 2.428395e-23 -4.101425e-20 -4.098996e-20 3.517758e+00
314000 3.342805e-26 -4.092088e-20 -4.092085e-20 4.842367e-03
315000 1.693418e-23 -4.093724e-20 -4.092031e-20 2.453076e+00
316000 1.676105e-21 -3.744012e-20 -3.576401e-20 2.427996e+02
317000 2.728896e-21 -3.387421e-20 -3.114531e-20 3.953063e+02
318000 4.551345e-21 -4.066745e-20 -3.611610e-20 6.593052e+02
319000 7.687165e-22 -4.011645e-20 -3.934773e-20 1.113558e+02
320000 4.148353e-24 -3.892005e-20 -3.891590e-20 6.009280e-01
321000 3.616547e-21 -4.006891e-20 -3.645237e-20 5.238909e+02
322000 3.315094e-21 -4.014574e-20 -3.683065e-20 4.802226e+02
323000 1.022791e-23 -3.670624e-20 -3.669601e-20 1.481609e+00
324000 1.235351e-21 -4.077523e-20 -3.953987e-20 1.789523e+02
325000 7.379409e-22 -3.942860e-20 -3.869066e-20 1.068977e+02
326000 3.355251e-21 -4.050478e-20 -3.714953e-20 4.860397e+02
327000 1.124402e-22 -3.972392e-20 -3.961148e-20 1.628802e+01
328000 5.673277e-21 -4.081421e-20 -3.514093e-20 8.218276e+02
329000 9.194494e-22 -3.988826e-20 -3.896881e-20 1.331909e+02
330000 1.667541e-22 -4.082054e-20 -4.065379e-20 2.415590e+01
331000 7.953813e-22 -3.948590e-20 -3.869052e-20 1.152185e+02
332000 6.303535e-22 -4.065011e-20 -4.001976e-20 9.131264e+01
333000 5.896177e-22 -3.452478e-20 -3.393516e-20 8.541167e+01
334000 1.544474e-21 -4.106578e-20 -3.952131e-20 2.237316e+02
335000 3.009368e-21 -3.367419e-20 -3.066482e-20 4.359352e+02
336000 4.735675e-21 -4.085589e-20 -3.612022e-20 6.860070e+02
337000 2.366106e-23 -3.636580e-20 -3.634214e-20 3.427527e+00
338000 2.627051e-21 -4.099989e-20 -3.837284e-20 3.805530e+02
339000 2.296058e-23 -3.451738e-20 -3.449442e-20 3.326056e+00
340000 1.631516e-21 -4.087570e-20 -3.924418e-20 2.363404e+02
341000 1.511775e-20 -4.089440e-20 -2.577665e-20 2.189949e+03
342000 1.929270e-21 -4.076051e-20 -3.883124e-20 2.794729e+02
343000 4.899879e-22 -3.935803e-20 -3.886804e-20 7.097936e+01
344000 2.284936e-22 -4.101326e-20 -4.078477e-20 3.309944e+01
345000 2.729746e-24 -4.082294e-20 -4.082021e-20 3.954293e-01
346000 8.037526e-24 -3.625685e-20 -3.624881e-20 1.164311e+00
347000 2.148161e-21 -3.957151e-20 -3.742335e-20 3.111814e+02
348000 1.490514e-22 -4.035119e-20 -4.020214e-20 2.159150e+01
349000 9.765949e-21 -3.827160e-20 -2.850565e-20 1.414690e+03
350000 3.544479e-21 -4.102064e-20 -3.747616e-20 5.134512e+02
351000 8.481357e-22 -4.086002e-20 -4.001188e-20 1.228604e+02
352000 7.375851e-21 -4.105557e-20 -3.367972e-20 1.068461e+03
353000 5.513836e-22 -3.353686e-20 -3.298548e-20 7.987310e+01
354000 2.631101e-22 -4.107285e-20 -4.080974e-20 3.811397e+01
355000 1.404488e-22 -3.806749e-20 -3.792704e-20 2.034533e+01
356000 1.256118e-22 -4.051669e-20 -4.039108e-20 1.819605e+01
357000 1.226203e-21 -3.358454e-20 -3.235834e-20 1.776270e+02
358000 3.799744e-22 -4.109718e-20 -4.071721e-20 5.504286e+01
359000 3.054865e-21 -4.041731e-20 -3.736244e-20 4.425259e+02
360000 4.671423e-21 -3.959779e-20 -3.492637e-20 6.766996e+02
361000 1.142413e-22 -2.382402e-20 -2.370978e-20 1.654892e+01
362000 1.784739e-20 -4.088589e-20 -2.303850e-20 2.585362e+03
363000 1.600344e-21 -4.047975e-20 -3.887940e-20 2.318249e+02
364000 1.979828e-24 -4.081170e-20 -4.080972e-20 2.867967e-01
365000 4.796159e-21 -4.003297e-20 -3.523681e-20 6.947688e+02
366000 1.797986e-21 -3.961109e-20 -3.781310e-20 2.604551e+02
367000 3.801885e-22 -3.466397e-20 -3.428378e-20 5.507388e+01
368000 4.043565e-22 -4.094292e-20 -4.053856e-20 5.857484e+01
369000 1.327513e-23 -3.968026e-20 -3.966699e-20 1.923027e+00
370000 1.729509e-21 -3.714699e-20 -3.541749e-20 2.505357e+02
371000 1.764887e-21 -4.097050e-20 -3.920562e-20 2.556605e+02
372000 2.754917e-22 -4.013430e-20 -3.985881e-20 3.990757e+01
373000 1.357414e-22 -2.931293e-20 -2.917719e-20 1.966342e+01
374000 3.292309e-22 -3.986358e-20 -3.953435e-20 4.769219e+01
375000 6.317546e-23 -3.331464e-20 -3.325147e-20 9.151560e+00
376000 3.235439e-21 -4.058003e-20 -3.734459e-20 4.686837e+02
377000 2.316687e-23 -4.085719e-20 -4.083403e-20 3.355939e+00
378000 4.370994e-22 -4.098881e-20 -4.055171e-20 6.331796e+01
379000 3.007216e-21 -3.506655e-20 -3.205933e-20 4.356236e+02
380000 5.050453e-21 -3.989719e-20 -3.484674e-20 7.316057e+02
381000 2.084348e-22 -3.929539e-20 -3.908695e-20 3.019374e+01
382000 2.319387e-22 -4.041856e-20 -4.018662e-20 3.359851e+01
383000 1.743655e-22 -4.057605e-20 -4.040168e-20 2.525848e+01
384000 3.086921e-22 -4.094575e-20 -4.063705e-20 4.471696e+01
385000 5.941705e-21 -3.842137e-20 -3.247966e-20 8.607119e+02
386000 2.248766e-21 -4.109217e-20 -3.884341e-20 3.257549e+02
387000 8.846607e-21 -4.109484e-20 -3.224824e-20 1.281514e+03
388000 1.516257e-21 -4.071200e-20 -3.919575e-20 2.196441e+02
389000 4.821309e-22 -3.843844e-20 -3.795631e-20 6.984120e+01
390000 2.736364e-22 -4.082741e-20 -4.055377e-20 3.963881e+01
391000 3.572521e-21 -3.776350e-20 -3.419098e-20 5.175133e+02
392000 1.670643e-21 -4.023409e-20 -3.856345e-20 2.420084e+02
393000 2.718885e-21 -3.829932e-20 -3.558044e-20 3.938561e+02
394000 4.048557e-22 -4.109755e-20 -4.069270e-20 5.864716e+01
395000 5.702877e-21 -4.108349e-20 -3.538061e-20 8.261153e+02
396000 1.477861e-21 -3.975565e-20 -3.827779e-20 2.140821e+02
397000 2.889711e-21 -4.035374e-20 -3.746403e-20 4.186018e+02
398000 4.178864e-21 -4.104392e-20 -3.686506e-20 6.053478e+02
399000 1.726727e-26 -3.972529e-20 -3.972527e-20 2.501327e-03
400000 3.206287e-22 -4.042373e-20 -4.010310e-20 4.644609e+01
401000 8.577342e-22 -4.093832e-20 -4.008058e-20 1.242509e+02
402000 9.742176e-22 -4.109900e-20 -4.012479e-20 1.411246e+02
403000 1.462857e-21 -4.063340e-20 -3.917054e-20 2.119087e+02
404000 6.674748e-23 -4.095109e-20 -4.088435e-20 9.669001e+00
405000 1.535961e-22 -3.714702e-20 -3.699342e-20 2.224984e+01
406000 7.715844e-22 -3.973386e-20 -3.896227e-20 1.117713e+02
407000 3.499573e-21 -3.767785e-20 -3.417828e-20 5.069460e+02
408000 1.184523e-21 -4.094962e-20 -3.976509e-20 1.715893e+02
409000 3.796524e-21 -3.170986e-20 -2.791333e-20 5.499623e+02
410000 6.015277e-21 -3.790682e-20 -3.189154e-20 8.713695e+02
411000 3.565352e-21 -4.108220e-20 -3.751685e-20 5.164748e+02
412000 9.909747e-21 -3.866724e-20 -2.875749e-20 1.435520e+03
413000 2.048748e-21 -4.084142e-20 -3.879267e-20 2.967804e+02
414000 9.973494e-23 -4.109774e-20 -4.099800e-20 1.444755e+01
415000 1.276859e-22 -3.593476e-20 -3.580707e-20 1.849650e+01
416000 1.778276e-21 -4.071745e-20 -3.893918e-20 2.576001e+02
417000 9.389713e-22 -4.100971e-20 -4.007074e-20 1.360188e+02
418000 2.424141e-21 -3.969225e-20 -3.726811e-20 3.511596e+02
419000 2.134523e-21 -4.107805e-20 -3.894352e-20 3.092058e+02
420000 3.889991e-22 -4.078508e-20 -4.039608e-20 5.635018e+01
421000 1.176703e-21 -3.705775e-20 -3.588105e-20 1.704565e+02
422000 4.519034e-22 -4.081087e-20 -4.035897e-20 6.546246e+01
423000 1.105867e-23 -4.081069e-20 -4.079963e-20 1.601953e+00
424000 8.484031e-22 -3.949123e-20 -3.864283e-20 1.228992e+02
425000 4.895821e-21 -4.045016e-20 -3.555434e-20 7.092058e+02
426000 3.919449e-21 -4.054814e-20 -3.662869e-20 5.677691e+02
427000 8.032613e-23 -4.105241e-20 -4.097209e-20 1.163600e+01
428000 1.510586e-21 -4.044036e-20 -3.892977e-20 2.188226e+02
429000 6.858754e-22 -4.097683e-20 -4.029095e-20 9.935551e+01
430000 1.841834e-22 -3.466677e-20 -3.448259e-20 2.668070e+01
431000 2.157517e-21 -3.721455e-20 -3.505703e-20 3.125367e+02
432000 4.593363e-21 -3.955347e-20 -3.496011e-20 6.653919e+02
433000 6.803552e-23 -4.069862e-20 -4.063059e-20 9.855586e+00
434000 1.020267e-22 -3.603909e-20 -3.593706e-20 1.477953e+01
435000 1.986673e-21 -4.005923e-20 -3.807256e-20 2.877883e+02
436000 3.522226e-22 -4.091788e-20 -4.056566e-20 5.102276e+01
437000 1.848112e-22 -4.100680e-20 -4.082199e-20 2.677165e+01
438000 1.202104e-22 -3.985090e-20 -3.973069e-20 1.741361e+01
439000 3.452252e-21 -4.073276e-20 -3.728051e-20 5.000911e+02
440000 2.463757e-21 -3.875205e-20 -3.628830e-20 3.568984e+02
441000 4.660863e-22 -3.853199e-20 -3.806591e-20 6.751699e+01
442000 8.646141e-22 -4.027960e-20 -3.941499e-20 1.252475e+02
443000 8.753546e-21 -3.956025e-20 -3.080670e-20 1.268034e+03
444000 8.877265e-22 -3.641454e-20 -3.552681e-20 1.285955e+02
445000 8.599108e-22 -3.607194e-20 -3.521203e-20 1.245662e+02
446000 1.457447e-20 -4.109928e-20 -2.652481e-20 2.111249e+03
447000 3.752755e-24 -4.109535e-20 -4.109160e-20 5.436219e-01
448000 2.175394e-24 -3.801909e-20 -3.801691e-20 3.151263e-01
449000 4.834508e-22 -4.060461e-20 -4.012116e-20 7.003240e+01
450000 1.135859e-22 -4.058538e-20 -4.047180e-20 1.645399e+01
451000 4.092846e-22 -4.078187e-20 -4.037259e-20 5.928873e+01
452000 3.105370e-21 -3.540703e-20 -3.230166e-20 4.498420e+02
453000 5.102558e-21 -3.889988e-20 -3.379732e-20 7.391535e+02
454000 9.076213e-21 -4.055132e-20 -3.147510e-20 1.314775e+03
455000 3.096163e-22 -4.087492e-20 -4.056530e-20 4.485084e+01
456000 2.005455e-22 -3.691518e-20 -3.671464e-20 2.905091e+01
457000 2.343471e-24 -3.917143e-20 -3.916908e-20 3.394738e-01
458000 7.078498e-21 -3.971908e-20 -3.264058e-20 1.025387e+03
459000 5.964026e-21 -3.989223e-20 -3.392820e-20 8.639454e+02
460000 3.325183e-21 -3.975172e-20 -3.642653e-20 4.816840e+02
461000 5.248538e-21 -3.874293e-20 -3.349439e-20 7.603001e+02
462000 1.614718e-21 -3.762631e-20 -3.601160e-20 2.339071e+02
463000 6.975814e-22 -3.601903e-20 -3.532145e-20 1.010512e+02
464000 6.100720e-22 -4.094664e-20 -4.033657e-20 8.837467e+01
465000 6.590352e-21 -3.928034e-20 -3.268999e-20 9.546745e+02
466000 2.032495e-21 -4.099840e-20 -3.896590e-20 2.944261e+02
467000 5.996066e-21 -3.664021e-20 -3.064415e-20 8.685866e+02
468000 6.611650e-24 -3.456825e-20 -3.456163e-20 9.577597e-01
469000 9.031890e-22 -3.866971e-20 -3.776652e-20 1.308354e+02
470000 1.341536e-21 -4.090409e-20 -3.956256e-20 1.943341e+02
471000 1.441321e-20 -3.855890e-20 -2.414569e-20 2.087888e+03
472000 1.434779e-21 -4.067055e-20 -3.923577e-20 2.078413e+02
473000 1.890963e-22 -3.819971e-20 -3.801062e-20 2.739238e+01
474000 3.858238e-22 -4.099519e-20 -4.060937e-20 5.589020e+01
475000 5.239903e-22 -4.109986e-20 -4.057587e-20 7.590492e+01
476000 3.330772e-22 -3.920939e-20 -3.887631e-20 4.824936e+01
477000 1.053820e-21 -4.104499e-20 -3.999117e-20 1.526558e+02
478000 1.014638e-21 -4.098764e-20 -3.997300e-20 1.469798e+02
479000 2.529072e-22 -4.045172e-20 -4.019881e-20 3.663599e+01
480000 7.307482e-22 -3.594459e-20 -3.521384e-20 1.058558e+02
481000 8.401126e-22 -3.572617e-20 -3.488606e-20 1.216982e+02
482000 7.598496e-23 -4.106092e-20 -4.098494e-20 1.100714e+01
483000 6.994112e-22 -3.965227e-20 -3.895286e-20 1.013163e+02
484000 6.301515e-21 -3.898405e-20 -3.268254e-20 9.128337e+02
485000 5.049042e-23 -4.075970e-20 -4.070921e-20 7.314013e+00
486000 1.296212e-21 -4.085430e-20 -3.955809e-20 1.877685e+02
487000 1.815233e-22 -4.104104e-20 -4.085951e-20 2.629535e+01
488000 2.923874e-21 -4.075072e-20 -3.782685e-20 4.235506e+02
489000 8.954987e-22 -4.046581e-20 -3.957031e-20 1.297214e+02
490000 2.660994e-22 -4.104029e-20 -4.077419e-20 3.854700e+01
491000 6.505405e-23 -4.056102e-20 -4.049597e-20 9.423691e+00
492000 3.281361e-21 -4.099352e-20 -3.771216e-20 4.753360e+02
493000 1.119855e-24 -4.101084e-20 -4.100972e-20 1.622215e-01
494000 8.127919e-22 -4.079973e-20 -3.998694e-20 1.177406e+02
495000 4.330303e-21 -4.009096e-20 -3.576066e-20 6.272852e+02
496000 1.209433e-22 -3.948705e-20 -3.936611e-20 1.751978e+01
497000 5.798741e-21 -4.110000e-20 -3.530126e-20 8.400021e+02
498000 1.001375e-21 -4.011283e-20 -3.911145e-20 1.450586e+02
499000 3.714572e-22 -3.430616e-20 -3.393471e-20 5.380907e+01
500000 5.663567e-22 -4.044410e-20 2.601223e-19 8.204210e+01
501000 5.442323e-21 -4.088426e-20 1.645581e-19 7.883717e+02
502000 4.319505e-21 -4.063291e-20 1.636866e-19 6.257209e+02
503000 5.832722e-22 -3.877017e-20 1.618131e-19 8.449247e+01
504000 3.652955e-21 -3.946287e-20 1.641901e-19 5.291649e+02
505000 4.256820e-21 -4.085727e-20 1.633995e-19 6.166405e+02
506000 1.304110e-22 -3.870726e-20 1.614231e-19 1.889126e+01
507000 8.198225e-22 -4.076207e-20 1.600578e-19 1.187590e+02
508000 1.926153e-21 -3.724928e-20 1.646769e-19 2.790214e+02
509000 4.872341e-21 -4.090126e-20 1.639711e-19 7.058045e+02
510000 1.348409e-21 -3.692051e-20 1.644279e-19 1.953297e+02
511000 1.296976e-21 -3.285223e-20 1.684448e-19 1.878792e+02
512000 9.130131e-23 -4.109926e-20 1.589920e-19 1.322585e+01
513000 3.073370e-21 -4.047970e-20 1.625937e-19 4.452066e+02
514000 1.991955e-23 -4.109888e-20 1.589210e-19 2.885534e+00
515000 2.614410e-22 -4.109557e-20 1.591659e-19 3.787219e+01
516000 2.677184e-21 -4.085265e-20 1.618247e-19 3.878153e+02
517000 1.008282e-20 -4.082612e-20 1.692581e-19 1.460592e+03
518000 5.337916e-24 -4.092605e-20 1.590793e-19 7.732474e-01
519000 1.277045e-21 -4.108375e-20 1.601933e-19 1.849920e+02
520000 4.904387e-21 -4.007563e-20 1.648288e-19 7.104466e+02
521000 1.608268e-21 -4.106422e-20 1.605440e-19 2.329728e+02
522000 1.140857e-22 -4.027565e-20 1.598384e-19 1.652639e+01
523000 8.955786e-21 -4.109771e-20 1.678581e-19 1.297330e+03
524000 5.060551e-22 -4.087107e-20 1.596350e-19 7.330684e+01
525000 2.185651e-21 -4.091508e-20 1.612706e-19 3.166120e+02
526000 1.746835e-23 -4.095165e-20 1.590658e-19 2.530455e+00
527000 1.375750e-21 -4.109300e-20 1.602827e-19 1.992904e+02
528000 3.327007e-22 -4.109457e-20 1.592381e-19 4.819483e+01
529000 4.913308e-24 -4.093536e-20 1.590696e-19 7.117388e-01
530000 7.820157e-21 -3.486986e-20 1.729503e-19 1.132823e+03
531000 1.382532e-21 -3.989536e-20 1.614872e-19 2.002728e+02
532000 2.193026e-21 -4.097874e-20 1.612143e-19 3.176804e+02
533000 6.331406e-22 -4.098622e-20 1.596469e-19 9.171638e+01
534000 8.699152e-22 -4.078089e-20 1.600890e-19 1.260154e+02
535000 1.911867e-23 -4.109190e-20 1.589272e-19 2.769519e+00
536000 1.038957e-21 -4.106965e-20 1.599693e-19 1.505027e+02
537000 7.701338e-22 -4.019350e-20 1.605766e-19 1.115611e+02
538000 3.070556e-21 -4.100180e-20 1.620688e-19 4.447990e+02
539000 8.255332e-23 -4.108599e-20 1.589966e-19 1.195863e+01
540000 1.451640e-21 -4.107513e-20 1.603765e-19 2.102837e+02
541000 9.923517e-23 -4.102231e-20 1.590769e-19 1.437515e+01
542000 6.245115e-21 -4.084036e-20 1.654052e-19 9.046636e+02
543000 5.644501e-21 -2.960767e-20 1.760368e-19 8.176591e+02
544000 3.095338e-21 -3.827050e-20 1.648248e-19 4.483889e+02
545000 5.898033e-22 -4.078898e-20 1.598008e-19 8.543856e+01
546000 1.341746e-21 -3.978638e-20 1.615554e-19 1.943645e+02
547000 4.243136e-21 -4.103916e-20 1.632040e-19 6.146582e+02
548000 2.267252e-21 -4.022252e-20 1.620447e-19 3.284328e+02
549000 7.542449e-22 -3.953939e-20 1.612149e-19 1.092595e+02
550000 4.632051e-21 -4.108516e-20 1.635469e-19 6.709962e+02
551000 2.250696e-21 -4.102968e-20 1.612210e-19 3.260345e+02
552000 1.732032e-22 -4.075645e-20 1.595243e-19 2.509012e+01
553000 2.320456e-21 -4.056300e-20 1.617575e-19 3.361400e+02
554000 1.241884e-20 -4.106740e-20 1.713514e-19 1.798986e+03
555000 2.421555e-21 -4.108918e-20 1.613324e-19 3.507850e+02
556000 5.457630e-21 -4.109560e-20 1.643620e-19 7.905891e+02
557000 3.772458e-22 -4.105893e-20 1.593183e-19 5.464761e+01
558000 1.258942e-22 -4.079749e-20 1.593284e-19 1.823695e+01
559000 2.056359e-21 -4.109929e-20 1.609571e-19 2.978829e+02
560000 6.074641e-22 -4.106676e-20 1.595407e-19 8.799689e+01
561000 2.300834e-21 -3.225613e-20 1.700447e-19 3.332975e+02
562000 1.051689e-21 -3.927240e-20 1.617793e-19 1.523471e+02
563000 2.414836e-21 -3.881259e-20 1.636022e-19 3.498118e+02
564000 8.453130e-23 -4.043734e-20 1.596472e-19 1.224515e+01
565000 1.740404e-22 -4.108546e-20 1.590886e-19 2.521139e+01
566000 7.215176e-23 -3.882782e-20 1.612443e-19 1.045186e+01
567000 2.983094e-22 -4.085764e-20 1.594408e-19 4.321293e+01
568000 1.938807e-21 -4.095285e-20 1.609860e-19 2.808544e+02
569000 6.101507e-21 -4.093452e-20 1.651670e-19 8.838607e+02
570000 1.984824e-21 -4.100725e-20 1.609776e-19 2.875204e+02
571000 2.065305e-21 -4.091857e-20 1.611467e-19 2.991789e+02
572000 3.964277e-22 -4.104724e-20 1.593492e-19 5.742629e+01
573000 4.010889e-23 -4.099771e-20 1.590424e-19 5.810150e+00
574000 6.382172e-21 -3.899077e-20 1.673914e-19 9.245177e+02
575000 3.612229e-23 -4.043154e-20 1.596046e-19 5.232654e+00
576000 7.465257e-23 -4.109364e-20 1.589810e-19 1.081413e+01
577000 1.175611e-20 -3.964690e-20 1.721092e-19 1.702984e+03
578000 1.993209e-21 -4.048752e-20 1.615057e-19 2.887350e+02
579000 1.362215e-21 -4.102940e-20 1.603328e-19 1.973297e+02
580000 2.370652e-21 -4.063764e-20 1.617330e-19 3.434112e+02
581000 1.589136e-21 -4.101791e-20 1.605712e-19 2.302014e+02
582000 2.088224e-21 -4.096746e-20 1.611208e-19 3.024988e+02
583000 3.182267e-22 -3.884266e-20 1.614756e-19 4.609813e+01
584000 7.329920e-22 -3.745964e-20 1.632733e-19 1.061808e+02
585000 5.038023e-24 -3.760868e-20 1.623964e-19 7.298050e-01
586000 7.393518e-22 -4.046958e-20 1.602698e-19 1.071021e+02
587000 2.774566e-21 -2.388759e-20 1.788870e-19 4.019220e+02
588000 3.942099e-22 -4.018290e-20 1.602113e-19 5.710501e+01
589000 3.023485e-21 -3.769369e-20 1.653298e-19 4.379802e+02
590000 4.126446e-21 -3.432347e-20 1.698030e-19 5.977545e+02
591000 4.106750e-21 -4.107972e-20 1.630270e-19 5.949014e+02
592000 6.314884e-23 -4.070342e-20 1.605313e-19 9.147704e+00
593000 3.954556e-23 -3.976855e-20 1.602710e-19 5.728547e+00
594000 1.333857e-21 -4.108591e-20 1.602479e-19 1.932218e+02
595000 1.927623e-22 -4.107358e-20 1.591192e-19 2.792343e+01
596000 7.494085e-22 -3.145370e-20 1.692957e-19 1.085589e+02
597000 4.161489e-21 -3.953283e-20 1.646287e-19 6.028308e+02
598000 4.552998e-22 -4.098886e-20 1.594664e-19 6.595446e+01
599000 3.266772e-21 -3.835553e-20 1.649112e-19 4.732227e+02
600000 3.077048e-22 -4.109820e-20 1.592095e-19 4.457393e+01
601000 6.391533e-22 -4.107779e-20 1.595614e-19 9.258736e+01
602000 1.365029e-21 -4.083645e-20 1.605292e-19 1.977373e+02
603000 4.917541e-21 -4.109974e-20 1.638178e-19 7.123520e+02
604000 1.731075e-22 -4.022124e-20 1.599519e-19 2.507624e+01
605000 3.959016e-21 -4.107192e-20 1.628871e-19 5.735008e+02
606000 3.863956e-21 -4.103298e-20 1.628310e-19 5.597304e+02
607000 9.870764e-22 -4.098378e-20 1.600033e-19 1.429873e+02
608000 1.525211e-21 -4.107005e-20 1.604552e-19 2.209412e+02
609000 4.268180e-23 -3.835906e-20 1.616836e-19 6.182861e+00
610000 8.539772e-24 -3.860489e-20 1.614037e-19 1.237066e+00
611000 1.014757e-21 -4.000558e-20 1.610092e-19 1.469970e+02
612000 3.424438e-21 -4.097889e-20 1.624455e-19 4.960620e+02
613000 3.062114e-21 -3.817824e-20 1.648839e-19 4.435760e+02
614000 1.136323e-24 -4.106595e-20 1.589352e-19 1.646071e-01
615000 8.729517e-22 -3.737703e-20 1.634959e-19 1.264553e+02
616000 2.072872e-21 -4.016329e-20 1.619096e-19 3.002750e+02
617000 4.954750e-22 -4.109994e-20 1.593955e-19 7.177421e+01
618000 9.007196e-23 -4.109631e-20 1.589938e-19 1.304777e+01
619000 2.239976e-21 -4.084920e-20 1.613908e-19 3.244816e+02
620000 4.094680e-23 -4.095924e-20 1.590817e-19 5.931530e+00
621000 1.293709e-22 -4.022792e-20 1.599015e-19 1.874060e+01
622000 3.738839e-22 -4.109757e-20 1.592763e-19 5.416061e+01
623000 2.604768e-21 -3.830805e-20 1.642967e-19 3.773251e+02
624000 1.006899e-21 -3.972022e-20 1.612867e-19 1.458588e+02
625000 1.262588e-24 -4.066776e-20 1.593335e-19 1.828978e-01
626000 1.454891e-21 -4.060226e-20 1.608526e-19 2.107547e+02
627000 1.313160e-22 -3.810848e-20 1.620228e-19 1.902236e+01
628000 1.857530e-21 -4.097312e-20 1.608844e-19 2.690807e+02
629000 1.335004e-22 -4.098120e-20 1.591523e-19 1.933879e+01
630000 6.776178e-21 -4.027961e-20 1.664966e-19 9.815931e+02
631000 6.145627e-21 -4.070522e-20 1.654404e-19 8.902518e+02
632000 5.371181e-22 -4.109898e-20 1.594381e-19 7.780662e+01
633000 4.110094e-21 -3.982569e-20 1.642844e-19 5.953858e+02
634000 1.278257e-22 -3.799900e-20 1.621288e-19 1.851676e+01
635000 1.338694e-21 -3.290815e-20 1.684305e-19 1.939224e+02
636000 4.245531e-23 -4.106061e-20 1.589818e-19 6.150051e+00
637000 1.458374e-21 -4.090485e-20 1.605535e-19 2.112592e+02
638000 1.791666e-21 -4.046869e-20 1.613230e-19 2.595396e+02
639000 4.479560e-21 -3.339524e-20 1.710843e-19 6.489064e+02
640000 7.731272e-22 -3.967528e-20 1.610978e-19 1.119948e+02
641000 1.257854e-21 -3.331017e-20 1.679477e-19 1.822120e+02
642000 4.853147e-25 -3.741556e-20 1.625849e-19 7.030240e-02
643000 3.129367e-23 -4.109826e-20 1.589330e-19 4.533183e+00
644000 7.891235e-21 -4.063747e-20 1.672538e-19 1.143120e+03
645000 4.875034e-22 -4.030704e-20 1.601805e-19 7.061945e+01
646000 6.076823e-23 -3.856676e-20 1.614940e-19 8.802850e+00
647000 2.708612e-21 -3.966834e-20 1.630403e-19 3.923679e+02
648000 1.406629e-21 -4.099525e-20 1.604114e-19 2.037634e+02
649000 5.840447e-21 -4.092146e-20 1.649190e-19 8.460437e+02
650000 1.525396e-21 -3.979193e-20 1.617335e-19 2.209680e+02
651000 1.565320e-22 -4.106071e-20 1.590958e-19 2.267514e+01
652000 5.294151e-21 -4.095535e-20 1.643388e-19 7.669076e+02
653000 6.260081e-21 -3.847461e-20 1.677855e-19 9.068316e+02
654000 3.758448e-21 -3.748514e-20 1.662733e-19 5.444466e+02
655000 1.705542e-22 -3.967687e-20 1.604937e-19 2.470637e+01
656000 3.745729e-22 -4.080128e-20 1.595733e-19 5.426041e+01
657000 3.402062e-22 -3.580466e-20 1.645356e-19 4.928207e+01
658000 1.270883e-21 -4.053147e-20 1.607394e-19 1.840993e+02
659000 7.086251e-21 -3.938154e-20 1.677047e-19 1.026510e+03
660000 2.443160e-22 -4.103967e-20 1.592046e-19 3.539147e+01
661000 7.082119e-21 -3.208188e-20 1.750002e-19 1.025912e+03
662000 3.570083e-22 -3.872272e-20 1.616343e-19 5.171602e+01
663000 1.676651e-21 -3.961858e-20 1.620581e-19 2.428787e+02
664000 2.187329e-21 -4.086871e-20 1.613186e-19 3.168551e+02
665000 6.922032e-22 -4.075035e-20 1.599418e-19 1.002721e+02
666000 3.357069e-22 -4.103876e-20 1.592970e-19 4.863031e+01
667000 4.594106e-22 -4.055505e-20 1.599044e-19 6.654994e+01
668000 1.720252e-21 -3.759158e-20 1.641287e-19 2.491946e+02
669000 1.459658e-21 -3.905918e-20 1.624005e-19 2.114451e+02
670000 2.763485e-23 -4.082621e-20 1.592029e-19 4.003167e+00
671000 1.102981e-21 -4.106226e-20 1.600407e-19 1.597772e+02
672000 1.025110e-22 -4.107601e-20 1.590265e-19 1.484969e+01
673000 1.369057e-22 -4.092910e-20 1.592078e-19 1.983208e+01
674000 1.794434e-21 -3.978593e-20 1.620085e-19 2.599407e+02
675000 3.378754e-21 -4.107757e-20 1.623012e-19 4.894443e+02
676000 1.843786e-23 -4.090163e-20 1.591168e-19 2.670897e+00
677000 1.222980e-21 -4.037538e-20 1.608476e-19 1.771601e+02
678000 1.678585e-21 -4.101875e-20 1.606598e-19 2.431588e+02
679000 1.145190e-21 -4.100114e-20 1.601441e-19 1.658915e+02
680000 1.059563e-21 -4.109810e-20 1.599615e-19 1.534876e+02
681000 1.493108e-23 -4.077971e-20 1.592653e-19 2.162908e+00
682000 5.963633e-22 -4.103508e-20 1.595613e-19 8.638883e+01
683000 7.683911e-22 -4.060244e-20 1.601660e-19 1.113087e+02
684000 2.370961e-21 -4.109990e-20 1.612711e-19 3.434559e+02
685000 5.025730e-21 -4.102629e-20 1.639994e-19 7.280242e+02
686000 8.247703e-23 -3.674608e-20 1.633364e-19 1.194757e+01
687000 5.438036e-24 -4.055050e-20 1.594549e-19 7.877507e-01
688000 3.942724e-22 -4.103898e-20 1.593553e-19 5.711407e+01
689000 2.417503e-24 -3.915553e-20 1.608469e-19 3.501980e-01
690000 3.787786e-22 -3.999326e-20 1.603855e-19 5.486965e+01
691000 3.395194e-22 -4.108266e-20 1.592569e-19 4.918258e+01
692000 3.526532e-21 -4.089283e-20 1.626337e-19 5.108514e+02
693000 3.622817e-22 -4.108341e-20 1.592789e-19 5.247991e+01
694000 2.286336e-21 -4.083826e-20 1.614481e-19 3.311973e+02
695000 3.899925e-21 -4.100580e-20 1.628941e-19 5.649409e+02
696000 1.913099e-22 -4.007175e-20 1.601196e-19 2.771304e+01
697000 1.560938e-23 -4.081624e-20 1.592023e-19 2.261165e+00
698000 1.551338e-20 -4.109781e-20 1.744156e-19 2.247260e+03
699000 3.820789e-21 -4.037825e-20 1.634425e-19 5.534773e+02
700000 6.190753e-23 -4.041377e-20 1.596481e-19 8.967889e+00
701000 9.983635e-24 -4.105056e-20 1.589594e-19 1.446224e+00
702000 7.158324e-21 -3.827570e-20 1.688826e-19 1.036951e+03
703000 2.408300e-23 -4.087934e-20 1.591448e-19 3.488649e+00
704000 8.699350e-22 -4.004010e-20 1.608298e-19 1.260183e+02
705000 6.818007e-22 -4.100378e-20 1.596780e-19 9.876525e+01
706000 5.135828e-22 -4.068179e-20 1.598318e-19 7.439730e+01
707000 3.975363e-21 -4.059527e-20 1.633801e-19 5.758687e+02
708000 7.625789e-23 -4.026710e-20 1.598092e-19 1.104667e+01
709000 1.140373e-22 -4.093049e-20 1.591836e-19 1.651938e+01
710000 1.500499e-21 -4.094876e-20 1.605517e-19 2.173614e+02
711000 1.099459e-21 -3.853871e-20 1.625608e-19 1.592670e+02
712000 1.052598e-22 -4.038763e-20 1.597176e-19 1.524787e+01
713000 1.055791e-22 -3.450989e-20 1.655957e-19 1.529412e+01
714000 3.314157e-22 -4.048907e-20 1.598424e-19 4.800868e+01
715000 1.901030e-21 -4.089963e-20 1.610014e-19 2.753820e+02
716000 2.136509e-21 -4.108852e-20 1.610480e-19 3.094934e+02
717000 1.839267e-21 -3.918770e-20 1.626516e-19 2.664352e+02
718000 1.230074e-21 -4.092799e-20 1.603021e-19 1.781878e+02
719000 1.496679e-21 -4.101440e-20 1.604823e-19 2.168080e+02
720000 3.383550e-21 -4.105281e-20 1.623307e-19 4.901390e+02
721000 4.093931e-22 -4.030579e-20 1.601036e-19 5.930444e+01
722000 2.091169e-21 -4.067078e-20 1.614204e-19 3.029255e+02
723000 1.427442e-21 -4.108800e-20 1.603394e-19 2.067785e+02
724000 1.827186e-21 -4.100017e-20 1.608270e-19 2.646850e+02
725000 7.437554e-21 -4.109805e-20 1.663395e-19 1.077400e+03
726000 2.114092e-21 -3.576575e-20 1.663483e-19 3.062462e+02
727000 1.668071e-24 -4.015934e-20 1.598423e-19 2.416358e-01
728000 1.734660e-21 -4.109927e-20 1.606354e-19 2.512818e+02
729000 3.750806e-22 -4.090472e-20 1.594704e-19 5.433395e+01
730000 1.155781e-21 -3.881407e-20 1.623417e-19 1.674258e+02
731000 2.508464e-21 -2.633362e-20 1.761748e-19 3.633746e+02
732000 1.814130e-21 -4.083526e-20 1.609796e-19 2.627939e+02
733000 8.142815e-24 -4.071695e-20 1.592912e-19 1.179563e+00
734000 3.911354e-23 -4.104168e-20 1.589974e-19 5.665964e+00
735000 5.558020e-22 -4.107460e-20 1.594812e-19 8.051314e+01
736000 4.599050e-23 -3.920933e-20 1.608367e-19 6.662157e+00
737000 3.529449e-21 -4.074205e-20 1.627874e-19 5.112739e+02
738000 1.027591e-22 -3.586365e-20 1.642391e-19 1.488563e+01
739000 2.113154e-22 -4.109442e-20 1.591169e-19 3.061102e+01
740000 5.346224e-21 -4.106068e-20 1.642855e-19 7.744508e+02
741000 2.417482e-21 -4.108931e-20 1.613282e-19 3.501950e+02
742000 6.855955e-21 -4.110000e-20 1.657560e-19 9.931496e+02
743000 3.102740e-21 -4.018925e-20 1.629135e-19 4.494611e+02
744000 4.855884e-22 -4.108622e-20 1.593994e-19 7.034205e+01
745000 1.073115e-21 -4.110000e-20 1.599731e-19 1.554509e+02
746000 6.436864e-21 -3.996139e-20 1.664755e-19 9.324403e+02
747000 2.059325e-22 -4.098712e-20 1.592188e-19 2.983126e+01
748000 8.539403e-21 -4.012992e-20 1.684095e-19 1.237013e+03
749000 9.506024e-22 -4.109633e-20 1.598543e-19 1.377037e+02
750000 2.312816e-23 -3.949257e-20 1.605306e-19 3.350332e+00
751000 5.806417e-22 -3.944849e-20 1.611322e-19 8.411141e+01
752000 1.474166e-21 -4.082903e-20 1.606451e-19 2.135468e+02
753000 5.477443e-21 -4.103025e-20 1.644472e-19 7.934592e+02
754000 1.455967e-20 -4.109906e-20 1.734606e-19 2.109105e+03
755000 6.978700e-22 -4.109812e-20 1.595998e-19 1.010930e+02
756000 1.837530e-22 -3.792992e-20 1.622538e-19 2.661835e+01
757000 9.118626e-22 -3.908869e-20 1.618232e-19 1.320919e+02
758000 3.916493e-23 -4.096131e-20 1.590779e-19 5.673408e+00
759000 6.912815e-22 -4.047280e-20 1.602185e-19 1.001386e+02
760000 4.972578e-21 -4.090960e-20 1.640630e-19 7.203247e+02
761000 4.862251e-22 -4.034348e-20 1.601427e-19 7.043428e+01
762000 3.774610e-22 -4.080990e-20 1.595676e-19 5.467878e+01
763000 1.495240e-21 -3.494601e-20 1.665492e-19 2.165996e+02
764000 1.124893e-22 -3.966008e-20 1.604524e-19 1.629513e+01
765000 3.279622e-21 -4.036837e-20 1.629113e-19 4.750841e+02
766000 8.333074e-23 -4.108943e-20 1.589939e-19 1.207124e+01
767000 6.022587e-21 -3.715021e-20 1.688724e-19 8.724284e+02
768000 7.053102e-23 -2.806795e-20 1.720026e-19 1.021708e+01
769000 2.294555e-21 -3.982286e-20 1.624717e-19 3.323878e+02
770000 1.087450e-21 -4.031096e-20 1.607765e-19 1.575274e+02
771000 1.348251e-21 -4.073560e-20 1.609108e-19 1.953068e+02
772000 1.590761e-21 -4.109289e-20 1.604979e-19 2.304367e+02
773000 5.188771e-21 -4.109070e-20 1.640981e-19 7.516423e+02
774000 5.584653e-21 -3.798446e-20 1.676002e-19 8.089896e+02
775000 8.609691e-22 -4.107863e-20 1.597823e-19 1.247195e+02
776000 4.444437e-21 -4.011028e-20 1.643342e-19 6.438185e+02
777000 3.062112e-21 -3.755589e-20 1.655062e-19 4.435758e+02
778000 4.230179e-21 -4.107794e-20 1.631522e-19 6.127812e+02
779000 1.076896e-21 -4.075773e-20 1.604198e-19 1.559986e+02
780000 6.233949e-21 -4.109806e-20 1.651359e-19 9.030462e+02
781000 1.600026e-21 -4.109764e-20 1.605024e-19 2.317788e+02
782000 3.646861e-22 -3.988988e-20 1.604748e-19 5.282821e+01
783000 1.187330e-21 -3.767452e-20 1.635128e-19 1.719959e+02
784000 4.782251e-21 -4.092233e-20 1.638599e-19 6.927541e+02
785000 3.673801e-21 -3.216675e-20 1.715070e-19 5.321846e+02
786000 3.069535e-23 -4.108679e-20 1.589439e-19 4.446510e+00
787000 5.017705e-21 -4.105236e-20 1.639653e-19 7.268618e+02
788000 2.780364e-21 -4.097619e-20 1.618042e-19 4.027620e+02
789000 5.146765e-22 -4.062632e-20 1.598884e-19 7.455573e+01
790000 1.160207e-21 -3.511661e-20 1.660436e-19 1.680668e+02
791000 1.658206e-21 -4.099675e-20 1.606615e-19 2.402068e+02
792000 7.827566e-21 -4.102340e-20 1.668042e-19 1.133897e+03
793000 1.469316e-22 -4.108726e-20 1.590597e-19 2.128443e+01
794000 2.756786e-21 -4.009705e-20 1.626597e-19 3.993464e+02
795000 2.607112e-22 -3.823401e-20 1.620267e-19 3.776646e+01
796000 1.147407e-22 -4.094553e-20 1.591692e-19 1.662127e+01
797000 9.720825e-22 -2.894397e-20 1.720281e-19 1.408153e+02
798000 1.776103e-21 -4.077162e-20 1.610521e-19 2.572853e+02
799000 3.880974e-22 -4.094450e-20 1.594436e-19 5.621956e+01
800000 1.783134e-22 -4.069059e-20 1.594877e-19 2.583037e+01
801000 2.825037e-21 -4.093760e-20 1.618874e-19 4.092332e+02
802000 2.200339e-22 -4.109701e-20 1.591230e-19 3.187397e+01
803000 3.941865e-21 -4.094146e-20 1.630004e-19 5.710163e+02
804000 1.874967e-25 -3.648750e-20 1.635127e-19 2.716066e-02
805000 1.053664e-21 -3.661438e-20 1.644393e-19 1.526331e+02
806000 1.186955e-21 -3.490359e-20 1.662834e-19 1.719416e+02
807000 6.719872e-21 -4.034706e-20 1.663728e-19 9.734367e+02
808000 5.816258e-21 -4.098820e-20 1.648281e-19 8.425397e+02
809000 9.177251e-22 -4.082085e-20 1.600990e-19 1.329411e+02
810000 2.772395e-22 -4.083231e-20 1.594449e-19 4.016075e+01
811000 9.819519e-22 -4.109999e-20 1.598820e-19 1.422450e+02
812000 3.266240e-22 -3.900845e-20 1.613182e-19 4.731457e+01
813000 3.616621e-22 -3.897912e-20 1.613825e-19 5.239016e+01
814000 2.161052e-21 -4.065952e-20 1.615015e-19 3.130488e+02
815000 1.063350e-23 -4.103106e-20 1.589796e-19 1.540362e+00
816000 5.028599e-21 -4.110000e-20 1.639286e-19 7.284398e+02
817000 2.924746e-22 -4.072279e-20 1.600988e-19 4.236770e+01
818000 2.002671e-21 -4.106388e-20 1.609388e-19 2.901057e+02
819000 4.314590e-22 -3.989935e-20 1.605321e-19 6.250090e+01
820000 4.231390e-21 -4.109894e-20 1.631325e-19 6.129566e+02
821000 6.698929e-23 -4.082741e-20 1.592409e-19 9.704029e+00
822000 9.001484e-22 -4.104608e-20 1.598541e-19 1.303950e+02
823000 1.096095e-21 -3.826355e-20 1.628325e-19 1.587797e+02
824000 3.333316e-21 -3.985564e-20 1.634777e-19 4.828621e+02
825000 4.918547e-23 -3.507496e-20 1.649742e-19 7.124978e+00
826000 9.035062e-21 -4.066466e-20 1.683704e-19 1.308814e+03
827000 2.538956e-21 -4.063042e-20 1.619085e-19 3.677916e+02
828000 2.271992e-22 -4.106520e-20 1.591620e-19 3.291195e+01
829000 5.668182e-22 -4.076160e-20 1.598874e-19 8.210894e+01
830000 1.197706e-21 -3.380988e-20 1.673878e-19 1.734989e+02
831000 1.086241e-21 -4.109669e-20 1.599895e-19 1.573522e+02
832000 2.169254e-26 -3.882903e-20 1.611710e-19 3.142368e-03
833000 6.350177e-22 -4.041903e-20 1.602160e-19 9.198830e+01
834000 2.587222e-21 -4.103423e-20 1.615530e-19 3.747835e+02
835000 2.216253e-24 -3.784500e-20 1.621572e-19 3.210451e-01
836000 1.137005e-21 -4.060565e-20 1.605314e-19 1.647059e+02
837000 2.235584e-24 -3.113617e-20 1.688661e-19 3.238454e-01
838000 2.245697e-22 -4.097753e-20 1.592470e-19 3.253104e+01
839000 1.499965e-20 -3.791302e-20 1.770866e-19 2.172840e+03
840000 3.389530e-21 -4.095537e-20 1.624342e-19 4.910054e+02
841000 3.958569e-21 -4.103955e-20 1.629190e-19 5.734360e+02
842000 1.734300e-21 -4.041001e-20 1.613243e-19 2.512297e+02
843000 4.110060e-21 -4.073976e-20 1.633703e-19 5.953809e+02
844000 4.355995e-21 -4.104888e-20 1.633071e-19 6.310069e+02
845000 1.147909e-20 -4.109627e-20 1.703828e-19 1.662854e+03
846000 6.808229e-22 -4.098610e-20 1.596947e-19 9.862360e+01
847000 1.350284e-22 -3.711091e-20 1.630241e-19 1.956013e+01
848000 6.362720e-22 -4.106413e-20 1.595721e-19 9.216999e+01
849000 6.154803e-21 -4.047416e-20 1.656806e-19 8.915812e+02
850000 3.652549e-21 -2.861837e-20 1.750342e-19 5.291060e+02
851000 5.411114e-23 -4.078240e-20 1.592974e-19 7.838508e+00
852000 3.598570e-21 -4.068475e-20 1.652476e-19 5.212868e+02
853000 1.164618e-21 -3.544886e-20 1.657158e-19 1.687059e+02
854000 6.984775e-23 -4.086139e-20 1.592085e-19 1.011810e+01
855000 1.526107e-21 -4.103098e-20 1.604951e-19 2.210710e+02
856000 6.295448e-23 -4.100574e-20 1.590572e-19 9.119549e+00
857000 2.187498e-21 -4.089173e-20 1.612958e-19 3.168797e+02
858000 7.299060e-22 -3.954428e-20 1.611856e-19 1.057338e+02
859000 1.895740e-21 -4.000386e-20 1.618919e-19 2.746157e+02
860000 1.548214e-22 -4.100359e-20 1.591512e-19 2.242733e+01
861000 3.209145e-22 -4.068623e-20 1.618504e-19 4.648749e+01
862000 2.290420e-22 -4.109636e-20 1.591327e-19 3.317888e+01
863000 1.339528e-21 -3.784828e-20 1.634912e-19 1.940433e+02
864000 2.014105e-22 -4.101902e-20 1.591824e-19 2.917621e+01
865000 2.288281e-21 -4.057830e-20 1.617100e-19 3.314791e+02
866000 3.973104e-22 -4.079960e-20 1.596066e-19 5.755415e+01
867000 3.879455e-23 -4.068709e-20 1.593517e-19 5.619756e+00
868000 5.515916e-25 -3.483950e-20 1.651611e-19 7.990324e-02
869000 1.036098e-21 -4.104910e-20 1.599870e-19 1.500885e+02
870000 3.055855e-21 -3.987911e-20 1.631767e-19 4.426693e+02
871000 6.035514e-21 -4.028036e-20 1.657552e-19 8.743009e+02
872000 3.673988e-21 -4.050664e-20 1.631673e-19 5.322118e+02
873000 3.880808e-23 -3.937885e-20 1.606600e-19 5.621715e+00
874000 8.205819e-22 -3.971219e-20 1.611084e-19 1.188690e+02
875000 1.131763e-21 -4.109248e-20 1.600393e-19 1.639465e+02
876000 3.567128e-22 -4.086530e-20 1.594914e-19 5.167321e+01
877000 2.537750e-21 -3.932990e-20 1.632078e-19 3.676170e+02
878000 3.774464e-24 -4.103447e-20 1.589693e-19 5.467667e-01
879000 4.025364e-21 -4.044213e-20 1.635832e-19 5.831118e+02
