FX FY FZ 
2.730548e-10 0.000000e+00 0.000000e+00
-1.443240e-10 0.000000e+00 0.000000e+00
3.197374e-10 0.000000e+00 0.000000e+00
4.703363e-10 0.000000e+00 0.000000e+00
2.482718e-10 0.000000e+00 0.000000e+00
-2.820404e-10 0.000000e+00 0.000000e+00
1.790771e-10 0.000000e+00 0.000000e+00
1.688052e-10 0.000000e+00 0.000000e+00
1.690381e-10 0.000000e+00 0.000000e+00
-6.811453e-10 0.000000e+00 0.000000e+00
4.213218e-10 0.000000e+00 0.000000e+00
3.851256e-10 0.000000e+00 0.000000e+00
3.376555e-10 0.000000e+00 0.000000e+00
-6.889843e-11 0.000000e+00 0.000000e+00
1.140199e-10 0.000000e+00 0.000000e+00
-1.558474e-10 0.000000e+00 0.000000e+00
-1.530611e-12 0.000000e+00 0.000000e+00
3.047034e-10 0.000000e+00 0.000000e+00
5.328204e-10 0.000000e+00 0.000000e+00
3.460899e-10 0.000000e+00 0.000000e+00
6.262179e-10 0.000000e+00 0.000000e+00
-6.098266e-10 0.000000e+00 0.000000e+00
-9.719533e-11 0.000000e+00 0.000000e+00
8.048986e-11 0.000000e+00 0.000000e+00
-1.583267e-10 0.000000e+00 0.000000e+00
-4.670176e-11 0.000000e+00 0.000000e+00
1.652956e-10 0.000000e+00 0.000000e+00
4.455077e-10 0.000000e+00 0.000000e+00
2.630366e-10 0.000000e+00 0.000000e+00
-3.168694e-11 0.000000e+00 0.000000e+00
3.522498e-10 0.000000e+00 0.000000e+00
2.694346e-10 0.000000e+00 0.000000e+00
-2.817993e-10 0.000000e+00 0.000000e+00
1.128595e-10 0.000000e+00 0.000000e+00
-1.728139e-10 0.000000e+00 0.000000e+00
1.363004e-10 0.000000e+00 0.000000e+00
-6.630371e-10 0.000000e+00 0.000000e+00
2.502544e-11 0.000000e+00 0.000000e+00
-8.492317e-10 0.000000e+00 0.000000e+00
2.259091e-10 0.000000e+00 0.000000e+00
-3.000740e-10 0.000000e+00 0.000000e+00
1.051043e-10 0.000000e+00 0.000000e+00
-8.211270e-11 0.000000e+00 0.000000e+00
-4.224998e-10 0.000000e+00 0.000000e+00
-2.215691e-10 0.000000e+00 0.000000e+00
3.199675e-10 0.000000e+00 0.000000e+00
1.674616e-10 0.000000e+00 0.000000e+00
1.282020e-10 0.000000e+00 0.000000e+00
3.472620e-10 0.000000e+00 0.000000e+00
4.470239e-11 0.000000e+00 0.000000e+00
4.768204e-10 0.000000e+00 0.000000e+00
1.953515e-10 0.000000e+00 0.000000e+00
3.693768e-11 0.000000e+00 0.000000e+00
3.029013e-10 0.000000e+00 0.000000e+00
-3.011559e-11 0.000000e+00 0.000000e+00
5.926459e-10 0.000000e+00 0.000000e+00
-1.068489e-10 0.000000e+00 0.000000e+00
2.904937e-11 0.000000e+00 0.000000e+00
-6.091931e-10 0.000000e+00 0.000000e+00
2.170690e-10 0.000000e+00 0.000000e+00
-7.174641e-10 0.000000e+00 0.000000e+00
-4.882883e-10 0.000000e+00 0.000000e+00
6.769756e-11 0.000000e+00 0.000000e+00
1.322062e-10 0.000000e+00 0.000000e+00
5.154338e-11 0.000000e+00 0.000000e+00
2.784235e-10 0.000000e+00 0.000000e+00
1.290941e-10 0.000000e+00 0.000000e+00
2.620979e-10 0.000000e+00 0.000000e+00
5.646145e-10 0.000000e+00 0.000000e+00
-6.240373e-10 0.000000e+00 0.000000e+00
-1.167199e-10 0.000000e+00 0.000000e+00
-3.234568e-10 0.000000e+00 0.000000e+00
-2.273768e-10 0.000000e+00 0.000000e+00
-3.944690e-10 0.000000e+00 0.000000e+00
4.245106e-10 0.000000e+00 0.000000e+00
2.726355e-10 0.000000e+00 0.000000e+00
3.776653e-11 0.000000e+00 0.000000e+00
-1.726366e-10 0.000000e+00 0.000000e+00
7.254366e-11 0.000000e+00 0.000000e+00
-1.740793e-11 0.000000e+00 0.000000e+00
-3.988707e-11 0.000000e+00 0.000000e+00
4.214675e-10 0.000000e+00 0.000000e+00
2.572387e-10 0.000000e+00 0.000000e+00
2.820174e-11 0.000000e+00 0.000000e+00
-4.886712e-11 0.000000e+00 0.000000e+00
-3.845133e-10 0.000000e+00 0.000000e+00
1.708053e-10 0.000000e+00 0.000000e+00
3.085627e-10 0.000000e+00 0.000000e+00
-4.777405e-11 0.000000e+00 0.000000e+00
3.038130e-10 0.000000e+00 0.000000e+00
8.299048e-11 0.000000e+00 0.000000e+00
3.040723e-11 0.000000e+00 0.000000e+00
9.676753e-11 0.000000e+00 0.000000e+00
4.040954e-10 0.000000e+00 0.000000e+00
-6.364307e-11 0.000000e+00 0.000000e+00
-4.118891e-10 0.000000e+00 0.000000e+00
-1.627583e-10 0.000000e+00 0.000000e+00
2.547277e-10 0.000000e+00 0.000000e+00
-4.703806e-10 0.000000e+00 0.000000e+00
4.223828e-11 0.000000e+00 0.000000e+00
3.636994e-11 0.000000e+00 0.000000e+00
-4.793201e-10 0.000000e+00 0.000000e+00
4.516397e-11 0.000000e+00 0.000000e+00
3.446737e-10 0.000000e+00 0.000000e+00
5.217945e-10 0.000000e+00 0.000000e+00
2.099331e-10 0.000000e+00 0.000000e+00
-2.911597e-10 0.000000e+00 0.000000e+00
-1.159524e-10 0.000000e+00 0.000000e+00
-5.702049e-10 0.000000e+00 0.000000e+00
-3.010455e-10 0.000000e+00 0.000000e+00
1.615061e-10 0.000000e+00 0.000000e+00
-3.407725e-10 0.000000e+00 0.000000e+00
2.425150e-11 0.000000e+00 0.000000e+00
1.643101e-10 0.000000e+00 0.000000e+00
2.530229e-10 0.000000e+00 0.000000e+00
3.492191e-10 0.000000e+00 0.000000e+00
-3.576868e-11 0.000000e+00 0.000000e+00
-2.902170e-10 0.000000e+00 0.000000e+00
-1.131000e-10 0.000000e+00 0.000000e+00
-5.389402e-10 0.000000e+00 0.000000e+00
2.906430e-10 0.000000e+00 0.000000e+00
5.419155e-10 0.000000e+00 0.000000e+00
1.211228e-10 0.000000e+00 0.000000e+00
-2.202552e-10 0.000000e+00 0.000000e+00
4.560987e-10 0.000000e+00 0.000000e+00
-8.577863e-10 0.000000e+00 0.000000e+00
-1.554984e-10 0.000000e+00 0.000000e+00
-5.543513e-10 0.000000e+00 0.000000e+00
2.448850e-10 0.000000e+00 0.000000e+00
4.106784e-10 0.000000e+00 0.000000e+00
-3.199183e-10 0.000000e+00 0.000000e+00
-4.348135e-10 0.000000e+00 0.000000e+00
-6.601595e-10 0.000000e+00 0.000000e+00
2.860838e-10 0.000000e+00 0.000000e+00
4.530619e-10 0.000000e+00 0.000000e+00
-1.704861e-10 0.000000e+00 0.000000e+00
4.047707e-10 0.000000e+00 0.000000e+00
3.903160e-10 0.000000e+00 0.000000e+00
3.509227e-10 0.000000e+00 0.000000e+00
-4.781911e-10 0.000000e+00 0.000000e+00
1.164725e-10 0.000000e+00 0.000000e+00
4.689178e-10 0.000000e+00 0.000000e+00
2.285513e-10 0.000000e+00 0.000000e+00
1.085496e-10 0.000000e+00 0.000000e+00
8.119680e-11 0.000000e+00 0.000000e+00
-7.168295e-10 0.000000e+00 0.000000e+00
1.856497e-10 0.000000e+00 0.000000e+00
4.789811e-10 0.000000e+00 0.000000e+00
-3.140331e-10 0.000000e+00 0.000000e+00
-4.942102e-10 0.000000e+00 0.000000e+00
-1.043064e-11 0.000000e+00 0.000000e+00
3.128799e-10 0.000000e+00 0.000000e+00
5.129367e-10 0.000000e+00 0.000000e+00
1.581864e-10 0.000000e+00 0.000000e+00
-5.931616e-10 0.000000e+00 0.000000e+00
-3.967721e-10 0.000000e+00 0.000000e+00
-1.142259e-10 0.000000e+00 0.000000e+00
-3.972912e-10 0.000000e+00 0.000000e+00
3.655592e-10 0.000000e+00 0.000000e+00
4.757048e-10 0.000000e+00 0.000000e+00
7.504350e-11 0.000000e+00 0.000000e+00
-4.326847e-10 0.000000e+00 0.000000e+00
3.471536e-10 0.000000e+00 0.000000e+00
-2.242177e-10 0.000000e+00 0.000000e+00
2.760342e-10 0.000000e+00 0.000000e+00
2.568282e-10 0.000000e+00 0.000000e+00
-4.004215e-10 0.000000e+00 0.000000e+00
-3.176854e-11 0.000000e+00 0.000000e+00
-9.968960e-11 0.000000e+00 0.000000e+00
-2.170850e-10 0.000000e+00 0.000000e+00
-1.230349e-10 0.000000e+00 0.000000e+00
4.629320e-10 0.000000e+00 0.000000e+00
3.976173e-10 0.000000e+00 0.000000e+00
-2.951372e-10 0.000000e+00 0.000000e+00
-1.048680e-10 0.000000e+00 0.000000e+00
8.715898e-11 0.000000e+00 0.000000e+00
-8.243685e-10 0.000000e+00 0.000000e+00
1.340923e-10 0.000000e+00 0.000000e+00
2.226390e-12 0.000000e+00 0.000000e+00
5.378310e-11 0.000000e+00 0.000000e+00
9.246251e-11 0.000000e+00 0.000000e+00
3.575261e-10 0.000000e+00 0.000000e+00
2.132298e-10 0.000000e+00 0.000000e+00
1.046601e-10 0.000000e+00 0.000000e+00
9.173122e-11 0.000000e+00 0.000000e+00
4.413619e-10 0.000000e+00 0.000000e+00
-5.290484e-10 0.000000e+00 0.000000e+00
1.832584e-10 0.000000e+00 0.000000e+00
9.396616e-11 0.000000e+00 0.000000e+00
-2.119085e-10 0.000000e+00 0.000000e+00
2.688119e-10 0.000000e+00 0.000000e+00
-3.612218e-10 0.000000e+00 0.000000e+00
-5.973735e-11 0.000000e+00 0.000000e+00
4.484335e-10 0.000000e+00 0.000000e+00
-1.067158e-10 0.000000e+00 0.000000e+00
1.951485e-10 0.000000e+00 0.000000e+00
3.133897e-10 0.000000e+00 0.000000e+00
5.002404e-10 0.000000e+00 0.000000e+00
-6.637685e-10 0.000000e+00 0.000000e+00
-3.601812e-10 0.000000e+00 0.000000e+00
6.849663e-11 0.000000e+00 0.000000e+00
4.583117e-10 0.000000e+00 0.000000e+00
2.275931e-10 0.000000e+00 0.000000e+00
1.287184e-10 0.000000e+00 0.000000e+00
2.037061e-10 0.000000e+00 0.000000e+00
-3.990446e-10 0.000000e+00 0.000000e+00
3.310970e-10 0.000000e+00 0.000000e+00
-6.065608e-10 0.000000e+00 0.000000e+00
1.828095e-10 0.000000e+00 0.000000e+00
-8.829399e-10 0.000000e+00 0.000000e+00
7.950376e-11 0.000000e+00 0.000000e+00
-6.012309e-10 0.000000e+00 0.000000e+00
2.086342e-10 0.000000e+00 0.000000e+00
-2.139544e-12 0.000000e+00 0.000000e+00
-3.900718e-10 0.000000e+00 0.000000e+00
4.570546e-10 0.000000e+00 0.000000e+00
-2.865561e-11 0.000000e+00 0.000000e+00
2.297119e-11 0.000000e+00 0.000000e+00
-2.598794e-10 0.000000e+00 0.000000e+00
3.790271e-10 0.000000e+00 0.000000e+00
-2.030190e-09 0.000000e+00 0.000000e+00
-2.811336e-10 0.000000e+00 0.000000e+00
-2.355404e-10 0.000000e+00 0.000000e+00
3.546723e-10 0.000000e+00 0.000000e+00
-1.852070e-10 0.000000e+00 0.000000e+00
6.028077e-10 0.000000e+00 0.000000e+00
1.499594e-10 0.000000e+00 0.000000e+00
4.596661e-10 0.000000e+00 0.000000e+00
-3.199171e-10 0.000000e+00 0.000000e+00
-4.672166e-10 0.000000e+00 0.000000e+00
8.888469e-11 0.000000e+00 0.000000e+00
1.847916e-10 0.000000e+00 0.000000e+00
3.241253e-10 0.000000e+00 0.000000e+00
-1.008942e-10 0.000000e+00 0.000000e+00
-2.067930e-10 0.000000e+00 0.000000e+00
-5.984737e-10 0.000000e+00 0.000000e+00
4.475223e-10 0.000000e+00 0.000000e+00
-6.875980e-11 0.000000e+00 0.000000e+00
3.838976e-10 0.000000e+00 0.000000e+00
-2.758908e-10 0.000000e+00 0.000000e+00
-3.628916e-10 0.000000e+00 0.000000e+00
-1.898839e-10 0.000000e+00 0.000000e+00
-6.790969e-10 0.000000e+00 0.000000e+00
5.914905e-10 0.000000e+00 0.000000e+00
2.202503e-10 0.000000e+00 0.000000e+00
-1.022903e-10 0.000000e+00 0.000000e+00
3.806236e-10 0.000000e+00 0.000000e+00
2.187524e-10 0.000000e+00 0.000000e+00
3.273053e-10 0.000000e+00 0.000000e+00
1.152681e-10 0.000000e+00 0.000000e+00
1.859466e-10 0.000000e+00 0.000000e+00
-4.350432e-10 0.000000e+00 0.000000e+00
-1.113580e-10 0.000000e+00 0.000000e+00
-2.602404e-11 0.000000e+00 0.000000e+00
-4.973989e-11 0.000000e+00 0.000000e+00
-8.828079e-11 0.000000e+00 0.000000e+00
2.599724e-10 0.000000e+00 0.000000e+00
-1.473163e-10 0.000000e+00 0.000000e+00
5.437804e-10 0.000000e+00 0.000000e+00
-2.909460e-10 0.000000e+00 0.000000e+00
1.165720e-10 0.000000e+00 0.000000e+00
2.315800e-10 0.000000e+00 0.000000e+00
-4.199799e-10 0.000000e+00 0.000000e+00
-5.875075e-10 0.000000e+00 0.000000e+00
5.975122e-10 0.000000e+00 0.000000e+00
6.199751e-10 0.000000e+00 0.000000e+00
3.554077e-11 0.000000e+00 0.000000e+00
-1.666449e-10 0.000000e+00 0.000000e+00
2.655275e-10 0.000000e+00 0.000000e+00
2.601002e-10 0.000000e+00 0.000000e+00
1.380921e-10 0.000000e+00 0.000000e+00
4.669131e-10 0.000000e+00 0.000000e+00
-3.273644e-10 0.000000e+00 0.000000e+00
1.574973e-10 0.000000e+00 0.000000e+00
-1.055774e-11 0.000000e+00 0.000000e+00
1.367569e-10 0.000000e+00 0.000000e+00
1.143022e-10 0.000000e+00 0.000000e+00
3.399965e-10 0.000000e+00 0.000000e+00
-5.902373e-10 0.000000e+00 0.000000e+00
-3.921504e-10 0.000000e+00 0.000000e+00
-8.145779e-11 0.000000e+00 0.000000e+00
1.741197e-10 0.000000e+00 0.000000e+00
2.225377e-10 0.000000e+00 0.000000e+00
-5.814215e-10 0.000000e+00 0.000000e+00
1.444285e-10 0.000000e+00 0.000000e+00
9.793436e-11 0.000000e+00 0.000000e+00
-1.484562e-11 0.000000e+00 0.000000e+00
-4.711844e-10 0.000000e+00 0.000000e+00
-3.076985e-10 0.000000e+00 0.000000e+00
2.197176e-10 0.000000e+00 0.000000e+00
-9.026153e-11 0.000000e+00 0.000000e+00
-8.448007e-11 0.000000e+00 0.000000e+00
-3.123555e-10 0.000000e+00 0.000000e+00
-6.718898e-11 0.000000e+00 0.000000e+00
-3.222956e-10 0.000000e+00 0.000000e+00
1.203413e-10 0.000000e+00 0.000000e+00
2.820542e-10 0.000000e+00 0.000000e+00
1.239260e-10 0.000000e+00 0.000000e+00
-5.239665e-11 0.000000e+00 0.000000e+00
5.289310e-10 0.000000e+00 0.000000e+00
1.034822e-10 0.000000e+00 0.000000e+00
-7.993531e-10 0.000000e+00 0.000000e+00
-1.187642e-10 0.000000e+00 0.000000e+00
-6.343789e-11 0.000000e+00 0.000000e+00
-1.018737e-10 0.000000e+00 0.000000e+00
-3.569255e-11 0.000000e+00 0.000000e+00
6.027528e-10 0.000000e+00 0.000000e+00
-9.963056e-11 0.000000e+00 0.000000e+00
5.444802e-10 0.000000e+00 0.000000e+00
1.210504e-10 0.000000e+00 0.000000e+00
-1.418656e-10 0.000000e+00 0.000000e+00
3.286825e-11 0.000000e+00 0.000000e+00
-6.408719e-11 0.000000e+00 0.000000e+00
-7.678959e-11 0.000000e+00 0.000000e+00
1.048864e-10 0.000000e+00 0.000000e+00
-1.066605e-10 0.000000e+00 0.000000e+00
-5.590111e-10 0.000000e+00 0.000000e+00
-8.212216e-10 0.000000e+00 0.000000e+00
-1.770952e-10 0.000000e+00 0.000000e+00
-2.732830e-10 0.000000e+00 0.000000e+00
3.321726e-10 0.000000e+00 0.000000e+00
2.388822e-10 0.000000e+00 0.000000e+00
2.306298e-10 0.000000e+00 0.000000e+00
4.409802e-10 0.000000e+00 0.000000e+00
1.394942e-10 0.000000e+00 0.000000e+00
2.962204e-10 0.000000e+00 0.000000e+00
1.855566e-10 0.000000e+00 0.000000e+00
-3.271831e-10 0.000000e+00 0.000000e+00
-1.426904e-10 0.000000e+00 0.000000e+00
2.569083e-10 0.000000e+00 0.000000e+00
1.298527e-10 0.000000e+00 0.000000e+00
2.917338e-10 0.000000e+00 0.000000e+00
-1.807764e-10 0.000000e+00 0.000000e+00
5.093547e-10 0.000000e+00 0.000000e+00
-4.811394e-11 0.000000e+00 0.000000e+00
-8.341987e-10 0.000000e+00 0.000000e+00
1.217189e-10 0.000000e+00 0.000000e+00
-6.457408e-10 0.000000e+00 0.000000e+00
-8.311485e-11 0.000000e+00 0.000000e+00
5.095456e-10 0.000000e+00 0.000000e+00
-1.258558e-10 0.000000e+00 0.000000e+00
-1.203174e-10 0.000000e+00 0.000000e+00
1.424629e-10 0.000000e+00 0.000000e+00
3.016103e-10 0.000000e+00 0.000000e+00
7.377026e-11 0.000000e+00 0.000000e+00
-1.404119e-10 0.000000e+00 0.000000e+00
4.573372e-10 0.000000e+00 0.000000e+00
2.848330e-10 0.000000e+00 0.000000e+00
-2.364067e-10 0.000000e+00 0.000000e+00
3.704094e-10 0.000000e+00 0.000000e+00
-7.381242e-11 0.000000e+00 0.000000e+00
1.207281e-10 0.000000e+00 0.000000e+00
5.315519e-11 0.000000e+00 0.000000e+00
5.329178e-10 0.000000e+00 0.000000e+00
-4.279528e-11 0.000000e+00 0.000000e+00
3.811166e-10 0.000000e+00 0.000000e+00
1.838170e-10 0.000000e+00 0.000000e+00
-8.399721e-10 0.000000e+00 0.000000e+00
1.355190e-11 0.000000e+00 0.000000e+00
-2.251219e-10 0.000000e+00 0.000000e+00
-3.430325e-10 0.000000e+00 0.000000e+00
6.320711e-10 0.000000e+00 0.000000e+00
1.142963e-10 0.000000e+00 0.000000e+00
1.891488e-10 0.000000e+00 0.000000e+00
-1.433398e-10 0.000000e+00 0.000000e+00
2.426153e-10 0.000000e+00 0.000000e+00
-3.413891e-10 0.000000e+00 0.000000e+00
5.057186e-10 0.000000e+00 0.000000e+00
-1.047291e-10 0.000000e+00 0.000000e+00
2.756986e-10 0.000000e+00 0.000000e+00
-5.835818e-10 0.000000e+00 0.000000e+00
8.965315e-11 0.000000e+00 0.000000e+00
2.318835e-10 0.000000e+00 0.000000e+00
6.000172e-10 0.000000e+00 0.000000e+00
-3.088837e-10 0.000000e+00 0.000000e+00
-8.571974e-10 0.000000e+00 0.000000e+00
-1.950363e-10 0.000000e+00 0.000000e+00
1.214071e-10 0.000000e+00 0.000000e+00
-8.770679e-11 0.000000e+00 0.000000e+00
4.947157e-10 0.000000e+00 0.000000e+00
-3.043479e-10 0.000000e+00 0.000000e+00
-3.788639e-10 0.000000e+00 0.000000e+00
1.975889e-10 0.000000e+00 0.000000e+00
1.748280e-10 0.000000e+00 0.000000e+00
9.758243e-11 0.000000e+00 0.000000e+00
-4.702291e-10 0.000000e+00 0.000000e+00
-2.284427e-11 0.000000e+00 0.000000e+00
1.831095e-11 0.000000e+00 0.000000e+00
1.517747e-10 0.000000e+00 0.000000e+00
-4.685761e-10 0.000000e+00 0.000000e+00
1.283197e-10 0.000000e+00 0.000000e+00
3.960986e-10 0.000000e+00 0.000000e+00
-2.553575e-10 0.000000e+00 0.000000e+00
-4.819227e-10 0.000000e+00 0.000000e+00
-1.273107e-11 0.000000e+00 0.000000e+00
3.262204e-11 0.000000e+00 0.000000e+00
2.691018e-10 0.000000e+00 0.000000e+00
-2.359801e-10 0.000000e+00 0.000000e+00
5.959544e-11 0.000000e+00 0.000000e+00
-3.270076e-10 0.000000e+00 0.000000e+00
1.968929e-10 0.000000e+00 0.000000e+00
-1.062977e-10 0.000000e+00 0.000000e+00
-8.114760e-12 0.000000e+00 0.000000e+00
-1.842636e-10 0.000000e+00 0.000000e+00
-1.018899e-10 0.000000e+00 0.000000e+00
-5.835798e-10 0.000000e+00 0.000000e+00
2.710325e-10 0.000000e+00 0.000000e+00
-5.384954e-10 0.000000e+00 0.000000e+00
-1.024085e-10 0.000000e+00 0.000000e+00
-9.553272e-10 0.000000e+00 0.000000e+00
3.891708e-10 0.000000e+00 0.000000e+00
3.385615e-11 0.000000e+00 0.000000e+00
-4.459820e-10 0.000000e+00 0.000000e+00
-1.354742e-10 0.000000e+00 0.000000e+00
1.214769e-11 0.000000e+00 0.000000e+00
-6.782922e-10 0.000000e+00 0.000000e+00
1.507624e-10 0.000000e+00 0.000000e+00
-7.883978e-11 0.000000e+00 0.000000e+00
-3.312197e-10 0.000000e+00 0.000000e+00
-3.843064e-11 0.000000e+00 0.000000e+00
-1.500737e-10 0.000000e+00 0.000000e+00
-5.909161e-10 0.000000e+00 0.000000e+00
-1.435539e-10 0.000000e+00 0.000000e+00
-1.436009e-10 0.000000e+00 0.000000e+00
-3.559822e-10 0.000000e+00 0.000000e+00
1.932870e-10 0.000000e+00 0.000000e+00
-2.012348e-10 0.000000e+00 0.000000e+00
5.498049e-11 0.000000e+00 0.000000e+00
-2.210737e-10 0.000000e+00 0.000000e+00
-9.242855e-11 0.000000e+00 0.000000e+00
5.056446e-10 0.000000e+00 0.000000e+00
4.206506e-10 0.000000e+00 0.000000e+00
-3.484648e-10 0.000000e+00 0.000000e+00
-1.703027e-10 0.000000e+00 0.000000e+00
4.647810e-10 0.000000e+00 0.000000e+00
2.398956e-10 0.000000e+00 0.000000e+00
-1.130182e-10 0.000000e+00 0.000000e+00
-8.013083e-11 0.000000e+00 0.000000e+00
-3.105804e-10 0.000000e+00 0.000000e+00
1.478751e-10 0.000000e+00 0.000000e+00
-4.373843e-10 0.000000e+00 0.000000e+00
3.558934e-10 0.000000e+00 0.000000e+00
2.152377e-10 0.000000e+00 0.000000e+00
-3.476382e-10 0.000000e+00 0.000000e+00
-6.419880e-10 0.000000e+00 0.000000e+00
4.636769e-10 0.000000e+00 0.000000e+00
-6.888997e-12 0.000000e+00 0.000000e+00
-1.757888e-11 0.000000e+00 0.000000e+00
3.835759e-10 0.000000e+00 0.000000e+00
1.702941e-10 0.000000e+00 0.000000e+00
1.733622e-10 0.000000e+00 0.000000e+00
-1.508660e-10 0.000000e+00 0.000000e+00
-7.167295e-10 0.000000e+00 0.000000e+00
3.334753e-10 0.000000e+00 0.000000e+00
1.786408e-10 0.000000e+00 0.000000e+00
-1.260816e-10 0.000000e+00 0.000000e+00
-6.024998e-10 0.000000e+00 0.000000e+00
3.151994e-10 0.000000e+00 0.000000e+00
2.723308e-10 0.000000e+00 0.000000e+00
-3.050218e-10 0.000000e+00 0.000000e+00
2.694518e-10 0.000000e+00 0.000000e+00
3.433388e-10 0.000000e+00 0.000000e+00
4.025178e-10 0.000000e+00 0.000000e+00
-6.720145e-10 0.000000e+00 0.000000e+00
9.730723e-11 0.000000e+00 0.000000e+00
3.073800e-10 0.000000e+00 0.000000e+00
7.968081e-11 0.000000e+00 0.000000e+00
-6.244063e-10 0.000000e+00 0.000000e+00
5.082282e-10 0.000000e+00 0.000000e+00
3.477839e-10 0.000000e+00 0.000000e+00
-1.173556e-10 0.000000e+00 0.000000e+00
3.543339e-10 0.000000e+00 0.000000e+00
-1.764293e-10 0.000000e+00 0.000000e+00
3.742440e-10 0.000000e+00 0.000000e+00
8.089679e-11 0.000000e+00 0.000000e+00
-3.085013e-12 0.000000e+00 0.000000e+00
-3.885765e-10 0.000000e+00 0.000000e+00
-6.123673e-11 0.000000e+00 0.000000e+00
-8.817569e-11 0.000000e+00 0.000000e+00
1.930721e-10 0.000000e+00 0.000000e+00
4.679205e-10 0.000000e+00 0.000000e+00
-6.936600e-10 0.000000e+00 0.000000e+00
4.990492e-11 0.000000e+00 0.000000e+00
2.780912e-10 0.000000e+00 0.000000e+00
3.279831e-10 0.000000e+00 0.000000e+00
-1.562514e-10 0.000000e+00 0.000000e+00
1.220978e-10 0.000000e+00 0.000000e+00
-6.343814e-11 0.000000e+00 0.000000e+00
1.443998e-10 0.000000e+00 0.000000e+00
1.911119e-10 0.000000e+00 0.000000e+00
6.145847e-11 0.000000e+00 0.000000e+00
-1.987507e-10 0.000000e+00 0.000000e+00
8.151953e-11 0.000000e+00 0.000000e+00
7.476834e-11 0.000000e+00 0.000000e+00
-1.464023e-10 0.000000e+00 0.000000e+00
-2.770403e-10 0.000000e+00 0.000000e+00
2.916422e-10 0.000000e+00 0.000000e+00
2.573805e-13 0.000000e+00 0.000000e+00
2.342129e-10 0.000000e+00 0.000000e+00
-7.927192e-10 0.000000e+00 0.000000e+00
1.941217e-10 0.000000e+00 0.000000e+00
1.147144e-10 0.000000e+00 0.000000e+00
-1.843637e-10 0.000000e+00 0.000000e+00
-4.355306e-10 0.000000e+00 0.000000e+00
-3.593663e-10 0.000000e+00 0.000000e+00
-1.311049e-10 0.000000e+00 0.000000e+00
-4.419405e-10 0.000000e+00 0.000000e+00
-1.556840e-10 0.000000e+00 0.000000e+00
-5.750933e-10 0.000000e+00 0.000000e+00
-1.182280e-10 0.000000e+00 0.000000e+00
-6.020699e-10 0.000000e+00 0.000000e+00
-8.861941e-10 0.000000e+00 0.000000e+00
-6.972257e-12 0.000000e+00 0.000000e+00
-2.140137e-10 0.000000e+00 0.000000e+00
8.544341e-12 0.000000e+00 0.000000e+00
-1.715660e-11 0.000000e+00 0.000000e+00
1.224911e-10 0.000000e+00 0.000000e+00
1.286092e-10 0.000000e+00 0.000000e+00
1.034159e-10 0.000000e+00 0.000000e+00
-3.301401e-11 0.000000e+00 0.000000e+00
-2.792806e-10 0.000000e+00 0.000000e+00
-4.921637e-11 0.000000e+00 0.000000e+00
-2.487703e-10 0.000000e+00 0.000000e+00
1.221705e-11 0.000000e+00 0.000000e+00
1.180288e-10 0.000000e+00 0.000000e+00
1.065120e-10 0.000000e+00 0.000000e+00
-1.016937e-10 0.000000e+00 0.000000e+00
-2.159136e-11 0.000000e+00 0.000000e+00
-1.899949e-11 0.000000e+00 0.000000e+00
1.007050e-10 0.000000e+00 0.000000e+00
-7.544559e-10 0.000000e+00 0.000000e+00
-3.045975e-10 0.000000e+00 0.000000e+00
-9.169051e-11 0.000000e+00 0.000000e+00
-8.874557e-11 0.000000e+00 0.000000e+00
-1.511079e-10 0.000000e+00 0.000000e+00
2.292008e-11 0.000000e+00 0.000000e+00
-4.527935e-11 0.000000e+00 0.000000e+00
-2.616578e-10 0.000000e+00 0.000000e+00
-8.230053e-11 0.000000e+00 0.000000e+00
3.007376e-11 0.000000e+00 0.000000e+00
3.993818e-11 0.000000e+00 0.000000e+00
-7.301618e-11 0.000000e+00 0.000000e+00
1.253665e-10 0.000000e+00 0.000000e+00
-1.074877e-09 0.000000e+00 0.000000e+00
-4.846531e-10 0.000000e+00 0.000000e+00
-1.491045e-10 0.000000e+00 0.000000e+00
-3.191036e-10 0.000000e+00 0.000000e+00
-6.445745e-11 0.000000e+00 0.000000e+00
-2.571655e-10 0.000000e+00 0.000000e+00
-3.501765e-10 0.000000e+00 0.000000e+00
-3.153540e-11 0.000000e+00 0.000000e+00
6.658131e-11 0.000000e+00 0.000000e+00
1.432702e-10 0.000000e+00 0.000000e+00
-1.983664e-10 0.000000e+00 0.000000e+00
-4.694550e-11 0.000000e+00 0.000000e+00
-2.688843e-11 0.000000e+00 0.000000e+00
-1.710068e-11 0.000000e+00 0.000000e+00
5.113790e-11 0.000000e+00 0.000000e+00
-1.469688e-10 0.000000e+00 0.000000e+00
6.813759e-12 0.000000e+00 0.000000e+00
-4.741631e-11 0.000000e+00 0.000000e+00
-9.226862e-10 0.000000e+00 0.000000e+00
-3.814787e-10 0.000000e+00 0.000000e+00
-4.311683e-10 0.000000e+00 0.000000e+00
-2.216066e-10 0.000000e+00 0.000000e+00
3.063240e-11 0.000000e+00 0.000000e+00
-4.295933e-10 0.000000e+00 0.000000e+00
1.213013e-10 0.000000e+00 0.000000e+00
9.538233e-11 0.000000e+00 0.000000e+00
-1.075750e-10 0.000000e+00 0.000000e+00
-7.993283e-11 0.000000e+00 0.000000e+00
1.055362e-10 0.000000e+00 0.000000e+00
5.783647e-11 0.000000e+00 0.000000e+00
7.994431e-11 0.000000e+00 0.000000e+00
-4.124618e-10 0.000000e+00 0.000000e+00
-2.226293e-10 0.000000e+00 0.000000e+00
2.031701e-11 0.000000e+00 0.000000e+00
-3.369317e-10 0.000000e+00 0.000000e+00
-2.125877e-10 0.000000e+00 0.000000e+00
6.671149e-11 0.000000e+00 0.000000e+00
-1.833829e-10 0.000000e+00 0.000000e+00
7.181272e-11 0.000000e+00 0.000000e+00
-9.597356e-11 0.000000e+00 0.000000e+00
-4.280551e-10 0.000000e+00 0.000000e+00
-5.573466e-10 0.000000e+00 0.000000e+00
-5.445226e-10 0.000000e+00 0.000000e+00
-2.158493e-10 0.000000e+00 0.000000e+00
-1.365423e-09 0.000000e+00 0.000000e+00
-2.632820e-10 0.000000e+00 0.000000e+00
-5.371082e-10 0.000000e+00 0.000000e+00
-7.915630e-10 0.000000e+00 0.000000e+00
-3.692327e-11 0.000000e+00 0.000000e+00
1.533538e-10 0.000000e+00 0.000000e+00
-3.214272e-10 0.000000e+00 0.000000e+00
-3.071706e-11 0.000000e+00 0.000000e+00
4.114749e-11 0.000000e+00 0.000000e+00
-9.703886e-10 0.000000e+00 0.000000e+00
-3.509713e-10 0.000000e+00 0.000000e+00
8.323604e-11 0.000000e+00 0.000000e+00
-4.765636e-10 0.000000e+00 0.000000e+00
1.084491e-11 0.000000e+00 0.000000e+00
3.776928e-11 0.000000e+00 0.000000e+00
1.262673e-10 0.000000e+00 0.000000e+00
-4.177998e-12 0.000000e+00 0.000000e+00
-2.573655e-10 0.000000e+00 0.000000e+00
-4.353192e-11 0.000000e+00 0.000000e+00
6.503144e-11 0.000000e+00 0.000000e+00
8.506526e-11 0.000000e+00 0.000000e+00
-4.497061e-11 0.000000e+00 0.000000e+00
-4.762259e-10 0.000000e+00 0.000000e+00
-4.522232e-10 0.000000e+00 0.000000e+00
-2.893319e-10 0.000000e+00 0.000000e+00
-9.163181e-11 0.000000e+00 0.000000e+00
-4.933179e-10 0.000000e+00 0.000000e+00
-4.799411e-11 0.000000e+00 0.000000e+00
-5.643638e-10 0.000000e+00 0.000000e+00
-2.662654e-10 0.000000e+00 0.000000e+00
-1.942996e-12 0.000000e+00 0.000000e+00
-1.564435e-11 0.000000e+00 0.000000e+00
-1.333454e-10 0.000000e+00 0.000000e+00
-9.898537e-11 0.000000e+00 0.000000e+00
-2.563240e-10 0.000000e+00 0.000000e+00
-1.270110e-11 0.000000e+00 0.000000e+00
-4.810932e-10 0.000000e+00 0.000000e+00
-3.276570e-10 0.000000e+00 0.000000e+00
-1.770291e-10 0.000000e+00 0.000000e+00
-1.906133e-10 0.000000e+00 0.000000e+00
-4.997960e-10 0.000000e+00 0.000000e+00
-9.384712e-11 0.000000e+00 0.000000e+00
8.597854e-11 0.000000e+00 0.000000e+00
-2.481350e-10 0.000000e+00 0.000000e+00
-1.688345e-10 0.000000e+00 0.000000e+00
-8.219598e-12 0.000000e+00 0.000000e+00
-3.139327e-10 0.000000e+00 0.000000e+00
-5.098386e-10 0.000000e+00 0.000000e+00
-8.827205e-10 0.000000e+00 0.000000e+00
5.010028e-11 0.000000e+00 0.000000e+00
-1.171219e-10 0.000000e+00 0.000000e+00
-2.160095e-10 0.000000e+00 0.000000e+00
-8.520775e-10 0.000000e+00 0.000000e+00
-3.333659e-10 0.000000e+00 0.000000e+00
-8.574809e-10 0.000000e+00 0.000000e+00
-5.610987e-10 0.000000e+00 0.000000e+00
1.067565e-11 0.000000e+00 0.000000e+00
-1.834188e-10 0.000000e+00 0.000000e+00
-2.436973e-10 0.000000e+00 0.000000e+00
-4.560082e-10 0.000000e+00 0.000000e+00
-3.342416e-10 0.000000e+00 0.000000e+00
-8.506492e-11 0.000000e+00 0.000000e+00
-1.118691e-10 0.000000e+00 0.000000e+00
-3.183782e-10 0.000000e+00 0.000000e+00
5.003904e-11 0.000000e+00 0.000000e+00
-1.003808e-10 0.000000e+00 0.000000e+00
-4.650595e-10 0.000000e+00 0.000000e+00
-5.551683e-10 0.000000e+00 0.000000e+00
-3.331657e-10 0.000000e+00 0.000000e+00
-1.460078e-10 0.000000e+00 0.000000e+00
-6.879054e-10 0.000000e+00 0.000000e+00
-2.044109e-10 0.000000e+00 0.000000e+00
-3.689348e-10 0.000000e+00 0.000000e+00
6.176712e-11 0.000000e+00 0.000000e+00
-9.331778e-10 0.000000e+00 0.000000e+00
-4.403721e-10 0.000000e+00 0.000000e+00
-3.404604e-10 0.000000e+00 0.000000e+00
-1.278686e-10 0.000000e+00 0.000000e+00
-1.584722e-10 0.000000e+00 0.000000e+00
6.222486e-11 0.000000e+00 0.000000e+00
-1.999065e-10 0.000000e+00 0.000000e+00
-5.460047e-10 0.000000e+00 0.000000e+00
-4.051049e-10 0.000000e+00 0.000000e+00
1.285884e-10 0.000000e+00 0.000000e+00
4.905647e-11 0.000000e+00 0.000000e+00
-4.019642e-11 0.000000e+00 0.000000e+00
-1.093762e-10 0.000000e+00 0.000000e+00
-3.191624e-10 0.000000e+00 0.000000e+00
-3.884887e-11 0.000000e+00 0.000000e+00
1.101738e-10 0.000000e+00 0.000000e+00
-2.323324e-10 0.000000e+00 0.000000e+00
7.145299e-11 0.000000e+00 0.000000e+00
-8.258337e-11 0.000000e+00 0.000000e+00
1.114385e-11 0.000000e+00 0.000000e+00
1.385740e-10 0.000000e+00 0.000000e+00
-6.662371e-11 0.000000e+00 0.000000e+00
-1.905771e-10 0.000000e+00 0.000000e+00
-2.624554e-12 0.000000e+00 0.000000e+00
6.813233e-11 0.000000e+00 0.000000e+00
-6.160375e-10 0.000000e+00 0.000000e+00
-2.007824e-10 0.000000e+00 0.000000e+00
6.211496e-11 0.000000e+00 0.000000e+00
-3.945641e-10 0.000000e+00 0.000000e+00
-2.910705e-10 0.000000e+00 0.000000e+00
3.341586e-11 0.000000e+00 0.000000e+00
1.124990e-10 0.000000e+00 0.000000e+00
3.269680e-11 0.000000e+00 0.000000e+00
-1.363278e-10 0.000000e+00 0.000000e+00
7.679975e-11 0.000000e+00 0.000000e+00
-2.798445e-10 0.000000e+00 0.000000e+00
1.308044e-10 0.000000e+00 0.000000e+00
-1.204514e-11 0.000000e+00 0.000000e+00
-2.318440e-10 0.000000e+00 0.000000e+00
-2.257377e-10 0.000000e+00 0.000000e+00
-5.799757e-11 0.000000e+00 0.000000e+00
-4.841611e-10 0.000000e+00 0.000000e+00
1.159624e-10 0.000000e+00 0.000000e+00
-2.844146e-10 0.000000e+00 0.000000e+00
7.759843e-11 0.000000e+00 0.000000e+00
-1.739992e-10 0.000000e+00 0.000000e+00
-1.920144e-10 0.000000e+00 0.000000e+00
-2.501373e-10 0.000000e+00 0.000000e+00
-1.089177e-10 0.000000e+00 0.000000e+00
-1.027085e-10 0.000000e+00 0.000000e+00
-4.587780e-10 0.000000e+00 0.000000e+00
-2.302448e-10 0.000000e+00 0.000000e+00
-7.790365e-10 0.000000e+00 0.000000e+00
-2.123045e-10 0.000000e+00 0.000000e+00
1.107090e-10 0.000000e+00 0.000000e+00
-2.769910e-11 0.000000e+00 0.000000e+00
-3.909967e-10 0.000000e+00 0.000000e+00
1.028575e-10 0.000000e+00 0.000000e+00
7.329626e-11 0.000000e+00 0.000000e+00
-5.664474e-11 0.000000e+00 0.000000e+00
-2.438999e-10 0.000000e+00 0.000000e+00
-1.763791e-10 0.000000e+00 0.000000e+00
-2.833569e-11 0.000000e+00 0.000000e+00
-8.299469e-11 0.000000e+00 0.000000e+00
-1.136634e-11 0.000000e+00 0.000000e+00
-6.907621e-10 0.000000e+00 0.000000e+00
-2.668636e-10 0.000000e+00 0.000000e+00
6.935623e-12 0.000000e+00 0.000000e+00
-1.171616e-10 0.000000e+00 0.000000e+00
-4.310159e-10 0.000000e+00 0.000000e+00
-1.246225e-09 0.000000e+00 0.000000e+00
1.265391e-10 0.000000e+00 0.000000e+00
-1.661969e-10 0.000000e+00 0.000000e+00
-6.308399e-11 0.000000e+00 0.000000e+00
4.035550e-11 0.000000e+00 0.000000e+00
-3.885828e-10 0.000000e+00 0.000000e+00
-1.604227e-10 0.000000e+00 0.000000e+00
-6.835582e-10 0.000000e+00 0.000000e+00
-1.926927e-11 0.000000e+00 0.000000e+00
-5.163036e-11 0.000000e+00 0.000000e+00
2.629572e-11 0.000000e+00 0.000000e+00
3.234327e-13 0.000000e+00 0.000000e+00
-2.623097e-10 0.000000e+00 0.000000e+00
2.982887e-11 0.000000e+00 0.000000e+00
-1.936773e-13 0.000000e+00 0.000000e+00
-2.955289e-10 0.000000e+00 0.000000e+00
-8.838433e-11 0.000000e+00 0.000000e+00
-2.712808e-10 0.000000e+00 0.000000e+00
-1.560424e-11 0.000000e+00 0.000000e+00
-3.558222e-10 0.000000e+00 0.000000e+00
-3.610729e-10 0.000000e+00 0.000000e+00
-1.388024e-10 0.000000e+00 0.000000e+00
-6.910739e-11 0.000000e+00 0.000000e+00
-7.870644e-12 0.000000e+00 0.000000e+00
1.109316e-11 0.000000e+00 0.000000e+00
-5.161008e-10 0.000000e+00 0.000000e+00
-4.018988e-10 0.000000e+00 0.000000e+00
-9.823436e-11 0.000000e+00 0.000000e+00
-2.152659e-10 0.000000e+00 0.000000e+00
1.080211e-10 0.000000e+00 0.000000e+00
-2.376935e-10 0.000000e+00 0.000000e+00
-1.438037e-10 0.000000e+00 0.000000e+00
-7.491864e-10 0.000000e+00 0.000000e+00
-3.352798e-10 0.000000e+00 0.000000e+00
-2.335188e-10 0.000000e+00 0.000000e+00
-2.657000e-11 0.000000e+00 0.000000e+00
-5.833163e-10 0.000000e+00 0.000000e+00
-1.157393e-09 0.000000e+00 0.000000e+00
-3.143074e-10 0.000000e+00 0.000000e+00
-2.430569e-10 0.000000e+00 0.000000e+00
1.473312e-10 0.000000e+00 0.000000e+00
-2.176804e-11 0.000000e+00 0.000000e+00
2.454069e-11 0.000000e+00 0.000000e+00
-5.111616e-10 0.000000e+00 0.000000e+00
-3.791223e-11 0.000000e+00 0.000000e+00
-2.741958e-10 0.000000e+00 0.000000e+00
-5.490893e-10 0.000000e+00 0.000000e+00
3.764759e-11 0.000000e+00 0.000000e+00
1.430162e-10 0.000000e+00 0.000000e+00
-1.132467e-11 0.000000e+00 0.000000e+00
1.240909e-11 0.000000e+00 0.000000e+00
-3.053402e-10 0.000000e+00 0.000000e+00
-5.387869e-10 0.000000e+00 0.000000e+00
1.044778e-10 0.000000e+00 0.000000e+00
-9.280771e-10 0.000000e+00 0.000000e+00
-2.973904e-11 0.000000e+00 0.000000e+00
-5.691425e-11 0.000000e+00 0.000000e+00
8.772186e-11 0.000000e+00 0.000000e+00
-1.857235e-10 0.000000e+00 0.000000e+00
-7.372894e-10 0.000000e+00 0.000000e+00
8.030669e-11 0.000000e+00 0.000000e+00
6.942471e-11 0.000000e+00 0.000000e+00
-2.919964e-11 0.000000e+00 0.000000e+00
-2.761472e-10 0.000000e+00 0.000000e+00
-4.880938e-10 0.000000e+00 0.000000e+00
9.764748e-11 0.000000e+00 0.000000e+00
-1.110909e-09 0.000000e+00 0.000000e+00
1.402285e-10 0.000000e+00 0.000000e+00
-1.041842e-10 0.000000e+00 0.000000e+00
-1.720762e-10 0.000000e+00 0.000000e+00
-1.065398e-10 0.000000e+00 0.000000e+00
1.396737e-11 0.000000e+00 0.000000e+00
9.888301e-11 0.000000e+00 0.000000e+00
-6.363413e-10 0.000000e+00 0.000000e+00
-6.264366e-10 0.000000e+00 0.000000e+00
-7.521252e-10 0.000000e+00 0.000000e+00
-2.370975e-10 0.000000e+00 0.000000e+00
8.347858e-11 0.000000e+00 0.000000e+00
1.297854e-10 0.000000e+00 0.000000e+00
-1.379262e-10 0.000000e+00 0.000000e+00
6.677521e-13 0.000000e+00 0.000000e+00
-4.105699e-10 0.000000e+00 0.000000e+00
-4.137041e-10 0.000000e+00 0.000000e+00
-1.787856e-10 0.000000e+00 0.000000e+00
6.593629e-11 0.000000e+00 0.000000e+00
-4.448207e-14 0.000000e+00 0.000000e+00
1.497636e-10 0.000000e+00 0.000000e+00
-4.945645e-11 0.000000e+00 0.000000e+00
-3.040547e-10 0.000000e+00 0.000000e+00
-8.380833e-12 0.000000e+00 0.000000e+00
1.283178e-10 0.000000e+00 0.000000e+00
5.845965e-11 0.000000e+00 0.000000e+00
-4.853097e-10 0.000000e+00 0.000000e+00
-3.099474e-10 0.000000e+00 0.000000e+00
-7.402057e-10 0.000000e+00 0.000000e+00
-1.776926e-10 0.000000e+00 0.000000e+00
-1.848784e-10 0.000000e+00 0.000000e+00
4.713549e-11 0.000000e+00 0.000000e+00
1.422463e-10 0.000000e+00 0.000000e+00
-8.254098e-10 0.000000e+00 0.000000e+00
-1.481181e-11 0.000000e+00 0.000000e+00
-4.294684e-10 0.000000e+00 0.000000e+00
-2.248217e-10 0.000000e+00 0.000000e+00
6.443544e-11 0.000000e+00 0.000000e+00
-5.237237e-10 0.000000e+00 0.000000e+00
-1.899310e-10 0.000000e+00 0.000000e+00
-9.888543e-10 0.000000e+00 0.000000e+00
-9.215722e-11 0.000000e+00 0.000000e+00
-5.176248e-10 0.000000e+00 0.000000e+00
-1.003757e-10 0.000000e+00 0.000000e+00
6.182985e-11 0.000000e+00 0.000000e+00
-2.263913e-10 0.000000e+00 0.000000e+00
-1.609572e-10 0.000000e+00 0.000000e+00
-5.899114e-11 0.000000e+00 0.000000e+00
-1.573696e-11 0.000000e+00 0.000000e+00
-8.879208e-11 0.000000e+00 0.000000e+00
-5.865549e-10 0.000000e+00 0.000000e+00
-4.927901e-11 0.000000e+00 0.000000e+00
-2.150209e-10 0.000000e+00 0.000000e+00
-1.128324e-09 0.000000e+00 0.000000e+00
1.380189e-10 0.000000e+00 0.000000e+00
1.567227e-10 0.000000e+00 0.000000e+00
-7.137348e-10 0.000000e+00 0.000000e+00
-1.299473e-10 0.000000e+00 0.000000e+00
-6.873624e-11 0.000000e+00 0.000000e+00
7.682115e-11 0.000000e+00 0.000000e+00
1.127858e-10 0.000000e+00 0.000000e+00
-3.495823e-10 0.000000e+00 0.000000e+00
-2.895752e-10 0.000000e+00 0.000000e+00
-8.152879e-11 0.000000e+00 0.000000e+00
1.564592e-10 0.000000e+00 0.000000e+00
1.539399e-11 0.000000e+00 0.000000e+00
-5.234304e-10 0.000000e+00 0.000000e+00
7.133524e-11 0.000000e+00 0.000000e+00
-1.953766e-10 0.000000e+00 0.000000e+00
1.344070e-10 0.000000e+00 0.000000e+00
-1.728420e-10 0.000000e+00 0.000000e+00
-7.565499e-10 0.000000e+00 0.000000e+00
5.682863e-11 0.000000e+00 0.000000e+00
-3.067949e-10 0.000000e+00 0.000000e+00
-2.480151e-10 0.000000e+00 0.000000e+00
-2.090637e-10 0.000000e+00 0.000000e+00
-3.692485e-10 0.000000e+00 0.000000e+00
-3.286831e-10 0.000000e+00 0.000000e+00
-2.238212e-11 0.000000e+00 0.000000e+00
-1.288408e-10 0.000000e+00 0.000000e+00
-3.749108e-10 0.000000e+00 0.000000e+00
-6.694263e-11 0.000000e+00 0.000000e+00
-2.207604e-10 0.000000e+00 0.000000e+00
