step K U E temp
0 4.569367e-21 -3.971079e-20 -3.514142e-20 6.619158e+02
1000 1.292662e-21 -4.080788e-20 -3.951522e-20 1.872543e+02
2000 5.374131e-24 -3.910626e-20 -3.910088e-20 7.784934e-01
3000 9.820882e-21 -3.587075e-20 -2.604987e-20 1.422647e+03
4000 9.885215e-22 -3.997705e-20 -3.898853e-20 1.431966e+02
5000 2.514395e-23 -4.005660e-20 -4.003145e-20 3.642337e+00
6000 9.519348e-22 -4.054844e-20 -3.959651e-20 1.378967e+02
7000 1.642053e-21 -4.061380e-20 -3.897174e-20 2.378669e+02
8000 4.483115e-22 -4.061237e-20 -4.016406e-20 6.494213e+01
9000 1.888531e-23 -3.589628e-20 -3.587739e-20 2.735715e+00
10000 3.264055e-21 -3.719859e-20 -3.393453e-20 4.728291e+02
11000 8.313607e-21 -3.798830e-20 -2.967469e-20 1.204304e+03
12000 6.316621e-22 -3.883428e-20 -3.820262e-20 9.150219e+01
13000 7.849006e-22 -4.103066e-20 -4.024576e-20 1.137002e+02
14000 6.216841e-21 -4.088697e-20 -3.467013e-20 9.005679e+02
15000 1.007943e-22 -4.076139e-20 -4.066059e-20 1.460100e+01
16000 3.838369e-22 -4.109996e-20 -4.071613e-20 5.560238e+01
17000 2.009600e-21 -3.931666e-20 -3.730706e-20 2.911095e+02
18000 3.964409e-21 -3.354129e-20 -2.957688e-20 5.742820e+02
19000 2.547266e-22 -3.869780e-20 -3.844307e-20 3.689954e+01
20000 6.310839e-22 -2.581909e-20 -2.518800e-20 9.141844e+01
21000 2.517147e-22 -3.682399e-20 -3.657228e-20 3.646324e+01
22000 8.545448e-22 -4.096415e-20 -4.010961e-20 1.237888e+02
23000 1.198190e-23 -4.099627e-20 -4.098429e-20 1.735691e+00
24000 1.732484e-22 -4.075097e-20 -4.057772e-20 2.509666e+01
25000 6.922686e-22 -4.106774e-20 -4.037547e-20 1.002816e+02
26000 1.117344e-20 -4.063506e-20 -2.946162e-20 1.618577e+03
27000 4.620165e-21 -3.658566e-20 -3.196550e-20 6.692744e+02
28000 4.385976e-21 -3.982269e-20 -3.543671e-20 6.353499e+02
29000 1.220788e-21 -4.108502e-20 -3.986423e-20 1.768426e+02
30000 3.485885e-23 -3.859454e-20 -3.855968e-20 5.049632e+00
31000 3.106606e-21 -3.975191e-20 -3.664531e-20 4.500211e+02
32000 1.568910e-21 -4.005826e-20 -3.848935e-20 2.272714e+02
33000 1.628125e-25 -4.089145e-20 -4.089129e-20 2.358492e-02
34000 4.338681e-22 -4.068722e-20 -4.025335e-20 6.284987e+01
35000 3.694577e-21 -4.079065e-20 -3.709608e-20 5.351943e+02
36000 9.751786e-22 -3.613860e-20 -3.516342e-20 1.412638e+02
37000 4.618045e-22 -4.109033e-20 -4.062852e-20 6.689673e+01
38000 3.979889e-21 -3.343990e-20 -2.946001e-20 5.765244e+02
39000 3.293448e-21 -4.018809e-20 -3.689464e-20 4.770869e+02
40000 4.620011e-21 -3.992850e-20 -3.530849e-20 6.692521e+02
41000 3.151844e-23 -4.092011e-20 -4.088859e-20 4.565743e+00
42000 8.083945e-21 -4.100224e-20 -3.291829e-20 1.171036e+03
43000 2.861862e-22 -3.889591e-20 -3.860972e-20 4.145677e+01
44000 9.367243e-22 -4.043756e-20 -3.950083e-20 1.356933e+02
45000 2.143946e-21 -3.910291e-20 -3.695897e-20 3.105708e+02
46000 1.658537e-21 -4.062200e-20 -3.896346e-20 2.402547e+02
47000 4.094201e-21 -4.082793e-20 -3.673373e-20 5.930835e+02
48000 3.852581e-21 -3.867839e-20 -3.482581e-20 5.580826e+02
49000 4.819254e-22 -4.106875e-20 -4.058683e-20 6.981143e+01
50000 3.046890e-21 -3.566764e-20 -3.262075e-20 4.413707e+02
51000 5.485324e-23 -4.043511e-20 -4.038025e-20 7.946008e+00
52000 2.737320e-22 -4.107877e-20 -4.080504e-20 3.965266e+01
53000 2.719741e-22 -3.934084e-20 -3.906887e-20 3.939801e+01
54000 7.515364e-24 -4.108645e-20 -4.107894e-20 1.088671e+00
55000 2.397312e-21 -2.995637e-20 -2.755906e-20 3.472732e+02
56000 4.734664e-22 -4.093668e-20 -4.046322e-20 6.858606e+01
57000 7.346155e-21 -4.108693e-20 -3.374078e-20 1.064160e+03
58000 4.921205e-21 -3.683191e-20 -3.191070e-20 7.128829e+02
59000 3.152668e-21 -4.026431e-20 -3.711164e-20 4.566936e+02
60000 1.344267e-20 -3.539675e-20 -2.195408e-20 1.947297e+03
61000 1.879524e-21 -3.823194e-20 -3.635242e-20 2.722668e+02
62000 7.509279e-24 -4.102725e-20 -4.101974e-20 1.087790e+00
63000 6.072364e-21 -4.080983e-20 -3.473746e-20 8.796390e+02
64000 1.478822e-22 -4.105827e-20 -4.091039e-20 2.142213e+01
65000 4.245244e-22 -3.964836e-20 -3.922383e-20 6.149636e+01
66000 1.164056e-21 -4.082395e-20 -3.965989e-20 1.686244e+02
67000 8.508958e-22 -3.983287e-20 -3.898198e-20 1.232603e+02
68000 2.724045e-21 -3.189830e-20 -2.917426e-20 3.946035e+02
69000 8.035673e-22 -3.664490e-20 -3.584134e-20 1.164043e+02
70000 5.334632e-22 -4.090614e-20 -4.037268e-20 7.727717e+01
71000 2.455500e-21 -3.975288e-20 -3.729738e-20 3.557023e+02
72000 2.211257e-21 -4.040432e-20 -3.819306e-20 3.203214e+02
73000 8.005742e-22 -3.915639e-20 -3.835582e-20 1.159707e+02
74000 2.146853e-22 -3.712201e-20 -3.690732e-20 3.109919e+01
75000 2.032012e-21 -3.971559e-20 -3.768358e-20 2.943561e+02
76000 3.633007e-22 -4.107779e-20 -4.071449e-20 5.262753e+01
77000 5.935150e-22 -4.068803e-20 -4.009452e-20 8.597624e+01
78000 2.557308e-21 -4.101619e-20 -3.845888e-20 3.704502e+02
79000 9.004464e-23 -4.109544e-20 -4.100540e-20 1.304381e+01
80000 1.156924e-23 -4.107637e-20 -4.106480e-20 1.675913e+00
81000 1.272732e-22 -3.719511e-20 -3.706784e-20 1.843673e+01
82000 3.040211e-21 -3.988478e-20 -3.684457e-20 4.404031e+02
83000 1.971564e-22 -4.108769e-20 -4.089054e-20 2.855996e+01
84000 3.578831e-23 -4.106472e-20 -4.102893e-20 5.184274e+00
85000 4.360475e-24 -3.924557e-20 -3.924121e-20 6.316558e-01
86000 3.479048e-22 -4.060144e-20 -4.025353e-20 5.039729e+01
87000 1.335133e-23 -3.926414e-20 -3.925079e-20 1.934066e+00
88000 5.705966e-22 -4.106626e-20 -4.049566e-20 8.265629e+01
89000 4.036530e-26 -3.932864e-20 -3.932859e-20 5.847294e-03
90000 8.271214e-21 -4.098954e-20 -3.271832e-20 1.198163e+03
91000 2.950150e-21 -4.108567e-20 -3.813552e-20 4.273570e+02
92000 1.877283e-23 -4.094840e-20 -4.092962e-20 2.719422e+00
93000 8.133211e-22 -3.759193e-20 -3.677861e-20 1.178172e+02
94000 3.493994e-21 -4.104066e-20 -3.754667e-20 5.061378e+02
95000 5.673837e-21 -3.899613e-20 -3.332229e-20 8.219087e+02
96000 2.901764e-22 -4.073199e-20 -4.044181e-20 4.203479e+01
97000 8.995881e-23 -3.991107e-20 -3.982111e-20 1.303138e+01
98000 1.940765e-21 -3.841980e-20 -3.647904e-20 2.811381e+02
99000 1.003643e-20 -4.107214e-20 -3.103572e-20 1.453871e+03
100000 1.324365e-22 -4.107942e-20 -4.094699e-20 1.918468e+01
101000 4.501499e-21 -3.832668e-20 -3.382518e-20 6.520845e+02
102000 8.301358e-22 -4.106809e-20 -4.023796e-20 1.202530e+02
103000 1.420660e-20 -3.872111e-20 -2.451451e-20 2.057960e+03
104000 6.693575e-22 -3.402298e-20 -3.335363e-20 9.696274e+01
105000 2.092074e-22 -4.032297e-20 -4.011376e-20 3.030565e+01
106000 3.603806e-22 -3.999263e-20 -3.963225e-20 5.220452e+01
107000 2.399846e-21 -4.090861e-20 -3.850876e-20 3.476403e+02
108000 1.066679e-22 -3.730770e-20 -3.720103e-20 1.545184e+01
109000 2.724083e-23 -3.992141e-20 -3.989417e-20 3.946091e+00
110000 1.701780e-22 -4.065741e-20 -4.048724e-20 2.465188e+01
111000 5.554648e-21 -3.961606e-20 -3.406142e-20 8.046430e+02
112000 7.253245e-22 -4.109092e-20 -4.036560e-20 1.050701e+02
113000 2.710814e-23 -4.064093e-20 -4.061382e-20 3.926869e+00
114000 3.344570e-21 -3.992872e-20 -3.658415e-20 4.844925e+02
115000 6.328525e-21 -3.864573e-20 -3.231720e-20 9.167464e+02
116000 3.859235e-21 -4.108095e-20 -3.722172e-20 5.590464e+02
117000 8.253441e-22 -3.999932e-20 -3.917397e-20 1.195589e+02
118000 3.003866e-22 -4.091763e-20 -4.061724e-20 4.351382e+01
119000 1.936810e-22 -3.767276e-20 -3.747908e-20 2.805652e+01
120000 4.831619e-21 -3.949963e-20 -3.466801e-20 6.999055e+02
121000 3.718775e-22 -3.311380e-20 -3.274192e-20 5.386995e+01
122000 4.973351e-23 -4.085838e-20 -4.080865e-20 7.204366e+00
123000 4.583686e-24 -4.044497e-20 -4.044039e-20 6.639900e-01
124000 9.412578e-22 -3.629224e-20 -3.535098e-20 1.363501e+02
125000 1.876195e-21 -3.330535e-20 -3.142916e-20 2.717845e+02
126000 4.681556e-22 -4.076284e-20 -4.029468e-20 6.781675e+01
127000 9.930971e-21 -3.749468e-20 -2.756371e-20 1.438595e+03
128000 5.394301e-22 -4.001074e-20 -3.947131e-20 7.814153e+01
129000 1.498397e-24 -3.744556e-20 -3.744406e-20 2.170569e-01
130000 3.318815e-24 -3.978014e-20 -3.977682e-20 4.807616e-01
131000 2.360130e-22 -3.877717e-20 -3.854116e-20 3.418871e+01
132000 6.981500e-21 -3.617669e-20 -2.919519e-20 1.011336e+03
133000 3.185651e-21 -3.955622e-20 -3.637057e-20 4.614716e+02
134000 4.018891e-22 -3.637805e-20 -3.597616e-20 5.821743e+01
135000 2.847985e-21 -4.069779e-20 -3.784981e-20 4.125574e+02
136000 2.103639e-21 -3.757714e-20 -3.547350e-20 3.047319e+02
137000 1.211592e-22 -3.788346e-20 -3.776230e-20 1.755105e+01
138000 9.307250e-23 -3.861705e-20 -3.852397e-20 1.348243e+01
139000 6.503734e-21 -3.833851e-20 -3.183478e-20 9.421271e+02
140000 1.730964e-21 -4.087732e-20 -3.914635e-20 2.507464e+02
141000 5.808694e-21 -3.591422e-20 -3.010553e-20 8.414440e+02
142000 1.773735e-21 -4.016453e-20 -3.839080e-20 2.569422e+02
143000 5.360971e-22 -4.090766e-20 -4.037156e-20 7.765871e+01
144000 1.880699e-21 -4.099439e-20 -3.911369e-20 2.724369e+02
145000 8.432451e-21 -3.540563e-20 -2.697318e-20 1.221520e+03
146000 6.729964e-21 -4.050414e-20 -3.377417e-20 9.748986e+02
147000 2.825590e-22 -3.559830e-20 -3.531574e-20 4.093133e+01
148000 2.649189e-24 -3.982494e-20 -3.982229e-20 3.837599e-01
149000 1.612396e-21 -3.816868e-20 -3.655628e-20 2.335707e+02
150000 4.247563e-21 -4.109836e-20 -3.685079e-20 6.152995e+02
151000 4.390545e-23 -3.920418e-20 -3.916027e-20 6.360118e+00
152000 4.453508e-21 -3.438446e-20 -2.993095e-20 6.451325e+02
153000 5.874791e-22 -4.067649e-20 -4.008901e-20 8.510188e+01
154000 1.293060e-21 -3.703027e-20 -3.573721e-20 1.873119e+02
155000 5.847975e-23 -3.913551e-20 -3.907703e-20 8.471343e+00
156000 3.520699e-22 -4.091409e-20 -4.056202e-20 5.100064e+01
157000 1.143205e-24 -3.913079e-20 -3.912965e-20 1.656040e-01
158000 6.735281e-22 -3.836064e-20 -3.768712e-20 9.756689e+01
159000 5.213960e-21 -3.570311e-20 -3.048915e-20 7.552911e+02
160000 6.500736e-22 -4.101016e-20 -4.036009e-20 9.416927e+01
161000 5.239525e-25 -3.879788e-20 -3.879736e-20 7.589945e-02
162000 3.074963e-22 -3.868019e-20 -3.837269e-20 4.454373e+01
163000 5.026705e-21 -4.042249e-20 -3.539578e-20 7.281655e+02
164000 9.197422e-21 -3.967636e-20 -3.047894e-20 1.332333e+03
165000 1.844056e-20 -3.988910e-20 -2.144854e-20 2.671288e+03
166000 1.160282e-21 -3.910223e-20 -3.794195e-20 1.680778e+02
167000 3.578393e-22 -4.108494e-20 -4.072710e-20 5.183639e+01
168000 2.501133e-21 -4.095728e-20 -3.845615e-20 3.623127e+02
169000 2.773784e-22 -4.046272e-20 -4.018534e-20 4.018087e+01
170000 4.551693e-21 -4.088532e-20 -3.633363e-20 6.593555e+02
171000 1.408639e-21 -3.609400e-20 -3.468536e-20 2.040547e+02
172000 4.610156e-21 -3.773143e-20 -3.312128e-20 6.678244e+02
173000 1.734576e-21 -3.996421e-20 -3.822963e-20 2.512696e+02
174000 3.825777e-22 -4.094251e-20 -4.055994e-20 5.541998e+01
175000 1.017653e-21 -4.097782e-20 -3.996016e-20 1.474166e+02
176000 4.481937e-21 -3.382589e-20 -2.934396e-20 6.492508e+02
177000 1.769822e-25 -4.080108e-20 -4.080090e-20 2.563754e-02
178000 6.489679e-22 -4.109992e-20 -4.045096e-20 9.400910e+01
179000 1.530825e-23 -4.105450e-20 -4.103919e-20 2.217544e+00
180000 1.859953e-21 -4.096200e-20 -3.910204e-20 2.694317e+02
181000 3.233187e-21 -3.850361e-20 -3.527042e-20 4.683575e+02
182000 1.192002e-22 -4.029618e-20 -4.017698e-20 1.726727e+01
183000 3.115361e-24 -4.092168e-20 -4.091857e-20 4.512893e-01
184000 3.429682e-21 -4.096424e-20 -3.753456e-20 4.968218e+02
185000 1.496661e-21 -3.669618e-20 -3.519952e-20 2.168054e+02
186000 2.864601e-25 -3.778514e-20 -3.778485e-20 4.149644e-02
187000 2.764731e-21 -4.052049e-20 -3.775576e-20 4.004973e+02
188000 1.414183e-22 -4.095732e-20 -4.081590e-20 2.048577e+01
189000 3.438469e-21 -4.049123e-20 -3.705276e-20 4.980946e+02
190000 5.097115e-21 -3.975891e-20 -3.466179e-20 7.383651e+02
191000 2.477360e-21 -3.944723e-20 -3.696987e-20 3.588689e+02
192000 1.292322e-23 -4.104760e-20 -4.103468e-20 1.872050e+00
193000 5.610150e-21 -3.650623e-20 -3.089608e-20 8.126831e+02
194000 4.942250e-22 -4.093708e-20 -4.044285e-20 7.159314e+01
195000 1.947264e-22 -4.043660e-20 -4.024187e-20 2.820795e+01
196000 3.992576e-21 -3.919701e-20 -3.520443e-20 5.783623e+02
197000 2.362263e-21 -3.486780e-20 -3.250554e-20 3.421960e+02
198000 6.598459e-22 -3.612890e-20 -3.546906e-20 9.558488e+01
199000 8.976822e-23 -3.945601e-20 -3.936624e-20 1.300377e+01
200000 1.001205e-21 -4.102548e-20 -4.002427e-20 1.450340e+02
201000 1.448291e-21 -3.622883e-20 -3.478054e-20 2.097985e+02
202000 9.149586e-22 -4.017311e-20 -3.925816e-20 1.325404e+02
203000 7.397259e-23 -4.082563e-20 -4.075166e-20 1.071563e+01
204000 1.242235e-20 -4.037211e-20 -2.794975e-20 1.799495e+03
205000 1.533414e-21 -3.911481e-20 -3.758140e-20 2.221295e+02
206000 2.040982e-24 -3.893661e-20 -3.893457e-20 2.956555e-01
207000 1.315736e-21 -3.686473e-20 -3.554900e-20 1.905967e+02
208000 5.343097e-22 -4.052353e-20 -3.998922e-20 7.739979e+01
209000 1.015116e-24 -3.290462e-20 -3.290361e-20 1.470492e-01
210000 1.182200e-23 -4.099886e-20 -4.098704e-20 1.712528e+00
211000 4.219165e-21 -3.693089e-20 -3.271173e-20 6.111858e+02
212000 7.074343e-27 -4.033337e-20 -4.033337e-20 1.024785e-03
213000 9.106437e-22 -4.109993e-20 -4.018929e-20 1.319153e+02
214000 5.386855e-21 -3.919600e-20 -3.380914e-20 7.803367e+02
215000 7.511681e-21 -3.626494e-20 -2.875326e-20 1.088138e+03
216000 6.279522e-21 -4.108773e-20 -3.480820e-20 9.096478e+02
217000 5.748109e-22 -4.109186e-20 -4.051705e-20 8.326676e+01
218000 2.981718e-22 -4.020504e-20 -3.990687e-20 4.319299e+01
219000 2.976370e-22 -3.810815e-20 -3.781052e-20 4.311553e+01
220000 4.602181e-22 -8.054108e-21 -7.593890e-21 6.666692e+01
221000 7.701680e-22 -4.006286e-20 -3.929270e-20 1.115661e+02
222000 6.016945e-23 -4.035636e-20 -4.029619e-20 8.716111e+00
223000 1.527392e-21 -3.855308e-20 -3.702569e-20 2.212571e+02
224000 2.422131e-22 -4.062883e-20 -4.038662e-20 3.508685e+01
225000 5.971803e-23 -2.904736e-20 -2.898765e-20 8.650719e+00
226000 1.192153e-21 -4.072174e-20 -3.952959e-20 1.726945e+02
227000 1.140513e-22 -3.618965e-20 -3.607560e-20 1.652140e+01
228000 1.393153e-21 -3.978015e-20 -3.838700e-20 2.018113e+02
229000 4.191440e-21 -3.845245e-20 -3.426101e-20 6.071696e+02
230000 9.235278e-21 -4.097278e-20 -3.173750e-20 1.337817e+03
231000 1.189529e-21 -4.051003e-20 -3.932051e-20 1.723145e+02
232000 6.100832e-21 -3.904184e-20 -3.294101e-20 8.837630e+02
233000 6.302369e-21 -4.095391e-20 -3.465154e-20 9.129575e+02
234000 4.788045e-23 -4.051882e-20 -4.047094e-20 6.935934e+00
235000 6.970404e-22 -3.696496e-20 -3.626792e-20 1.009729e+02
236000 1.663270e-21 -3.653110e-20 -3.486783e-20 2.409403e+02
237000 3.509468e-21 -4.103093e-20 -3.752147e-20 5.083794e+02
238000 2.420156e-21 -3.801272e-20 -3.559256e-20 3.505824e+02
239000 2.454033e-21 -4.009879e-20 -3.764476e-20 3.554897e+02
240000 8.784133e-21 -3.943310e-20 -3.064897e-20 1.272464e+03
241000 1.645268e-21 -4.060588e-20 -3.896061e-20 2.383326e+02
242000 4.963071e-21 -3.592392e-20 -3.096084e-20 7.189475e+02
243000 1.498621e-24 -3.005069e-20 -3.004919e-20 2.170893e-01
244000 7.022585e-22 -4.023733e-20 -3.953508e-20 1.017287e+02
245000 2.219734e-22 -4.094995e-20 -4.072798e-20 3.215493e+01
246000 1.677127e-20 -3.807712e-20 -2.130585e-20 2.429476e+03
247000 2.020302e-21 -4.025010e-20 -3.822979e-20 2.926598e+02
248000 2.004767e-22 -3.899429e-20 -3.879381e-20 2.904094e+01
249000 5.622190e-22 -4.088208e-20 -4.031986e-20 8.144272e+01
250000 2.103483e-23 -4.050209e-20 -4.048106e-20 3.047094e+00
251000 1.273631e-24 -3.877493e-20 -3.877366e-20 1.844975e-01
252000 1.602099e-22 -4.092304e-20 -4.076283e-20 2.320791e+01
253000 1.399834e-22 -4.108986e-20 -4.094988e-20 2.027792e+01
254000 1.973565e-21 -4.106347e-20 -3.908990e-20 2.858894e+02
255000 1.635898e-21 -4.098738e-20 -3.935148e-20 2.369752e+02
256000 2.640965e-21 -3.985574e-20 -3.721478e-20 3.825686e+02
257000 2.139350e-22 -4.079611e-20 -4.058218e-20 3.099050e+01
258000 1.905199e-22 -3.302241e-20 -3.283189e-20 2.759860e+01
259000 1.410316e-21 -3.999414e-20 -3.858383e-20 2.042976e+02
260000 7.192364e-22 -4.087692e-20 -4.015768e-20 1.041882e+02
261000 6.612776e-21 -4.013708e-20 -3.352430e-20 9.579228e+02
262000 1.016725e-21 -3.891988e-20 -3.790316e-20 1.472822e+02
263000 4.585931e-22 -3.709933e-20 -3.664073e-20 6.643153e+01
264000 4.766380e-22 -2.954034e-20 -2.906370e-20 6.904549e+01
265000 1.740556e-21 -2.696978e-20 -2.522923e-20 2.521360e+02
266000 3.104800e-21 -4.108036e-20 -3.797556e-20 4.497595e+02
267000 8.228729e-22 -4.071497e-20 -3.989209e-20 1.192009e+02
268000 6.491001e-21 -3.979542e-20 -3.330442e-20 9.402825e+02
269000 7.081014e-22 -3.985438e-20 -3.914628e-20 1.025752e+02
270000 6.050515e-24 -4.078205e-20 -4.077600e-20 8.764740e-01
271000 9.423548e-22 -3.597509e-20 -3.503273e-20 1.365090e+02
272000 2.425440e-25 -3.972251e-20 -3.972226e-20 3.513478e-02
273000 1.614674e-21 -4.068039e-20 -3.906572e-20 2.339007e+02
274000 4.221370e-22 -4.109832e-20 -4.067618e-20 6.115051e+01
275000 1.903429e-22 -4.078847e-20 -4.059813e-20 2.757295e+01
276000 3.384481e-21 -4.088587e-20 -3.750139e-20 4.902739e+02
277000 4.780624e-21 -3.879696e-20 -3.401634e-20 6.925183e+02
278000 2.256932e-24 -3.706604e-20 -3.706379e-20 3.269378e-01
279000 1.607980e-21 -3.917732e-20 -3.756934e-20 2.329311e+02
280000 1.537105e-21 -4.100375e-20 -3.946665e-20 2.226641e+02
281000 1.200169e-20 -4.058057e-20 -2.857888e-20 1.738558e+03
282000 9.977193e-22 -4.021762e-20 -3.921990e-20 1.445290e+02
283000 1.357850e-22 -3.717313e-20 -3.703734e-20 1.966973e+01
284000 6.065196e-23 -4.075057e-20 -4.068992e-20 8.786007e+00
285000 2.228883e-21 -4.094459e-20 -3.871571e-20 3.228747e+02
286000 3.453849e-21 -4.109668e-20 -3.764283e-20 5.003226e+02
287000 5.240674e-21 -3.841148e-20 -3.317081e-20 7.591609e+02
288000 1.727510e-21 -3.987240e-20 -3.814489e-20 2.502460e+02
289000 1.988239e-21 -4.024189e-20 -3.825365e-20 2.880151e+02
290000 6.127733e-21 -4.098240e-20 -3.485467e-20 8.876598e+02
291000 5.099123e-21 -4.099665e-20 -3.589753e-20 7.386559e+02
292000 5.276027e-22 -3.983758e-20 -3.930998e-20 7.642822e+01
293000 4.381910e-21 -4.103400e-20 -3.665209e-20 6.347609e+02
294000 2.275094e-22 -3.976185e-20 -3.953434e-20 3.295687e+01
295000 1.504436e-22 -4.086162e-20 -4.071118e-20 2.179318e+01
296000 7.448039e-22 -3.960514e-20 -3.886034e-20 1.078918e+02
297000 7.590400e-25 -4.084656e-20 -4.084580e-20 1.099541e-01
298000 1.476851e-23 -4.105952e-20 -4.104475e-20 2.139357e+00
299000 3.229478e-21 -3.371551e-20 -3.048603e-20 4.678202e+02
300000 2.379630e-21 -4.092582e-20 2.614538e-19 3.447118e+02
301000 1.142487e-20 -3.888164e-20 1.725432e-19 1.655000e+03
302000 2.894363e-22 -4.062002e-20 1.596735e-19 4.192758e+01
303000 1.029695e-21 -3.995946e-20 1.610702e-19 1.491611e+02
304000 7.603284e-23 -3.934318e-20 1.607329e-19 1.101407e+01
305000 4.697910e-24 -3.647551e-20 1.635292e-19 6.805365e-01
306000 3.297905e-21 -2.800547e-20 1.752924e-19 4.777325e+02
307000 1.049911e-22 -3.742001e-20 1.626850e-19 1.520894e+01
308000 6.593803e-21 -3.353870e-20 1.730551e-19 9.551744e+02
309000 2.431917e-21 -4.051813e-20 1.619138e-19 3.522860e+02
310000 2.667694e-21 -3.966493e-20 1.630028e-19 3.864405e+02
311000 8.873339e-23 -3.855954e-20 1.615292e-19 1.285387e+01
312000 2.282620e-21 -3.616263e-20 1.661200e-19 3.306589e+02
313000 3.284012e-22 -4.070430e-20 1.598881e-19 4.757201e+01
314000 2.663299e-22 -4.021382e-20 1.600525e-19 3.858039e+01
315000 1.854462e-21 -3.987680e-20 1.619777e-19 2.686362e+02
316000 3.101043e-22 -4.028437e-20 1.600257e-19 4.492153e+01
317000 5.923544e-21 -3.893683e-20 1.669867e-19 8.580811e+02
318000 4.789650e-21 -3.841095e-20 1.663787e-19 6.938258e+02
319000 2.076590e-21 -3.645678e-20 1.656198e-19 3.008135e+02
320000 1.285958e-23 -3.977681e-20 1.602361e-19 1.862831e+00
321000 4.377734e-21 -4.031421e-20 1.640635e-19 6.341560e+02
322000 8.235537e-23 -3.628258e-20 1.637998e-19 1.192995e+01
323000 2.680095e-22 -3.417185e-20 1.660962e-19 3.882370e+01
324000 2.519907e-21 -4.026644e-20 1.622535e-19 3.650322e+02
325000 1.927729e-25 -3.975612e-20 1.602441e-19 2.792497e-02
326000 8.887325e-21 -3.437211e-20 1.745152e-19 1.287413e+03
327000 1.071234e-22 -3.983906e-20 1.602681e-19 1.551783e+01
328000 4.936289e-21 -3.771371e-20 1.672226e-19 7.150678e+02
329000 6.570779e-22 -4.042049e-20 1.602366e-19 9.518391e+01
330000 5.938820e-22 -3.590287e-20 1.646910e-19 8.602939e+01
331000 4.601376e-21 -2.914189e-20 1.754595e-19 6.665525e+02
332000 3.450807e-21 -4.056478e-20 1.628862e-19 4.998819e+02
333000 6.814883e-22 -3.507911e-20 1.656024e-19 9.872000e+01
334000 1.936793e-21 -4.068026e-20 1.613432e-19 2.805628e+02
335000 1.288769e-23 -4.022911e-20 1.597838e-19 1.866904e+00
336000 3.541852e-21 -3.579605e-20 1.677458e-19 5.130706e+02
337000 9.059293e-23 -3.890009e-20 1.611905e-19 1.312324e+01
338000 6.898074e-21 -4.048988e-20 1.664082e-19 9.992509e+02
339000 2.497159e-23 -3.273967e-20 1.672853e-19 3.617370e+00
340000 1.513166e-23 -3.977435e-20 1.602408e-19 2.191963e+00
341000 5.613853e-21 -3.728175e-20 1.683321e-19 8.132195e+02
342000 8.742768e-21 -4.040377e-20 1.683390e-19 1.266472e+03
343000 1.979566e-21 -3.705328e-20 1.649263e-19 2.867587e+02
344000 3.419647e-22 -3.774697e-20 1.625950e-19 4.953680e+01
345000 4.566996e-22 -3.920479e-20 1.612519e-19 6.615724e+01
346000 6.654584e-22 -2.432906e-20 1.763364e-19 9.639792e+01
347000 1.042076e-21 -3.351337e-20 1.675287e-19 1.509545e+02
348000 3.342076e-21 -3.925566e-20 1.640864e-19 4.841312e+02
349000 8.494009e-21 -4.005225e-20 1.684418e-19 1.230437e+03
350000 3.010252e-22 -4.023328e-20 1.600677e-19 4.360634e+01
351000 2.645654e-22 -3.580072e-20 1.644638e-19 3.832479e+01
352000 1.418682e-20 -3.795029e-20 1.762365e-19 2.055095e+03
353000 1.059182e-21 -3.533733e-20 1.657219e-19 1.534324e+02
354000 1.383769e-21 -4.043101e-20 1.609528e-19 2.004519e+02
355000 7.516760e-23 -3.847732e-20 1.615978e-19 1.088873e+01
356000 2.735087e-21 -3.970514e-20 1.630300e-19 3.962031e+02
357000 1.927579e-21 -4.051317e-20 1.614144e-19 2.792279e+02
358000 2.631446e-22 -4.048849e-20 1.597747e-19 3.811897e+01
359000 5.581488e-21 -4.076153e-20 1.676425e-19 8.085310e+02
360000 6.357224e-21 -4.049182e-20 1.658654e-19 9.209038e+02
361000 1.532699e-24 -1.727719e-20 1.827243e-19 2.220259e-01
362000 2.419642e-20 -3.514681e-20 1.890496e-19 3.505079e+03
363000 1.633253e-22 -3.665981e-20 1.635035e-19 2.365920e+01
364000 1.184187e-22 -3.232306e-20 1.677954e-19 1.715406e+01
365000 8.165710e-21 -3.665878e-20 1.715069e-19 1.182880e+03
366000 3.447938e-21 -3.937046e-20 1.640775e-19 4.994662e+02
367000 1.723983e-22 -3.284741e-20 1.673250e-19 2.497352e+01
368000 1.164936e-22 -4.039006e-20 1.597264e-19 1.687520e+01
369000 9.764728e-24 -3.965477e-20 1.603550e-19 1.414513e+00
370000 7.315321e-22 -3.785298e-20 1.628785e-19 1.059693e+02
371000 1.116081e-21 -3.880178e-20 1.623143e-19 1.616749e+02
372000 1.008073e-21 -3.929314e-20 1.617149e-19 1.460288e+02
373000 5.454806e-23 -2.484342e-20 1.752111e-19 7.901800e+00
374000 4.397582e-22 -4.035143e-20 1.600883e-19 6.370312e+01
375000 2.107424e-21 -4.052222e-20 1.615852e-19 3.052802e+02
376000 2.069534e-22 -3.925153e-20 1.609554e-19 2.997915e+01
377000 1.239744e-22 -4.014702e-20 1.599770e-19 1.795887e+01
378000 1.580603e-21 -3.804531e-20 1.635353e-19 2.289652e+02
379000 2.792173e-21 -3.620210e-20 1.665901e-19 4.044725e+02
380000 2.712549e-21 -3.695531e-20 1.657572e-19 3.929383e+02
381000 5.488937e-21 -4.041859e-20 1.650703e-19 7.951242e+02
382000 7.790868e-22 -3.867439e-20 1.621047e-19 1.128580e+02
383000 2.824324e-21 -3.356346e-20 1.692609e-19 4.091300e+02
384000 2.256838e-22 -3.905380e-20 1.611719e-19 3.269242e+01
385000 1.796971e-22 -4.050727e-20 1.596724e-19 2.603082e+01
386000 1.179606e-21 -3.711207e-20 1.640675e-19 1.708770e+02
387000 2.140836e-22 -4.031287e-20 1.599012e-19 3.101203e+01
388000 5.807970e-21 -3.736984e-20 1.684381e-19 8.413391e+02
389000 8.644501e-28 -4.063807e-20 1.593725e-19 1.252237e-04
390000 1.714591e-21 -3.918460e-20 1.625300e-19 2.483747e+02
391000 1.444453e-21 -3.630692e-20 1.651375e-19 2.092426e+02
392000 3.703233e-22 -3.986029e-20 1.605100e-19 5.364482e+01
393000 1.705676e-22 -4.033803e-20 1.598325e-19 2.470832e+01
394000 1.434021e-23 -3.990893e-20 1.601054e-19 2.077315e+00
395000 1.077327e-20 -3.646196e-20 1.743113e-19 1.560610e+03
396000 1.677509e-21 -3.990410e-20 1.617734e-19 2.430029e+02
397000 2.691127e-21 -4.047316e-20 1.622180e-19 3.898351e+02
398000 5.636040e-21 -3.909757e-20 1.665385e-19 8.164335e+02
399000 2.135697e-21 -4.036043e-20 1.617753e-19 3.093758e+02
400000 6.215491e-22 -4.025758e-20 1.603640e-19 9.003724e+01
401000 4.074161e-22 -4.052873e-20 1.598787e-19 5.901805e+01
402000 4.108813e-21 -3.963051e-20 1.644783e-19 5.952002e+02
403000 7.847457e-23 -4.066047e-20 1.594510e-19 1.136778e+01
404000 3.686816e-21 -3.893625e-20 1.647506e-19 5.340700e+02
405000 5.124193e-22 -3.951107e-20 1.610013e-19 7.422876e+01
406000 1.763256e-21 -3.828980e-20 1.634735e-19 2.554243e+02
407000 3.325210e-23 -4.061728e-20 1.594195e-19 4.816880e+00
408000 9.757380e-22 -3.952614e-20 1.614496e-19 1.413448e+02
409000 8.278655e-22 -4.068266e-20 1.602423e-19 1.199241e+02
410000 2.785332e-21 -3.637490e-20 1.664104e-19 4.034816e+02
411000 7.515084e-22 -3.799130e-20 1.627602e-19 1.088631e+02
412000 2.284311e-21 -4.067215e-20 1.616708e-19 3.309040e+02
413000 4.805124e-21 -3.778755e-20 1.670176e-19 6.960674e+02
414000 3.722289e-21 -3.910910e-20 1.646132e-19 5.392086e+02
415000 1.891853e-21 -3.994998e-20 1.619419e-19 2.740528e+02
416000 2.764100e-21 -4.054225e-20 1.622219e-19 4.004058e+02
417000 1.152733e-21 -3.974482e-20 1.614079e-19 1.669843e+02
418000 3.279177e-21 -4.058325e-20 1.626965e-19 4.750196e+02
419000 5.630508e-21 -3.681033e-20 1.688202e-19 8.156321e+02
420000 1.016188e-22 -3.686205e-20 1.632396e-19 1.472045e+01
421000 3.030415e-22 -3.831318e-20 1.619899e-19 4.389842e+01
422000 3.455041e-21 -4.075138e-20 1.646182e-19 5.004953e+02
423000 3.778830e-21 -3.349144e-20 1.702874e-19 5.473990e+02
424000 8.574333e-22 -4.042092e-20 1.604365e-19 1.242073e+02
425000 3.155262e-21 -3.814551e-20 1.650098e-19 4.570694e+02
426000 6.077577e-21 -4.056110e-20 1.655166e-19 8.803942e+02
427000 2.009850e-22 -4.021604e-20 1.599849e-19 2.911457e+01
428000 1.330594e-22 -4.055786e-20 1.595753e-19 1.927491e+01
429000 6.981992e-22 -3.997767e-20 1.607205e-19 1.011407e+02
430000 1.706435e-22 -3.597949e-20 1.641912e-19 2.471931e+01
431000 1.913233e-21 -3.954430e-20 1.623689e-19 2.771499e+02
432000 2.578945e-22 -3.978969e-20 1.604682e-19 3.735844e+01
433000 2.965999e-23 -4.037753e-20 1.596521e-19 4.296528e+00
434000 1.725753e-22 -3.724918e-20 1.629234e-19 2.499916e+01
435000 5.022528e-22 -3.769640e-20 1.628059e-19 7.275604e+01
436000 6.884324e-21 -3.873401e-20 1.681503e-19 9.972591e+02
437000 5.212791e-22 -3.989087e-20 1.606304e-19 7.551218e+01
438000 3.311167e-21 -3.951364e-20 1.637975e-19 4.796537e+02
439000 4.459078e-21 -4.066181e-20 1.638326e-19 6.459394e+02
440000 1.426850e-21 -4.022422e-20 1.612026e-19 2.066927e+02
441000 4.055647e-22 -3.866196e-20 1.617436e-19 5.874987e+01
442000 2.137625e-21 -3.828625e-20 1.638514e-19 3.096550e+02
443000 6.119776e-22 -4.021069e-20 1.604013e-19 8.865072e+01
444000 1.341905e-21 -3.711968e-20 1.642222e-19 1.943875e+02
445000 1.282086e-22 -3.345030e-20 1.666779e-19 1.857223e+01
446000 8.887055e-21 -3.530265e-20 1.735844e-19 1.287374e+03
447000 8.914200e-22 -3.966642e-20 1.612250e-19 1.291306e+02
448000 2.687500e-22 -3.726752e-20 1.630012e-19 3.893097e+01
449000 2.255262e-24 -3.899663e-20 1.610056e-19 3.266959e-01
450000 5.521499e-24 -3.454189e-20 1.654636e-19 7.998410e-01
451000 9.918069e-23 -3.947795e-20 1.606212e-19 1.436726e+01
452000 1.453328e-21 -3.772494e-20 1.637284e-19 2.105283e+02
453000 2.812619e-21 -3.786815e-20 1.649445e-19 4.074343e+02
454000 1.507653e-20 -3.372584e-20 1.813507e-19 2.183978e+03
455000 1.957694e-22 -3.978855e-20 1.604072e-19 2.835905e+01
456000 3.866139e-22 -3.951639e-20 1.608702e-19 5.600467e+01
457000 2.206227e-21 -3.315084e-20 1.690554e-19 3.195928e+02
458000 2.291475e-21 -3.045098e-20 1.718405e-19 3.319417e+02
459000 4.305829e-22 -3.810876e-20 1.623218e-19 6.237398e+01
460000 1.320473e-21 -3.400877e-20 1.673117e-19 1.912829e+02
461000 1.500300e-21 -3.895240e-20 1.625479e-19 2.173326e+02
462000 2.721170e-21 -3.367729e-20 1.690439e-19 3.941871e+02
463000 8.435906e-22 -4.050153e-20 1.603421e-19 1.222020e+02
464000 7.112623e-22 -4.037978e-20 1.603315e-19 1.030330e+02
465000 2.174520e-21 -3.667407e-20 1.655005e-19 3.149997e+02
466000 2.750446e-21 -3.811020e-20 1.646402e-19 3.984279e+02
467000 1.108854e-21 -3.741702e-20 1.636918e-19 1.606280e+02
468000 1.214690e-23 -3.539166e-20 1.646205e-19 1.759593e+00
469000 5.616989e-22 -3.889312e-20 1.616686e-19 8.136737e+01
470000 1.367885e-21 -4.064688e-20 1.607377e-19 1.981510e+02
471000 2.042314e-20 -3.353683e-20 1.868863e-19 2.958484e+03
472000 1.497308e-21 -4.020519e-20 1.612921e-19 2.168991e+02
473000 1.002284e-21 -3.585514e-20 1.651471e-19 1.451903e+02
474000 2.089269e-21 -4.043678e-20 1.616525e-19 3.026502e+02
475000 2.341956e-21 -3.434215e-20 1.679998e-19 3.392544e+02
476000 4.875658e-22 -4.027709e-20 1.602105e-19 7.062850e+01
477000 7.899084e-22 -3.656401e-20 1.642259e-19 1.144257e+02
478000 1.024309e-21 -3.668003e-20 1.643443e-19 1.483808e+02
479000 9.834489e-21 -3.505392e-20 1.747806e-19 1.424618e+03
480000 4.160498e-22 -3.652007e-20 1.638960e-19 6.026874e+01
481000 1.183060e-20 -3.837493e-20 1.734557e-19 1.713774e+03
482000 1.450909e-21 -3.753399e-20 1.639169e-19 2.101779e+02
483000 1.296529e-21 -4.028393e-20 1.610126e-19 1.878144e+02
484000 6.206724e-21 -3.901406e-20 1.671927e-19 8.991023e+02
485000 5.250441e-21 -4.040837e-20 1.648421e-19 7.605758e+02
486000 1.377494e-20 -4.004614e-20 1.737288e-19 1.995429e+03
487000 1.031448e-21 -3.928475e-20 1.617467e-19 1.494150e+02
488000 8.011124e-21 -4.038317e-20 1.676280e-19 1.160487e+03
489000 3.203461e-21 -3.859346e-20 1.646100e-19 4.640515e+02
490000 4.980020e-21 -3.895680e-20 1.660232e-19 7.214028e+02
491000 8.068328e-22 -3.664564e-20 1.641612e-19 1.168773e+02
492000 1.833811e-21 -3.904010e-20 1.627937e-19 2.656448e+02
493000 1.364274e-22 -4.071983e-20 1.599400e-19 1.976280e+01
494000 1.726515e-21 -4.073612e-20 1.620296e-19 2.501020e+02
495000 1.222320e-21 -3.993081e-20 1.612915e-19 1.770646e+02
496000 1.975688e-23 -3.602268e-20 1.639971e-19 2.861970e+00
497000 1.806296e-21 -3.579272e-20 1.660136e-19 2.616590e+02
498000 3.596889e-22 -3.925537e-20 1.611043e-19 5.210432e+01
499000 3.988105e-21 -3.990937e-20 1.640787e-19 5.777145e+02
500000 2.191590e-21 -3.734438e-20 1.648472e-19 3.174724e+02
501000 1.384789e-23 -3.798385e-20 1.620300e-19 2.005997e+00
502000 8.163068e-22 -3.993080e-20 1.608855e-19 1.182497e+02
503000 5.293966e-23 -4.052829e-20 1.595247e-19 7.668808e+00
504000 5.132900e-21 -3.975419e-20 1.653787e-19 7.435488e+02
505000 5.019212e-21 -4.062246e-20 1.644014e-19 7.270801e+02
506000 2.734253e-21 -3.499505e-20 1.677392e-19 3.960823e+02
507000 3.200106e-21 -4.001007e-20 1.631900e-19 4.635655e+02
508000 1.168107e-21 -3.678410e-20 1.643840e-19 1.692113e+02
509000 1.401707e-21 -4.060720e-20 1.607965e-19 2.030505e+02
510000 1.386762e-22 -4.029736e-20 1.598413e-19 2.008855e+01
511000 4.296777e-21 -3.940438e-20 1.648924e-19 6.224286e+02
512000 3.289555e-21 -4.040907e-20 1.628805e-19 4.765230e+02
513000 4.091754e-21 -3.915640e-20 1.649354e-19 5.927291e+02
514000 1.064775e-22 -3.817259e-20 1.619339e-19 1.542426e+01
515000 2.608887e-22 -4.016000e-20 1.601009e-19 3.779218e+01
516000 4.035235e-22 -3.721216e-20 1.631914e-19 5.845417e+01
517000 6.766023e-21 -3.629850e-20 1.704675e-19 9.801221e+02
518000 3.579865e-21 -1.764162e-20 1.859382e-19 5.185771e+02
519000 8.625630e-22 -3.771763e-20 1.631449e-19 1.249504e+02
520000 2.930809e-21 -2.524621e-20 1.776846e-19 4.245552e+02
521000 9.568900e-23 -3.922828e-20 1.608674e-19 1.386145e+01
522000 1.564442e-21 -3.977710e-20 1.617873e-19 2.266242e+02
523000 4.055208e-21 -3.851087e-20 1.655443e-19 5.874350e+02
524000 7.190485e-23 -3.011537e-20 1.699565e-19 1.041609e+01
525000 1.691883e-22 -3.912640e-20 1.610428e-19 2.450852e+01
526000 2.474946e-21 -3.798827e-20 1.644867e-19 3.585191e+02
527000 2.686885e-26 -3.451851e-20 1.654815e-19 3.892206e-03
528000 4.670784e-25 -4.052363e-20 1.594769e-19 6.766070e-02
529000 9.299071e-22 -4.041701e-20 1.605129e-19 1.347058e+02
530000 4.701176e-22 -3.919553e-20 1.612746e-19 6.810096e+01
531000 6.789660e-22 -4.068196e-20 1.600909e-19 9.835461e+01
532000 1.016798e-22 -3.733934e-20 1.627623e-19 1.472928e+01
533000 6.780700e-22 -3.972770e-20 1.609504e-19 9.822482e+01
534000 5.038156e-21 -3.704117e-20 1.679970e-19 7.298243e+02
535000 1.067516e-21 -3.760829e-20 1.634592e-19 1.546398e+02
536000 1.590198e-21 -3.991150e-20 1.616787e-19 2.303551e+02
537000 7.838964e-26 -4.026449e-20 1.597356e-19 1.135548e-02
538000 1.291990e-20 -3.696741e-20 1.759525e-19 1.871569e+03
539000 7.445209e-23 -3.549880e-20 1.645756e-19 1.078509e+01
540000 8.804908e-23 -3.642969e-20 1.636584e-19 1.275474e+01
541000 5.203172e-22 -3.815439e-20 1.623659e-19 7.537285e+01
542000 4.690515e-21 -3.911749e-20 1.655730e-19 6.794652e+02
543000 7.997677e-23 -3.954259e-20 1.605374e-19 1.158539e+01
544000 4.032436e-21 -4.072458e-20 1.639493e-19 5.841363e+02
545000 4.997515e-22 -3.987431e-20 1.606254e-19 7.239370e+01
546000 6.568967e-23 -3.952941e-20 1.605363e-19 9.515766e+00
547000 1.759346e-21 -4.040564e-20 1.613537e-19 2.548578e+02
548000 9.464462e-22 -4.046981e-20 1.604766e-19 1.371016e+02
549000 5.032685e-21 -3.547939e-20 1.695533e-19 7.290318e+02
550000 3.903088e-22 -3.515240e-20 1.652379e-19 5.653991e+01
551000 2.897820e-21 -3.938333e-20 1.635145e-19 4.197765e+02
552000 4.771352e-22 -3.825105e-20 1.622261e-19 6.911752e+01
553000 6.294275e-24 -3.235011e-20 1.676562e-19 9.117849e-01
554000 3.302335e-21 -3.862709e-20 1.646752e-19 4.783744e+02
555000 1.002866e-23 -3.990414e-20 1.601059e-19 1.452746e+00
556000 6.154371e-21 -4.004969e-20 1.661047e-19 8.915185e+02
557000 1.900925e-23 -3.816168e-20 1.618573e-19 2.753669e+00
558000 8.826775e-23 -4.054341e-20 1.595449e-19 1.278641e+01
559000 1.610908e-24 -3.463360e-20 1.653680e-19 2.333552e-01
560000 4.240181e-21 -3.880913e-20 1.654311e-19 6.142301e+02
561000 7.395369e-21 -4.033367e-20 1.670617e-19 1.071289e+03
562000 6.476792e-22 -3.996607e-20 1.606816e-19 9.382243e+01
563000 1.797344e-25 -3.674771e-20 1.632525e-19 2.603622e-02
564000 1.277926e-21 -4.037041e-20 1.609075e-19 1.851197e+02
565000 4.267630e-21 -3.912301e-20 1.651446e-19 6.182064e+02
566000 2.361252e-21 -3.979698e-20 1.625643e-19 3.420495e+02
567000 3.289616e-21 -3.672692e-20 1.665627e-19 4.765318e+02
568000 5.863813e-22 -3.116291e-20 1.694235e-19 8.494286e+01
569000 7.967164e-22 -3.654187e-20 1.642548e-19 1.154119e+02
570000 4.691153e-21 -4.013533e-20 1.645558e-19 6.795577e+02
571000 2.128356e-21 -3.424330e-20 1.678851e-19 3.083124e+02
572000 1.446215e-21 -4.038989e-20 1.610563e-19 2.094979e+02
573000 2.175687e-21 -3.796521e-20 1.642105e-19 3.151688e+02
574000 9.926384e-22 -3.664554e-20 1.643471e-19 1.437930e+02
575000 5.650323e-22 -4.071602e-20 1.602927e-19 8.185025e+01
576000 1.323261e-22 -4.069881e-20 1.596394e-19 1.916868e+01
577000 5.075961e-21 -4.044138e-20 1.646346e-19 7.353008e+02
578000 4.312390e-21 -3.810385e-20 1.662085e-19 6.246903e+02
579000 1.059359e-21 -4.040208e-20 1.606573e-19 1.534581e+02
580000 1.204903e-21 -4.047048e-20 1.607344e-19 1.745415e+02
581000 2.777533e-23 -3.886670e-20 1.611611e-19 4.023518e+00
582000 5.506146e-21 -3.942378e-20 1.660824e-19 7.976170e+02
583000 1.991892e-23 -4.041968e-20 1.596002e-19 2.885444e+00
584000 2.028786e-22 -4.066200e-20 1.595765e-19 2.938888e+01
585000 1.927548e-22 -4.003736e-20 1.601554e-19 2.792234e+01
586000 2.212066e-21 -3.300033e-20 1.692117e-19 3.204386e+02
587000 1.751961e-22 -3.933044e-20 1.608448e-19 2.537880e+01
588000 9.463906e-24 -4.071850e-20 1.597851e-19 1.370936e+00
589000 8.289229e-23 -4.000808e-20 1.600748e-19 1.200773e+01
590000 1.744266e-21 -4.069649e-20 1.612330e-19 2.526733e+02
591000 1.259354e-21 -3.871041e-20 1.625489e-19 1.824293e+02
592000 1.096176e-21 -3.443477e-20 1.666614e-19 1.587914e+02
593000 8.019747e-21 -4.048999e-20 1.675298e-19 1.161736e+03
594000 1.160501e-21 -3.945514e-20 1.617054e-19 1.681095e+02
595000 5.138573e-22 -3.516103e-20 1.653528e-19 7.443706e+01
596000 1.343577e-23 -4.063623e-20 1.593868e-19 1.946297e+00
597000 7.624917e-26 -3.979178e-20 1.602083e-19 1.104541e-02
598000 1.343474e-21 -3.602515e-20 1.653183e-19 1.946149e+02
599000 6.572859e-21 -4.045859e-20 1.661143e-19 9.521405e+02
600000 2.919531e-23 -3.968694e-20 1.603423e-19 4.229215e+00
601000 2.034226e-22 -4.050862e-20 1.596948e-19 2.946768e+01
602000 3.798939e-23 -3.704444e-20 1.629935e-19 5.503121e+00
603000 7.693911e-22 -3.875183e-20 1.620176e-19 1.114535e+02
604000 6.514027e-22 -3.936041e-20 1.612910e-19 9.436181e+01
605000 6.742015e-21 -4.048322e-20 1.662588e-19 9.766443e+02
606000 2.894605e-22 -3.854065e-20 1.617488e-19 4.193107e+01
607000 3.845200e-22 -3.874801e-20 1.616365e-19 5.570134e+01
608000 7.479878e-22 -3.712846e-20 1.636195e-19 1.083531e+02
609000 6.819304e-21 -3.803621e-20 1.687831e-19 9.878404e+02
610000 1.779271e-23 -4.077373e-20 1.636590e-19 2.577441e+00
611000 8.533667e-23 -2.543370e-20 1.746516e-19 1.236182e+01
612000 3.352091e-22 -3.869761e-20 1.616376e-19 4.855819e+01
613000 3.514308e-22 -4.068690e-20 1.597832e-19 5.090805e+01
614000 6.217125e-22 -3.864324e-20 1.619785e-19 9.006091e+01
615000 3.943039e-21 -3.972821e-20 1.642148e-19 5.711863e+02
616000 1.541523e-24 -3.857226e-20 1.614293e-19 2.233041e-01
617000 3.477956e-22 -4.028935e-20 1.600584e-19 5.038146e+01
618000 6.880254e-22 -3.075889e-20 1.699291e-19 9.966695e+01
619000 1.201912e-23 -3.932896e-20 1.606831e-19 1.741082e+00
620000 1.953651e-22 -3.450099e-20 1.656944e-19 2.830047e+01
621000 8.913350e-22 -3.734329e-20 1.635480e-19 1.291183e+02
622000 2.183664e-22 -4.039978e-20 1.598186e-19 3.163243e+01
623000 1.349231e-21 -4.047655e-20 1.608727e-19 1.954488e+02
624000 1.929721e-22 -3.965401e-20 1.605390e-19 2.795382e+01
625000 1.177067e-21 -3.999139e-20 1.611857e-19 1.705092e+02
626000 3.315363e-24 -3.960856e-20 1.603948e-19 4.802616e-01
627000 4.408839e-21 -4.074465e-20 1.651321e-19 6.386618e+02
628000 2.849092e-22 -3.999850e-20 1.602864e-19 4.127178e+01
629000 3.247962e-21 -3.839067e-20 1.648573e-19 4.704979e+02
630000 3.456929e-22 -3.267344e-20 1.676723e-19 5.007687e+01
631000 2.169918e-21 -3.914116e-20 1.630288e-19 3.143330e+02
632000 3.060115e-21 -3.326502e-20 1.697951e-19 4.432864e+02
633000 8.908847e-24 -4.038493e-20 1.596240e-19 1.290530e+00
634000 3.093888e-21 -3.956911e-20 1.635248e-19 4.481788e+02
635000 9.591612e-22 -3.768216e-20 1.632770e-19 1.389435e+02
636000 5.961132e-21 -4.030946e-20 1.656517e-19 8.635260e+02
637000 4.148741e-22 -4.026095e-20 1.601539e-19 6.009842e+01
638000 4.368534e-22 -2.968418e-20 1.707527e-19 6.328233e+01
639000 3.653999e-21 -3.482524e-20 1.688288e-19 5.293162e+02
640000 1.453537e-21 -3.811493e-20 1.633386e-19 2.105585e+02
641000 2.303468e-21 -3.895977e-20 1.633437e-19 3.336790e+02
642000 2.805926e-22 -3.943912e-20 1.608415e-19 4.064647e+01
643000 4.410633e-22 -3.950869e-20 1.609324e-19 6.389216e+01
644000 9.300498e-21 -3.713030e-20 1.721702e-19 1.347265e+03
645000 4.381545e-21 -4.031004e-20 1.640715e-19 6.347081e+02
646000 5.825157e-25 -4.043623e-20 1.595643e-19 8.438288e-02
647000 1.030479e-20 -3.015819e-20 1.801466e-19 1.492746e+03
648000 8.380059e-22 -4.019392e-20 1.606441e-19 1.213930e+02
649000 6.985348e-21 -3.384493e-20 1.731404e-19 1.011893e+03
650000 2.788503e-22 -4.020043e-20 1.600784e-19 4.039408e+01
651000 3.050233e-22 -4.032728e-20 1.599777e-19 4.418549e+01
652000 2.828523e-22 -3.972272e-20 1.605601e-19 4.097382e+01
653000 9.225135e-22 -3.327448e-20 1.676480e-19 1.336348e+02
654000 8.485203e-22 -3.671329e-20 1.641352e-19 1.229161e+02
655000 3.034869e-23 -3.974565e-20 1.602847e-19 4.396293e+00
656000 9.598617e-22 -3.926913e-20 1.616907e-19 1.390450e+02
657000 2.478818e-21 -4.007129e-20 1.624075e-19 3.590801e+02
658000 1.657980e-21 -2.549595e-20 1.761620e-19 2.401741e+02
659000 5.306894e-21 -4.075124e-20 1.664591e-19 7.687535e+02
660000 2.949325e-22 -4.027869e-20 1.600162e-19 4.272374e+01
661000 3.025828e-22 -3.904633e-20 1.612563e-19 4.383196e+01
662000 2.665478e-21 -4.067052e-20 1.620491e-19 3.861195e+02
663000 4.832014e-22 -4.057364e-20 1.599099e-19 6.999628e+01
664000 2.338282e-21 -4.022515e-20 1.621131e-19 3.387221e+02
665000 1.727669e-21 -3.048774e-20 1.712399e-19 2.502692e+02
666000 4.299119e-24 -3.912524e-20 1.608791e-19 6.227679e-01
667000 4.728195e-21 -4.044587e-20 1.642823e-19 6.849235e+02
668000 1.099209e-20 -3.549909e-20 1.754930e-19 1.592308e+03
669000 1.970938e-23 -3.975921e-20 1.602605e-19 2.855090e+00
670000 9.506361e-22 -3.889811e-20 1.620525e-19 1.377086e+02
671000 6.228318e-21 -3.372739e-20 1.725009e-19 9.022305e+02
672000 2.337719e-21 -3.450330e-20 1.678344e-19 3.386405e+02
673000 5.030519e-21 -3.198702e-20 1.730435e-19 7.287181e+02
674000 2.391421e-20 -4.008904e-20 1.838252e-19 3.464199e+03
675000 7.507398e-23 -3.544130e-20 1.646338e-19 1.087517e+01
676000 4.997458e-22 -3.820786e-20 1.622919e-19 7.239288e+01
677000 3.597446e-22 -4.038123e-20 1.599785e-19 5.211239e+01
678000 3.480496e-21 -3.153871e-20 1.719418e-19 5.041826e+02
679000 5.020004e-21 -3.862104e-20 1.663990e-19 7.271947e+02
680000 7.254319e-22 -3.870546e-20 1.620200e-19 1.050856e+02
681000 6.385220e-22 -3.727657e-20 1.633620e-19 9.249592e+01
682000 5.225565e-22 -3.940811e-20 1.611144e-19 7.569723e+01
683000 2.466972e-21 -3.975163e-20 1.627153e-19 3.573641e+02
684000 8.197019e-26 -3.997170e-20 1.600284e-19 1.187415e-02
685000 1.133601e-22 -3.877243e-20 1.613409e-19 1.642127e+01
686000 1.113524e-22 -4.051067e-20 1.596007e-19 1.613045e+01
687000 2.766316e-22 -4.013915e-20 1.601375e-19 4.007269e+01
688000 1.058416e-22 -3.540938e-20 1.646965e-19 1.533215e+01
689000 5.956199e-22 -4.033267e-20 1.602630e-19 8.628115e+01
690000 6.566810e-21 -3.968720e-20 1.668796e-19 9.512643e+02
691000 9.076927e-23 -3.951218e-20 1.605786e-19 1.314878e+01
692000 6.416130e-23 -3.929485e-20 1.607693e-19 9.294368e+00
693000 5.719019e-22 -3.878073e-20 1.617912e-19 8.284538e+01
694000 1.894181e-21 -3.994802e-20 1.619462e-19 2.743900e+02
695000 7.022134e-24 -3.779873e-20 1.622083e-19 1.017222e+00
696000 2.944198e-21 -3.937825e-20 1.635660e-19 4.264948e+02
697000 2.999488e-21 -3.995075e-20 1.630487e-19 4.345040e+02
698000 5.172290e-23 -3.128989e-20 1.687618e-19 7.492548e+00
699000 5.839020e-21 -4.031868e-20 1.655203e-19 8.458370e+02
700000 1.151316e-22 -4.006448e-20 1.600507e-19 1.667790e+01
701000 5.105537e-22 -4.041933e-20 1.600912e-19 7.395851e+01
702000 6.141012e-21 -4.022929e-20 1.659117e-19 8.895833e+02
703000 2.751074e-21 -3.366518e-20 1.690859e-19 3.985190e+02
704000 1.467015e-20 -3.919097e-20 1.754792e-19 2.125109e+03
705000 3.013336e-22 -3.891627e-20 1.613851e-19 4.365101e+01
706000 9.935251e-23 -4.059576e-20 1.595047e-19 1.439215e+01
707000 3.150434e-21 -3.515781e-20 1.679926e-19 4.563700e+02
708000 8.623436e-22 -3.842742e-20 1.624349e-19 1.249186e+02
709000 1.118232e-22 -4.050796e-20 1.596039e-19 1.619864e+01
710000 9.905073e-23 -3.388453e-20 1.662145e-19 1.434843e+01
711000 1.475522e-23 -4.001333e-20 1.600014e-19 2.137432e+00
712000 4.943592e-23 -3.122561e-20 1.688238e-19 7.161258e+00
713000 1.459033e-21 -4.009963e-20 1.613594e-19 2.113547e+02
714000 7.105023e-22 -3.803723e-20 1.626733e-19 1.029229e+02
715000 3.841745e-23 -3.910710e-20 1.609313e-19 5.565128e+00
716000 2.466663e-21 -3.713535e-20 1.653313e-19 3.573193e+02
717000 2.116615e-22 -3.906410e-20 1.611476e-19 3.066116e+01
718000 7.516523e-23 -3.326921e-20 1.668060e-19 1.088839e+01
719000 2.282812e-21 -4.073800e-20 1.626670e-19 3.306869e+02
720000 1.250741e-22 -3.988452e-20 1.602406e-19 1.811816e+01
721000 2.187445e-21 -3.917396e-20 1.630135e-19 3.168720e+02
722000 1.834076e-22 -3.832082e-20 1.618626e-19 2.656832e+01
723000 5.548998e-23 -3.904742e-20 1.610081e-19 8.038245e+00
724000 7.330326e-22 -4.074101e-20 1.612600e-19 1.061867e+02
725000 3.043222e-21 -3.963474e-20 1.634085e-19 4.408393e+02
726000 1.090328e-21 -3.761125e-20 1.634791e-19 1.579443e+02
727000 1.334517e-21 -4.069960e-20 1.608483e-19 1.933173e+02
728000 4.213151e-22 -3.069651e-20 1.697248e-19 6.103146e+01
729000 2.195446e-21 -3.921208e-20 1.629834e-19 3.180310e+02
730000 3.253217e-21 -4.027682e-20 1.629764e-19 4.712591e+02
731000 1.923973e-21 -4.029492e-20 1.616290e-19 2.787057e+02
732000 4.726683e-24 -3.585003e-20 1.641547e-19 6.847045e-01
733000 3.805160e-22 -4.015815e-20 1.602224e-19 5.512132e+01
734000 2.135556e-21 -4.021684e-20 1.619187e-19 3.093554e+02
735000 5.348765e-22 -3.339023e-20 1.671446e-19 7.748189e+01
736000 8.658527e-22 -4.037289e-20 1.604930e-19 1.254269e+02
737000 3.039998e-21 -3.850293e-20 1.645371e-19 4.403722e+02
738000 1.264078e-20 -4.065726e-20 1.720117e-19 1.831136e+03
739000 1.637298e-21 -4.023849e-20 1.613988e-19 2.371781e+02
740000 2.726456e-21 -3.843464e-20 1.642918e-19 3.949529e+02
741000 1.803594e-22 -4.070133e-20 1.597099e-19 2.612676e+01
742000 1.966961e-21 -3.629903e-20 1.656679e-19 2.849329e+02
743000 4.381460e-22 -3.463120e-20 1.658069e-19 6.346957e+01
744000 2.937057e-24 -3.857840e-20 1.614245e-19 4.254604e-01
745000 2.306646e-22 -3.590338e-20 1.643273e-19 3.341394e+01
746000 6.616386e-21 -4.063381e-20 1.659910e-19 9.584458e+02
747000 3.498517e-22 -4.023262e-20 1.601172e-19 5.067931e+01
748000 2.665355e-21 -4.004183e-20 1.626235e-19 3.861017e+02
749000 5.207464e-22 -4.015913e-20 1.603616e-19 7.543501e+01
750000 1.637484e-22 -3.515744e-20 1.650063e-19 2.372050e+01
751000 4.176835e-21 -4.042235e-20 1.637545e-19 6.050539e+02
752000 1.832158e-21 -3.919525e-20 1.626369e-19 2.654053e+02
753000 3.060839e-21 -4.039271e-20 1.626681e-19 4.433913e+02
754000 1.338080e-21 -3.754212e-20 1.637960e-19 1.938334e+02
755000 9.095851e-22 -3.750509e-20 1.634045e-19 1.317620e+02
756000 1.679836e-21 -3.588937e-20 1.657905e-19 2.433401e+02
757000 2.109710e-21 -3.482905e-20 1.672807e-19 3.056113e+02
758000 1.230974e-21 -3.921247e-20 1.620185e-19 1.783181e+02
759000 7.106996e-23 -3.974032e-20 1.603308e-19 1.029515e+01
760000 5.516027e-22 -3.931627e-20 1.612353e-19 7.990484e+01
761000 6.619200e-22 -4.048053e-20 1.601814e-19 9.588534e+01
762000 1.962929e-21 -3.969360e-20 1.622693e-19 2.843488e+02
763000 7.067158e-23 -3.975058e-20 1.603201e-19 1.023744e+01
764000 2.061378e-21 -4.016166e-20 1.618997e-19 2.986100e+02
765000 5.092816e-21 -4.043970e-20 1.646531e-19 7.377423e+02
766000 4.191155e-22 -4.065943e-20 1.597911e-19 6.071283e+01
767000 1.000824e-20 -3.850908e-20 1.714992e-19 1.449788e+03
768000 5.647036e-22 -4.021002e-20 1.603547e-19 8.180263e+01
769000 9.009587e-22 -3.309614e-20 1.678048e-19 1.305123e+02
770000 1.694507e-21 -4.044961e-20 1.612449e-19 2.454653e+02
771000 2.121766e-21 -3.972743e-20 1.623943e-19 3.073578e+02
772000 9.227784e-22 -3.857201e-20 1.623508e-19 1.336731e+02
773000 3.838181e-21 -3.601381e-20 1.678244e-19 5.559967e+02
774000 2.219773e-21 -3.516044e-20 1.670593e-19 3.215550e+02
775000 7.915746e-22 -3.893833e-20 1.618532e-19 1.146670e+02
776000 7.631607e-21 -2.581542e-20 1.818162e-19 1.105510e+03
777000 7.063329e-21 -3.941881e-20 1.676445e-19 1.023190e+03
778000 1.100224e-29 -3.989763e-20 1.601024e-19 1.593778e-06
779000 1.459236e-21 -3.641476e-20 1.650445e-19 2.113841e+02
780000 6.973987e-22 -3.798608e-20 1.627113e-19 1.010248e+02
781000 2.816727e-22 -3.759661e-20 1.626851e-19 4.080294e+01
782000 6.301285e-22 -3.706327e-20 1.635669e-19 9.128005e+01
783000 2.041444e-21 -4.063121e-20 1.614176e-19 2.957223e+02
784000 3.505987e-24 -3.556862e-20 1.644349e-19 5.078752e-01
785000 4.402127e-23 -4.026526e-20 1.597788e-19 6.376895e+00
786000 2.315133e-21 -3.630047e-20 1.660147e-19 3.353688e+02
787000 5.127714e-22 -3.696662e-20 1.635462e-19 7.427977e+01
788000 1.311319e-21 -4.058759e-20 1.607244e-19 1.899569e+02
789000 9.655708e-22 -3.759165e-20 1.633739e-19 1.398720e+02
790000 1.235385e-22 -3.912044e-20 1.610031e-19 1.789571e+01
791000 4.262352e-22 -3.463272e-20 1.657935e-19 6.174418e+01
792000 6.584951e-21 -3.693518e-20 1.696498e-19 9.538921e+02
793000 2.023352e-22 -4.006927e-20 1.601331e-19 2.931016e+01
794000 2.163379e-23 -3.866406e-20 1.613576e-19 3.133858e+00
795000 3.465808e-21 -1.443159e-20 1.890342e-19 5.020549e+02
796000 2.764615e-22 -4.038237e-20 1.598941e-19 4.004804e+01
797000 5.015031e-21 -4.062896e-20 1.643926e-19 7.264745e+02
798000 2.772269e-23 -4.024473e-20 1.597830e-19 4.015893e+00
799000 4.680280e-21 -3.897074e-20 1.657095e-19 6.779827e+02
800000 2.376771e-21 -3.839274e-20 1.639840e-19 3.442977e+02
801000 6.405727e-24 -4.005386e-20 1.599525e-19 9.279299e-01
802000 2.501680e-21 -4.043195e-20 1.620697e-19 3.623918e+02
803000 6.040937e-22 -3.208923e-20 1.685149e-19 8.750866e+01
804000 1.842861e-22 -4.008090e-20 1.601034e-19 2.669558e+01
805000 1.249624e-21 -3.678339e-20 1.644662e-19 1.810199e+02
806000 1.071325e-21 -3.915889e-20 1.619124e-19 1.551916e+02
807000 2.118282e-23 -3.950107e-20 1.605201e-19 3.068530e+00
808000 1.694151e-21 -3.648093e-20 1.652132e-19 2.454137e+02
809000 1.811222e-21 -3.951682e-20 1.622944e-19 2.623725e+02
810000 9.317490e-22 -3.936588e-20 1.615659e-19 1.349726e+02
811000 1.506382e-21 -3.787979e-20 1.636266e-19 2.182136e+02
812000 9.732811e-25 -3.791298e-20 1.620880e-19 1.409889e-01
813000 3.732578e-21 -3.237336e-20 1.713592e-19 5.406990e+02
814000 3.576808e-24 -3.966059e-20 1.603430e-19 5.181343e-01
815000 5.044771e-22 -4.053549e-20 1.599690e-19 7.307825e+01
816000 1.065860e-21 -3.601982e-20 1.650460e-19 1.543998e+02
817000 6.813270e-23 -3.917278e-20 1.608954e-19 9.869663e+00
818000 1.283064e-21 -3.661033e-20 1.646727e-19 1.858639e+02
819000 4.365127e-21 -3.996157e-20 1.644036e-19 6.323297e+02
820000 1.377222e-21 -3.923124e-20 1.621460e-19 1.995036e+02
821000 2.394892e-22 -3.814773e-20 1.620918e-19 3.469227e+01
822000 1.011730e-21 -4.015898e-20 1.608528e-19 1.465587e+02
823000 4.658701e-22 -4.055843e-20 1.599076e-19 6.748567e+01
824000 9.482432e-21 -3.574599e-20 1.737364e-19 1.373620e+03
825000 2.220345e-21 -3.918244e-20 1.630379e-19 3.216379e+02
826000 2.100982e-20 -4.004966e-20 1.809602e-19 3.043470e+03
827000 3.467670e-21 -3.882832e-20 1.646393e-19 5.023246e+02
828000 9.509646e-22 -3.996543e-20 1.609855e-19 1.377562e+02
829000 2.875016e-22 -3.787014e-20 1.624174e-19 4.164731e+01
830000 2.654733e-21 -3.949573e-20 1.631590e-19 3.845630e+02
831000 1.890663e-21 -3.877253e-20 1.631181e-19 2.738803e+02
832000 5.912157e-21 -4.058683e-20 1.653260e-19 8.564316e+02
833000 4.273917e-21 -3.988342e-20 1.643905e-19 6.191171e+02
834000 4.731407e-23 -3.808570e-20 1.619616e-19 6.853888e+00
835000 2.523605e-21 -4.004565e-20 1.624780e-19 3.655680e+02
836000 3.152674e-24 -3.907976e-20 1.609234e-19 4.566945e-01
837000 2.170396e-23 -3.897265e-20 1.610491e-19 3.144023e+00
838000 2.802260e-21 -3.988568e-20 1.629166e-19 4.059338e+02
839000 3.314675e-22 -3.330619e-20 1.670253e-19 4.801618e+01
840000 1.936577e-22 -3.845618e-20 1.617375e-19 2.805314e+01
841000 2.804456e-21 -3.818596e-20 1.646185e-19 4.062519e+02
842000 2.050152e-21 -3.923127e-20 1.628189e-19 2.969838e+02
843000 1.598673e-24 -3.731212e-20 1.626895e-19 2.315829e-01
844000 4.525232e-23 -3.415299e-20 1.658923e-19 6.555225e+00
845000 1.232921e-21 -4.018756e-20 1.610454e-19 1.786002e+02
846000 4.642102e-22 -4.018401e-20 1.602802e-19 6.724522e+01
847000 7.231631e-21 -3.121382e-20 1.760178e-19 1.047570e+03
848000 1.249790e-22 -3.805466e-20 1.620703e-19 1.810438e+01
849000 6.949486e-21 -4.064560e-20 1.663195e-19 1.006698e+03
850000 2.048920e-24 -4.050278e-20 1.594993e-19 2.968054e-01
851000 1.278244e-25 -3.985699e-20 1.601431e-19 1.851656e-02
852000 9.170334e-21 -3.407653e-20 1.750938e-19 1.328409e+03
853000 1.933951e-21 -3.879428e-20 1.631397e-19 2.801510e+02
854000 4.282851e-21 -4.047717e-20 1.638057e-19 6.204112e+02
855000 8.421807e-21 -3.693854e-20 1.714833e-19 1.219978e+03
856000 5.094668e-22 -3.277163e-20 1.677378e-19 7.380106e+01
857000 3.292576e-21 -3.839314e-20 1.648994e-19 4.769605e+02
858000 7.389961e-22 -3.503653e-20 1.657025e-19 1.070505e+02
859000 1.772758e-21 -3.966018e-20 1.621126e-19 2.568006e+02
860000 1.939536e-21 -3.883574e-20 1.631038e-19 2.809600e+02
861000 2.203499e-22 -3.919292e-20 1.610274e-19 3.191975e+01
862000 3.791462e-21 -4.068982e-20 1.632377e-19 5.492290e+02
863000 5.932140e-22 -3.915424e-20 1.614390e-19 8.593263e+01
864000 1.639779e-21 -4.073197e-20 1.617830e-19 2.375374e+02
865000 1.385269e-22 -3.519077e-20 1.649478e-19 2.006692e+01
866000 1.000546e-22 -4.066569e-20 1.594771e-19 1.449385e+01
867000 2.062325e-22 -4.052793e-20 1.596783e-19 2.987471e+01
868000 9.456418e-22 -4.002602e-20 1.609196e-19 1.369851e+02
869000 2.420235e-21 -3.858345e-20 1.638368e-19 3.505938e+02
870000 1.621889e-23 -4.033412e-20 1.596821e-19 2.349458e+00
871000 2.456801e-21 -4.000839e-20 1.624484e-19 3.558907e+02
872000 7.137509e-21 -3.957714e-20 1.675604e-19 1.033935e+03
873000 3.582060e-23 -4.053933e-20 1.594965e-19 5.188951e+00
874000 4.577338e-21 -4.043361e-20 1.641437e-19 6.630705e+02
875000 1.479088e-21 -3.345189e-20 1.680272e-19 2.142598e+02
876000 1.018249e-21 -3.756690e-20 1.634513e-19 1.475029e+02
877000 2.638450e-22 -3.875848e-20 1.615054e-19 3.822043e+01
878000 1.196917e-21 -3.722689e-20 1.639700e-19 1.733846e+02
879000 5.605662e-23 -4.037789e-20 1.596782e-19 8.120329e+00
