FX FY FZ 
2.730548e-10 0.000000e+00 0.000000e+00
-1.443240e-10 0.000000e+00 0.000000e+00
3.197374e-10 0.000000e+00 0.000000e+00
4.703363e-10 0.000000e+00 0.000000e+00
2.482718e-10 0.000000e+00 0.000000e+00
-2.820404e-10 0.000000e+00 0.000000e+00
1.790771e-10 0.000000e+00 0.000000e+00
1.688052e-10 0.000000e+00 0.000000e+00
1.690381e-10 0.000000e+00 0.000000e+00
-6.811453e-10 0.000000e+00 0.000000e+00
4.213218e-10 0.000000e+00 0.000000e+00
3.851256e-10 0.000000e+00 0.000000e+00
3.376555e-10 0.000000e+00 0.000000e+00
-6.889843e-11 0.000000e+00 0.000000e+00
1.140199e-10 0.000000e+00 0.000000e+00
-1.558474e-10 0.000000e+00 0.000000e+00
-1.530611e-12 0.000000e+00 0.000000e+00
3.047034e-10 0.000000e+00 0.000000e+00
5.328204e-10 0.000000e+00 0.000000e+00
3.460899e-10 0.000000e+00 0.000000e+00
6.262179e-10 0.000000e+00 0.000000e+00
-6.098266e-10 0.000000e+00 0.000000e+00
-9.719533e-11 0.000000e+00 0.000000e+00
8.048986e-11 0.000000e+00 0.000000e+00
-1.583267e-10 0.000000e+00 0.000000e+00
-4.670176e-11 0.000000e+00 0.000000e+00
1.652956e-10 0.000000e+00 0.000000e+00
4.455077e-10 0.000000e+00 0.000000e+00
2.630366e-10 0.000000e+00 0.000000e+00
-3.168694e-11 0.000000e+00 0.000000e+00
3.522498e-10 0.000000e+00 0.000000e+00
2.694346e-10 0.000000e+00 0.000000e+00
-2.817993e-10 0.000000e+00 0.000000e+00
1.128595e-10 0.000000e+00 0.000000e+00
-1.728139e-10 0.000000e+00 0.000000e+00
1.363004e-10 0.000000e+00 0.000000e+00
-6.630371e-10 0.000000e+00 0.000000e+00
2.502544e-11 0.000000e+00 0.000000e+00
-8.492317e-10 0.000000e+00 0.000000e+00
2.259091e-10 0.000000e+00 0.000000e+00
-3.000740e-10 0.000000e+00 0.000000e+00
1.051043e-10 0.000000e+00 0.000000e+00
-8.211270e-11 0.000000e+00 0.000000e+00
-4.224998e-10 0.000000e+00 0.000000e+00
-2.215691e-10 0.000000e+00 0.000000e+00
3.199675e-10 0.000000e+00 0.000000e+00
1.674616e-10 0.000000e+00 0.000000e+00
1.282020e-10 0.000000e+00 0.000000e+00
3.472620e-10 0.000000e+00 0.000000e+00
4.470239e-11 0.000000e+00 0.000000e+00
4.768204e-10 0.000000e+00 0.000000e+00
1.953515e-10 0.000000e+00 0.000000e+00
3.693768e-11 0.000000e+00 0.000000e+00
3.029013e-10 0.000000e+00 0.000000e+00
-3.011559e-11 0.000000e+00 0.000000e+00
5.926459e-10 0.000000e+00 0.000000e+00
-1.068489e-10 0.000000e+00 0.000000e+00
2.904937e-11 0.000000e+00 0.000000e+00
-6.091931e-10 0.000000e+00 0.000000e+00
2.170690e-10 0.000000e+00 0.000000e+00
-7.174641e-10 0.000000e+00 0.000000e+00
-4.882883e-10 0.000000e+00 0.000000e+00
6.769756e-11 0.000000e+00 0.000000e+00
1.322062e-10 0.000000e+00 0.000000e+00
5.154338e-11 0.000000e+00 0.000000e+00
2.784235e-10 0.000000e+00 0.000000e+00
1.290941e-10 0.000000e+00 0.000000e+00
2.620979e-10 0.000000e+00 0.000000e+00
5.646145e-10 0.000000e+00 0.000000e+00
-6.240373e-10 0.000000e+00 0.000000e+00
-1.167199e-10 0.000000e+00 0.000000e+00
-3.234568e-10 0.000000e+00 0.000000e+00
-2.273768e-10 0.000000e+00 0.000000e+00
-3.944690e-10 0.000000e+00 0.000000e+00
4.245106e-10 0.000000e+00 0.000000e+00
2.726355e-10 0.000000e+00 0.000000e+00
3.776653e-11 0.000000e+00 0.000000e+00
-1.726366e-10 0.000000e+00 0.000000e+00
7.254366e-11 0.000000e+00 0.000000e+00
-1.740793e-11 0.000000e+00 0.000000e+00
-3.988707e-11 0.000000e+00 0.000000e+00
4.214675e-10 0.000000e+00 0.000000e+00
2.572387e-10 0.000000e+00 0.000000e+00
2.820174e-11 0.000000e+00 0.000000e+00
-4.886712e-11 0.000000e+00 0.000000e+00
-3.845133e-10 0.000000e+00 0.000000e+00
1.708053e-10 0.000000e+00 0.000000e+00
3.085627e-10 0.000000e+00 0.000000e+00
-4.777405e-11 0.000000e+00 0.000000e+00
3.038130e-10 0.000000e+00 0.000000e+00
8.299048e-11 0.000000e+00 0.000000e+00
3.040723e-11 0.000000e+00 0.000000e+00
9.676753e-11 0.000000e+00 0.000000e+00
4.040954e-10 0.000000e+00 0.000000e+00
-6.364307e-11 0.000000e+00 0.000000e+00
-4.118891e-10 0.000000e+00 0.000000e+00
-1.627583e-10 0.000000e+00 0.000000e+00
2.547277e-10 0.000000e+00 0.000000e+00
-4.703806e-10 0.000000e+00 0.000000e+00
4.223828e-11 0.000000e+00 0.000000e+00
3.636994e-11 0.000000e+00 0.000000e+00
-4.793201e-10 0.000000e+00 0.000000e+00
4.516397e-11 0.000000e+00 0.000000e+00
3.446737e-10 0.000000e+00 0.000000e+00
5.217945e-10 0.000000e+00 0.000000e+00
2.099331e-10 0.000000e+00 0.000000e+00
-2.911597e-10 0.000000e+00 0.000000e+00
-1.159524e-10 0.000000e+00 0.000000e+00
-5.702049e-10 0.000000e+00 0.000000e+00
-3.010455e-10 0.000000e+00 0.000000e+00
1.615061e-10 0.000000e+00 0.000000e+00
-3.407725e-10 0.000000e+00 0.000000e+00
2.425150e-11 0.000000e+00 0.000000e+00
1.643101e-10 0.000000e+00 0.000000e+00
2.530229e-10 0.000000e+00 0.000000e+00
3.492191e-10 0.000000e+00 0.000000e+00
-3.576868e-11 0.000000e+00 0.000000e+00
-2.902170e-10 0.000000e+00 0.000000e+00
-1.131000e-10 0.000000e+00 0.000000e+00
-5.389402e-10 0.000000e+00 0.000000e+00
2.906430e-10 0.000000e+00 0.000000e+00
5.419155e-10 0.000000e+00 0.000000e+00
1.211228e-10 0.000000e+00 0.000000e+00
-2.202552e-10 0.000000e+00 0.000000e+00
4.560987e-10 0.000000e+00 0.000000e+00
-8.577863e-10 0.000000e+00 0.000000e+00
-1.554984e-10 0.000000e+00 0.000000e+00
-5.543513e-10 0.000000e+00 0.000000e+00
2.448850e-10 0.000000e+00 0.000000e+00
4.106784e-10 0.000000e+00 0.000000e+00
-3.199183e-10 0.000000e+00 0.000000e+00
-4.348135e-10 0.000000e+00 0.000000e+00
-6.601595e-10 0.000000e+00 0.000000e+00
2.860838e-10 0.000000e+00 0.000000e+00
4.530619e-10 0.000000e+00 0.000000e+00
-1.704861e-10 0.000000e+00 0.000000e+00
4.047707e-10 0.000000e+00 0.000000e+00
3.903160e-10 0.000000e+00 0.000000e+00
3.509227e-10 0.000000e+00 0.000000e+00
-4.781911e-10 0.000000e+00 0.000000e+00
1.164725e-10 0.000000e+00 0.000000e+00
4.689178e-10 0.000000e+00 0.000000e+00
2.285513e-10 0.000000e+00 0.000000e+00
1.085496e-10 0.000000e+00 0.000000e+00
8.119680e-11 0.000000e+00 0.000000e+00
-7.168295e-10 0.000000e+00 0.000000e+00
1.856497e-10 0.000000e+00 0.000000e+00
4.789811e-10 0.000000e+00 0.000000e+00
-3.140331e-10 0.000000e+00 0.000000e+00
-4.942102e-10 0.000000e+00 0.000000e+00
-1.043064e-11 0.000000e+00 0.000000e+00
3.128799e-10 0.000000e+00 0.000000e+00
5.129367e-10 0.000000e+00 0.000000e+00
1.581864e-10 0.000000e+00 0.000000e+00
-5.931616e-10 0.000000e+00 0.000000e+00
-3.967721e-10 0.000000e+00 0.000000e+00
-1.142259e-10 0.000000e+00 0.000000e+00
-3.972912e-10 0.000000e+00 0.000000e+00
3.655592e-10 0.000000e+00 0.000000e+00
4.757048e-10 0.000000e+00 0.000000e+00
7.504350e-11 0.000000e+00 0.000000e+00
-4.326847e-10 0.000000e+00 0.000000e+00
3.471536e-10 0.000000e+00 0.000000e+00
-2.242177e-10 0.000000e+00 0.000000e+00
2.760342e-10 0.000000e+00 0.000000e+00
2.568282e-10 0.000000e+00 0.000000e+00
-4.004215e-10 0.000000e+00 0.000000e+00
-3.176854e-11 0.000000e+00 0.000000e+00
-9.968960e-11 0.000000e+00 0.000000e+00
-2.170850e-10 0.000000e+00 0.000000e+00
-1.230349e-10 0.000000e+00 0.000000e+00
4.629320e-10 0.000000e+00 0.000000e+00
3.976173e-10 0.000000e+00 0.000000e+00
-2.951372e-10 0.000000e+00 0.000000e+00
-1.048680e-10 0.000000e+00 0.000000e+00
8.715898e-11 0.000000e+00 0.000000e+00
-8.243685e-10 0.000000e+00 0.000000e+00
1.340923e-10 0.000000e+00 0.000000e+00
2.226390e-12 0.000000e+00 0.000000e+00
5.378310e-11 0.000000e+00 0.000000e+00
9.246251e-11 0.000000e+00 0.000000e+00
3.575261e-10 0.000000e+00 0.000000e+00
2.132298e-10 0.000000e+00 0.000000e+00
1.046601e-10 0.000000e+00 0.000000e+00
9.173122e-11 0.000000e+00 0.000000e+00
4.413619e-10 0.000000e+00 0.000000e+00
-5.290484e-10 0.000000e+00 0.000000e+00
1.832584e-10 0.000000e+00 0.000000e+00
9.396616e-11 0.000000e+00 0.000000e+00
-2.119085e-10 0.000000e+00 0.000000e+00
2.688119e-10 0.000000e+00 0.000000e+00
-3.612218e-10 0.000000e+00 0.000000e+00
-5.973735e-11 0.000000e+00 0.000000e+00
4.484335e-10 0.000000e+00 0.000000e+00
-1.067158e-10 0.000000e+00 0.000000e+00
1.951485e-10 0.000000e+00 0.000000e+00
3.133897e-10 0.000000e+00 0.000000e+00
5.002404e-10 0.000000e+00 0.000000e+00
-6.637685e-10 0.000000e+00 0.000000e+00
-3.601812e-10 0.000000e+00 0.000000e+00
6.849663e-11 0.000000e+00 0.000000e+00
4.583117e-10 0.000000e+00 0.000000e+00
2.275931e-10 0.000000e+00 0.000000e+00
1.287184e-10 0.000000e+00 0.000000e+00
2.037061e-10 0.000000e+00 0.000000e+00
-3.990446e-10 0.000000e+00 0.000000e+00
3.310970e-10 0.000000e+00 0.000000e+00
-6.065608e-10 0.000000e+00 0.000000e+00
1.828095e-10 0.000000e+00 0.000000e+00
-8.829399e-10 0.000000e+00 0.000000e+00
7.950376e-11 0.000000e+00 0.000000e+00
-6.012309e-10 0.000000e+00 0.000000e+00
2.086342e-10 0.000000e+00 0.000000e+00
-2.139544e-12 0.000000e+00 0.000000e+00
-3.900718e-10 0.000000e+00 0.000000e+00
4.570546e-10 0.000000e+00 0.000000e+00
-2.865561e-11 0.000000e+00 0.000000e+00
2.297119e-11 0.000000e+00 0.000000e+00
-2.598794e-10 0.000000e+00 0.000000e+00
3.790271e-10 0.000000e+00 0.000000e+00
-2.030190e-09 0.000000e+00 0.000000e+00
-2.811336e-10 0.000000e+00 0.000000e+00
-2.355404e-10 0.000000e+00 0.000000e+00
3.546723e-10 0.000000e+00 0.000000e+00
-1.852070e-10 0.000000e+00 0.000000e+00
6.028077e-10 0.000000e+00 0.000000e+00
1.499594e-10 0.000000e+00 0.000000e+00
4.596661e-10 0.000000e+00 0.000000e+00
-3.199171e-10 0.000000e+00 0.000000e+00
-4.672166e-10 0.000000e+00 0.000000e+00
8.888469e-11 0.000000e+00 0.000000e+00
1.847916e-10 0.000000e+00 0.000000e+00
3.241253e-10 0.000000e+00 0.000000e+00
-1.008942e-10 0.000000e+00 0.000000e+00
-2.067930e-10 0.000000e+00 0.000000e+00
-5.984737e-10 0.000000e+00 0.000000e+00
4.475223e-10 0.000000e+00 0.000000e+00
-6.875980e-11 0.000000e+00 0.000000e+00
3.838976e-10 0.000000e+00 0.000000e+00
-2.758908e-10 0.000000e+00 0.000000e+00
-3.628916e-10 0.000000e+00 0.000000e+00
-1.898839e-10 0.000000e+00 0.000000e+00
-6.790969e-10 0.000000e+00 0.000000e+00
5.914905e-10 0.000000e+00 0.000000e+00
2.202503e-10 0.000000e+00 0.000000e+00
-1.022903e-10 0.000000e+00 0.000000e+00
3.806236e-10 0.000000e+00 0.000000e+00
2.187524e-10 0.000000e+00 0.000000e+00
3.273053e-10 0.000000e+00 0.000000e+00
1.152681e-10 0.000000e+00 0.000000e+00
1.859466e-10 0.000000e+00 0.000000e+00
-4.350432e-10 0.000000e+00 0.000000e+00
-1.113580e-10 0.000000e+00 0.000000e+00
-2.602404e-11 0.000000e+00 0.000000e+00
-4.973989e-11 0.000000e+00 0.000000e+00
-8.828079e-11 0.000000e+00 0.000000e+00
2.599724e-10 0.000000e+00 0.000000e+00
-1.473163e-10 0.000000e+00 0.000000e+00
5.437804e-10 0.000000e+00 0.000000e+00
-2.909460e-10 0.000000e+00 0.000000e+00
1.165720e-10 0.000000e+00 0.000000e+00
2.315800e-10 0.000000e+00 0.000000e+00
-4.199799e-10 0.000000e+00 0.000000e+00
-5.875075e-10 0.000000e+00 0.000000e+00
5.975122e-10 0.000000e+00 0.000000e+00
6.199751e-10 0.000000e+00 0.000000e+00
3.554077e-11 0.000000e+00 0.000000e+00
-1.666449e-10 0.000000e+00 0.000000e+00
2.655275e-10 0.000000e+00 0.000000e+00
2.601002e-10 0.000000e+00 0.000000e+00
1.380921e-10 0.000000e+00 0.000000e+00
4.669131e-10 0.000000e+00 0.000000e+00
-3.273644e-10 0.000000e+00 0.000000e+00
1.574973e-10 0.000000e+00 0.000000e+00
-1.055774e-11 0.000000e+00 0.000000e+00
1.367569e-10 0.000000e+00 0.000000e+00
1.143022e-10 0.000000e+00 0.000000e+00
3.399965e-10 0.000000e+00 0.000000e+00
-5.902373e-10 0.000000e+00 0.000000e+00
-3.921504e-10 0.000000e+00 0.000000e+00
-8.145779e-11 0.000000e+00 0.000000e+00
1.741197e-10 0.000000e+00 0.000000e+00
2.225377e-10 0.000000e+00 0.000000e+00
-5.814215e-10 0.000000e+00 0.000000e+00
1.444285e-10 0.000000e+00 0.000000e+00
9.793436e-11 0.000000e+00 0.000000e+00
-1.484562e-11 0.000000e+00 0.000000e+00
-4.711844e-10 0.000000e+00 0.000000e+00
-3.076985e-10 0.000000e+00 0.000000e+00
2.197176e-10 0.000000e+00 0.000000e+00
-9.026153e-11 0.000000e+00 0.000000e+00
-8.448007e-11 0.000000e+00 0.000000e+00
-3.123555e-10 0.000000e+00 0.000000e+00
-6.718898e-11 0.000000e+00 0.000000e+00
-3.222956e-10 0.000000e+00 0.000000e+00
1.203413e-10 0.000000e+00 0.000000e+00
2.820542e-10 0.000000e+00 0.000000e+00
1.239260e-10 0.000000e+00 0.000000e+00
-5.239665e-11 0.000000e+00 0.000000e+00
5.289310e-10 0.000000e+00 0.000000e+00
1.034822e-10 0.000000e+00 0.000000e+00
3.346464e-10 0.000000e+00 0.000000e+00
1.677873e-10 0.000000e+00 0.000000e+00
2.500155e-10 0.000000e+00 0.000000e+00
3.027262e-10 0.000000e+00 0.000000e+00
4.495528e-10 0.000000e+00 0.000000e+00
6.124150e-10 0.000000e+00 0.000000e+00
4.118058e-10 0.000000e+00 0.000000e+00
5.328773e-10 0.000000e+00 0.000000e+00
1.836054e-10 0.000000e+00 0.000000e+00
2.770127e-10 0.000000e+00 0.000000e+00
3.542968e-10 0.000000e+00 0.000000e+00
4.605944e-10 0.000000e+00 0.000000e+00
1.531924e-10 0.000000e+00 0.000000e+00
2.229760e-10 0.000000e+00 0.000000e+00
2.579944e-10 0.000000e+00 0.000000e+00
2.146621e-10 0.000000e+00 0.000000e+00
3.310824e-10 0.000000e+00 0.000000e+00
3.627682e-10 0.000000e+00 0.000000e+00
4.502322e-10 0.000000e+00 0.000000e+00
2.672088e-10 0.000000e+00 0.000000e+00
2.110178e-10 0.000000e+00 0.000000e+00
4.564378e-10 0.000000e+00 0.000000e+00
5.182096e-10 0.000000e+00 0.000000e+00
2.168143e-10 0.000000e+00 0.000000e+00
2.690603e-10 0.000000e+00 0.000000e+00
5.132480e-10 0.000000e+00 0.000000e+00
2.615256e-10 0.000000e+00 0.000000e+00
3.984518e-10 0.000000e+00 0.000000e+00
1.973299e-10 0.000000e+00 0.000000e+00
4.692894e-10 0.000000e+00 0.000000e+00
6.018309e-10 0.000000e+00 0.000000e+00
1.765769e-10 0.000000e+00 0.000000e+00
4.943602e-10 0.000000e+00 0.000000e+00
1.575205e-10 0.000000e+00 0.000000e+00
2.212080e-10 0.000000e+00 0.000000e+00
4.727484e-10 0.000000e+00 0.000000e+00
3.334617e-10 0.000000e+00 0.000000e+00
1.877052e-10 0.000000e+00 0.000000e+00
5.493801e-10 0.000000e+00 0.000000e+00
2.674297e-10 0.000000e+00 0.000000e+00
4.178003e-10 0.000000e+00 0.000000e+00
1.995626e-10 0.000000e+00 0.000000e+00
4.273294e-10 0.000000e+00 0.000000e+00
3.968828e-10 0.000000e+00 0.000000e+00
3.128359e-10 0.000000e+00 0.000000e+00
6.311604e-10 0.000000e+00 0.000000e+00
5.334336e-10 0.000000e+00 0.000000e+00
3.091790e-10 0.000000e+00 0.000000e+00
2.406225e-10 0.000000e+00 0.000000e+00
2.207238e-10 0.000000e+00 0.000000e+00
4.725985e-10 0.000000e+00 0.000000e+00
3.870225e-10 0.000000e+00 0.000000e+00
4.868831e-10 0.000000e+00 0.000000e+00
1.959089e-10 0.000000e+00 0.000000e+00
3.590270e-10 0.000000e+00 0.000000e+00
2.735472e-10 0.000000e+00 0.000000e+00
1.843329e-10 0.000000e+00 0.000000e+00
1.879031e-10 0.000000e+00 0.000000e+00
1.422610e-10 0.000000e+00 0.000000e+00
1.874266e-10 0.000000e+00 0.000000e+00
6.114657e-10 0.000000e+00 0.000000e+00
4.924315e-10 0.000000e+00 0.000000e+00
4.427360e-10 0.000000e+00 0.000000e+00
5.571818e-10 0.000000e+00 0.000000e+00
4.427748e-10 0.000000e+00 0.000000e+00
3.006713e-10 0.000000e+00 0.000000e+00
5.472761e-10 0.000000e+00 0.000000e+00
2.013701e-10 0.000000e+00 0.000000e+00
2.778793e-10 0.000000e+00 0.000000e+00
3.918006e-10 0.000000e+00 0.000000e+00
3.396954e-10 0.000000e+00 0.000000e+00
3.064408e-10 0.000000e+00 0.000000e+00
6.298407e-10 0.000000e+00 0.000000e+00
2.063561e-10 0.000000e+00 0.000000e+00
1.830030e-10 0.000000e+00 0.000000e+00
3.094781e-10 0.000000e+00 0.000000e+00
2.304892e-10 0.000000e+00 0.000000e+00
3.822473e-10 0.000000e+00 0.000000e+00
4.592368e-10 0.000000e+00 0.000000e+00
4.312800e-10 0.000000e+00 0.000000e+00
1.975843e-10 0.000000e+00 0.000000e+00
3.475029e-10 0.000000e+00 0.000000e+00
5.323313e-10 0.000000e+00 0.000000e+00
3.233182e-10 0.000000e+00 0.000000e+00
1.851953e-10 0.000000e+00 0.000000e+00
4.249206e-10 0.000000e+00 0.000000e+00
2.111832e-10 0.000000e+00 0.000000e+00
4.140019e-10 0.000000e+00 0.000000e+00
1.647918e-10 0.000000e+00 0.000000e+00
3.142694e-10 0.000000e+00 0.000000e+00
4.555827e-10 0.000000e+00 0.000000e+00
2.595469e-10 0.000000e+00 0.000000e+00
2.080495e-10 0.000000e+00 0.000000e+00
2.549333e-10 0.000000e+00 0.000000e+00
4.500448e-10 0.000000e+00 0.000000e+00
2.553968e-10 0.000000e+00 0.000000e+00
1.900797e-10 0.000000e+00 0.000000e+00
3.203346e-10 0.000000e+00 0.000000e+00
2.052071e-10 0.000000e+00 0.000000e+00
2.178681e-10 0.000000e+00 0.000000e+00
1.820377e-10 0.000000e+00 0.000000e+00
2.799314e-10 0.000000e+00 0.000000e+00
1.609796e-10 0.000000e+00 0.000000e+00
3.311199e-10 0.000000e+00 0.000000e+00
2.897297e-10 0.000000e+00 0.000000e+00
3.694271e-10 0.000000e+00 0.000000e+00
1.682369e-10 0.000000e+00 0.000000e+00
2.885202e-10 0.000000e+00 0.000000e+00
1.570945e-10 0.000000e+00 0.000000e+00
4.531743e-10 0.000000e+00 0.000000e+00
3.849752e-10 0.000000e+00 0.000000e+00
1.589489e-10 0.000000e+00 0.000000e+00
3.949522e-10 0.000000e+00 0.000000e+00
3.195417e-10 0.000000e+00 0.000000e+00
2.509481e-10 0.000000e+00 0.000000e+00
1.800130e-10 0.000000e+00 0.000000e+00
2.700639e-10 0.000000e+00 0.000000e+00
1.736992e-10 0.000000e+00 0.000000e+00
4.369845e-10 0.000000e+00 0.000000e+00
4.349684e-10 0.000000e+00 0.000000e+00
3.681590e-10 0.000000e+00 0.000000e+00
1.442692e-10 0.000000e+00 0.000000e+00
5.339134e-10 0.000000e+00 0.000000e+00
1.972716e-10 0.000000e+00 0.000000e+00
3.770891e-10 0.000000e+00 0.000000e+00
1.771448e-10 0.000000e+00 0.000000e+00
2.227201e-10 0.000000e+00 0.000000e+00
1.776418e-10 0.000000e+00 0.000000e+00
2.482103e-10 0.000000e+00 0.000000e+00
4.667672e-10 0.000000e+00 0.000000e+00
2.870527e-10 0.000000e+00 0.000000e+00
2.660463e-10 0.000000e+00 0.000000e+00
2.030042e-10 0.000000e+00 0.000000e+00
4.191868e-10 0.000000e+00 0.000000e+00
3.992635e-10 0.000000e+00 0.000000e+00
3.438855e-10 0.000000e+00 0.000000e+00
2.566604e-10 0.000000e+00 0.000000e+00
2.895245e-10 0.000000e+00 0.000000e+00
1.607482e-10 0.000000e+00 0.000000e+00
2.217751e-10 0.000000e+00 0.000000e+00
3.482489e-10 0.000000e+00 0.000000e+00
3.696193e-10 0.000000e+00 0.000000e+00
2.233357e-10 0.000000e+00 0.000000e+00
4.246067e-10 0.000000e+00 0.000000e+00
5.348088e-10 0.000000e+00 0.000000e+00
4.879066e-10 0.000000e+00 0.000000e+00
2.768856e-10 0.000000e+00 0.000000e+00
4.184074e-10 0.000000e+00 0.000000e+00
3.271498e-10 0.000000e+00 0.000000e+00
5.089123e-10 0.000000e+00 0.000000e+00
2.923627e-10 0.000000e+00 0.000000e+00
3.979234e-10 0.000000e+00 0.000000e+00
3.910631e-10 0.000000e+00 0.000000e+00
5.286969e-10 0.000000e+00 0.000000e+00
2.661501e-10 0.000000e+00 0.000000e+00
2.893038e-10 0.000000e+00 0.000000e+00
5.411519e-10 0.000000e+00 0.000000e+00
5.863651e-10 0.000000e+00 0.000000e+00
3.789959e-10 0.000000e+00 0.000000e+00
5.221322e-10 0.000000e+00 0.000000e+00
3.300656e-10 0.000000e+00 0.000000e+00
5.297935e-10 0.000000e+00 0.000000e+00
1.860282e-10 0.000000e+00 0.000000e+00
2.027122e-10 0.000000e+00 0.000000e+00
4.421984e-10 0.000000e+00 0.000000e+00
3.789214e-10 0.000000e+00 0.000000e+00
4.119373e-10 0.000000e+00 0.000000e+00
4.852671e-10 0.000000e+00 0.000000e+00
3.339097e-10 0.000000e+00 0.000000e+00
1.633052e-10 0.000000e+00 0.000000e+00
5.329184e-10 0.000000e+00 0.000000e+00
2.239649e-10 0.000000e+00 0.000000e+00
4.708432e-10 0.000000e+00 0.000000e+00
1.951235e-10 0.000000e+00 0.000000e+00
5.140007e-10 0.000000e+00 0.000000e+00
2.155399e-10 0.000000e+00 0.000000e+00
4.463096e-10 0.000000e+00 0.000000e+00
4.419733e-10 0.000000e+00 0.000000e+00
4.950723e-10 0.000000e+00 0.000000e+00
4.479269e-10 0.000000e+00 0.000000e+00
3.647702e-10 0.000000e+00 0.000000e+00
4.067270e-10 0.000000e+00 0.000000e+00
2.147161e-10 0.000000e+00 0.000000e+00
3.259894e-10 0.000000e+00 0.000000e+00
1.989517e-10 0.000000e+00 0.000000e+00
2.412567e-10 0.000000e+00 0.000000e+00
3.070573e-10 0.000000e+00 0.000000e+00
2.022704e-10 0.000000e+00 0.000000e+00
3.523135e-10 0.000000e+00 0.000000e+00
3.297773e-10 0.000000e+00 0.000000e+00
4.432688e-10 0.000000e+00 0.000000e+00
3.242425e-10 0.000000e+00 0.000000e+00
1.503181e-10 0.000000e+00 0.000000e+00
1.472317e-10 0.000000e+00 0.000000e+00
2.528197e-10 0.000000e+00 0.000000e+00
4.653298e-10 0.000000e+00 0.000000e+00
4.728549e-10 0.000000e+00 0.000000e+00
3.092000e-10 0.000000e+00 0.000000e+00
2.548918e-10 0.000000e+00 0.000000e+00
4.151068e-10 0.000000e+00 0.000000e+00
3.853486e-10 0.000000e+00 0.000000e+00
2.528209e-10 0.000000e+00 0.000000e+00
1.821026e-10 0.000000e+00 0.000000e+00
2.692324e-10 0.000000e+00 0.000000e+00
1.673857e-10 0.000000e+00 0.000000e+00
4.967244e-10 0.000000e+00 0.000000e+00
2.449535e-10 0.000000e+00 0.000000e+00
4.379989e-10 0.000000e+00 0.000000e+00
1.698762e-10 0.000000e+00 0.000000e+00
2.130853e-10 0.000000e+00 0.000000e+00
2.980867e-10 0.000000e+00 0.000000e+00
1.988582e-10 0.000000e+00 0.000000e+00
3.162547e-10 0.000000e+00 0.000000e+00
3.756723e-10 0.000000e+00 0.000000e+00
2.290546e-10 0.000000e+00 0.000000e+00
4.207511e-10 0.000000e+00 0.000000e+00
4.558789e-10 0.000000e+00 0.000000e+00
6.141567e-10 0.000000e+00 0.000000e+00
3.982676e-10 0.000000e+00 0.000000e+00
6.285253e-10 0.000000e+00 0.000000e+00
3.111555e-10 0.000000e+00 0.000000e+00
2.671822e-10 0.000000e+00 0.000000e+00
3.571100e-10 0.000000e+00 0.000000e+00
5.906867e-10 0.000000e+00 0.000000e+00
3.183454e-10 0.000000e+00 0.000000e+00
3.851272e-10 0.000000e+00 0.000000e+00
5.095164e-10 0.000000e+00 0.000000e+00
1.827945e-10 0.000000e+00 0.000000e+00
1.977970e-10 0.000000e+00 0.000000e+00
3.134951e-10 0.000000e+00 0.000000e+00
1.572196e-10 0.000000e+00 0.000000e+00
4.153252e-10 0.000000e+00 0.000000e+00
2.715746e-10 0.000000e+00 0.000000e+00
4.278223e-10 0.000000e+00 0.000000e+00
4.033466e-10 0.000000e+00 0.000000e+00
2.546871e-10 0.000000e+00 0.000000e+00
2.170468e-10 0.000000e+00 0.000000e+00
4.307962e-10 0.000000e+00 0.000000e+00
4.820361e-10 0.000000e+00 0.000000e+00
4.512107e-10 0.000000e+00 0.000000e+00
3.766253e-10 0.000000e+00 0.000000e+00
3.189624e-10 0.000000e+00 0.000000e+00
2.871912e-10 0.000000e+00 0.000000e+00
1.494264e-10 0.000000e+00 0.000000e+00
2.582293e-10 0.000000e+00 0.000000e+00
2.882568e-10 0.000000e+00 0.000000e+00
1.993144e-10 0.000000e+00 0.000000e+00
1.905512e-10 0.000000e+00 0.000000e+00
4.826261e-10 0.000000e+00 0.000000e+00
4.922714e-10 0.000000e+00 0.000000e+00
2.996945e-10 0.000000e+00 0.000000e+00
3.715126e-10 0.000000e+00 0.000000e+00
5.566910e-10 0.000000e+00 0.000000e+00
3.503276e-10 0.000000e+00 0.000000e+00
2.553928e-10 0.000000e+00 0.000000e+00
2.408879e-10 0.000000e+00 0.000000e+00
3.762441e-10 0.000000e+00 0.000000e+00
1.798391e-10 0.000000e+00 0.000000e+00
5.065192e-10 0.000000e+00 0.000000e+00
3.392360e-10 0.000000e+00 0.000000e+00
2.085974e-10 0.000000e+00 0.000000e+00
2.493619e-10 0.000000e+00 0.000000e+00
4.393978e-10 0.000000e+00 0.000000e+00
2.039247e-10 0.000000e+00 0.000000e+00
3.185804e-10 0.000000e+00 0.000000e+00
2.653861e-10 0.000000e+00 0.000000e+00
4.401925e-10 0.000000e+00 0.000000e+00
5.763236e-10 0.000000e+00 0.000000e+00
4.471260e-10 0.000000e+00 0.000000e+00
2.317718e-10 0.000000e+00 0.000000e+00
5.164580e-10 0.000000e+00 0.000000e+00
2.013923e-10 0.000000e+00 0.000000e+00
3.862801e-10 0.000000e+00 0.000000e+00
4.432724e-10 0.000000e+00 0.000000e+00
1.510296e-10 0.000000e+00 0.000000e+00
1.541935e-10 0.000000e+00 0.000000e+00
1.944943e-10 0.000000e+00 0.000000e+00
3.792493e-10 0.000000e+00 0.000000e+00
1.997858e-10 0.000000e+00 0.000000e+00
1.904573e-10 0.000000e+00 0.000000e+00
3.356004e-10 0.000000e+00 0.000000e+00
2.965930e-10 0.000000e+00 0.000000e+00
1.974390e-10 0.000000e+00 0.000000e+00
1.607158e-10 0.000000e+00 0.000000e+00
2.421634e-10 0.000000e+00 0.000000e+00
5.442269e-10 0.000000e+00 0.000000e+00
3.036785e-10 0.000000e+00 0.000000e+00
1.505676e-10 0.000000e+00 0.000000e+00
2.451545e-10 0.000000e+00 0.000000e+00
1.546136e-10 0.000000e+00 0.000000e+00
3.453248e-10 0.000000e+00 0.000000e+00
5.116619e-10 0.000000e+00 0.000000e+00
1.876892e-10 0.000000e+00 0.000000e+00
2.941553e-10 0.000000e+00 0.000000e+00
4.920237e-10 0.000000e+00 0.000000e+00
1.650996e-10 0.000000e+00 0.000000e+00
2.658577e-10 0.000000e+00 0.000000e+00
4.652474e-10 0.000000e+00 0.000000e+00
1.921194e-10 0.000000e+00 0.000000e+00
2.751236e-10 0.000000e+00 0.000000e+00
1.849976e-10 0.000000e+00 0.000000e+00
4.276892e-10 0.000000e+00 0.000000e+00
3.427920e-10 0.000000e+00 0.000000e+00
3.014313e-10 0.000000e+00 0.000000e+00
1.886555e-10 0.000000e+00 0.000000e+00
3.553928e-10 0.000000e+00 0.000000e+00
3.430272e-10 0.000000e+00 0.000000e+00
4.242438e-10 0.000000e+00 0.000000e+00
3.827091e-10 0.000000e+00 0.000000e+00
1.397994e-10 0.000000e+00 0.000000e+00
6.278272e-10 0.000000e+00 0.000000e+00
3.461013e-10 0.000000e+00 0.000000e+00
1.563393e-10 0.000000e+00 0.000000e+00
3.493677e-10 0.000000e+00 0.000000e+00
2.715300e-10 0.000000e+00 0.000000e+00
3.535554e-10 0.000000e+00 0.000000e+00
2.140599e-10 0.000000e+00 0.000000e+00
5.821715e-10 0.000000e+00 0.000000e+00
3.037890e-10 0.000000e+00 0.000000e+00
5.099678e-10 0.000000e+00 0.000000e+00
4.151541e-10 0.000000e+00 0.000000e+00
2.000904e-10 0.000000e+00 0.000000e+00
1.896017e-10 0.000000e+00 0.000000e+00
2.779439e-10 0.000000e+00 0.000000e+00
2.468376e-10 0.000000e+00 0.000000e+00
2.817693e-10 0.000000e+00 0.000000e+00
1.455847e-10 0.000000e+00 0.000000e+00
2.461227e-10 0.000000e+00 0.000000e+00
3.638980e-10 0.000000e+00 0.000000e+00
5.506555e-10 0.000000e+00 0.000000e+00
3.173198e-10 0.000000e+00 0.000000e+00
5.387691e-10 0.000000e+00 0.000000e+00
2.020406e-10 0.000000e+00 0.000000e+00
2.850303e-10 0.000000e+00 0.000000e+00
3.999291e-10 0.000000e+00 0.000000e+00
2.116040e-10 0.000000e+00 0.000000e+00
2.174681e-10 0.000000e+00 0.000000e+00
5.958717e-10 0.000000e+00 0.000000e+00
5.013998e-10 0.000000e+00 0.000000e+00
3.786766e-10 0.000000e+00 0.000000e+00
3.295830e-10 0.000000e+00 0.000000e+00
2.954044e-10 0.000000e+00 0.000000e+00
2.899200e-10 0.000000e+00 0.000000e+00
4.241676e-10 0.000000e+00 0.000000e+00
2.115322e-10 0.000000e+00 0.000000e+00
1.951979e-10 0.000000e+00 0.000000e+00
5.901495e-10 0.000000e+00 0.000000e+00
2.252487e-10 0.000000e+00 0.000000e+00
5.259702e-10 0.000000e+00 0.000000e+00
2.245086e-10 0.000000e+00 0.000000e+00
2.093956e-10 0.000000e+00 0.000000e+00
2.720117e-10 0.000000e+00 0.000000e+00
5.385698e-10 0.000000e+00 0.000000e+00
4.407120e-10 0.000000e+00 0.000000e+00
2.699906e-10 0.000000e+00 0.000000e+00
3.081993e-10 0.000000e+00 0.000000e+00
2.386327e-10 0.000000e+00 0.000000e+00
6.275832e-10 0.000000e+00 0.000000e+00
1.442986e-10 0.000000e+00 0.000000e+00
2.153476e-10 0.000000e+00 0.000000e+00
3.238227e-10 0.000000e+00 0.000000e+00
1.592342e-10 0.000000e+00 0.000000e+00
1.752034e-10 0.000000e+00 0.000000e+00
2.216677e-10 0.000000e+00 0.000000e+00
5.858760e-10 0.000000e+00 0.000000e+00
3.184261e-10 0.000000e+00 0.000000e+00
1.938787e-10 0.000000e+00 0.000000e+00
4.820274e-10 0.000000e+00 0.000000e+00
2.687849e-10 0.000000e+00 0.000000e+00
3.335892e-10 0.000000e+00 0.000000e+00
5.286618e-10 0.000000e+00 0.000000e+00
5.099083e-10 0.000000e+00 0.000000e+00
5.631039e-10 0.000000e+00 0.000000e+00
2.367572e-10 0.000000e+00 0.000000e+00
4.837777e-10 0.000000e+00 0.000000e+00
3.738129e-10 0.000000e+00 0.000000e+00
2.025236e-10 0.000000e+00 0.000000e+00
5.705173e-10 0.000000e+00 0.000000e+00
3.506862e-10 0.000000e+00 0.000000e+00
3.456253e-10 0.000000e+00 0.000000e+00
4.180215e-10 0.000000e+00 0.000000e+00
2.978008e-10 0.000000e+00 0.000000e+00
2.694596e-10 0.000000e+00 0.000000e+00
2.488045e-10 0.000000e+00 0.000000e+00
3.415206e-10 0.000000e+00 0.000000e+00
1.846984e-10 0.000000e+00 0.000000e+00
2.313534e-10 0.000000e+00 0.000000e+00
4.847369e-10 0.000000e+00 0.000000e+00
2.087227e-10 0.000000e+00 0.000000e+00
2.751009e-10 0.000000e+00 0.000000e+00
2.896407e-10 0.000000e+00 0.000000e+00
3.063148e-10 0.000000e+00 0.000000e+00
3.410063e-10 0.000000e+00 0.000000e+00
2.511402e-10 0.000000e+00 0.000000e+00
3.944172e-10 0.000000e+00 0.000000e+00
3.000811e-10 0.000000e+00 0.000000e+00
2.508724e-10 0.000000e+00 0.000000e+00
5.744022e-10 0.000000e+00 0.000000e+00
2.104650e-10 0.000000e+00 0.000000e+00
2.393472e-10 0.000000e+00 0.000000e+00
1.974862e-10 0.000000e+00 0.000000e+00
2.211871e-10 0.000000e+00 0.000000e+00
5.300656e-10 0.000000e+00 0.000000e+00
3.138186e-10 0.000000e+00 0.000000e+00
3.324171e-10 0.000000e+00 0.000000e+00
1.717151e-10 0.000000e+00 0.000000e+00
4.921162e-10 0.000000e+00 0.000000e+00
3.618457e-10 0.000000e+00 0.000000e+00
1.850941e-10 0.000000e+00 0.000000e+00
5.250519e-10 0.000000e+00 0.000000e+00
2.446218e-10 0.000000e+00 0.000000e+00
5.753800e-10 0.000000e+00 0.000000e+00
2.356289e-10 0.000000e+00 0.000000e+00
3.826578e-10 0.000000e+00 0.000000e+00
3.196796e-10 0.000000e+00 0.000000e+00
4.239587e-10 0.000000e+00 0.000000e+00
3.226201e-10 0.000000e+00 0.000000e+00
5.386808e-10 0.000000e+00 0.000000e+00
1.468709e-10 0.000000e+00 0.000000e+00
2.572636e-10 0.000000e+00 0.000000e+00
3.150206e-10 0.000000e+00 0.000000e+00
3.677423e-10 0.000000e+00 0.000000e+00
3.237492e-10 0.000000e+00 0.000000e+00
1.462913e-10 0.000000e+00 0.000000e+00
2.795748e-10 0.000000e+00 0.000000e+00
4.032105e-10 0.000000e+00 0.000000e+00
1.540509e-10 0.000000e+00 0.000000e+00
5.830391e-10 0.000000e+00 0.000000e+00
3.123164e-10 0.000000e+00 0.000000e+00
2.155717e-10 0.000000e+00 0.000000e+00
2.133826e-10 0.000000e+00 0.000000e+00
4.710088e-10 0.000000e+00 0.000000e+00
2.292597e-10 0.000000e+00 0.000000e+00
2.226279e-10 0.000000e+00 0.000000e+00
5.361057e-10 0.000000e+00 0.000000e+00
2.036050e-10 0.000000e+00 0.000000e+00
3.575649e-10 0.000000e+00 0.000000e+00
1.615329e-10 0.000000e+00 0.000000e+00
2.201148e-10 0.000000e+00 0.000000e+00
3.614406e-10 0.000000e+00 0.000000e+00
1.537347e-10 0.000000e+00 0.000000e+00
4.558603e-10 0.000000e+00 0.000000e+00
5.065823e-10 0.000000e+00 0.000000e+00
3.531964e-10 0.000000e+00 0.000000e+00
4.692727e-10 0.000000e+00 0.000000e+00
1.655044e-10 0.000000e+00 0.000000e+00
2.207998e-10 0.000000e+00 0.000000e+00
2.417024e-10 0.000000e+00 0.000000e+00
2.291518e-10 0.000000e+00 0.000000e+00
4.921268e-10 0.000000e+00 0.000000e+00
1.970798e-10 0.000000e+00 0.000000e+00
3.135150e-10 0.000000e+00 0.000000e+00
2.010219e-10 0.000000e+00 0.000000e+00
4.063600e-10 0.000000e+00 0.000000e+00
4.080269e-10 0.000000e+00 0.000000e+00
4.697303e-10 0.000000e+00 0.000000e+00
5.012962e-10 0.000000e+00 0.000000e+00
3.122883e-10 0.000000e+00 0.000000e+00
2.704625e-10 0.000000e+00 0.000000e+00
3.047326e-10 0.000000e+00 0.000000e+00
1.890377e-10 0.000000e+00 0.000000e+00
2.745483e-10 0.000000e+00 0.000000e+00
2.695526e-10 0.000000e+00 0.000000e+00
2.288705e-10 0.000000e+00 0.000000e+00
1.947247e-10 0.000000e+00 0.000000e+00
1.611584e-10 0.000000e+00 0.000000e+00
3.572124e-10 0.000000e+00 0.000000e+00
2.234116e-10 0.000000e+00 0.000000e+00
5.422780e-10 0.000000e+00 0.000000e+00
1.933637e-10 0.000000e+00 0.000000e+00
2.715979e-10 0.000000e+00 0.000000e+00
3.535696e-10 0.000000e+00 0.000000e+00
4.656262e-10 0.000000e+00 0.000000e+00
4.920406e-10 0.000000e+00 0.000000e+00
3.309849e-10 0.000000e+00 0.000000e+00
6.262343e-10 0.000000e+00 0.000000e+00
2.969772e-10 0.000000e+00 0.000000e+00
2.560156e-10 0.000000e+00 0.000000e+00
4.517481e-10 0.000000e+00 0.000000e+00
3.852368e-10 0.000000e+00 0.000000e+00
4.038814e-10 0.000000e+00 0.000000e+00
4.269221e-10 0.000000e+00 0.000000e+00
1.659373e-10 0.000000e+00 0.000000e+00
4.798978e-10 0.000000e+00 0.000000e+00
2.169551e-10 0.000000e+00 0.000000e+00
4.558097e-10 0.000000e+00 0.000000e+00
4.308280e-10 0.000000e+00 0.000000e+00
1.730139e-10 0.000000e+00 0.000000e+00
4.041084e-10 0.000000e+00 0.000000e+00
3.187584e-10 0.000000e+00 0.000000e+00
5.065423e-10 0.000000e+00 0.000000e+00
4.320820e-10 0.000000e+00 0.000000e+00
2.388444e-10 0.000000e+00 0.000000e+00
3.481229e-10 0.000000e+00 0.000000e+00
5.840018e-10 0.000000e+00 0.000000e+00
2.023745e-10 0.000000e+00 0.000000e+00
1.663119e-10 0.000000e+00 0.000000e+00
2.193841e-10 0.000000e+00 0.000000e+00
3.288619e-10 0.000000e+00 0.000000e+00
3.637828e-10 0.000000e+00 0.000000e+00
2.404550e-10 0.000000e+00 0.000000e+00
1.957803e-10 0.000000e+00 0.000000e+00
5.613366e-10 0.000000e+00 0.000000e+00
2.376195e-10 0.000000e+00 0.000000e+00
4.380264e-10 0.000000e+00 0.000000e+00
3.160800e-10 0.000000e+00 0.000000e+00
2.905285e-10 0.000000e+00 0.000000e+00
4.493560e-10 0.000000e+00 0.000000e+00
2.892693e-10 0.000000e+00 0.000000e+00
3.010183e-10 0.000000e+00 0.000000e+00
3.904953e-10 0.000000e+00 0.000000e+00
3.888678e-10 0.000000e+00 0.000000e+00
5.562674e-10 0.000000e+00 0.000000e+00
2.773833e-10 0.000000e+00 0.000000e+00
1.810292e-10 0.000000e+00 0.000000e+00
4.654256e-10 0.000000e+00 0.000000e+00
3.151042e-10 0.000000e+00 0.000000e+00
4.445900e-10 0.000000e+00 0.000000e+00
2.498069e-10 0.000000e+00 0.000000e+00
3.109425e-10 0.000000e+00 0.000000e+00
3.769732e-10 0.000000e+00 0.000000e+00
2.291680e-10 0.000000e+00 0.000000e+00
1.775545e-10 0.000000e+00 0.000000e+00
4.743468e-10 0.000000e+00 0.000000e+00
3.144224e-10 0.000000e+00 0.000000e+00
2.408913e-10 0.000000e+00 0.000000e+00
3.380311e-10 0.000000e+00 0.000000e+00
2.494261e-10 0.000000e+00 0.000000e+00
3.909662e-10 0.000000e+00 0.000000e+00
2.909532e-10 0.000000e+00 0.000000e+00
3.415148e-10 0.000000e+00 0.000000e+00
1.731344e-10 0.000000e+00 0.000000e+00
2.573678e-10 0.000000e+00 0.000000e+00
3.801832e-10 0.000000e+00 0.000000e+00
2.413071e-10 0.000000e+00 0.000000e+00
3.215537e-10 0.000000e+00 0.000000e+00
3.287361e-10 0.000000e+00 0.000000e+00
2.571535e-10 0.000000e+00 0.000000e+00
5.378993e-10 0.000000e+00 0.000000e+00
3.602261e-10 0.000000e+00 0.000000e+00
3.749694e-10 0.000000e+00 0.000000e+00
3.109408e-10 0.000000e+00 0.000000e+00
4.164987e-10 0.000000e+00 0.000000e+00
5.186685e-10 0.000000e+00 0.000000e+00
2.259683e-10 0.000000e+00 0.000000e+00
2.263692e-10 0.000000e+00 0.000000e+00
5.755582e-10 0.000000e+00 0.000000e+00
3.817714e-10 0.000000e+00 0.000000e+00
1.635222e-10 0.000000e+00 0.000000e+00
1.858466e-10 0.000000e+00 0.000000e+00
2.598556e-10 0.000000e+00 0.000000e+00
5.205151e-10 0.000000e+00 0.000000e+00
3.401633e-10 0.000000e+00 0.000000e+00
1.895135e-10 0.000000e+00 0.000000e+00
4.319485e-10 0.000000e+00 0.000000e+00
5.487597e-10 0.000000e+00 0.000000e+00
3.637606e-10 0.000000e+00 0.000000e+00
4.955621e-10 0.000000e+00 0.000000e+00
2.774187e-10 0.000000e+00 0.000000e+00
3.375635e-10 0.000000e+00 0.000000e+00
3.136800e-10 0.000000e+00 0.000000e+00
1.558156e-10 0.000000e+00 0.000000e+00
3.164060e-10 0.000000e+00 0.000000e+00
1.480263e-10 0.000000e+00 0.000000e+00
4.911673e-10 0.000000e+00 0.000000e+00
1.600760e-10 0.000000e+00 0.000000e+00
1.821571e-10 0.000000e+00 0.000000e+00
2.433275e-10 0.000000e+00 0.000000e+00
3.529004e-10 0.000000e+00 0.000000e+00
2.085407e-10 0.000000e+00 0.000000e+00
2.451231e-10 0.000000e+00 0.000000e+00
2.843704e-10 0.000000e+00 0.000000e+00
1.804525e-10 0.000000e+00 0.000000e+00
1.955551e-10 0.000000e+00 0.000000e+00
5.347742e-10 0.000000e+00 0.000000e+00
4.052365e-10 0.000000e+00 0.000000e+00
3.423824e-10 0.000000e+00 0.000000e+00
4.201302e-10 0.000000e+00 0.000000e+00
2.029570e-10 0.000000e+00 0.000000e+00
