pX pY pZ 
-1.700443e-13 0.000000e+00 0.000000e+00
6.094672e-14 0.000000e+00 0.000000e+00
-2.066586e-14 0.000000e+00 0.000000e+00
-2.409792e-13 0.000000e+00 0.000000e+00
1.785407e-13 0.000000e+00 0.000000e+00
-1.736028e-13 0.000000e+00 0.000000e+00
1.602064e-13 0.000000e+00 0.000000e+00
9.679908e-14 0.000000e+00 0.000000e+00
2.239532e-13 0.000000e+00 0.000000e+00
-4.294107e-13 0.000000e+00 0.000000e+00
-1.741585e-15 0.000000e+00 0.000000e+00
2.624640e-15 0.000000e+00 0.000000e+00
-6.809536e-14 0.000000e+00 0.000000e+00
-9.272971e-14 0.000000e+00 0.000000e+00
1.203604e-13 0.000000e+00 0.000000e+00
-1.940273e-14 0.000000e+00 0.000000e+00
1.982789e-13 0.000000e+00 0.000000e+00
8.121471e-14 0.000000e+00 0.000000e+00
3.928723e-13 0.000000e+00 0.000000e+00
3.010775e-14 0.000000e+00 0.000000e+00
2.032099e-13 0.000000e+00 0.000000e+00
-3.706235e-14 0.000000e+00 0.000000e+00
-1.617837e-13 0.000000e+00 0.000000e+00
-2.213913e-13 0.000000e+00 0.000000e+00
3.744127e-14 0.000000e+00 0.000000e+00
-1.182542e-13 0.000000e+00 0.000000e+00
-3.122623e-13 0.000000e+00 0.000000e+00
-1.077813e-13 0.000000e+00 0.000000e+00
-4.319832e-13 0.000000e+00 0.000000e+00
-6.932622e-15 0.000000e+00 0.000000e+00
2.369994e-13 0.000000e+00 0.000000e+00
3.501440e-14 0.000000e+00 0.000000e+00
-8.259632e-14 0.000000e+00 0.000000e+00
-3.258814e-13 0.000000e+00 0.000000e+00
-5.803802e-14 0.000000e+00 0.000000e+00
2.631609e-14 0.000000e+00 0.000000e+00
-1.280239e-13 0.000000e+00 0.000000e+00
-1.147591e-13 0.000000e+00 0.000000e+00
2.291089e-13 0.000000e+00 0.000000e+00
-6.952705e-14 0.000000e+00 0.000000e+00
5.499955e-14 0.000000e+00 0.000000e+00
5.453650e-14 0.000000e+00 0.000000e+00
3.362702e-13 0.000000e+00 0.000000e+00
1.812655e-13 0.000000e+00 0.000000e+00
2.515595e-13 0.000000e+00 0.000000e+00
6.511368e-14 0.000000e+00 0.000000e+00
-1.881162e-14 0.000000e+00 0.000000e+00
-8.330058e-14 0.000000e+00 0.000000e+00
-2.334674e-13 0.000000e+00 0.000000e+00
1.926848e-13 0.000000e+00 0.000000e+00
2.410832e-13 0.000000e+00 0.000000e+00
5.257028e-14 0.000000e+00 0.000000e+00
2.921552e-13 0.000000e+00 0.000000e+00
-3.272125e-14 0.000000e+00 0.000000e+00
2.026610e-13 0.000000e+00 0.000000e+00
1.249156e-13 0.000000e+00 0.000000e+00
-5.804789e-16 0.000000e+00 0.000000e+00
1.836798e-15 0.000000e+00 0.000000e+00
-4.152640e-13 0.000000e+00 0.000000e+00
-2.923868e-14 0.000000e+00 0.000000e+00
5.263086e-14 0.000000e+00 0.000000e+00
-9.642462e-14 0.000000e+00 0.000000e+00
3.428656e-15 0.000000e+00 0.000000e+00
3.118824e-13 0.000000e+00 0.000000e+00
-1.039034e-13 0.000000e+00 0.000000e+00
-2.716562e-13 0.000000e+00 0.000000e+00
-1.518208e-14 0.000000e+00 0.000000e+00
-1.019649e-13 0.000000e+00 0.000000e+00
-1.614932e-13 0.000000e+00 0.000000e+00
1.370636e-13 0.000000e+00 0.000000e+00
1.281618e-13 0.000000e+00 0.000000e+00
-1.340353e-13 0.000000e+00 0.000000e+00
3.609734e-15 0.000000e+00 0.000000e+00
-2.813589e-15 0.000000e+00 0.000000e+00
-1.530471e-13 0.000000e+00 0.000000e+00
8.190174e-15 0.000000e+00 0.000000e+00
1.576038e-13 0.000000e+00 0.000000e+00
4.550304e-14 0.000000e+00 0.000000e+00
-2.881055e-13 0.000000e+00 0.000000e+00
2.111640e-13 0.000000e+00 0.000000e+00
2.293165e-13 0.000000e+00 0.000000e+00
1.324171e-13 0.000000e+00 0.000000e+00
-1.222439e-13 0.000000e+00 0.000000e+00
-5.593291e-14 0.000000e+00 0.000000e+00
-1.493992e-13 0.000000e+00 0.000000e+00
-1.078177e-13 0.000000e+00 0.000000e+00
6.831278e-14 0.000000e+00 0.000000e+00
-3.726995e-14 0.000000e+00 0.000000e+00
-2.881613e-14 0.000000e+00 0.000000e+00
8.317473e-14 0.000000e+00 0.000000e+00
-1.711359e-13 0.000000e+00 0.000000e+00
-6.393850e-14 0.000000e+00 0.000000e+00
1.140918e-13 0.000000e+00 0.000000e+00
1.691018e-13 0.000000e+00 0.000000e+00
1.207434e-13 0.000000e+00 0.000000e+00
-5.623601e-14 0.000000e+00 0.000000e+00
5.805506e-14 0.000000e+00 0.000000e+00
2.014462e-13 0.000000e+00 0.000000e+00
-1.476634e-13 0.000000e+00 0.000000e+00
-1.517533e-13 0.000000e+00 0.000000e+00
6.576468e-14 0.000000e+00 0.000000e+00
-1.686433e-13 0.000000e+00 0.000000e+00
-8.663607e-14 0.000000e+00 0.000000e+00
-2.919536e-13 0.000000e+00 0.000000e+00
-1.215212e-13 0.000000e+00 0.000000e+00
1.802628e-13 0.000000e+00 0.000000e+00
-2.955164e-14 0.000000e+00 0.000000e+00
-1.507774e-13 0.000000e+00 0.000000e+00
5.519660e-14 0.000000e+00 0.000000e+00
-4.036060e-14 0.000000e+00 0.000000e+00
1.056238e-13 0.000000e+00 0.000000e+00
7.505851e-14 0.000000e+00 0.000000e+00
5.145324e-14 0.000000e+00 0.000000e+00
8.186838e-14 0.000000e+00 0.000000e+00
-9.542208e-14 0.000000e+00 0.000000e+00
1.756842e-14 0.000000e+00 0.000000e+00
-1.228239e-13 0.000000e+00 0.000000e+00
2.027198e-14 0.000000e+00 0.000000e+00
-4.573653e-14 0.000000e+00 0.000000e+00
2.003175e-13 0.000000e+00 0.000000e+00
-1.731658e-13 0.000000e+00 0.000000e+00
1.670383e-13 0.000000e+00 0.000000e+00
-1.423308e-13 0.000000e+00 0.000000e+00
4.250271e-13 0.000000e+00 0.000000e+00
1.037472e-13 0.000000e+00 0.000000e+00
1.363704e-13 0.000000e+00 0.000000e+00
3.257501e-13 0.000000e+00 0.000000e+00
-2.250976e-13 0.000000e+00 0.000000e+00
1.519992e-13 0.000000e+00 0.000000e+00
-3.059171e-14 0.000000e+00 0.000000e+00
2.380852e-14 0.000000e+00 0.000000e+00
-1.776742e-13 0.000000e+00 0.000000e+00
1.145295e-13 0.000000e+00 0.000000e+00
-2.296749e-13 0.000000e+00 0.000000e+00
3.176869e-14 0.000000e+00 0.000000e+00
-5.541824e-14 0.000000e+00 0.000000e+00
2.831837e-13 0.000000e+00 0.000000e+00
-3.035191e-13 0.000000e+00 0.000000e+00
1.877763e-14 0.000000e+00 0.000000e+00
1.388032e-13 0.000000e+00 0.000000e+00
-1.955614e-13 0.000000e+00 0.000000e+00
1.977523e-13 0.000000e+00 0.000000e+00
7.623943e-14 0.000000e+00 0.000000e+00
4.016961e-14 0.000000e+00 0.000000e+00
2.463952e-13 0.000000e+00 0.000000e+00
7.371211e-15 0.000000e+00 0.000000e+00
2.447346e-13 0.000000e+00 0.000000e+00
-1.260952e-13 0.000000e+00 0.000000e+00
7.507901e-14 0.000000e+00 0.000000e+00
3.443609e-13 0.000000e+00 0.000000e+00
-8.216423e-16 0.000000e+00 0.000000e+00
-1.650374e-13 0.000000e+00 0.000000e+00
-1.228832e-13 0.000000e+00 0.000000e+00
-4.277213e-16 0.000000e+00 0.000000e+00
2.260745e-13 0.000000e+00 0.000000e+00
7.118936e-14 0.000000e+00 0.000000e+00
6.486435e-14 0.000000e+00 0.000000e+00
-2.106693e-13 0.000000e+00 0.000000e+00
2.728640e-13 0.000000e+00 0.000000e+00
4.109144e-14 0.000000e+00 0.000000e+00
9.593029e-14 0.000000e+00 0.000000e+00
-1.150079e-13 0.000000e+00 0.000000e+00
-9.644906e-14 0.000000e+00 0.000000e+00
-2.079608e-13 0.000000e+00 0.000000e+00
9.778951e-14 0.000000e+00 0.000000e+00
9.833157e-14 0.000000e+00 0.000000e+00
-3.469760e-13 0.000000e+00 0.000000e+00
-5.550612e-14 0.000000e+00 0.000000e+00
1.697639e-13 0.000000e+00 0.000000e+00
-2.176236e-13 0.000000e+00 0.000000e+00
-1.590893e-13 0.000000e+00 0.000000e+00
1.085462e-13 0.000000e+00 0.000000e+00
6.146111e-14 0.000000e+00 0.000000e+00
1.785745e-13 0.000000e+00 0.000000e+00
-7.143613e-14 0.000000e+00 0.000000e+00
-6.512666e-14 0.000000e+00 0.000000e+00
-2.420063e-13 0.000000e+00 0.000000e+00
-2.715859e-14 0.000000e+00 0.000000e+00
1.846424e-13 0.000000e+00 0.000000e+00
-1.878687e-13 0.000000e+00 0.000000e+00
2.471169e-13 0.000000e+00 0.000000e+00
1.652460e-13 0.000000e+00 0.000000e+00
2.332152e-13 0.000000e+00 0.000000e+00
-6.566470e-14 0.000000e+00 0.000000e+00
1.600971e-13 0.000000e+00 0.000000e+00
-2.590912e-14 0.000000e+00 0.000000e+00
1.017133e-13 0.000000e+00 0.000000e+00
2.466168e-13 0.000000e+00 0.000000e+00
2.850864e-13 0.000000e+00 0.000000e+00
1.693410e-13 0.000000e+00 0.000000e+00
-5.571611e-15 0.000000e+00 0.000000e+00
-7.645017e-15 0.000000e+00 0.000000e+00
-2.204830e-13 0.000000e+00 0.000000e+00
-1.624361e-13 0.000000e+00 0.000000e+00
-1.868581e-13 0.000000e+00 0.000000e+00
-3.085581e-14 0.000000e+00 0.000000e+00
1.765922e-13 0.000000e+00 0.000000e+00
-7.319165e-15 0.000000e+00 0.000000e+00
1.542282e-14 0.000000e+00 0.000000e+00
1.962091e-13 0.000000e+00 0.000000e+00
-1.748424e-13 0.000000e+00 0.000000e+00
-6.542651e-14 0.000000e+00 0.000000e+00
2.786535e-13 0.000000e+00 0.000000e+00
3.154238e-14 0.000000e+00 0.000000e+00
-2.944376e-14 0.000000e+00 0.000000e+00
-1.182213e-13 0.000000e+00 0.000000e+00
3.387956e-15 0.000000e+00 0.000000e+00
9.691244e-15 0.000000e+00 0.000000e+00
-1.740616e-13 0.000000e+00 0.000000e+00
-1.243655e-13 0.000000e+00 0.000000e+00
3.358927e-14 0.000000e+00 0.000000e+00
1.307511e-13 0.000000e+00 0.000000e+00
1.961218e-13 0.000000e+00 0.000000e+00
-2.002259e-13 0.000000e+00 0.000000e+00
2.094951e-13 0.000000e+00 0.000000e+00
-1.632294e-14 0.000000e+00 0.000000e+00
-2.880270e-14 0.000000e+00 0.000000e+00
-6.774611e-14 0.000000e+00 0.000000e+00
1.028835e-13 0.000000e+00 0.000000e+00
-2.416085e-14 0.000000e+00 0.000000e+00
-3.535918e-13 0.000000e+00 0.000000e+00
1.063312e-13 0.000000e+00 0.000000e+00
-1.304272e-13 0.000000e+00 0.000000e+00
-2.118302e-13 0.000000e+00 0.000000e+00
4.021968e-13 0.000000e+00 0.000000e+00
8.915655e-15 0.000000e+00 0.000000e+00
-7.733653e-14 0.000000e+00 0.000000e+00
-5.444877e-14 0.000000e+00 0.000000e+00
4.841065e-14 0.000000e+00 0.000000e+00
2.214507e-13 0.000000e+00 0.000000e+00
-7.800740e-14 0.000000e+00 0.000000e+00
2.949443e-13 0.000000e+00 0.000000e+00
4.819198e-14 0.000000e+00 0.000000e+00
3.440638e-13 0.000000e+00 0.000000e+00
-1.366329e-13 0.000000e+00 0.000000e+00
-4.385104e-14 0.000000e+00 0.000000e+00
-1.988421e-13 0.000000e+00 0.000000e+00
7.882665e-14 0.000000e+00 0.000000e+00
1.753486e-13 0.000000e+00 0.000000e+00
-1.412750e-13 0.000000e+00 0.000000e+00
-2.144373e-13 0.000000e+00 0.000000e+00
5.459269e-14 0.000000e+00 0.000000e+00
2.596612e-14 0.000000e+00 0.000000e+00
4.020789e-14 0.000000e+00 0.000000e+00
-2.923606e-13 0.000000e+00 0.000000e+00
-4.249840e-14 0.000000e+00 0.000000e+00
-1.382357e-13 0.000000e+00 0.000000e+00
2.617741e-13 0.000000e+00 0.000000e+00
-2.095897e-13 0.000000e+00 0.000000e+00
-2.556878e-13 0.000000e+00 0.000000e+00
-2.528622e-14 0.000000e+00 0.000000e+00
-1.101763e-13 0.000000e+00 0.000000e+00
3.294340e-14 0.000000e+00 0.000000e+00
1.946558e-13 0.000000e+00 0.000000e+00
7.730144e-14 0.000000e+00 0.000000e+00
-2.815129e-13 0.000000e+00 0.000000e+00
-1.246240e-13 0.000000e+00 0.000000e+00
2.348484e-13 0.000000e+00 0.000000e+00
3.486085e-13 0.000000e+00 0.000000e+00
1.187352e-13 0.000000e+00 0.000000e+00
-6.531593e-14 0.000000e+00 0.000000e+00
8.721966e-16 0.000000e+00 0.000000e+00
-1.645832e-13 0.000000e+00 0.000000e+00
-1.063031e-13 0.000000e+00 0.000000e+00
2.391233e-13 0.000000e+00 0.000000e+00
2.325134e-13 0.000000e+00 0.000000e+00
2.162100e-13 0.000000e+00 0.000000e+00
-1.750581e-13 0.000000e+00 0.000000e+00
2.540078e-13 0.000000e+00 0.000000e+00
4.706874e-14 0.000000e+00 0.000000e+00
-5.981715e-14 0.000000e+00 0.000000e+00
-7.565184e-14 0.000000e+00 0.000000e+00
-1.867356e-13 0.000000e+00 0.000000e+00
2.711479e-13 0.000000e+00 0.000000e+00
-1.649246e-13 0.000000e+00 0.000000e+00
-1.506323e-13 0.000000e+00 0.000000e+00
6.460861e-14 0.000000e+00 0.000000e+00
2.797660e-14 0.000000e+00 0.000000e+00
2.150596e-13 0.000000e+00 0.000000e+00
7.955984e-14 0.000000e+00 0.000000e+00
1.104080e-13 0.000000e+00 0.000000e+00
3.122042e-13 0.000000e+00 0.000000e+00
-2.031149e-13 0.000000e+00 0.000000e+00
5.064417e-14 0.000000e+00 0.000000e+00
1.278524e-13 0.000000e+00 0.000000e+00
-2.132611e-13 0.000000e+00 0.000000e+00
1.738780e-14 0.000000e+00 0.000000e+00
-6.115759e-14 0.000000e+00 0.000000e+00
-8.993917e-15 0.000000e+00 0.000000e+00
-3.351629e-14 0.000000e+00 0.000000e+00
3.790296e-13 0.000000e+00 0.000000e+00
3.805777e-15 0.000000e+00 0.000000e+00
7.013994e-15 0.000000e+00 0.000000e+00
-2.356151e-13 0.000000e+00 0.000000e+00
-1.001078e-14 0.000000e+00 0.000000e+00
-8.693868e-14 0.000000e+00 0.000000e+00
2.039769e-13 0.000000e+00 0.000000e+00
1.581242e-13 0.000000e+00 0.000000e+00
2.066654e-14 0.000000e+00 0.000000e+00
1.981679e-13 0.000000e+00 0.000000e+00
8.758983e-14 0.000000e+00 0.000000e+00
-1.411225e-13 0.000000e+00 0.000000e+00
-9.284243e-14 0.000000e+00 0.000000e+00
9.630468e-14 0.000000e+00 0.000000e+00
8.182030e-14 0.000000e+00 0.000000e+00
-7.034228e-14 0.000000e+00 0.000000e+00
4.135294e-14 0.000000e+00 0.000000e+00
3.918932e-14 0.000000e+00 0.000000e+00
-4.799170e-13 0.000000e+00 0.000000e+00
-5.813552e-14 0.000000e+00 0.000000e+00
8.273890e-14 0.000000e+00 0.000000e+00
2.550769e-14 0.000000e+00 0.000000e+00
1.068444e-13 0.000000e+00 0.000000e+00
-1.885627e-14 0.000000e+00 0.000000e+00
1.993938e-13 0.000000e+00 0.000000e+00
-2.868665e-14 0.000000e+00 0.000000e+00
-6.815835e-14 0.000000e+00 0.000000e+00
-1.295939e-13 0.000000e+00 0.000000e+00
-1.823398e-13 0.000000e+00 0.000000e+00
-2.551304e-14 0.000000e+00 0.000000e+00
-2.360402e-14 0.000000e+00 0.000000e+00
-8.333724e-14 0.000000e+00 0.000000e+00
-9.220430e-14 0.000000e+00 0.000000e+00
-1.308901e-13 0.000000e+00 0.000000e+00
2.428038e-13 0.000000e+00 0.000000e+00
9.996928e-14 0.000000e+00 0.000000e+00
1.212116e-13 0.000000e+00 0.000000e+00
-6.689303e-14 0.000000e+00 0.000000e+00
4.600108e-14 0.000000e+00 0.000000e+00
1.983628e-13 0.000000e+00 0.000000e+00
-2.569268e-13 0.000000e+00 0.000000e+00
-4.093141e-14 0.000000e+00 0.000000e+00
-2.109351e-14 0.000000e+00 0.000000e+00
-8.011929e-14 0.000000e+00 0.000000e+00
-7.542175e-14 0.000000e+00 0.000000e+00
-2.971445e-14 0.000000e+00 0.000000e+00
3.068524e-14 0.000000e+00 0.000000e+00
-2.120986e-14 0.000000e+00 0.000000e+00
1.053793e-13 0.000000e+00 0.000000e+00
-1.732149e-13 0.000000e+00 0.000000e+00
7.814358e-14 0.000000e+00 0.000000e+00
-6.439246e-14 0.000000e+00 0.000000e+00
-1.434365e-13 0.000000e+00 0.000000e+00
6.199847e-14 0.000000e+00 0.000000e+00
9.626534e-15 0.000000e+00 0.000000e+00
3.622093e-14 0.000000e+00 0.000000e+00
-3.745219e-14 0.000000e+00 0.000000e+00
-2.615810e-13 0.000000e+00 0.000000e+00
9.027909e-14 0.000000e+00 0.000000e+00
2.295813e-14 0.000000e+00 0.000000e+00
4.241810e-14 0.000000e+00 0.000000e+00
-1.487797e-13 0.000000e+00 0.000000e+00
2.303665e-14 0.000000e+00 0.000000e+00
1.650589e-13 0.000000e+00 0.000000e+00
-1.141877e-13 0.000000e+00 0.000000e+00
3.079841e-14 0.000000e+00 0.000000e+00
-9.629551e-14 0.000000e+00 0.000000e+00
-3.989299e-13 0.000000e+00 0.000000e+00
7.504193e-14 0.000000e+00 0.000000e+00
-2.987605e-14 0.000000e+00 0.000000e+00
-2.142826e-13 0.000000e+00 0.000000e+00
-1.363076e-13 0.000000e+00 0.000000e+00
-1.060860e-13 0.000000e+00 0.000000e+00
1.690308e-13 0.000000e+00 0.000000e+00
-2.611971e-14 0.000000e+00 0.000000e+00
-6.139360e-14 0.000000e+00 0.000000e+00
-2.675418e-13 0.000000e+00 0.000000e+00
-4.096045e-14 0.000000e+00 0.000000e+00
-4.271950e-14 0.000000e+00 0.000000e+00
4.257120e-16 0.000000e+00 0.000000e+00
-2.450225e-13 0.000000e+00 0.000000e+00
-1.126239e-13 0.000000e+00 0.000000e+00
3.070436e-13 0.000000e+00 0.000000e+00
1.706504e-13 0.000000e+00 0.000000e+00
6.638394e-15 0.000000e+00 0.000000e+00
-5.573839e-13 0.000000e+00 0.000000e+00
1.580536e-13 0.000000e+00 0.000000e+00
4.336736e-14 0.000000e+00 0.000000e+00
-1.956511e-13 0.000000e+00 0.000000e+00
-5.392315e-13 0.000000e+00 0.000000e+00
-3.348744e-14 0.000000e+00 0.000000e+00
-6.739419e-14 0.000000e+00 0.000000e+00
1.846707e-13 0.000000e+00 0.000000e+00
-5.973782e-14 0.000000e+00 0.000000e+00
-2.178688e-13 0.000000e+00 0.000000e+00
9.965426e-14 0.000000e+00 0.000000e+00
-1.301286e-13 0.000000e+00 0.000000e+00
1.866598e-13 0.000000e+00 0.000000e+00
1.094935e-13 0.000000e+00 0.000000e+00
-1.814739e-13 0.000000e+00 0.000000e+00
-9.710888e-14 0.000000e+00 0.000000e+00
1.928602e-14 0.000000e+00 0.000000e+00
-2.150255e-13 0.000000e+00 0.000000e+00
-4.835544e-15 0.000000e+00 0.000000e+00
-1.554847e-13 0.000000e+00 0.000000e+00
2.393268e-14 0.000000e+00 0.000000e+00
-8.775955e-15 0.000000e+00 0.000000e+00
-2.739736e-13 0.000000e+00 0.000000e+00
2.742210e-14 0.000000e+00 0.000000e+00
-1.610372e-13 0.000000e+00 0.000000e+00
-1.056199e-13 0.000000e+00 0.000000e+00
1.364783e-13 0.000000e+00 0.000000e+00
-6.620987e-14 0.000000e+00 0.000000e+00
1.543875e-13 0.000000e+00 0.000000e+00
-4.124317e-15 0.000000e+00 0.000000e+00
2.394810e-14 0.000000e+00 0.000000e+00
1.778592e-13 0.000000e+00 0.000000e+00
2.568386e-14 0.000000e+00 0.000000e+00
8.057608e-14 0.000000e+00 0.000000e+00
2.244346e-13 0.000000e+00 0.000000e+00
3.563202e-14 0.000000e+00 0.000000e+00
-1.045766e-13 0.000000e+00 0.000000e+00
-1.837974e-14 0.000000e+00 0.000000e+00
-8.864096e-16 0.000000e+00 0.000000e+00
2.304164e-13 0.000000e+00 0.000000e+00
-1.358691e-13 0.000000e+00 0.000000e+00
8.752529e-14 0.000000e+00 0.000000e+00
-3.649787e-13 0.000000e+00 0.000000e+00
-3.348958e-13 0.000000e+00 0.000000e+00
5.674399e-14 0.000000e+00 0.000000e+00
-3.342084e-14 0.000000e+00 0.000000e+00
6.574252e-14 0.000000e+00 0.000000e+00
-1.853060e-14 0.000000e+00 0.000000e+00
-8.921593e-14 0.000000e+00 0.000000e+00
3.403957e-13 0.000000e+00 0.000000e+00
-1.499582e-13 0.000000e+00 0.000000e+00
6.640893e-14 0.000000e+00 0.000000e+00
-1.838720e-13 0.000000e+00 0.000000e+00
-4.500960e-14 0.000000e+00 0.000000e+00
-1.009940e-13 0.000000e+00 0.000000e+00
1.042941e-13 0.000000e+00 0.000000e+00
1.494547e-13 0.000000e+00 0.000000e+00
3.482319e-14 0.000000e+00 0.000000e+00
-1.079187e-13 0.000000e+00 0.000000e+00
5.431116e-14 0.000000e+00 0.000000e+00
8.610128e-14 0.000000e+00 0.000000e+00
-1.581052e-13 0.000000e+00 0.000000e+00
9.643616e-14 0.000000e+00 0.000000e+00
-5.990539e-14 0.000000e+00 0.000000e+00
1.509760e-13 0.000000e+00 0.000000e+00
-4.278282e-14 0.000000e+00 0.000000e+00
3.356435e-13 0.000000e+00 0.000000e+00
5.762546e-15 0.000000e+00 0.000000e+00
2.173006e-13 0.000000e+00 0.000000e+00
-2.900922e-14 0.000000e+00 0.000000e+00
-2.225849e-15 0.000000e+00 0.000000e+00
-2.252671e-14 0.000000e+00 0.000000e+00
-2.132135e-13 0.000000e+00 0.000000e+00
5.898772e-14 0.000000e+00 0.000000e+00
6.279019e-14 0.000000e+00 0.000000e+00
-7.866527e-14 0.000000e+00 0.000000e+00
-1.527488e-13 0.000000e+00 0.000000e+00
-2.082484e-13 0.000000e+00 0.000000e+00
-2.294834e-13 0.000000e+00 0.000000e+00
-1.015670e-15 0.000000e+00 0.000000e+00
-1.014282e-13 0.000000e+00 0.000000e+00
-7.501741e-14 0.000000e+00 0.000000e+00
7.132650e-14 0.000000e+00 0.000000e+00
1.474871e-14 0.000000e+00 0.000000e+00
-8.185495e-14 0.000000e+00 0.000000e+00
-3.145410e-15 0.000000e+00 0.000000e+00
2.548396e-13 0.000000e+00 0.000000e+00
-4.547955e-14 0.000000e+00 0.000000e+00
2.207195e-13 0.000000e+00 0.000000e+00
-2.767156e-13 0.000000e+00 0.000000e+00
7.838509e-14 0.000000e+00 0.000000e+00
1.400602e-13 0.000000e+00 0.000000e+00
-2.241169e-13 0.000000e+00 0.000000e+00
-1.700277e-13 0.000000e+00 0.000000e+00
-3.692829e-13 0.000000e+00 0.000000e+00
-9.452856e-14 0.000000e+00 0.000000e+00
1.352162e-13 0.000000e+00 0.000000e+00
9.217604e-14 0.000000e+00 0.000000e+00
7.295701e-15 0.000000e+00 0.000000e+00
-1.572846e-13 0.000000e+00 0.000000e+00
-2.391062e-13 0.000000e+00 0.000000e+00
3.458768e-13 0.000000e+00 0.000000e+00
2.269683e-13 0.000000e+00 0.000000e+00
-1.119943e-13 0.000000e+00 0.000000e+00
1.425717e-13 0.000000e+00 0.000000e+00
4.944740e-15 0.000000e+00 0.000000e+00
-2.006174e-13 0.000000e+00 0.000000e+00
-1.378766e-13 0.000000e+00 0.000000e+00
-2.055619e-13 0.000000e+00 0.000000e+00
-4.276793e-14 0.000000e+00 0.000000e+00
-3.967229e-13 0.000000e+00 0.000000e+00
-7.741387e-14 0.000000e+00 0.000000e+00
4.229867e-13 0.000000e+00 0.000000e+00
-3.879083e-14 0.000000e+00 0.000000e+00
-1.327232e-15 0.000000e+00 0.000000e+00
4.450425e-14 0.000000e+00 0.000000e+00
2.286165e-13 0.000000e+00 0.000000e+00
-3.679783e-14 0.000000e+00 0.000000e+00
-1.056633e-13 0.000000e+00 0.000000e+00
7.521144e-14 0.000000e+00 0.000000e+00
-7.087112e-14 0.000000e+00 0.000000e+00
-2.992890e-13 0.000000e+00 0.000000e+00
-2.807773e-13 0.000000e+00 0.000000e+00
-5.257019e-14 0.000000e+00 0.000000e+00
-8.509810e-14 0.000000e+00 0.000000e+00
1.253179e-13 0.000000e+00 0.000000e+00
-2.060915e-13 0.000000e+00 0.000000e+00
1.878781e-13 0.000000e+00 0.000000e+00
3.279383e-13 0.000000e+00 0.000000e+00
-2.964647e-13 0.000000e+00 0.000000e+00
-2.419563e-13 0.000000e+00 0.000000e+00
1.182962e-13 0.000000e+00 0.000000e+00
1.344308e-13 0.000000e+00 0.000000e+00
-1.606980e-13 0.000000e+00 0.000000e+00
-1.871149e-13 0.000000e+00 0.000000e+00
-2.888300e-14 0.000000e+00 0.000000e+00
2.430008e-13 0.000000e+00 0.000000e+00
5.735272e-15 0.000000e+00 0.000000e+00
-1.765274e-13 0.000000e+00 0.000000e+00
5.990108e-14 0.000000e+00 0.000000e+00
-1.110646e-13 0.000000e+00 0.000000e+00
-5.970115e-14 0.000000e+00 0.000000e+00
-1.311542e-14 0.000000e+00 0.000000e+00
-9.604744e-14 0.000000e+00 0.000000e+00
-1.762820e-13 0.000000e+00 0.000000e+00
1.790147e-13 0.000000e+00 0.000000e+00
-1.732078e-13 0.000000e+00 0.000000e+00
-1.951461e-13 0.000000e+00 0.000000e+00
7.448801e-14 0.000000e+00 0.000000e+00
-2.164996e-13 0.000000e+00 0.000000e+00
-4.137604e-14 0.000000e+00 0.000000e+00
-1.119362e-13 0.000000e+00 0.000000e+00
3.319188e-13 0.000000e+00 0.000000e+00
5.277252e-14 0.000000e+00 0.000000e+00
-1.908918e-13 0.000000e+00 0.000000e+00
-5.983238e-15 0.000000e+00 0.000000e+00
-2.948169e-13 0.000000e+00 0.000000e+00
2.407539e-13 0.000000e+00 0.000000e+00
1.237871e-13 0.000000e+00 0.000000e+00
-1.339409e-13 0.000000e+00 0.000000e+00
-3.169555e-14 0.000000e+00 0.000000e+00
6.662033e-14 0.000000e+00 0.000000e+00
3.264829e-14 0.000000e+00 0.000000e+00
2.546582e-13 0.000000e+00 0.000000e+00
-3.106256e-14 0.000000e+00 0.000000e+00
-7.951238e-14 0.000000e+00 0.000000e+00
-9.735439e-14 0.000000e+00 0.000000e+00
5.116184e-14 0.000000e+00 0.000000e+00
1.640478e-14 0.000000e+00 0.000000e+00
-1.067734e-13 0.000000e+00 0.000000e+00
1.283927e-13 0.000000e+00 0.000000e+00
-1.165874e-13 0.000000e+00 0.000000e+00
2.643990e-14 0.000000e+00 0.000000e+00
-8.180105e-14 0.000000e+00 0.000000e+00
-2.120517e-13 0.000000e+00 0.000000e+00
-3.397790e-13 0.000000e+00 0.000000e+00
9.100206e-14 0.000000e+00 0.000000e+00
1.581178e-13 0.000000e+00 0.000000e+00
-1.720505e-13 0.000000e+00 0.000000e+00
-2.257622e-13 0.000000e+00 0.000000e+00
-4.425040e-13 0.000000e+00 0.000000e+00
9.383704e-14 0.000000e+00 0.000000e+00
1.160249e-13 0.000000e+00 0.000000e+00
9.402199e-14 0.000000e+00 0.000000e+00
1.496946e-14 0.000000e+00 0.000000e+00
2.744779e-13 0.000000e+00 0.000000e+00
-1.039424e-14 0.000000e+00 0.000000e+00
-2.004172e-13 0.000000e+00 0.000000e+00
-1.615689e-13 0.000000e+00 0.000000e+00
-1.137873e-14 0.000000e+00 0.000000e+00
1.679298e-13 0.000000e+00 0.000000e+00
-5.324479e-14 0.000000e+00 0.000000e+00
1.492204e-13 0.000000e+00 0.000000e+00
6.547949e-14 0.000000e+00 0.000000e+00
2.784212e-13 0.000000e+00 0.000000e+00
1.660898e-13 0.000000e+00 0.000000e+00
-8.901842e-14 0.000000e+00 0.000000e+00
9.694373e-14 0.000000e+00 0.000000e+00
-1.424874e-13 0.000000e+00 0.000000e+00
3.140600e-13 0.000000e+00 0.000000e+00
-1.499612e-14 0.000000e+00 0.000000e+00
-1.260907e-13 0.000000e+00 0.000000e+00
1.030561e-13 0.000000e+00 0.000000e+00
7.779601e-14 0.000000e+00 0.000000e+00
-5.590545e-14 0.000000e+00 0.000000e+00
-2.256161e-13 0.000000e+00 0.000000e+00
-2.263525e-13 0.000000e+00 0.000000e+00
-1.467298e-13 0.000000e+00 0.000000e+00
-1.179547e-13 0.000000e+00 0.000000e+00
2.525220e-13 0.000000e+00 0.000000e+00
-6.819303e-14 0.000000e+00 0.000000e+00
6.282823e-14 0.000000e+00 0.000000e+00
-5.177920e-14 0.000000e+00 0.000000e+00
-2.371998e-13 0.000000e+00 0.000000e+00
6.443518e-14 0.000000e+00 0.000000e+00
1.526404e-13 0.000000e+00 0.000000e+00
1.130672e-13 0.000000e+00 0.000000e+00
-5.056162e-15 0.000000e+00 0.000000e+00
-2.646096e-14 0.000000e+00 0.000000e+00
1.909755e-13 0.000000e+00 0.000000e+00
-3.475899e-14 0.000000e+00 0.000000e+00
-3.683120e-13 0.000000e+00 0.000000e+00
-1.449577e-13 0.000000e+00 0.000000e+00
3.391499e-13 0.000000e+00 0.000000e+00
2.808474e-13 0.000000e+00 0.000000e+00
3.712279e-15 0.000000e+00 0.000000e+00
-1.337840e-13 0.000000e+00 0.000000e+00
-1.117913e-13 0.000000e+00 0.000000e+00
-1.137841e-13 0.000000e+00 0.000000e+00
-2.111645e-13 0.000000e+00 0.000000e+00
-2.498143e-13 0.000000e+00 0.000000e+00
-5.779720e-14 0.000000e+00 0.000000e+00
-1.036297e-14 0.000000e+00 0.000000e+00
2.696061e-13 0.000000e+00 0.000000e+00
1.800466e-13 0.000000e+00 0.000000e+00
9.588957e-14 0.000000e+00 0.000000e+00
-2.639412e-14 0.000000e+00 0.000000e+00
-4.375081e-14 0.000000e+00 0.000000e+00
1.276495e-13 0.000000e+00 0.000000e+00
-1.908713e-13 0.000000e+00 0.000000e+00
2.080123e-13 0.000000e+00 0.000000e+00
6.308877e-14 0.000000e+00 0.000000e+00
-4.226683e-15 0.000000e+00 0.000000e+00
-3.978676e-14 0.000000e+00 0.000000e+00
8.011071e-14 0.000000e+00 0.000000e+00
-2.272156e-13 0.000000e+00 0.000000e+00
1.541960e-13 0.000000e+00 0.000000e+00
4.385099e-14 0.000000e+00 0.000000e+00
-6.108941e-14 0.000000e+00 0.000000e+00
6.672373e-14 0.000000e+00 0.000000e+00
-1.007642e-13 0.000000e+00 0.000000e+00
2.058534e-13 0.000000e+00 0.000000e+00
1.357424e-13 0.000000e+00 0.000000e+00
2.061428e-13 0.000000e+00 0.000000e+00
-1.527190e-13 0.000000e+00 0.000000e+00
-1.292420e-14 0.000000e+00 0.000000e+00
9.431325e-14 0.000000e+00 0.000000e+00
2.851150e-13 0.000000e+00 0.000000e+00
-1.535375e-13 0.000000e+00 0.000000e+00
1.081912e-13 0.000000e+00 0.000000e+00
-1.452035e-15 0.000000e+00 0.000000e+00
1.478360e-13 0.000000e+00 0.000000e+00
2.344779e-14 0.000000e+00 0.000000e+00
1.792946e-13 0.000000e+00 0.000000e+00
-1.398817e-13 0.000000e+00 0.000000e+00
-3.288854e-13 0.000000e+00 0.000000e+00
4.189030e-14 0.000000e+00 0.000000e+00
1.423792e-13 0.000000e+00 0.000000e+00
4.091442e-14 0.000000e+00 0.000000e+00
-1.762468e-13 0.000000e+00 0.000000e+00
-3.605002e-13 0.000000e+00 0.000000e+00
5.124873e-15 0.000000e+00 0.000000e+00
1.799861e-13 0.000000e+00 0.000000e+00
2.435491e-13 0.000000e+00 0.000000e+00
1.427432e-13 0.000000e+00 0.000000e+00
1.341454e-13 0.000000e+00 0.000000e+00
1.122009e-13 0.000000e+00 0.000000e+00
-3.624758e-14 0.000000e+00 0.000000e+00
-2.249007e-13 0.000000e+00 0.000000e+00
1.584609e-13 0.000000e+00 0.000000e+00
-2.036012e-14 0.000000e+00 0.000000e+00
-1.025948e-13 0.000000e+00 0.000000e+00
-8.183916e-14 0.000000e+00 0.000000e+00
-1.413217e-13 0.000000e+00 0.000000e+00
-4.266921e-14 0.000000e+00 0.000000e+00
-3.838317e-13 0.000000e+00 0.000000e+00
2.163768e-13 0.000000e+00 0.000000e+00
-1.088585e-13 0.000000e+00 0.000000e+00
4.184470e-14 0.000000e+00 0.000000e+00
5.214005e-14 0.000000e+00 0.000000e+00
2.681362e-13 0.000000e+00 0.000000e+00
-7.870219e-14 0.000000e+00 0.000000e+00
1.682792e-13 0.000000e+00 0.000000e+00
-1.091281e-13 0.000000e+00 0.000000e+00
8.121618e-14 0.000000e+00 0.000000e+00
2.617239e-13 0.000000e+00 0.000000e+00
1.150313e-13 0.000000e+00 0.000000e+00
-1.924314e-13 0.000000e+00 0.000000e+00
-8.628696e-14 0.000000e+00 0.000000e+00
2.081842e-13 0.000000e+00 0.000000e+00
-2.186217e-13 0.000000e+00 0.000000e+00
-1.753516e-13 0.000000e+00 0.000000e+00
-3.469529e-13 0.000000e+00 0.000000e+00
-1.293617e-13 0.000000e+00 0.000000e+00
1.580640e-13 0.000000e+00 0.000000e+00
-1.333932e-13 0.000000e+00 0.000000e+00
-3.073740e-13 0.000000e+00 0.000000e+00
3.000861e-14 0.000000e+00 0.000000e+00
1.130237e-13 0.000000e+00 0.000000e+00
-4.326423e-14 0.000000e+00 0.000000e+00
-3.225068e-14 0.000000e+00 0.000000e+00
-3.196237e-14 0.000000e+00 0.000000e+00
2.738022e-14 0.000000e+00 0.000000e+00
3.138854e-14 0.000000e+00 0.000000e+00
-7.142034e-15 0.000000e+00 0.000000e+00
-4.118734e-13 0.000000e+00 0.000000e+00
1.405652e-13 0.000000e+00 0.000000e+00
1.281614e-13 0.000000e+00 0.000000e+00
-2.909329e-14 0.000000e+00 0.000000e+00
1.657670e-13 0.000000e+00 0.000000e+00
2.603892e-14 0.000000e+00 0.000000e+00
-1.875007e-13 0.000000e+00 0.000000e+00
-6.385684e-14 0.000000e+00 0.000000e+00
-5.194121e-14 0.000000e+00 0.000000e+00
2.200057e-13 0.000000e+00 0.000000e+00
1.211475e-13 0.000000e+00 0.000000e+00
-2.730134e-13 0.000000e+00 0.000000e+00
9.658327e-14 0.000000e+00 0.000000e+00
-6.392789e-14 0.000000e+00 0.000000e+00
2.113191e-14 0.000000e+00 0.000000e+00
-1.612637e-13 0.000000e+00 0.000000e+00
-2.751580e-14 0.000000e+00 0.000000e+00
-1.063074e-13 0.000000e+00 0.000000e+00
-1.103223e-13 0.000000e+00 0.000000e+00
7.149966e-14 0.000000e+00 0.000000e+00
1.643151e-13 0.000000e+00 0.000000e+00
-1.703757e-14 0.000000e+00 0.000000e+00
-2.146516e-14 0.000000e+00 0.000000e+00
1.034071e-13 0.000000e+00 0.000000e+00
-3.271452e-14 0.000000e+00 0.000000e+00
-1.406018e-13 0.000000e+00 0.000000e+00
-1.128237e-13 0.000000e+00 0.000000e+00
2.311432e-13 0.000000e+00 0.000000e+00
-6.010377e-14 0.000000e+00 0.000000e+00
-1.561145e-13 0.000000e+00 0.000000e+00
1.054714e-13 0.000000e+00 0.000000e+00
-1.997506e-14 0.000000e+00 0.000000e+00
-2.475514e-13 0.000000e+00 0.000000e+00
-2.015803e-13 0.000000e+00 0.000000e+00
-1.707464e-13 0.000000e+00 0.000000e+00
-9.365878e-14 0.000000e+00 0.000000e+00
1.029037e-13 0.000000e+00 0.000000e+00
2.077578e-13 0.000000e+00 0.000000e+00
-1.553543e-14 0.000000e+00 0.000000e+00
-2.779243e-13 0.000000e+00 0.000000e+00
-4.475103e-14 0.000000e+00 0.000000e+00
-2.320466e-13 0.000000e+00 0.000000e+00
-6.476885e-14 0.000000e+00 0.000000e+00
1.392760e-14 0.000000e+00 0.000000e+00
-2.243489e-13 0.000000e+00 0.000000e+00
2.067284e-13 0.000000e+00 0.000000e+00
-1.016934e-13 0.000000e+00 0.000000e+00
1.529540e-13 0.000000e+00 0.000000e+00
-1.836452e-13 0.000000e+00 0.000000e+00
1.366859e-13 0.000000e+00 0.000000e+00
-1.449674e-13 0.000000e+00 0.000000e+00
-1.090390e-13 0.000000e+00 0.000000e+00
-2.928348e-13 0.000000e+00 0.000000e+00
-3.797018e-14 0.000000e+00 0.000000e+00
-3.196582e-13 0.000000e+00 0.000000e+00
1.157011e-13 0.000000e+00 0.000000e+00
1.143095e-13 0.000000e+00 0.000000e+00
-5.297781e-14 0.000000e+00 0.000000e+00
1.287593e-13 0.000000e+00 0.000000e+00
8.109221e-14 0.000000e+00 0.000000e+00
-1.612193e-13 0.000000e+00 0.000000e+00
2.215493e-13 0.000000e+00 0.000000e+00
1.418500e-13 0.000000e+00 0.000000e+00
-4.291325e-14 0.000000e+00 0.000000e+00
4.460848e-14 0.000000e+00 0.000000e+00
2.486505e-14 0.000000e+00 0.000000e+00
-2.828017e-13 0.000000e+00 0.000000e+00
3.466519e-14 0.000000e+00 0.000000e+00
-1.017656e-13 0.000000e+00 0.000000e+00
-3.363606e-13 0.000000e+00 0.000000e+00
-3.227873e-13 0.000000e+00 0.000000e+00
-2.592839e-13 0.000000e+00 0.000000e+00
-4.263043e-14 0.000000e+00 0.000000e+00
-1.004050e-13 0.000000e+00 0.000000e+00
-7.344348e-14 0.000000e+00 0.000000e+00
2.736614e-13 0.000000e+00 0.000000e+00
-3.281719e-13 0.000000e+00 0.000000e+00
-2.193817e-13 0.000000e+00 0.000000e+00
-7.026055e-14 0.000000e+00 0.000000e+00
-8.242269e-14 0.000000e+00 0.000000e+00
-3.311743e-14 0.000000e+00 0.000000e+00
3.780694e-14 0.000000e+00 0.000000e+00
-1.336032e-14 0.000000e+00 0.000000e+00
-8.937341e-14 0.000000e+00 0.000000e+00
1.493339e-13 0.000000e+00 0.000000e+00
-5.697738e-14 0.000000e+00 0.000000e+00
1.455289e-13 0.000000e+00 0.000000e+00
8.051918e-15 0.000000e+00 0.000000e+00
2.035854e-13 0.000000e+00 0.000000e+00
-8.843171e-14 0.000000e+00 0.000000e+00
-6.464375e-14 0.000000e+00 0.000000e+00
5.454020e-14 0.000000e+00 0.000000e+00
1.053256e-13 0.000000e+00 0.000000e+00
7.294739e-14 0.000000e+00 0.000000e+00
-1.860971e-13 0.000000e+00 0.000000e+00
-1.469070e-14 0.000000e+00 0.000000e+00
-7.022402e-16 0.000000e+00 0.000000e+00
-2.111856e-13 0.000000e+00 0.000000e+00
-4.343297e-13 0.000000e+00 0.000000e+00
6.475397e-14 0.000000e+00 0.000000e+00
-4.673886e-14 0.000000e+00 0.000000e+00
4.268410e-13 0.000000e+00 0.000000e+00
-1.402079e-13 0.000000e+00 0.000000e+00
-7.226252e-14 0.000000e+00 0.000000e+00
-5.644346e-14 0.000000e+00 0.000000e+00
-6.089090e-14 0.000000e+00 0.000000e+00
-1.238797e-13 0.000000e+00 0.000000e+00
2.904386e-13 0.000000e+00 0.000000e+00
3.101679e-14 0.000000e+00 0.000000e+00
2.928500e-14 0.000000e+00 0.000000e+00
8.773894e-15 0.000000e+00 0.000000e+00
-1.309081e-13 0.000000e+00 0.000000e+00
2.101907e-14 0.000000e+00 0.000000e+00
-9.192299e-14 0.000000e+00 0.000000e+00
-2.714277e-13 0.000000e+00 0.000000e+00
3.308817e-13 0.000000e+00 0.000000e+00
-1.024559e-13 0.000000e+00 0.000000e+00
-1.799195e-13 0.000000e+00 0.000000e+00
2.032312e-13 0.000000e+00 0.000000e+00
2.299454e-14 0.000000e+00 0.000000e+00
3.451143e-13 0.000000e+00 0.000000e+00
-3.569241e-13 0.000000e+00 0.000000e+00
2.065298e-13 0.000000e+00 0.000000e+00
-2.316820e-13 0.000000e+00 0.000000e+00
-4.933055e-14 0.000000e+00 0.000000e+00
2.467233e-13 0.000000e+00 0.000000e+00
5.962934e-14 0.000000e+00 0.000000e+00
1.104833e-13 0.000000e+00 0.000000e+00
5.401409e-14 0.000000e+00 0.000000e+00
-2.233550e-14 0.000000e+00 0.000000e+00
-2.400929e-13 0.000000e+00 0.000000e+00
-2.845172e-14 0.000000e+00 0.000000e+00
3.127540e-14 0.000000e+00 0.000000e+00
-9.010270e-14 0.000000e+00 0.000000e+00
1.627846e-13 0.000000e+00 0.000000e+00
4.834904e-14 0.000000e+00 0.000000e+00
-4.787705e-14 0.000000e+00 0.000000e+00
2.188250e-13 0.000000e+00 0.000000e+00
6.681817e-14 0.000000e+00 0.000000e+00
-2.840786e-14 0.000000e+00 0.000000e+00
-2.579906e-14 0.000000e+00 0.000000e+00
6.526093e-14 0.000000e+00 0.000000e+00
-2.160301e-13 0.000000e+00 0.000000e+00
1.088255e-13 0.000000e+00 0.000000e+00
-2.203921e-13 0.000000e+00 0.000000e+00
-8.176826e-14 0.000000e+00 0.000000e+00
-9.475577e-14 0.000000e+00 0.000000e+00
-1.542988e-13 0.000000e+00 0.000000e+00
-5.107251e-14 0.000000e+00 0.000000e+00
-3.906490e-13 0.000000e+00 0.000000e+00
4.520834e-14 0.000000e+00 0.000000e+00
2.647553e-13 0.000000e+00 0.000000e+00
2.478685e-14 0.000000e+00 0.000000e+00
-7.360409e-14 0.000000e+00 0.000000e+00
9.107332e-14 0.000000e+00 0.000000e+00
-1.494301e-14 0.000000e+00 0.000000e+00
4.848422e-14 0.000000e+00 0.000000e+00
-6.592039e-14 0.000000e+00 0.000000e+00
3.276021e-14 0.000000e+00 0.000000e+00
1.423400e-13 0.000000e+00 0.000000e+00
1.981236e-13 0.000000e+00 0.000000e+00
1.595702e-13 0.000000e+00 0.000000e+00
-4.719564e-15 0.000000e+00 0.000000e+00
4.698423e-13 0.000000e+00 0.000000e+00
-1.167587e-13 0.000000e+00 0.000000e+00
1.652664e-14 0.000000e+00 0.000000e+00
-1.142285e-13 0.000000e+00 0.000000e+00
-1.295559e-13 0.000000e+00 0.000000e+00
2.245480e-14 0.000000e+00 0.000000e+00
-2.079303e-13 0.000000e+00 0.000000e+00
-1.005296e-13 0.000000e+00 0.000000e+00
1.578724e-13 0.000000e+00 0.000000e+00
9.812789e-14 0.000000e+00 0.000000e+00
3.320025e-13 0.000000e+00 0.000000e+00
-1.540277e-13 0.000000e+00 0.000000e+00
-1.034815e-13 0.000000e+00 0.000000e+00
-5.893440e-14 0.000000e+00 0.000000e+00
1.938636e-13 0.000000e+00 0.000000e+00
-1.415172e-14 0.000000e+00 0.000000e+00
1.207604e-13 0.000000e+00 0.000000e+00
1.703578e-13 0.000000e+00 0.000000e+00
2.218583e-13 0.000000e+00 0.000000e+00
-1.834713e-13 0.000000e+00 0.000000e+00
6.211983e-14 0.000000e+00 0.000000e+00
-1.160612e-14 0.000000e+00 0.000000e+00
7.896428e-14 0.000000e+00 0.000000e+00
1.626507e-14 0.000000e+00 0.000000e+00
7.502144e-14 0.000000e+00 0.000000e+00
2.033509e-13 0.000000e+00 0.000000e+00
-1.714969e-13 0.000000e+00 0.000000e+00
