step K U E temp
0 2.179637e-21 -3.560272e-20 -3.342308e-20 3.157409e+02
1000 2.800017e-22 -4.106725e-20 -4.078724e-20 4.056088e+01
2000 3.219342e-23 -4.100343e-20 -4.097124e-20 4.663520e+00
3000 4.377429e-21 -4.086641e-20 -3.648898e-20 6.341118e+02
4000 2.402893e-21 -3.968636e-20 -3.728346e-20 3.480817e+02
5000 2.271819e-21 -3.614980e-20 -3.387798e-20 3.290943e+02
6000 1.934726e-21 -4.105548e-20 -3.912076e-20 2.802633e+02
7000 7.063215e-22 -3.795770e-20 -3.725138e-20 1.023173e+02
8000 3.780720e-21 -4.016547e-20 -3.638475e-20 5.476729e+02
9000 1.389971e-20 -3.796411e-20 -2.406440e-20 2.013504e+03
10000 2.286386e-25 -4.079271e-20 -4.079248e-20 3.312045e-02
11000 5.192777e-25 -3.945535e-20 -3.945483e-20 7.522226e-02
12000 3.495385e-22 -2.848477e-20 -2.813523e-20 5.063394e+01
13000 6.481833e-22 -4.091826e-20 -4.027008e-20 9.389545e+01
14000 1.092011e-21 -3.924754e-20 -3.815553e-20 1.581881e+02
15000 2.837827e-23 -3.730846e-20 -3.728008e-20 4.110859e+00
16000 2.963555e-21 -4.058826e-20 -3.762471e-20 4.292988e+02
17000 4.971980e-22 -4.029112e-20 -3.979392e-20 7.202381e+01
18000 1.163491e-20 -3.120596e-20 -1.957106e-20 1.685426e+03
19000 6.833080e-23 -4.094491e-20 -4.087658e-20 9.898359e+00
20000 3.112788e-21 -4.100586e-20 -3.789307e-20 4.509167e+02
21000 1.035443e-22 -4.107056e-20 -4.096702e-20 1.499936e+01
22000 1.973011e-21 -4.030202e-20 -3.832901e-20 2.858092e+02
23000 3.694715e-21 -4.107706e-20 -3.738235e-20 5.352142e+02
24000 1.056723e-22 -4.108444e-20 -4.097876e-20 1.530762e+01
25000 1.054128e-21 -4.106870e-20 -4.001458e-20 1.527004e+02
26000 7.350201e-21 -3.399831e-20 -2.664811e-20 1.064746e+03
27000 8.756832e-22 -4.106774e-20 -4.019206e-20 1.268510e+02
28000 1.406675e-20 -3.085866e-20 -1.679191e-20 2.037701e+03
29000 3.622889e-24 -3.664394e-20 -3.664032e-20 5.248096e-01
30000 4.234036e-21 -4.097179e-20 -3.673775e-20 6.133399e+02
31000 9.241734e-23 -4.046126e-20 -4.036884e-20 1.338752e+01
32000 5.142584e-22 -3.806314e-20 -3.754888e-20 7.449517e+01
33000 8.005331e-21 -3.591050e-20 -2.790517e-20 1.159648e+03
34000 2.539131e-22 -3.464077e-20 -3.438686e-20 3.678171e+01
35000 5.220387e-23 -3.954527e-20 -3.949307e-20 7.562222e+00
36000 1.235499e-21 -4.072963e-20 -3.949413e-20 1.789736e+02
37000 9.927374e-22 -4.107480e-20 -4.008206e-20 1.438074e+02
38000 3.956797e-21 -3.911366e-20 -3.515686e-20 5.731793e+02
39000 3.643910e-22 -4.033774e-20 -3.997335e-20 5.278546e+01
40000 2.280228e-22 -4.095232e-20 -4.072430e-20 3.303125e+01
41000 2.241994e-22 -3.810055e-20 -3.787635e-20 3.247740e+01
42000 8.523869e-21 -3.964337e-20 -3.111950e-20 1.234763e+03
43000 2.476797e-21 -2.997444e-20 -2.749764e-20 3.587873e+02
44000 4.770252e-21 -4.057079e-20 -3.580054e-20 6.910159e+02
45000 3.195983e-22 -3.914751e-20 -3.882791e-20 4.629682e+01
46000 2.667550e-23 -3.932109e-20 -3.929441e-20 3.864197e+00
47000 5.230655e-22 -4.109250e-20 -4.056943e-20 7.577096e+01
48000 4.108775e-21 -3.993749e-20 -3.582871e-20 5.951948e+02
49000 2.798689e-21 -3.828088e-20 -3.548219e-20 4.054165e+02
50000 4.381210e-21 -4.105189e-20 -3.667068e-20 6.346595e+02
51000 2.083246e-22 -3.956167e-20 -3.935334e-20 3.017778e+01
52000 6.434093e-21 -3.878597e-20 -3.235187e-20 9.320389e+02
53000 8.070861e-23 -3.372647e-20 -3.364576e-20 1.169140e+01
54000 3.095995e-21 -4.089418e-20 -3.779818e-20 4.484840e+02
55000 1.176233e-21 -4.091020e-20 -3.973396e-20 1.703884e+02
56000 2.539995e-26 -4.092276e-20 -4.092274e-20 3.679421e-03
57000 2.543212e-25 -4.095346e-20 -4.095321e-20 3.684082e-02
58000 1.299896e-20 -4.094245e-20 -2.794349e-20 1.883022e+03
59000 6.444298e-23 -4.109936e-20 -4.103492e-20 9.335173e+00
60000 2.088051e-22 -4.064898e-20 -4.044017e-20 3.024738e+01
61000 7.008675e-22 -3.957883e-20 -3.887796e-20 1.015272e+02
62000 8.861514e-25 -4.082729e-20 -4.082640e-20 1.283674e-01
63000 7.332325e-21 -4.109945e-20 -3.376712e-20 1.062156e+03
64000 8.138039e-22 -4.058450e-20 -3.977070e-20 1.178872e+02
65000 5.562872e-21 -4.053575e-20 -3.497288e-20 8.058344e+02
66000 1.737492e-23 -4.088158e-20 -4.086421e-20 2.516920e+00
67000 7.837215e-22 -4.038391e-20 -3.960019e-20 1.135294e+02
68000 1.965933e-21 -3.593463e-20 -3.396870e-20 2.847838e+02
69000 1.416134e-21 -4.000714e-20 -3.859101e-20 2.051404e+02
70000 1.238161e-21 -4.109256e-20 -3.985440e-20 1.793593e+02
71000 1.354249e-21 -3.963633e-20 -3.828208e-20 1.961757e+02
72000 9.822238e-25 -4.108539e-20 -4.108441e-20 1.422844e-01
73000 5.967346e-25 -3.996020e-20 -3.995960e-20 8.644262e-02
74000 1.765674e-21 -4.101761e-20 -3.925194e-20 2.557744e+02
75000 5.056456e-24 -4.081702e-20 -4.081196e-20 7.324753e-01
76000 1.872376e-21 -3.917597e-20 -3.730360e-20 2.712313e+02
77000 1.560777e-22 -3.441062e-20 -3.425455e-20 2.260932e+01
78000 6.256957e-21 -3.793686e-20 -3.167990e-20 9.063792e+02
79000 3.361242e-21 -3.941078e-20 -3.604953e-20 4.869075e+02
80000 3.963971e-21 -4.103850e-20 -3.707453e-20 5.742185e+02
81000 1.321747e-21 -3.601306e-20 -3.469131e-20 1.914675e+02
82000 1.126456e-21 -4.090817e-20 -3.978171e-20 1.631778e+02
83000 2.358278e-22 -3.863186e-20 -3.839603e-20 3.416187e+01
84000 1.682506e-21 -3.513187e-20 -3.344936e-20 2.437269e+02
85000 8.762751e-22 -4.106401e-20 -4.018773e-20 1.269367e+02
86000 3.517742e-22 -4.093428e-20 -4.058250e-20 5.095780e+01
87000 1.047074e-22 -4.093606e-20 -4.083135e-20 1.516786e+01
88000 6.259380e-23 -4.090089e-20 -4.083830e-20 9.067301e+00
89000 5.214861e-22 -4.104659e-20 -4.052510e-20 7.554217e+01
90000 2.207712e-21 -4.053709e-20 -3.832938e-20 3.198079e+02
91000 3.081661e-22 -4.105519e-20 -4.074702e-20 4.464076e+01
92000 9.812264e-22 -2.539477e-20 -2.441355e-20 1.421399e+02
93000 2.155543e-21 -3.847767e-20 -3.632213e-20 3.122507e+02
94000 1.098972e-21 -4.109451e-20 -3.999553e-20 1.591965e+02
95000 2.383906e-22 -4.109920e-20 -4.086081e-20 3.453311e+01
96000 2.540622e-22 -4.107978e-20 -4.082572e-20 3.680331e+01
97000 3.058991e-21 -4.106819e-20 -3.800920e-20 4.431236e+02
98000 1.643637e-21 -3.883743e-20 -3.719379e-20 2.380962e+02
99000 1.735946e-21 -3.857292e-20 -3.683698e-20 2.514680e+02
100000 3.260209e-22 -4.074352e-20 -4.041750e-20 4.722719e+01
101000 2.143869e-21 -4.082895e-20 -3.868508e-20 3.105596e+02
102000 5.657929e-22 -3.717309e-20 -3.660730e-20 8.196043e+01
103000 6.425214e-21 -3.610381e-20 -2.967859e-20 9.307527e+02
104000 1.113177e-21 -4.087495e-20 -3.976177e-20 1.612542e+02
105000 2.449469e-21 -3.202548e-20 -2.957601e-20 3.548287e+02
106000 6.582988e-23 -4.019242e-20 -4.012659e-20 9.536077e+00
107000 1.713691e-21 -3.435729e-20 -3.264359e-20 2.482442e+02
108000 2.296596e-22 -3.963587e-20 -3.940621e-20 3.326835e+01
109000 1.227934e-22 -4.078583e-20 -4.066304e-20 1.778779e+01
110000 8.409765e-22 -4.071323e-20 -3.987225e-20 1.218234e+02
111000 4.246781e-22 -3.709486e-20 -3.667018e-20 6.151862e+01
112000 1.995655e-22 -3.789125e-20 -3.769168e-20 2.890894e+01
113000 5.052339e-22 -4.003275e-20 -3.952752e-20 7.318788e+01
114000 6.863692e-22 -4.036450e-20 -3.967813e-20 9.942704e+01
115000 2.326620e-23 -4.068542e-20 -4.066215e-20 3.370328e+00
116000 1.137171e-21 -3.980288e-20 -3.866571e-20 1.647299e+02
117000 3.097791e-23 -4.109638e-20 -4.106540e-20 4.487442e+00
118000 1.576836e-22 -4.053497e-20 -4.037729e-20 2.284195e+01
119000 3.024808e-21 -3.424095e-20 -3.121615e-20 4.381718e+02
120000 2.260394e-21 -3.968386e-20 -3.742347e-20 3.274394e+02
121000 2.103257e-21 -4.081665e-20 -3.871339e-20 3.046765e+02
122000 1.527067e-21 -3.265475e-20 -3.112769e-20 2.212100e+02
123000 1.361737e-20 -4.091501e-20 -2.729764e-20 1.972604e+03
124000 8.113583e-22 -4.060090e-20 -3.978954e-20 1.175329e+02
125000 1.401845e-21 -4.105251e-20 -3.965067e-20 2.030705e+02
126000 7.998877e-21 -3.896800e-20 -3.096912e-20 1.158713e+03
127000 3.819458e-21 -3.879673e-20 -3.497727e-20 5.532844e+02
128000 1.741577e-21 -4.101190e-20 -3.927032e-20 2.522838e+02
129000 7.054521e-23 -4.064590e-20 -4.057536e-20 1.021914e+01
130000 4.272919e-23 -3.986239e-20 -3.981966e-20 6.189725e+00
131000 2.379627e-21 -3.461007e-20 -3.223044e-20 3.447114e+02
132000 9.887692e-22 -3.754274e-20 -3.655397e-20 1.432325e+02
133000 3.976371e-21 -3.957568e-20 -3.559931e-20 5.760148e+02
134000 7.607790e-23 -4.075953e-20 -4.068345e-20 1.102060e+01
135000 2.315077e-22 -4.013973e-20 -3.990822e-20 3.353607e+01
136000 6.045002e-21 -4.107909e-20 -3.503409e-20 8.756754e+02
137000 6.944358e-21 -4.108835e-20 -3.414399e-20 1.005956e+03
138000 2.657917e-23 -4.103003e-20 -4.100345e-20 3.850243e+00
139000 1.452310e-21 -3.809092e-20 -3.663861e-20 2.103807e+02
140000 2.882877e-21 -3.995606e-20 -3.707318e-20 4.176119e+02
141000 2.947834e-21 -3.999001e-20 -3.704217e-20 4.270214e+02
142000 4.381464e-22 -4.094808e-20 -4.050993e-20 6.346963e+01
143000 1.216341e-22 -4.063944e-20 -4.051781e-20 1.761984e+01
144000 4.576407e-21 -4.086442e-20 -3.628801e-20 6.629356e+02
145000 4.095790e-24 -3.922594e-20 -3.922185e-20 5.933137e-01
146000 4.514926e-21 -4.034193e-20 -3.582701e-20 6.540295e+02
147000 1.198553e-21 -3.994696e-20 -3.874841e-20 1.736217e+02
148000 4.249102e-22 -3.799787e-20 -3.757296e-20 6.155223e+01
149000 8.938975e-21 -4.040133e-20 -3.146236e-20 1.294895e+03
150000 5.088919e-26 -4.109386e-20 -4.109381e-20 7.371779e-03
151000 2.053169e-21 -4.094621e-20 -3.889304e-20 2.974209e+02
152000 1.138270e-21 -4.086506e-20 -3.972679e-20 1.648891e+02
153000 1.379056e-26 -4.050760e-20 -4.050759e-20 1.997692e-03
154000 3.852684e-21 -4.048946e-20 -3.663678e-20 5.580975e+02
155000 3.820236e-22 -4.031336e-20 -3.993134e-20 5.533972e+01
156000 3.171554e-22 -4.076405e-20 -4.044690e-20 4.594295e+01
157000 3.345512e-21 -3.565586e-20 -3.231035e-20 4.846289e+02
158000 5.612449e-21 -4.089432e-20 -3.528187e-20 8.130160e+02
159000 1.272807e-22 -3.890174e-20 -3.877446e-20 1.843781e+01
160000 6.936997e-22 -3.882806e-20 -3.813436e-20 1.004889e+02
161000 9.970469e-22 -4.110000e-20 -4.010295e-20 1.444316e+02
162000 7.012227e-22 -3.694428e-20 -3.624306e-20 1.015787e+02
163000 3.260040e-21 -3.467453e-20 -3.141449e-20 4.722474e+02
164000 7.208495e-22 -4.051291e-20 -3.979206e-20 1.044218e+02
165000 7.288631e-22 -4.014452e-20 -3.941566e-20 1.055827e+02
166000 9.075256e-21 -4.108939e-20 -3.201413e-20 1.314636e+03
167000 2.322425e-22 -4.021548e-20 -3.998324e-20 3.364251e+01
168000 2.172455e-21 -3.771156e-20 -3.553911e-20 3.147006e+02
169000 3.570032e-21 -4.061204e-20 -3.704201e-20 5.171528e+02
170000 1.907840e-21 -4.040133e-20 -3.849349e-20 2.763686e+02
171000 8.881562e-22 -4.079124e-20 -3.990308e-20 1.286578e+02
172000 2.847481e-22 -3.860546e-20 -3.832071e-20 4.124844e+01
173000 2.403804e-21 -4.088811e-20 -3.848431e-20 3.482136e+02
174000 3.846767e-22 -4.030437e-20 -3.991969e-20 5.572403e+01
175000 3.197258e-22 -3.311481e-20 -3.279508e-20 4.631528e+01
176000 4.414822e-21 -4.105652e-20 -3.664170e-20 6.395285e+02
177000 5.559995e-23 -4.099559e-20 -4.093999e-20 8.054176e+00
178000 2.569940e-21 -3.887390e-20 -3.630396e-20 3.722801e+02
179000 2.660533e-21 -3.436550e-20 -3.170497e-20 3.854033e+02
180000 4.603252e-21 -3.985338e-20 -3.525013e-20 6.668243e+02
181000 2.058363e-21 -4.081666e-20 -3.875829e-20 2.981733e+02
182000 4.099906e-21 -3.650648e-20 -3.240658e-20 5.939099e+02
183000 3.250304e-22 -4.084351e-20 -4.051848e-20 4.708371e+01
184000 1.932087e-21 -3.828390e-20 -3.635181e-20 2.798810e+02
185000 5.060173e-23 -4.074100e-20 -4.069040e-20 7.330137e+00
186000 7.798581e-22 -4.095576e-20 -4.017591e-20 1.129698e+02
187000 4.584642e-21 -4.099323e-20 -3.640859e-20 6.641285e+02
188000 6.126510e-21 -4.098454e-20 -3.485803e-20 8.874826e+02
189000 2.161644e-21 -4.109059e-20 -3.892894e-20 3.131344e+02
190000 2.340031e-24 -3.902279e-20 -3.902045e-20 3.389755e-01
191000 4.405720e-24 -4.045873e-20 -4.045433e-20 6.382100e-01
192000 3.664463e-21 -3.686630e-20 -3.320184e-20 5.308320e+02
193000 1.988955e-21 -3.924665e-20 -3.725770e-20 2.881189e+02
194000 2.631987e-21 -3.381730e-20 -3.118531e-20 3.812680e+02
195000 7.176849e-23 -4.106736e-20 -4.099559e-20 1.039634e+01
196000 2.350732e-21 -4.097710e-20 -3.862637e-20 3.405256e+02
197000 4.038156e-24 -4.058705e-20 -4.058301e-20 5.849649e-01
198000 1.793030e-23 -4.108642e-20 -4.106849e-20 2.597373e+00
199000 2.902007e-21 -4.106499e-20 -3.816298e-20 4.203830e+02
200000 2.304376e-21 -4.038461e-20 1.119198e-19 3.338106e+02
201000 3.226767e-22 -3.878071e-20 6.154197e-20 4.674275e+01
202000 5.853141e-21 -3.950935e-20 6.634379e-20 8.478826e+02
203000 7.499788e-23 -3.440036e-20 6.567464e-20 1.086415e+01
204000 6.535014e-23 -3.665269e-20 6.341266e-20 9.466582e+00
205000 1.053540e-21 -2.826509e-20 7.278845e-20 1.526152e+02
206000 8.652377e-25 -3.595479e-20 6.404608e-20 1.253378e-01
207000 7.079769e-24 -3.983169e-20 6.017600e-20 1.025571e+00
208000 2.283841e-21 -4.002226e-20 6.251725e-20 3.308359e+02
209000 1.165896e-21 -3.827664e-20 6.288926e-20 1.688910e+02
210000 8.504744e-23 -3.887186e-20 6.121319e-20 1.231992e+01
211000 1.288696e-21 -3.549291e-20 6.579578e-20 1.866798e+02
212000 2.899423e-21 -4.002516e-20 6.315037e-20 4.200087e+02
213000 3.022041e-21 -3.603886e-20 6.698318e-20 4.377711e+02
214000 3.308323e-21 -3.838409e-20 6.492423e-20 4.792417e+02
215000 2.008430e-23 -3.549502e-20 6.452506e-20 2.909400e+00
216000 6.253548e-23 -3.918405e-20 6.087849e-20 9.058853e+00
217000 3.459623e-22 -3.606710e-20 6.427886e-20 5.011589e+01
218000 7.979053e-22 -3.491300e-20 6.588491e-20 1.155841e+02
219000 4.400323e-23 -3.881903e-20 6.122498e-20 6.374283e+00
220000 9.424631e-21 -3.977880e-20 6.964592e-20 1.365246e+03
221000 8.522786e-22 -4.005467e-20 6.138629e-20 1.234606e+02
222000 1.282319e-21 -3.925024e-20 6.203208e-20 1.857560e+02
223000 3.382485e-21 -3.830194e-20 6.508054e-20 4.899847e+02
224000 1.219375e-20 -3.793569e-20 7.425806e-20 1.766379e+03
225000 5.991927e-24 -3.857759e-20 6.142840e-20 8.679871e-01
226000 4.508472e-22 -3.992176e-20 6.054244e-20 6.530946e+01
227000 2.234787e-22 -3.718554e-20 6.303793e-20 3.237299e+01
228000 1.766614e-22 -3.624069e-20 6.393597e-20 2.559107e+01
229000 3.696699e-21 -4.015397e-20 6.865378e-20 5.355017e+02
230000 4.587030e-22 -3.954751e-20 6.091119e-20 6.644745e+01
231000 6.557525e-21 -2.982136e-20 7.673617e-20 9.499192e+02
232000 1.750691e-22 -3.033769e-20 6.983738e-20 2.536041e+01
233000 8.923557e-21 -3.922145e-20 6.970211e-20 1.292661e+03
234000 1.407248e-21 -3.379554e-20 6.761170e-20 2.038531e+02
235000 1.449505e-22 -4.000926e-20 6.031564e-20 2.099745e+01
236000 2.980416e-21 -3.918345e-20 6.379697e-20 4.317413e+02
237000 4.683885e-22 -3.273487e-20 6.773352e-20 6.785048e+01
238000 2.317740e-21 -3.759661e-20 6.472113e-20 3.357464e+02
239000 1.504494e-21 -3.898790e-20 6.251659e-20 2.179401e+02
240000 3.466255e-21 -2.297844e-20 8.048781e-20 5.021197e+02
241000 2.246617e-22 -3.320033e-20 6.702433e-20 3.254436e+01
242000 5.082460e-23 -3.998066e-20 6.015058e-20 7.362422e+00
243000 1.218660e-22 -3.820993e-20 6.191194e-20 1.765344e+01
244000 6.443140e-21 -3.740141e-20 6.904173e-20 9.333494e+02
245000 1.361461e-22 -4.011218e-20 6.224336e-20 1.972205e+01
246000 1.440456e-21 -3.799877e-20 6.344169e-20 2.086637e+02
247000 5.165512e-21 -3.879542e-20 6.637009e-20 7.482730e+02
248000 3.311309e-21 -3.374418e-20 6.956713e-20 4.796743e+02
249000 4.928107e-21 -3.735808e-20 6.757003e-20 7.138826e+02
250000 4.819789e-23 -3.828137e-20 6.176683e-20 6.981917e+00
251000 9.150330e-22 -3.784430e-20 6.307074e-20 1.325511e+02
252000 8.180819e-23 -3.282190e-20 6.725991e-20 1.185069e+01
253000 2.856240e-21 -3.995253e-20 6.293860e-20 4.137532e+02
254000 4.504381e-22 -3.673440e-20 6.371603e-20 6.525020e+01
255000 5.973882e-21 -3.685454e-20 6.911934e-20 8.653731e+02
256000 1.170747e-21 -3.697914e-20 6.419161e-20 1.695938e+02
257000 4.157529e-21 -3.977321e-20 6.438439e-20 6.022572e+02
258000 9.160854e-21 -3.820737e-20 7.095348e-20 1.327036e+03
259000 1.062720e-21 -3.910945e-20 6.195327e-20 1.539451e+02
260000 3.215868e-22 -3.964884e-20 6.067275e-20 4.658487e+01
261000 5.734410e-26 -3.856451e-20 6.143555e-20 8.306832e-03
262000 2.041883e-21 -3.865789e-20 6.338400e-20 2.957860e+02
263000 8.518272e-22 -3.590229e-20 6.494953e-20 1.233952e+02
264000 4.310264e-21 -3.468587e-20 6.962439e-20 6.243823e+02
265000 4.075266e-21 -3.986891e-20 6.420866e-20 5.903406e+02
266000 3.523803e-21 -3.780012e-20 6.572369e-20 5.104560e+02
267000 2.310067e-21 -3.645118e-20 6.585889e-20 3.346349e+02
268000 4.863559e-21 -3.936709e-20 6.549647e-20 7.045323e+02
269000 1.670033e-22 -3.899577e-20 6.117124e-20 2.419201e+01
270000 2.697189e-22 -3.681437e-20 6.345534e-20 3.907133e+01
271000 4.314187e-22 -3.430763e-20 6.612379e-20 6.249506e+01
272000 2.628539e-21 -3.996917e-20 6.271683e-20 3.807686e+02
273000 5.542076e-21 -3.973789e-20 6.580421e-20 8.028219e+02
274000 2.050363e-21 -3.564424e-20 6.640613e-20 2.970144e+02
275000 1.710394e-21 -3.965858e-20 6.205182e-20 2.477667e+02
276000 3.146595e-22 -3.579133e-20 6.452332e-20 4.558138e+01
277000 5.899972e-23 -3.449123e-20 6.556777e-20 8.546664e+00
278000 3.486403e-21 -3.871967e-20 6.476673e-20 5.050382e+02
279000 4.771422e-22 -3.756213e-20 6.291502e-20 6.911854e+01
280000 9.188843e-22 -3.998064e-20 6.101861e-20 1.331090e+02
281000 7.347465e-21 -3.249154e-20 7.485592e-20 1.064349e+03
282000 3.109881e-21 -3.982938e-20 6.328107e-20 4.504955e+02
283000 1.933387e-22 -3.971249e-20 6.048085e-20 2.800694e+01
284000 1.232191e-21 -3.956486e-20 6.166733e-20 1.784944e+02
285000 3.428335e-21 -3.255611e-20 7.087223e-20 4.966266e+02
286000 2.279027e-23 -3.825046e-20 6.177234e-20 3.301385e+00
287000 2.819427e-22 -3.837458e-20 6.190736e-20 4.084205e+01
288000 6.097584e-24 -3.972625e-20 6.027985e-20 8.832924e-01
289000 8.467827e-23 -3.694862e-20 6.313606e-20 1.226644e+01
290000 1.082945e-20 -3.878659e-20 7.204286e-20 1.568747e+03
291000 1.091809e-24 -3.553465e-20 6.446644e-20 1.581588e-01
292000 3.708436e-24 -3.638602e-20 6.361769e-20 5.372018e-01
293000 4.184718e-21 -3.780369e-20 6.638103e-20 6.061958e+02
294000 7.554328e-24 -3.963705e-20 6.037050e-20 1.094316e+00
295000 5.697524e-22 -3.994362e-20 6.065269e-20 8.253399e+01
296000 3.136331e-21 -3.928783e-20 6.384850e-20 4.543270e+02
297000 1.884764e-21 -3.723535e-20 6.464942e-20 2.730257e+02
298000 3.219553e-23 -3.458397e-20 6.544822e-20 4.663826e+00
299000 2.960238e-21 -3.805774e-20 6.490250e-20 4.288183e+02
300000 5.783189e-22 -3.742803e-20 6.315029e-20 8.377493e+01
301000 1.501249e-21 -3.944953e-20 6.205172e-20 2.174700e+02
302000 6.497600e-22 -3.396191e-20 6.668785e-20 9.412385e+01
303000 6.991249e-22 -3.471900e-20 6.598013e-20 1.012748e+02
304000 5.046406e-22 -3.851630e-20 6.198834e-20 7.310194e+01
305000 3.729863e-22 -3.823924e-20 6.213375e-20 5.403058e+01
306000 1.289059e-22 -3.922643e-20 6.090248e-20 1.867323e+01
307000 1.157698e-22 -3.932976e-20 6.078601e-20 1.677035e+01
308000 1.736170e-20 -4.006029e-20 7.797755e-20 2.515005e+03
309000 2.547670e-22 -3.986601e-20 6.039084e-20 3.690539e+01
310000 5.160354e-22 -3.581363e-20 6.470240e-20 7.475258e+01
311000 4.904585e-23 -4.006939e-20 6.082229e-20 7.104752e+00
312000 8.605246e-22 -3.673526e-20 6.412527e-20 1.246551e+02
313000 2.680227e-23 -3.894725e-20 6.107955e-20 3.882562e+00
314000 2.996975e-21 -3.997303e-20 6.308833e-20 4.341400e+02
315000 6.203255e-23 -3.977004e-20 6.029205e-20 8.985999e+00
316000 3.501854e-22 -3.920101e-20 6.114917e-20 5.072766e+01
317000 1.265986e-21 -3.897738e-20 6.228861e-20 1.833900e+02
318000 2.506242e-21 -3.232349e-20 7.018275e-20 3.630527e+02
319000 4.906643e-23 -3.152293e-20 6.852614e-20 7.107735e+00
320000 4.199832e-23 -3.899951e-20 6.104249e-20 6.083853e+00
321000 5.235260e-22 -4.009402e-20 6.192139e-20 7.583766e+01
322000 6.408588e-22 -3.657953e-20 6.406133e-20 9.283442e+01
323000 1.291438e-21 -2.257032e-20 7.872111e-20 1.870769e+02
324000 4.443968e-21 -3.706329e-20 6.738068e-20 6.437507e+02
325000 7.533437e-22 -3.298793e-20 6.776541e-20 1.091289e+02
326000 1.107512e-21 -2.991616e-20 7.119136e-20 1.604336e+02
327000 3.373042e-22 -3.895601e-20 6.138129e-20 4.886168e+01
328000 1.595130e-22 -3.905548e-20 6.110403e-20 2.310696e+01
329000 2.966063e-21 -3.721664e-20 6.574943e-20 4.296621e+02
330000 4.975982e-21 -2.413542e-20 8.084056e-20 7.208179e+02
331000 1.262913e-22 -3.896428e-20 6.116201e-20 1.829448e+01
332000 3.353960e-23 -3.357357e-20 6.645997e-20 4.858526e+00
333000 4.838762e-22 -3.007246e-20 7.041141e-20 7.009402e+01
334000 4.287985e-22 -3.967050e-20 6.075830e-20 6.211549e+01
335000 6.655723e-23 -3.975783e-20 6.030876e-20 9.641442e+00
336000 7.097723e-23 -3.974492e-20 6.032608e-20 1.028172e+01
337000 3.391060e-23 -3.215440e-20 6.787951e-20 4.912269e+00
338000 8.370865e-22 -3.868331e-20 6.215378e-20 1.212599e+02
339000 2.261677e-21 -3.997532e-20 6.235520e-20 3.276253e+02
340000 4.603060e-22 -3.921956e-20 6.124074e-20 6.667966e+01
341000 3.125576e-22 -3.154841e-20 6.876415e-20 4.527691e+01
342000 1.550883e-21 -3.914449e-20 6.240639e-20 2.246601e+02
343000 2.897490e-22 -3.979582e-20 6.049409e-20 4.197287e+01
344000 6.985538e-24 -3.177787e-20 6.822911e-20 1.011921e+00
345000 9.889610e-23 -3.003175e-20 7.006715e-20 1.432603e+01
346000 1.057340e-22 -3.590242e-20 6.420331e-20 1.531656e+01
347000 5.157894e-21 -3.595309e-20 6.920481e-20 7.471695e+02
348000 6.143761e-22 -3.621379e-20 6.440059e-20 8.899816e+01
349000 3.973133e-23 -3.821740e-20 6.182233e-20 5.755457e+00
350000 1.356321e-22 -3.717044e-20 6.296520e-20 1.964758e+01
351000 1.668582e-21 -3.808009e-20 6.358849e-20 2.417098e+02
352000 4.000357e-23 -3.697657e-20 6.306343e-20 5.794894e+00
353000 2.053705e-21 -3.951575e-20 6.253795e-20 2.974985e+02
354000 9.828753e-22 -3.646144e-20 6.452143e-20 1.423787e+02
355000 7.150172e-23 -3.547846e-20 6.459304e-20 1.035770e+01
356000 6.989918e-22 -3.929072e-20 6.140827e-20 1.012555e+02
357000 1.199646e-20 -3.668722e-20 7.530924e-20 1.737800e+03
358000 4.244905e-22 -3.981361e-20 6.061119e-20 6.149144e+01
359000 6.728314e-23 -3.883098e-20 6.123630e-20 9.746596e+00
360000 3.461256e-21 -3.842247e-20 6.503879e-20 5.013956e+02
361000 1.400556e-21 -3.316486e-20 6.823570e-20 2.028836e+02
362000 8.483519e-22 -3.916020e-20 6.168815e-20 1.228918e+02
363000 2.153733e-21 -3.933239e-20 6.282134e-20 3.119885e+02
364000 5.142765e-23 -4.006126e-20 6.068257e-20 7.449779e+00
365000 2.841229e-22 -3.290313e-20 6.738100e-20 4.115787e+01
366000 5.395644e-21 -3.894227e-20 6.645337e-20 7.816099e+02
367000 1.264706e-22 -3.570824e-20 6.441823e-20 1.832045e+01
368000 1.375664e-22 -2.977029e-20 7.036728e-20 1.992779e+01
369000 1.366129e-26 -3.937876e-20 6.062126e-20 1.978966e-03
370000 4.525557e-21 -3.398966e-20 7.053590e-20 6.555696e+02
371000 9.561398e-22 -3.126478e-20 6.969136e-20 1.385058e+02
372000 7.106571e-21 -3.979425e-20 6.731247e-20 1.029454e+03
373000 2.195202e-21 -3.473458e-20 6.746062e-20 3.179957e+02
374000 3.321896e-24 -3.713466e-20 6.286866e-20 4.812079e-01
375000 2.341903e-20 -3.987315e-20 8.354854e-20 3.392467e+03
376000 1.883081e-21 -3.632506e-20 6.555802e-20 2.727820e+02
377000 1.417705e-22 -3.715437e-20 6.298740e-20 2.053679e+01
378000 2.885523e-21 -3.922091e-20 6.366461e-20 4.179952e+02
379000 2.191849e-20 -3.712213e-20 8.479636e-20 3.175099e+03
380000 8.453256e-23 -3.584160e-20 6.424293e-20 1.224534e+01
381000 3.423772e-22 -3.751869e-20 6.282369e-20 4.959656e+01
382000 2.570727e-21 -3.939572e-20 6.317500e-20 3.723940e+02
383000 2.690040e-22 -3.991987e-20 6.036171e-20 3.896776e+01
384000 3.578079e-21 -3.967879e-20 6.389929e-20 5.183184e+02
385000 7.486034e-22 -3.833995e-20 6.240865e-20 1.084422e+02
386000 1.276455e-21 -2.626567e-20 7.501079e-20 1.849065e+02
387000 2.626403e-21 -3.987744e-20 6.275204e-20 3.804593e+02
388000 9.037250e-22 -3.606584e-20 6.483788e-20 1.309131e+02
389000 2.482495e-21 -2.724738e-20 7.523512e-20 3.596128e+02
390000 7.108499e-22 -3.991281e-20 6.080806e-20 1.029733e+02
391000 2.803788e-23 -3.426136e-20 6.576667e-20 4.061550e+00
392000 3.485297e-21 -3.483140e-20 6.865390e-20 5.048780e+02
393000 1.762587e-24 -3.691084e-20 6.309092e-20 2.553274e-01
394000 1.822364e-21 -3.896093e-20 6.286143e-20 2.639865e+02
395000 4.317601e-23 -3.810279e-20 6.194039e-20 6.254451e+00
396000 5.805622e-24 -3.917617e-20 6.082964e-20 8.409990e-01
397000 5.658190e-21 -3.944220e-20 6.621599e-20 8.196421e+02
398000 5.668411e-23 -3.838455e-20 6.167214e-20 8.211226e+00
399000 1.954844e-21 -3.997652e-20 6.204962e-20 2.831776e+02
400000 8.409132e-22 -3.851882e-20 6.232209e-20 1.218142e+02
401000 1.404066e-21 -3.795768e-20 6.344638e-20 2.033921e+02
402000 3.304498e-22 -3.784013e-20 6.249032e-20 4.786877e+01
403000 1.796735e-21 -3.663019e-20 6.516655e-20 2.602740e+02
404000 1.282224e-24 -3.977639e-20 6.022497e-20 1.857423e-01
405000 4.323169e-23 -3.995103e-20 6.012553e-20 6.262517e+00
406000 2.384585e-21 -2.843036e-20 7.395422e-20 3.454295e+02
407000 4.972567e-23 -3.567722e-20 6.437251e-20 7.203232e+00
408000 4.894094e-22 -3.704577e-20 6.344364e-20 7.089555e+01
409000 3.796991e-21 -3.224606e-20 7.155093e-20 5.500298e+02
410000 9.570637e-23 -3.551928e-20 6.457643e-20 1.386397e+01
411000 8.243835e-22 -3.940200e-20 6.142239e-20 1.194197e+02
412000 2.546470e-23 -3.954542e-20 6.048005e-20 3.688801e+00
413000 5.922825e-26 -3.915280e-20 6.084726e-20 8.579769e-03
414000 4.002091e-21 -3.572880e-20 6.827329e-20 5.797405e+02
415000 1.391559e-21 -3.883976e-20 6.255180e-20 2.015805e+02
416000 5.774669e-22 -3.683695e-20 6.374052e-20 8.365152e+01
417000 1.004142e-20 -3.134457e-20 7.869685e-20 1.454594e+03
418000 8.454335e-21 -3.897016e-20 6.948418e-20 1.224690e+03
419000 2.427168e-22 -3.586460e-20 6.437812e-20 3.515981e+01
420000 8.419661e-23 -3.786628e-20 6.221792e-20 1.219667e+01
421000 3.258013e-22 -3.877587e-20 6.154993e-20 4.719538e+01
422000 2.588445e-23 -3.809535e-20 6.193053e-20 3.749606e+00
423000 5.999911e-22 -3.428779e-20 6.631220e-20 8.691435e+01
424000 8.734299e-21 -3.527873e-20 7.345557e-20 1.265245e+03
425000 1.695120e-21 -3.340934e-20 6.828578e-20 2.455541e+02
426000 3.324398e-22 -3.846336e-20 6.186908e-20 4.815703e+01
427000 2.548540e-21 -3.886661e-20 6.368193e-20 3.691800e+02
428000 1.527110e-22 -3.760288e-20 6.254983e-20 2.212163e+01
429000 7.688661e-22 -3.764228e-20 6.312659e-20 1.113775e+02
430000 8.199355e-22 -3.879207e-20 6.202786e-20 1.187754e+02
431000 1.683757e-21 -3.604278e-20 6.564098e-20 2.439080e+02
432000 9.141069e-23 -3.994707e-20 6.017387e-20 1.324170e+01
433000 8.779163e-22 -3.784517e-20 6.303274e-20 1.271744e+02
434000 2.223505e-22 -3.829107e-20 6.193128e-20 3.220957e+01
435000 5.588293e-22 -3.795396e-20 6.260487e-20 8.095168e+01
436000 1.884309e-21 -3.918517e-20 6.269914e-20 2.729600e+02
437000 7.010352e-22 -3.874887e-20 6.195217e-20 1.015516e+02
438000 2.705153e-22 -3.806547e-20 6.220504e-20 3.918668e+01
439000 1.718209e-21 -3.919293e-20 6.252528e-20 2.488987e+02
440000 1.379745e-22 -3.845906e-20 6.167892e-20 1.998691e+01
441000 8.492129e-21 -3.842777e-20 7.006436e-20 1.230165e+03
442000 2.503162e-24 -2.681560e-20 7.318691e-20 3.626065e-01
443000 3.559441e-21 -4.003913e-20 6.391793e-20 5.156185e+02
444000 6.343546e-23 -3.791959e-20 6.214384e-20 9.189223e+00
445000 3.734661e-25 -3.957899e-20 6.042138e-20 5.410008e-02
446000 3.825213e-23 -3.869602e-20 6.134223e-20 5.541181e+00
447000 3.426804e-21 -3.991864e-20 6.352025e-20 4.964047e+02
448000 2.622909e-22 -3.207543e-20 6.818686e-20 3.799531e+01
449000 2.971965e-22 -3.883667e-20 6.146052e-20 4.305170e+01
450000 4.664725e-22 -3.797025e-20 6.249622e-20 6.757293e+01
451000 1.758796e-21 -3.986006e-20 6.190043e-20 2.547781e+02
452000 3.269065e-21 -3.685387e-20 6.641519e-20 4.735548e+02
453000 3.969743e-21 -3.713638e-20 6.683336e-20 5.750546e+02
454000 7.776166e-26 -3.219295e-20 6.780713e-20 1.126451e-02
455000 7.754917e-22 -4.006576e-20 6.148203e-20 1.123373e+02
456000 4.242132e-22 -3.866024e-20 6.176397e-20 6.145127e+01
457000 3.834969e-22 -3.672443e-20 6.365907e-20 5.555313e+01
458000 1.639715e-23 -3.864644e-20 6.136996e-20 2.375281e+00
459000 5.050681e-22 -3.846602e-20 6.203904e-20 7.316387e+01
460000 7.457863e-25 -3.897439e-20 6.102636e-20 1.080342e-01
461000 4.895463e-21 -3.307805e-20 7.181741e-20 7.091539e+02
462000 1.559166e-22 -3.856003e-20 6.159589e-20 2.258598e+01
463000 3.672329e-21 -3.720076e-20 6.647157e-20 5.319714e+02
464000 5.772012e-21 -3.427065e-20 7.150136e-20 8.361303e+02
465000 4.631556e-22 -3.866155e-20 6.180161e-20 6.709244e+01
466000 1.478731e-21 -3.325236e-20 6.822637e-20 2.142081e+02
467000 3.786249e-21 -3.975367e-20 6.403261e-20 5.484739e+02
468000 2.179211e-21 -3.872523e-20 6.345398e-20 3.156793e+02
469000 1.027965e-20 -3.860046e-20 7.167919e-20 1.489104e+03
470000 6.735751e-22 -3.983190e-20 6.084230e-20 9.757370e+01
471000 1.378217e-21 -3.808600e-20 6.329221e-20 1.996476e+02
472000 6.404660e-22 -3.976354e-20 6.087697e-20 9.277753e+01
473000 4.012306e-24 -3.749751e-20 6.250650e-20 5.812203e-01
474000 1.864801e-21 -3.937066e-20 6.249414e-20 2.701340e+02
475000 4.309648e-21 -3.895908e-20 6.535056e-20 6.242930e+02
476000 9.017846e-21 -4.011072e-20 7.105829e-20 1.306320e+03
477000 3.883207e-21 -3.876187e-20 6.512134e-20 5.625190e+02
478000 9.454785e-22 -3.868491e-20 6.226057e-20 1.369615e+02
479000 1.532239e-21 -3.341885e-20 6.811339e-20 2.219592e+02
480000 1.843091e-24 -4.003282e-20 6.030677e-20 2.669891e-01
481000 3.033871e-21 -3.970417e-20 6.332971e-20 4.394848e+02
482000 1.432983e-21 -2.625005e-20 7.518293e-20 2.075810e+02
483000 3.185262e-21 -3.465421e-20 6.853105e-20 4.614151e+02
484000 1.378785e-22 -3.639582e-20 6.374206e-20 1.997300e+01
485000 1.186409e-20 -3.465900e-20 7.720509e-20 1.718625e+03
486000 4.517494e-22 -2.671548e-20 7.373626e-20 6.544014e+01
487000 1.348694e-20 -3.663249e-20 7.685445e-20 1.953710e+03
488000 1.134274e-22 -3.999048e-20 6.022950e-20 1.643103e+01
489000 1.327865e-25 -3.945115e-20 6.054899e-20 1.923538e-02
490000 1.493011e-22 -3.883536e-20 6.131394e-20 2.162767e+01
491000 3.939810e-21 -3.806927e-20 6.587054e-20 5.707186e+02
492000 1.020715e-22 -3.945353e-20 6.064854e-20 1.478602e+01
493000 8.416052e-22 -3.893961e-20 6.190200e-20 1.219144e+02
494000 4.264104e-22 -3.517166e-20 6.525475e-20 6.176957e+01
495000 3.786157e-22 -3.996629e-20 6.046509e-20 5.484605e+01
496000 6.752142e-21 -3.528440e-20 7.146775e-20 9.781113e+02
497000 5.942703e-21 -3.797935e-20 6.796335e-20 8.608564e+02
498000 2.083239e-22 -3.299917e-20 6.720915e-20 3.017768e+01
499000 5.458832e-22 -4.003404e-20 6.086047e-20 7.907632e+01
500000 1.183821e-21 -3.624046e-20 6.494336e-20 1.714876e+02
501000 3.201696e-21 -3.986428e-20 6.333938e-20 4.637958e+02
502000 2.660801e-21 -3.625450e-20 6.640630e-20 3.854420e+02
503000 8.106706e-21 -3.871055e-20 6.939616e-20 1.174333e+03
504000 6.625305e-21 -3.113538e-20 7.548993e-20 9.597378e+02
505000 4.413000e-21 -3.784872e-20 6.656428e-20 6.392645e+02
506000 1.054876e-21 -2.463891e-20 7.641596e-20 1.528087e+02
507000 1.362253e-21 -3.958191e-20 6.178035e-20 1.973351e+02
508000 1.946618e-21 -3.927216e-20 6.267446e-20 2.819860e+02
509000 2.639228e-21 -3.953876e-20 6.310047e-20 3.823170e+02
510000 6.288466e-23 -3.752865e-20 6.253424e-20 9.109434e+00
511000 4.451182e-21 -4.011770e-20 6.682718e-20 6.447957e+02
512000 2.479522e-24 -3.772781e-20 6.227467e-20 3.591821e-01
513000 2.349007e-21 -3.585762e-20 6.649139e-20 3.402758e+02
514000 2.704764e-22 -3.899748e-20 6.127299e-20 3.918105e+01
515000 9.298471e-22 -3.918931e-20 6.174054e-20 1.346971e+02
516000 2.686738e-22 -3.489699e-20 6.537169e-20 3.891993e+01
517000 1.296656e-23 -3.998353e-20 6.011679e-20 1.878328e+00
518000 6.953950e-22 -3.442910e-20 6.626630e-20 1.007345e+02
519000 2.342480e-21 -3.476395e-20 6.757853e-20 3.393302e+02
520000 2.415670e-21 -3.311808e-20 6.929759e-20 3.499325e+02
521000 2.261492e-21 -3.888101e-20 6.338048e-20 3.275984e+02
522000 2.870648e-21 -4.000475e-20 6.302482e-20 4.158403e+02
523000 4.182469e-22 -3.404205e-20 6.637620e-20 6.058700e+01
524000 3.533249e-21 -3.704542e-20 6.648783e-20 5.118243e+02
525000 1.290500e-22 -3.816290e-20 6.196615e-20 1.869410e+01
526000 9.444990e-22 -3.119419e-20 6.975031e-20 1.368196e+02
527000 8.304697e-21 -3.419600e-20 7.410869e-20 1.203014e+03
528000 2.099306e-22 -3.770674e-20 6.250319e-20 3.041042e+01
529000 2.746849e-21 -3.297708e-20 6.976977e-20 3.979069e+02
530000 2.698563e-24 -3.572129e-20 6.428140e-20 3.909122e-01
531000 6.551862e-21 -3.897507e-20 6.757680e-20 9.490989e+02
532000 4.369249e-21 -3.925664e-20 6.511261e-20 6.329269e+02
533000 1.155076e-21 -4.023895e-20 8.021143e-20 1.673236e+02
534000 1.352341e-21 -3.113331e-20 7.021903e-20 1.958994e+02
535000 7.572800e-23 -3.142296e-20 6.865277e-20 1.096991e+01
536000 3.345597e-22 -3.358804e-20 6.674652e-20 4.846412e+01
537000 8.034907e-23 -3.641001e-20 6.367034e-20 1.163932e+01
538000 4.888496e-21 -3.883163e-20 6.605687e-20 7.081446e+02
539000 7.273349e-23 -3.716252e-20 6.291021e-20 1.053613e+01
540000 4.765731e-22 -2.894618e-20 7.153039e-20 6.903610e+01
541000 7.144488e-22 -3.999165e-20 6.083294e-20 1.034946e+02
542000 1.973114e-22 -3.999010e-20 6.031262e-20 2.858242e+01
543000 2.028621e-23 -3.710787e-20 6.291241e-20 2.938649e+00
544000 8.593821e-22 -3.881679e-20 6.204260e-20 1.244896e+02
545000 1.242627e-21 -3.949859e-20 6.174404e-20 1.800062e+02
546000 1.024620e-21 -3.221626e-20 6.880836e-20 1.484259e+02
547000 5.269623e-23 -3.704592e-20 6.300678e-20 7.633544e+00
548000 5.044031e-22 -3.796837e-20 6.253603e-20 7.306753e+01
549000 3.389562e-21 -2.556675e-20 7.782282e-20 4.910099e+02
550000 8.702679e-21 -3.983261e-20 6.887070e-20 1.260665e+03
551000 6.242557e-22 -3.911804e-20 6.150622e-20 9.042931e+01
552000 1.884610e-21 -3.934700e-20 6.253761e-20 2.730035e+02
553000 2.231371e-21 -3.925860e-20 6.297277e-20 3.232351e+02
554000 3.842044e-21 -3.594885e-20 6.789319e-20 5.565563e+02
555000 1.476027e-20 -3.988949e-20 7.487542e-20 2.138164e+03
556000 6.637562e-22 -3.978631e-20 6.087756e-20 9.615133e+01
557000 1.014758e-21 -3.733015e-20 6.368461e-20 1.469973e+02
558000 6.663753e-22 -3.709258e-20 6.357380e-20 9.653074e+01
559000 1.689166e-23 -3.713065e-20 6.288624e-20 2.446915e+00
560000 5.679039e-21 -3.888053e-20 6.679851e-20 8.226622e+02
561000 8.144140e-24 -3.927022e-20 6.073793e-20 1.179755e+00
562000 3.027819e-21 -3.587491e-20 6.715291e-20 4.386080e+02
563000 1.967776e-21 -3.157533e-20 7.039244e-20 2.850509e+02
564000 9.759944e-24 -3.994436e-20 6.009257e-20 1.413820e+00
565000 2.125767e-21 -2.824073e-20 7.388504e-20 3.079374e+02
566000 2.137048e-22 -3.957060e-20 6.064310e-20 3.095715e+01
567000 1.678480e-21 -2.680085e-20 7.487763e-20 2.431436e+02
568000 3.231994e-22 -3.279711e-20 6.752609e-20 4.681848e+01
569000 5.843388e-21 -3.932834e-20 6.651505e-20 8.464697e+02
570000 2.079438e-21 -1.139771e-20 9.068172e-20 3.012261e+02
571000 5.973375e-22 -3.901879e-20 6.157855e-20 8.652996e+01
572000 7.084341e-22 -3.195738e-20 6.875105e-20 1.026233e+02
573000 1.530428e-21 -3.590079e-20 6.562964e-20 2.216969e+02
574000 7.435073e-21 -3.988378e-20 6.755512e-20 1.077040e+03
575000 1.695187e-23 -3.958668e-20 6.043027e-20 2.455637e+00
576000 1.198467e-21 -3.771015e-20 6.348832e-20 1.736092e+02
577000 8.005855e-22 -3.910317e-20 6.169742e-20 1.159723e+02
578000 4.562204e-22 -3.907440e-20 6.138182e-20 6.608781e+01
579000 2.355962e-22 -3.777387e-20 6.246173e-20 3.412833e+01
580000 3.837075e-21 -3.452819e-20 6.930889e-20 5.558364e+02
581000 3.862162e-21 -3.827962e-20 6.558254e-20 5.594705e+02
582000 1.622919e-21 -3.973430e-20 6.188863e-20 2.350951e+02
583000 1.048795e-21 -3.691219e-20 6.413660e-20 1.519278e+02
584000 4.806827e-21 -3.841752e-20 6.638931e-20 6.963142e+02
585000 3.505419e-22 -3.968071e-20 6.066984e-20 5.077929e+01
586000 2.975567e-22 -3.450898e-20 6.578858e-20 4.310388e+01
587000 2.021020e-22 -3.516058e-20 6.504152e-20 2.927638e+01
588000 4.241198e-21 -3.784897e-20 6.639222e-20 6.143775e+02
589000 3.129725e-22 -3.802220e-20 6.229078e-20 4.533701e+01
590000 1.756302e-21 -3.381768e-20 6.793863e-20 2.544169e+02
591000 9.636809e-22 -3.953476e-20 6.142892e-20 1.395983e+02
592000 1.927090e-24 -2.897570e-20 7.102622e-20 2.791571e-01
593000 5.278023e-23 -3.837754e-20 6.167524e-20 7.645714e+00
594000 2.749257e-21 -4.004057e-20 6.312129e-20 3.982558e+02
595000 9.107396e-23 -3.941192e-20 6.067915e-20 1.319292e+01
596000 1.022567e-20 -3.677599e-20 7.344967e-20 1.481284e+03
597000 1.583955e-21 -3.531089e-20 6.627307e-20 2.294508e+02
598000 8.670485e-21 -3.718233e-20 7.148816e-20 1.256001e+03
599000 5.945672e-21 -3.970005e-20 6.624562e-20 8.612865e+02
600000 1.038822e-24 -3.727044e-20 6.273060e-20 1.504832e-01
601000 1.349174e-21 -3.588191e-20 6.546726e-20 1.954406e+02
602000 9.420541e-22 -3.992621e-20 6.103124e-20 1.364654e+02
603000 9.759394e-22 -3.620103e-20 6.477491e-20 1.413740e+02
604000 3.361256e-21 -3.622721e-20 6.713405e-20 4.869096e+02
605000 4.704294e-21 -3.694708e-20 6.775721e-20 6.814612e+02
606000 2.518104e-22 -3.654049e-20 6.371132e-20 3.647711e+01
607000 8.095214e-24 -3.646608e-20 6.354202e-20 1.172668e+00
608000 5.479227e-21 -4.003254e-20 6.578191e-20 7.937176e+02
609000 2.443599e-21 -3.572528e-20 6.671832e-20 3.539783e+02
610000 6.931109e-22 -3.745670e-20 6.323641e-20 1.004036e+02
611000 5.251391e-23 -3.705916e-20 6.299336e-20 7.607134e+00
612000 1.442887e-22 -3.973045e-20 6.041385e-20 2.090157e+01
613000 1.228282e-21 -3.498009e-20 6.624819e-20 1.779282e+02
614000 2.746258e-21 -4.001554e-20 6.294419e-20 3.978214e+02
615000 3.261655e-21 -3.932697e-20 6.393468e-20 4.724814e+02
616000 3.000296e-22 -3.961362e-20 6.068641e-20 4.346212e+01
617000 1.346664e-24 -3.869972e-20 6.130163e-20 1.950770e-01
618000 1.193266e-22 -3.995232e-20 6.020167e-20 1.728558e+01
619000 4.837725e-22 -3.812564e-20 6.235813e-20 7.007900e+01
620000 3.891671e-21 -3.680189e-20 6.708978e-20 5.637452e+02
621000 1.792281e-21 -3.096332e-20 7.082896e-20 2.596288e+02
622000 1.449502e-22 -3.637781e-20 6.376714e-20 2.099740e+01
623000 2.813143e-22 -3.851160e-20 6.176971e-20 4.075103e+01
624000 3.355989e-22 -3.508701e-20 6.524859e-20 4.861467e+01
625000 7.653717e-22 -2.540468e-20 7.536069e-20 1.108713e+02
626000 3.194303e-21 -3.705346e-20 6.614084e-20 4.627248e+02
627000 1.388964e-21 -3.239096e-20 6.899800e-20 2.012045e+02
628000 3.203291e-21 -3.994947e-20 6.328560e-20 4.640268e+02
629000 1.758109e-21 -4.008869e-20 6.299191e-20 2.546787e+02
630000 1.259121e-23 -3.813863e-20 6.187396e-20 1.823956e+00
631000 6.705102e-22 -3.953307e-20 6.113744e-20 9.712971e+01
632000 6.127737e-21 -3.942155e-20 6.670618e-20 8.876603e+02
633000 1.777007e-21 -3.990150e-20 6.188242e-20 2.574162e+02
634000 8.823566e-22 -3.998242e-20 6.098454e-20 1.278177e+02
635000 1.589330e-25 -4.002717e-20 6.026421e-20 2.302294e-02
636000 1.647480e-21 -3.994532e-20 6.173014e-20 2.386530e+02
637000 4.144422e-23 -3.969106e-20 6.035039e-20 6.003585e+00
638000 2.423229e-21 -3.690538e-20 6.551785e-20 3.510275e+02
639000 1.474966e-21 -3.832820e-20 6.314676e-20 2.136627e+02
640000 8.153595e-21 -1.770289e-20 9.045071e-20 1.181125e+03
641000 1.322778e-22 -3.803965e-20 6.209262e-20 1.916169e+01
642000 1.528105e-21 -3.900646e-20 6.252164e-20 2.213604e+02
643000 1.261865e-22 -3.949453e-20 6.063166e-20 1.827930e+01
644000 2.341546e-21 -3.801961e-20 6.432194e-20 3.391949e+02
645000 9.796502e-21 -3.358551e-20 7.621099e-20 1.419116e+03
646000 1.979823e-24 -3.318363e-20 6.681835e-20 2.867959e-01
647000 2.441956e-21 -3.807777e-20 6.436418e-20 3.537403e+02
648000 4.471291e-21 -3.968739e-20 6.478391e-20 6.477086e+02
649000 1.535928e-21 -3.879954e-20 6.273639e-20 2.224937e+02
650000 1.356475e-21 -3.922870e-20 6.212777e-20 1.964982e+02
651000 9.489708e-22 -3.745855e-20 6.349042e-20 1.374673e+02
652000 9.904170e-23 -3.815810e-20 6.194094e-20 1.434712e+01
653000 3.812780e-21 -3.811846e-20 6.569431e-20 5.523170e+02
654000 1.892797e-21 -3.545606e-20 6.643674e-20 2.741895e+02
655000 3.124790e-23 -3.965488e-20 6.037637e-20 4.526552e+00
656000 7.934341e-22 -3.963152e-20 6.116192e-20 1.149364e+02
657000 5.048732e-22 -3.817267e-20 6.233220e-20 7.313564e+01
658000 1.505490e-21 -3.997716e-20 6.160097e-20 2.180844e+02
659000 1.372427e-22 -3.998494e-20 6.024327e-20 1.988090e+01
660000 1.110559e-20 -3.468511e-20 7.642048e-20 1.608750e+03
661000 3.529241e-21 -3.768290e-20 6.584634e-20 5.112438e+02
662000 8.932742e-22 -3.997214e-20 6.098385e-20 1.293992e+02
663000 1.319900e-22 -3.945883e-20 6.067316e-20 1.911999e+01
664000 2.049288e-22 -3.769606e-20 6.250887e-20 2.968586e+01
665000 5.419644e-21 -3.862132e-20 6.679833e-20 7.850864e+02
666000 4.669105e-22 -3.410243e-20 6.636448e-20 6.763639e+01
667000 2.134621e-21 -3.901023e-20 6.312439e-20 3.092199e+02
668000 8.977036e-22 -3.867039e-20 6.222731e-20 1.300408e+02
669000 4.972160e-22 -3.874436e-20 6.175286e-20 7.202642e+01
670000 5.163532e-21 -3.844602e-20 6.671751e-20 7.479862e+02
671000 9.974519e-22 -3.835953e-20 6.263792e-20 1.444903e+02
672000 2.791334e-21 -3.671647e-20 6.607487e-20 4.043510e+02
673000 5.612422e-22 -3.203615e-20 6.852510e-20 8.130122e+01
674000 3.267049e-21 -3.942657e-20 6.384048e-20 4.732628e+02
675000 3.602853e-21 -4.020490e-20 7.545475e-20 5.219072e+02
676000 2.317818e-21 -3.972022e-20 6.259761e-20 3.357577e+02
677000 9.074045e-21 -3.780839e-20 7.126566e-20 1.314461e+03
678000 1.261453e-21 -3.860575e-20 6.265570e-20 1.827334e+02
679000 1.883327e-21 -3.532621e-20 6.655712e-20 2.728177e+02
680000 1.341304e-21 -1.746233e-20 8.387897e-20 1.943006e+02
681000 7.121876e-21 -3.964173e-20 6.748014e-20 1.031671e+03
682000 6.788154e-23 -3.690701e-20 6.316087e-20 9.833280e+00
683000 9.629392e-22 -3.977828e-20 6.118474e-20 1.394908e+02
684000 1.410970e-22 -3.906827e-20 6.107283e-20 2.043923e+01
685000 7.840392e-23 -3.531199e-20 6.476641e-20 1.135755e+01
686000 7.700840e-23 -3.719707e-20 6.287994e-20 1.115539e+01
687000 5.651110e-23 -3.976064e-20 6.029592e-20 8.186165e+00
688000 7.426810e-23 -3.645848e-20 6.361578e-20 1.075843e+01
689000 3.845066e-24 -4.014724e-20 6.435983e-20 5.569940e-01
690000 1.278755e-20 -3.873110e-20 7.405645e-20 1.852397e+03
691000 1.489415e-21 -3.613418e-20 6.535524e-20 2.157558e+02
692000 1.238154e-21 -3.675978e-20 6.447838e-20 1.793582e+02
693000 6.380365e-23 -3.423199e-20 6.583182e-20 9.242560e+00
694000 2.071362e-21 -3.719572e-20 6.487564e-20 3.000563e+02
695000 5.111001e-23 -2.610730e-20 7.394381e-20 7.403766e+00
696000 2.650122e-21 -3.591336e-20 6.673676e-20 3.838952e+02
697000 3.073795e-22 -3.631733e-20 6.399005e-20 4.452681e+01
698000 2.033687e-22 -3.933423e-20 6.086914e-20 2.945987e+01
699000 3.648614e-21 -3.323963e-20 7.040899e-20 5.285360e+02
700000 1.106340e-21 -3.581284e-20 6.529350e-20 1.602638e+02
701000 5.618599e-21 -3.989060e-20 6.573282e-20 8.139070e+02
702000 7.031756e-22 -3.693876e-20 6.376442e-20 1.018616e+02
703000 3.080638e-22 -3.445768e-20 6.585039e-20 4.462595e+01
704000 3.366180e-23 -3.828422e-20 6.174944e-20 4.876229e+00
705000 1.960349e-21 -3.874121e-20 6.321914e-20 2.839750e+02
706000 5.707217e-23 -3.396602e-20 6.609105e-20 8.267440e+00
707000 8.518969e-22 -3.773390e-20 6.311800e-20 1.234053e+02
708000 9.174587e-22 -3.256642e-20 6.835104e-20 1.329025e+02
709000 3.853611e-22 -3.805914e-20 6.232622e-20 5.582319e+01
710000 2.035238e-21 -3.660747e-20 6.542777e-20 2.948234e+02
711000 2.188142e-23 -3.822415e-20 6.179773e-20 3.169730e+00
712000 3.473187e-23 -3.569625e-20 6.433848e-20 5.031237e+00
713000 8.060480e-22 -3.969450e-20 6.111155e-20 1.167636e+02
714000 8.067541e-23 -3.871382e-20 6.136685e-20 1.168659e+01
715000 1.490191e-21 -3.881994e-20 6.267025e-20 2.158682e+02
716000 9.595353e-22 -3.343934e-20 6.752019e-20 1.389977e+02
717000 4.027378e-21 -3.922832e-20 6.479906e-20 5.834036e+02
718000 2.723099e-22 -3.934956e-20 6.092275e-20 3.944665e+01
719000 1.837158e-21 -3.981000e-20 6.202743e-20 2.661296e+02
720000 8.385512e-22 -3.979236e-20 6.104633e-20 1.214720e+02
721000 3.007711e-23 -3.949087e-20 6.053921e-20 4.356952e+00
722000 4.619455e-21 -3.818493e-20 6.643452e-20 6.691715e+02
723000 3.063065e-21 -3.387976e-20 6.918331e-20 4.437138e+02
724000 2.197673e-21 -3.880353e-20 6.339414e-20 3.183536e+02
725000 6.612368e-22 -3.922344e-20 6.143780e-20 9.578637e+01
726000 7.982186e-22 -3.902611e-20 6.177211e-20 1.156295e+02
727000 3.253679e-21 -3.752503e-20 6.572865e-20 4.713261e+02
728000 1.819308e-23 -3.970012e-20 6.031808e-20 2.635439e+00
729000 5.822548e-21 -2.850624e-20 7.731631e-20 8.434509e+02
730000 1.509614e-22 -3.878612e-20 6.136484e-20 2.186818e+01
731000 4.058918e-21 -3.473111e-20 6.932780e-20 5.879725e+02
732000 3.162222e-22 -3.978814e-20 6.052821e-20 4.580777e+01
733000 1.462220e-23 -4.011419e-20 6.221679e-20 2.118163e+00
734000 3.794091e-21 -2.615148e-20 7.764261e-20 5.496098e+02
735000 3.221515e-21 -3.996175e-20 6.330585e-20 4.666667e+02
736000 7.795521e-22 -3.647682e-20 6.430274e-20 1.129255e+02
737000 1.763526e-21 -3.997371e-20 6.185549e-20 2.554633e+02
738000 2.542256e-21 -3.935173e-20 6.319053e-20 3.682697e+02
739000 1.408339e-21 -3.783396e-20 6.357438e-20 2.040111e+02
740000 1.584166e-21 -3.804729e-20 6.353688e-20 2.294814e+02
741000 8.962394e-22 -3.973548e-20 6.116078e-20 1.298287e+02
742000 6.464060e-21 -2.796034e-20 7.850372e-20 9.363799e+02
743000 1.086789e-22 -3.787898e-20 6.222970e-20 1.574316e+01
744000 7.702502e-21 -3.915387e-20 6.854863e-20 1.115780e+03
745000 1.009101e-21 -3.540430e-20 6.560480e-20 1.461778e+02
746000 9.849740e-22 -3.976558e-20 6.121944e-20 1.426827e+02
747000 2.115670e-22 -3.879508e-20 6.141648e-20 3.064748e+01
748000 1.249733e-21 -3.980971e-20 6.144030e-20 1.810356e+02
749000 4.956993e-22 -3.755179e-20 6.294391e-20 7.180671e+01
750000 1.959270e-21 -3.875319e-20 6.320608e-20 2.838187e+02
751000 3.699992e-21 -3.983196e-20 6.386866e-20 5.359786e+02
752000 1.516766e-21 -3.897796e-20 6.253880e-20 2.197178e+02
753000 1.388170e-22 -3.904267e-20 6.109614e-20 2.010895e+01
754000 1.500013e-22 -3.916979e-20 6.098021e-20 2.172910e+01
755000 4.660565e-23 -3.941592e-20 6.063068e-20 6.751266e+00
756000 6.028707e-21 -3.527695e-20 7.075175e-20 8.733149e+02
757000 9.058309e-23 -3.596532e-20 6.412526e-20 1.312181e+01
758000 7.806605e-22 -3.703494e-20 6.374572e-20 1.130860e+02
759000 8.528453e-21 -3.359067e-20 7.493778e-20 1.235427e+03
760000 7.854037e-21 -3.755065e-20 7.030339e-20 1.137731e+03
761000 5.067701e-21 -3.946694e-20 6.560076e-20 7.341041e+02
762000 1.369933e-22 -3.961790e-20 6.051909e-20 1.984477e+01
763000 7.599253e-22 -3.673953e-20 6.402039e-20 1.100823e+02
764000 4.065992e-22 -3.966871e-20 6.073789e-20 5.889972e+01
765000 5.645299e-21 -3.752672e-20 6.811857e-20 8.177747e+02
766000 8.118255e-21 -3.221291e-20 7.590534e-20 1.176006e+03
767000 3.627946e-21 -3.925080e-20 6.437714e-20 5.255420e+02
768000 3.721201e-22 -3.861975e-20 6.175237e-20 5.390510e+01
769000 5.120986e-22 -3.819780e-20 6.231430e-20 7.418230e+01
770000 8.267482e-23 -3.737892e-20 6.270375e-20 1.197623e+01
771000 1.077464e-22 -3.762925e-20 6.247849e-20 1.560809e+01
772000 1.345531e-23 -3.999085e-20 6.013028e-20 1.949128e+00
773000 6.021111e-22 -3.817059e-20 6.243152e-20 8.722146e+01
774000 1.681035e-21 -3.784625e-20 6.383478e-20 2.435137e+02
775000 2.447175e-22 -3.990944e-20 6.034425e-20 3.544963e+01
776000 1.596463e-21 -3.875587e-20 6.284060e-20 2.312627e+02
777000 4.887184e-24 -3.648712e-20 6.351777e-20 7.079545e-01
778000 3.124305e-21 -3.806728e-20 6.505703e-20 4.525850e+02
779000 5.894894e-22 -3.485899e-20 6.573050e-20 8.539309e+01
780000 3.150019e-22 -3.225635e-20 6.805866e-20 4.563099e+01
781000 2.242299e-22 -3.750937e-20 6.271486e-20 3.248180e+01
782000 8.362336e-22 -3.899356e-20 6.184268e-20 1.211363e+02
783000 4.011248e-22 -3.978981e-20 6.061144e-20 5.810671e+01
784000 2.610594e-21 -3.611479e-20 6.649580e-20 3.781692e+02
785000 1.626840e-23 -4.012328e-20 6.269372e-20 2.356631e+00
786000 3.717332e-26 -3.894617e-20 6.105386e-20 5.384905e-03
787000 3.361929e-21 -3.905935e-20 6.430257e-20 4.870071e+02
788000 1.421998e-20 -3.957021e-20 7.464977e-20 2.059899e+03
789000 3.160770e-22 -3.979392e-20 6.052231e-20 4.578672e+01
790000 1.646707e-22 -2.956519e-20 7.059948e-20 2.385409e+01
791000 1.373385e-20 -3.837112e-20 7.536273e-20 1.989478e+03
792000 1.481852e-21 -3.695574e-20 6.452611e-20 2.146603e+02
793000 3.936282e-22 -3.937362e-20 6.102001e-20 5.702075e+01
794000 2.401526e-22 -3.900753e-20 6.123262e-20 3.478837e+01
795000 2.794890e-22 -3.754943e-20 6.273006e-20 4.048662e+01
796000 1.156805e-21 -3.545936e-20 6.569744e-20 1.675741e+02
797000 6.358707e-21 -3.981473e-20 6.654430e-20 9.211185e+02
798000 7.251932e-23 -3.151886e-20 6.855366e-20 1.050511e+01
799000 6.464732e-23 -3.741623e-20 6.264842e-20 9.364773e+00
800000 5.802896e-24 -3.919977e-20 6.080603e-20 8.406041e-01
801000 1.291793e-21 -3.867280e-20 6.261899e-20 1.871284e+02
802000 3.330329e-23 -3.484579e-20 6.518751e-20 4.824295e+00
803000 6.369543e-22 -3.889697e-20 6.173998e-20 9.226883e+01
804000 5.553520e-21 -3.959220e-20 6.596132e-20 8.044797e+02
805000 8.252881e-21 -3.960206e-20 6.865082e-20 1.195508e+03
806000 7.912874e-22 -3.898683e-20 6.180445e-20 1.146254e+02
807000 2.440150e-21 -3.927258e-20 6.316757e-20 3.534787e+02
808000 3.113441e-21 -3.885149e-20 6.426195e-20 4.510112e+02
809000 3.985745e-23 -3.489295e-20 6.514691e-20 5.773727e+00
810000 8.978129e-21 -3.767855e-20 7.129958e-20 1.300566e+03
811000 9.603106e-21 -3.829767e-20 7.130544e-20 1.391100e+03
812000 3.215329e-21 -3.791641e-20 6.529892e-20 4.657706e+02
813000 4.046176e-21 -3.788244e-20 6.616374e-20 5.861267e+02
814000 1.834391e-22 -4.000915e-20 6.035369e-20 2.657288e+01
815000 4.588603e-21 -3.043857e-20 7.415003e-20 6.647023e+02
816000 2.680279e-22 -3.614763e-20 6.412040e-20 3.882636e+01
817000 9.201385e-22 -3.927108e-20 6.164906e-20 1.332907e+02
818000 2.199248e-22 -3.841184e-20 6.180809e-20 3.185817e+01
819000 3.760551e-23 -3.838256e-20 6.165504e-20 5.447512e+00
820000 4.345288e-21 -3.978909e-20 6.455633e-20 6.294559e+02
821000 6.102069e-23 -3.623447e-20 6.382655e-20 8.839421e+00
822000 7.373364e-23 -3.916879e-20 6.090494e-20 1.068101e+01
823000 6.119778e-22 -3.802056e-20 6.259142e-20 8.865074e+01
824000 1.997499e-21 -3.927239e-20 6.272511e-20 2.893566e+02
825000 1.762121e-22 -3.994281e-20 6.025930e-20 2.552598e+01
826000 1.727885e-22 -3.706300e-20 6.310979e-20 2.503004e+01
827000 3.609558e-21 -3.633023e-20 6.727933e-20 5.228784e+02
828000 3.365496e-22 -3.805041e-20 6.228613e-20 4.875238e+01
829000 6.083269e-23 -3.810818e-20 6.195265e-20 8.812188e+00
830000 5.017275e-23 -3.708866e-20 6.296151e-20 7.267995e+00
831000 3.210454e-22 -3.968244e-20 6.063861e-20 4.650645e+01
832000 3.517942e-21 -3.967185e-20 6.384609e-20 5.096070e+02
833000 8.927327e-22 -3.978378e-20 6.110906e-20 1.293207e+02
834000 3.661440e-21 -3.857130e-20 6.509014e-20 5.303941e+02
835000 5.039988e-22 -3.871367e-20 6.179033e-20 7.300897e+01
836000 6.768171e-22 -3.456694e-20 6.610987e-20 9.804333e+01
837000 1.794673e-21 -3.934893e-20 6.244574e-20 2.599752e+02
838000 1.966230e-22 -4.006006e-20 6.080883e-20 2.848269e+01
839000 1.150359e-20 -3.850230e-20 7.300129e-20 1.666404e+03
840000 1.540626e-22 -3.632968e-20 6.382438e-20 2.231742e+01
841000 5.283837e-21 -3.667563e-20 6.860820e-20 7.654134e+02
842000 4.631296e-23 -2.597883e-20 7.406749e-20 6.708868e+00
843000 4.083794e-22 -3.828549e-20 6.212289e-20 5.915761e+01
844000 6.252337e-22 -3.715709e-20 6.346814e-20 9.057098e+01
845000 1.683201e-23 -3.997700e-20 6.011214e-20 2.438275e+00
846000 1.771988e-22 -3.836089e-20 6.181631e-20 2.566892e+01
847000 3.275666e-22 -3.964199e-20 6.068558e-20 4.745110e+01
848000 8.090088e-23 -3.900904e-20 6.107186e-20 1.171925e+01
849000 1.527264e-21 -3.798885e-20 6.353841e-20 2.212385e+02
850000 2.958915e-21 -3.854623e-20 6.441268e-20 4.286266e+02
851000 1.919391e-21 -3.879171e-20 6.312768e-20 2.780418e+02
852000 1.679050e-24 -3.956148e-20 6.044020e-20 2.432263e-01
853000 1.664042e-20 -3.202889e-20 8.461152e-20 2.410521e+03
854000 1.027634e-21 -3.814241e-20 6.288523e-20 1.488624e+02
855000 2.058872e-23 -3.612703e-20 6.389355e-20 2.982469e+00
856000 9.835779e-22 -3.860061e-20 6.238297e-20 1.424805e+02
857000 1.265244e-21 -3.752023e-20 6.374502e-20 1.832825e+02
858000 3.800830e-23 -3.735966e-20 6.267835e-20 5.505860e+00
859000 3.259084e-21 -3.973428e-20 6.352482e-20 4.721090e+02
860000 7.618121e-22 -3.761968e-20 6.314213e-20 1.103557e+02
861000 1.878765e-21 -3.874671e-20 6.313205e-20 2.721569e+02
862000 7.258467e-22 -3.567227e-20 6.505358e-20 1.051457e+02
863000 8.308884e-21 -4.000410e-20 6.846089e-20 1.203620e+03
864000 1.788371e-21 -3.749501e-20 6.429336e-20 2.590623e+02
865000 8.072082e-22 -3.867614e-20 6.213107e-20 1.169317e+02
866000 2.618170e-22 -3.760219e-20 6.265963e-20 3.792665e+01
867000 2.833039e-21 -3.918551e-20 6.364753e-20 4.103924e+02
868000 1.509657e-23 -3.709310e-20 6.292200e-20 2.186881e+00
869000 1.099282e-21 -3.278949e-20 6.830980e-20 1.592414e+02
870000 2.187680e-21 -3.702282e-20 6.516486e-20 3.169061e+02
871000 3.710319e-21 -2.874393e-20 7.496639e-20 5.374747e+02
872000 2.537442e-21 -3.275220e-20 6.978524e-20 3.675724e+02
873000 2.908844e-22 -3.793801e-20 6.235287e-20 4.213735e+01
874000 1.015393e-23 -3.935455e-20 6.065561e-20 1.470892e+00
875000 4.700255e-22 -3.584375e-20 6.462627e-20 6.808762e+01
876000 1.994215e-23 -3.405304e-20 6.596690e-20 2.888808e+00
877000 4.242587e-22 -3.825130e-20 6.217296e-20 6.145787e+01
878000 3.117109e-21 -3.743847e-20 6.567864e-20 4.515426e+02
879000 2.217036e-21 -3.739719e-20 6.481985e-20 3.211585e+02
