FX FY FZ 
-7.026454e-10 0.000000e+00 0.000000e+00
-4.706141e-11 0.000000e+00 0.000000e+00
-8.159818e-11 0.000000e+00 0.000000e+00
1.191768e-10 0.000000e+00 0.000000e+00
2.751739e-10 0.000000e+00 0.000000e+00
4.610338e-10 0.000000e+00 0.000000e+00
-5.498935e-11 0.000000e+00 0.000000e+00
-5.135892e-10 0.000000e+00 0.000000e+00
-2.659348e-10 0.000000e+00 0.000000e+00
3.863349e-10 0.000000e+00 0.000000e+00
1.358672e-10 0.000000e+00 0.000000e+00
-3.602593e-10 0.000000e+00 0.000000e+00
6.082546e-10 0.000000e+00 0.000000e+00
1.056247e-10 0.000000e+00 0.000000e+00
-3.842913e-10 0.000000e+00 0.000000e+00
4.166562e-10 0.000000e+00 0.000000e+00
-1.934087e-10 0.000000e+00 0.000000e+00
2.138453e-10 0.000000e+00 0.000000e+00
5.756767e-10 0.000000e+00 0.000000e+00
9.783791e-11 0.000000e+00 0.000000e+00
-8.054131e-11 0.000000e+00 0.000000e+00
4.340464e-11 0.000000e+00 0.000000e+00
2.125165e-10 0.000000e+00 0.000000e+00
3.837556e-11 0.000000e+00 0.000000e+00
-3.230166e-11 0.000000e+00 0.000000e+00
4.473495e-11 0.000000e+00 0.000000e+00
5.223803e-10 0.000000e+00 0.000000e+00
-4.669882e-11 0.000000e+00 0.000000e+00
-1.004815e-09 0.000000e+00 0.000000e+00
4.433325e-10 0.000000e+00 0.000000e+00
8.921984e-11 0.000000e+00 0.000000e+00
1.917481e-10 0.000000e+00 0.000000e+00
-5.039731e-10 0.000000e+00 0.000000e+00
4.690398e-10 0.000000e+00 0.000000e+00
5.063306e-10 0.000000e+00 0.000000e+00
2.869740e-10 0.000000e+00 0.000000e+00
-1.633027e-10 0.000000e+00 0.000000e+00
-4.121130e-11 0.000000e+00 0.000000e+00
3.192272e-10 0.000000e+00 0.000000e+00
-2.386472e-10 0.000000e+00 0.000000e+00
9.554677e-11 0.000000e+00 0.000000e+00
-5.005282e-10 0.000000e+00 0.000000e+00
2.788459e-10 0.000000e+00 0.000000e+00
-1.054640e-09 0.000000e+00 0.000000e+00
-1.968496e-10 0.000000e+00 0.000000e+00
-3.954498e-10 0.000000e+00 0.000000e+00
3.043747e-10 0.000000e+00 0.000000e+00
-2.236468e-11 0.000000e+00 0.000000e+00
-2.988371e-10 0.000000e+00 0.000000e+00
-4.836712e-10 0.000000e+00 0.000000e+00
-5.720239e-11 0.000000e+00 0.000000e+00
-3.474652e-10 0.000000e+00 0.000000e+00
3.406810e-10 0.000000e+00 0.000000e+00
5.286826e-10 0.000000e+00 0.000000e+00
-1.203862e-10 0.000000e+00 0.000000e+00
1.078581e-10 0.000000e+00 0.000000e+00
1.043535e-10 0.000000e+00 0.000000e+00
9.518912e-11 0.000000e+00 0.000000e+00
-1.048907e-10 0.000000e+00 0.000000e+00
-6.497744e-12 0.000000e+00 0.000000e+00
-1.810141e-10 0.000000e+00 0.000000e+00
2.842318e-10 0.000000e+00 0.000000e+00
-1.392642e-10 0.000000e+00 0.000000e+00
-6.052332e-12 0.000000e+00 0.000000e+00
-1.941537e-10 0.000000e+00 0.000000e+00
-2.035984e-10 0.000000e+00 0.000000e+00
-1.241384e-10 0.000000e+00 0.000000e+00
2.021742e-10 0.000000e+00 0.000000e+00
-6.783015e-10 0.000000e+00 0.000000e+00
2.452497e-10 0.000000e+00 0.000000e+00
2.196411e-11 0.000000e+00 0.000000e+00
2.794409e-10 0.000000e+00 0.000000e+00
3.070008e-11 0.000000e+00 0.000000e+00
-2.956945e-10 0.000000e+00 0.000000e+00
7.194038e-11 0.000000e+00 0.000000e+00
1.306327e-10 0.000000e+00 0.000000e+00
3.148790e-10 0.000000e+00 0.000000e+00
5.122750e-10 0.000000e+00 0.000000e+00
3.876884e-10 0.000000e+00 0.000000e+00
-3.655181e-10 0.000000e+00 0.000000e+00
-6.481308e-11 0.000000e+00 0.000000e+00
4.656512e-10 0.000000e+00 0.000000e+00
-1.160901e-10 0.000000e+00 0.000000e+00
3.500447e-10 0.000000e+00 0.000000e+00
-7.362190e-10 0.000000e+00 0.000000e+00
-4.936426e-11 0.000000e+00 0.000000e+00
1.010250e-10 0.000000e+00 0.000000e+00
-1.070600e-10 0.000000e+00 0.000000e+00
-1.183418e-10 0.000000e+00 0.000000e+00
5.818745e-11 0.000000e+00 0.000000e+00
-2.033452e-10 0.000000e+00 0.000000e+00
-5.517285e-11 0.000000e+00 0.000000e+00
6.279766e-10 0.000000e+00 0.000000e+00
3.590068e-10 0.000000e+00 0.000000e+00
1.889617e-11 0.000000e+00 0.000000e+00
-7.283204e-12 0.000000e+00 0.000000e+00
3.605776e-11 0.000000e+00 0.000000e+00
4.509727e-11 0.000000e+00 0.000000e+00
-4.285978e-10 0.000000e+00 0.000000e+00
3.535165e-10 0.000000e+00 0.000000e+00
1.458048e-10 0.000000e+00 0.000000e+00
1.279723e-10 0.000000e+00 0.000000e+00
-5.814244e-10 0.000000e+00 0.000000e+00
4.625996e-10 0.000000e+00 0.000000e+00
1.170659e-10 0.000000e+00 0.000000e+00
5.624424e-10 0.000000e+00 0.000000e+00
-2.618225e-10 0.000000e+00 0.000000e+00
5.136209e-10 0.000000e+00 0.000000e+00
-3.383099e-10 0.000000e+00 0.000000e+00
-1.498865e-10 0.000000e+00 0.000000e+00
1.515482e-10 0.000000e+00 0.000000e+00
4.256288e-10 0.000000e+00 0.000000e+00
3.899349e-10 0.000000e+00 0.000000e+00
2.426370e-10 0.000000e+00 0.000000e+00
-2.341718e-10 0.000000e+00 0.000000e+00
1.566035e-10 0.000000e+00 0.000000e+00
-3.169421e-10 0.000000e+00 0.000000e+00
1.536132e-11 0.000000e+00 0.000000e+00
-2.037466e-10 0.000000e+00 0.000000e+00
5.165158e-10 0.000000e+00 0.000000e+00
2.753890e-10 0.000000e+00 0.000000e+00
1.307132e-10 0.000000e+00 0.000000e+00
5.510129e-10 0.000000e+00 0.000000e+00
1.065303e-10 0.000000e+00 0.000000e+00
1.708914e-10 0.000000e+00 0.000000e+00
5.492463e-11 0.000000e+00 0.000000e+00
3.290423e-10 0.000000e+00 0.000000e+00
3.400109e-10 0.000000e+00 0.000000e+00
-7.785614e-11 0.000000e+00 0.000000e+00
1.634705e-10 0.000000e+00 0.000000e+00
2.593504e-10 0.000000e+00 0.000000e+00
-7.722487e-10 0.000000e+00 0.000000e+00
-5.502229e-10 0.000000e+00 0.000000e+00
2.844905e-10 0.000000e+00 0.000000e+00
1.426597e-10 0.000000e+00 0.000000e+00
2.312903e-10 0.000000e+00 0.000000e+00
-3.749521e-11 0.000000e+00 0.000000e+00
-2.791522e-11 0.000000e+00 0.000000e+00
6.641853e-11 0.000000e+00 0.000000e+00
3.799149e-10 0.000000e+00 0.000000e+00
-2.962692e-10 0.000000e+00 0.000000e+00
2.469770e-10 0.000000e+00 0.000000e+00
9.686657e-11 0.000000e+00 0.000000e+00
-1.830085e-10 0.000000e+00 0.000000e+00
-1.290922e-10 0.000000e+00 0.000000e+00
3.113233e-10 0.000000e+00 0.000000e+00
-2.379513e-10 0.000000e+00 0.000000e+00
-2.975297e-10 0.000000e+00 0.000000e+00
-5.099413e-10 0.000000e+00 0.000000e+00
-2.278916e-10 0.000000e+00 0.000000e+00
1.996552e-11 0.000000e+00 0.000000e+00
-1.035941e-10 0.000000e+00 0.000000e+00
1.195066e-10 0.000000e+00 0.000000e+00
1.851466e-10 0.000000e+00 0.000000e+00
-2.122316e-10 0.000000e+00 0.000000e+00
-2.426639e-10 0.000000e+00 0.000000e+00
1.417554e-10 0.000000e+00 0.000000e+00
-6.987873e-10 0.000000e+00 0.000000e+00
1.121104e-10 0.000000e+00 0.000000e+00
3.333553e-10 0.000000e+00 0.000000e+00
3.380478e-10 0.000000e+00 0.000000e+00
-9.856386e-14 0.000000e+00 0.000000e+00
4.317199e-10 0.000000e+00 0.000000e+00
5.054394e-10 0.000000e+00 0.000000e+00
1.843716e-10 0.000000e+00 0.000000e+00
-2.690956e-10 0.000000e+00 0.000000e+00
-2.662528e-11 0.000000e+00 0.000000e+00
2.227849e-10 0.000000e+00 0.000000e+00
3.985528e-10 0.000000e+00 0.000000e+00
-1.886380e-10 0.000000e+00 0.000000e+00
1.998859e-10 0.000000e+00 0.000000e+00
-1.485390e-10 0.000000e+00 0.000000e+00
3.516068e-10 0.000000e+00 0.000000e+00
-1.222065e-10 0.000000e+00 0.000000e+00
-2.441315e-10 0.000000e+00 0.000000e+00
5.418948e-10 0.000000e+00 0.000000e+00
5.259575e-11 0.000000e+00 0.000000e+00
-8.492469e-11 0.000000e+00 0.000000e+00
-4.248030e-10 0.000000e+00 0.000000e+00
5.134142e-10 0.000000e+00 0.000000e+00
2.601929e-10 0.000000e+00 0.000000e+00
-1.420551e-10 0.000000e+00 0.000000e+00
-6.348662e-10 0.000000e+00 0.000000e+00
1.246362e-10 0.000000e+00 0.000000e+00
3.697462e-10 0.000000e+00 0.000000e+00
1.462928e-10 0.000000e+00 0.000000e+00
9.446203e-11 0.000000e+00 0.000000e+00
-8.590192e-11 0.000000e+00 0.000000e+00
-8.941669e-11 0.000000e+00 0.000000e+00
-2.506862e-11 0.000000e+00 0.000000e+00
-4.090303e-10 0.000000e+00 0.000000e+00
1.920997e-10 0.000000e+00 0.000000e+00
4.348017e-10 0.000000e+00 0.000000e+00
3.098314e-10 0.000000e+00 0.000000e+00
5.266076e-10 0.000000e+00 0.000000e+00
-4.698014e-11 0.000000e+00 0.000000e+00
-9.232328e-11 0.000000e+00 0.000000e+00
-1.936495e-10 0.000000e+00 0.000000e+00
-3.015090e-11 0.000000e+00 0.000000e+00
4.727781e-11 0.000000e+00 0.000000e+00
2.020825e-10 0.000000e+00 0.000000e+00
3.410077e-10 0.000000e+00 0.000000e+00
2.898671e-10 0.000000e+00 0.000000e+00
5.125349e-10 0.000000e+00 0.000000e+00
4.430040e-10 0.000000e+00 0.000000e+00
6.102151e-10 0.000000e+00 0.000000e+00
4.675841e-10 0.000000e+00 0.000000e+00
2.622072e-10 0.000000e+00 0.000000e+00
2.437120e-10 0.000000e+00 0.000000e+00
3.701381e-10 0.000000e+00 0.000000e+00
3.352711e-10 0.000000e+00 0.000000e+00
4.822152e-10 0.000000e+00 0.000000e+00
2.434162e-10 0.000000e+00 0.000000e+00
4.647885e-10 0.000000e+00 0.000000e+00
3.642630e-10 0.000000e+00 0.000000e+00
4.821512e-10 0.000000e+00 0.000000e+00
3.143088e-10 0.000000e+00 0.000000e+00
4.638399e-10 0.000000e+00 0.000000e+00
4.990002e-10 0.000000e+00 0.000000e+00
3.386156e-10 0.000000e+00 0.000000e+00
2.670299e-10 0.000000e+00 0.000000e+00
2.403709e-10 0.000000e+00 0.000000e+00
3.095719e-10 0.000000e+00 0.000000e+00
3.687695e-10 0.000000e+00 0.000000e+00
3.877465e-10 0.000000e+00 0.000000e+00
3.532436e-10 0.000000e+00 0.000000e+00
2.536972e-10 0.000000e+00 0.000000e+00
4.218684e-10 0.000000e+00 0.000000e+00
4.578999e-10 0.000000e+00 0.000000e+00
2.297232e-10 0.000000e+00 0.000000e+00
2.867919e-10 0.000000e+00 0.000000e+00
5.942660e-10 0.000000e+00 0.000000e+00
5.878525e-10 0.000000e+00 0.000000e+00
3.116457e-10 0.000000e+00 0.000000e+00
5.271073e-10 0.000000e+00 0.000000e+00
2.450347e-10 0.000000e+00 0.000000e+00
3.143510e-10 0.000000e+00 0.000000e+00
5.494730e-10 0.000000e+00 0.000000e+00
4.038818e-10 0.000000e+00 0.000000e+00
3.277286e-10 0.000000e+00 0.000000e+00
6.327609e-10 0.000000e+00 0.000000e+00
5.401245e-10 0.000000e+00 0.000000e+00
2.479117e-10 0.000000e+00 0.000000e+00
3.737034e-10 0.000000e+00 0.000000e+00
4.126226e-10 0.000000e+00 0.000000e+00
2.342826e-10 0.000000e+00 0.000000e+00
3.845998e-10 0.000000e+00 0.000000e+00
3.400924e-10 0.000000e+00 0.000000e+00
5.282804e-10 0.000000e+00 0.000000e+00
4.145129e-10 0.000000e+00 0.000000e+00
3.698828e-10 0.000000e+00 0.000000e+00
3.922219e-10 0.000000e+00 0.000000e+00
5.477775e-10 0.000000e+00 0.000000e+00
2.506975e-10 0.000000e+00 0.000000e+00
4.399070e-10 0.000000e+00 0.000000e+00
4.352624e-10 0.000000e+00 0.000000e+00
4.303263e-10 0.000000e+00 0.000000e+00
2.675321e-10 0.000000e+00 0.000000e+00
3.738387e-10 0.000000e+00 0.000000e+00
3.195175e-10 0.000000e+00 0.000000e+00
2.783829e-10 0.000000e+00 0.000000e+00
3.540072e-10 0.000000e+00 0.000000e+00
3.484927e-10 0.000000e+00 0.000000e+00
4.693082e-10 0.000000e+00 0.000000e+00
5.051389e-10 0.000000e+00 0.000000e+00
2.587383e-10 0.000000e+00 0.000000e+00
3.943508e-10 0.000000e+00 0.000000e+00
4.504352e-10 0.000000e+00 0.000000e+00
3.009267e-10 0.000000e+00 0.000000e+00
3.272070e-10 0.000000e+00 0.000000e+00
4.368276e-10 0.000000e+00 0.000000e+00
5.148633e-10 0.000000e+00 0.000000e+00
2.490550e-10 0.000000e+00 0.000000e+00
2.706770e-10 0.000000e+00 0.000000e+00
4.775525e-10 0.000000e+00 0.000000e+00
2.775548e-10 0.000000e+00 0.000000e+00
4.728995e-10 0.000000e+00 0.000000e+00
5.102186e-10 0.000000e+00 0.000000e+00
3.447615e-10 0.000000e+00 0.000000e+00
4.054534e-10 0.000000e+00 0.000000e+00
2.479139e-10 0.000000e+00 0.000000e+00
5.540895e-10 0.000000e+00 0.000000e+00
2.624207e-10 0.000000e+00 0.000000e+00
2.729062e-10 0.000000e+00 0.000000e+00
2.853779e-10 0.000000e+00 0.000000e+00
5.528821e-10 0.000000e+00 0.000000e+00
3.715447e-10 0.000000e+00 0.000000e+00
3.647895e-10 0.000000e+00 0.000000e+00
2.717015e-10 0.000000e+00 0.000000e+00
4.315471e-10 0.000000e+00 0.000000e+00
3.406423e-10 0.000000e+00 0.000000e+00
4.809413e-10 0.000000e+00 0.000000e+00
4.527774e-10 0.000000e+00 0.000000e+00
3.941794e-10 0.000000e+00 0.000000e+00
2.793801e-10 0.000000e+00 0.000000e+00
2.515714e-10 0.000000e+00 0.000000e+00
3.068314e-10 0.000000e+00 0.000000e+00
4.197729e-10 0.000000e+00 0.000000e+00
5.078186e-10 0.000000e+00 0.000000e+00
3.816141e-10 0.000000e+00 0.000000e+00
4.114529e-10 0.000000e+00 0.000000e+00
2.945937e-10 0.000000e+00 0.000000e+00
5.232403e-10 0.000000e+00 0.000000e+00
5.042579e-10 0.000000e+00 0.000000e+00
3.567976e-10 0.000000e+00 0.000000e+00
3.721446e-10 0.000000e+00 0.000000e+00
3.112886e-10 0.000000e+00 0.000000e+00
3.037290e-10 0.000000e+00 0.000000e+00
2.397847e-10 0.000000e+00 0.000000e+00
2.590106e-10 0.000000e+00 0.000000e+00
4.721835e-10 0.000000e+00 0.000000e+00
2.388325e-10 0.000000e+00 0.000000e+00
4.398743e-10 0.000000e+00 0.000000e+00
3.304027e-10 0.000000e+00 0.000000e+00
2.486716e-10 0.000000e+00 0.000000e+00
2.678165e-10 0.000000e+00 0.000000e+00
3.131052e-10 0.000000e+00 0.000000e+00
3.284241e-10 0.000000e+00 0.000000e+00
5.571740e-10 0.000000e+00 0.000000e+00
5.707686e-10 0.000000e+00 0.000000e+00
3.269585e-10 0.000000e+00 0.000000e+00
2.362275e-10 0.000000e+00 0.000000e+00
4.457353e-10 0.000000e+00 0.000000e+00
6.327268e-10 0.000000e+00 0.000000e+00
4.269216e-10 0.000000e+00 0.000000e+00
5.444769e-10 0.000000e+00 0.000000e+00
5.931326e-10 0.000000e+00 0.000000e+00
3.298291e-10 0.000000e+00 0.000000e+00
3.232041e-10 0.000000e+00 0.000000e+00
4.205628e-10 0.000000e+00 0.000000e+00
6.315543e-10 0.000000e+00 0.000000e+00
3.292867e-10 0.000000e+00 0.000000e+00
5.321079e-10 0.000000e+00 0.000000e+00
5.912210e-10 0.000000e+00 0.000000e+00
2.765370e-10 0.000000e+00 0.000000e+00
2.689077e-10 0.000000e+00 0.000000e+00
2.700550e-10 0.000000e+00 0.000000e+00
5.601943e-10 0.000000e+00 0.000000e+00
3.469654e-10 0.000000e+00 0.000000e+00
2.484443e-10 0.000000e+00 0.000000e+00
3.117809e-10 0.000000e+00 0.000000e+00
5.703627e-10 0.000000e+00 0.000000e+00
3.170875e-10 0.000000e+00 0.000000e+00
2.654911e-10 0.000000e+00 0.000000e+00
5.666302e-10 0.000000e+00 0.000000e+00
5.917241e-10 0.000000e+00 0.000000e+00
4.693040e-10 0.000000e+00 0.000000e+00
4.676403e-10 0.000000e+00 0.000000e+00
4.588329e-10 0.000000e+00 0.000000e+00
3.733071e-10 0.000000e+00 0.000000e+00
4.224999e-10 0.000000e+00 0.000000e+00
3.804711e-10 0.000000e+00 0.000000e+00
4.304295e-10 0.000000e+00 0.000000e+00
2.893550e-10 0.000000e+00 0.000000e+00
4.500636e-10 0.000000e+00 0.000000e+00
4.826543e-10 0.000000e+00 0.000000e+00
3.066188e-10 0.000000e+00 0.000000e+00
4.417011e-10 0.000000e+00 0.000000e+00
2.638692e-10 0.000000e+00 0.000000e+00
3.378635e-10 0.000000e+00 0.000000e+00
3.621235e-10 0.000000e+00 0.000000e+00
5.408617e-10 0.000000e+00 0.000000e+00
3.159883e-10 0.000000e+00 0.000000e+00
3.035331e-10 0.000000e+00 0.000000e+00
2.396832e-10 0.000000e+00 0.000000e+00
5.461738e-10 0.000000e+00 0.000000e+00
3.307277e-10 0.000000e+00 0.000000e+00
4.755427e-10 0.000000e+00 0.000000e+00
5.948685e-10 0.000000e+00 0.000000e+00
3.000424e-10 0.000000e+00 0.000000e+00
5.225852e-10 0.000000e+00 0.000000e+00
5.747854e-10 0.000000e+00 0.000000e+00
2.656336e-10 0.000000e+00 0.000000e+00
5.038419e-10 0.000000e+00 0.000000e+00
4.239873e-10 0.000000e+00 0.000000e+00
2.583385e-10 0.000000e+00 0.000000e+00
4.549430e-10 0.000000e+00 0.000000e+00
4.231692e-10 0.000000e+00 0.000000e+00
3.116841e-10 0.000000e+00 0.000000e+00
4.245056e-10 0.000000e+00 0.000000e+00
4.712813e-10 0.000000e+00 0.000000e+00
4.074161e-10 0.000000e+00 0.000000e+00
2.987497e-10 0.000000e+00 0.000000e+00
2.538801e-10 0.000000e+00 0.000000e+00
2.758256e-10 0.000000e+00 0.000000e+00
3.666967e-10 0.000000e+00 0.000000e+00
6.240550e-10 0.000000e+00 0.000000e+00
2.579331e-10 0.000000e+00 0.000000e+00
4.638824e-10 0.000000e+00 0.000000e+00
6.181348e-10 0.000000e+00 0.000000e+00
2.545611e-10 0.000000e+00 0.000000e+00
5.160118e-10 0.000000e+00 0.000000e+00
5.012325e-10 0.000000e+00 0.000000e+00
4.330475e-10 0.000000e+00 0.000000e+00
3.295064e-10 0.000000e+00 0.000000e+00
3.793038e-10 0.000000e+00 0.000000e+00
3.148652e-10 0.000000e+00 0.000000e+00
2.951647e-10 0.000000e+00 0.000000e+00
3.642377e-10 0.000000e+00 0.000000e+00
2.483247e-10 0.000000e+00 0.000000e+00
3.566529e-10 0.000000e+00 0.000000e+00
3.866549e-10 0.000000e+00 0.000000e+00
3.924234e-10 0.000000e+00 0.000000e+00
4.438482e-10 0.000000e+00 0.000000e+00
2.672463e-10 0.000000e+00 0.000000e+00
2.508452e-10 0.000000e+00 0.000000e+00
6.087488e-10 0.000000e+00 0.000000e+00
4.765196e-10 0.000000e+00 0.000000e+00
4.276354e-10 0.000000e+00 0.000000e+00
5.585674e-10 0.000000e+00 0.000000e+00
4.814117e-10 0.000000e+00 0.000000e+00
2.982695e-10 0.000000e+00 0.000000e+00
2.869623e-10 0.000000e+00 0.000000e+00
3.165070e-10 0.000000e+00 0.000000e+00
4.748923e-10 0.000000e+00 0.000000e+00
3.373097e-10 0.000000e+00 0.000000e+00
4.359495e-10 0.000000e+00 0.000000e+00
5.735621e-10 0.000000e+00 0.000000e+00
3.288999e-10 0.000000e+00 0.000000e+00
4.705363e-10 0.000000e+00 0.000000e+00
3.911542e-10 0.000000e+00 0.000000e+00
3.413075e-10 0.000000e+00 0.000000e+00
3.796871e-10 0.000000e+00 0.000000e+00
5.153568e-10 0.000000e+00 0.000000e+00
4.886090e-10 0.000000e+00 0.000000e+00
5.356945e-10 0.000000e+00 0.000000e+00
3.598192e-10 0.000000e+00 0.000000e+00
3.356059e-10 0.000000e+00 0.000000e+00
4.035944e-10 0.000000e+00 0.000000e+00
4.017811e-10 0.000000e+00 0.000000e+00
3.403010e-10 0.000000e+00 0.000000e+00
4.646573e-10 0.000000e+00 0.000000e+00
2.512337e-10 0.000000e+00 0.000000e+00
3.921794e-10 0.000000e+00 0.000000e+00
3.693585e-10 0.000000e+00 0.000000e+00
3.868399e-10 0.000000e+00 0.000000e+00
3.142292e-10 0.000000e+00 0.000000e+00
3.429742e-10 0.000000e+00 0.000000e+00
3.812194e-10 0.000000e+00 0.000000e+00
3.136794e-10 0.000000e+00 0.000000e+00
3.600630e-10 0.000000e+00 0.000000e+00
3.618261e-10 0.000000e+00 0.000000e+00
6.209400e-10 0.000000e+00 0.000000e+00
2.419808e-10 0.000000e+00 0.000000e+00
3.885418e-10 0.000000e+00 0.000000e+00
2.842180e-10 0.000000e+00 0.000000e+00
3.461976e-10 0.000000e+00 0.000000e+00
2.539984e-10 0.000000e+00 0.000000e+00
5.615770e-10 0.000000e+00 0.000000e+00
3.375045e-10 0.000000e+00 0.000000e+00
3.860284e-10 0.000000e+00 0.000000e+00
2.595690e-10 0.000000e+00 0.000000e+00
4.352886e-10 0.000000e+00 0.000000e+00
4.239160e-10 0.000000e+00 0.000000e+00
5.595131e-10 0.000000e+00 0.000000e+00
2.392127e-10 0.000000e+00 0.000000e+00
3.483518e-10 0.000000e+00 0.000000e+00
4.402878e-10 0.000000e+00 0.000000e+00
3.491766e-10 0.000000e+00 0.000000e+00
3.596684e-10 0.000000e+00 0.000000e+00
3.286215e-10 0.000000e+00 0.000000e+00
5.426483e-10 0.000000e+00 0.000000e+00
3.542681e-10 0.000000e+00 0.000000e+00
4.212304e-10 0.000000e+00 0.000000e+00
5.157821e-10 0.000000e+00 0.000000e+00
3.482735e-10 0.000000e+00 0.000000e+00
5.390354e-10 0.000000e+00 0.000000e+00
2.692785e-10 0.000000e+00 0.000000e+00
3.444221e-10 0.000000e+00 0.000000e+00
3.519013e-10 0.000000e+00 0.000000e+00
2.621881e-10 0.000000e+00 0.000000e+00
3.801677e-10 0.000000e+00 0.000000e+00
2.683981e-10 0.000000e+00 0.000000e+00
4.083664e-10 0.000000e+00 0.000000e+00
3.006565e-10 0.000000e+00 0.000000e+00
3.296277e-10 0.000000e+00 0.000000e+00
2.344400e-10 0.000000e+00 0.000000e+00
3.421737e-10 0.000000e+00 0.000000e+00
3.468691e-10 0.000000e+00 0.000000e+00
5.354894e-10 0.000000e+00 0.000000e+00
2.426298e-10 0.000000e+00 0.000000e+00
2.736315e-10 0.000000e+00 0.000000e+00
6.241361e-10 0.000000e+00 0.000000e+00
5.059765e-10 0.000000e+00 0.000000e+00
4.524270e-10 0.000000e+00 0.000000e+00
5.058499e-10 0.000000e+00 0.000000e+00
6.215448e-10 0.000000e+00 0.000000e+00
4.437620e-10 0.000000e+00 0.000000e+00
2.469296e-10 0.000000e+00 0.000000e+00
2.944672e-10 0.000000e+00 0.000000e+00
3.375875e-10 0.000000e+00 0.000000e+00
3.810256e-10 0.000000e+00 0.000000e+00
2.942808e-10 0.000000e+00 0.000000e+00
3.309013e-10 0.000000e+00 0.000000e+00
4.917182e-10 0.000000e+00 0.000000e+00
2.493408e-10 0.000000e+00 0.000000e+00
4.884428e-10 0.000000e+00 0.000000e+00
3.855738e-10 0.000000e+00 0.000000e+00
5.442503e-10 0.000000e+00 0.000000e+00
2.425047e-10 0.000000e+00 0.000000e+00
4.579078e-10 0.000000e+00 0.000000e+00
2.591733e-10 0.000000e+00 0.000000e+00
4.574190e-10 0.000000e+00 0.000000e+00
3.453164e-10 0.000000e+00 0.000000e+00
5.767350e-10 0.000000e+00 0.000000e+00
3.920073e-10 0.000000e+00 0.000000e+00
6.304134e-10 0.000000e+00 0.000000e+00
2.839782e-10 0.000000e+00 0.000000e+00
3.079783e-10 0.000000e+00 0.000000e+00
2.875017e-10 0.000000e+00 0.000000e+00
4.069679e-10 0.000000e+00 0.000000e+00
2.336876e-10 0.000000e+00 0.000000e+00
3.977884e-10 0.000000e+00 0.000000e+00
4.707626e-10 0.000000e+00 0.000000e+00
3.270930e-10 0.000000e+00 0.000000e+00
3.139361e-10 0.000000e+00 0.000000e+00
4.994406e-10 0.000000e+00 0.000000e+00
2.476254e-10 0.000000e+00 0.000000e+00
5.118061e-10 0.000000e+00 0.000000e+00
5.030549e-10 0.000000e+00 0.000000e+00
5.418276e-10 0.000000e+00 0.000000e+00
3.346864e-10 0.000000e+00 0.000000e+00
2.454923e-10 0.000000e+00 0.000000e+00
5.213402e-10 0.000000e+00 0.000000e+00
4.276495e-10 0.000000e+00 0.000000e+00
3.761806e-10 0.000000e+00 0.000000e+00
5.758541e-10 0.000000e+00 0.000000e+00
5.176198e-10 0.000000e+00 0.000000e+00
3.987790e-10 0.000000e+00 0.000000e+00
5.446954e-10 0.000000e+00 0.000000e+00
4.751301e-10 0.000000e+00 0.000000e+00
3.285767e-10 0.000000e+00 0.000000e+00
3.091079e-10 0.000000e+00 0.000000e+00
2.200614e-10 0.000000e+00 0.000000e+00
5.767658e-10 0.000000e+00 0.000000e+00
5.723445e-10 0.000000e+00 0.000000e+00
5.317873e-10 0.000000e+00 0.000000e+00
4.519186e-10 0.000000e+00 0.000000e+00
3.378228e-10 0.000000e+00 0.000000e+00
4.228298e-10 0.000000e+00 0.000000e+00
6.038334e-10 0.000000e+00 0.000000e+00
2.468123e-10 0.000000e+00 0.000000e+00
2.469675e-10 0.000000e+00 0.000000e+00
4.250936e-10 0.000000e+00 0.000000e+00
3.387562e-10 0.000000e+00 0.000000e+00
2.907263e-10 0.000000e+00 0.000000e+00
5.590990e-10 0.000000e+00 0.000000e+00
4.276291e-10 0.000000e+00 0.000000e+00
3.861224e-10 0.000000e+00 0.000000e+00
6.272982e-10 0.000000e+00 0.000000e+00
2.621221e-10 0.000000e+00 0.000000e+00
3.189247e-10 0.000000e+00 0.000000e+00
3.024396e-10 0.000000e+00 0.000000e+00
3.089653e-10 0.000000e+00 0.000000e+00
4.677800e-10 0.000000e+00 0.000000e+00
2.567910e-10 0.000000e+00 0.000000e+00
2.663520e-10 0.000000e+00 0.000000e+00
4.157223e-10 0.000000e+00 0.000000e+00
4.257226e-10 0.000000e+00 0.000000e+00
4.241532e-10 0.000000e+00 0.000000e+00
3.347172e-10 0.000000e+00 0.000000e+00
3.081199e-10 0.000000e+00 0.000000e+00
4.702011e-10 0.000000e+00 0.000000e+00
5.699320e-10 0.000000e+00 0.000000e+00
2.514989e-10 0.000000e+00 0.000000e+00
6.104269e-10 0.000000e+00 0.000000e+00
2.849074e-10 0.000000e+00 0.000000e+00
6.210301e-10 0.000000e+00 0.000000e+00
5.482630e-10 0.000000e+00 0.000000e+00
3.038350e-10 0.000000e+00 0.000000e+00
5.410847e-10 0.000000e+00 0.000000e+00
3.256733e-10 0.000000e+00 0.000000e+00
5.636110e-10 0.000000e+00 0.000000e+00
4.693574e-10 0.000000e+00 0.000000e+00
2.573330e-10 0.000000e+00 0.000000e+00
2.835845e-10 0.000000e+00 0.000000e+00
3.986192e-10 0.000000e+00 0.000000e+00
3.199501e-10 0.000000e+00 0.000000e+00
3.219197e-10 0.000000e+00 0.000000e+00
3.956054e-10 0.000000e+00 0.000000e+00
5.092666e-10 0.000000e+00 0.000000e+00
3.699774e-10 0.000000e+00 0.000000e+00
2.709934e-10 0.000000e+00 0.000000e+00
4.329940e-10 0.000000e+00 0.000000e+00
3.624005e-10 0.000000e+00 0.000000e+00
2.756604e-10 0.000000e+00 0.000000e+00
5.097621e-10 0.000000e+00 0.000000e+00
4.920365e-10 0.000000e+00 0.000000e+00
3.919951e-10 0.000000e+00 0.000000e+00
3.834190e-10 0.000000e+00 0.000000e+00
5.265989e-10 0.000000e+00 0.000000e+00
2.878254e-10 0.000000e+00 0.000000e+00
6.035363e-10 0.000000e+00 0.000000e+00
3.646257e-10 0.000000e+00 0.000000e+00
2.418320e-10 0.000000e+00 0.000000e+00
2.975075e-10 0.000000e+00 0.000000e+00
4.383116e-10 0.000000e+00 0.000000e+00
4.876640e-10 0.000000e+00 0.000000e+00
4.220030e-10 0.000000e+00 0.000000e+00
2.739888e-10 0.000000e+00 0.000000e+00
4.182828e-10 0.000000e+00 0.000000e+00
4.699732e-10 0.000000e+00 0.000000e+00
2.532667e-10 0.000000e+00 0.000000e+00
4.592739e-10 0.000000e+00 0.000000e+00
4.583681e-10 0.000000e+00 0.000000e+00
4.316083e-10 0.000000e+00 0.000000e+00
4.471769e-10 0.000000e+00 0.000000e+00
4.498954e-10 0.000000e+00 0.000000e+00
2.426596e-10 0.000000e+00 0.000000e+00
4.750038e-10 0.000000e+00 0.000000e+00
4.101849e-10 0.000000e+00 0.000000e+00
4.270901e-10 0.000000e+00 0.000000e+00
2.713324e-10 0.000000e+00 0.000000e+00
4.971418e-10 0.000000e+00 0.000000e+00
2.443969e-10 0.000000e+00 0.000000e+00
3.039368e-10 0.000000e+00 0.000000e+00
2.813470e-10 0.000000e+00 0.000000e+00
3.459737e-10 0.000000e+00 0.000000e+00
2.507184e-10 0.000000e+00 0.000000e+00
3.781220e-10 0.000000e+00 0.000000e+00
4.373116e-10 0.000000e+00 0.000000e+00
5.792625e-10 0.000000e+00 0.000000e+00
4.530707e-10 0.000000e+00 0.000000e+00
3.570676e-10 0.000000e+00 0.000000e+00
4.941364e-10 0.000000e+00 0.000000e+00
6.279388e-10 0.000000e+00 0.000000e+00
4.273221e-10 0.000000e+00 0.000000e+00
5.559456e-10 0.000000e+00 0.000000e+00
2.509987e-10 0.000000e+00 0.000000e+00
2.367946e-10 0.000000e+00 0.000000e+00
3.774474e-10 0.000000e+00 0.000000e+00
2.879616e-10 0.000000e+00 0.000000e+00
2.967653e-10 0.000000e+00 0.000000e+00
2.556456e-10 0.000000e+00 0.000000e+00
2.477358e-10 0.000000e+00 0.000000e+00
2.432098e-10 0.000000e+00 0.000000e+00
2.514048e-10 0.000000e+00 0.000000e+00
2.747681e-10 0.000000e+00 0.000000e+00
4.332632e-10 0.000000e+00 0.000000e+00
3.673396e-10 0.000000e+00 0.000000e+00
6.145911e-10 0.000000e+00 0.000000e+00
3.825345e-10 0.000000e+00 0.000000e+00
3.264958e-10 0.000000e+00 0.000000e+00
2.910490e-10 0.000000e+00 0.000000e+00
3.835497e-10 0.000000e+00 0.000000e+00
5.318434e-10 0.000000e+00 0.000000e+00
5.404721e-10 0.000000e+00 0.000000e+00
3.805899e-10 0.000000e+00 0.000000e+00
2.750851e-10 0.000000e+00 0.000000e+00
3.398353e-10 0.000000e+00 0.000000e+00
3.111253e-10 0.000000e+00 0.000000e+00
4.101027e-10 0.000000e+00 0.000000e+00
3.764314e-10 0.000000e+00 0.000000e+00
3.784939e-10 0.000000e+00 0.000000e+00
4.833324e-10 0.000000e+00 0.000000e+00
2.778694e-10 0.000000e+00 0.000000e+00
2.798465e-10 0.000000e+00 0.000000e+00
3.756683e-10 0.000000e+00 0.000000e+00
2.482609e-10 0.000000e+00 0.000000e+00
2.474842e-10 0.000000e+00 0.000000e+00
5.051590e-10 0.000000e+00 0.000000e+00
3.998945e-10 0.000000e+00 0.000000e+00
2.487601e-10 0.000000e+00 0.000000e+00
2.938658e-10 0.000000e+00 0.000000e+00
3.992796e-10 0.000000e+00 0.000000e+00
3.506700e-10 0.000000e+00 0.000000e+00
5.198921e-10 0.000000e+00 0.000000e+00
3.262447e-10 0.000000e+00 0.000000e+00
3.477427e-10 0.000000e+00 0.000000e+00
3.432512e-10 0.000000e+00 0.000000e+00
3.607995e-10 0.000000e+00 0.000000e+00
3.656207e-10 0.000000e+00 0.000000e+00
4.405911e-10 0.000000e+00 0.000000e+00
5.622582e-10 0.000000e+00 0.000000e+00
2.963774e-10 0.000000e+00 0.000000e+00
2.239978e-10 0.000000e+00 0.000000e+00
2.722307e-10 0.000000e+00 0.000000e+00
3.939540e-10 0.000000e+00 0.000000e+00
3.515898e-10 0.000000e+00 0.000000e+00
4.872120e-10 0.000000e+00 0.000000e+00
6.128557e-10 0.000000e+00 0.000000e+00
2.789845e-10 0.000000e+00 0.000000e+00
4.331989e-10 0.000000e+00 0.000000e+00
2.670762e-10 0.000000e+00 0.000000e+00
3.223368e-10 0.000000e+00 0.000000e+00
4.876315e-10 0.000000e+00 0.000000e+00
4.213853e-10 0.000000e+00 0.000000e+00
2.686576e-10 0.000000e+00 0.000000e+00
4.501707e-10 0.000000e+00 0.000000e+00
2.304654e-10 0.000000e+00 0.000000e+00
3.440637e-10 0.000000e+00 0.000000e+00
4.615670e-10 0.000000e+00 0.000000e+00
4.389353e-10 0.000000e+00 0.000000e+00
5.167367e-10 0.000000e+00 0.000000e+00
4.214421e-10 0.000000e+00 0.000000e+00
6.248591e-10 0.000000e+00 0.000000e+00
4.689461e-10 0.000000e+00 0.000000e+00
4.552158e-10 0.000000e+00 0.000000e+00
3.033960e-10 0.000000e+00 0.000000e+00
5.393028e-10 0.000000e+00 0.000000e+00
4.722090e-10 0.000000e+00 0.000000e+00
2.566861e-10 0.000000e+00 0.000000e+00
4.319397e-10 0.000000e+00 0.000000e+00
5.110779e-10 0.000000e+00 0.000000e+00
3.697291e-10 0.000000e+00 0.000000e+00
3.434443e-10 0.000000e+00 0.000000e+00
5.231435e-10 0.000000e+00 0.000000e+00
3.975011e-10 0.000000e+00 0.000000e+00
5.526880e-10 0.000000e+00 0.000000e+00
3.815429e-10 0.000000e+00 0.000000e+00
4.446968e-10 0.000000e+00 0.000000e+00
3.729483e-10 0.000000e+00 0.000000e+00
4.759209e-10 0.000000e+00 0.000000e+00
2.744706e-10 0.000000e+00 0.000000e+00
3.451175e-10 0.000000e+00 0.000000e+00
3.385583e-10 0.000000e+00 0.000000e+00
5.350463e-10 0.000000e+00 0.000000e+00
3.111527e-10 0.000000e+00 0.000000e+00
3.022474e-10 0.000000e+00 0.000000e+00
2.641996e-10 0.000000e+00 0.000000e+00
2.658049e-10 0.000000e+00 0.000000e+00
2.913398e-10 0.000000e+00 0.000000e+00
3.750237e-10 0.000000e+00 0.000000e+00
5.251629e-10 0.000000e+00 0.000000e+00
3.395863e-10 0.000000e+00 0.000000e+00
3.115031e-10 0.000000e+00 0.000000e+00
3.251832e-10 0.000000e+00 0.000000e+00
4.071308e-10 0.000000e+00 0.000000e+00
2.739833e-10 0.000000e+00 0.000000e+00
6.080581e-10 0.000000e+00 0.000000e+00
3.406716e-10 0.000000e+00 0.000000e+00
5.039346e-10 0.000000e+00 0.000000e+00
2.661873e-10 0.000000e+00 0.000000e+00
2.340656e-10 0.000000e+00 0.000000e+00
6.246389e-10 0.000000e+00 0.000000e+00
2.497899e-10 0.000000e+00 0.000000e+00
4.495055e-10 0.000000e+00 0.000000e+00
2.486038e-10 0.000000e+00 0.000000e+00
3.020847e-10 0.000000e+00 0.000000e+00
3.927221e-10 0.000000e+00 0.000000e+00
3.821466e-10 0.000000e+00 0.000000e+00
2.708897e-10 0.000000e+00 0.000000e+00
6.127846e-10 0.000000e+00 0.000000e+00
3.905351e-10 0.000000e+00 0.000000e+00
3.164320e-10 0.000000e+00 0.000000e+00
4.848892e-10 0.000000e+00 0.000000e+00
2.682158e-10 0.000000e+00 0.000000e+00
3.401135e-10 0.000000e+00 0.000000e+00
2.642265e-10 0.000000e+00 0.000000e+00
4.059222e-10 0.000000e+00 0.000000e+00
3.427087e-10 0.000000e+00 0.000000e+00
2.621825e-10 0.000000e+00 0.000000e+00
3.283855e-10 0.000000e+00 0.000000e+00
3.240694e-10 0.000000e+00 0.000000e+00
3.153148e-10 0.000000e+00 0.000000e+00
2.971997e-10 0.000000e+00 0.000000e+00
4.886610e-10 0.000000e+00 0.000000e+00
4.672361e-10 0.000000e+00 0.000000e+00
4.280752e-10 0.000000e+00 0.000000e+00
5.317290e-10 0.000000e+00 0.000000e+00
4.059739e-10 0.000000e+00 0.000000e+00
2.932298e-10 0.000000e+00 0.000000e+00
2.809892e-10 0.000000e+00 0.000000e+00
4.397109e-10 0.000000e+00 0.000000e+00
2.766897e-10 0.000000e+00 0.000000e+00
4.070545e-10 0.000000e+00 0.000000e+00
5.591585e-10 0.000000e+00 0.000000e+00
3.095310e-10 0.000000e+00 0.000000e+00
3.507626e-10 0.000000e+00 0.000000e+00
3.743450e-10 0.000000e+00 0.000000e+00
4.136060e-10 0.000000e+00 0.000000e+00
4.023825e-10 0.000000e+00 0.000000e+00
2.468926e-10 0.000000e+00 0.000000e+00
3.757775e-10 0.000000e+00 0.000000e+00
3.921270e-10 0.000000e+00 0.000000e+00
2.548850e-10 0.000000e+00 0.000000e+00
3.425436e-10 0.000000e+00 0.000000e+00
4.491307e-10 0.000000e+00 0.000000e+00
3.811271e-10 0.000000e+00 0.000000e+00
5.004810e-10 0.000000e+00 0.000000e+00
5.583833e-10 0.000000e+00 0.000000e+00
4.078347e-10 0.000000e+00 0.000000e+00
3.273538e-10 0.000000e+00 0.000000e+00
2.660358e-10 0.000000e+00 0.000000e+00
4.622269e-10 0.000000e+00 0.000000e+00
2.330827e-10 0.000000e+00 0.000000e+00
3.304730e-10 0.000000e+00 0.000000e+00
3.229418e-10 0.000000e+00 0.000000e+00
2.849397e-10 0.000000e+00 0.000000e+00
2.656634e-10 0.000000e+00 0.000000e+00
5.972319e-10 0.000000e+00 0.000000e+00
3.649809e-10 0.000000e+00 0.000000e+00
4.312629e-10 0.000000e+00 0.000000e+00
3.004323e-10 0.000000e+00 0.000000e+00
3.264245e-10 0.000000e+00 0.000000e+00
4.060289e-10 0.000000e+00 0.000000e+00
4.832325e-10 0.000000e+00 0.000000e+00
2.637668e-10 0.000000e+00 0.000000e+00
5.708332e-10 0.000000e+00 0.000000e+00
4.119723e-10 0.000000e+00 0.000000e+00
3.131933e-10 0.000000e+00 0.000000e+00
3.475983e-10 0.000000e+00 0.000000e+00
5.008409e-10 0.000000e+00 0.000000e+00
3.336623e-10 0.000000e+00 0.000000e+00
2.831279e-10 0.000000e+00 0.000000e+00
2.823106e-10 0.000000e+00 0.000000e+00
3.277991e-10 0.000000e+00 0.000000e+00
3.079477e-10 0.000000e+00 0.000000e+00
3.365669e-10 0.000000e+00 0.000000e+00
4.995515e-10 0.000000e+00 0.000000e+00
4.000975e-10 0.000000e+00 0.000000e+00
3.690014e-10 0.000000e+00 0.000000e+00
3.886986e-10 0.000000e+00 0.000000e+00
3.903658e-10 0.000000e+00 0.000000e+00
2.450459e-10 0.000000e+00 0.000000e+00
5.865295e-10 0.000000e+00 0.000000e+00
4.611080e-10 0.000000e+00 0.000000e+00
3.080567e-10 0.000000e+00 0.000000e+00
3.627184e-10 0.000000e+00 0.000000e+00
3.643476e-10 0.000000e+00 0.000000e+00
2.661011e-10 0.000000e+00 0.000000e+00
4.581159e-10 0.000000e+00 0.000000e+00
3.153847e-10 0.000000e+00 0.000000e+00
3.835016e-10 0.000000e+00 0.000000e+00
3.079611e-10 0.000000e+00 0.000000e+00
2.516503e-10 0.000000e+00 0.000000e+00
4.269333e-10 0.000000e+00 0.000000e+00
4.547605e-10 0.000000e+00 0.000000e+00
3.819874e-10 0.000000e+00 0.000000e+00
3.790255e-10 0.000000e+00 0.000000e+00
4.258832e-10 0.000000e+00 0.000000e+00
2.755118e-10 0.000000e+00 0.000000e+00
2.764205e-10 0.000000e+00 0.000000e+00
2.665809e-10 0.000000e+00 0.000000e+00
3.536111e-10 0.000000e+00 0.000000e+00
3.451269e-10 0.000000e+00 0.000000e+00
5.082621e-10 0.000000e+00 0.000000e+00
3.022948e-10 0.000000e+00 0.000000e+00
2.398093e-10 0.000000e+00 0.000000e+00
3.576009e-10 0.000000e+00 0.000000e+00
4.547798e-10 0.000000e+00 0.000000e+00
4.421393e-10 0.000000e+00 0.000000e+00
6.254814e-10 0.000000e+00 0.000000e+00
3.696605e-10 0.000000e+00 0.000000e+00
4.230558e-10 0.000000e+00 0.000000e+00
2.482766e-10 0.000000e+00 0.000000e+00
3.655458e-10 0.000000e+00 0.000000e+00
2.789630e-10 0.000000e+00 0.000000e+00
3.263242e-10 0.000000e+00 0.000000e+00
3.850979e-10 0.000000e+00 0.000000e+00
3.550696e-10 0.000000e+00 0.000000e+00
3.403238e-10 0.000000e+00 0.000000e+00
2.856540e-10 0.000000e+00 0.000000e+00
5.623835e-10 0.000000e+00 0.000000e+00
3.772505e-10 0.000000e+00 0.000000e+00
4.618105e-10 0.000000e+00 0.000000e+00
3.518928e-10 0.000000e+00 0.000000e+00
4.073470e-10 0.000000e+00 0.000000e+00
4.144445e-10 0.000000e+00 0.000000e+00
2.709957e-10 0.000000e+00 0.000000e+00
4.028232e-10 0.000000e+00 0.000000e+00
3.431066e-10 0.000000e+00 0.000000e+00
4.766752e-10 0.000000e+00 0.000000e+00
2.455577e-10 0.000000e+00 0.000000e+00
4.084783e-10 0.000000e+00 0.000000e+00
3.473975e-10 0.000000e+00 0.000000e+00
4.036262e-10 0.000000e+00 0.000000e+00
3.142055e-10 0.000000e+00 0.000000e+00
4.257011e-10 0.000000e+00 0.000000e+00
5.484118e-10 0.000000e+00 0.000000e+00
4.285664e-10 0.000000e+00 0.000000e+00
6.058227e-10 0.000000e+00 0.000000e+00
5.491373e-10 0.000000e+00 0.000000e+00
3.876314e-10 0.000000e+00 0.000000e+00
3.018725e-10 0.000000e+00 0.000000e+00
4.712117e-10 0.000000e+00 0.000000e+00
5.210776e-10 0.000000e+00 0.000000e+00
3.714994e-10 0.000000e+00 0.000000e+00
4.109921e-10 0.000000e+00 0.000000e+00
4.128077e-10 0.000000e+00 0.000000e+00
